[  +40 ms] executing: sysctl hw.optional.arm64
[   +4 ms] Exit code 0 from: sysctl hw.optional.arm64
[        ] hw.optional.arm64: 1
[   +3 ms] Artifact Instance of 'MaterialFonts' is not required, skipping update.
[        ] Artifact Instance of 'GradleWrapper' is not required, skipping update.
[        ] Artifact Instance of 'AndroidGenSnapshotArtifacts' is not required, skipping update.
[        ] Artifact Instance of 'AndroidInternalBuildArtifacts' is not required, skipping update.
[        ] Artifact Instance of 'IOSEngineArtifacts' is not required, skipping update.
[        ] Artifact Instance of 'FlutterWebSdk' is not required, skipping update.
[        ] Artifact Instance of 'LegacyCanvasKitRemover' is not required, skipping update.
[        ] Artifact Instance of 'FlutterSdk' is not required, skipping update.
[        ] Artifact Instance of 'WindowsEngineArtifacts' is not required, skipping update.
[        ] Artifact Instance of 'MacOSEngineArtifacts' is not required, skipping update.
[        ] Artifact Instance of 'LinuxEngineArtifacts' is not required, skipping update.
[        ] Artifact Instance of 'LinuxFuchsiaSDKArtifacts' is not required, skipping update.
[        ] Artifact Instance of 'MacOSFuchsiaSDKArtifacts' is not required, skipping update.
[        ] Artifact Instance of 'FlutterRunnerSDKArtifacts' is not required, skipping update.
[        ] Artifact Instance of 'FlutterRunnerDebugSymbols' is not required, skipping update.
[        ] Artifact Instance of 'IosUsbArtifacts' is not required, skipping update.
[        ] Artifact Instance of 'IosUsbArtifacts' is not required, skipping update.
[        ] Artifact Instance of 'IosUsbArtifacts' is not required, skipping update.
[        ] Artifact Instance of 'IosUsbArtifacts' is not required, skipping update.
[        ] Artifact Instance of 'IosUsbArtifacts' is not required, skipping update.
[        ] Artifact Instance of 'IosUsbArtifacts' is not required, skipping update.
[        ] Artifact Instance of 'FontSubsetArtifacts' is not required, skipping update.
[        ] Artifact Instance of 'PubDependencies' is not required, skipping update.
[        ] executing: [/Users/saradafumiaki/development/flutter/] git -c log.showSignature=false log HEAD -n 1 --pretty=format:%ad --date=iso
[  +24 ms] Exit code 0 from: git -c log.showSignature=false log HEAD -n 1 --pretty=format:%ad --date=iso
[        ] 2026-03-25 16:21:00 -0700
[  +13 ms] Found 65 files which will be executed as Widget Tests.
[   +3 ms] Artifact Instance of 'AndroidGenSnapshotArtifacts' is not required, skipping update.
[        ] Artifact Instance of 'AndroidInternalBuildArtifacts' is not required, skipping update.
[        ] Artifact Instance of 'IOSEngineArtifacts' is not required, skipping update.
[        ] Artifact Instance of 'FlutterWebSdk' is not required, skipping update.
[        ] Artifact Instance of 'FlutterEngineStamp' is not required, skipping update.
[        ] Artifact Instance of 'LegacyCanvasKitRemover' is not required, skipping update.
[   +1 ms] Artifact Instance of 'WindowsEngineArtifacts' is not required, skipping update.
[        ] Artifact Instance of 'MacOSEngineArtifacts' is not required, skipping update.
[        ] Artifact Instance of 'LinuxEngineArtifacts' is not required, skipping update.
[        ] Artifact Instance of 'LinuxFuchsiaSDKArtifacts' is not required, skipping update.
[        ] Artifact Instance of 'MacOSFuchsiaSDKArtifacts' is not required, skipping update.
[        ] Artifact Instance of 'FlutterRunnerSDKArtifacts' is not required, skipping update.
[        ] Artifact Instance of 'FlutterRunnerDebugSymbols' is not required, skipping update.
[  +28 ms] Artifact Instance of 'MaterialFonts' is not required, skipping update.
[        ] Artifact Instance of 'GradleWrapper' is not required, skipping update.
[        ] Artifact Instance of 'AndroidGenSnapshotArtifacts' is not required, skipping update.
[        ] Artifact Instance of 'AndroidInternalBuildArtifacts' is not required, skipping update.
[        ] Artifact Instance of 'IOSEngineArtifacts' is not required, skipping update.
[        ] Artifact Instance of 'FlutterWebSdk' is not required, skipping update.
[        ] Artifact Instance of 'FlutterEngineStamp' is not required, skipping update.
[        ] Artifact Instance of 'LegacyCanvasKitRemover' is not required, skipping update.
[        ] Artifact Instance of 'FlutterSdk' is not required, skipping update.
[        ] Artifact Instance of 'WindowsEngineArtifacts' is not required, skipping update.
[        ] Artifact Instance of 'MacOSEngineArtifacts' is not required, skipping update.
[        ] Artifact Instance of 'LinuxEngineArtifacts' is not required, skipping update.
[        ] Artifact Instance of 'LinuxFuchsiaSDKArtifacts' is not required, skipping update.
[        ] Artifact Instance of 'MacOSFuchsiaSDKArtifacts' is not required, skipping update.
[        ] Artifact Instance of 'FlutterRunnerSDKArtifacts' is not required, skipping update.
[        ] Artifact Instance of 'FlutterRunnerDebugSymbols' is not required, skipping update.
[        ] Artifact Instance of 'IosUsbArtifacts' is not required, skipping update.
[        ] Artifact Instance of 'IosUsbArtifacts' is not required, skipping update.
[        ] Artifact Instance of 'IosUsbArtifacts' is not required, skipping update.
[        ] Artifact Instance of 'IosUsbArtifacts' is not required, skipping update.
[        ] Artifact Instance of 'IosUsbArtifacts' is not required, skipping update.
[        ] Artifact Instance of 'IosUsbArtifacts' is not required, skipping update.
[        ] Artifact Instance of 'FontSubsetArtifacts' is not required, skipping update.
[        ] Artifact Instance of 'PubDependencies' is not required, skipping update.
[  +10 ms] Skipping pub get: version match.
[  +77 ms] Found plugin integration_test at /Users/saradafumiaki/development/flutter/packages/integration_test/
[  +16 ms] Found plugin firebase_core at /Users/saradafumiaki/.pub-cache/hosted/pub.dev/firebase_core-4.7.0/
[   +1 ms] Found plugin firebase_core_web at /Users/saradafumiaki/.pub-cache/hosted/pub.dev/firebase_core_web-3.6.0/
[   +1 ms] Found plugin cloud_firestore at /Users/saradafumiaki/.pub-cache/hosted/pub.dev/cloud_firestore-6.3.0/
[        ] Found plugin cloud_firestore_web at /Users/saradafumiaki/.pub-cache/hosted/pub.dev/cloud_firestore_web-5.3.0/
[   +2 ms] Found plugin wakelock_plus at /Users/saradafumiaki/.pub-cache/hosted/pub.dev/wakelock_plus-1.5.2/
[   +2 ms] Found plugin package_info_plus at /Users/saradafumiaki/.pub-cache/hosted/pub.dev/package_info_plus-9.0.1/
[   +3 ms] Found plugin url_launcher at /Users/saradafumiaki/.pub-cache/hosted/pub.dev/url_launcher-6.3.2/
[        ] Found plugin url_launcher_windows at /Users/saradafumiaki/.pub-cache/hosted/pub.dev/url_launcher_windows-3.1.5/
[        ] Found plugin url_launcher_web at /Users/saradafumiaki/.pub-cache/hosted/pub.dev/url_launcher_web-2.4.2/
[        ] Found plugin url_launcher_macos at /Users/saradafumiaki/.pub-cache/hosted/pub.dev/url_launcher_macos-3.2.5/
[        ] Found plugin url_launcher_linux at /Users/saradafumiaki/.pub-cache/hosted/pub.dev/url_launcher_linux-3.2.2/
[        ] Found plugin url_launcher_ios at /Users/saradafumiaki/.pub-cache/hosted/pub.dev/url_launcher_ios-6.4.1/
[        ] Found plugin url_launcher_android at /Users/saradafumiaki/.pub-cache/hosted/pub.dev/url_launcher_android-6.3.29/
[   +2 ms] Found plugin syncfusion_flutter_pdfviewer at /Users/saradafumiaki/.pub-cache/hosted/pub.dev/syncfusion_flutter_pdfviewer-28.2.12/
[   +1 ms] Found plugin syncfusion_pdfviewer_windows at /Users/saradafumiaki/.pub-cache/hosted/pub.dev/syncfusion_pdfviewer_windows-28.2.12/
[        ] Found plugin syncfusion_pdfviewer_web at /Users/saradafumiaki/.pub-cache/hosted/pub.dev/syncfusion_pdfviewer_web-28.2.12/
[        ] Found plugin syncfusion_pdfviewer_macos at /Users/saradafumiaki/.pub-cache/hosted/pub.dev/syncfusion_pdfviewer_macos-28.2.12/
[   +1 ms] Found plugin device_info_plus at /Users/saradafumiaki/.pub-cache/hosted/pub.dev/device_info_plus-11.5.0/
[   +1 ms] Found plugin shared_preferences at /Users/saradafumiaki/.pub-cache/hosted/pub.dev/shared_preferences-2.5.5/
[        ] Found plugin shared_preferences_windows at /Users/saradafumiaki/.pub-cache/hosted/pub.dev/shared_preferences_windows-2.4.1/
[        ] Found plugin path_provider_windows at /Users/saradafumiaki/.pub-cache/hosted/pub.dev/path_provider_windows-2.3.0/
[        ] Found plugin shared_preferences_web at /Users/saradafumiaki/.pub-cache/hosted/pub.dev/shared_preferences_web-2.4.3/
[        ] Found plugin shared_preferences_linux at /Users/saradafumiaki/.pub-cache/hosted/pub.dev/shared_preferences_linux-2.4.1/
[        ] Found plugin path_provider_linux at /Users/saradafumiaki/.pub-cache/hosted/pub.dev/path_provider_linux-2.2.1/
[   +1 ms] Found plugin shared_preferences_foundation at /Users/saradafumiaki/.pub-cache/hosted/pub.dev/shared_preferences_foundation-2.5.6/
[        ] Found plugin shared_preferences_android at /Users/saradafumiaki/.pub-cache/hosted/pub.dev/shared_preferences_android-2.4.23/
[        ] Found plugin share_plus at /Users/saradafumiaki/.pub-cache/hosted/pub.dev/share_plus-12.0.2/
[   +1 ms] Found plugin path_provider at /Users/saradafumiaki/.pub-cache/hosted/pub.dev/path_provider-2.1.5/
[        ] Found plugin path_provider_foundation at /Users/saradafumiaki/.pub-cache/hosted/pub.dev/path_provider_foundation-2.6.0/
[   +3 ms] Found plugin path_provider_android at /Users/saradafumiaki/.pub-cache/hosted/pub.dev/path_provider_android-2.3.1/
[        ] Found plugin jni_flutter at /Users/saradafumiaki/.pub-cache/hosted/pub.dev/jni_flutter-1.0.1/
[        ] Found plugin jni at /Users/saradafumiaki/.pub-cache/hosted/pub.dev/jni-1.0.0/
[   +1 ms] Found plugin printing at /Users/saradafumiaki/.pub-cache/hosted/pub.dev/printing-5.14.3/
[   +3 ms] Found plugin isar_community_flutter_libs at /Users/saradafumiaki/.pub-cache/hosted/pub.dev/isar_community_flutter_libs-3.3.2/
[        ] Found plugin google_sign_in at /Users/saradafumiaki/.pub-cache/hosted/pub.dev/google_sign_in-6.3.0/
[        ] Found plugin google_sign_in_web at /Users/saradafumiaki/.pub-cache/hosted/pub.dev/google_sign_in_web-0.12.4+4/
[        ] Found plugin google_sign_in_ios at /Users/saradafumiaki/.pub-cache/hosted/pub.dev/google_sign_in_ios-5.9.0/
[        ] Found plugin google_sign_in_android at /Users/saradafumiaki/.pub-cache/hosted/pub.dev/google_sign_in_android-6.2.1/
[   +1 ms] Found plugin flutter_tts at /Users/saradafumiaki/.pub-cache/hosted/pub.dev/flutter_tts-4.2.5/
[   +2 ms] Found plugin flutter_image_compress at /Users/saradafumiaki/.pub-cache/hosted/pub.dev/flutter_image_compress-2.4.0/
[        ] Found plugin flutter_image_compress_web at /Users/saradafumiaki/.pub-cache/hosted/pub.dev/flutter_image_compress_web-0.1.5/
[        ] Found plugin flutter_image_compress_ohos at /Users/saradafumiaki/.pub-cache/hosted/pub.dev/flutter_image_compress_ohos-0.0.3/
[        ] Found plugin flutter_image_compress_macos at /Users/saradafumiaki/.pub-cache/hosted/pub.dev/flutter_image_compress_macos-1.0.3/
[        ] Found plugin flutter_image_compress_common at /Users/saradafumiaki/.pub-cache/hosted/pub.dev/flutter_image_compress_common-1.0.6/
[        ] Found plugin firebase_storage at /Users/saradafumiaki/.pub-cache/hosted/pub.dev/firebase_storage-13.3.0/
[        ] Found plugin firebase_storage_web at /Users/saradafumiaki/.pub-cache/hosted/pub.dev/firebase_storage_web-3.11.5/
[        ] Found plugin firebase_crashlytics at /Users/saradafumiaki/.pub-cache/hosted/pub.dev/firebase_crashlytics-5.2.0/
[        ] Found plugin firebase_auth at /Users/saradafumiaki/.pub-cache/hosted/pub.dev/firebase_auth-6.4.0/
[        ] Found plugin firebase_auth_web at /Users/saradafumiaki/.pub-cache/hosted/pub.dev/firebase_auth_web-6.1.5/
[        ] Found plugin file_picker at /Users/saradafumiaki/.pub-cache/hosted/pub.dev/file_picker-8.3.7/
[        ] Found plugin flutter_plugin_android_lifecycle at /Users/saradafumiaki/.pub-cache/hosted/pub.dev/flutter_plugin_android_lifecycle-2.0.34/
[   +1 ms] Found plugin connectivity_plus at /Users/saradafumiaki/.pub-cache/hosted/pub.dev/connectivity_plus-6.1.5/
[        ] Found plugin audioplayers at /Users/saradafumiaki/.pub-cache/hosted/pub.dev/audioplayers-6.6.0/
[        ] Found plugin audioplayers_windows at /Users/saradafumiaki/.pub-cache/hosted/pub.dev/audioplayers_windows-4.3.0/
[        ] Found plugin audioplayers_web at /Users/saradafumiaki/.pub-cache/hosted/pub.dev/audioplayers_web-5.2.0/
[        ] Found plugin audioplayers_linux at /Users/saradafumiaki/.pub-cache/hosted/pub.dev/audioplayers_linux-4.2.1/
[        ] Found plugin audioplayers_darwin at /Users/saradafumiaki/.pub-cache/hosted/pub.dev/audioplayers_darwin-6.4.0/
[        ] Found plugin audioplayers_android at /Users/saradafumiaki/.pub-cache/hosted/pub.dev/audioplayers_android-5.2.1/
[  +32 ms] Found plugin integration_test at /Users/saradafumiaki/development/flutter/packages/integration_test/
[   +6 ms] Found plugin firebase_core at /Users/saradafumiaki/.pub-cache/hosted/pub.dev/firebase_core-4.7.0/
[        ] Found plugin firebase_core_web at /Users/saradafumiaki/.pub-cache/hosted/pub.dev/firebase_core_web-3.6.0/
[        ] Found plugin cloud_firestore at /Users/saradafumiaki/.pub-cache/hosted/pub.dev/cloud_firestore-6.3.0/
[        ] Found plugin cloud_firestore_web at /Users/saradafumiaki/.pub-cache/hosted/pub.dev/cloud_firestore_web-5.3.0/
[   +1 ms] Found plugin wakelock_plus at /Users/saradafumiaki/.pub-cache/hosted/pub.dev/wakelock_plus-1.5.2/
[   +1 ms] Found plugin package_info_plus at /Users/saradafumiaki/.pub-cache/hosted/pub.dev/package_info_plus-9.0.1/
[   +1 ms] Found plugin url_launcher at /Users/saradafumiaki/.pub-cache/hosted/pub.dev/url_launcher-6.3.2/
[        ] Found plugin url_launcher_windows at /Users/saradafumiaki/.pub-cache/hosted/pub.dev/url_launcher_windows-3.1.5/
[        ] Found plugin url_launcher_web at /Users/saradafumiaki/.pub-cache/hosted/pub.dev/url_launcher_web-2.4.2/
[        ] Found plugin url_launcher_macos at /Users/saradafumiaki/.pub-cache/hosted/pub.dev/url_launcher_macos-3.2.5/
[        ] Found plugin url_launcher_linux at /Users/saradafumiaki/.pub-cache/hosted/pub.dev/url_launcher_linux-3.2.2/
[        ] Found plugin url_launcher_ios at /Users/saradafumiaki/.pub-cache/hosted/pub.dev/url_launcher_ios-6.4.1/
[        ] Found plugin url_launcher_android at /Users/saradafumiaki/.pub-cache/hosted/pub.dev/url_launcher_android-6.3.29/
[        ] Found plugin syncfusion_flutter_pdfviewer at /Users/saradafumiaki/.pub-cache/hosted/pub.dev/syncfusion_flutter_pdfviewer-28.2.12/
[        ] Found plugin syncfusion_pdfviewer_windows at /Users/saradafumiaki/.pub-cache/hosted/pub.dev/syncfusion_pdfviewer_windows-28.2.12/
[        ] Found plugin syncfusion_pdfviewer_web at /Users/saradafumiaki/.pub-cache/hosted/pub.dev/syncfusion_pdfviewer_web-28.2.12/
[        ] Found plugin syncfusion_pdfviewer_macos at /Users/saradafumiaki/.pub-cache/hosted/pub.dev/syncfusion_pdfviewer_macos-28.2.12/
[   +1 ms] Found plugin device_info_plus at /Users/saradafumiaki/.pub-cache/hosted/pub.dev/device_info_plus-11.5.0/
[        ] Found plugin shared_preferences at /Users/saradafumiaki/.pub-cache/hosted/pub.dev/shared_preferences-2.5.5/
[        ] Found plugin shared_preferences_windows at /Users/saradafumiaki/.pub-cache/hosted/pub.dev/shared_preferences_windows-2.4.1/
[        ] Found plugin path_provider_windows at /Users/saradafumiaki/.pub-cache/hosted/pub.dev/path_provider_windows-2.3.0/
[        ] Found plugin shared_preferences_web at /Users/saradafumiaki/.pub-cache/hosted/pub.dev/shared_preferences_web-2.4.3/
[        ] Found plugin shared_preferences_linux at /Users/saradafumiaki/.pub-cache/hosted/pub.dev/shared_preferences_linux-2.4.1/
[        ] Found plugin path_provider_linux at /Users/saradafumiaki/.pub-cache/hosted/pub.dev/path_provider_linux-2.2.1/
[        ] Found plugin shared_preferences_foundation at /Users/saradafumiaki/.pub-cache/hosted/pub.dev/shared_preferences_foundation-2.5.6/
[        ] Found plugin shared_preferences_android at /Users/saradafumiaki/.pub-cache/hosted/pub.dev/shared_preferences_android-2.4.23/
[        ] Found plugin share_plus at /Users/saradafumiaki/.pub-cache/hosted/pub.dev/share_plus-12.0.2/
[        ] Found plugin path_provider at /Users/saradafumiaki/.pub-cache/hosted/pub.dev/path_provider-2.1.5/
[        ] Found plugin path_provider_foundation at /Users/saradafumiaki/.pub-cache/hosted/pub.dev/path_provider_foundation-2.6.0/
[   +1 ms] Found plugin path_provider_android at /Users/saradafumiaki/.pub-cache/hosted/pub.dev/path_provider_android-2.3.1/
[        ] Found plugin jni_flutter at /Users/saradafumiaki/.pub-cache/hosted/pub.dev/jni_flutter-1.0.1/
[        ] Found plugin jni at /Users/saradafumiaki/.pub-cache/hosted/pub.dev/jni-1.0.0/
[        ] Found plugin printing at /Users/saradafumiaki/.pub-cache/hosted/pub.dev/printing-5.14.3/
[   +2 ms] Found plugin isar_community_flutter_libs at /Users/saradafumiaki/.pub-cache/hosted/pub.dev/isar_community_flutter_libs-3.3.2/
[        ] Found plugin google_sign_in at /Users/saradafumiaki/.pub-cache/hosted/pub.dev/google_sign_in-6.3.0/
[        ] Found plugin google_sign_in_web at /Users/saradafumiaki/.pub-cache/hosted/pub.dev/google_sign_in_web-0.12.4+4/
[        ] Found plugin google_sign_in_ios at /Users/saradafumiaki/.pub-cache/hosted/pub.dev/google_sign_in_ios-5.9.0/
[        ] Found plugin google_sign_in_android at /Users/saradafumiaki/.pub-cache/hosted/pub.dev/google_sign_in_android-6.2.1/
[        ] Found plugin flutter_tts at /Users/saradafumiaki/.pub-cache/hosted/pub.dev/flutter_tts-4.2.5/
[   +1 ms] Found plugin flutter_image_compress at /Users/saradafumiaki/.pub-cache/hosted/pub.dev/flutter_image_compress-2.4.0/
[        ] Found plugin flutter_image_compress_web at /Users/saradafumiaki/.pub-cache/hosted/pub.dev/flutter_image_compress_web-0.1.5/
[        ] Found plugin flutter_image_compress_ohos at /Users/saradafumiaki/.pub-cache/hosted/pub.dev/flutter_image_compress_ohos-0.0.3/
[        ] Found plugin flutter_image_compress_macos at /Users/saradafumiaki/.pub-cache/hosted/pub.dev/flutter_image_compress_macos-1.0.3/
[        ] Found plugin flutter_image_compress_common at /Users/saradafumiaki/.pub-cache/hosted/pub.dev/flutter_image_compress_common-1.0.6/
[        ] Found plugin firebase_storage at /Users/saradafumiaki/.pub-cache/hosted/pub.dev/firebase_storage-13.3.0/
[        ] Found plugin firebase_storage_web at /Users/saradafumiaki/.pub-cache/hosted/pub.dev/firebase_storage_web-3.11.5/
[        ] Found plugin firebase_crashlytics at /Users/saradafumiaki/.pub-cache/hosted/pub.dev/firebase_crashlytics-5.2.0/
[        ] Found plugin firebase_auth at /Users/saradafumiaki/.pub-cache/hosted/pub.dev/firebase_auth-6.4.0/
[        ] Found plugin firebase_auth_web at /Users/saradafumiaki/.pub-cache/hosted/pub.dev/firebase_auth_web-6.1.5/
[        ] Found plugin file_picker at /Users/saradafumiaki/.pub-cache/hosted/pub.dev/file_picker-8.3.7/
[        ] Found plugin flutter_plugin_android_lifecycle at /Users/saradafumiaki/.pub-cache/hosted/pub.dev/flutter_plugin_android_lifecycle-2.0.34/
[        ] Found plugin connectivity_plus at /Users/saradafumiaki/.pub-cache/hosted/pub.dev/connectivity_plus-6.1.5/
[   +1 ms] Found plugin audioplayers at /Users/saradafumiaki/.pub-cache/hosted/pub.dev/audioplayers-6.6.0/
[        ] Found plugin audioplayers_windows at /Users/saradafumiaki/.pub-cache/hosted/pub.dev/audioplayers_windows-4.3.0/
[        ] Found plugin audioplayers_web at /Users/saradafumiaki/.pub-cache/hosted/pub.dev/audioplayers_web-5.2.0/
[        ] Found plugin audioplayers_linux at /Users/saradafumiaki/.pub-cache/hosted/pub.dev/audioplayers_linux-4.2.1/
[        ] Found plugin audioplayers_darwin at /Users/saradafumiaki/.pub-cache/hosted/pub.dev/audioplayers_darwin-6.4.0/
[        ] Found plugin audioplayers_android at /Users/saradafumiaki/.pub-cache/hosted/pub.dev/audioplayers_android-5.2.1/
[   +7 ms] Skipping generating web_plugin_registrant.dart because it is up-to-date.
[  +22 ms] Found plugin integration_test at /Users/saradafumiaki/development/flutter/packages/integration_test/
[   +5 ms] Found plugin firebase_core at /Users/saradafumiaki/.pub-cache/hosted/pub.dev/firebase_core-4.7.0/
[        ] Found plugin firebase_core_web at /Users/saradafumiaki/.pub-cache/hosted/pub.dev/firebase_core_web-3.6.0/
[        ] Found plugin cloud_firestore at /Users/saradafumiaki/.pub-cache/hosted/pub.dev/cloud_firestore-6.3.0/
[        ] Found plugin cloud_firestore_web at /Users/saradafumiaki/.pub-cache/hosted/pub.dev/cloud_firestore_web-5.3.0/
[   +1 ms] Found plugin wakelock_plus at /Users/saradafumiaki/.pub-cache/hosted/pub.dev/wakelock_plus-1.5.2/
[        ] Found plugin package_info_plus at /Users/saradafumiaki/.pub-cache/hosted/pub.dev/package_info_plus-9.0.1/
[   +1 ms] Found plugin url_launcher at /Users/saradafumiaki/.pub-cache/hosted/pub.dev/url_launcher-6.3.2/
[        ] Found plugin url_launcher_windows at /Users/saradafumiaki/.pub-cache/hosted/pub.dev/url_launcher_windows-3.1.5/
[        ] Found plugin url_launcher_web at /Users/saradafumiaki/.pub-cache/hosted/pub.dev/url_launcher_web-2.4.2/
[        ] Found plugin url_launcher_macos at /Users/saradafumiaki/.pub-cache/hosted/pub.dev/url_launcher_macos-3.2.5/
[        ] Found plugin url_launcher_linux at /Users/saradafumiaki/.pub-cache/hosted/pub.dev/url_launcher_linux-3.2.2/
[        ] Found plugin url_launcher_ios at /Users/saradafumiaki/.pub-cache/hosted/pub.dev/url_launcher_ios-6.4.1/
[        ] Found plugin url_launcher_android at /Users/saradafumiaki/.pub-cache/hosted/pub.dev/url_launcher_android-6.3.29/
[        ] Found plugin syncfusion_flutter_pdfviewer at /Users/saradafumiaki/.pub-cache/hosted/pub.dev/syncfusion_flutter_pdfviewer-28.2.12/
[        ] Found plugin syncfusion_pdfviewer_windows at /Users/saradafumiaki/.pub-cache/hosted/pub.dev/syncfusion_pdfviewer_windows-28.2.12/
[        ] Found plugin syncfusion_pdfviewer_web at /Users/saradafumiaki/.pub-cache/hosted/pub.dev/syncfusion_pdfviewer_web-28.2.12/
[        ] Found plugin syncfusion_pdfviewer_macos at /Users/saradafumiaki/.pub-cache/hosted/pub.dev/syncfusion_pdfviewer_macos-28.2.12/
[   +1 ms] Found plugin device_info_plus at /Users/saradafumiaki/.pub-cache/hosted/pub.dev/device_info_plus-11.5.0/
[        ] Found plugin shared_preferences at /Users/saradafumiaki/.pub-cache/hosted/pub.dev/shared_preferences-2.5.5/
[        ] Found plugin shared_preferences_windows at /Users/saradafumiaki/.pub-cache/hosted/pub.dev/shared_preferences_windows-2.4.1/
[        ] Found plugin path_provider_windows at /Users/saradafumiaki/.pub-cache/hosted/pub.dev/path_provider_windows-2.3.0/
[        ] Found plugin shared_preferences_web at /Users/saradafumiaki/.pub-cache/hosted/pub.dev/shared_preferences_web-2.4.3/
[        ] Found plugin shared_preferences_linux at /Users/saradafumiaki/.pub-cache/hosted/pub.dev/shared_preferences_linux-2.4.1/
[        ] Found plugin path_provider_linux at /Users/saradafumiaki/.pub-cache/hosted/pub.dev/path_provider_linux-2.2.1/
[        ] Found plugin shared_preferences_foundation at /Users/saradafumiaki/.pub-cache/hosted/pub.dev/shared_preferences_foundation-2.5.6/
[        ] Found plugin shared_preferences_android at /Users/saradafumiaki/.pub-cache/hosted/pub.dev/shared_preferences_android-2.4.23/
[        ] Found plugin share_plus at /Users/saradafumiaki/.pub-cache/hosted/pub.dev/share_plus-12.0.2/
[        ] Found plugin path_provider at /Users/saradafumiaki/.pub-cache/hosted/pub.dev/path_provider-2.1.5/
[        ] Found plugin path_provider_foundation at /Users/saradafumiaki/.pub-cache/hosted/pub.dev/path_provider_foundation-2.6.0/
[   +1 ms] Found plugin path_provider_android at /Users/saradafumiaki/.pub-cache/hosted/pub.dev/path_provider_android-2.3.1/
[        ] Found plugin jni_flutter at /Users/saradafumiaki/.pub-cache/hosted/pub.dev/jni_flutter-1.0.1/
[        ] Found plugin jni at /Users/saradafumiaki/.pub-cache/hosted/pub.dev/jni-1.0.0/
[        ] Found plugin printing at /Users/saradafumiaki/.pub-cache/hosted/pub.dev/printing-5.14.3/
[   +2 ms] Found plugin isar_community_flutter_libs at /Users/saradafumiaki/.pub-cache/hosted/pub.dev/isar_community_flutter_libs-3.3.2/
[        ] Found plugin google_sign_in at /Users/saradafumiaki/.pub-cache/hosted/pub.dev/google_sign_in-6.3.0/
[        ] Found plugin google_sign_in_web at /Users/saradafumiaki/.pub-cache/hosted/pub.dev/google_sign_in_web-0.12.4+4/
[        ] Found plugin google_sign_in_ios at /Users/saradafumiaki/.pub-cache/hosted/pub.dev/google_sign_in_ios-5.9.0/
[        ] Found plugin google_sign_in_android at /Users/saradafumiaki/.pub-cache/hosted/pub.dev/google_sign_in_android-6.2.1/
[        ] Found plugin flutter_tts at /Users/saradafumiaki/.pub-cache/hosted/pub.dev/flutter_tts-4.2.5/
[   +1 ms] Found plugin flutter_image_compress at /Users/saradafumiaki/.pub-cache/hosted/pub.dev/flutter_image_compress-2.4.0/
[        ] Found plugin flutter_image_compress_web at /Users/saradafumiaki/.pub-cache/hosted/pub.dev/flutter_image_compress_web-0.1.5/
[        ] Found plugin flutter_image_compress_ohos at /Users/saradafumiaki/.pub-cache/hosted/pub.dev/flutter_image_compress_ohos-0.0.3/
[        ] Found plugin flutter_image_compress_macos at /Users/saradafumiaki/.pub-cache/hosted/pub.dev/flutter_image_compress_macos-1.0.3/
[        ] Found plugin flutter_image_compress_common at /Users/saradafumiaki/.pub-cache/hosted/pub.dev/flutter_image_compress_common-1.0.6/
[        ] Found plugin firebase_storage at /Users/saradafumiaki/.pub-cache/hosted/pub.dev/firebase_storage-13.3.0/
[        ] Found plugin firebase_storage_web at /Users/saradafumiaki/.pub-cache/hosted/pub.dev/firebase_storage_web-3.11.5/
[        ] Found plugin firebase_crashlytics at /Users/saradafumiaki/.pub-cache/hosted/pub.dev/firebase_crashlytics-5.2.0/
[        ] Found plugin firebase_auth at /Users/saradafumiaki/.pub-cache/hosted/pub.dev/firebase_auth-6.4.0/
[        ] Found plugin firebase_auth_web at /Users/saradafumiaki/.pub-cache/hosted/pub.dev/firebase_auth_web-6.1.5/
[        ] Found plugin file_picker at /Users/saradafumiaki/.pub-cache/hosted/pub.dev/file_picker-8.3.7/
[        ] Found plugin flutter_plugin_android_lifecycle at /Users/saradafumiaki/.pub-cache/hosted/pub.dev/flutter_plugin_android_lifecycle-2.0.34/
[        ] Found plugin connectivity_plus at /Users/saradafumiaki/.pub-cache/hosted/pub.dev/connectivity_plus-6.1.5/
[        ] Found plugin audioplayers at /Users/saradafumiaki/.pub-cache/hosted/pub.dev/audioplayers-6.6.0/
[        ] Found plugin audioplayers_windows at /Users/saradafumiaki/.pub-cache/hosted/pub.dev/audioplayers_windows-4.3.0/
[        ] Found plugin audioplayers_web at /Users/saradafumiaki/.pub-cache/hosted/pub.dev/audioplayers_web-5.2.0/
[        ] Found plugin audioplayers_linux at /Users/saradafumiaki/.pub-cache/hosted/pub.dev/audioplayers_linux-4.2.1/
[        ] Found plugin audioplayers_darwin at /Users/saradafumiaki/.pub-cache/hosted/pub.dev/audioplayers_darwin-6.4.0/
[        ] Found plugin audioplayers_android at /Users/saradafumiaki/.pub-cache/hosted/pub.dev/audioplayers_android-5.2.1/
[  +12 ms] Generating /Users/saradafumiaki/Documents/Apps/kendo_os/android/app/src/main/java/io/flutter/plugins/GeneratedPluginRegistrant.java
[   +1 ms] Skipping generating GeneratedPluginRegistrant.java because it is up-to-date.
[   +2 ms] Skipping generating generated_plugin_registrant.h because it is up-to-date.
[        ] Skipping generating generated_plugin_registrant.cc because it is up-to-date.
[        ] Skipping generating generated_plugins.cmake because it is up-to-date.
[        ] Skipping generating generated_plugin_registrant.h because it is up-to-date.
[        ] Skipping generating generated_plugin_registrant.cc because it is up-to-date.
[        ] Skipping generating generated_plugins.cmake because it is up-to-date.
[   +1 ms] Skipping generating GeneratedPluginRegistrant.h because it is up-to-date.
[        ] Skipping generating GeneratedPluginRegistrant.m because it is up-to-date.
[        ] Skipping generating GeneratedPluginRegistrant.swift because it is up-to-date.
[   +8 ms] executing: sysctl hw.optional.arm64
[   +4 ms] Exit code 0 from: sysctl hw.optional.arm64
[        ] hw.optional.arm64: 1
[        ] executing: /usr/bin/arch -arm64e xcrun xcodebuild -version
[ +209 ms] Exit code 0 from: /usr/bin/arch -arm64e xcrun xcodebuild -version
[        ] Xcode 26.5
           Build version 17F42
[ +135 ms] Building native assets for macos_arm64.
[  +33 ms] input.json contents:
           {
             "assets": {},
             "config": {
               "build_asset_types": [
                 "code_assets/code"
               ],
               "extensions": {
                 "code_assets": {
                   "c_compiler": {
                     "ar": "/Applications/Xcode.app/Contents/Developer/Toolchains/XcodeDefault.xctoolchain/usr/bin/ar",
                     "cc": "/Applications/Xcode.app/Contents/Developer/Toolchains/XcodeDefault.xctoolchain/usr/bin/clang",
                     "ld": "/Applications/Xcode.app/Contents/Developer/Toolchains/XcodeDefault.xctoolchain/usr/bin/ld"
                   },
                   "link_mode_preference": "dynamic",
                   "macos": {
                     "target_version": 13
                   },
                   "target_architecture": "arm64",
                   "target_os": "macos"
                 }
               },
               "linking_enabled": false
             },
             "out_dir_shared": "/Users/saradafumiaki/Documents/Apps/kendo_os/.dart_tool/hooks_runner/shared/objective_c/build/",
             "out_file": "/Users/saradafumiaki/Documents/Apps/kendo_os/.dart_tool/hooks_runner/objective_c/7ad245dadc/output.json",
             "package_name": "objective_c",
             "package_root": "/Users/saradafumiaki/.pub-cache/hosted/pub.dev/objective_c-9.3.0/",
             "user_defines": {}
           }
[   +3 ms] output.json contents:
           {
             "assets": [
               {
                 "encoding": {
                   "file": "/Users/saradafumiaki/Documents/Apps/kendo_os/.dart_tool/hooks_runner/shared/objective_c/build/7ad245dadc/objective_c.dylib",
                   "id": "package:objective_c/objective_c.dylib",
                   "link_mode": {
                     "type": "dynamic_loading_bundle"
                   }
                 },
                 "type": "code_assets/code"
               }
             ],
             "assets_for_linking": {},
             "dependencies": [
               "/Users/saradafumiaki/.pub-cache/hosted/pub.dev/objective_c-9.3.0/src/include/dart_api_dl.c",
               "/Users/saradafumiaki/.pub-cache/hosted/pub.dev/objective_c-9.3.0/src/objective_c.c",
               "/Users/saradafumiaki/.pub-cache/hosted/pub.dev/objective_c-9.3.0/test/util.c",
               "/Users/saradafumiaki/.pub-cache/hosted/pub.dev/objective_c-9.3.0/src/input_stream_adapter.m",
               "/Users/saradafumiaki/.pub-cache/hosted/pub.dev/objective_c-9.3.0/src/objective_c.m",
               "/Users/saradafumiaki/.pub-cache/hosted/pub.dev/objective_c-9.3.0/src/observer.m",
               "/Users/saradafumiaki/.pub-cache/hosted/pub.dev/objective_c-9.3.0/src/ns_number.m",
               "/Users/saradafumiaki/.pub-cache/hosted/pub.dev/objective_c-9.3.0/src/protocol.m",
               "/Users/saradafumiaki/.pub-cache/hosted/pub.dev/objective_c-9.3.0/src/objective_c_bindings_generated.m",
               "/Users/saradafumiaki/.pub-cache/hosted/pub.dev/objective_c-9.3.0/src/protocol.h",
               "/Users/saradafumiaki/.pub-cache/hosted/pub.dev/objective_c-9.3.0/src/ns_number.h",
               "/Users/saradafumiaki/.pub-cache/hosted/pub.dev/objective_c-9.3.0/src/observer.h",
               "/Users/saradafumiaki/.pub-cache/hosted/pub.dev/objective_c-9.3.0/src/objective_c_runtime.h",
               "/Users/saradafumiaki/.pub-cache/hosted/pub.dev/objective_c-9.3.0/src/include/dart_api.h",
               "/Users/saradafumiaki/.pub-cache/hosted/pub.dev/objective_c-9.3.0/src/include/dart_version.h",
               "/Users/saradafumiaki/.pub-cache/hosted/pub.dev/objective_c-9.3.0/src/include/analyze_snapshot_api.h",
               "/Users/saradafumiaki/.pub-cache/hosted/pub.dev/objective_c-9.3.0/src/include/bin/dart_io_api.h",
               "/Users/saradafumiaki/.pub-cache/hosted/pub.dev/objective_c-9.3.0/src/include/bin/native_assets_api.h",
               "/Users/saradafumiaki/.pub-cache/hosted/pub.dev/objective_c-9.3.0/src/include/dart_embedder_api.h",
               "/Users/saradafumiaki/.pub-cache/hosted/pub.dev/objective_c-9.3.0/src/include/dart_native_api.h",
               "/Users/saradafumiaki/.pub-cache/hosted/pub.dev/objective_c-9.3.0/src/include/internal/dart_api_dl_impl.h",
               "/Users/saradafumiaki/.pub-cache/hosted/pub.dev/objective_c-9.3.0/src/include/dart_tools_api.h",
               "/Users/saradafumiaki/.pub-cache/hosted/pub.dev/objective_c-9.3.0/src/include/dart_api_dl.h",
               "/Users/saradafumiaki/.pub-cache/hosted/pub.dev/objective_c-9.3.0/src/foundation.h",
               "/Users/saradafumiaki/.pub-cache/hosted/pub.dev/objective_c-9.3.0/src/input_stream_adapter.h",
               "/Users/saradafumiaki/.pub-cache/hosted/pub.dev/objective_c-9.3.0/src/objective_c.h",
               "/Users/saradafumiaki/.pub-cache/hosted/pub.dev/objective_c-9.3.0/src/os_version.h",
               "/Users/saradafumiaki/.pub-cache/hosted/pub.dev/objective_c-9.3.0/src/ffi.h"
             ],
             "status": "success",
             "timestamp": "2026-05-26 10:59:37.000"
           }
[  +13 ms] Skipping build for objective_c in /Users/saradafumiaki/Documents/Apps/kendo_os/.dart_tool/hooks_runner/objective_c/7ad245dadc/. Last build on 2026-05-26 10:59:37.000.
[   +5 ms] Note: You are using the dart build hooks feature which is currently in preview. Please see https://dart.dev/interop/c-interop#native-assets for more details.
[        ] Building native assets for macos_arm64 done.
[   +1 ms] Copying native assets to /Users/saradafumiaki/Documents/Apps/kendo_os/build/native_assets/macos/.
[  +46 ms] codesign --force --sign - --timestamp=none /Users/saradafumiaki/Documents/Apps/kendo_os/build/native_assets/macos/objective_c.dylib
[  +15 ms] /Users/saradafumiaki/Documents/Apps/kendo_os/build/native_assets/macos/objective_c.dylib: replacing existing signature

[        ] Copying native assets done.
[        ] Writing native assets json to file:///Users/saradafumiaki/Documents/Apps/kendo_os/build/native_assets/macos/native_assets.json.
[   +1 ms] Writing /Users/saradafumiaki/Documents/Apps/kendo_os/build/native_assets/macos/native_assets.json done.
[ +131 ms] Manifest contained wildcard assets. Inserting missing file into build graph to force rerun. for more information see #56466.
[   +8 ms] running test package with arguments: [--no-color, --chain-stack-traces, --, file:///Users/saradafumiaki/Documents/Apps/kendo_os/test/unit/security/pwa_session_persistence_test.dart, file:///Users/saradafumiaki/Documents/Apps/kendo_os/test/unit/shared/painters/league_table_painters_test.dart, file:///Users/saradafumiaki/Documents/Apps/kendo_os/test/unit/operate/providers/sync_engine_status_protection_test.dart, file:///Users/saradafumiaki/Documents/Apps/kendo_os/test/unit/application/usecases/add_score_usecase_event_test.dart, file:///Users/saradafumiaki/Documents/Apps/kendo_os/test/unit/application/usecases/match_usecase_test.dart, file:///Users/saradafumiaki/Documents/Apps/kendo_os/test/unit/application/services/pdf/widgets/pdf_team_table_test.dart, file:///Users/saradafumiaki/Documents/Apps/kendo_os/test/unit/application/services/pdf/widgets/pdf_individual_list_test.dart, file:///Users/saradafumiaki/Documents/Apps/kendo_os/test/unit/infrastructure/repository/local_match_repository_test.dart, file:///Users/saradafumiaki/Documents/Apps/kendo_os/test/unit/infrastructure/repository/match_repository_test.dart, file:///Users/saradafumiaki/Documents/Apps/kendo_os/test/unit/infrastructure/web_platform_safety_test.dart, file:///Users/saradafumiaki/Documents/Apps/kendo_os/test/unit/infrastructure/csv_service_test.dart, file:///Users/saradafumiaki/Documents/Apps/kendo_os/test/unit/domain/lexical_ordering_test.dart, file:///Users/saradafumiaki/Documents/Apps/kendo_os/test/unit/domain/security_zero_trust_test.dart, file:///Users/saradafumiaki/Documents/Apps/kendo_os/test/unit/domain/role_permission_matrix_test.dart, file:///Users/saradafumiaki/Documents/Apps/kendo_os/test/unit/domain/performance_test.dart, file:///Users/saradafumiaki/Documents/Apps/kendo_os/test/unit/domain/rules/bunaiksen_logic_test.dart, file:///Users/saradafumiaki/Documents/Apps/kendo_os/test/unit/domain/services/kendo_rule_engine_test.dart, file:///Users/saradafumiaki/Documents/Apps/kendo_os/test/unit/domain/services/property_based_kendo_test.dart, file:///Users/saradafumiaki/Documents/Apps/kendo_os/test/unit/domain/services/kendo_rule_engine_event_test.dart, file:///Users/saradafumiaki/Documents/Apps/kendo_os/test/unit/domain/entities/match_strategy_test.dart, file:///Users/saradafumiaki/Documents/Apps/kendo_os/test/unit/domain/entities/match_state_machine_test.dart, file:///Users/saradafumiaki/Documents/Apps/kendo_os/test/widget/hidden_feature_access_test.dart, file:///Users/saradafumiaki/Documents/Apps/kendo_os/test/widget/viewer_mode_test.dart, file:///Users/saradafumiaki/Documents/Apps/kendo_os/test/widget/room_join_qr_dialog_test.dart, file:///Users/saradafumiaki/Documents/Apps/kendo_os/test/widget/widget_test.dart, file:///Users/saradafumiaki/Documents/Apps/kendo_os/test/widget/ai_feature_hidden_test.dart, file:///Users/saradafumiaki/Documents/Apps/kendo_os/test/widget/match_timeline_list_test.dart, file:///Users/saradafumiaki/Documents/Apps/kendo_os/test/widget/role_visibility_test.dart, file:///Users/saradafumiaki/Documents/Apps/kendo_os/test/widget/bunaiksen_mode_test.dart, file:///Users/saradafumiaki/Documents/Apps/kendo_os/test/widget/internal_metrics_hidden_test.dart, file:///Users/saradafumiaki/Documents/Apps/kendo_os/test/widget/presentation/operate/screens/bunaiksen_official_record_screen_test.dart, file:///Users/saradafumiaki/Documents/Apps/kendo_os/test/widget/presentation/operate/screens/official_record_screen_test.dart, file:///Users/saradafumiaki/Documents/Apps/kendo_os/test/widget/presentation/viewer/screens/viewer_bunaiksen_official_record_screen_test.dart, file:///Users/saradafumiaki/Documents/Apps/kendo_os/test/widget/presentation/viewer/screens/viewer_official_record_screen_test.dart, file:///Users/saradafumiaki/Documents/Apps/kendo_os/test/integration/manual_screenshot_test.dart, file:///Users/saradafumiaki/Documents/Apps/kendo_os/test/integration/concurrency_simulation_test.dart, file:///Users/saradafumiaki/Documents/Apps/kendo_os/test/integration/chaos_network_simulation_test.dart, file:///Users/saradafumiaki/Documents/Apps/kendo_os/test/integration/timeline_merge_test.dart, file:///Users/saradafumiaki/Documents/Apps/kendo_os/test/integration/chaos_sync_load_test.dart, file:///Users/saradafumiaki/Documents/Apps/kendo_os/test/integration/phase6_replay_safety_test.dart, file:///Users/saradafumiaki/Documents/Apps/kendo_os/test/integration/route_guard_test.dart, file:///Users/saradafumiaki/Documents/Apps/kendo_os/test/integration/phase10_historical_replay_test.dart, file:///Users/saradafumiaki/Documents/Apps/kendo_os/test/integration/match_flow_event_test.dart, file:///Users/saradafumiaki/Documents/Apps/kendo_os/test/integration/chaos_crash_recovery_test.dart, file:///Users/saradafumiaki/Documents/Apps/kendo_os/test/integration/phase0_golden_behavior_test.dart, file:///Users/saradafumiaki/Documents/Apps/kendo_os/test/integration/stage2_rule_lock_test.dart, file:///Users/saradafumiaki/Documents/Apps/kendo_os/test/integration/match_integration_test.dart, file:///Users/saradafumiaki/Documents/Apps/kendo_os/test/integration/phase11_chaos_rule_test.dart, file:///Users/saradafumiaki/Documents/Apps/kendo_os/test/replay/timeline_replay_test.dart, file:///Users/saradafumiaki/Documents/Apps/kendo_os/test/replay/replay_deterministic_test.dart, file:///Users/saradafumiaki/Documents/Apps/kendo_os/test/application/services/pdf/pdf_league_table_test.dart, file:///Users/saradafumiaki/Documents/Apps/kendo_os/test/application/services/pdf/pdf_japanese_render_test.dart, file:///Users/saradafumiaki/Documents/Apps/kendo_os/test/application/services/pdf/official_record_screen_test.dart, file:///Users/saradafumiaki/Documents/Apps/kendo_os/test/chaos/phase7_operational_chaos_test.dart, file:///Users/saradafumiaki/Documents/Apps/kendo_os/test/chaos/drift_attack_test.dart, file:///Users/saradafumiaki/Documents/Apps/kendo_os/test/chaos/rogue_ai_simulation_test.dart, file:///Users/saradafumiaki/Documents/Apps/kendo_os/test/presentation/operate/settings_provider_test.dart, file:///Users/saradafumiaki/Documents/Apps/kendo_os/test/presentation/operate/match_provider_test.dart, file:///Users/saradafumiaki/Documents/Apps/kendo_os/test/presentation/operate/providers/match_list_provider_test.dart, file:///Users/saradafumiaki/Documents/Apps/kendo_os/test/presentation/operate/providers/timeline_provider_test.dart, file:///Users/saradafumiaki/Documents/Apps/kendo_os/test/presentation/operate/providers/match_timer_provider_test.dart, file:///Users/saradafumiaki/Documents/Apps/kendo_os/test/presentation/operate/providers/match_view_model_provider_test.dart, file:///Users/saradafumiaki/Documents/Apps/kendo_os/test/presentation/operate/current_user_role_provider_test.dart, file:///Users/saradafumiaki/Documents/Apps/kendo_os/test/presentation/operate/observability_test.dart, file:///Users/saradafumiaki/Documents/Apps/kendo_os/test/presentation/components/home/match_timeline_ui_test.dart]
00:00 +0: loading /Users/saradafumiaki/Documents/Apps/kendo_os/test/unit/security/pwa_session_persistence_test.dart
[ +198 ms] test 0: starting test /Users/saradafumiaki/Documents/Apps/kendo_os/test/unit/security/pwa_session_persistence_test.dart
[   +2 ms] Stopping scan for flutter_test_config.dart; found project root at /Users/saradafumiaki/Documents/Apps/kendo_os
[   +1 ms] Compiler will use the following file as its incremental dill file: /var/folders/hh/1g2yms7d3890gm5lz8l0jmj80000gn/T/flutter_tools.X3xqwV/flutter_test_compiler.XLw477/output.dill
[        ] Listening to compiler controller...
[   +4 ms] Compiling file:///var/folders/hh/1g2yms7d3890gm5lz8l0jmj80000gn/T/flutter_tools.X3xqwV/flutter_test_listener.28YaUQ/listener.dart
[   +7 ms] test 1: starting test /Users/saradafumiaki/Documents/Apps/kendo_os/test/unit/shared/painters/league_table_painters_test.dart
[   +2 ms] Stopping scan for flutter_test_config.dart; found project root at /Users/saradafumiaki/Documents/Apps/kendo_os
[   +1 ms] test 2: starting test /Users/saradafumiaki/Documents/Apps/kendo_os/test/unit/operate/providers/sync_engine_status_protection_test.dart
[   +1 ms] Stopping scan for flutter_test_config.dart; found project root at /Users/saradafumiaki/Documents/Apps/kendo_os
[        ] test 3: starting test /Users/saradafumiaki/Documents/Apps/kendo_os/test/unit/application/usecases/add_score_usecase_event_test.dart
[        ] Stopping scan for flutter_test_config.dart; found project root at /Users/saradafumiaki/Documents/Apps/kendo_os
[  +15 ms] Found plugin integration_test at /Users/saradafumiaki/development/flutter/packages/integration_test/
[   +5 ms] Found plugin firebase_core at /Users/saradafumiaki/.pub-cache/hosted/pub.dev/firebase_core-4.7.0/
[        ] Found plugin firebase_core_web at /Users/saradafumiaki/.pub-cache/hosted/pub.dev/firebase_core_web-3.6.0/
[        ] Found plugin cloud_firestore at /Users/saradafumiaki/.pub-cache/hosted/pub.dev/cloud_firestore-6.3.0/
[        ] Found plugin cloud_firestore_web at /Users/saradafumiaki/.pub-cache/hosted/pub.dev/cloud_firestore_web-5.3.0/
[   +1 ms] Found plugin wakelock_plus at /Users/saradafumiaki/.pub-cache/hosted/pub.dev/wakelock_plus-1.5.2/
[        ] Found plugin package_info_plus at /Users/saradafumiaki/.pub-cache/hosted/pub.dev/package_info_plus-9.0.1/
[   +1 ms] Found plugin url_launcher at /Users/saradafumiaki/.pub-cache/hosted/pub.dev/url_launcher-6.3.2/
[        ] Found plugin url_launcher_windows at /Users/saradafumiaki/.pub-cache/hosted/pub.dev/url_launcher_windows-3.1.5/
[        ] Found plugin url_launcher_web at /Users/saradafumiaki/.pub-cache/hosted/pub.dev/url_launcher_web-2.4.2/
[        ] Found plugin url_launcher_macos at /Users/saradafumiaki/.pub-cache/hosted/pub.dev/url_launcher_macos-3.2.5/
[        ] Found plugin url_launcher_linux at /Users/saradafumiaki/.pub-cache/hosted/pub.dev/url_launcher_linux-3.2.2/
[        ] Found plugin url_launcher_ios at /Users/saradafumiaki/.pub-cache/hosted/pub.dev/url_launcher_ios-6.4.1/
[        ] Found plugin url_launcher_android at /Users/saradafumiaki/.pub-cache/hosted/pub.dev/url_launcher_android-6.3.29/
[        ] Found plugin syncfusion_flutter_pdfviewer at /Users/saradafumiaki/.pub-cache/hosted/pub.dev/syncfusion_flutter_pdfviewer-28.2.12/
[        ] Found plugin syncfusion_pdfviewer_windows at /Users/saradafumiaki/.pub-cache/hosted/pub.dev/syncfusion_pdfviewer_windows-28.2.12/
[        ] Found plugin syncfusion_pdfviewer_web at /Users/saradafumiaki/.pub-cache/hosted/pub.dev/syncfusion_pdfviewer_web-28.2.12/
[        ] Found plugin syncfusion_pdfviewer_macos at /Users/saradafumiaki/.pub-cache/hosted/pub.dev/syncfusion_pdfviewer_macos-28.2.12/
[   +1 ms] Found plugin device_info_plus at /Users/saradafumiaki/.pub-cache/hosted/pub.dev/device_info_plus-11.5.0/
[        ] Found plugin shared_preferences at /Users/saradafumiaki/.pub-cache/hosted/pub.dev/shared_preferences-2.5.5/
[        ] Found plugin shared_preferences_windows at /Users/saradafumiaki/.pub-cache/hosted/pub.dev/shared_preferences_windows-2.4.1/
[        ] Found plugin path_provider_windows at /Users/saradafumiaki/.pub-cache/hosted/pub.dev/path_provider_windows-2.3.0/
[        ] Found plugin shared_preferences_web at /Users/saradafumiaki/.pub-cache/hosted/pub.dev/shared_preferences_web-2.4.3/
[        ] Found plugin shared_preferences_linux at /Users/saradafumiaki/.pub-cache/hosted/pub.dev/shared_preferences_linux-2.4.1/
[        ] Found plugin path_provider_linux at /Users/saradafumiaki/.pub-cache/hosted/pub.dev/path_provider_linux-2.2.1/
[        ] Found plugin shared_preferences_foundation at /Users/saradafumiaki/.pub-cache/hosted/pub.dev/shared_preferences_foundation-2.5.6/
[        ] Found plugin shared_preferences_android at /Users/saradafumiaki/.pub-cache/hosted/pub.dev/shared_preferences_android-2.4.23/
[        ] Found plugin share_plus at /Users/saradafumiaki/.pub-cache/hosted/pub.dev/share_plus-12.0.2/
[        ] Found plugin path_provider at /Users/saradafumiaki/.pub-cache/hosted/pub.dev/path_provider-2.1.5/
[        ] Found plugin path_provider_foundation at /Users/saradafumiaki/.pub-cache/hosted/pub.dev/path_provider_foundation-2.6.0/
[   +1 ms] Found plugin path_provider_android at /Users/saradafumiaki/.pub-cache/hosted/pub.dev/path_provider_android-2.3.1/
[        ] Found plugin jni_flutter at /Users/saradafumiaki/.pub-cache/hosted/pub.dev/jni_flutter-1.0.1/
[        ] Found plugin jni at /Users/saradafumiaki/.pub-cache/hosted/pub.dev/jni-1.0.0/
[   +1 ms] Found plugin printing at /Users/saradafumiaki/.pub-cache/hosted/pub.dev/printing-5.14.3/
[   +2 ms] Found plugin isar_community_flutter_libs at /Users/saradafumiaki/.pub-cache/hosted/pub.dev/isar_community_flutter_libs-3.3.2/
[        ] Found plugin google_sign_in at /Users/saradafumiaki/.pub-cache/hosted/pub.dev/google_sign_in-6.3.0/
[        ] Found plugin google_sign_in_web at /Users/saradafumiaki/.pub-cache/hosted/pub.dev/google_sign_in_web-0.12.4+4/
[        ] Found plugin google_sign_in_ios at /Users/saradafumiaki/.pub-cache/hosted/pub.dev/google_sign_in_ios-5.9.0/
[        ] Found plugin google_sign_in_android at /Users/saradafumiaki/.pub-cache/hosted/pub.dev/google_sign_in_android-6.2.1/
[        ] Found plugin flutter_tts at /Users/saradafumiaki/.pub-cache/hosted/pub.dev/flutter_tts-4.2.5/
[   +1 ms] Found plugin flutter_image_compress at /Users/saradafumiaki/.pub-cache/hosted/pub.dev/flutter_image_compress-2.4.0/
[        ] Found plugin flutter_image_compress_web at /Users/saradafumiaki/.pub-cache/hosted/pub.dev/flutter_image_compress_web-0.1.5/
[        ] Found plugin flutter_image_compress_ohos at /Users/saradafumiaki/.pub-cache/hosted/pub.dev/flutter_image_compress_ohos-0.0.3/
[        ] Found plugin flutter_image_compress_macos at /Users/saradafumiaki/.pub-cache/hosted/pub.dev/flutter_image_compress_macos-1.0.3/
[        ] Found plugin flutter_image_compress_common at /Users/saradafumiaki/.pub-cache/hosted/pub.dev/flutter_image_compress_common-1.0.6/
[        ] Found plugin firebase_storage at /Users/saradafumiaki/.pub-cache/hosted/pub.dev/firebase_storage-13.3.0/
[        ] Found plugin firebase_storage_web at /Users/saradafumiaki/.pub-cache/hosted/pub.dev/firebase_storage_web-3.11.5/
[        ] Found plugin firebase_crashlytics at /Users/saradafumiaki/.pub-cache/hosted/pub.dev/firebase_crashlytics-5.2.0/
[        ] Found plugin firebase_auth at /Users/saradafumiaki/.pub-cache/hosted/pub.dev/firebase_auth-6.4.0/
[        ] Found plugin firebase_auth_web at /Users/saradafumiaki/.pub-cache/hosted/pub.dev/firebase_auth_web-6.1.5/
[        ] Found plugin file_picker at /Users/saradafumiaki/.pub-cache/hosted/pub.dev/file_picker-8.3.7/
[        ] Found plugin flutter_plugin_android_lifecycle at /Users/saradafumiaki/.pub-cache/hosted/pub.dev/flutter_plugin_android_lifecycle-2.0.34/
[        ] Found plugin connectivity_plus at /Users/saradafumiaki/.pub-cache/hosted/pub.dev/connectivity_plus-6.1.5/
[        ] Found plugin audioplayers at /Users/saradafumiaki/.pub-cache/hosted/pub.dev/audioplayers-6.6.0/
[        ] Found plugin audioplayers_windows at /Users/saradafumiaki/.pub-cache/hosted/pub.dev/audioplayers_windows-4.3.0/
[        ] Found plugin audioplayers_web at /Users/saradafumiaki/.pub-cache/hosted/pub.dev/audioplayers_web-5.2.0/
[        ] Found plugin audioplayers_linux at /Users/saradafumiaki/.pub-cache/hosted/pub.dev/audioplayers_linux-4.2.1/
[        ] Found plugin audioplayers_darwin at /Users/saradafumiaki/.pub-cache/hosted/pub.dev/audioplayers_darwin-6.4.0/
[        ] Found plugin audioplayers_android at /Users/saradafumiaki/.pub-cache/hosted/pub.dev/audioplayers_android-5.2.1/
[   +2 ms] Skipping generating dart_plugin_registrant.dart because it is up-to-date.
[   +2 ms] /Users/saradafumiaki/development/flutter/bin/cache/dart-sdk/bin/dartaotruntime /Users/saradafumiaki/development/flutter/bin/cache/dart-sdk/bin/snapshots/frontend_server_aot.dart.snapshot --sdk-root /Users/saradafumiaki/development/flutter/bin/cache/artifacts/engine/common/flutter_patched_sdk/ --incremental --no-print-incremental-dependencies --target=flutter --experimental-emit-debug-metadata -DFLUTTER_VERSION=3.41.6 -DFLUTTER_CHANNEL=stable -DFLUTTER_GIT_URL=https://github.com/flutter/flutter.git -DFLUTTER_FRAMEWORK_REVISION=db50e20168 -DFLUTTER_ENGINE_REVISION=425cfb54d0 -DFLUTTER_DART_VERSION=3.11.4 --output-dill /var/folders/hh/1g2yms7d3890gm5lz8l0jmj80000gn/T/flutter_tools.X3xqwV/flutter_test_compiler.XLw477/output.dill --packages /Users/saradafumiaki/Documents/Apps/kendo_os/.dart_tool/package_config.json -Ddart.vm.profile=false -Ddart.vm.product=false --enable-asserts --track-widget-creation --initialize-from-dill /Users/saradafumiaki/Documents/Apps/kendo_os/build/test_cache/build/b70f9274ac3b5ec9754be8774a3c9a1c.cache.dill.track.dill --verbosity=error
[   +6 ms] <- compile file:///var/folders/hh/1g2yms7d3890gm5lz8l0jmj80000gn/T/flutter_tools.X3xqwV/flutter_test_listener.28YaUQ/listener.dart
[+2026 ms] <- accept
[        ] <- reset
[        ] Compiling file:///var/folders/hh/1g2yms7d3890gm5lz8l0jmj80000gn/T/flutter_tools.X3xqwV/flutter_test_listener.28YaUQ/listener.dart took 2100ms
[        ] Compiling file:///var/folders/hh/1g2yms7d3890gm5lz8l0jmj80000gn/T/flutter_tools.X3xqwV/flutter_test_listener.htYF1t/listener.dart
[        ] test 0: starting test device
[   +2 ms] test 0: awaiting connection to test device
[   +3 ms] test 0: VM Service uri is not available
[   +1 ms] test 0: test harness socket server is running at port:53915
[        ] Using this directory for fonts configuration: /var/folders/hh/1g2yms7d3890gm5lz8l0jmj80000gn/T/flutter_tools.X3xqwV/flutter_test_fonts.hib7TY
[        ] test 0: Starting flutter_tester process with command=[/Users/saradafumiaki/development/flutter/bin/cache/artifacts/engine/darwin-x64/flutter_tester, --disable-vm-service, --enable-checked-mode, --verify-entry-points, --enable-software-rendering, --skia-deterministic-rendering, --enable-dart-profiling, --non-interactive, --use-test-fonts, --disable-asset-fonts, --packages=/Users/saradafumiaki/Documents/Apps/kendo_os/.dart_tool/package_config.json, --flutter-assets-dir=/Users/saradafumiaki/Documents/Apps/kendo_os/build/unit_test_assets, /var/folders/hh/1g2yms7d3890gm5lz8l0jmj80000gn/T/flutter_tools.X3xqwV/flutter_test_listener.28YaUQ/listener.dart.dill], environment={FLUTTER_TEST: true, FONTCONFIG_FILE: /var/folders/hh/1g2yms7d3890gm5lz8l0jmj80000gn/T/flutter_tools.X3xqwV/flutter_test_fonts.hib7TY/fonts.conf, SERVER_PORT: 53915, APP_NAME: kendo_os, UNIT_TEST_ASSETS: /Users/saradafumiaki/Documents/Apps/kendo_os/build/unit_test_assets}
[   +4 ms] test 0: Started flutter_tester process at pid 33434
[  +20 ms] Found plugin integration_test at /Users/saradafumiaki/development/flutter/packages/integration_test/
[   +5 ms] Found plugin firebase_core at /Users/saradafumiaki/.pub-cache/hosted/pub.dev/firebase_core-4.7.0/
[        ] Found plugin firebase_core_web at /Users/saradafumiaki/.pub-cache/hosted/pub.dev/firebase_core_web-3.6.0/
[        ] Found plugin cloud_firestore at /Users/saradafumiaki/.pub-cache/hosted/pub.dev/cloud_firestore-6.3.0/
[        ] Found plugin cloud_firestore_web at /Users/saradafumiaki/.pub-cache/hosted/pub.dev/cloud_firestore_web-5.3.0/
[   +1 ms] Found plugin wakelock_plus at /Users/saradafumiaki/.pub-cache/hosted/pub.dev/wakelock_plus-1.5.2/
[        ] Found plugin package_info_plus at /Users/saradafumiaki/.pub-cache/hosted/pub.dev/package_info_plus-9.0.1/
[   +1 ms] Found plugin url_launcher at /Users/saradafumiaki/.pub-cache/hosted/pub.dev/url_launcher-6.3.2/
[        ] Found plugin url_launcher_windows at /Users/saradafumiaki/.pub-cache/hosted/pub.dev/url_launcher_windows-3.1.5/
[        ] Found plugin url_launcher_web at /Users/saradafumiaki/.pub-cache/hosted/pub.dev/url_launcher_web-2.4.2/
[        ] Found plugin url_launcher_macos at /Users/saradafumiaki/.pub-cache/hosted/pub.dev/url_launcher_macos-3.2.5/
[        ] Found plugin url_launcher_linux at /Users/saradafumiaki/.pub-cache/hosted/pub.dev/url_launcher_linux-3.2.2/
[        ] Found plugin url_launcher_ios at /Users/saradafumiaki/.pub-cache/hosted/pub.dev/url_launcher_ios-6.4.1/
[        ] Found plugin url_launcher_android at /Users/saradafumiaki/.pub-cache/hosted/pub.dev/url_launcher_android-6.3.29/
[        ] Found plugin syncfusion_flutter_pdfviewer at /Users/saradafumiaki/.pub-cache/hosted/pub.dev/syncfusion_flutter_pdfviewer-28.2.12/
[        ] Found plugin syncfusion_pdfviewer_windows at /Users/saradafumiaki/.pub-cache/hosted/pub.dev/syncfusion_pdfviewer_windows-28.2.12/
[        ] Found plugin syncfusion_pdfviewer_web at /Users/saradafumiaki/.pub-cache/hosted/pub.dev/syncfusion_pdfviewer_web-28.2.12/
[        ] Found plugin syncfusion_pdfviewer_macos at /Users/saradafumiaki/.pub-cache/hosted/pub.dev/syncfusion_pdfviewer_macos-28.2.12/
[   +1 ms] Found plugin device_info_plus at /Users/saradafumiaki/.pub-cache/hosted/pub.dev/device_info_plus-11.5.0/
[        ] Found plugin shared_preferences at /Users/saradafumiaki/.pub-cache/hosted/pub.dev/shared_preferences-2.5.5/
[        ] Found plugin shared_preferences_windows at /Users/saradafumiaki/.pub-cache/hosted/pub.dev/shared_preferences_windows-2.4.1/
[        ] Found plugin path_provider_windows at /Users/saradafumiaki/.pub-cache/hosted/pub.dev/path_provider_windows-2.3.0/
[        ] Found plugin shared_preferences_web at /Users/saradafumiaki/.pub-cache/hosted/pub.dev/shared_preferences_web-2.4.3/
[        ] Found plugin shared_preferences_linux at /Users/saradafumiaki/.pub-cache/hosted/pub.dev/shared_preferences_linux-2.4.1/
[        ] Found plugin path_provider_linux at /Users/saradafumiaki/.pub-cache/hosted/pub.dev/path_provider_linux-2.2.1/
[        ] Found plugin shared_preferences_foundation at /Users/saradafumiaki/.pub-cache/hosted/pub.dev/shared_preferences_foundation-2.5.6/
[        ] Found plugin shared_preferences_android at /Users/saradafumiaki/.pub-cache/hosted/pub.dev/shared_preferences_android-2.4.23/
[        ] Found plugin share_plus at /Users/saradafumiaki/.pub-cache/hosted/pub.dev/share_plus-12.0.2/
[        ] Found plugin path_provider at /Users/saradafumiaki/.pub-cache/hosted/pub.dev/path_provider-2.1.5/
[        ] Found plugin path_provider_foundation at /Users/saradafumiaki/.pub-cache/hosted/pub.dev/path_provider_foundation-2.6.0/
[   +1 ms] Found plugin path_provider_android at /Users/saradafumiaki/.pub-cache/hosted/pub.dev/path_provider_android-2.3.1/
[        ] Found plugin jni_flutter at /Users/saradafumiaki/.pub-cache/hosted/pub.dev/jni_flutter-1.0.1/
[        ] Found plugin jni at /Users/saradafumiaki/.pub-cache/hosted/pub.dev/jni-1.0.0/
[        ] Found plugin printing at /Users/saradafumiaki/.pub-cache/hosted/pub.dev/printing-5.14.3/
[   +1 ms] Found plugin isar_community_flutter_libs at /Users/saradafumiaki/.pub-cache/hosted/pub.dev/isar_community_flutter_libs-3.3.2/
[        ] Found plugin google_sign_in at /Users/saradafumiaki/.pub-cache/hosted/pub.dev/google_sign_in-6.3.0/
[        ] Found plugin google_sign_in_web at /Users/saradafumiaki/.pub-cache/hosted/pub.dev/google_sign_in_web-0.12.4+4/
[        ] Found plugin google_sign_in_ios at /Users/saradafumiaki/.pub-cache/hosted/pub.dev/google_sign_in_ios-5.9.0/
[        ] Found plugin google_sign_in_android at /Users/saradafumiaki/.pub-cache/hosted/pub.dev/google_sign_in_android-6.2.1/
[   +2 ms] Found plugin flutter_tts at /Users/saradafumiaki/.pub-cache/hosted/pub.dev/flutter_tts-4.2.5/
[   +1 ms] Found plugin flutter_image_compress at /Users/saradafumiaki/.pub-cache/hosted/pub.dev/flutter_image_compress-2.4.0/
[        ] Found plugin flutter_image_compress_web at /Users/saradafumiaki/.pub-cache/hosted/pub.dev/flutter_image_compress_web-0.1.5/
[        ] Found plugin flutter_image_compress_ohos at /Users/saradafumiaki/.pub-cache/hosted/pub.dev/flutter_image_compress_ohos-0.0.3/
[        ] Found plugin flutter_image_compress_macos at /Users/saradafumiaki/.pub-cache/hosted/pub.dev/flutter_image_compress_macos-1.0.3/
[        ] Found plugin flutter_image_compress_common at /Users/saradafumiaki/.pub-cache/hosted/pub.dev/flutter_image_compress_common-1.0.6/
[        ] Found plugin firebase_storage at /Users/saradafumiaki/.pub-cache/hosted/pub.dev/firebase_storage-13.3.0/
[        ] Found plugin firebase_storage_web at /Users/saradafumiaki/.pub-cache/hosted/pub.dev/firebase_storage_web-3.11.5/
[        ] Found plugin firebase_crashlytics at /Users/saradafumiaki/.pub-cache/hosted/pub.dev/firebase_crashlytics-5.2.0/
[        ] Found plugin firebase_auth at /Users/saradafumiaki/.pub-cache/hosted/pub.dev/firebase_auth-6.4.0/
[        ] Found plugin firebase_auth_web at /Users/saradafumiaki/.pub-cache/hosted/pub.dev/firebase_auth_web-6.1.5/
[        ] Found plugin file_picker at /Users/saradafumiaki/.pub-cache/hosted/pub.dev/file_picker-8.3.7/
[        ] Found plugin flutter_plugin_android_lifecycle at /Users/saradafumiaki/.pub-cache/hosted/pub.dev/flutter_plugin_android_lifecycle-2.0.34/
[        ] Found plugin connectivity_plus at /Users/saradafumiaki/.pub-cache/hosted/pub.dev/connectivity_plus-6.1.5/
[        ] Found plugin audioplayers at /Users/saradafumiaki/.pub-cache/hosted/pub.dev/audioplayers-6.6.0/
[        ] Found plugin audioplayers_windows at /Users/saradafumiaki/.pub-cache/hosted/pub.dev/audioplayers_windows-4.3.0/
[        ] Found plugin audioplayers_web at /Users/saradafumiaki/.pub-cache/hosted/pub.dev/audioplayers_web-5.2.0/
[        ] Found plugin audioplayers_linux at /Users/saradafumiaki/.pub-cache/hosted/pub.dev/audioplayers_linux-4.2.1/
[        ] Found plugin audioplayers_darwin at /Users/saradafumiaki/.pub-cache/hosted/pub.dev/audioplayers_darwin-6.4.0/
[        ] Found plugin audioplayers_android at /Users/saradafumiaki/.pub-cache/hosted/pub.dev/audioplayers_android-5.2.1/
[   +1 ms] Skipping generating dart_plugin_registrant.dart because it is up-to-date.
[   +1 ms] <- recompile file:///var/folders/hh/1g2yms7d3890gm5lz8l0jmj80000gn/T/flutter_tools.X3xqwV/flutter_test_listener.htYF1t/listener.dart 83e81d32-180c-488b-8289-bf6ef42bc9af
[        ] file:///var/folders/hh/1g2yms7d3890gm5lz8l0jmj80000gn/T/flutter_tools.X3xqwV/flutter_test_listener.htYF1t/listener.dart
[        ] file:///Users/saradafumiaki/Documents/Apps/kendo_os/.dart_tool/flutter_build/dart_plugin_registrant.dart
[        ] <- 83e81d32-180c-488b-8289-bf6ef42bc9af
[  +69 ms] <- accept
[        ] <- reset
[        ] Compiling file:///var/folders/hh/1g2yms7d3890gm5lz8l0jmj80000gn/T/flutter_tools.X3xqwV/flutter_test_listener.htYF1t/listener.dart took 142ms
[        ] Compiling file:///var/folders/hh/1g2yms7d3890gm5lz8l0jmj80000gn/T/flutter_tools.X3xqwV/flutter_test_listener.MKjBIo/listener.dart
[        ] test 1: starting test device
[        ] test 1: awaiting connection to test device
[   +3 ms] test 1: VM Service uri is not available
[        ] test 1: test harness socket server is running at port:53916
[        ] test 1: Starting flutter_tester process with command=[/Users/saradafumiaki/development/flutter/bin/cache/artifacts/engine/darwin-x64/flutter_tester, --disable-vm-service, --enable-checked-mode, --verify-entry-points, --enable-software-rendering, --skia-deterministic-rendering, --enable-dart-profiling, --non-interactive, --use-test-fonts, --disable-asset-fonts, --packages=/Users/saradafumiaki/Documents/Apps/kendo_os/.dart_tool/package_config.json, --flutter-assets-dir=/Users/saradafumiaki/Documents/Apps/kendo_os/build/unit_test_assets, /var/folders/hh/1g2yms7d3890gm5lz8l0jmj80000gn/T/flutter_tools.X3xqwV/flutter_test_listener.htYF1t/listener.dart.dill], environment={FLUTTER_TEST: true, FONTCONFIG_FILE: /var/folders/hh/1g2yms7d3890gm5lz8l0jmj80000gn/T/flutter_tools.X3xqwV/flutter_test_fonts.hib7TY/fonts.conf, SERVER_PORT: 53916, APP_NAME: kendo_os, UNIT_TEST_ASSETS: /Users/saradafumiaki/Documents/Apps/kendo_os/build/unit_test_assets}
[  +11 ms] test 1: Started flutter_tester process at pid 33435
[  +19 ms] Found plugin integration_test at /Users/saradafumiaki/development/flutter/packages/integration_test/
[  +10 ms] Found plugin firebase_core at /Users/saradafumiaki/.pub-cache/hosted/pub.dev/firebase_core-4.7.0/
[        ] Found plugin firebase_core_web at /Users/saradafumiaki/.pub-cache/hosted/pub.dev/firebase_core_web-3.6.0/
[        ] Found plugin cloud_firestore at /Users/saradafumiaki/.pub-cache/hosted/pub.dev/cloud_firestore-6.3.0/
[        ] Found plugin cloud_firestore_web at /Users/saradafumiaki/.pub-cache/hosted/pub.dev/cloud_firestore_web-5.3.0/
[   +1 ms] Found plugin wakelock_plus at /Users/saradafumiaki/.pub-cache/hosted/pub.dev/wakelock_plus-1.5.2/
[        ] Found plugin package_info_plus at /Users/saradafumiaki/.pub-cache/hosted/pub.dev/package_info_plus-9.0.1/
[   +1 ms] Found plugin url_launcher at /Users/saradafumiaki/.pub-cache/hosted/pub.dev/url_launcher-6.3.2/
[        ] Found plugin url_launcher_windows at /Users/saradafumiaki/.pub-cache/hosted/pub.dev/url_launcher_windows-3.1.5/
[        ] Found plugin url_launcher_web at /Users/saradafumiaki/.pub-cache/hosted/pub.dev/url_launcher_web-2.4.2/
[        ] Found plugin url_launcher_macos at /Users/saradafumiaki/.pub-cache/hosted/pub.dev/url_launcher_macos-3.2.5/
[        ] Found plugin url_launcher_linux at /Users/saradafumiaki/.pub-cache/hosted/pub.dev/url_launcher_linux-3.2.2/
[        ] Found plugin url_launcher_ios at /Users/saradafumiaki/.pub-cache/hosted/pub.dev/url_launcher_ios-6.4.1/
[        ] Found plugin url_launcher_android at /Users/saradafumiaki/.pub-cache/hosted/pub.dev/url_launcher_android-6.3.29/
[        ] Found plugin syncfusion_flutter_pdfviewer at /Users/saradafumiaki/.pub-cache/hosted/pub.dev/syncfusion_flutter_pdfviewer-28.2.12/
[        ] Found plugin syncfusion_pdfviewer_windows at /Users/saradafumiaki/.pub-cache/hosted/pub.dev/syncfusion_pdfviewer_windows-28.2.12/
[        ] Found plugin syncfusion_pdfviewer_web at /Users/saradafumiaki/.pub-cache/hosted/pub.dev/syncfusion_pdfviewer_web-28.2.12/
[        ] Found plugin syncfusion_pdfviewer_macos at /Users/saradafumiaki/.pub-cache/hosted/pub.dev/syncfusion_pdfviewer_macos-28.2.12/
[   +1 ms] Found plugin device_info_plus at /Users/saradafumiaki/.pub-cache/hosted/pub.dev/device_info_plus-11.5.0/
[   +1 ms] Found plugin shared_preferences at /Users/saradafumiaki/.pub-cache/hosted/pub.dev/shared_preferences-2.5.5/
[        ] Found plugin shared_preferences_windows at /Users/saradafumiaki/.pub-cache/hosted/pub.dev/shared_preferences_windows-2.4.1/
[   +1 ms] Found plugin path_provider_windows at /Users/saradafumiaki/.pub-cache/hosted/pub.dev/path_provider_windows-2.3.0/
[   +1 ms] Found plugin shared_preferences_web at /Users/saradafumiaki/.pub-cache/hosted/pub.dev/shared_preferences_web-2.4.3/
[        ] Found plugin shared_preferences_linux at /Users/saradafumiaki/.pub-cache/hosted/pub.dev/shared_preferences_linux-2.4.1/
[        ] Found plugin path_provider_linux at /Users/saradafumiaki/.pub-cache/hosted/pub.dev/path_provider_linux-2.2.1/
[        ] Found plugin shared_preferences_foundation at /Users/saradafumiaki/.pub-cache/hosted/pub.dev/shared_preferences_foundation-2.5.6/
[        ] Found plugin shared_preferences_android at /Users/saradafumiaki/.pub-cache/hosted/pub.dev/shared_preferences_android-2.4.23/
[   +2 ms] Found plugin share_plus at /Users/saradafumiaki/.pub-cache/hosted/pub.dev/share_plus-12.0.2/
[   +1 ms] Found plugin path_provider at /Users/saradafumiaki/.pub-cache/hosted/pub.dev/path_provider-2.1.5/
[        ] Found plugin path_provider_foundation at /Users/saradafumiaki/.pub-cache/hosted/pub.dev/path_provider_foundation-2.6.0/
[   +1 ms] Found plugin path_provider_android at /Users/saradafumiaki/.pub-cache/hosted/pub.dev/path_provider_android-2.3.1/
[        ] Found plugin jni_flutter at /Users/saradafumiaki/.pub-cache/hosted/pub.dev/jni_flutter-1.0.1/
[        ] Found plugin jni at /Users/saradafumiaki/.pub-cache/hosted/pub.dev/jni-1.0.0/
[        ] Found plugin printing at /Users/saradafumiaki/.pub-cache/hosted/pub.dev/printing-5.14.3/
[   +2 ms] Found plugin isar_community_flutter_libs at /Users/saradafumiaki/.pub-cache/hosted/pub.dev/isar_community_flutter_libs-3.3.2/
[   +3 ms] Found plugin google_sign_in at /Users/saradafumiaki/.pub-cache/hosted/pub.dev/google_sign_in-6.3.0/
[        ] Found plugin google_sign_in_web at /Users/saradafumiaki/.pub-cache/hosted/pub.dev/google_sign_in_web-0.12.4+4/
[        ] Found plugin google_sign_in_ios at /Users/saradafumiaki/.pub-cache/hosted/pub.dev/google_sign_in_ios-5.9.0/
[        ] Found plugin google_sign_in_android at /Users/saradafumiaki/.pub-cache/hosted/pub.dev/google_sign_in_android-6.2.1/
[        ] Found plugin flutter_tts at /Users/saradafumiaki/.pub-cache/hosted/pub.dev/flutter_tts-4.2.5/
[   +2 ms] Found plugin flutter_image_compress at /Users/saradafumiaki/.pub-cache/hosted/pub.dev/flutter_image_compress-2.4.0/
[        ] Found plugin flutter_image_compress_web at /Users/saradafumiaki/.pub-cache/hosted/pub.dev/flutter_image_compress_web-0.1.5/
[        ] Found plugin flutter_image_compress_ohos at /Users/saradafumiaki/.pub-cache/hosted/pub.dev/flutter_image_compress_ohos-0.0.3/
[   +2 ms] Found plugin flutter_image_compress_macos at /Users/saradafumiaki/.pub-cache/hosted/pub.dev/flutter_image_compress_macos-1.0.3/
[   +1 ms] Found plugin flutter_image_compress_common at /Users/saradafumiaki/.pub-cache/hosted/pub.dev/flutter_image_compress_common-1.0.6/
[        ] Found plugin firebase_storage at /Users/saradafumiaki/.pub-cache/hosted/pub.dev/firebase_storage-13.3.0/
[        ] Found plugin firebase_storage_web at /Users/saradafumiaki/.pub-cache/hosted/pub.dev/firebase_storage_web-3.11.5/
[        ] Found plugin firebase_crashlytics at /Users/saradafumiaki/.pub-cache/hosted/pub.dev/firebase_crashlytics-5.2.0/
[        ] Found plugin firebase_auth at /Users/saradafumiaki/.pub-cache/hosted/pub.dev/firebase_auth-6.4.0/
[        ] Found plugin firebase_auth_web at /Users/saradafumiaki/.pub-cache/hosted/pub.dev/firebase_auth_web-6.1.5/
[   +1 ms] Found plugin file_picker at /Users/saradafumiaki/.pub-cache/hosted/pub.dev/file_picker-8.3.7/
[        ] Found plugin flutter_plugin_android_lifecycle at /Users/saradafumiaki/.pub-cache/hosted/pub.dev/flutter_plugin_android_lifecycle-2.0.34/
[   +1 ms] Found plugin connectivity_plus at /Users/saradafumiaki/.pub-cache/hosted/pub.dev/connectivity_plus-6.1.5/
[        ] Found plugin audioplayers at /Users/saradafumiaki/.pub-cache/hosted/pub.dev/audioplayers-6.6.0/
[        ] Found plugin audioplayers_windows at /Users/saradafumiaki/.pub-cache/hosted/pub.dev/audioplayers_windows-4.3.0/
[        ] Found plugin audioplayers_web at /Users/saradafumiaki/.pub-cache/hosted/pub.dev/audioplayers_web-5.2.0/
[        ] Found plugin audioplayers_linux at /Users/saradafumiaki/.pub-cache/hosted/pub.dev/audioplayers_linux-4.2.1/
[        ] Found plugin audioplayers_darwin at /Users/saradafumiaki/.pub-cache/hosted/pub.dev/audioplayers_darwin-6.4.0/
[        ] Found plugin audioplayers_android at /Users/saradafumiaki/.pub-cache/hosted/pub.dev/audioplayers_android-5.2.1/
[   +2 ms] Skipping generating dart_plugin_registrant.dart because it is up-to-date.
[        ] <- recompile file:///var/folders/hh/1g2yms7d3890gm5lz8l0jmj80000gn/T/flutter_tools.X3xqwV/flutter_test_listener.MKjBIo/listener.dart 62f803d9-7fab-4722-b2b4-1a21e96f0114
[        ] file:///var/folders/hh/1g2yms7d3890gm5lz8l0jmj80000gn/T/flutter_tools.X3xqwV/flutter_test_listener.MKjBIo/listener.dart
[        ] file:///Users/saradafumiaki/Documents/Apps/kendo_os/.dart_tool/flutter_build/dart_plugin_registrant.dart
[        ] <- 62f803d9-7fab-4722-b2b4-1a21e96f0114
[ +179 ms] <- accept
[        ] <- reset
[        ] Compiling file:///var/folders/hh/1g2yms7d3890gm5lz8l0jmj80000gn/T/flutter_tools.X3xqwV/flutter_test_listener.MKjBIo/listener.dart took 283ms
[        ] Compiling file:///var/folders/hh/1g2yms7d3890gm5lz8l0jmj80000gn/T/flutter_tools.X3xqwV/flutter_test_listener.9Nx0Jt/listener.dart
[        ] test 2: starting test device
[        ] test 2: awaiting connection to test device
[   +3 ms] test 2: VM Service uri is not available
[        ] test 2: test harness socket server is running at port:53918
[        ] test 2: Starting flutter_tester process with command=[/Users/saradafumiaki/development/flutter/bin/cache/artifacts/engine/darwin-x64/flutter_tester, --disable-vm-service, --enable-checked-mode, --verify-entry-points, --enable-software-rendering, --skia-deterministic-rendering, --enable-dart-profiling, --non-interactive, --use-test-fonts, --disable-asset-fonts, --packages=/Users/saradafumiaki/Documents/Apps/kendo_os/.dart_tool/package_config.json, --flutter-assets-dir=/Users/saradafumiaki/Documents/Apps/kendo_os/build/unit_test_assets, /var/folders/hh/1g2yms7d3890gm5lz8l0jmj80000gn/T/flutter_tools.X3xqwV/flutter_test_listener.MKjBIo/listener.dart.dill], environment={FLUTTER_TEST: true, FONTCONFIG_FILE: /var/folders/hh/1g2yms7d3890gm5lz8l0jmj80000gn/T/flutter_tools.X3xqwV/flutter_test_fonts.hib7TY/fonts.conf, SERVER_PORT: 53918, APP_NAME: kendo_os, UNIT_TEST_ASSETS: /Users/saradafumiaki/Documents/Apps/kendo_os/build/unit_test_assets}
[   +7 ms] test 2: Started flutter_tester process at pid 33436
[  +20 ms] Found plugin integration_test at /Users/saradafumiaki/development/flutter/packages/integration_test/
[   +6 ms] Found plugin firebase_core at /Users/saradafumiaki/.pub-cache/hosted/pub.dev/firebase_core-4.7.0/
[        ] Found plugin firebase_core_web at /Users/saradafumiaki/.pub-cache/hosted/pub.dev/firebase_core_web-3.6.0/
[        ] Found plugin cloud_firestore at /Users/saradafumiaki/.pub-cache/hosted/pub.dev/cloud_firestore-6.3.0/
[        ] Found plugin cloud_firestore_web at /Users/saradafumiaki/.pub-cache/hosted/pub.dev/cloud_firestore_web-5.3.0/
[   +1 ms] Found plugin wakelock_plus at /Users/saradafumiaki/.pub-cache/hosted/pub.dev/wakelock_plus-1.5.2/
[   +1 ms] Found plugin package_info_plus at /Users/saradafumiaki/.pub-cache/hosted/pub.dev/package_info_plus-9.0.1/
[   +1 ms] Found plugin url_launcher at /Users/saradafumiaki/.pub-cache/hosted/pub.dev/url_launcher-6.3.2/
[        ] Found plugin url_launcher_windows at /Users/saradafumiaki/.pub-cache/hosted/pub.dev/url_launcher_windows-3.1.5/
[        ] Found plugin url_launcher_web at /Users/saradafumiaki/.pub-cache/hosted/pub.dev/url_launcher_web-2.4.2/
[        ] Found plugin url_launcher_macos at /Users/saradafumiaki/.pub-cache/hosted/pub.dev/url_launcher_macos-3.2.5/
[        ] Found plugin url_launcher_linux at /Users/saradafumiaki/.pub-cache/hosted/pub.dev/url_launcher_linux-3.2.2/
[        ] Found plugin url_launcher_ios at /Users/saradafumiaki/.pub-cache/hosted/pub.dev/url_launcher_ios-6.4.1/
[        ] Found plugin url_launcher_android at /Users/saradafumiaki/.pub-cache/hosted/pub.dev/url_launcher_android-6.3.29/
[        ] Found plugin syncfusion_flutter_pdfviewer at /Users/saradafumiaki/.pub-cache/hosted/pub.dev/syncfusion_flutter_pdfviewer-28.2.12/
[        ] Found plugin syncfusion_pdfviewer_windows at /Users/saradafumiaki/.pub-cache/hosted/pub.dev/syncfusion_pdfviewer_windows-28.2.12/
[        ] Found plugin syncfusion_pdfviewer_web at /Users/saradafumiaki/.pub-cache/hosted/pub.dev/syncfusion_pdfviewer_web-28.2.12/
[        ] Found plugin syncfusion_pdfviewer_macos at /Users/saradafumiaki/.pub-cache/hosted/pub.dev/syncfusion_pdfviewer_macos-28.2.12/
[   +1 ms] Found plugin device_info_plus at /Users/saradafumiaki/.pub-cache/hosted/pub.dev/device_info_plus-11.5.0/
[        ] Found plugin shared_preferences at /Users/saradafumiaki/.pub-cache/hosted/pub.dev/shared_preferences-2.5.5/
[        ] Found plugin shared_preferences_windows at /Users/saradafumiaki/.pub-cache/hosted/pub.dev/shared_preferences_windows-2.4.1/
[        ] Found plugin path_provider_windows at /Users/saradafumiaki/.pub-cache/hosted/pub.dev/path_provider_windows-2.3.0/
[        ] Found plugin shared_preferences_web at /Users/saradafumiaki/.pub-cache/hosted/pub.dev/shared_preferences_web-2.4.3/
[        ] Found plugin shared_preferences_linux at /Users/saradafumiaki/.pub-cache/hosted/pub.dev/shared_preferences_linux-2.4.1/
[        ] Found plugin path_provider_linux at /Users/saradafumiaki/.pub-cache/hosted/pub.dev/path_provider_linux-2.2.1/
[        ] Found plugin shared_preferences_foundation at /Users/saradafumiaki/.pub-cache/hosted/pub.dev/shared_preferences_foundation-2.5.6/
[        ] Found plugin shared_preferences_android at /Users/saradafumiaki/.pub-cache/hosted/pub.dev/shared_preferences_android-2.4.23/
[        ] Found plugin share_plus at /Users/saradafumiaki/.pub-cache/hosted/pub.dev/share_plus-12.0.2/
[        ] Found plugin path_provider at /Users/saradafumiaki/.pub-cache/hosted/pub.dev/path_provider-2.1.5/
[        ] Found plugin path_provider_foundation at /Users/saradafumiaki/.pub-cache/hosted/pub.dev/path_provider_foundation-2.6.0/
[   +5 ms] Found plugin path_provider_android at /Users/saradafumiaki/.pub-cache/hosted/pub.dev/path_provider_android-2.3.1/
[        ] Found plugin jni_flutter at /Users/saradafumiaki/.pub-cache/hosted/pub.dev/jni_flutter-1.0.1/
[        ] Found plugin jni at /Users/saradafumiaki/.pub-cache/hosted/pub.dev/jni-1.0.0/
[        ] Found plugin printing at /Users/saradafumiaki/.pub-cache/hosted/pub.dev/printing-5.14.3/
[   +2 ms] Found plugin isar_community_flutter_libs at /Users/saradafumiaki/.pub-cache/hosted/pub.dev/isar_community_flutter_libs-3.3.2/
[        ] Found plugin google_sign_in at /Users/saradafumiaki/.pub-cache/hosted/pub.dev/google_sign_in-6.3.0/
[        ] Found plugin google_sign_in_web at /Users/saradafumiaki/.pub-cache/hosted/pub.dev/google_sign_in_web-0.12.4+4/
[        ] Found plugin google_sign_in_ios at /Users/saradafumiaki/.pub-cache/hosted/pub.dev/google_sign_in_ios-5.9.0/
[        ] Found plugin google_sign_in_android at /Users/saradafumiaki/.pub-cache/hosted/pub.dev/google_sign_in_android-6.2.1/
[        ] Found plugin flutter_tts at /Users/saradafumiaki/.pub-cache/hosted/pub.dev/flutter_tts-4.2.5/
[   +1 ms] Found plugin flutter_image_compress at /Users/saradafumiaki/.pub-cache/hosted/pub.dev/flutter_image_compress-2.4.0/
[        ] Found plugin flutter_image_compress_web at /Users/saradafumiaki/.pub-cache/hosted/pub.dev/flutter_image_compress_web-0.1.5/
[        ] Found plugin flutter_image_compress_ohos at /Users/saradafumiaki/.pub-cache/hosted/pub.dev/flutter_image_compress_ohos-0.0.3/
[        ] Found plugin flutter_image_compress_macos at /Users/saradafumiaki/.pub-cache/hosted/pub.dev/flutter_image_compress_macos-1.0.3/
[        ] Found plugin flutter_image_compress_common at /Users/saradafumiaki/.pub-cache/hosted/pub.dev/flutter_image_compress_common-1.0.6/
[        ] Found plugin firebase_storage at /Users/saradafumiaki/.pub-cache/hosted/pub.dev/firebase_storage-13.3.0/
[        ] Found plugin firebase_storage_web at /Users/saradafumiaki/.pub-cache/hosted/pub.dev/firebase_storage_web-3.11.5/
[        ] Found plugin firebase_crashlytics at /Users/saradafumiaki/.pub-cache/hosted/pub.dev/firebase_crashlytics-5.2.0/
[        ] Found plugin firebase_auth at /Users/saradafumiaki/.pub-cache/hosted/pub.dev/firebase_auth-6.4.0/
[        ] Found plugin firebase_auth_web at /Users/saradafumiaki/.pub-cache/hosted/pub.dev/firebase_auth_web-6.1.5/
[        ] Found plugin file_picker at /Users/saradafumiaki/.pub-cache/hosted/pub.dev/file_picker-8.3.7/
[        ] Found plugin flutter_plugin_android_lifecycle at /Users/saradafumiaki/.pub-cache/hosted/pub.dev/flutter_plugin_android_lifecycle-2.0.34/
[        ] Found plugin connectivity_plus at /Users/saradafumiaki/.pub-cache/hosted/pub.dev/connectivity_plus-6.1.5/
[        ] Found plugin audioplayers at /Users/saradafumiaki/.pub-cache/hosted/pub.dev/audioplayers-6.6.0/
[        ] Found plugin audioplayers_windows at /Users/saradafumiaki/.pub-cache/hosted/pub.dev/audioplayers_windows-4.3.0/
[        ] Found plugin audioplayers_web at /Users/saradafumiaki/.pub-cache/hosted/pub.dev/audioplayers_web-5.2.0/
[        ] Found plugin audioplayers_linux at /Users/saradafumiaki/.pub-cache/hosted/pub.dev/audioplayers_linux-4.2.1/
[        ] Found plugin audioplayers_darwin at /Users/saradafumiaki/.pub-cache/hosted/pub.dev/audioplayers_darwin-6.4.0/
[        ] Found plugin audioplayers_android at /Users/saradafumiaki/.pub-cache/hosted/pub.dev/audioplayers_android-5.2.1/
[   +1 ms] Skipping generating dart_plugin_registrant.dart because it is up-to-date.
[        ] <- recompile file:///var/folders/hh/1g2yms7d3890gm5lz8l0jmj80000gn/T/flutter_tools.X3xqwV/flutter_test_listener.9Nx0Jt/listener.dart c9a97c69-4afe-4cb7-81b5-bfee3e7505b6
[        ] file:///var/folders/hh/1g2yms7d3890gm5lz8l0jmj80000gn/T/flutter_tools.X3xqwV/flutter_test_listener.9Nx0Jt/listener.dart
[        ] file:///Users/saradafumiaki/Documents/Apps/kendo_os/.dart_tool/flutter_build/dart_plugin_registrant.dart
[        ] <- c9a97c69-4afe-4cb7-81b5-bfee3e7505b6
[ +101 ms] <- accept
[        ] <- reset
[        ] Compiling file:///var/folders/hh/1g2yms7d3890gm5lz8l0jmj80000gn/T/flutter_tools.X3xqwV/flutter_test_listener.9Nx0Jt/listener.dart took 180ms
[        ] test 3: starting test device
[        ] test 3: awaiting connection to test device
[        ] test 3: VM Service uri is not available
[        ] test 3: test harness socket server is running at port:53919
[        ] test 3: Starting flutter_tester process with command=[/Users/saradafumiaki/development/flutter/bin/cache/artifacts/engine/darwin-x64/flutter_tester, --disable-vm-service, --enable-checked-mode, --verify-entry-points, --enable-software-rendering, --skia-deterministic-rendering, --enable-dart-profiling, --non-interactive, --use-test-fonts, --disable-asset-fonts, --packages=/Users/saradafumiaki/Documents/Apps/kendo_os/.dart_tool/package_config.json, --flutter-assets-dir=/Users/saradafumiaki/Documents/Apps/kendo_os/build/unit_test_assets, /var/folders/hh/1g2yms7d3890gm5lz8l0jmj80000gn/T/flutter_tools.X3xqwV/flutter_test_listener.9Nx0Jt/listener.dart.dill], environment={FLUTTER_TEST: true, FONTCONFIG_FILE: /var/folders/hh/1g2yms7d3890gm5lz8l0jmj80000gn/T/flutter_tools.X3xqwV/flutter_test_fonts.hib7TY/fonts.conf, SERVER_PORT: 53919, APP_NAME: kendo_os, UNIT_TEST_ASSETS: /Users/saradafumiaki/Documents/Apps/kendo_os/build/unit_test_assets}
[   +7 ms] test 3: Started flutter_tester process at pid 33437
[  +65 ms] test 1: connected to test device, now awaiting test result
[        ] test 1: Waiting for test harness or tests to finish
[   +3 ms] test 0: connected to test device, now awaiting test result
[        ] test 0: Waiting for test harness or tests to finish
00:00 +0: /Users/saradafumiaki/Documents/Apps/kendo_os/test/unit/security/pwa_session_persistence_test.dart: 🔒 Phase 14 - PWA実運用セッション永続化＆タイムアウト防衛テスト 【セッション寿命検証】Adminロールでログインした際、有効期限が仕様通り「30分間」に厳格制限されていること
00:00 +1: /Users/saradafumiaki/Documents/Apps/kendo_os/test/unit/shared/painters/league_table_painters_test.dart: 🎨 League Table Painters Tests (描画レイヤー保護テスト) 1. DiagonalLinePainter - 斜め線が例外なく描画されること
00:00 +2: /Users/saradafumiaki/Documents/Apps/kendo_os/test/unit/shared/painters/league_table_painters_test.dart: 🎨 League Table Painters Tests (描画レイヤー保護テスト) 1. DiagonalLinePainter - 斜め線が例外なく描画されること
00:00 +3: /Users/saradafumiaki/Documents/Apps/kendo_os/test/unit/shared/painters/league_table_painters_test.dart: 🎨 League Table Painters Tests (描画レイヤー保護テスト) 1. DiagonalLinePainter - 斜め線が例外なく描画されること
00:00 +4: /Users/saradafumiaki/Documents/Apps/kendo_os/test/unit/shared/painters/league_table_painters_test.dart: 🎨 League Table Painters Tests (描画レイヤー保護テスト) 1. DiagonalLinePainter - 斜め線が例外なく描画されること
[ +129 ms] test 0: Test harness is no longer needed by test process
[        ] test 0: finished
[        ] test 0: cleaning up...
[        ] test 0: ensuring test device is terminated.
[        ] test 0: Terminating flutter_tester process
[        ] test 0: Shutting down DevTools server
[        ] test 0: Test process is no longer needed by test harness
[        ] test 0: Shutting down test harness socket server
[   +4 ms] test 0: flutter_tester process at pid 33434 exited with code=-9
[        ] test 0: deleting temporary directory
[   +2 ms] test 0: finished
[   +1 ms] test 4: starting test /Users/saradafumiaki/Documents/Apps/kendo_os/test/unit/application/usecases/match_usecase_test.dart
[   +1 ms] Stopping scan for flutter_test_config.dart; found project root at /Users/saradafumiaki/Documents/Apps/kendo_os
[   +1 ms] Compiling file:///var/folders/hh/1g2yms7d3890gm5lz8l0jmj80000gn/T/flutter_tools.X3xqwV/flutter_test_listener.iyA5hH/listener.dart
[  +34 ms] Found plugin integration_test at /Users/saradafumiaki/development/flutter/packages/integration_test/
[  +10 ms] Found plugin firebase_core at /Users/saradafumiaki/.pub-cache/hosted/pub.dev/firebase_core-4.7.0/
[        ] Found plugin firebase_core_web at /Users/saradafumiaki/.pub-cache/hosted/pub.dev/firebase_core_web-3.6.0/
[   +1 ms] Found plugin cloud_firestore at /Users/saradafumiaki/.pub-cache/hosted/pub.dev/cloud_firestore-6.3.0/
[        ] Found plugin cloud_firestore_web at /Users/saradafumiaki/.pub-cache/hosted/pub.dev/cloud_firestore_web-5.3.0/
[   +1 ms] Found plugin wakelock_plus at /Users/saradafumiaki/.pub-cache/hosted/pub.dev/wakelock_plus-1.5.2/
[   +1 ms] Found plugin package_info_plus at /Users/saradafumiaki/.pub-cache/hosted/pub.dev/package_info_plus-9.0.1/
[   +2 ms] Found plugin url_launcher at /Users/saradafumiaki/.pub-cache/hosted/pub.dev/url_launcher-6.3.2/
[        ] Found plugin url_launcher_windows at /Users/saradafumiaki/.pub-cache/hosted/pub.dev/url_launcher_windows-3.1.5/
[        ] Found plugin url_launcher_web at /Users/saradafumiaki/.pub-cache/hosted/pub.dev/url_launcher_web-2.4.2/
[        ] Found plugin url_launcher_macos at /Users/saradafumiaki/.pub-cache/hosted/pub.dev/url_launcher_macos-3.2.5/
[        ] Found plugin url_launcher_linux at /Users/saradafumiaki/.pub-cache/hosted/pub.dev/url_launcher_linux-3.2.2/
[        ] Found plugin url_launcher_ios at /Users/saradafumiaki/.pub-cache/hosted/pub.dev/url_launcher_ios-6.4.1/
[        ] Found plugin url_launcher_android at /Users/saradafumiaki/.pub-cache/hosted/pub.dev/url_launcher_android-6.3.29/
[        ] Found plugin syncfusion_flutter_pdfviewer at /Users/saradafumiaki/.pub-cache/hosted/pub.dev/syncfusion_flutter_pdfviewer-28.2.12/
[        ] Found plugin syncfusion_pdfviewer_windows at /Users/saradafumiaki/.pub-cache/hosted/pub.dev/syncfusion_pdfviewer_windows-28.2.12/
[        ] Found plugin syncfusion_pdfviewer_web at /Users/saradafumiaki/.pub-cache/hosted/pub.dev/syncfusion_pdfviewer_web-28.2.12/
[        ] Found plugin syncfusion_pdfviewer_macos at /Users/saradafumiaki/.pub-cache/hosted/pub.dev/syncfusion_pdfviewer_macos-28.2.12/
[   +1 ms] Found plugin device_info_plus at /Users/saradafumiaki/.pub-cache/hosted/pub.dev/device_info_plus-11.5.0/
[   +1 ms] Found plugin shared_preferences at /Users/saradafumiaki/.pub-cache/hosted/pub.dev/shared_preferences-2.5.5/
[        ] Found plugin shared_preferences_windows at /Users/saradafumiaki/.pub-cache/hosted/pub.dev/shared_preferences_windows-2.4.1/
[        ] Found plugin path_provider_windows at /Users/saradafumiaki/.pub-cache/hosted/pub.dev/path_provider_windows-2.3.0/
[        ] Found plugin shared_preferences_web at /Users/saradafumiaki/.pub-cache/hosted/pub.dev/shared_preferences_web-2.4.3/
[        ] Found plugin shared_preferences_linux at /Users/saradafumiaki/.pub-cache/hosted/pub.dev/shared_preferences_linux-2.4.1/
[        ] Found plugin path_provider_linux at /Users/saradafumiaki/.pub-cache/hosted/pub.dev/path_provider_linux-2.2.1/
[        ] Found plugin shared_preferences_foundation at /Users/saradafumiaki/.pub-cache/hosted/pub.dev/shared_preferences_foundation-2.5.6/
[        ] Found plugin shared_preferences_android at /Users/saradafumiaki/.pub-cache/hosted/pub.dev/shared_preferences_android-2.4.23/
[        ] Found plugin share_plus at /Users/saradafumiaki/.pub-cache/hosted/pub.dev/share_plus-12.0.2/
[        ] Found plugin path_provider at /Users/saradafumiaki/.pub-cache/hosted/pub.dev/path_provider-2.1.5/
[        ] Found plugin path_provider_foundation at /Users/saradafumiaki/.pub-cache/hosted/pub.dev/path_provider_foundation-2.6.0/
[   +1 ms] Found plugin path_provider_android at /Users/saradafumiaki/.pub-cache/hosted/pub.dev/path_provider_android-2.3.1/
[        ] Found plugin jni_flutter at /Users/saradafumiaki/.pub-cache/hosted/pub.dev/jni_flutter-1.0.1/
[        ] Found plugin jni at /Users/saradafumiaki/.pub-cache/hosted/pub.dev/jni-1.0.0/
[   +1 ms] Found plugin printing at /Users/saradafumiaki/.pub-cache/hosted/pub.dev/printing-5.14.3/
[   +2 ms] Found plugin isar_community_flutter_libs at /Users/saradafumiaki/.pub-cache/hosted/pub.dev/isar_community_flutter_libs-3.3.2/
[        ] Found plugin google_sign_in at /Users/saradafumiaki/.pub-cache/hosted/pub.dev/google_sign_in-6.3.0/
[        ] Found plugin google_sign_in_web at /Users/saradafumiaki/.pub-cache/hosted/pub.dev/google_sign_in_web-0.12.4+4/
[        ] Found plugin google_sign_in_ios at /Users/saradafumiaki/.pub-cache/hosted/pub.dev/google_sign_in_ios-5.9.0/
[        ] Found plugin google_sign_in_android at /Users/saradafumiaki/.pub-cache/hosted/pub.dev/google_sign_in_android-6.2.1/
[   +1 ms] Found plugin flutter_tts at /Users/saradafumiaki/.pub-cache/hosted/pub.dev/flutter_tts-4.2.5/
[   +1 ms] Found plugin flutter_image_compress at /Users/saradafumiaki/.pub-cache/hosted/pub.dev/flutter_image_compress-2.4.0/
[        ] Found plugin flutter_image_compress_web at /Users/saradafumiaki/.pub-cache/hosted/pub.dev/flutter_image_compress_web-0.1.5/
[        ] Found plugin flutter_image_compress_ohos at /Users/saradafumiaki/.pub-cache/hosted/pub.dev/flutter_image_compress_ohos-0.0.3/
[        ] Found plugin flutter_image_compress_macos at /Users/saradafumiaki/.pub-cache/hosted/pub.dev/flutter_image_compress_macos-1.0.3/
[        ] Found plugin flutter_image_compress_common at /Users/saradafumiaki/.pub-cache/hosted/pub.dev/flutter_image_compress_common-1.0.6/
[        ] Found plugin firebase_storage at /Users/saradafumiaki/.pub-cache/hosted/pub.dev/firebase_storage-13.3.0/
[        ] Found plugin firebase_storage_web at /Users/saradafumiaki/.pub-cache/hosted/pub.dev/firebase_storage_web-3.11.5/
[        ] Found plugin firebase_crashlytics at /Users/saradafumiaki/.pub-cache/hosted/pub.dev/firebase_crashlytics-5.2.0/
[        ] Found plugin firebase_auth at /Users/saradafumiaki/.pub-cache/hosted/pub.dev/firebase_auth-6.4.0/
[        ] Found plugin firebase_auth_web at /Users/saradafumiaki/.pub-cache/hosted/pub.dev/firebase_auth_web-6.1.5/
[        ] Found plugin file_picker at /Users/saradafumiaki/.pub-cache/hosted/pub.dev/file_picker-8.3.7/
[        ] Found plugin flutter_plugin_android_lifecycle at /Users/saradafumiaki/.pub-cache/hosted/pub.dev/flutter_plugin_android_lifecycle-2.0.34/
[   +1 ms] Found plugin connectivity_plus at /Users/saradafumiaki/.pub-cache/hosted/pub.dev/connectivity_plus-6.1.5/
[   +1 ms] Found plugin audioplayers at /Users/saradafumiaki/.pub-cache/hosted/pub.dev/audioplayers-6.6.0/
[   +1 ms] Found plugin audioplayers_windows at /Users/saradafumiaki/.pub-cache/hosted/pub.dev/audioplayers_windows-4.3.0/
[        ] Found plugin audioplayers_web at /Users/saradafumiaki/.pub-cache/hosted/pub.dev/audioplayers_web-5.2.0/
[        ] Found plugin audioplayers_linux at /Users/saradafumiaki/.pub-cache/hosted/pub.dev/audioplayers_linux-4.2.1/
[        ] Found plugin audioplayers_darwin at /Users/saradafumiaki/.pub-cache/hosted/pub.dev/audioplayers_darwin-6.4.0/
[        ] Found plugin audioplayers_android at /Users/saradafumiaki/.pub-cache/hosted/pub.dev/audioplayers_android-5.2.1/
[   +2 ms] Skipping generating dart_plugin_registrant.dart because it is up-to-date.
[        ] <- recompile file:///var/folders/hh/1g2yms7d3890gm5lz8l0jmj80000gn/T/flutter_tools.X3xqwV/flutter_test_listener.iyA5hH/listener.dart c139d942-2f0a-4b4b-b4a3-e7467288181f
[        ] file:///var/folders/hh/1g2yms7d3890gm5lz8l0jmj80000gn/T/flutter_tools.X3xqwV/flutter_test_listener.iyA5hH/listener.dart
[        ] file:///Users/saradafumiaki/Documents/Apps/kendo_os/.dart_tool/flutter_build/dart_plugin_registrant.dart
[        ] <- c139d942-2f0a-4b4b-b4a3-e7467288181f
[ +131 ms] test 2: connected to test device, now awaiting test result
[        ] test 2: Waiting for test harness or tests to finish
[  +64 ms] <- accept
[        ] <- reset
[        ] Compiling file:///var/folders/hh/1g2yms7d3890gm5lz8l0jmj80000gn/T/flutter_tools.X3xqwV/flutter_test_listener.iyA5hH/listener.dart took 290ms
[        ] test 4: starting test device
[        ] test 4: awaiting connection to test device
[        ] test 4: VM Service uri is not available
[        ] test 4: test harness socket server is running at port:53923
[        ] test 4: Starting flutter_tester process with command=[/Users/saradafumiaki/development/flutter/bin/cache/artifacts/engine/darwin-x64/flutter_tester, --disable-vm-service, --enable-checked-mode, --verify-entry-points, --enable-software-rendering, --skia-deterministic-rendering, --enable-dart-profiling, --non-interactive, --use-test-fonts, --disable-asset-fonts, --packages=/Users/saradafumiaki/Documents/Apps/kendo_os/.dart_tool/package_config.json, --flutter-assets-dir=/Users/saradafumiaki/Documents/Apps/kendo_os/build/unit_test_assets, /var/folders/hh/1g2yms7d3890gm5lz8l0jmj80000gn/T/flutter_tools.X3xqwV/flutter_test_listener.iyA5hH/listener.dart.dill], environment={FLUTTER_TEST: true, FONTCONFIG_FILE: /var/folders/hh/1g2yms7d3890gm5lz8l0jmj80000gn/T/flutter_tools.X3xqwV/flutter_test_fonts.hib7TY/fonts.conf, SERVER_PORT: 53923, APP_NAME: kendo_os, UNIT_TEST_ASSETS: /Users/saradafumiaki/Documents/Apps/kendo_os/build/unit_test_assets}
[  +10 ms] test 4: Started flutter_tester process at pid 33438
00:00 +5: /Users/saradafumiaki/Documents/Apps/kendo_os/test/unit/shared/painters/league_table_painters_test.dart: 🎨 League Table Painters Tests (描画レイヤー保護テスト) 1. DiagonalLinePainter - 斜め線が例外なく描画されること
[  +27 ms] test 3: connected to test device, now awaiting test result
[        ] test 3: Waiting for test harness or tests to finish
00:00 +6: /Users/saradafumiaki/Documents/Apps/kendo_os/test/unit/shared/painters/league_table_painters_test.dart: 🎨 League Table Painters Tests (描画レイヤー保護テスト) 1. DiagonalLinePainter - 斜め線が例外なく描画されること
[   +3 ms] test 2: Test harness is no longer needed by test process
[        ] test 2: finished
[        ] test 2: cleaning up...
[        ] test 2: ensuring test device is terminated.
[        ] test 2: Terminating flutter_tester process
[        ] test 2: Shutting down DevTools server
[        ] test 2: Test process is no longer needed by test harness
[        ] test 2: Shutting down test harness socket server
[   +4 ms] test 2: flutter_tester process at pid 33436 exited with code=-9
[        ] test 2: deleting temporary directory
[   +3 ms] test 2: finished
[        ] test 5: starting test /Users/saradafumiaki/Documents/Apps/kendo_os/test/unit/application/services/pdf/widgets/pdf_team_table_test.dart
[   +1 ms] Stopping scan for flutter_test_config.dart; found project root at /Users/saradafumiaki/Documents/Apps/kendo_os
[   +1 ms] Compiling file:///var/folders/hh/1g2yms7d3890gm5lz8l0jmj80000gn/T/flutter_tools.X3xqwV/flutter_test_listener.Wd9qpm/listener.dart
[  +57 ms] Found plugin integration_test at /Users/saradafumiaki/development/flutter/packages/integration_test/
[  +10 ms] Found plugin firebase_core at /Users/saradafumiaki/.pub-cache/hosted/pub.dev/firebase_core-4.7.0/
[        ] Found plugin firebase_core_web at /Users/saradafumiaki/.pub-cache/hosted/pub.dev/firebase_core_web-3.6.0/
[   +1 ms] Found plugin cloud_firestore at /Users/saradafumiaki/.pub-cache/hosted/pub.dev/cloud_firestore-6.3.0/
[        ] Found plugin cloud_firestore_web at /Users/saradafumiaki/.pub-cache/hosted/pub.dev/cloud_firestore_web-5.3.0/
[   +2 ms] Found plugin wakelock_plus at /Users/saradafumiaki/.pub-cache/hosted/pub.dev/wakelock_plus-1.5.2/
[   +1 ms] Found plugin package_info_plus at /Users/saradafumiaki/.pub-cache/hosted/pub.dev/package_info_plus-9.0.1/
[   +3 ms] Found plugin url_launcher at /Users/saradafumiaki/.pub-cache/hosted/pub.dev/url_launcher-6.3.2/
[        ] Found plugin url_launcher_windows at /Users/saradafumiaki/.pub-cache/hosted/pub.dev/url_launcher_windows-3.1.5/
[        ] Found plugin url_launcher_web at /Users/saradafumiaki/.pub-cache/hosted/pub.dev/url_launcher_web-2.4.2/
[        ] Found plugin url_launcher_macos at /Users/saradafumiaki/.pub-cache/hosted/pub.dev/url_launcher_macos-3.2.5/
[        ] Found plugin url_launcher_linux at /Users/saradafumiaki/.pub-cache/hosted/pub.dev/url_launcher_linux-3.2.2/
[        ] Found plugin url_launcher_ios at /Users/saradafumiaki/.pub-cache/hosted/pub.dev/url_launcher_ios-6.4.1/
[        ] Found plugin url_launcher_android at /Users/saradafumiaki/.pub-cache/hosted/pub.dev/url_launcher_android-6.3.29/
[        ] Found plugin syncfusion_flutter_pdfviewer at /Users/saradafumiaki/.pub-cache/hosted/pub.dev/syncfusion_flutter_pdfviewer-28.2.12/
[        ] Found plugin syncfusion_pdfviewer_windows at /Users/saradafumiaki/.pub-cache/hosted/pub.dev/syncfusion_pdfviewer_windows-28.2.12/
[        ] Found plugin syncfusion_pdfviewer_web at /Users/saradafumiaki/.pub-cache/hosted/pub.dev/syncfusion_pdfviewer_web-28.2.12/
[        ] Found plugin syncfusion_pdfviewer_macos at /Users/saradafumiaki/.pub-cache/hosted/pub.dev/syncfusion_pdfviewer_macos-28.2.12/
[   +1 ms] Found plugin device_info_plus at /Users/saradafumiaki/.pub-cache/hosted/pub.dev/device_info_plus-11.5.0/
[   +1 ms] Found plugin shared_preferences at /Users/saradafumiaki/.pub-cache/hosted/pub.dev/shared_preferences-2.5.5/
[        ] Found plugin shared_preferences_windows at /Users/saradafumiaki/.pub-cache/hosted/pub.dev/shared_preferences_windows-2.4.1/
[        ] Found plugin path_provider_windows at /Users/saradafumiaki/.pub-cache/hosted/pub.dev/path_provider_windows-2.3.0/
[   +1 ms] Found plugin shared_preferences_web at /Users/saradafumiaki/.pub-cache/hosted/pub.dev/shared_preferences_web-2.4.3/
[   +1 ms] Found plugin shared_preferences_linux at /Users/saradafumiaki/.pub-cache/hosted/pub.dev/shared_preferences_linux-2.4.1/
[        ] Found plugin path_provider_linux at /Users/saradafumiaki/.pub-cache/hosted/pub.dev/path_provider_linux-2.2.1/
[   +1 ms] Found plugin shared_preferences_foundation at /Users/saradafumiaki/.pub-cache/hosted/pub.dev/shared_preferences_foundation-2.5.6/
[        ] Found plugin shared_preferences_android at /Users/saradafumiaki/.pub-cache/hosted/pub.dev/shared_preferences_android-2.4.23/
[        ] Found plugin share_plus at /Users/saradafumiaki/.pub-cache/hosted/pub.dev/share_plus-12.0.2/
[   +1 ms] Found plugin path_provider at /Users/saradafumiaki/.pub-cache/hosted/pub.dev/path_provider-2.1.5/
[        ] Found plugin path_provider_foundation at /Users/saradafumiaki/.pub-cache/hosted/pub.dev/path_provider_foundation-2.6.0/
[   +3 ms] Found plugin path_provider_android at /Users/saradafumiaki/.pub-cache/hosted/pub.dev/path_provider_android-2.3.1/
[        ] Found plugin jni_flutter at /Users/saradafumiaki/.pub-cache/hosted/pub.dev/jni_flutter-1.0.1/
[   +1 ms] Found plugin jni at /Users/saradafumiaki/.pub-cache/hosted/pub.dev/jni-1.0.0/
[   +2 ms] Found plugin printing at /Users/saradafumiaki/.pub-cache/hosted/pub.dev/printing-5.14.3/
[   +5 ms] Found plugin isar_community_flutter_libs at /Users/saradafumiaki/.pub-cache/hosted/pub.dev/isar_community_flutter_libs-3.3.2/
[   +1 ms] Found plugin google_sign_in at /Users/saradafumiaki/.pub-cache/hosted/pub.dev/google_sign_in-6.3.0/
[        ] Found plugin google_sign_in_web at /Users/saradafumiaki/.pub-cache/hosted/pub.dev/google_sign_in_web-0.12.4+4/
[   +2 ms] Found plugin google_sign_in_ios at /Users/saradafumiaki/.pub-cache/hosted/pub.dev/google_sign_in_ios-5.9.0/
[   +1 ms] Found plugin google_sign_in_android at /Users/saradafumiaki/.pub-cache/hosted/pub.dev/google_sign_in_android-6.2.1/
00:00 +7: /Users/saradafumiaki/Documents/Apps/kendo_os/test/unit/shared/painters/league_table_painters_test.dart: 🎨 League Table Painters Tests (描画レイヤー保護テスト) 1. DiagonalLinePainter - 斜め線が例外なく描画されること
[   +4 ms] test 3: Test harness is no longer needed by test process
[        ] test 3: finished
[        ] test 3: cleaning up...
[        ] test 3: ensuring test device is terminated.
[        ] test 3: Terminating flutter_tester process
[        ] test 3: Shutting down DevTools server
[        ] test 3: Test process is no longer needed by test harness
[        ] test 3: Shutting down test harness socket server
[        ] Found plugin flutter_tts at /Users/saradafumiaki/.pub-cache/hosted/pub.dev/flutter_tts-4.2.5/
[   +4 ms] test 3: flutter_tester process at pid 33437 exited with code=-9
[        ] test 3: deleting temporary directory
[   +3 ms] test 3: finished
[        ] test 6: starting test /Users/saradafumiaki/Documents/Apps/kendo_os/test/unit/application/services/pdf/widgets/pdf_individual_list_test.dart
[   +1 ms] Stopping scan for flutter_test_config.dart; found project root at /Users/saradafumiaki/Documents/Apps/kendo_os
[   +1 ms] Found plugin flutter_image_compress at /Users/saradafumiaki/.pub-cache/hosted/pub.dev/flutter_image_compress-2.4.0/
[        ] Found plugin flutter_image_compress_web at /Users/saradafumiaki/.pub-cache/hosted/pub.dev/flutter_image_compress_web-0.1.5/
[   +1 ms] Found plugin flutter_image_compress_ohos at /Users/saradafumiaki/.pub-cache/hosted/pub.dev/flutter_image_compress_ohos-0.0.3/
[        ] Found plugin flutter_image_compress_macos at /Users/saradafumiaki/.pub-cache/hosted/pub.dev/flutter_image_compress_macos-1.0.3/
[        ] Found plugin flutter_image_compress_common at /Users/saradafumiaki/.pub-cache/hosted/pub.dev/flutter_image_compress_common-1.0.6/
[        ] Found plugin firebase_storage at /Users/saradafumiaki/.pub-cache/hosted/pub.dev/firebase_storage-13.3.0/
[        ] Found plugin firebase_storage_web at /Users/saradafumiaki/.pub-cache/hosted/pub.dev/firebase_storage_web-3.11.5/
[   +1 ms] Found plugin firebase_crashlytics at /Users/saradafumiaki/.pub-cache/hosted/pub.dev/firebase_crashlytics-5.2.0/
[   +1 ms] Found plugin firebase_auth at /Users/saradafumiaki/.pub-cache/hosted/pub.dev/firebase_auth-6.4.0/
[        ] Found plugin firebase_auth_web at /Users/saradafumiaki/.pub-cache/hosted/pub.dev/firebase_auth_web-6.1.5/
[   +1 ms] Found plugin file_picker at /Users/saradafumiaki/.pub-cache/hosted/pub.dev/file_picker-8.3.7/
[   +1 ms] Found plugin flutter_plugin_android_lifecycle at /Users/saradafumiaki/.pub-cache/hosted/pub.dev/flutter_plugin_android_lifecycle-2.0.34/
[   +2 ms] Found plugin connectivity_plus at /Users/saradafumiaki/.pub-cache/hosted/pub.dev/connectivity_plus-6.1.5/
[   +1 ms] Found plugin audioplayers at /Users/saradafumiaki/.pub-cache/hosted/pub.dev/audioplayers-6.6.0/
[   +1 ms] Found plugin audioplayers_windows at /Users/saradafumiaki/.pub-cache/hosted/pub.dev/audioplayers_windows-4.3.0/
[   +1 ms] Found plugin audioplayers_web at /Users/saradafumiaki/.pub-cache/hosted/pub.dev/audioplayers_web-5.2.0/
[        ] Found plugin audioplayers_linux at /Users/saradafumiaki/.pub-cache/hosted/pub.dev/audioplayers_linux-4.2.1/
[        ] Found plugin audioplayers_darwin at /Users/saradafumiaki/.pub-cache/hosted/pub.dev/audioplayers_darwin-6.4.0/
[        ] Found plugin audioplayers_android at /Users/saradafumiaki/.pub-cache/hosted/pub.dev/audioplayers_android-5.2.1/
[   +2 ms] Skipping generating dart_plugin_registrant.dart because it is up-to-date.
[        ] <- recompile file:///var/folders/hh/1g2yms7d3890gm5lz8l0jmj80000gn/T/flutter_tools.X3xqwV/flutter_test_listener.Wd9qpm/listener.dart 6201d48f-9e50-450e-8eb7-7c0038d01758
[        ] file:///var/folders/hh/1g2yms7d3890gm5lz8l0jmj80000gn/T/flutter_tools.X3xqwV/flutter_test_listener.Wd9qpm/listener.dart
[        ] file:///Users/saradafumiaki/Documents/Apps/kendo_os/.dart_tool/flutter_build/dart_plugin_registrant.dart
[        ] <- 6201d48f-9e50-450e-8eb7-7c0038d01758
00:00 +8: /Users/saradafumiaki/Documents/Apps/kendo_os/test/unit/shared/painters/league_table_painters_test.dart: 🎨 League Table Painters Tests (描画レイヤー保護テスト) 2. ResultShapePainter [Win] - 勝ち(◯)が例外なく描画されること
00:00 +9: /Users/saradafumiaki/Documents/Apps/kendo_os/test/unit/shared/painters/league_table_painters_test.dart: 🎨 League Table Painters Tests (描画レイヤー保護テスト) 3. ResultShapePainter [Loss] - 負け(△)が例外なく描画されること
00:00 +10: /Users/saradafumiaki/Documents/Apps/kendo_os/test/unit/shared/painters/league_table_painters_test.dart: 🎨 League Table Painters Tests (描画レイヤー保護テスト) 4. ResultShapePainter [Draw] - 引き分け(✕)が例外なく描画されること
[ +152 ms] test 1: Test harness is no longer needed by test process
[        ] test 1: finished
[        ] test 1: cleaning up...
[        ] test 1: ensuring test device is terminated.
[        ] test 1: Terminating flutter_tester process
[        ] test 1: Shutting down DevTools server
[        ] test 1: Test process is no longer needed by test harness
[        ] test 1: Shutting down test harness socket server
[   +4 ms] test 1: flutter_tester process at pid 33435 exited with code=-9
[        ] test 1: deleting temporary directory
[   +3 ms] test 1: finished
[        ] test 7: starting test /Users/saradafumiaki/Documents/Apps/kendo_os/test/unit/infrastructure/repository/local_match_repository_test.dart
[   +1 ms] Stopping scan for flutter_test_config.dart; found project root at /Users/saradafumiaki/Documents/Apps/kendo_os
[  +20 ms] <- accept
[        ] <- reset
[        ] Compiling file:///var/folders/hh/1g2yms7d3890gm5lz8l0jmj80000gn/T/flutter_tools.X3xqwV/flutter_test_listener.Wd9qpm/listener.dart took 345ms
[        ] Compiling file:///var/folders/hh/1g2yms7d3890gm5lz8l0jmj80000gn/T/flutter_tools.X3xqwV/flutter_test_listener.ibXcXD/listener.dart
[        ] test 5: starting test device
[        ] test 5: awaiting connection to test device
[   +5 ms] test 5: VM Service uri is not available
[        ] test 5: test harness socket server is running at port:53927
[        ] test 5: Starting flutter_tester process with command=[/Users/saradafumiaki/development/flutter/bin/cache/artifacts/engine/darwin-x64/flutter_tester, --disable-vm-service, --enable-checked-mode, --verify-entry-points, --enable-software-rendering, --skia-deterministic-rendering, --enable-dart-profiling, --non-interactive, --use-test-fonts, --disable-asset-fonts, --packages=/Users/saradafumiaki/Documents/Apps/kendo_os/.dart_tool/package_config.json, --flutter-assets-dir=/Users/saradafumiaki/Documents/Apps/kendo_os/build/unit_test_assets, /var/folders/hh/1g2yms7d3890gm5lz8l0jmj80000gn/T/flutter_tools.X3xqwV/flutter_test_listener.Wd9qpm/listener.dart.dill], environment={FLUTTER_TEST: true, FONTCONFIG_FILE: /var/folders/hh/1g2yms7d3890gm5lz8l0jmj80000gn/T/flutter_tools.X3xqwV/flutter_test_fonts.hib7TY/fonts.conf, SERVER_PORT: 53927, APP_NAME: kendo_os, UNIT_TEST_ASSETS: /Users/saradafumiaki/Documents/Apps/kendo_os/build/unit_test_assets}
[   +4 ms] test 5: Started flutter_tester process at pid 33443
[  +50 ms] Found plugin integration_test at /Users/saradafumiaki/development/flutter/packages/integration_test/
[  +19 ms] Found plugin firebase_core at /Users/saradafumiaki/.pub-cache/hosted/pub.dev/firebase_core-4.7.0/
[   +2 ms] Found plugin firebase_core_web at /Users/saradafumiaki/.pub-cache/hosted/pub.dev/firebase_core_web-3.6.0/
[   +4 ms] Found plugin cloud_firestore at /Users/saradafumiaki/.pub-cache/hosted/pub.dev/cloud_firestore-6.3.0/
[   +1 ms] Found plugin cloud_firestore_web at /Users/saradafumiaki/.pub-cache/hosted/pub.dev/cloud_firestore_web-5.3.0/
[   +7 ms] Found plugin wakelock_plus at /Users/saradafumiaki/.pub-cache/hosted/pub.dev/wakelock_plus-1.5.2/
[   +2 ms] Found plugin package_info_plus at /Users/saradafumiaki/.pub-cache/hosted/pub.dev/package_info_plus-9.0.1/
[   +5 ms] Found plugin url_launcher at /Users/saradafumiaki/.pub-cache/hosted/pub.dev/url_launcher-6.3.2/
[        ] Found plugin url_launcher_windows at /Users/saradafumiaki/.pub-cache/hosted/pub.dev/url_launcher_windows-3.1.5/
[   +1 ms] Found plugin url_launcher_web at /Users/saradafumiaki/.pub-cache/hosted/pub.dev/url_launcher_web-2.4.2/
[        ] Found plugin url_launcher_macos at /Users/saradafumiaki/.pub-cache/hosted/pub.dev/url_launcher_macos-3.2.5/
[   +1 ms] Found plugin url_launcher_linux at /Users/saradafumiaki/.pub-cache/hosted/pub.dev/url_launcher_linux-3.2.2/
[   +2 ms] Found plugin url_launcher_ios at /Users/saradafumiaki/.pub-cache/hosted/pub.dev/url_launcher_ios-6.4.1/
[        ] Found plugin url_launcher_android at /Users/saradafumiaki/.pub-cache/hosted/pub.dev/url_launcher_android-6.3.29/
[   +1 ms] Found plugin syncfusion_flutter_pdfviewer at /Users/saradafumiaki/.pub-cache/hosted/pub.dev/syncfusion_flutter_pdfviewer-28.2.12/
[        ] Found plugin syncfusion_pdfviewer_windows at /Users/saradafumiaki/.pub-cache/hosted/pub.dev/syncfusion_pdfviewer_windows-28.2.12/
[        ] Found plugin syncfusion_pdfviewer_web at /Users/saradafumiaki/.pub-cache/hosted/pub.dev/syncfusion_pdfviewer_web-28.2.12/
[   +2 ms] Found plugin syncfusion_pdfviewer_macos at /Users/saradafumiaki/.pub-cache/hosted/pub.dev/syncfusion_pdfviewer_macos-28.2.12/
[   +4 ms] Found plugin device_info_plus at /Users/saradafumiaki/.pub-cache/hosted/pub.dev/device_info_plus-11.5.0/
[   +3 ms] Found plugin shared_preferences at /Users/saradafumiaki/.pub-cache/hosted/pub.dev/shared_preferences-2.5.5/
[   +1 ms] Found plugin shared_preferences_windows at /Users/saradafumiaki/.pub-cache/hosted/pub.dev/shared_preferences_windows-2.4.1/
[        ] Found plugin path_provider_windows at /Users/saradafumiaki/.pub-cache/hosted/pub.dev/path_provider_windows-2.3.0/
[   +1 ms] Found plugin shared_preferences_web at /Users/saradafumiaki/.pub-cache/hosted/pub.dev/shared_preferences_web-2.4.3/
[   +1 ms] Found plugin shared_preferences_linux at /Users/saradafumiaki/.pub-cache/hosted/pub.dev/shared_preferences_linux-2.4.1/
[   +3 ms] Found plugin path_provider_linux at /Users/saradafumiaki/.pub-cache/hosted/pub.dev/path_provider_linux-2.2.1/
[   +2 ms] Found plugin shared_preferences_foundation at /Users/saradafumiaki/.pub-cache/hosted/pub.dev/shared_preferences_foundation-2.5.6/
[        ] Found plugin shared_preferences_android at /Users/saradafumiaki/.pub-cache/hosted/pub.dev/shared_preferences_android-2.4.23/
[        ] Found plugin share_plus at /Users/saradafumiaki/.pub-cache/hosted/pub.dev/share_plus-12.0.2/
[   +5 ms] Found plugin path_provider at /Users/saradafumiaki/.pub-cache/hosted/pub.dev/path_provider-2.1.5/
[   +1 ms] Found plugin path_provider_foundation at /Users/saradafumiaki/.pub-cache/hosted/pub.dev/path_provider_foundation-2.6.0/
[   +5 ms] Found plugin path_provider_android at /Users/saradafumiaki/.pub-cache/hosted/pub.dev/path_provider_android-2.3.1/
[        ] Found plugin jni_flutter at /Users/saradafumiaki/.pub-cache/hosted/pub.dev/jni_flutter-1.0.1/
[   +1 ms] Found plugin jni at /Users/saradafumiaki/.pub-cache/hosted/pub.dev/jni-1.0.0/
[   +2 ms] Found plugin printing at /Users/saradafumiaki/.pub-cache/hosted/pub.dev/printing-5.14.3/
[  +10 ms] Found plugin isar_community_flutter_libs at /Users/saradafumiaki/.pub-cache/hosted/pub.dev/isar_community_flutter_libs-3.3.2/
[   +3 ms] Found plugin google_sign_in at /Users/saradafumiaki/.pub-cache/hosted/pub.dev/google_sign_in-6.3.0/
[   +4 ms] Found plugin google_sign_in_web at /Users/saradafumiaki/.pub-cache/hosted/pub.dev/google_sign_in_web-0.12.4+4/
[   +5 ms] Found plugin google_sign_in_ios at /Users/saradafumiaki/.pub-cache/hosted/pub.dev/google_sign_in_ios-5.9.0/
[        ] Found plugin google_sign_in_android at /Users/saradafumiaki/.pub-cache/hosted/pub.dev/google_sign_in_android-6.2.1/
[   +6 ms] Found plugin flutter_tts at /Users/saradafumiaki/.pub-cache/hosted/pub.dev/flutter_tts-4.2.5/
[   +4 ms] Found plugin flutter_image_compress at /Users/saradafumiaki/.pub-cache/hosted/pub.dev/flutter_image_compress-2.4.0/
[   +1 ms] Found plugin flutter_image_compress_web at /Users/saradafumiaki/.pub-cache/hosted/pub.dev/flutter_image_compress_web-0.1.5/
[   +6 ms] Found plugin flutter_image_compress_ohos at /Users/saradafumiaki/.pub-cache/hosted/pub.dev/flutter_image_compress_ohos-0.0.3/
[   +2 ms] Found plugin flutter_image_compress_macos at /Users/saradafumiaki/.pub-cache/hosted/pub.dev/flutter_image_compress_macos-1.0.3/
[   +1 ms] Found plugin flutter_image_compress_common at /Users/saradafumiaki/.pub-cache/hosted/pub.dev/flutter_image_compress_common-1.0.6/
[   +2 ms] Found plugin firebase_storage at /Users/saradafumiaki/.pub-cache/hosted/pub.dev/firebase_storage-13.3.0/
[   +4 ms] Found plugin firebase_storage_web at /Users/saradafumiaki/.pub-cache/hosted/pub.dev/firebase_storage_web-3.11.5/
[   +2 ms] Found plugin firebase_crashlytics at /Users/saradafumiaki/.pub-cache/hosted/pub.dev/firebase_crashlytics-5.2.0/
[   +1 ms] Found plugin firebase_auth at /Users/saradafumiaki/.pub-cache/hosted/pub.dev/firebase_auth-6.4.0/
[        ] Found plugin firebase_auth_web at /Users/saradafumiaki/.pub-cache/hosted/pub.dev/firebase_auth_web-6.1.5/
[   +1 ms] Found plugin file_picker at /Users/saradafumiaki/.pub-cache/hosted/pub.dev/file_picker-8.3.7/
[   +2 ms] Found plugin flutter_plugin_android_lifecycle at /Users/saradafumiaki/.pub-cache/hosted/pub.dev/flutter_plugin_android_lifecycle-2.0.34/
[   +3 ms] Found plugin connectivity_plus at /Users/saradafumiaki/.pub-cache/hosted/pub.dev/connectivity_plus-6.1.5/
[   +2 ms] Found plugin audioplayers at /Users/saradafumiaki/.pub-cache/hosted/pub.dev/audioplayers-6.6.0/
[   +1 ms] Found plugin audioplayers_windows at /Users/saradafumiaki/.pub-cache/hosted/pub.dev/audioplayers_windows-4.3.0/
[   +4 ms] Found plugin audioplayers_web at /Users/saradafumiaki/.pub-cache/hosted/pub.dev/audioplayers_web-5.2.0/
[        ] Found plugin audioplayers_linux at /Users/saradafumiaki/.pub-cache/hosted/pub.dev/audioplayers_linux-4.2.1/
[        ] Found plugin audioplayers_darwin at /Users/saradafumiaki/.pub-cache/hosted/pub.dev/audioplayers_darwin-6.4.0/
[        ] Found plugin audioplayers_android at /Users/saradafumiaki/.pub-cache/hosted/pub.dev/audioplayers_android-5.2.1/
[   +3 ms] Skipping generating dart_plugin_registrant.dart because it is up-to-date.
[        ] <- recompile file:///var/folders/hh/1g2yms7d3890gm5lz8l0jmj80000gn/T/flutter_tools.X3xqwV/flutter_test_listener.ibXcXD/listener.dart cd36dfc1-d0ba-48b6-8a92-b63c5603d2d2
[        ] file:///var/folders/hh/1g2yms7d3890gm5lz8l0jmj80000gn/T/flutter_tools.X3xqwV/flutter_test_listener.ibXcXD/listener.dart
[        ] file:///Users/saradafumiaki/Documents/Apps/kendo_os/.dart_tool/flutter_build/dart_plugin_registrant.dart
[        ] <- cd36dfc1-d0ba-48b6-8a92-b63c5603d2d2
[  +35 ms] test 4: connected to test device, now awaiting test result
[        ] test 4: Waiting for test harness or tests to finish
00:01 +11: /Users/saradafumiaki/Documents/Apps/kendo_os/test/unit/application/usecases/match_usecase_test.dart: MatchUseCase - イベント駆動版テスト ポイント追加によって MatchModel のスコアとイベント履歴が更新されること
[ +153 ms] <- accept
[        ] <- reset
[        ] Compiling file:///var/folders/hh/1g2yms7d3890gm5lz8l0jmj80000gn/T/flutter_tools.X3xqwV/flutter_test_listener.ibXcXD/listener.dart took 424ms
[        ] Compiling file:///var/folders/hh/1g2yms7d3890gm5lz8l0jmj80000gn/T/flutter_tools.X3xqwV/flutter_test_listener.UkwhN9/listener.dart
[        ] test 6: starting test device
[        ] test 6: awaiting connection to test device
[   +4 ms] test 6: VM Service uri is not available
[        ] test 6: test harness socket server is running at port:53934
[        ] test 6: Starting flutter_tester process with command=[/Users/saradafumiaki/development/flutter/bin/cache/artifacts/engine/darwin-x64/flutter_tester, --disable-vm-service, --enable-checked-mode, --verify-entry-points, --enable-software-rendering, --skia-deterministic-rendering, --enable-dart-profiling, --non-interactive, --use-test-fonts, --disable-asset-fonts, --packages=/Users/saradafumiaki/Documents/Apps/kendo_os/.dart_tool/package_config.json, --flutter-assets-dir=/Users/saradafumiaki/Documents/Apps/kendo_os/build/unit_test_assets, /var/folders/hh/1g2yms7d3890gm5lz8l0jmj80000gn/T/flutter_tools.X3xqwV/flutter_test_listener.ibXcXD/listener.dart.dill], environment={FLUTTER_TEST: true, FONTCONFIG_FILE: /var/folders/hh/1g2yms7d3890gm5lz8l0jmj80000gn/T/flutter_tools.X3xqwV/flutter_test_fonts.hib7TY/fonts.conf, SERVER_PORT: 53934, APP_NAME: kendo_os, UNIT_TEST_ASSETS: /Users/saradafumiaki/Documents/Apps/kendo_os/build/unit_test_assets}
[   +5 ms] test 6: Started flutter_tester process at pid 33450
00:01 +12: /Users/saradafumiaki/Documents/Apps/kendo_os/test/unit/application/usecases/match_usecase_test.dart: MatchUseCase - イベント駆動版テスト Undoによって最新のイベントがキャンセル扱いになり、スコアが戻ること
00:01 +13: /Users/saradafumiaki/Documents/Apps/kendo_os/test/unit/application/usecases/match_usecase_test.dart: MatchUseCase - イベント駆動版テスト イベント履歴からの再構築 UseCase が正しく機能すること
00:01 +14: /Users/saradafumiaki/Documents/Apps/kendo_os/test/unit/application/usecases/match_usecase_test.dart: MatchUseCase - イベント駆動版テスト 【完全性証明】2本先取で終了(finished)した試合でUndoを実行した場合、ステータスが進行中(in_progress)に復元されること
00:01 +15: /Users/saradafumiaki/Documents/Apps/kendo_os/test/unit/application/usecases/match_usecase_test.dart: MatchUseCase - イベント駆動版テスト 【完全性証明】反則2回による1本付与と、そのUndo（反則の取り消し）が正しく計算されること
[  +26 ms] test 4: Test harness is no longer needed by test process
[        ] test 4: finished
[        ] test 4: cleaning up...
[        ] test 4: ensuring test device is terminated.
[        ] test 4: Terminating flutter_tester process
[        ] test 4: Shutting down DevTools server
[        ] test 4: Test process is no longer needed by test harness
[        ] test 4: Shutting down test harness socket server
[   +4 ms] test 4: flutter_tester process at pid 33438 exited with code=-9
[        ] test 4: deleting temporary directory
[   +5 ms] test 4: finished
[        ] test 8: starting test /Users/saradafumiaki/Documents/Apps/kendo_os/test/unit/infrastructure/repository/match_repository_test.dart
[   +1 ms] Stopping scan for flutter_test_config.dart; found project root at /Users/saradafumiaki/Documents/Apps/kendo_os
[  +37 ms] Found plugin integration_test at /Users/saradafumiaki/development/flutter/packages/integration_test/
[  +15 ms] Found plugin firebase_core at /Users/saradafumiaki/.pub-cache/hosted/pub.dev/firebase_core-4.7.0/
[        ] Found plugin firebase_core_web at /Users/saradafumiaki/.pub-cache/hosted/pub.dev/firebase_core_web-3.6.0/
[   +3 ms] Found plugin cloud_firestore at /Users/saradafumiaki/.pub-cache/hosted/pub.dev/cloud_firestore-6.3.0/
[        ] Found plugin cloud_firestore_web at /Users/saradafumiaki/.pub-cache/hosted/pub.dev/cloud_firestore_web-5.3.0/
[   +3 ms] Found plugin wakelock_plus at /Users/saradafumiaki/.pub-cache/hosted/pub.dev/wakelock_plus-1.5.2/
[   +1 ms] Found plugin package_info_plus at /Users/saradafumiaki/.pub-cache/hosted/pub.dev/package_info_plus-9.0.1/
[   +3 ms] Found plugin url_launcher at /Users/saradafumiaki/.pub-cache/hosted/pub.dev/url_launcher-6.3.2/
[        ] Found plugin url_launcher_windows at /Users/saradafumiaki/.pub-cache/hosted/pub.dev/url_launcher_windows-3.1.5/
[   +1 ms] Found plugin url_launcher_web at /Users/saradafumiaki/.pub-cache/hosted/pub.dev/url_launcher_web-2.4.2/
[        ] Found plugin url_launcher_macos at /Users/saradafumiaki/.pub-cache/hosted/pub.dev/url_launcher_macos-3.2.5/
[        ] Found plugin url_launcher_linux at /Users/saradafumiaki/.pub-cache/hosted/pub.dev/url_launcher_linux-3.2.2/
[        ] Found plugin url_launcher_ios at /Users/saradafumiaki/.pub-cache/hosted/pub.dev/url_launcher_ios-6.4.1/
[        ] Found plugin url_launcher_android at /Users/saradafumiaki/.pub-cache/hosted/pub.dev/url_launcher_android-6.3.29/
[   +2 ms] Found plugin syncfusion_flutter_pdfviewer at /Users/saradafumiaki/.pub-cache/hosted/pub.dev/syncfusion_flutter_pdfviewer-28.2.12/
[   +1 ms] Found plugin syncfusion_pdfviewer_windows at /Users/saradafumiaki/.pub-cache/hosted/pub.dev/syncfusion_pdfviewer_windows-28.2.12/
[        ] Found plugin syncfusion_pdfviewer_web at /Users/saradafumiaki/.pub-cache/hosted/pub.dev/syncfusion_pdfviewer_web-28.2.12/
[   +1 ms] Found plugin syncfusion_pdfviewer_macos at /Users/saradafumiaki/.pub-cache/hosted/pub.dev/syncfusion_pdfviewer_macos-28.2.12/
[   +3 ms] Found plugin device_info_plus at /Users/saradafumiaki/.pub-cache/hosted/pub.dev/device_info_plus-11.5.0/
[   +3 ms] Found plugin shared_preferences at /Users/saradafumiaki/.pub-cache/hosted/pub.dev/shared_preferences-2.5.5/
[        ] Found plugin shared_preferences_windows at /Users/saradafumiaki/.pub-cache/hosted/pub.dev/shared_preferences_windows-2.4.1/
[   +1 ms] Found plugin path_provider_windows at /Users/saradafumiaki/.pub-cache/hosted/pub.dev/path_provider_windows-2.3.0/
[   +1 ms] Found plugin shared_preferences_web at /Users/saradafumiaki/.pub-cache/hosted/pub.dev/shared_preferences_web-2.4.3/
[        ] Found plugin shared_preferences_linux at /Users/saradafumiaki/.pub-cache/hosted/pub.dev/shared_preferences_linux-2.4.1/
[   +1 ms] Found plugin path_provider_linux at /Users/saradafumiaki/.pub-cache/hosted/pub.dev/path_provider_linux-2.2.1/
[   +2 ms] Found plugin shared_preferences_foundation at /Users/saradafumiaki/.pub-cache/hosted/pub.dev/shared_preferences_foundation-2.5.6/
[        ] Found plugin shared_preferences_android at /Users/saradafumiaki/.pub-cache/hosted/pub.dev/shared_preferences_android-2.4.23/
[        ] Found plugin share_plus at /Users/saradafumiaki/.pub-cache/hosted/pub.dev/share_plus-12.0.2/
[   +1 ms] Found plugin path_provider at /Users/saradafumiaki/.pub-cache/hosted/pub.dev/path_provider-2.1.5/
[        ] Found plugin path_provider_foundation at /Users/saradafumiaki/.pub-cache/hosted/pub.dev/path_provider_foundation-2.6.0/
[   +3 ms] Found plugin path_provider_android at /Users/saradafumiaki/.pub-cache/hosted/pub.dev/path_provider_android-2.3.1/
[        ] Found plugin jni_flutter at /Users/saradafumiaki/.pub-cache/hosted/pub.dev/jni_flutter-1.0.1/
[        ] Found plugin jni at /Users/saradafumiaki/.pub-cache/hosted/pub.dev/jni-1.0.0/
[   +2 ms] Found plugin printing at /Users/saradafumiaki/.pub-cache/hosted/pub.dev/printing-5.14.3/
[   +5 ms] Found plugin isar_community_flutter_libs at /Users/saradafumiaki/.pub-cache/hosted/pub.dev/isar_community_flutter_libs-3.3.2/
[   +1 ms] Found plugin google_sign_in at /Users/saradafumiaki/.pub-cache/hosted/pub.dev/google_sign_in-6.3.0/
[        ] Found plugin google_sign_in_web at /Users/saradafumiaki/.pub-cache/hosted/pub.dev/google_sign_in_web-0.12.4+4/
[   +1 ms] Found plugin google_sign_in_ios at /Users/saradafumiaki/.pub-cache/hosted/pub.dev/google_sign_in_ios-5.9.0/
[        ] Found plugin google_sign_in_android at /Users/saradafumiaki/.pub-cache/hosted/pub.dev/google_sign_in_android-6.2.1/
[   +2 ms] Found plugin flutter_tts at /Users/saradafumiaki/.pub-cache/hosted/pub.dev/flutter_tts-4.2.5/
[   +4 ms] Found plugin flutter_image_compress at /Users/saradafumiaki/.pub-cache/hosted/pub.dev/flutter_image_compress-2.4.0/
[   +1 ms] Found plugin flutter_image_compress_web at /Users/saradafumiaki/.pub-cache/hosted/pub.dev/flutter_image_compress_web-0.1.5/
[   +1 ms] Found plugin flutter_image_compress_ohos at /Users/saradafumiaki/.pub-cache/hosted/pub.dev/flutter_image_compress_ohos-0.0.3/
[        ] Found plugin flutter_image_compress_macos at /Users/saradafumiaki/.pub-cache/hosted/pub.dev/flutter_image_compress_macos-1.0.3/
[        ] Found plugin flutter_image_compress_common at /Users/saradafumiaki/.pub-cache/hosted/pub.dev/flutter_image_compress_common-1.0.6/
[        ] Found plugin firebase_storage at /Users/saradafumiaki/.pub-cache/hosted/pub.dev/firebase_storage-13.3.0/
[        ] Found plugin firebase_storage_web at /Users/saradafumiaki/.pub-cache/hosted/pub.dev/firebase_storage_web-3.11.5/
[   +1 ms] Found plugin firebase_crashlytics at /Users/saradafumiaki/.pub-cache/hosted/pub.dev/firebase_crashlytics-5.2.0/
[   +1 ms] Found plugin firebase_auth at /Users/saradafumiaki/.pub-cache/hosted/pub.dev/firebase_auth-6.4.0/
[        ] Found plugin firebase_auth_web at /Users/saradafumiaki/.pub-cache/hosted/pub.dev/firebase_auth_web-6.1.5/
[   +1 ms] Found plugin file_picker at /Users/saradafumiaki/.pub-cache/hosted/pub.dev/file_picker-8.3.7/
[        ] Found plugin flutter_plugin_android_lifecycle at /Users/saradafumiaki/.pub-cache/hosted/pub.dev/flutter_plugin_android_lifecycle-2.0.34/
[   +2 ms] Found plugin connectivity_plus at /Users/saradafumiaki/.pub-cache/hosted/pub.dev/connectivity_plus-6.1.5/
[   +2 ms] Found plugin audioplayers at /Users/saradafumiaki/.pub-cache/hosted/pub.dev/audioplayers-6.6.0/
[   +1 ms] Found plugin audioplayers_windows at /Users/saradafumiaki/.pub-cache/hosted/pub.dev/audioplayers_windows-4.3.0/
[   +1 ms] Found plugin audioplayers_web at /Users/saradafumiaki/.pub-cache/hosted/pub.dev/audioplayers_web-5.2.0/
[        ] Found plugin audioplayers_linux at /Users/saradafumiaki/.pub-cache/hosted/pub.dev/audioplayers_linux-4.2.1/
[        ] Found plugin audioplayers_darwin at /Users/saradafumiaki/.pub-cache/hosted/pub.dev/audioplayers_darwin-6.4.0/
[        ] Found plugin audioplayers_android at /Users/saradafumiaki/.pub-cache/hosted/pub.dev/audioplayers_android-5.2.1/
[   +2 ms] Skipping generating dart_plugin_registrant.dart because it is up-to-date.
[        ] <- recompile file:///var/folders/hh/1g2yms7d3890gm5lz8l0jmj80000gn/T/flutter_tools.X3xqwV/flutter_test_listener.UkwhN9/listener.dart d094d5d4-444b-471a-905a-c9fd7e3bbcc4
[        ] file:///var/folders/hh/1g2yms7d3890gm5lz8l0jmj80000gn/T/flutter_tools.X3xqwV/flutter_test_listener.UkwhN9/listener.dart
[        ] file:///Users/saradafumiaki/Documents/Apps/kendo_os/.dart_tool/flutter_build/dart_plugin_registrant.dart
[        ] <- d094d5d4-444b-471a-905a-c9fd7e3bbcc4
[ +122 ms] test 5: connected to test device, now awaiting test result
[        ] test 5: Waiting for test harness or tests to finish
[  +10 ms] <- accept
[        ] <- reset
[        ] Compiling file:///var/folders/hh/1g2yms7d3890gm5lz8l0jmj80000gn/T/flutter_tools.X3xqwV/flutter_test_listener.UkwhN9/listener.dart took 331ms
[        ] Compiling file:///var/folders/hh/1g2yms7d3890gm5lz8l0jmj80000gn/T/flutter_tools.X3xqwV/flutter_test_listener.bXvFIW/listener.dart
[        ] test 7: starting test device
[        ] test 7: awaiting connection to test device
[   +5 ms] test 7: VM Service uri is not available
[        ] test 7: test harness socket server is running at port:53936
[        ] test 7: Starting flutter_tester process with command=[/Users/saradafumiaki/development/flutter/bin/cache/artifacts/engine/darwin-x64/flutter_tester, --disable-vm-service, --enable-checked-mode, --verify-entry-points, --enable-software-rendering, --skia-deterministic-rendering, --enable-dart-profiling, --non-interactive, --use-test-fonts, --disable-asset-fonts, --packages=/Users/saradafumiaki/Documents/Apps/kendo_os/.dart_tool/package_config.json, --flutter-assets-dir=/Users/saradafumiaki/Documents/Apps/kendo_os/build/unit_test_assets, /var/folders/hh/1g2yms7d3890gm5lz8l0jmj80000gn/T/flutter_tools.X3xqwV/flutter_test_listener.UkwhN9/listener.dart.dill], environment={FLUTTER_TEST: true, FONTCONFIG_FILE: /var/folders/hh/1g2yms7d3890gm5lz8l0jmj80000gn/T/flutter_tools.X3xqwV/flutter_test_fonts.hib7TY/fonts.conf, SERVER_PORT: 53936, APP_NAME: kendo_os, UNIT_TEST_ASSETS: /Users/saradafumiaki/Documents/Apps/kendo_os/build/unit_test_assets}
[   +5 ms] test 7: Started flutter_tester process at pid 33451
[  +46 ms] Found plugin integration_test at /Users/saradafumiaki/development/flutter/packages/integration_test/
[  +16 ms] Found plugin firebase_core at /Users/saradafumiaki/.pub-cache/hosted/pub.dev/firebase_core-4.7.0/
[   +1 ms] Found plugin firebase_core_web at /Users/saradafumiaki/.pub-cache/hosted/pub.dev/firebase_core_web-3.6.0/
[   +2 ms] Found plugin cloud_firestore at /Users/saradafumiaki/.pub-cache/hosted/pub.dev/cloud_firestore-6.3.0/
[   +1 ms] Found plugin cloud_firestore_web at /Users/saradafumiaki/.pub-cache/hosted/pub.dev/cloud_firestore_web-5.3.0/
[   +3 ms] Found plugin wakelock_plus at /Users/saradafumiaki/.pub-cache/hosted/pub.dev/wakelock_plus-1.5.2/
[   +2 ms] Found plugin package_info_plus at /Users/saradafumiaki/.pub-cache/hosted/pub.dev/package_info_plus-9.0.1/
[   +4 ms] Found plugin url_launcher at /Users/saradafumiaki/.pub-cache/hosted/pub.dev/url_launcher-6.3.2/
[        ] Found plugin url_launcher_windows at /Users/saradafumiaki/.pub-cache/hosted/pub.dev/url_launcher_windows-3.1.5/
[   +1 ms] Found plugin url_launcher_web at /Users/saradafumiaki/.pub-cache/hosted/pub.dev/url_launcher_web-2.4.2/
[        ] Found plugin url_launcher_macos at /Users/saradafumiaki/.pub-cache/hosted/pub.dev/url_launcher_macos-3.2.5/
[        ] Found plugin url_launcher_linux at /Users/saradafumiaki/.pub-cache/hosted/pub.dev/url_launcher_linux-3.2.2/
[        ] Found plugin url_launcher_ios at /Users/saradafumiaki/.pub-cache/hosted/pub.dev/url_launcher_ios-6.4.1/
[        ] Found plugin url_launcher_android at /Users/saradafumiaki/.pub-cache/hosted/pub.dev/url_launcher_android-6.3.29/
[   +1 ms] Found plugin syncfusion_flutter_pdfviewer at /Users/saradafumiaki/.pub-cache/hosted/pub.dev/syncfusion_flutter_pdfviewer-28.2.12/
[        ] Found plugin syncfusion_pdfviewer_windows at /Users/saradafumiaki/.pub-cache/hosted/pub.dev/syncfusion_pdfviewer_windows-28.2.12/
[        ] Found plugin syncfusion_pdfviewer_web at /Users/saradafumiaki/.pub-cache/hosted/pub.dev/syncfusion_pdfviewer_web-28.2.12/
[   +1 ms] Found plugin syncfusion_pdfviewer_macos at /Users/saradafumiaki/.pub-cache/hosted/pub.dev/syncfusion_pdfviewer_macos-28.2.12/
[   +2 ms] Found plugin device_info_plus at /Users/saradafumiaki/.pub-cache/hosted/pub.dev/device_info_plus-11.5.0/
[   +1 ms] Found plugin shared_preferences at /Users/saradafumiaki/.pub-cache/hosted/pub.dev/shared_preferences-2.5.5/
[        ] Found plugin shared_preferences_windows at /Users/saradafumiaki/.pub-cache/hosted/pub.dev/shared_preferences_windows-2.4.1/
[   +1 ms] Found plugin path_provider_windows at /Users/saradafumiaki/.pub-cache/hosted/pub.dev/path_provider_windows-2.3.0/
[   +1 ms] Found plugin shared_preferences_web at /Users/saradafumiaki/.pub-cache/hosted/pub.dev/shared_preferences_web-2.4.3/
[        ] Found plugin shared_preferences_linux at /Users/saradafumiaki/.pub-cache/hosted/pub.dev/shared_preferences_linux-2.4.1/
[        ] Found plugin path_provider_linux at /Users/saradafumiaki/.pub-cache/hosted/pub.dev/path_provider_linux-2.2.1/
[        ] Found plugin shared_preferences_foundation at /Users/saradafumiaki/.pub-cache/hosted/pub.dev/shared_preferences_foundation-2.5.6/
[        ] Found plugin shared_preferences_android at /Users/saradafumiaki/.pub-cache/hosted/pub.dev/shared_preferences_android-2.4.23/
[        ] Found plugin share_plus at /Users/saradafumiaki/.pub-cache/hosted/pub.dev/share_plus-12.0.2/
[   +1 ms] Found plugin path_provider at /Users/saradafumiaki/.pub-cache/hosted/pub.dev/path_provider-2.1.5/
[        ] Found plugin path_provider_foundation at /Users/saradafumiaki/.pub-cache/hosted/pub.dev/path_provider_foundation-2.6.0/
[   +3 ms] Found plugin path_provider_android at /Users/saradafumiaki/.pub-cache/hosted/pub.dev/path_provider_android-2.3.1/
[        ] Found plugin jni_flutter at /Users/saradafumiaki/.pub-cache/hosted/pub.dev/jni_flutter-1.0.1/
[        ] Found plugin jni at /Users/saradafumiaki/.pub-cache/hosted/pub.dev/jni-1.0.0/
[   +2 ms] Found plugin printing at /Users/saradafumiaki/.pub-cache/hosted/pub.dev/printing-5.14.3/
[   +5 ms] Found plugin isar_community_flutter_libs at /Users/saradafumiaki/.pub-cache/hosted/pub.dev/isar_community_flutter_libs-3.3.2/
[   +1 ms] Found plugin google_sign_in at /Users/saradafumiaki/.pub-cache/hosted/pub.dev/google_sign_in-6.3.0/
[        ] Found plugin google_sign_in_web at /Users/saradafumiaki/.pub-cache/hosted/pub.dev/google_sign_in_web-0.12.4+4/
[   +1 ms] Found plugin google_sign_in_ios at /Users/saradafumiaki/.pub-cache/hosted/pub.dev/google_sign_in_ios-5.9.0/
[        ] Found plugin google_sign_in_android at /Users/saradafumiaki/.pub-cache/hosted/pub.dev/google_sign_in_android-6.2.1/
[   +1 ms] Found plugin flutter_tts at /Users/saradafumiaki/.pub-cache/hosted/pub.dev/flutter_tts-4.2.5/
[   +3 ms] Found plugin flutter_image_compress at /Users/saradafumiaki/.pub-cache/hosted/pub.dev/flutter_image_compress-2.4.0/
[        ] Found plugin flutter_image_compress_web at /Users/saradafumiaki/.pub-cache/hosted/pub.dev/flutter_image_compress_web-0.1.5/
[   +1 ms] Found plugin flutter_image_compress_ohos at /Users/saradafumiaki/.pub-cache/hosted/pub.dev/flutter_image_compress_ohos-0.0.3/
[        ] Found plugin flutter_image_compress_macos at /Users/saradafumiaki/.pub-cache/hosted/pub.dev/flutter_image_compress_macos-1.0.3/
[        ] Found plugin flutter_image_compress_common at /Users/saradafumiaki/.pub-cache/hosted/pub.dev/flutter_image_compress_common-1.0.6/
[        ] Found plugin firebase_storage at /Users/saradafumiaki/.pub-cache/hosted/pub.dev/firebase_storage-13.3.0/
[        ] Found plugin firebase_storage_web at /Users/saradafumiaki/.pub-cache/hosted/pub.dev/firebase_storage_web-3.11.5/
[   +1 ms] Found plugin firebase_crashlytics at /Users/saradafumiaki/.pub-cache/hosted/pub.dev/firebase_crashlytics-5.2.0/
[   +1 ms] Found plugin firebase_auth at /Users/saradafumiaki/.pub-cache/hosted/pub.dev/firebase_auth-6.4.0/
[        ] Found plugin firebase_auth_web at /Users/saradafumiaki/.pub-cache/hosted/pub.dev/firebase_auth_web-6.1.5/
[   +1 ms] Found plugin file_picker at /Users/saradafumiaki/.pub-cache/hosted/pub.dev/file_picker-8.3.7/
[        ] Found plugin flutter_plugin_android_lifecycle at /Users/saradafumiaki/.pub-cache/hosted/pub.dev/flutter_plugin_android_lifecycle-2.0.34/
[   +1 ms] Found plugin connectivity_plus at /Users/saradafumiaki/.pub-cache/hosted/pub.dev/connectivity_plus-6.1.5/
[   +1 ms] Found plugin audioplayers at /Users/saradafumiaki/.pub-cache/hosted/pub.dev/audioplayers-6.6.0/
[   +1 ms] Found plugin audioplayers_windows at /Users/saradafumiaki/.pub-cache/hosted/pub.dev/audioplayers_windows-4.3.0/
[   +1 ms] Found plugin audioplayers_web at /Users/saradafumiaki/.pub-cache/hosted/pub.dev/audioplayers_web-5.2.0/
[        ] Found plugin audioplayers_linux at /Users/saradafumiaki/.pub-cache/hosted/pub.dev/audioplayers_linux-4.2.1/
[        ] Found plugin audioplayers_darwin at /Users/saradafumiaki/.pub-cache/hosted/pub.dev/audioplayers_darwin-6.4.0/
[        ] Found plugin audioplayers_android at /Users/saradafumiaki/.pub-cache/hosted/pub.dev/audioplayers_android-5.2.1/
[   +3 ms] Skipping generating dart_plugin_registrant.dart because it is up-to-date.
[        ] <- recompile file:///var/folders/hh/1g2yms7d3890gm5lz8l0jmj80000gn/T/flutter_tools.X3xqwV/flutter_test_listener.bXvFIW/listener.dart 60e39d7d-7877-4cde-9e03-2391b3360586
[        ] file:///var/folders/hh/1g2yms7d3890gm5lz8l0jmj80000gn/T/flutter_tools.X3xqwV/flutter_test_listener.bXvFIW/listener.dart
[        ] file:///Users/saradafumiaki/Documents/Apps/kendo_os/.dart_tool/flutter_build/dart_plugin_registrant.dart
[        ] <- 60e39d7d-7877-4cde-9e03-2391b3360586
00:01 +16: /Users/saradafumiaki/Documents/Apps/kendo_os/test/unit/application/services/pdf/widgets/pdf_team_table_test.dart: (setUpAll)
00:01 +16: /Users/saradafumiaki/Documents/Apps/kendo_os/test/unit/application/services/pdf/widgets/pdf_team_table_test.dart: PdfTeamTable Widget Tests 引き分けの試合で正しい引き分け記号「×」が表示されるべき
00:01 +17: /Users/saradafumiaki/Documents/Apps/kendo_os/test/unit/application/services/pdf/widgets/pdf_team_table_test.dart: PdfTeamTable Widget Tests 古い引き分け記号「✕」が入力されても、PDFでは「×」に変換されるべき
00:01 +18: /Users/saradafumiaki/Documents/Apps/kendo_os/test/unit/application/services/pdf/widgets/pdf_team_table_test.dart: PdfTeamTable Widget Tests ヘッダータイトルが正しく生成されるべき
00:01 +19: /Users/saradafumiaki/Documents/Apps/kendo_os/test/unit/application/services/pdf/widgets/pdf_team_table_test.dart: PdfTeamTable Widget Tests 欠員の場合、選手名のセルは空欄で表示されるべき
00:01 +20: /Users/saradafumiaki/Documents/Apps/kendo_os/test/unit/application/services/pdf/widgets/pdf_team_table_test.dart: PdfTeamTable Widget Tests 同姓の選手がいる場合、名（イニシャル）が表示されるべき
00:01 +21: /Users/saradafumiaki/Documents/Apps/kendo_os/test/unit/application/services/pdf/widgets/pdf_team_table_test.dart: (tearDownAll)
[ +125 ms] test 5: Test harness is no longer needed by test process
[        ] test 5: finished
[        ] test 5: cleaning up...
[        ] test 5: ensuring test device is terminated.
[        ] test 5: Terminating flutter_tester process
[        ] test 5: Shutting down DevTools server
[        ] test 5: Test process is no longer needed by test harness
[        ] test 5: Shutting down test harness socket server
[   +4 ms] test 5: flutter_tester process at pid 33443 exited with code=-9
[        ] test 5: deleting temporary directory
[   +5 ms] test 5: finished
[        ] test 9: starting test /Users/saradafumiaki/Documents/Apps/kendo_os/test/unit/infrastructure/web_platform_safety_test.dart
[   +1 ms] Stopping scan for flutter_test_config.dart; found project root at /Users/saradafumiaki/Documents/Apps/kendo_os
[  +93 ms] test 6: connected to test device, now awaiting test result
[        ] test 6: Waiting for test harness or tests to finish
00:02 +21: /Users/saradafumiaki/Documents/Apps/kendo_os/test/unit/application/services/pdf/widgets/pdf_individual_list_test.dart: (setUpAll)
00:02 +21: /Users/saradafumiaki/Documents/Apps/kendo_os/test/unit/application/services/pdf/widgets/pdf_individual_list_test.dart: PdfIndividualList Widget Tests 引き分けの試合で正しい引き分け記号「×」が表示されるべき
[ +221 ms] test 7: connected to test device, now awaiting test result
[        ] test 7: Waiting for test harness or tests to finish
00:02 +22: /Users/saradafumiaki/Documents/Apps/kendo_os/test/unit/application/services/pdf/widgets/pdf_individual_list_test.dart: PdfIndividualList Widget Tests ヘッダータイトルが正しく生成されるべき
00:02 +23: /Users/saradafumiaki/Documents/Apps/kendo_os/test/unit/application/services/pdf/widgets/pdf_individual_list_test.dart: (tearDownAll)
[  +32 ms] test 6: Test harness is no longer needed by test process
[        ] test 6: finished
[        ] test 6: cleaning up...
[        ] test 6: ensuring test device is terminated.
[        ] test 6: Terminating flutter_tester process
[        ] test 6: Shutting down DevTools server
[        ] test 6: Test process is no longer needed by test harness
[        ] test 6: Shutting down test harness socket server
[   +5 ms] test 6: flutter_tester process at pid 33450 exited with code=-9
[        ] test 6: deleting temporary directory
[   +4 ms] test 6: finished
[        ] test 10: starting test /Users/saradafumiaki/Documents/Apps/kendo_os/test/unit/infrastructure/csv_service_test.dart
[   +1 ms] Stopping scan for flutter_test_config.dart; found project root at /Users/saradafumiaki/Documents/Apps/kendo_os
00:02 +23: /Users/saradafumiaki/Documents/Apps/kendo_os/test/unit/infrastructure/repository/local_match_repository_test.dart: LocalMatchRepository (Isar Database) Tests (setUpAll)
[ +103 ms] <- accept
[        ] <- reset
[        ] Compiling file:///var/folders/hh/1g2yms7d3890gm5lz8l0jmj80000gn/T/flutter_tools.X3xqwV/flutter_test_listener.bXvFIW/listener.dart took 761ms
[        ] Compiling file:///var/folders/hh/1g2yms7d3890gm5lz8l0jmj80000gn/T/flutter_tools.X3xqwV/flutter_test_listener.YEh5Za/listener.dart
[        ] test 8: starting test device
[        ] test 8: awaiting connection to test device
[   +5 ms] test 8: VM Service uri is not available
[        ] test 8: test harness socket server is running at port:53939
[        ] test 8: Starting flutter_tester process with command=[/Users/saradafumiaki/development/flutter/bin/cache/artifacts/engine/darwin-x64/flutter_tester, --disable-vm-service, --enable-checked-mode, --verify-entry-points, --enable-software-rendering, --skia-deterministic-rendering, --enable-dart-profiling, --non-interactive, --use-test-fonts, --disable-asset-fonts, --packages=/Users/saradafumiaki/Documents/Apps/kendo_os/.dart_tool/package_config.json, --flutter-assets-dir=/Users/saradafumiaki/Documents/Apps/kendo_os/build/unit_test_assets, /var/folders/hh/1g2yms7d3890gm5lz8l0jmj80000gn/T/flutter_tools.X3xqwV/flutter_test_listener.bXvFIW/listener.dart.dill], environment={FLUTTER_TEST: true, FONTCONFIG_FILE: /var/folders/hh/1g2yms7d3890gm5lz8l0jmj80000gn/T/flutter_tools.X3xqwV/flutter_test_fonts.hib7TY/fonts.conf, SERVER_PORT: 53939, APP_NAME: kendo_os, UNIT_TEST_ASSETS: /Users/saradafumiaki/Documents/Apps/kendo_os/build/unit_test_assets}
[   +5 ms] test 8: Started flutter_tester process at pid 33457
IsarCore using libmdbx: v0.13.8-temp-upstream-fix
[  +40 ms] Found plugin integration_test at /Users/saradafumiaki/development/flutter/packages/integration_test/
[  +10 ms] Found plugin firebase_core at /Users/saradafumiaki/.pub-cache/hosted/pub.dev/firebase_core-4.7.0/
[   +6 ms] Found plugin firebase_core_web at /Users/saradafumiaki/.pub-cache/hosted/pub.dev/firebase_core_web-3.6.0/
[   +1 ms] Found plugin cloud_firestore at /Users/saradafumiaki/.pub-cache/hosted/pub.dev/cloud_firestore-6.3.0/
[   +3 ms] Found plugin cloud_firestore_web at /Users/saradafumiaki/.pub-cache/hosted/pub.dev/cloud_firestore_web-5.3.0/
[   +3 ms] Found plugin wakelock_plus at /Users/saradafumiaki/.pub-cache/hosted/pub.dev/wakelock_plus-1.5.2/
[   +2 ms] Found plugin package_info_plus at /Users/saradafumiaki/.pub-cache/hosted/pub.dev/package_info_plus-9.0.1/
[  +15 ms] Found plugin url_launcher at /Users/saradafumiaki/.pub-cache/hosted/pub.dev/url_launcher-6.3.2/
[        ] Found plugin url_launcher_windows at /Users/saradafumiaki/.pub-cache/hosted/pub.dev/url_launcher_windows-3.1.5/
[        ] Found plugin url_launcher_web at /Users/saradafumiaki/.pub-cache/hosted/pub.dev/url_launcher_web-2.4.2/
[        ] Found plugin url_launcher_macos at /Users/saradafumiaki/.pub-cache/hosted/pub.dev/url_launcher_macos-3.2.5/
[        ] Found plugin url_launcher_linux at /Users/saradafumiaki/.pub-cache/hosted/pub.dev/url_launcher_linux-3.2.2/
[        ] Found plugin url_launcher_ios at /Users/saradafumiaki/.pub-cache/hosted/pub.dev/url_launcher_ios-6.4.1/
[        ] Found plugin url_launcher_android at /Users/saradafumiaki/.pub-cache/hosted/pub.dev/url_launcher_android-6.3.29/
[        ] Found plugin syncfusion_flutter_pdfviewer at /Users/saradafumiaki/.pub-cache/hosted/pub.dev/syncfusion_flutter_pdfviewer-28.2.12/
[        ] Found plugin syncfusion_pdfviewer_windows at /Users/saradafumiaki/.pub-cache/hosted/pub.dev/syncfusion_pdfviewer_windows-28.2.12/
[        ] Found plugin syncfusion_pdfviewer_web at /Users/saradafumiaki/.pub-cache/hosted/pub.dev/syncfusion_pdfviewer_web-28.2.12/
[        ] Found plugin syncfusion_pdfviewer_macos at /Users/saradafumiaki/.pub-cache/hosted/pub.dev/syncfusion_pdfviewer_macos-28.2.12/
[   +1 ms] Found plugin device_info_plus at /Users/saradafumiaki/.pub-cache/hosted/pub.dev/device_info_plus-11.5.0/
[   +1 ms] Found plugin shared_preferences at /Users/saradafumiaki/.pub-cache/hosted/pub.dev/shared_preferences-2.5.5/
[        ] Found plugin shared_preferences_windows at /Users/saradafumiaki/.pub-cache/hosted/pub.dev/shared_preferences_windows-2.4.1/
[        ] Found plugin path_provider_windows at /Users/saradafumiaki/.pub-cache/hosted/pub.dev/path_provider_windows-2.3.0/
[   +1 ms] Found plugin shared_preferences_web at /Users/saradafumiaki/.pub-cache/hosted/pub.dev/shared_preferences_web-2.4.3/
[        ] Found plugin shared_preferences_linux at /Users/saradafumiaki/.pub-cache/hosted/pub.dev/shared_preferences_linux-2.4.1/
[        ] Found plugin path_provider_linux at /Users/saradafumiaki/.pub-cache/hosted/pub.dev/path_provider_linux-2.2.1/
00:02 +23: /Users/saradafumiaki/Documents/Apps/kendo_os/test/unit/infrastructure/repository/local_match_repository_test.dart: LocalMatchRepository (Isar Database) Tests saveMatch: MatchModelをIsarデータベースに正常に保存できること
[   +1 ms] Found plugin shared_preferences_foundation at /Users/saradafumiaki/.pub-cache/hosted/pub.dev/shared_preferences_foundation-2.5.6/
[        ] Found plugin shared_preferences_android at /Users/saradafumiaki/.pub-cache/hosted/pub.dev/shared_preferences_android-2.4.23/
[        ] Found plugin share_plus at /Users/saradafumiaki/.pub-cache/hosted/pub.dev/share_plus-12.0.2/
[        ] Found plugin path_provider at /Users/saradafumiaki/.pub-cache/hosted/pub.dev/path_provider-2.1.5/
[        ] Found plugin path_provider_foundation at /Users/saradafumiaki/.pub-cache/hosted/pub.dev/path_provider_foundation-2.6.0/
[   +2 ms] Found plugin path_provider_android at /Users/saradafumiaki/.pub-cache/hosted/pub.dev/path_provider_android-2.3.1/
[        ] Found plugin jni_flutter at /Users/saradafumiaki/.pub-cache/hosted/pub.dev/jni_flutter-1.0.1/
[        ] Found plugin jni at /Users/saradafumiaki/.pub-cache/hosted/pub.dev/jni-1.0.0/
[   +1 ms] Found plugin printing at /Users/saradafumiaki/.pub-cache/hosted/pub.dev/printing-5.14.3/
[   +6 ms] Found plugin isar_community_flutter_libs at /Users/saradafumiaki/.pub-cache/hosted/pub.dev/isar_community_flutter_libs-3.3.2/
[        ] Found plugin google_sign_in at /Users/saradafumiaki/.pub-cache/hosted/pub.dev/google_sign_in-6.3.0/
[        ] Found plugin google_sign_in_web at /Users/saradafumiaki/.pub-cache/hosted/pub.dev/google_sign_in_web-0.12.4+4/
[   +1 ms] Found plugin google_sign_in_ios at /Users/saradafumiaki/.pub-cache/hosted/pub.dev/google_sign_in_ios-5.9.0/
[        ] Found plugin google_sign_in_android at /Users/saradafumiaki/.pub-cache/hosted/pub.dev/google_sign_in_android-6.2.1/
[   +1 ms] Found plugin flutter_tts at /Users/saradafumiaki/.pub-cache/hosted/pub.dev/flutter_tts-4.2.5/
[   +2 ms] Found plugin flutter_image_compress at /Users/saradafumiaki/.pub-cache/hosted/pub.dev/flutter_image_compress-2.4.0/
[        ] Found plugin flutter_image_compress_web at /Users/saradafumiaki/.pub-cache/hosted/pub.dev/flutter_image_compress_web-0.1.5/
[        ] Found plugin flutter_image_compress_ohos at /Users/saradafumiaki/.pub-cache/hosted/pub.dev/flutter_image_compress_ohos-0.0.3/
[        ] Found plugin flutter_image_compress_macos at /Users/saradafumiaki/.pub-cache/hosted/pub.dev/flutter_image_compress_macos-1.0.3/
[        ] Found plugin flutter_image_compress_common at /Users/saradafumiaki/.pub-cache/hosted/pub.dev/flutter_image_compress_common-1.0.6/
[        ] Found plugin firebase_storage at /Users/saradafumiaki/.pub-cache/hosted/pub.dev/firebase_storage-13.3.0/
[   +1 ms] Found plugin firebase_storage_web at /Users/saradafumiaki/.pub-cache/hosted/pub.dev/firebase_storage_web-3.11.5/
[   +1 ms] Found plugin firebase_crashlytics at /Users/saradafumiaki/.pub-cache/hosted/pub.dev/firebase_crashlytics-5.2.0/
[   +1 ms] Found plugin firebase_auth at /Users/saradafumiaki/.pub-cache/hosted/pub.dev/firebase_auth-6.4.0/
[        ] Found plugin firebase_auth_web at /Users/saradafumiaki/.pub-cache/hosted/pub.dev/firebase_auth_web-6.1.5/
[   +1 ms] Found plugin file_picker at /Users/saradafumiaki/.pub-cache/hosted/pub.dev/file_picker-8.3.7/
[        ] Found plugin flutter_plugin_android_lifecycle at /Users/saradafumiaki/.pub-cache/hosted/pub.dev/flutter_plugin_android_lifecycle-2.0.34/
[   +1 ms] Found plugin connectivity_plus at /Users/saradafumiaki/.pub-cache/hosted/pub.dev/connectivity_plus-6.1.5/
[   +1 ms] Found plugin audioplayers at /Users/saradafumiaki/.pub-cache/hosted/pub.dev/audioplayers-6.6.0/
[        ] Found plugin audioplayers_windows at /Users/saradafumiaki/.pub-cache/hosted/pub.dev/audioplayers_windows-4.3.0/
[   +1 ms] Found plugin audioplayers_web at /Users/saradafumiaki/.pub-cache/hosted/pub.dev/audioplayers_web-5.2.0/
[        ] Found plugin audioplayers_linux at /Users/saradafumiaki/.pub-cache/hosted/pub.dev/audioplayers_linux-4.2.1/
[        ] Found plugin audioplayers_darwin at /Users/saradafumiaki/.pub-cache/hosted/pub.dev/audioplayers_darwin-6.4.0/
[        ] Found plugin audioplayers_android at /Users/saradafumiaki/.pub-cache/hosted/pub.dev/audioplayers_android-5.2.1/
[   +2 ms] Skipping generating dart_plugin_registrant.dart because it is up-to-date.
[        ] <- recompile file:///var/folders/hh/1g2yms7d3890gm5lz8l0jmj80000gn/T/flutter_tools.X3xqwV/flutter_test_listener.YEh5Za/listener.dart e99ccc2a-e689-4286-9b99-e01557326536
[        ] file:///var/folders/hh/1g2yms7d3890gm5lz8l0jmj80000gn/T/flutter_tools.X3xqwV/flutter_test_listener.YEh5Za/listener.dart
[        ] file:///Users/saradafumiaki/Documents/Apps/kendo_os/.dart_tool/flutter_build/dart_plugin_registrant.dart
[        ] <- e99ccc2a-e689-4286-9b99-e01557326536
00:02 +24: /Users/saradafumiaki/Documents/Apps/kendo_os/test/unit/infrastructure/repository/local_match_repository_test.dart: LocalMatchRepository (Isar Database) Tests saveMatch (Update): 既存の試合データを上書き更新できること
00:02 +25: /Users/saradafumiaki/Documents/Apps/kendo_os/test/unit/infrastructure/repository/local_match_repository_test.dart: LocalMatchRepository (Isar Database) Tests (tearDownAll)
[  +79 ms] test 7: Test harness is no longer needed by test process
[        ] test 7: finished
[        ] test 7: cleaning up...
[        ] test 7: ensuring test device is terminated.
[        ] test 7: Terminating flutter_tester process
[        ] test 7: Shutting down DevTools server
[        ] test 7: Test process is no longer needed by test harness
[        ] test 7: Shutting down test harness socket server
[   +3 ms] test 7: flutter_tester process at pid 33451 exited with code=-9
[        ] test 7: deleting temporary directory
[   +4 ms] test 7: finished
[        ] test 11: starting test /Users/saradafumiaki/Documents/Apps/kendo_os/test/unit/domain/lexical_ordering_test.dart
[   +1 ms] Stopping scan for flutter_test_config.dart; found project root at /Users/saradafumiaki/Documents/Apps/kendo_os
[  +55 ms] <- accept
[        ] <- reset
[        ] Compiling file:///var/folders/hh/1g2yms7d3890gm5lz8l0jmj80000gn/T/flutter_tools.X3xqwV/flutter_test_listener.YEh5Za/listener.dart took 302ms
[        ] Compiling file:///var/folders/hh/1g2yms7d3890gm5lz8l0jmj80000gn/T/flutter_tools.X3xqwV/flutter_test_listener.4T6mYS/listener.dart
[        ] test 9: starting test device
[        ] test 9: awaiting connection to test device
[   +5 ms] test 9: VM Service uri is not available
[        ] test 9: test harness socket server is running at port:53940
[        ] test 9: Starting flutter_tester process with command=[/Users/saradafumiaki/development/flutter/bin/cache/artifacts/engine/darwin-x64/flutter_tester, --disable-vm-service, --enable-checked-mode, --verify-entry-points, --enable-software-rendering, --skia-deterministic-rendering, --enable-dart-profiling, --non-interactive, --use-test-fonts, --disable-asset-fonts, --packages=/Users/saradafumiaki/Documents/Apps/kendo_os/.dart_tool/package_config.json, --flutter-assets-dir=/Users/saradafumiaki/Documents/Apps/kendo_os/build/unit_test_assets, /var/folders/hh/1g2yms7d3890gm5lz8l0jmj80000gn/T/flutter_tools.X3xqwV/flutter_test_listener.YEh5Za/listener.dart.dill], environment={FLUTTER_TEST: true, FONTCONFIG_FILE: /var/folders/hh/1g2yms7d3890gm5lz8l0jmj80000gn/T/flutter_tools.X3xqwV/flutter_test_fonts.hib7TY/fonts.conf, SERVER_PORT: 53940, APP_NAME: kendo_os, UNIT_TEST_ASSETS: /Users/saradafumiaki/Documents/Apps/kendo_os/build/unit_test_assets}
[   +4 ms] test 9: Started flutter_tester process at pid 33459
[  +36 ms] Found plugin integration_test at /Users/saradafumiaki/development/flutter/packages/integration_test/
[  +11 ms] Found plugin firebase_core at /Users/saradafumiaki/.pub-cache/hosted/pub.dev/firebase_core-4.7.0/
[        ] Found plugin firebase_core_web at /Users/saradafumiaki/.pub-cache/hosted/pub.dev/firebase_core_web-3.6.0/
[   +1 ms] Found plugin cloud_firestore at /Users/saradafumiaki/.pub-cache/hosted/pub.dev/cloud_firestore-6.3.0/
[        ] Found plugin cloud_firestore_web at /Users/saradafumiaki/.pub-cache/hosted/pub.dev/cloud_firestore_web-5.3.0/
[   +4 ms] Found plugin wakelock_plus at /Users/saradafumiaki/.pub-cache/hosted/pub.dev/wakelock_plus-1.5.2/
[   +2 ms] Found plugin package_info_plus at /Users/saradafumiaki/.pub-cache/hosted/pub.dev/package_info_plus-9.0.1/
[   +4 ms] Found plugin url_launcher at /Users/saradafumiaki/.pub-cache/hosted/pub.dev/url_launcher-6.3.2/
[        ] Found plugin url_launcher_windows at /Users/saradafumiaki/.pub-cache/hosted/pub.dev/url_launcher_windows-3.1.5/
[   +1 ms] Found plugin url_launcher_web at /Users/saradafumiaki/.pub-cache/hosted/pub.dev/url_launcher_web-2.4.2/
[        ] Found plugin url_launcher_macos at /Users/saradafumiaki/.pub-cache/hosted/pub.dev/url_launcher_macos-3.2.5/
[        ] Found plugin url_launcher_linux at /Users/saradafumiaki/.pub-cache/hosted/pub.dev/url_launcher_linux-3.2.2/
[        ] Found plugin url_launcher_ios at /Users/saradafumiaki/.pub-cache/hosted/pub.dev/url_launcher_ios-6.4.1/
[        ] Found plugin url_launcher_android at /Users/saradafumiaki/.pub-cache/hosted/pub.dev/url_launcher_android-6.3.29/
[   +1 ms] Found plugin syncfusion_flutter_pdfviewer at /Users/saradafumiaki/.pub-cache/hosted/pub.dev/syncfusion_flutter_pdfviewer-28.2.12/
[        ] Found plugin syncfusion_pdfviewer_windows at /Users/saradafumiaki/.pub-cache/hosted/pub.dev/syncfusion_pdfviewer_windows-28.2.12/
[        ] Found plugin syncfusion_pdfviewer_web at /Users/saradafumiaki/.pub-cache/hosted/pub.dev/syncfusion_pdfviewer_web-28.2.12/
[        ] Found plugin syncfusion_pdfviewer_macos at /Users/saradafumiaki/.pub-cache/hosted/pub.dev/syncfusion_pdfviewer_macos-28.2.12/
[   +2 ms] Found plugin device_info_plus at /Users/saradafumiaki/.pub-cache/hosted/pub.dev/device_info_plus-11.5.0/
[   +1 ms] Found plugin shared_preferences at /Users/saradafumiaki/.pub-cache/hosted/pub.dev/shared_preferences-2.5.5/
[        ] Found plugin shared_preferences_windows at /Users/saradafumiaki/.pub-cache/hosted/pub.dev/shared_preferences_windows-2.4.1/
[        ] Found plugin path_provider_windows at /Users/saradafumiaki/.pub-cache/hosted/pub.dev/path_provider_windows-2.3.0/
[   +1 ms] Found plugin shared_preferences_web at /Users/saradafumiaki/.pub-cache/hosted/pub.dev/shared_preferences_web-2.4.3/
[        ] Found plugin shared_preferences_linux at /Users/saradafumiaki/.pub-cache/hosted/pub.dev/shared_preferences_linux-2.4.1/
[        ] Found plugin path_provider_linux at /Users/saradafumiaki/.pub-cache/hosted/pub.dev/path_provider_linux-2.2.1/
[        ] Found plugin shared_preferences_foundation at /Users/saradafumiaki/.pub-cache/hosted/pub.dev/shared_preferences_foundation-2.5.6/
[        ] Found plugin shared_preferences_android at /Users/saradafumiaki/.pub-cache/hosted/pub.dev/shared_preferences_android-2.4.23/
[        ] Found plugin share_plus at /Users/saradafumiaki/.pub-cache/hosted/pub.dev/share_plus-12.0.2/
[   +1 ms] Found plugin path_provider at /Users/saradafumiaki/.pub-cache/hosted/pub.dev/path_provider-2.1.5/
[        ] Found plugin path_provider_foundation at /Users/saradafumiaki/.pub-cache/hosted/pub.dev/path_provider_foundation-2.6.0/
[   +2 ms] Found plugin path_provider_android at /Users/saradafumiaki/.pub-cache/hosted/pub.dev/path_provider_android-2.3.1/
[        ] Found plugin jni_flutter at /Users/saradafumiaki/.pub-cache/hosted/pub.dev/jni_flutter-1.0.1/
[        ] Found plugin jni at /Users/saradafumiaki/.pub-cache/hosted/pub.dev/jni-1.0.0/
[   +1 ms] Found plugin printing at /Users/saradafumiaki/.pub-cache/hosted/pub.dev/printing-5.14.3/
[   +3 ms] Found plugin isar_community_flutter_libs at /Users/saradafumiaki/.pub-cache/hosted/pub.dev/isar_community_flutter_libs-3.3.2/
[        ] Found plugin google_sign_in at /Users/saradafumiaki/.pub-cache/hosted/pub.dev/google_sign_in-6.3.0/
[        ] Found plugin google_sign_in_web at /Users/saradafumiaki/.pub-cache/hosted/pub.dev/google_sign_in_web-0.12.4+4/
[   +1 ms] Found plugin google_sign_in_ios at /Users/saradafumiaki/.pub-cache/hosted/pub.dev/google_sign_in_ios-5.9.0/
[        ] Found plugin google_sign_in_android at /Users/saradafumiaki/.pub-cache/hosted/pub.dev/google_sign_in_android-6.2.1/
[   +1 ms] Found plugin flutter_tts at /Users/saradafumiaki/.pub-cache/hosted/pub.dev/flutter_tts-4.2.5/
[   +2 ms] Found plugin flutter_image_compress at /Users/saradafumiaki/.pub-cache/hosted/pub.dev/flutter_image_compress-2.4.0/
[        ] Found plugin flutter_image_compress_web at /Users/saradafumiaki/.pub-cache/hosted/pub.dev/flutter_image_compress_web-0.1.5/
[        ] Found plugin flutter_image_compress_ohos at /Users/saradafumiaki/.pub-cache/hosted/pub.dev/flutter_image_compress_ohos-0.0.3/
[        ] Found plugin flutter_image_compress_macos at /Users/saradafumiaki/.pub-cache/hosted/pub.dev/flutter_image_compress_macos-1.0.3/
[        ] Found plugin flutter_image_compress_common at /Users/saradafumiaki/.pub-cache/hosted/pub.dev/flutter_image_compress_common-1.0.6/
[        ] Found plugin firebase_storage at /Users/saradafumiaki/.pub-cache/hosted/pub.dev/firebase_storage-13.3.0/
[        ] Found plugin firebase_storage_web at /Users/saradafumiaki/.pub-cache/hosted/pub.dev/firebase_storage_web-3.11.5/
[        ] Found plugin firebase_crashlytics at /Users/saradafumiaki/.pub-cache/hosted/pub.dev/firebase_crashlytics-5.2.0/
[        ] Found plugin firebase_auth at /Users/saradafumiaki/.pub-cache/hosted/pub.dev/firebase_auth-6.4.0/
[        ] Found plugin firebase_auth_web at /Users/saradafumiaki/.pub-cache/hosted/pub.dev/firebase_auth_web-6.1.5/
[   +1 ms] Found plugin file_picker at /Users/saradafumiaki/.pub-cache/hosted/pub.dev/file_picker-8.3.7/
[   +1 ms] Found plugin flutter_plugin_android_lifecycle at /Users/saradafumiaki/.pub-cache/hosted/pub.dev/flutter_plugin_android_lifecycle-2.0.34/
[   +1 ms] Found plugin connectivity_plus at /Users/saradafumiaki/.pub-cache/hosted/pub.dev/connectivity_plus-6.1.5/
[   +1 ms] Found plugin audioplayers at /Users/saradafumiaki/.pub-cache/hosted/pub.dev/audioplayers-6.6.0/
[        ] Found plugin audioplayers_windows at /Users/saradafumiaki/.pub-cache/hosted/pub.dev/audioplayers_windows-4.3.0/
[        ] Found plugin audioplayers_web at /Users/saradafumiaki/.pub-cache/hosted/pub.dev/audioplayers_web-5.2.0/
[        ] Found plugin audioplayers_linux at /Users/saradafumiaki/.pub-cache/hosted/pub.dev/audioplayers_linux-4.2.1/
[        ] Found plugin audioplayers_darwin at /Users/saradafumiaki/.pub-cache/hosted/pub.dev/audioplayers_darwin-6.4.0/
[        ] Found plugin audioplayers_android at /Users/saradafumiaki/.pub-cache/hosted/pub.dev/audioplayers_android-5.2.1/
[   +2 ms] Skipping generating dart_plugin_registrant.dart because it is up-to-date.
[        ] <- recompile file:///var/folders/hh/1g2yms7d3890gm5lz8l0jmj80000gn/T/flutter_tools.X3xqwV/flutter_test_listener.4T6mYS/listener.dart 49ce0157-d76c-4b6f-a4c5-3b5879cb342a
[        ] file:///var/folders/hh/1g2yms7d3890gm5lz8l0jmj80000gn/T/flutter_tools.X3xqwV/flutter_test_listener.4T6mYS/listener.dart
[        ] file:///Users/saradafumiaki/Documents/Apps/kendo_os/.dart_tool/flutter_build/dart_plugin_registrant.dart
[        ] <- 49ce0157-d76c-4b6f-a4c5-3b5879cb342a
[ +127 ms] <- accept
[        ] <- reset
[        ] Compiling file:///var/folders/hh/1g2yms7d3890gm5lz8l0jmj80000gn/T/flutter_tools.X3xqwV/flutter_test_listener.4T6mYS/listener.dart took 249ms
[        ] Compiling file:///var/folders/hh/1g2yms7d3890gm5lz8l0jmj80000gn/T/flutter_tools.X3xqwV/flutter_test_listener.sS0ZeF/listener.dart
[        ] test 10: starting test device
[        ] test 10: awaiting connection to test device
[   +5 ms] test 10: VM Service uri is not available
[        ] test 10: test harness socket server is running at port:53941
[        ] test 10: Starting flutter_tester process with command=[/Users/saradafumiaki/development/flutter/bin/cache/artifacts/engine/darwin-x64/flutter_tester, --disable-vm-service, --enable-checked-mode, --verify-entry-points, --enable-software-rendering, --skia-deterministic-rendering, --enable-dart-profiling, --non-interactive, --use-test-fonts, --disable-asset-fonts, --packages=/Users/saradafumiaki/Documents/Apps/kendo_os/.dart_tool/package_config.json, --flutter-assets-dir=/Users/saradafumiaki/Documents/Apps/kendo_os/build/unit_test_assets, /var/folders/hh/1g2yms7d3890gm5lz8l0jmj80000gn/T/flutter_tools.X3xqwV/flutter_test_listener.4T6mYS/listener.dart.dill], environment={FLUTTER_TEST: true, FONTCONFIG_FILE: /var/folders/hh/1g2yms7d3890gm5lz8l0jmj80000gn/T/flutter_tools.X3xqwV/flutter_test_fonts.hib7TY/fonts.conf, SERVER_PORT: 53941, APP_NAME: kendo_os, UNIT_TEST_ASSETS: /Users/saradafumiaki/Documents/Apps/kendo_os/build/unit_test_assets}
[   +6 ms] test 10: Started flutter_tester process at pid 33460
[  +42 ms] Found plugin integration_test at /Users/saradafumiaki/development/flutter/packages/integration_test/
[  +18 ms] Found plugin firebase_core at /Users/saradafumiaki/.pub-cache/hosted/pub.dev/firebase_core-4.7.0/
[        ] Found plugin firebase_core_web at /Users/saradafumiaki/.pub-cache/hosted/pub.dev/firebase_core_web-3.6.0/
[   +2 ms] Found plugin cloud_firestore at /Users/saradafumiaki/.pub-cache/hosted/pub.dev/cloud_firestore-6.3.0/
[        ] Found plugin cloud_firestore_web at /Users/saradafumiaki/.pub-cache/hosted/pub.dev/cloud_firestore_web-5.3.0/
[   +2 ms] Found plugin wakelock_plus at /Users/saradafumiaki/.pub-cache/hosted/pub.dev/wakelock_plus-1.5.2/
[   +2 ms] Found plugin package_info_plus at /Users/saradafumiaki/.pub-cache/hosted/pub.dev/package_info_plus-9.0.1/
[   +4 ms] Found plugin url_launcher at /Users/saradafumiaki/.pub-cache/hosted/pub.dev/url_launcher-6.3.2/
[        ] Found plugin url_launcher_windows at /Users/saradafumiaki/.pub-cache/hosted/pub.dev/url_launcher_windows-3.1.5/
[   +1 ms] Found plugin url_launcher_web at /Users/saradafumiaki/.pub-cache/hosted/pub.dev/url_launcher_web-2.4.2/
[   +1 ms] Found plugin url_launcher_macos at /Users/saradafumiaki/.pub-cache/hosted/pub.dev/url_launcher_macos-3.2.5/
[        ] Found plugin url_launcher_linux at /Users/saradafumiaki/.pub-cache/hosted/pub.dev/url_launcher_linux-3.2.2/
[        ] Found plugin url_launcher_ios at /Users/saradafumiaki/.pub-cache/hosted/pub.dev/url_launcher_ios-6.4.1/
[        ] Found plugin url_launcher_android at /Users/saradafumiaki/.pub-cache/hosted/pub.dev/url_launcher_android-6.3.29/
[   +1 ms] Found plugin syncfusion_flutter_pdfviewer at /Users/saradafumiaki/.pub-cache/hosted/pub.dev/syncfusion_flutter_pdfviewer-28.2.12/
[        ] Found plugin syncfusion_pdfviewer_windows at /Users/saradafumiaki/.pub-cache/hosted/pub.dev/syncfusion_pdfviewer_windows-28.2.12/
[   +2 ms] Found plugin syncfusion_pdfviewer_web at /Users/saradafumiaki/.pub-cache/hosted/pub.dev/syncfusion_pdfviewer_web-28.2.12/
[   +1 ms] Found plugin syncfusion_pdfviewer_macos at /Users/saradafumiaki/.pub-cache/hosted/pub.dev/syncfusion_pdfviewer_macos-28.2.12/
[   +2 ms] Found plugin device_info_plus at /Users/saradafumiaki/.pub-cache/hosted/pub.dev/device_info_plus-11.5.0/
[   +1 ms] Found plugin shared_preferences at /Users/saradafumiaki/.pub-cache/hosted/pub.dev/shared_preferences-2.5.5/
[   +1 ms] test 8: connected to test device, now awaiting test result
[        ] test 8: Waiting for test harness or tests to finish
[        ] Found plugin shared_preferences_windows at /Users/saradafumiaki/.pub-cache/hosted/pub.dev/shared_preferences_windows-2.4.1/
[        ] Found plugin path_provider_windows at /Users/saradafumiaki/.pub-cache/hosted/pub.dev/path_provider_windows-2.3.0/
[        ] Found plugin shared_preferences_web at /Users/saradafumiaki/.pub-cache/hosted/pub.dev/shared_preferences_web-2.4.3/
[        ] Found plugin shared_preferences_linux at /Users/saradafumiaki/.pub-cache/hosted/pub.dev/shared_preferences_linux-2.4.1/
[        ] Found plugin path_provider_linux at /Users/saradafumiaki/.pub-cache/hosted/pub.dev/path_provider_linux-2.2.1/
[        ] Found plugin shared_preferences_foundation at /Users/saradafumiaki/.pub-cache/hosted/pub.dev/shared_preferences_foundation-2.5.6/
[        ] Found plugin shared_preferences_android at /Users/saradafumiaki/.pub-cache/hosted/pub.dev/shared_preferences_android-2.4.23/
[        ] Found plugin share_plus at /Users/saradafumiaki/.pub-cache/hosted/pub.dev/share_plus-12.0.2/
[   +1 ms] Found plugin path_provider at /Users/saradafumiaki/.pub-cache/hosted/pub.dev/path_provider-2.1.5/
[        ] Found plugin path_provider_foundation at /Users/saradafumiaki/.pub-cache/hosted/pub.dev/path_provider_foundation-2.6.0/
[   +2 ms] Found plugin path_provider_android at /Users/saradafumiaki/.pub-cache/hosted/pub.dev/path_provider_android-2.3.1/
[        ] Found plugin jni_flutter at /Users/saradafumiaki/.pub-cache/hosted/pub.dev/jni_flutter-1.0.1/
[        ] Found plugin jni at /Users/saradafumiaki/.pub-cache/hosted/pub.dev/jni-1.0.0/
[   +1 ms] Found plugin printing at /Users/saradafumiaki/.pub-cache/hosted/pub.dev/printing-5.14.3/
[   +3 ms] Found plugin isar_community_flutter_libs at /Users/saradafumiaki/.pub-cache/hosted/pub.dev/isar_community_flutter_libs-3.3.2/
[        ] Found plugin google_sign_in at /Users/saradafumiaki/.pub-cache/hosted/pub.dev/google_sign_in-6.3.0/
[        ] Found plugin google_sign_in_web at /Users/saradafumiaki/.pub-cache/hosted/pub.dev/google_sign_in_web-0.12.4+4/
[   +1 ms] Found plugin google_sign_in_ios at /Users/saradafumiaki/.pub-cache/hosted/pub.dev/google_sign_in_ios-5.9.0/
[        ] Found plugin google_sign_in_android at /Users/saradafumiaki/.pub-cache/hosted/pub.dev/google_sign_in_android-6.2.1/
[   +1 ms] Found plugin flutter_tts at /Users/saradafumiaki/.pub-cache/hosted/pub.dev/flutter_tts-4.2.5/
[   +2 ms] Found plugin flutter_image_compress at /Users/saradafumiaki/.pub-cache/hosted/pub.dev/flutter_image_compress-2.4.0/
[        ] Found plugin flutter_image_compress_web at /Users/saradafumiaki/.pub-cache/hosted/pub.dev/flutter_image_compress_web-0.1.5/
[        ] Found plugin flutter_image_compress_ohos at /Users/saradafumiaki/.pub-cache/hosted/pub.dev/flutter_image_compress_ohos-0.0.3/
[        ] Found plugin flutter_image_compress_macos at /Users/saradafumiaki/.pub-cache/hosted/pub.dev/flutter_image_compress_macos-1.0.3/
[        ] Found plugin flutter_image_compress_common at /Users/saradafumiaki/.pub-cache/hosted/pub.dev/flutter_image_compress_common-1.0.6/
[        ] Found plugin firebase_storage at /Users/saradafumiaki/.pub-cache/hosted/pub.dev/firebase_storage-13.3.0/
[        ] Found plugin firebase_storage_web at /Users/saradafumiaki/.pub-cache/hosted/pub.dev/firebase_storage_web-3.11.5/
[   +1 ms] Found plugin firebase_crashlytics at /Users/saradafumiaki/.pub-cache/hosted/pub.dev/firebase_crashlytics-5.2.0/
[   +1 ms] Found plugin firebase_auth at /Users/saradafumiaki/.pub-cache/hosted/pub.dev/firebase_auth-6.4.0/
[        ] Found plugin firebase_auth_web at /Users/saradafumiaki/.pub-cache/hosted/pub.dev/firebase_auth_web-6.1.5/
[   +1 ms] Found plugin file_picker at /Users/saradafumiaki/.pub-cache/hosted/pub.dev/file_picker-8.3.7/
[        ] Found plugin flutter_plugin_android_lifecycle at /Users/saradafumiaki/.pub-cache/hosted/pub.dev/flutter_plugin_android_lifecycle-2.0.34/
[   +1 ms] Found plugin connectivity_plus at /Users/saradafumiaki/.pub-cache/hosted/pub.dev/connectivity_plus-6.1.5/
[   +1 ms] Found plugin audioplayers at /Users/saradafumiaki/.pub-cache/hosted/pub.dev/audioplayers-6.6.0/
[   +1 ms] Found plugin audioplayers_windows at /Users/saradafumiaki/.pub-cache/hosted/pub.dev/audioplayers_windows-4.3.0/
[   +1 ms] Found plugin audioplayers_web at /Users/saradafumiaki/.pub-cache/hosted/pub.dev/audioplayers_web-5.2.0/
[        ] Found plugin audioplayers_linux at /Users/saradafumiaki/.pub-cache/hosted/pub.dev/audioplayers_linux-4.2.1/
[        ] Found plugin audioplayers_darwin at /Users/saradafumiaki/.pub-cache/hosted/pub.dev/audioplayers_darwin-6.4.0/
[        ] Found plugin audioplayers_android at /Users/saradafumiaki/.pub-cache/hosted/pub.dev/audioplayers_android-5.2.1/
[   +2 ms] Skipping generating dart_plugin_registrant.dart because it is up-to-date.
[        ] <- recompile file:///var/folders/hh/1g2yms7d3890gm5lz8l0jmj80000gn/T/flutter_tools.X3xqwV/flutter_test_listener.sS0ZeF/listener.dart 4fa42cd5-8efd-4988-9928-c25f20bc1ee2
[        ] file:///var/folders/hh/1g2yms7d3890gm5lz8l0jmj80000gn/T/flutter_tools.X3xqwV/flutter_test_listener.sS0ZeF/listener.dart
[        ] file:///Users/saradafumiaki/Documents/Apps/kendo_os/.dart_tool/flutter_build/dart_plugin_registrant.dart
[        ] <- 4fa42cd5-8efd-4988-9928-c25f20bc1ee2
00:03 +25: /Users/saradafumiaki/Documents/Apps/kendo_os/test/unit/infrastructure/repository/match_repository_test.dart: Phase 1: MatchRepository Optimization Tests watchActiveMatches: 進行中(in_progress)と待機中(waiting)の試合を抽出して監視できるか
[  +93 ms] <- accept
[        ] <- reset
[        ] Compiling file:///var/folders/hh/1g2yms7d3890gm5lz8l0jmj80000gn/T/flutter_tools.X3xqwV/flutter_test_listener.sS0ZeF/listener.dart took 244ms
[        ] test 11: starting test device
[        ] test 11: awaiting connection to test device
[        ] test 11: VM Service uri is not available
[        ] test 11: test harness socket server is running at port:53943
[        ] test 11: Starting flutter_tester process with command=[/Users/saradafumiaki/development/flutter/bin/cache/artifacts/engine/darwin-x64/flutter_tester, --disable-vm-service, --enable-checked-mode, --verify-entry-points, --enable-software-rendering, --skia-deterministic-rendering, --enable-dart-profiling, --non-interactive, --use-test-fonts, --disable-asset-fonts, --packages=/Users/saradafumiaki/Documents/Apps/kendo_os/.dart_tool/package_config.json, --flutter-assets-dir=/Users/saradafumiaki/Documents/Apps/kendo_os/build/unit_test_assets, /var/folders/hh/1g2yms7d3890gm5lz8l0jmj80000gn/T/flutter_tools.X3xqwV/flutter_test_listener.sS0ZeF/listener.dart.dill], environment={FLUTTER_TEST: true, FONTCONFIG_FILE: /var/folders/hh/1g2yms7d3890gm5lz8l0jmj80000gn/T/flutter_tools.X3xqwV/flutter_test_fonts.hib7TY/fonts.conf, SERVER_PORT: 53943, APP_NAME: kendo_os, UNIT_TEST_ASSETS: /Users/saradafumiaki/Documents/Apps/kendo_os/build/unit_test_assets}
[  +12 ms] test 11: Started flutter_tester process at pid 33461
00:03 +26: /Users/saradafumiaki/Documents/Apps/kendo_os/test/unit/infrastructure/repository/match_repository_test.dart: Phase 1: MatchRepository Optimization Tests getStaticMatches: 終了済み(finished, approved)の試合を1回だけ取得できるか
[ +228 ms] test 8: Test harness is no longer needed by test process
[        ] test 8: finished
[        ] test 8: cleaning up...
[        ] test 8: ensuring test device is terminated.
[        ] test 8: Terminating flutter_tester process
[        ] test 8: Shutting down DevTools server
[        ] test 8: Test process is no longer needed by test harness
[        ] test 8: Shutting down test harness socket server
[   +6 ms] test 8: flutter_tester process at pid 33457 exited with code=-9
[        ] test 8: deleting temporary directory
[   +6 ms] test 8: finished
[        ] test 12: starting test /Users/saradafumiaki/Documents/Apps/kendo_os/test/unit/domain/security_zero_trust_test.dart
[   +2 ms] Stopping scan for flutter_test_config.dart; found project root at /Users/saradafumiaki/Documents/Apps/kendo_os
[   +1 ms] Compiling file:///var/folders/hh/1g2yms7d3890gm5lz8l0jmj80000gn/T/flutter_tools.X3xqwV/flutter_test_listener.cC9FKW/listener.dart
[  +30 ms] test 9: connected to test device, now awaiting test result
[        ] test 9: Waiting for test harness or tests to finish
[  +91 ms] Found plugin integration_test at /Users/saradafumiaki/development/flutter/packages/integration_test/
[  +31 ms] Found plugin firebase_core at /Users/saradafumiaki/.pub-cache/hosted/pub.dev/firebase_core-4.7.0/
[   +1 ms] Found plugin firebase_core_web at /Users/saradafumiaki/.pub-cache/hosted/pub.dev/firebase_core_web-3.6.0/
[   +2 ms] Found plugin cloud_firestore at /Users/saradafumiaki/.pub-cache/hosted/pub.dev/cloud_firestore-6.3.0/
[   +1 ms] Found plugin cloud_firestore_web at /Users/saradafumiaki/.pub-cache/hosted/pub.dev/cloud_firestore_web-5.3.0/
[   +4 ms] Found plugin wakelock_plus at /Users/saradafumiaki/.pub-cache/hosted/pub.dev/wakelock_plus-1.5.2/
[   +2 ms] Found plugin package_info_plus at /Users/saradafumiaki/.pub-cache/hosted/pub.dev/package_info_plus-9.0.1/
[   +5 ms] Found plugin url_launcher at /Users/saradafumiaki/.pub-cache/hosted/pub.dev/url_launcher-6.3.2/
[        ] Found plugin url_launcher_windows at /Users/saradafumiaki/.pub-cache/hosted/pub.dev/url_launcher_windows-3.1.5/
[   +2 ms] Found plugin url_launcher_web at /Users/saradafumiaki/.pub-cache/hosted/pub.dev/url_launcher_web-2.4.2/
[   +1 ms] Found plugin url_launcher_macos at /Users/saradafumiaki/.pub-cache/hosted/pub.dev/url_launcher_macos-3.2.5/
[        ] Found plugin url_launcher_linux at /Users/saradafumiaki/.pub-cache/hosted/pub.dev/url_launcher_linux-3.2.2/
[        ] Found plugin url_launcher_ios at /Users/saradafumiaki/.pub-cache/hosted/pub.dev/url_launcher_ios-6.4.1/
[        ] Found plugin url_launcher_android at /Users/saradafumiaki/.pub-cache/hosted/pub.dev/url_launcher_android-6.3.29/
[   +1 ms] Found plugin syncfusion_flutter_pdfviewer at /Users/saradafumiaki/.pub-cache/hosted/pub.dev/syncfusion_flutter_pdfviewer-28.2.12/
[        ] Found plugin syncfusion_pdfviewer_windows at /Users/saradafumiaki/.pub-cache/hosted/pub.dev/syncfusion_pdfviewer_windows-28.2.12/
[   +1 ms] Found plugin syncfusion_pdfviewer_web at /Users/saradafumiaki/.pub-cache/hosted/pub.dev/syncfusion_pdfviewer_web-28.2.12/
[        ] Found plugin syncfusion_pdfviewer_macos at /Users/saradafumiaki/.pub-cache/hosted/pub.dev/syncfusion_pdfviewer_macos-28.2.12/
00:03 +27: /Users/saradafumiaki/Documents/Apps/kendo_os/test/unit/infrastructure/web_platform_safety_test.dart: (setUpAll)
[  +14 ms] Found plugin device_info_plus at /Users/saradafumiaki/.pub-cache/hosted/pub.dev/device_info_plus-11.5.0/
[  +56 ms] Found plugin shared_preferences at /Users/saradafumiaki/.pub-cache/hosted/pub.dev/shared_preferences-2.5.5/
[  +10 ms] Found plugin shared_preferences_windows at /Users/saradafumiaki/.pub-cache/hosted/pub.dev/shared_preferences_windows-2.4.1/
[   +7 ms] Found plugin path_provider_windows at /Users/saradafumiaki/.pub-cache/hosted/pub.dev/path_provider_windows-2.3.0/
[  +10 ms] Found plugin shared_preferences_web at /Users/saradafumiaki/.pub-cache/hosted/pub.dev/shared_preferences_web-2.4.3/
[  +14 ms] Found plugin shared_preferences_linux at /Users/saradafumiaki/.pub-cache/hosted/pub.dev/shared_preferences_linux-2.4.1/
[  +16 ms] Found plugin path_provider_linux at /Users/saradafumiaki/.pub-cache/hosted/pub.dev/path_provider_linux-2.2.1/
[  +21 ms] Found plugin shared_preferences_foundation at /Users/saradafumiaki/.pub-cache/hosted/pub.dev/shared_preferences_foundation-2.5.6/
[  +53 ms] Found plugin shared_preferences_android at /Users/saradafumiaki/.pub-cache/hosted/pub.dev/shared_preferences_android-2.4.23/
[  +68 ms] Found plugin share_plus at /Users/saradafumiaki/.pub-cache/hosted/pub.dev/share_plus-12.0.2/
[   +8 ms] Found plugin path_provider at /Users/saradafumiaki/.pub-cache/hosted/pub.dev/path_provider-2.1.5/
[   +1 ms] Found plugin path_provider_foundation at /Users/saradafumiaki/.pub-cache/hosted/pub.dev/path_provider_foundation-2.6.0/
[  +63 ms] Found plugin path_provider_android at /Users/saradafumiaki/.pub-cache/hosted/pub.dev/path_provider_android-2.3.1/
[   +7 ms] Found plugin jni_flutter at /Users/saradafumiaki/.pub-cache/hosted/pub.dev/jni_flutter-1.0.1/
00:03 +27: /Users/saradafumiaki/Documents/Apps/kendo_os/test/unit/infrastructure/web_platform_safety_test.dart: 🌐 Web Platform Safety & Historical Bug Regression Tests 1. JS Safe Integer Limitation (64bit整数限界エラー防止)
[   +6 ms] Found plugin jni at /Users/saradafumiaki/.pub-cache/hosted/pub.dev/jni-1.0.0/
[   +6 ms] Found plugin printing at /Users/saradafumiaki/.pub-cache/hosted/pub.dev/printing-5.14.3/
00:03 +28: /Users/saradafumiaki/Documents/Apps/kendo_os/test/unit/infrastructure/web_platform_safety_test.dart: 🌐 Web Platform Safety & Historical Bug Regression Tests 2. Isar Web Isolation (Isar Web起動時の自爆クラッシュ防止)
[  +15 ms] Found plugin isar_community_flutter_libs at /Users/saradafumiaki/.pub-cache/hosted/pub.dev/isar_community_flutter_libs-3.3.2/
[   +2 ms] Found plugin google_sign_in at /Users/saradafumiaki/.pub-cache/hosted/pub.dev/google_sign_in-6.3.0/
[   +2 ms] Found plugin google_sign_in_web at /Users/saradafumiaki/.pub-cache/hosted/pub.dev/google_sign_in_web-0.12.4+4/
[   +7 ms] Found plugin google_sign_in_ios at /Users/saradafumiaki/.pub-cache/hosted/pub.dev/google_sign_in_ios-5.9.0/
[   +1 ms] Found plugin google_sign_in_android at /Users/saradafumiaki/.pub-cache/hosted/pub.dev/google_sign_in_android-6.2.1/
00:03 +29: /Users/saradafumiaki/Documents/Apps/kendo_os/test/unit/infrastructure/web_platform_safety_test.dart: 🌐 Web Platform Safety & Historical Bug Regression Tests 3. Single Router Architecture (URL消失・ホワイトアウト防止)
[  +10 ms] Found plugin flutter_tts at /Users/saradafumiaki/.pub-cache/hosted/pub.dev/flutter_tts-4.2.5/
00:03 +30: /Users/saradafumiaki/Documents/Apps/kendo_os/test/unit/infrastructure/web_platform_safety_test.dart: 🌐 Web Platform Safety & Historical Bug Regression Tests 4. Zero Trust AuthGuard Logic (未ログイン観客のスルー検証)
[   +6 ms] Found plugin flutter_image_compress at /Users/saradafumiaki/.pub-cache/hosted/pub.dev/flutter_image_compress-2.4.0/
[   +1 ms] Found plugin flutter_image_compress_web at /Users/saradafumiaki/.pub-cache/hosted/pub.dev/flutter_image_compress_web-0.1.5/
[   +4 ms] Found plugin flutter_image_compress_ohos at /Users/saradafumiaki/.pub-cache/hosted/pub.dev/flutter_image_compress_ohos-0.0.3/
00:03 +31: /Users/saradafumiaki/Documents/Apps/kendo_os/test/unit/infrastructure/web_platform_safety_test.dart: 🌐 Web Platform Safety & Historical Bug Regression Tests 5. ConsumerWidget Property Access (Widget.child 参照エラー防止)
[   +2 ms] Found plugin flutter_image_compress_macos at /Users/saradafumiaki/.pub-cache/hosted/pub.dev/flutter_image_compress_macos-1.0.3/
[   +1 ms] Found plugin flutter_image_compress_common at /Users/saradafumiaki/.pub-cache/hosted/pub.dev/flutter_image_compress_common-1.0.6/
[   +1 ms] Found plugin firebase_storage at /Users/saradafumiaki/.pub-cache/hosted/pub.dev/firebase_storage-13.3.0/
00:03 +32: /Users/saradafumiaki/Documents/Apps/kendo_os/test/unit/infrastructure/web_platform_safety_test.dart: 🌐 Web Platform Safety & Historical Bug Regression Tests 6. Viewer Screen Door Logic (観客席の扉ボタン非表示と閉じ込め防止)
[   +5 ms] Found plugin firebase_storage_web at /Users/saradafumiaki/.pub-cache/hosted/pub.dev/firebase_storage_web-3.11.5/
00:03 +33: /Users/saradafumiaki/Documents/Apps/kendo_os/test/unit/infrastructure/web_platform_safety_test.dart: 🌐 Web Platform Safety & Historical Bug Regression Tests 7. Isar Schema ID Protection (設計図破壊の再発防止テスト)
[   +4 ms] Found plugin firebase_crashlytics at /Users/saradafumiaki/.pub-cache/hosted/pub.dev/firebase_crashlytics-5.2.0/
00:03 +34: /Users/saradafumiaki/Documents/Apps/kendo_os/test/unit/infrastructure/web_platform_safety_test.dart: 🌐 Web Platform Safety & Historical Bug Regression Tests 8. SyncState Enforcement (本番サービスを通した未送信フラグ強制付与の検証)
[  +13 ms] Found plugin firebase_auth at /Users/saradafumiaki/.pub-cache/hosted/pub.dev/firebase_auth-6.4.0/
[   +6 ms] Found plugin firebase_auth_web at /Users/saradafumiaki/.pub-cache/hosted/pub.dev/firebase_auth_web-6.1.5/
[   +2 ms] Found plugin file_picker at /Users/saradafumiaki/.pub-cache/hosted/pub.dev/file_picker-8.3.7/
[   +1 ms] Found plugin flutter_plugin_android_lifecycle at /Users/saradafumiaki/.pub-cache/hosted/pub.dev/flutter_plugin_android_lifecycle-2.0.34/
[   +3 ms] Found plugin connectivity_plus at /Users/saradafumiaki/.pub-cache/hosted/pub.dev/connectivity_plus-6.1.5/
[   +2 ms] Found plugin audioplayers at /Users/saradafumiaki/.pub-cache/hosted/pub.dev/audioplayers-6.6.0/
[   +1 ms] Found plugin audioplayers_windows at /Users/saradafumiaki/.pub-cache/hosted/pub.dev/audioplayers_windows-4.3.0/
[   +1 ms] Found plugin audioplayers_web at /Users/saradafumiaki/.pub-cache/hosted/pub.dev/audioplayers_web-5.2.0/
[        ] Found plugin audioplayers_linux at /Users/saradafumiaki/.pub-cache/hosted/pub.dev/audioplayers_linux-4.2.1/
[   +1 ms] Found plugin audioplayers_darwin at /Users/saradafumiaki/.pub-cache/hosted/pub.dev/audioplayers_darwin-6.4.0/
[        ] Found plugin audioplayers_android at /Users/saradafumiaki/.pub-cache/hosted/pub.dev/audioplayers_android-5.2.1/
[   +2 ms] Skipping generating dart_plugin_registrant.dart because it is up-to-date.
[        ] <- recompile file:///var/folders/hh/1g2yms7d3890gm5lz8l0jmj80000gn/T/flutter_tools.X3xqwV/flutter_test_listener.cC9FKW/listener.dart 844bc5aa-13c6-4d93-8eee-1f87f5de370d
[        ] file:///var/folders/hh/1g2yms7d3890gm5lz8l0jmj80000gn/T/flutter_tools.X3xqwV/flutter_test_listener.cC9FKW/listener.dart
[        ] file:///Users/saradafumiaki/Documents/Apps/kendo_os/.dart_tool/flutter_build/dart_plugin_registrant.dart
[        ] <- 844bc5aa-13c6-4d93-8eee-1f87f5de370d
[  +40 ms] test 10: connected to test device, now awaiting test result
[        ] test 10: Waiting for test harness or tests to finish
00:04 +35: /Users/saradafumiaki/Documents/Apps/kendo_os/test/unit/infrastructure/web_platform_safety_test.dart: 🌐 Web Platform Safety & Historical Bug Regression Tests 9. Web Viewer Pipeline Constraint (Web版のIsarバイパスとProjection更新制約)
[   +6 ms] test 11: connected to test device, now awaiting test result
[        ] test 11: Waiting for test harness or tests to finish
00:04 +36: /Users/saradafumiaki/Documents/Apps/kendo_os/test/unit/infrastructure/web_platform_safety_test.dart: 🌐 Web Platform Safety & Historical Bug Regression Tests 10. Match Timer Ghost Resume Prevention (タイマーゴースト再開の防止と絶対時間仕様)
00:04 +37: /Users/saradafumiaki/Documents/Apps/kendo_os/test/unit/infrastructure/web_platform_safety_test.dart: 🌐 Web Platform Safety & Historical Bug Regression Tests 11. Bunaiksen Viewer Role Enforcement (部内戦観客席の権限ダウングレード検証)
00:04 +38: /Users/saradafumiaki/Documents/Apps/kendo_os/test/unit/infrastructure/web_platform_safety_test.dart: 🌐 Web Platform Safety & Historical Bug Regression Tests 12. Bunaiksen and Standard Viewer Routing Isolation (通常観客席と部内戦観客席のルーティング分離検証)
00:04 +39: /Users/saradafumiaki/Documents/Apps/kendo_os/test/unit/infrastructure/web_platform_safety_test.dart: 🌐 Web Platform Safety & Historical Bug Regression Tests 13. Reorder Match Order Precision Bug (巨大な浮動小数点での情報落ちによる並び替え無効化の防止)
00:04 +40: /Users/saradafumiaki/Documents/Apps/kendo_os/test/unit/infrastructure/web_platform_safety_test.dart: (tearDownAll)
[  +34 ms] test 9: Test harness is no longer needed by test process
[        ] test 9: finished
[        ] test 9: cleaning up...
[        ] test 9: ensuring test device is terminated.
[        ] test 9: Terminating flutter_tester process
[        ] test 9: Shutting down DevTools server
[        ] test 9: Test process is no longer needed by test harness
[        ] test 9: Shutting down test harness socket server
[   +8 ms] test 9: flutter_tester process at pid 33459 exited with code=-9
[        ] test 9: deleting temporary directory
[   +6 ms] test 9: finished
[        ] test 13: starting test /Users/saradafumiaki/Documents/Apps/kendo_os/test/unit/domain/role_permission_matrix_test.dart
[   +2 ms] Stopping scan for flutter_test_config.dart; found project root at /Users/saradafumiaki/Documents/Apps/kendo_os
[  +50 ms] <- accept
[        ] <- reset
[        ] Compiling file:///var/folders/hh/1g2yms7d3890gm5lz8l0jmj80000gn/T/flutter_tools.X3xqwV/flutter_test_listener.cC9FKW/listener.dart took 805ms
[        ] Compiling file:///var/folders/hh/1g2yms7d3890gm5lz8l0jmj80000gn/T/flutter_tools.X3xqwV/flutter_test_listener.u6tBno/listener.dart
[        ] test 12: starting test device
[        ] test 12: awaiting connection to test device
[   +6 ms] test 12: VM Service uri is not available
[        ] test 12: test harness socket server is running at port:53949
[        ] test 12: Starting flutter_tester process with command=[/Users/saradafumiaki/development/flutter/bin/cache/artifacts/engine/darwin-x64/flutter_tester, --disable-vm-service, --enable-checked-mode, --verify-entry-points, --enable-software-rendering, --skia-deterministic-rendering, --enable-dart-profiling, --non-interactive, --use-test-fonts, --disable-asset-fonts, --packages=/Users/saradafumiaki/Documents/Apps/kendo_os/.dart_tool/package_config.json, --flutter-assets-dir=/Users/saradafumiaki/Documents/Apps/kendo_os/build/unit_test_assets, /var/folders/hh/1g2yms7d3890gm5lz8l0jmj80000gn/T/flutter_tools.X3xqwV/flutter_test_listener.cC9FKW/listener.dart.dill], environment={FLUTTER_TEST: true, FONTCONFIG_FILE: /var/folders/hh/1g2yms7d3890gm5lz8l0jmj80000gn/T/flutter_tools.X3xqwV/flutter_test_fonts.hib7TY/fonts.conf, SERVER_PORT: 53949, APP_NAME: kendo_os, UNIT_TEST_ASSETS: /Users/saradafumiaki/Documents/Apps/kendo_os/build/unit_test_assets}
[  +10 ms] test 12: Started flutter_tester process at pid 33468
00:04 +40: /Users/saradafumiaki/Documents/Apps/kendo_os/test/unit/infrastructure/csv_service_test.dart: CsvService ユニットテスト 生成されたCSV文字列が期待通りのフォーマットであること
00:04 +41: /Users/saradafumiaki/Documents/Apps/kendo_os/test/unit/infrastructure/csv_service_test.dart: CsvService ユニットテスト 生成されたCSV文字列が期待通りのフォーマットであること
00:04 +42: /Users/saradafumiaki/Documents/Apps/kendo_os/test/unit/infrastructure/csv_service_test.dart: CsvService ユニットテスト 生成されたCSV文字列が期待通りのフォーマットであること
00:04 +43: /Users/saradafumiaki/Documents/Apps/kendo_os/test/unit/domain/lexical_ordering_test.dart: Lexical Ordering Test 要素間への移動（後方へ）: 前後の要素の中間値が生成されること
[  +51 ms] test 10: Test harness is no longer needed by test process
[        ] test 10: finished
[        ] test 10: cleaning up...
[        ] test 10: ensuring test device is terminated.
[        ] test 10: Terminating flutter_tester process
[        ] test 10: Shutting down DevTools server
[        ] test 10: Test process is no longer needed by test harness
[        ] test 10: Shutting down test harness socket server
00:04 +44: /Users/saradafumiaki/Documents/Apps/kendo_os/test/unit/domain/lexical_ordering_test.dart: Lexical Ordering Test 要素間への移動（前方へ）: 前後の要素の中間値が生成されること
[   +3 ms] Found plugin integration_test at /Users/saradafumiaki/development/flutter/packages/integration_test/
00:04 +45: /Users/saradafumiaki/Documents/Apps/kendo_os/test/unit/domain/lexical_ordering_test.dart: Lexical Ordering Test 重複回避ロジック: 既存要素と同じ値になった場合は+0.001されること
[   +2 ms] test 10: flutter_tester process at pid 33460 exited with code=-9
[        ] test 10: deleting temporary directory
[   +5 ms] test 10: finished
[        ] test 14: starting test /Users/saradafumiaki/Documents/Apps/kendo_os/test/unit/domain/performance_test.dart
[   +1 ms] Stopping scan for flutter_test_config.dart; found project root at /Users/saradafumiaki/Documents/Apps/kendo_os
[   +1 ms] test 11: Test harness is no longer needed by test process
[        ] test 11: finished
[        ] test 11: cleaning up...
[        ] test 11: ensuring test device is terminated.
[        ] test 11: Terminating flutter_tester process
[        ] test 11: Shutting down DevTools server
[        ] test 11: Test process is no longer needed by test harness
[        ] test 11: Shutting down test harness socket server
[   +5 ms] test 11: flutter_tester process at pid 33461 exited with code=-9
[        ] test 11: deleting temporary directory
[   +4 ms] test 11: finished
[        ] test 15: starting test /Users/saradafumiaki/Documents/Apps/kendo_os/test/unit/domain/rules/bunaiksen_logic_test.dart
[   +1 ms] Stopping scan for flutter_test_config.dart; found project root at /Users/saradafumiaki/Documents/Apps/kendo_os
[   +9 ms] Found plugin firebase_core at /Users/saradafumiaki/.pub-cache/hosted/pub.dev/firebase_core-4.7.0/
[        ] Found plugin firebase_core_web at /Users/saradafumiaki/.pub-cache/hosted/pub.dev/firebase_core_web-3.6.0/
[   +1 ms] Found plugin cloud_firestore at /Users/saradafumiaki/.pub-cache/hosted/pub.dev/cloud_firestore-6.3.0/
[        ] Found plugin cloud_firestore_web at /Users/saradafumiaki/.pub-cache/hosted/pub.dev/cloud_firestore_web-5.3.0/
[   +2 ms] Found plugin wakelock_plus at /Users/saradafumiaki/.pub-cache/hosted/pub.dev/wakelock_plus-1.5.2/
[   +1 ms] Found plugin package_info_plus at /Users/saradafumiaki/.pub-cache/hosted/pub.dev/package_info_plus-9.0.1/
[   +3 ms] Found plugin url_launcher at /Users/saradafumiaki/.pub-cache/hosted/pub.dev/url_launcher-6.3.2/
[        ] Found plugin url_launcher_windows at /Users/saradafumiaki/.pub-cache/hosted/pub.dev/url_launcher_windows-3.1.5/
[        ] Found plugin url_launcher_web at /Users/saradafumiaki/.pub-cache/hosted/pub.dev/url_launcher_web-2.4.2/
[        ] Found plugin url_launcher_macos at /Users/saradafumiaki/.pub-cache/hosted/pub.dev/url_launcher_macos-3.2.5/
[        ] Found plugin url_launcher_linux at /Users/saradafumiaki/.pub-cache/hosted/pub.dev/url_launcher_linux-3.2.2/
[        ] Found plugin url_launcher_ios at /Users/saradafumiaki/.pub-cache/hosted/pub.dev/url_launcher_ios-6.4.1/
[        ] Found plugin url_launcher_android at /Users/saradafumiaki/.pub-cache/hosted/pub.dev/url_launcher_android-6.3.29/
[        ] Found plugin syncfusion_flutter_pdfviewer at /Users/saradafumiaki/.pub-cache/hosted/pub.dev/syncfusion_flutter_pdfviewer-28.2.12/
[        ] Found plugin syncfusion_pdfviewer_windows at /Users/saradafumiaki/.pub-cache/hosted/pub.dev/syncfusion_pdfviewer_windows-28.2.12/
[        ] Found plugin syncfusion_pdfviewer_web at /Users/saradafumiaki/.pub-cache/hosted/pub.dev/syncfusion_pdfviewer_web-28.2.12/
[        ] Found plugin syncfusion_pdfviewer_macos at /Users/saradafumiaki/.pub-cache/hosted/pub.dev/syncfusion_pdfviewer_macos-28.2.12/
[   +2 ms] Found plugin device_info_plus at /Users/saradafumiaki/.pub-cache/hosted/pub.dev/device_info_plus-11.5.0/
[   +1 ms] Found plugin shared_preferences at /Users/saradafumiaki/.pub-cache/hosted/pub.dev/shared_preferences-2.5.5/
[        ] Found plugin shared_preferences_windows at /Users/saradafumiaki/.pub-cache/hosted/pub.dev/shared_preferences_windows-2.4.1/
[        ] Found plugin path_provider_windows at /Users/saradafumiaki/.pub-cache/hosted/pub.dev/path_provider_windows-2.3.0/
[        ] Found plugin shared_preferences_web at /Users/saradafumiaki/.pub-cache/hosted/pub.dev/shared_preferences_web-2.4.3/
[        ] Found plugin shared_preferences_linux at /Users/saradafumiaki/.pub-cache/hosted/pub.dev/shared_preferences_linux-2.4.1/
[        ] Found plugin path_provider_linux at /Users/saradafumiaki/.pub-cache/hosted/pub.dev/path_provider_linux-2.2.1/
[        ] Found plugin shared_preferences_foundation at /Users/saradafumiaki/.pub-cache/hosted/pub.dev/shared_preferences_foundation-2.5.6/
[        ] Found plugin shared_preferences_android at /Users/saradafumiaki/.pub-cache/hosted/pub.dev/shared_preferences_android-2.4.23/
[        ] Found plugin share_plus at /Users/saradafumiaki/.pub-cache/hosted/pub.dev/share_plus-12.0.2/
[   +1 ms] Found plugin path_provider at /Users/saradafumiaki/.pub-cache/hosted/pub.dev/path_provider-2.1.5/
[   +1 ms] Found plugin path_provider_foundation at /Users/saradafumiaki/.pub-cache/hosted/pub.dev/path_provider_foundation-2.6.0/
[   +2 ms] Found plugin path_provider_android at /Users/saradafumiaki/.pub-cache/hosted/pub.dev/path_provider_android-2.3.1/
[        ] Found plugin jni_flutter at /Users/saradafumiaki/.pub-cache/hosted/pub.dev/jni_flutter-1.0.1/
[        ] Found plugin jni at /Users/saradafumiaki/.pub-cache/hosted/pub.dev/jni-1.0.0/
[   +1 ms] Found plugin printing at /Users/saradafumiaki/.pub-cache/hosted/pub.dev/printing-5.14.3/
[   +3 ms] Found plugin isar_community_flutter_libs at /Users/saradafumiaki/.pub-cache/hosted/pub.dev/isar_community_flutter_libs-3.3.2/
[        ] Found plugin google_sign_in at /Users/saradafumiaki/.pub-cache/hosted/pub.dev/google_sign_in-6.3.0/
[        ] Found plugin google_sign_in_web at /Users/saradafumiaki/.pub-cache/hosted/pub.dev/google_sign_in_web-0.12.4+4/
[   +1 ms] Found plugin google_sign_in_ios at /Users/saradafumiaki/.pub-cache/hosted/pub.dev/google_sign_in_ios-5.9.0/
[        ] Found plugin google_sign_in_android at /Users/saradafumiaki/.pub-cache/hosted/pub.dev/google_sign_in_android-6.2.1/
[   +1 ms] Found plugin flutter_tts at /Users/saradafumiaki/.pub-cache/hosted/pub.dev/flutter_tts-4.2.5/
[   +2 ms] Found plugin flutter_image_compress at /Users/saradafumiaki/.pub-cache/hosted/pub.dev/flutter_image_compress-2.4.0/
[        ] Found plugin flutter_image_compress_web at /Users/saradafumiaki/.pub-cache/hosted/pub.dev/flutter_image_compress_web-0.1.5/
[        ] Found plugin flutter_image_compress_ohos at /Users/saradafumiaki/.pub-cache/hosted/pub.dev/flutter_image_compress_ohos-0.0.3/
[        ] Found plugin flutter_image_compress_macos at /Users/saradafumiaki/.pub-cache/hosted/pub.dev/flutter_image_compress_macos-1.0.3/
[        ] Found plugin flutter_image_compress_common at /Users/saradafumiaki/.pub-cache/hosted/pub.dev/flutter_image_compress_common-1.0.6/
[        ] Found plugin firebase_storage at /Users/saradafumiaki/.pub-cache/hosted/pub.dev/firebase_storage-13.3.0/
[        ] Found plugin firebase_storage_web at /Users/saradafumiaki/.pub-cache/hosted/pub.dev/firebase_storage_web-3.11.5/
[        ] Found plugin firebase_crashlytics at /Users/saradafumiaki/.pub-cache/hosted/pub.dev/firebase_crashlytics-5.2.0/
[        ] Found plugin firebase_auth at /Users/saradafumiaki/.pub-cache/hosted/pub.dev/firebase_auth-6.4.0/
[        ] Found plugin firebase_auth_web at /Users/saradafumiaki/.pub-cache/hosted/pub.dev/firebase_auth_web-6.1.5/
[        ] Found plugin file_picker at /Users/saradafumiaki/.pub-cache/hosted/pub.dev/file_picker-8.3.7/
[        ] Found plugin flutter_plugin_android_lifecycle at /Users/saradafumiaki/.pub-cache/hosted/pub.dev/flutter_plugin_android_lifecycle-2.0.34/
[   +1 ms] Found plugin connectivity_plus at /Users/saradafumiaki/.pub-cache/hosted/pub.dev/connectivity_plus-6.1.5/
[   +1 ms] Found plugin audioplayers at /Users/saradafumiaki/.pub-cache/hosted/pub.dev/audioplayers-6.6.0/
[        ] Found plugin audioplayers_windows at /Users/saradafumiaki/.pub-cache/hosted/pub.dev/audioplayers_windows-4.3.0/
[        ] Found plugin audioplayers_web at /Users/saradafumiaki/.pub-cache/hosted/pub.dev/audioplayers_web-5.2.0/
[        ] Found plugin audioplayers_linux at /Users/saradafumiaki/.pub-cache/hosted/pub.dev/audioplayers_linux-4.2.1/
[        ] Found plugin audioplayers_darwin at /Users/saradafumiaki/.pub-cache/hosted/pub.dev/audioplayers_darwin-6.4.0/
[        ] Found plugin audioplayers_android at /Users/saradafumiaki/.pub-cache/hosted/pub.dev/audioplayers_android-5.2.1/
[   +2 ms] Skipping generating dart_plugin_registrant.dart because it is up-to-date.
[        ] <- recompile file:///var/folders/hh/1g2yms7d3890gm5lz8l0jmj80000gn/T/flutter_tools.X3xqwV/flutter_test_listener.u6tBno/listener.dart cde989f7-6682-4b88-a0dc-f41cb8cae1a1
[        ] file:///var/folders/hh/1g2yms7d3890gm5lz8l0jmj80000gn/T/flutter_tools.X3xqwV/flutter_test_listener.u6tBno/listener.dart
[        ] file:///Users/saradafumiaki/Documents/Apps/kendo_os/.dart_tool/flutter_build/dart_plugin_registrant.dart
[        ] <- cde989f7-6682-4b88-a0dc-f41cb8cae1a1
[ +110 ms] <- accept
[        ] <- reset
[        ] Compiling file:///var/folders/hh/1g2yms7d3890gm5lz8l0jmj80000gn/T/flutter_tools.X3xqwV/flutter_test_listener.u6tBno/listener.dart took 279ms
[        ] Compiling file:///var/folders/hh/1g2yms7d3890gm5lz8l0jmj80000gn/T/flutter_tools.X3xqwV/flutter_test_listener.wvtt3r/listener.dart
[        ] test 13: starting test device
[        ] test 13: awaiting connection to test device
[   +5 ms] test 13: VM Service uri is not available
[        ] test 13: test harness socket server is running at port:53951
[        ] test 13: Starting flutter_tester process with command=[/Users/saradafumiaki/development/flutter/bin/cache/artifacts/engine/darwin-x64/flutter_tester, --disable-vm-service, --enable-checked-mode, --verify-entry-points, --enable-software-rendering, --skia-deterministic-rendering, --enable-dart-profiling, --non-interactive, --use-test-fonts, --disable-asset-fonts, --packages=/Users/saradafumiaki/Documents/Apps/kendo_os/.dart_tool/package_config.json, --flutter-assets-dir=/Users/saradafumiaki/Documents/Apps/kendo_os/build/unit_test_assets, /var/folders/hh/1g2yms7d3890gm5lz8l0jmj80000gn/T/flutter_tools.X3xqwV/flutter_test_listener.u6tBno/listener.dart.dill], environment={FLUTTER_TEST: true, FONTCONFIG_FILE: /var/folders/hh/1g2yms7d3890gm5lz8l0jmj80000gn/T/flutter_tools.X3xqwV/flutter_test_fonts.hib7TY/fonts.conf, SERVER_PORT: 53951, APP_NAME: kendo_os, UNIT_TEST_ASSETS: /Users/saradafumiaki/Documents/Apps/kendo_os/build/unit_test_assets}
[   +5 ms] test 13: Started flutter_tester process at pid 33469
[  +30 ms] Found plugin integration_test at /Users/saradafumiaki/development/flutter/packages/integration_test/
[   +9 ms] Found plugin firebase_core at /Users/saradafumiaki/.pub-cache/hosted/pub.dev/firebase_core-4.7.0/
[        ] Found plugin firebase_core_web at /Users/saradafumiaki/.pub-cache/hosted/pub.dev/firebase_core_web-3.6.0/
[   +2 ms] Found plugin cloud_firestore at /Users/saradafumiaki/.pub-cache/hosted/pub.dev/cloud_firestore-6.3.0/
[        ] Found plugin cloud_firestore_web at /Users/saradafumiaki/.pub-cache/hosted/pub.dev/cloud_firestore_web-5.3.0/
[   +1 ms] Found plugin wakelock_plus at /Users/saradafumiaki/.pub-cache/hosted/pub.dev/wakelock_plus-1.5.2/
[   +1 ms] Found plugin package_info_plus at /Users/saradafumiaki/.pub-cache/hosted/pub.dev/package_info_plus-9.0.1/
[   +2 ms] Found plugin url_launcher at /Users/saradafumiaki/.pub-cache/hosted/pub.dev/url_launcher-6.3.2/
[        ] Found plugin url_launcher_windows at /Users/saradafumiaki/.pub-cache/hosted/pub.dev/url_launcher_windows-3.1.5/
[        ] Found plugin url_launcher_web at /Users/saradafumiaki/.pub-cache/hosted/pub.dev/url_launcher_web-2.4.2/
[        ] Found plugin url_launcher_macos at /Users/saradafumiaki/.pub-cache/hosted/pub.dev/url_launcher_macos-3.2.5/
[        ] Found plugin url_launcher_linux at /Users/saradafumiaki/.pub-cache/hosted/pub.dev/url_launcher_linux-3.2.2/
[        ] Found plugin url_launcher_ios at /Users/saradafumiaki/.pub-cache/hosted/pub.dev/url_launcher_ios-6.4.1/
[        ] Found plugin url_launcher_android at /Users/saradafumiaki/.pub-cache/hosted/pub.dev/url_launcher_android-6.3.29/
[        ] Found plugin syncfusion_flutter_pdfviewer at /Users/saradafumiaki/.pub-cache/hosted/pub.dev/syncfusion_flutter_pdfviewer-28.2.12/
[        ] Found plugin syncfusion_pdfviewer_windows at /Users/saradafumiaki/.pub-cache/hosted/pub.dev/syncfusion_pdfviewer_windows-28.2.12/
[        ] Found plugin syncfusion_pdfviewer_web at /Users/saradafumiaki/.pub-cache/hosted/pub.dev/syncfusion_pdfviewer_web-28.2.12/
[        ] Found plugin syncfusion_pdfviewer_macos at /Users/saradafumiaki/.pub-cache/hosted/pub.dev/syncfusion_pdfviewer_macos-28.2.12/
[   +2 ms] Found plugin device_info_plus at /Users/saradafumiaki/.pub-cache/hosted/pub.dev/device_info_plus-11.5.0/
[   +1 ms] Found plugin shared_preferences at /Users/saradafumiaki/.pub-cache/hosted/pub.dev/shared_preferences-2.5.5/
[        ] Found plugin shared_preferences_windows at /Users/saradafumiaki/.pub-cache/hosted/pub.dev/shared_preferences_windows-2.4.1/
[        ] Found plugin path_provider_windows at /Users/saradafumiaki/.pub-cache/hosted/pub.dev/path_provider_windows-2.3.0/
[        ] Found plugin shared_preferences_web at /Users/saradafumiaki/.pub-cache/hosted/pub.dev/shared_preferences_web-2.4.3/
[        ] Found plugin shared_preferences_linux at /Users/saradafumiaki/.pub-cache/hosted/pub.dev/shared_preferences_linux-2.4.1/
[        ] Found plugin path_provider_linux at /Users/saradafumiaki/.pub-cache/hosted/pub.dev/path_provider_linux-2.2.1/
[   +1 ms] Found plugin shared_preferences_foundation at /Users/saradafumiaki/.pub-cache/hosted/pub.dev/shared_preferences_foundation-2.5.6/
[        ] Found plugin shared_preferences_android at /Users/saradafumiaki/.pub-cache/hosted/pub.dev/shared_preferences_android-2.4.23/
[        ] Found plugin share_plus at /Users/saradafumiaki/.pub-cache/hosted/pub.dev/share_plus-12.0.2/
[   +1 ms] Found plugin path_provider at /Users/saradafumiaki/.pub-cache/hosted/pub.dev/path_provider-2.1.5/
[        ] Found plugin path_provider_foundation at /Users/saradafumiaki/.pub-cache/hosted/pub.dev/path_provider_foundation-2.6.0/
[   +3 ms] Found plugin path_provider_android at /Users/saradafumiaki/.pub-cache/hosted/pub.dev/path_provider_android-2.3.1/
[        ] Found plugin jni_flutter at /Users/saradafumiaki/.pub-cache/hosted/pub.dev/jni_flutter-1.0.1/
[        ] Found plugin jni at /Users/saradafumiaki/.pub-cache/hosted/pub.dev/jni-1.0.0/
[   +1 ms] Found plugin printing at /Users/saradafumiaki/.pub-cache/hosted/pub.dev/printing-5.14.3/
[   +3 ms] Found plugin isar_community_flutter_libs at /Users/saradafumiaki/.pub-cache/hosted/pub.dev/isar_community_flutter_libs-3.3.2/
[        ] Found plugin google_sign_in at /Users/saradafumiaki/.pub-cache/hosted/pub.dev/google_sign_in-6.3.0/
[   +3 ms] Found plugin google_sign_in_web at /Users/saradafumiaki/.pub-cache/hosted/pub.dev/google_sign_in_web-0.12.4+4/
[   +2 ms] Found plugin google_sign_in_ios at /Users/saradafumiaki/.pub-cache/hosted/pub.dev/google_sign_in_ios-5.9.0/
[        ] Found plugin google_sign_in_android at /Users/saradafumiaki/.pub-cache/hosted/pub.dev/google_sign_in_android-6.2.1/
[   +2 ms] Found plugin flutter_tts at /Users/saradafumiaki/.pub-cache/hosted/pub.dev/flutter_tts-4.2.5/
[   +3 ms] Found plugin flutter_image_compress at /Users/saradafumiaki/.pub-cache/hosted/pub.dev/flutter_image_compress-2.4.0/
[   +1 ms] Found plugin flutter_image_compress_web at /Users/saradafumiaki/.pub-cache/hosted/pub.dev/flutter_image_compress_web-0.1.5/
[   +1 ms] Found plugin flutter_image_compress_ohos at /Users/saradafumiaki/.pub-cache/hosted/pub.dev/flutter_image_compress_ohos-0.0.3/
[        ] Found plugin flutter_image_compress_macos at /Users/saradafumiaki/.pub-cache/hosted/pub.dev/flutter_image_compress_macos-1.0.3/
[        ] Found plugin flutter_image_compress_common at /Users/saradafumiaki/.pub-cache/hosted/pub.dev/flutter_image_compress_common-1.0.6/
[   +1 ms] Found plugin firebase_storage at /Users/saradafumiaki/.pub-cache/hosted/pub.dev/firebase_storage-13.3.0/
[        ] Found plugin firebase_storage_web at /Users/saradafumiaki/.pub-cache/hosted/pub.dev/firebase_storage_web-3.11.5/
[   +1 ms] Found plugin firebase_crashlytics at /Users/saradafumiaki/.pub-cache/hosted/pub.dev/firebase_crashlytics-5.2.0/
[   +5 ms] Found plugin firebase_auth at /Users/saradafumiaki/.pub-cache/hosted/pub.dev/firebase_auth-6.4.0/
[   +1 ms] Found plugin firebase_auth_web at /Users/saradafumiaki/.pub-cache/hosted/pub.dev/firebase_auth_web-6.1.5/
[   +1 ms] Found plugin file_picker at /Users/saradafumiaki/.pub-cache/hosted/pub.dev/file_picker-8.3.7/
[        ] Found plugin flutter_plugin_android_lifecycle at /Users/saradafumiaki/.pub-cache/hosted/pub.dev/flutter_plugin_android_lifecycle-2.0.34/
[   +1 ms] Found plugin connectivity_plus at /Users/saradafumiaki/.pub-cache/hosted/pub.dev/connectivity_plus-6.1.5/
[   +1 ms] Found plugin audioplayers at /Users/saradafumiaki/.pub-cache/hosted/pub.dev/audioplayers-6.6.0/
[        ] Found plugin audioplayers_windows at /Users/saradafumiaki/.pub-cache/hosted/pub.dev/audioplayers_windows-4.3.0/
[        ] Found plugin audioplayers_web at /Users/saradafumiaki/.pub-cache/hosted/pub.dev/audioplayers_web-5.2.0/
[        ] Found plugin audioplayers_linux at /Users/saradafumiaki/.pub-cache/hosted/pub.dev/audioplayers_linux-4.2.1/
[        ] Found plugin audioplayers_darwin at /Users/saradafumiaki/.pub-cache/hosted/pub.dev/audioplayers_darwin-6.4.0/
[        ] Found plugin audioplayers_android at /Users/saradafumiaki/.pub-cache/hosted/pub.dev/audioplayers_android-5.2.1/
[   +2 ms] Skipping generating dart_plugin_registrant.dart because it is up-to-date.
[        ] <- recompile file:///var/folders/hh/1g2yms7d3890gm5lz8l0jmj80000gn/T/flutter_tools.X3xqwV/flutter_test_listener.wvtt3r/listener.dart 9ea2a7fd-b090-4a35-b8cf-6948fb4a9107
[        ] file:///var/folders/hh/1g2yms7d3890gm5lz8l0jmj80000gn/T/flutter_tools.X3xqwV/flutter_test_listener.wvtt3r/listener.dart
[        ] file:///Users/saradafumiaki/Documents/Apps/kendo_os/.dart_tool/flutter_build/dart_plugin_registrant.dart
[        ] <- 9ea2a7fd-b090-4a35-b8cf-6948fb4a9107
[ +116 ms] <- accept
[        ] <- reset
[        ] Compiling file:///var/folders/hh/1g2yms7d3890gm5lz8l0jmj80000gn/T/flutter_tools.X3xqwV/flutter_test_listener.wvtt3r/listener.dart took 247ms
[        ] Compiling file:///var/folders/hh/1g2yms7d3890gm5lz8l0jmj80000gn/T/flutter_tools.X3xqwV/flutter_test_listener.WmayAJ/listener.dart
[        ] test 14: starting test device
[        ] test 14: awaiting connection to test device
[   +4 ms] test 14: VM Service uri is not available
[        ] test 14: test harness socket server is running at port:53953
[        ] test 14: Starting flutter_tester process with command=[/Users/saradafumiaki/development/flutter/bin/cache/artifacts/engine/darwin-x64/flutter_tester, --disable-vm-service, --enable-checked-mode, --verify-entry-points, --enable-software-rendering, --skia-deterministic-rendering, --enable-dart-profiling, --non-interactive, --use-test-fonts, --disable-asset-fonts, --packages=/Users/saradafumiaki/Documents/Apps/kendo_os/.dart_tool/package_config.json, --flutter-assets-dir=/Users/saradafumiaki/Documents/Apps/kendo_os/build/unit_test_assets, /var/folders/hh/1g2yms7d3890gm5lz8l0jmj80000gn/T/flutter_tools.X3xqwV/flutter_test_listener.wvtt3r/listener.dart.dill], environment={FLUTTER_TEST: true, FONTCONFIG_FILE: /var/folders/hh/1g2yms7d3890gm5lz8l0jmj80000gn/T/flutter_tools.X3xqwV/flutter_test_fonts.hib7TY/fonts.conf, SERVER_PORT: 53953, APP_NAME: kendo_os, UNIT_TEST_ASSETS: /Users/saradafumiaki/Documents/Apps/kendo_os/build/unit_test_assets}
[  +10 ms] test 14: Started flutter_tester process at pid 33471
[  +40 ms] Found plugin integration_test at /Users/saradafumiaki/development/flutter/packages/integration_test/
[  +11 ms] Found plugin firebase_core at /Users/saradafumiaki/.pub-cache/hosted/pub.dev/firebase_core-4.7.0/
[        ] Found plugin firebase_core_web at /Users/saradafumiaki/.pub-cache/hosted/pub.dev/firebase_core_web-3.6.0/
[   +1 ms] Found plugin cloud_firestore at /Users/saradafumiaki/.pub-cache/hosted/pub.dev/cloud_firestore-6.3.0/
[        ] Found plugin cloud_firestore_web at /Users/saradafumiaki/.pub-cache/hosted/pub.dev/cloud_firestore_web-5.3.0/
[   +2 ms] Found plugin wakelock_plus at /Users/saradafumiaki/.pub-cache/hosted/pub.dev/wakelock_plus-1.5.2/
[   +1 ms] Found plugin package_info_plus at /Users/saradafumiaki/.pub-cache/hosted/pub.dev/package_info_plus-9.0.1/
[   +3 ms] Found plugin url_launcher at /Users/saradafumiaki/.pub-cache/hosted/pub.dev/url_launcher-6.3.2/
[        ] Found plugin url_launcher_windows at /Users/saradafumiaki/.pub-cache/hosted/pub.dev/url_launcher_windows-3.1.5/
[   +1 ms] Found plugin url_launcher_web at /Users/saradafumiaki/.pub-cache/hosted/pub.dev/url_launcher_web-2.4.2/
[        ] Found plugin url_launcher_macos at /Users/saradafumiaki/.pub-cache/hosted/pub.dev/url_launcher_macos-3.2.5/
[        ] Found plugin url_launcher_linux at /Users/saradafumiaki/.pub-cache/hosted/pub.dev/url_launcher_linux-3.2.2/
[        ] Found plugin url_launcher_ios at /Users/saradafumiaki/.pub-cache/hosted/pub.dev/url_launcher_ios-6.4.1/
[        ] Found plugin url_launcher_android at /Users/saradafumiaki/.pub-cache/hosted/pub.dev/url_launcher_android-6.3.29/
[        ] Found plugin syncfusion_flutter_pdfviewer at /Users/saradafumiaki/.pub-cache/hosted/pub.dev/syncfusion_flutter_pdfviewer-28.2.12/
[        ] Found plugin syncfusion_pdfviewer_windows at /Users/saradafumiaki/.pub-cache/hosted/pub.dev/syncfusion_pdfviewer_windows-28.2.12/
[        ] Found plugin syncfusion_pdfviewer_web at /Users/saradafumiaki/.pub-cache/hosted/pub.dev/syncfusion_pdfviewer_web-28.2.12/
[   +1 ms] Found plugin syncfusion_pdfviewer_macos at /Users/saradafumiaki/.pub-cache/hosted/pub.dev/syncfusion_pdfviewer_macos-28.2.12/
[   +2 ms] Found plugin device_info_plus at /Users/saradafumiaki/.pub-cache/hosted/pub.dev/device_info_plus-11.5.0/
[   +4 ms] Found plugin shared_preferences at /Users/saradafumiaki/.pub-cache/hosted/pub.dev/shared_preferences-2.5.5/
[        ] Found plugin shared_preferences_windows at /Users/saradafumiaki/.pub-cache/hosted/pub.dev/shared_preferences_windows-2.4.1/
[   +1 ms] Found plugin path_provider_windows at /Users/saradafumiaki/.pub-cache/hosted/pub.dev/path_provider_windows-2.3.0/
[        ] Found plugin shared_preferences_web at /Users/saradafumiaki/.pub-cache/hosted/pub.dev/shared_preferences_web-2.4.3/
[        ] Found plugin shared_preferences_linux at /Users/saradafumiaki/.pub-cache/hosted/pub.dev/shared_preferences_linux-2.4.1/
[        ] Found plugin path_provider_linux at /Users/saradafumiaki/.pub-cache/hosted/pub.dev/path_provider_linux-2.2.1/
[   +1 ms] Found plugin shared_preferences_foundation at /Users/saradafumiaki/.pub-cache/hosted/pub.dev/shared_preferences_foundation-2.5.6/
[        ] Found plugin shared_preferences_android at /Users/saradafumiaki/.pub-cache/hosted/pub.dev/shared_preferences_android-2.4.23/
[        ] Found plugin share_plus at /Users/saradafumiaki/.pub-cache/hosted/pub.dev/share_plus-12.0.2/
[   +1 ms] Found plugin path_provider at /Users/saradafumiaki/.pub-cache/hosted/pub.dev/path_provider-2.1.5/
[        ] Found plugin path_provider_foundation at /Users/saradafumiaki/.pub-cache/hosted/pub.dev/path_provider_foundation-2.6.0/
[   +2 ms] Found plugin path_provider_android at /Users/saradafumiaki/.pub-cache/hosted/pub.dev/path_provider_android-2.3.1/
[        ] Found plugin jni_flutter at /Users/saradafumiaki/.pub-cache/hosted/pub.dev/jni_flutter-1.0.1/
[        ] Found plugin jni at /Users/saradafumiaki/.pub-cache/hosted/pub.dev/jni-1.0.0/
[   +1 ms] Found plugin printing at /Users/saradafumiaki/.pub-cache/hosted/pub.dev/printing-5.14.3/
[   +3 ms] Found plugin isar_community_flutter_libs at /Users/saradafumiaki/.pub-cache/hosted/pub.dev/isar_community_flutter_libs-3.3.2/
[        ] Found plugin google_sign_in at /Users/saradafumiaki/.pub-cache/hosted/pub.dev/google_sign_in-6.3.0/
[        ] Found plugin google_sign_in_web at /Users/saradafumiaki/.pub-cache/hosted/pub.dev/google_sign_in_web-0.12.4+4/
[   +1 ms] Found plugin google_sign_in_ios at /Users/saradafumiaki/.pub-cache/hosted/pub.dev/google_sign_in_ios-5.9.0/
[   +3 ms] Found plugin google_sign_in_android at /Users/saradafumiaki/.pub-cache/hosted/pub.dev/google_sign_in_android-6.2.1/
[   +1 ms] Found plugin flutter_tts at /Users/saradafumiaki/.pub-cache/hosted/pub.dev/flutter_tts-4.2.5/
[   +2 ms] Found plugin flutter_image_compress at /Users/saradafumiaki/.pub-cache/hosted/pub.dev/flutter_image_compress-2.4.0/
[        ] Found plugin flutter_image_compress_web at /Users/saradafumiaki/.pub-cache/hosted/pub.dev/flutter_image_compress_web-0.1.5/
[        ] Found plugin flutter_image_compress_ohos at /Users/saradafumiaki/.pub-cache/hosted/pub.dev/flutter_image_compress_ohos-0.0.3/
[        ] Found plugin flutter_image_compress_macos at /Users/saradafumiaki/.pub-cache/hosted/pub.dev/flutter_image_compress_macos-1.0.3/
[        ] Found plugin flutter_image_compress_common at /Users/saradafumiaki/.pub-cache/hosted/pub.dev/flutter_image_compress_common-1.0.6/
[        ] Found plugin firebase_storage at /Users/saradafumiaki/.pub-cache/hosted/pub.dev/firebase_storage-13.3.0/
[        ] Found plugin firebase_storage_web at /Users/saradafumiaki/.pub-cache/hosted/pub.dev/firebase_storage_web-3.11.5/
[        ] Found plugin firebase_crashlytics at /Users/saradafumiaki/.pub-cache/hosted/pub.dev/firebase_crashlytics-5.2.0/
[   +3 ms] test 12: connected to test device, now awaiting test result
[        ] test 12: Waiting for test harness or tests to finish
[        ] Found plugin firebase_auth at /Users/saradafumiaki/.pub-cache/hosted/pub.dev/firebase_auth-6.4.0/
[        ] Found plugin firebase_auth_web at /Users/saradafumiaki/.pub-cache/hosted/pub.dev/firebase_auth_web-6.1.5/
[        ] Found plugin file_picker at /Users/saradafumiaki/.pub-cache/hosted/pub.dev/file_picker-8.3.7/
[        ] Found plugin flutter_plugin_android_lifecycle at /Users/saradafumiaki/.pub-cache/hosted/pub.dev/flutter_plugin_android_lifecycle-2.0.34/
[   +1 ms] Found plugin connectivity_plus at /Users/saradafumiaki/.pub-cache/hosted/pub.dev/connectivity_plus-6.1.5/
[   +1 ms] Found plugin audioplayers at /Users/saradafumiaki/.pub-cache/hosted/pub.dev/audioplayers-6.6.0/
[        ] Found plugin audioplayers_windows at /Users/saradafumiaki/.pub-cache/hosted/pub.dev/audioplayers_windows-4.3.0/
[        ] Found plugin audioplayers_web at /Users/saradafumiaki/.pub-cache/hosted/pub.dev/audioplayers_web-5.2.0/
[        ] Found plugin audioplayers_linux at /Users/saradafumiaki/.pub-cache/hosted/pub.dev/audioplayers_linux-4.2.1/
[        ] Found plugin audioplayers_darwin at /Users/saradafumiaki/.pub-cache/hosted/pub.dev/audioplayers_darwin-6.4.0/
[        ] Found plugin audioplayers_android at /Users/saradafumiaki/.pub-cache/hosted/pub.dev/audioplayers_android-5.2.1/
[   +2 ms] Skipping generating dart_plugin_registrant.dart because it is up-to-date.
[        ] <- recompile file:///var/folders/hh/1g2yms7d3890gm5lz8l0jmj80000gn/T/flutter_tools.X3xqwV/flutter_test_listener.WmayAJ/listener.dart 9b6fcb53-4ebf-45ae-b3cf-6f238b98a234
[        ] file:///var/folders/hh/1g2yms7d3890gm5lz8l0jmj80000gn/T/flutter_tools.X3xqwV/flutter_test_listener.WmayAJ/listener.dart
[        ] file:///Users/saradafumiaki/Documents/Apps/kendo_os/.dart_tool/flutter_build/dart_plugin_registrant.dart
[        ] <- 9b6fcb53-4ebf-45ae-b3cf-6f238b98a234
00:04 +46: /Users/saradafumiaki/Documents/Apps/kendo_os/test/unit/domain/security_zero_trust_test.dart: 🔒 Zero Trust Security Tests 1. PermissionService (アクセス認可) Viewerはスコアを追加できないこと
00:04 +47: /Users/saradafumiaki/Documents/Apps/kendo_os/test/unit/domain/security_zero_trust_test.dart: 🔒 Zero Trust Security Tests 1. PermissionService (アクセス認可) Scorerはスコアを追加できること
00:04 +48: /Users/saradafumiaki/Documents/Apps/kendo_os/test/unit/domain/security_zero_trust_test.dart: 🔒 Zero Trust Security Tests 2. Event Signature (改ざん防止署名) 正規のルートで生成されたイベントは検証をパスすること
00:04 +49: /Users/saradafumiaki/Documents/Apps/kendo_os/test/unit/domain/security_zero_trust_test.dart: 🔒 Zero Trust Security Tests 2. Event Signature (改ざん防止署名) 他人のIDを騙って userId を改ざんすると署名検証に失敗すること
00:04 +50: /Users/saradafumiaki/Documents/Apps/kendo_os/test/unit/domain/security_zero_trust_test.dart: 🔒 Zero Trust Security Tests 2. Event Signature (改ざん防止署名) 【脆弱性検知】イベントの「技の種類」や「赤白」を改ざんした場合、署名検証に失敗するべき
[ +131 ms] test 12: Test harness is no longer needed by test process
[        ] test 12: finished
[        ] test 12: cleaning up...
[        ] test 12: ensuring test device is terminated.
[        ] test 12: Terminating flutter_tester process
[        ] test 12: Shutting down DevTools server
[        ] test 12: Test process is no longer needed by test harness
[        ] test 12: Shutting down test harness socket server
[   +4 ms] test 12: flutter_tester process at pid 33468 exited with code=-9
[        ] test 12: deleting temporary directory
[   +3 ms] test 12: finished
[        ] test 16: starting test /Users/saradafumiaki/Documents/Apps/kendo_os/test/unit/domain/services/kendo_rule_engine_test.dart
[   +2 ms] Stopping scan for flutter_test_config.dart; found project root at /Users/saradafumiaki/Documents/Apps/kendo_os
[   +2 ms] <- accept
[        ] <- reset
[        ] Compiling file:///var/folders/hh/1g2yms7d3890gm5lz8l0jmj80000gn/T/flutter_tools.X3xqwV/flutter_test_listener.WmayAJ/listener.dart took 288ms
[        ] Compiling file:///var/folders/hh/1g2yms7d3890gm5lz8l0jmj80000gn/T/flutter_tools.X3xqwV/flutter_test_listener.tCaTLA/listener.dart
[        ] test 15: starting test device
[        ] test 15: awaiting connection to test device
[   +4 ms] test 15: VM Service uri is not available
[        ] test 15: test harness socket server is running at port:53959
[        ] test 15: Starting flutter_tester process with command=[/Users/saradafumiaki/development/flutter/bin/cache/artifacts/engine/darwin-x64/flutter_tester, --disable-vm-service, --enable-checked-mode, --verify-entry-points, --enable-software-rendering, --skia-deterministic-rendering, --enable-dart-profiling, --non-interactive, --use-test-fonts, --disable-asset-fonts, --packages=/Users/saradafumiaki/Documents/Apps/kendo_os/.dart_tool/package_config.json, --flutter-assets-dir=/Users/saradafumiaki/Documents/Apps/kendo_os/build/unit_test_assets, /var/folders/hh/1g2yms7d3890gm5lz8l0jmj80000gn/T/flutter_tools.X3xqwV/flutter_test_listener.WmayAJ/listener.dart.dill], environment={FLUTTER_TEST: true, FONTCONFIG_FILE: /var/folders/hh/1g2yms7d3890gm5lz8l0jmj80000gn/T/flutter_tools.X3xqwV/flutter_test_fonts.hib7TY/fonts.conf, SERVER_PORT: 53959, APP_NAME: kendo_os, UNIT_TEST_ASSETS: /Users/saradafumiaki/Documents/Apps/kendo_os/build/unit_test_assets}
[   +5 ms] test 15: Started flutter_tester process at pid 33472
[  +31 ms] Found plugin integration_test at /Users/saradafumiaki/development/flutter/packages/integration_test/
[   +9 ms] Found plugin firebase_core at /Users/saradafumiaki/.pub-cache/hosted/pub.dev/firebase_core-4.7.0/
[        ] Found plugin firebase_core_web at /Users/saradafumiaki/.pub-cache/hosted/pub.dev/firebase_core_web-3.6.0/
[   +1 ms] Found plugin cloud_firestore at /Users/saradafumiaki/.pub-cache/hosted/pub.dev/cloud_firestore-6.3.0/
[        ] Found plugin cloud_firestore_web at /Users/saradafumiaki/.pub-cache/hosted/pub.dev/cloud_firestore_web-5.3.0/
[   +2 ms] Found plugin wakelock_plus at /Users/saradafumiaki/.pub-cache/hosted/pub.dev/wakelock_plus-1.5.2/
[   +1 ms] Found plugin package_info_plus at /Users/saradafumiaki/.pub-cache/hosted/pub.dev/package_info_plus-9.0.1/
[   +2 ms] Found plugin url_launcher at /Users/saradafumiaki/.pub-cache/hosted/pub.dev/url_launcher-6.3.2/
[        ] Found plugin url_launcher_windows at /Users/saradafumiaki/.pub-cache/hosted/pub.dev/url_launcher_windows-3.1.5/
[        ] Found plugin url_launcher_web at /Users/saradafumiaki/.pub-cache/hosted/pub.dev/url_launcher_web-2.4.2/
[        ] Found plugin url_launcher_macos at /Users/saradafumiaki/.pub-cache/hosted/pub.dev/url_launcher_macos-3.2.5/
[        ] Found plugin url_launcher_linux at /Users/saradafumiaki/.pub-cache/hosted/pub.dev/url_launcher_linux-3.2.2/
[        ] Found plugin url_launcher_ios at /Users/saradafumiaki/.pub-cache/hosted/pub.dev/url_launcher_ios-6.4.1/
[        ] Found plugin url_launcher_android at /Users/saradafumiaki/.pub-cache/hosted/pub.dev/url_launcher_android-6.3.29/
[        ] Found plugin syncfusion_flutter_pdfviewer at /Users/saradafumiaki/.pub-cache/hosted/pub.dev/syncfusion_flutter_pdfviewer-28.2.12/
[        ] Found plugin syncfusion_pdfviewer_windows at /Users/saradafumiaki/.pub-cache/hosted/pub.dev/syncfusion_pdfviewer_windows-28.2.12/
[        ] Found plugin syncfusion_pdfviewer_web at /Users/saradafumiaki/.pub-cache/hosted/pub.dev/syncfusion_pdfviewer_web-28.2.12/
[        ] Found plugin syncfusion_pdfviewer_macos at /Users/saradafumiaki/.pub-cache/hosted/pub.dev/syncfusion_pdfviewer_macos-28.2.12/
[   +2 ms] Found plugin device_info_plus at /Users/saradafumiaki/.pub-cache/hosted/pub.dev/device_info_plus-11.5.0/
[   +1 ms] Found plugin shared_preferences at /Users/saradafumiaki/.pub-cache/hosted/pub.dev/shared_preferences-2.5.5/
[        ] Found plugin shared_preferences_windows at /Users/saradafumiaki/.pub-cache/hosted/pub.dev/shared_preferences_windows-2.4.1/
[        ] Found plugin path_provider_windows at /Users/saradafumiaki/.pub-cache/hosted/pub.dev/path_provider_windows-2.3.0/
[        ] Found plugin shared_preferences_web at /Users/saradafumiaki/.pub-cache/hosted/pub.dev/shared_preferences_web-2.4.3/
[        ] Found plugin shared_preferences_linux at /Users/saradafumiaki/.pub-cache/hosted/pub.dev/shared_preferences_linux-2.4.1/
[        ] Found plugin path_provider_linux at /Users/saradafumiaki/.pub-cache/hosted/pub.dev/path_provider_linux-2.2.1/
[        ] Found plugin shared_preferences_foundation at /Users/saradafumiaki/.pub-cache/hosted/pub.dev/shared_preferences_foundation-2.5.6/
[        ] Found plugin shared_preferences_android at /Users/saradafumiaki/.pub-cache/hosted/pub.dev/shared_preferences_android-2.4.23/
[   +1 ms] Found plugin share_plus at /Users/saradafumiaki/.pub-cache/hosted/pub.dev/share_plus-12.0.2/
[   +1 ms] Found plugin path_provider at /Users/saradafumiaki/.pub-cache/hosted/pub.dev/path_provider-2.1.5/
[        ] Found plugin path_provider_foundation at /Users/saradafumiaki/.pub-cache/hosted/pub.dev/path_provider_foundation-2.6.0/
[   +2 ms] Found plugin path_provider_android at /Users/saradafumiaki/.pub-cache/hosted/pub.dev/path_provider_android-2.3.1/
[        ] Found plugin jni_flutter at /Users/saradafumiaki/.pub-cache/hosted/pub.dev/jni_flutter-1.0.1/
[        ] Found plugin jni at /Users/saradafumiaki/.pub-cache/hosted/pub.dev/jni-1.0.0/
[   +1 ms] Found plugin printing at /Users/saradafumiaki/.pub-cache/hosted/pub.dev/printing-5.14.3/
[   +3 ms] Found plugin isar_community_flutter_libs at /Users/saradafumiaki/.pub-cache/hosted/pub.dev/isar_community_flutter_libs-3.3.2/
[        ] Found plugin google_sign_in at /Users/saradafumiaki/.pub-cache/hosted/pub.dev/google_sign_in-6.3.0/
[        ] Found plugin google_sign_in_web at /Users/saradafumiaki/.pub-cache/hosted/pub.dev/google_sign_in_web-0.12.4+4/
[   +1 ms] Found plugin google_sign_in_ios at /Users/saradafumiaki/.pub-cache/hosted/pub.dev/google_sign_in_ios-5.9.0/
[        ] Found plugin google_sign_in_android at /Users/saradafumiaki/.pub-cache/hosted/pub.dev/google_sign_in_android-6.2.1/
[   +1 ms] Found plugin flutter_tts at /Users/saradafumiaki/.pub-cache/hosted/pub.dev/flutter_tts-4.2.5/
[   +2 ms] Found plugin flutter_image_compress at /Users/saradafumiaki/.pub-cache/hosted/pub.dev/flutter_image_compress-2.4.0/
[        ] Found plugin flutter_image_compress_web at /Users/saradafumiaki/.pub-cache/hosted/pub.dev/flutter_image_compress_web-0.1.5/
[   +1 ms] Found plugin flutter_image_compress_ohos at /Users/saradafumiaki/.pub-cache/hosted/pub.dev/flutter_image_compress_ohos-0.0.3/
[        ] Found plugin flutter_image_compress_macos at /Users/saradafumiaki/.pub-cache/hosted/pub.dev/flutter_image_compress_macos-1.0.3/
[        ] Found plugin flutter_image_compress_common at /Users/saradafumiaki/.pub-cache/hosted/pub.dev/flutter_image_compress_common-1.0.6/
[        ] Found plugin firebase_storage at /Users/saradafumiaki/.pub-cache/hosted/pub.dev/firebase_storage-13.3.0/
[        ] Found plugin firebase_storage_web at /Users/saradafumiaki/.pub-cache/hosted/pub.dev/firebase_storage_web-3.11.5/
[   +1 ms] Found plugin firebase_crashlytics at /Users/saradafumiaki/.pub-cache/hosted/pub.dev/firebase_crashlytics-5.2.0/
[   +1 ms] Found plugin firebase_auth at /Users/saradafumiaki/.pub-cache/hosted/pub.dev/firebase_auth-6.4.0/
[        ] Found plugin firebase_auth_web at /Users/saradafumiaki/.pub-cache/hosted/pub.dev/firebase_auth_web-6.1.5/
[   +1 ms] Found plugin file_picker at /Users/saradafumiaki/.pub-cache/hosted/pub.dev/file_picker-8.3.7/
[        ] Found plugin flutter_plugin_android_lifecycle at /Users/saradafumiaki/.pub-cache/hosted/pub.dev/flutter_plugin_android_lifecycle-2.0.34/
[   +1 ms] Found plugin connectivity_plus at /Users/saradafumiaki/.pub-cache/hosted/pub.dev/connectivity_plus-6.1.5/
[   +2 ms] Found plugin audioplayers at /Users/saradafumiaki/.pub-cache/hosted/pub.dev/audioplayers-6.6.0/
[        ] Found plugin audioplayers_windows at /Users/saradafumiaki/.pub-cache/hosted/pub.dev/audioplayers_windows-4.3.0/
[        ] Found plugin audioplayers_web at /Users/saradafumiaki/.pub-cache/hosted/pub.dev/audioplayers_web-5.2.0/
[        ] Found plugin audioplayers_linux at /Users/saradafumiaki/.pub-cache/hosted/pub.dev/audioplayers_linux-4.2.1/
[   +1 ms] Found plugin audioplayers_darwin at /Users/saradafumiaki/.pub-cache/hosted/pub.dev/audioplayers_darwin-6.4.0/
[        ] Found plugin audioplayers_android at /Users/saradafumiaki/.pub-cache/hosted/pub.dev/audioplayers_android-5.2.1/
[   +2 ms] Skipping generating dart_plugin_registrant.dart because it is up-to-date.
[        ] <- recompile file:///var/folders/hh/1g2yms7d3890gm5lz8l0jmj80000gn/T/flutter_tools.X3xqwV/flutter_test_listener.tCaTLA/listener.dart 8001f178-15e0-46e1-9836-cb184514fd78
[        ] file:///var/folders/hh/1g2yms7d3890gm5lz8l0jmj80000gn/T/flutter_tools.X3xqwV/flutter_test_listener.tCaTLA/listener.dart
[        ] file:///Users/saradafumiaki/Documents/Apps/kendo_os/.dart_tool/flutter_build/dart_plugin_registrant.dart
[        ] <- 8001f178-15e0-46e1-9836-cb184514fd78
[  +76 ms] test 13: connected to test device, now awaiting test result
[        ] test 13: Waiting for test harness or tests to finish
[  +64 ms] <- accept
[        ] <- reset
[        ] Compiling file:///var/folders/hh/1g2yms7d3890gm5lz8l0jmj80000gn/T/flutter_tools.X3xqwV/flutter_test_listener.tCaTLA/listener.dart took 254ms
[        ] test 16: starting test device
[        ] test 16: awaiting connection to test device
[        ] test 16: VM Service uri is not available
[        ] test 16: test harness socket server is running at port:53961
[        ] test 16: Starting flutter_tester process with command=[/Users/saradafumiaki/development/flutter/bin/cache/artifacts/engine/darwin-x64/flutter_tester, --disable-vm-service, --enable-checked-mode, --verify-entry-points, --enable-software-rendering, --skia-deterministic-rendering, --enable-dart-profiling, --non-interactive, --use-test-fonts, --disable-asset-fonts, --packages=/Users/saradafumiaki/Documents/Apps/kendo_os/.dart_tool/package_config.json, --flutter-assets-dir=/Users/saradafumiaki/Documents/Apps/kendo_os/build/unit_test_assets, /var/folders/hh/1g2yms7d3890gm5lz8l0jmj80000gn/T/flutter_tools.X3xqwV/flutter_test_listener.tCaTLA/listener.dart.dill], environment={FLUTTER_TEST: true, FONTCONFIG_FILE: /var/folders/hh/1g2yms7d3890gm5lz8l0jmj80000gn/T/flutter_tools.X3xqwV/flutter_test_fonts.hib7TY/fonts.conf, SERVER_PORT: 53961, APP_NAME: kendo_os, UNIT_TEST_ASSETS: /Users/saradafumiaki/Documents/Apps/kendo_os/build/unit_test_assets}
[   +7 ms] test 16: Started flutter_tester process at pid 33476
00:05 +51: /Users/saradafumiaki/Documents/Apps/kendo_os/test/unit/domain/role_permission_matrix_test.dart: 🛡️ Phase 3-4: セキュリティテスト拡張 (Role/Permission Matrix) Viewer (観客) は、いかなる試合進行の書き込み操作も【拒否】されること
00:05 +52: /Users/saradafumiaki/Documents/Apps/kendo_os/test/unit/domain/role_permission_matrix_test.dart: 🛡️ Phase 3-4: セキュリティテスト拡張 (Role/Permission Matrix) Scorer (記録係) は、担当範囲の試合進行操作が【許可】されること
00:05 +53: /Users/saradafumiaki/Documents/Apps/kendo_os/test/unit/domain/role_permission_matrix_test.dart: 🛡️ Phase 3-4: セキュリティテスト拡張 (Role/Permission Matrix) Admin (管理者) は、すべての操作が【許可】されること
[  +86 ms] test 13: Test harness is no longer needed by test process
[        ] test 13: finished
[        ] test 13: cleaning up...
[        ] test 13: ensuring test device is terminated.
[        ] test 13: Terminating flutter_tester process
[        ] test 13: Shutting down DevTools server
[        ] test 13: Test process is no longer needed by test harness
[        ] test 13: Shutting down test harness socket server
[   +5 ms] test 13: flutter_tester process at pid 33469 exited with code=-9
[        ] test 13: deleting temporary directory
[   +5 ms] test 13: finished
[        ] test 17: starting test /Users/saradafumiaki/Documents/Apps/kendo_os/test/unit/domain/services/property_based_kendo_test.dart
[   +1 ms] Stopping scan for flutter_test_config.dart; found project root at /Users/saradafumiaki/Documents/Apps/kendo_os
[        ] Compiling file:///var/folders/hh/1g2yms7d3890gm5lz8l0jmj80000gn/T/flutter_tools.X3xqwV/flutter_test_listener.VK0Nhz/listener.dart
[  +47 ms] Found plugin integration_test at /Users/saradafumiaki/development/flutter/packages/integration_test/
[  +15 ms] Found plugin firebase_core at /Users/saradafumiaki/.pub-cache/hosted/pub.dev/firebase_core-4.7.0/
[        ] Found plugin firebase_core_web at /Users/saradafumiaki/.pub-cache/hosted/pub.dev/firebase_core_web-3.6.0/
[   +2 ms] Found plugin cloud_firestore at /Users/saradafumiaki/.pub-cache/hosted/pub.dev/cloud_firestore-6.3.0/
[        ] Found plugin cloud_firestore_web at /Users/saradafumiaki/.pub-cache/hosted/pub.dev/cloud_firestore_web-5.3.0/
[   +3 ms] Found plugin wakelock_plus at /Users/saradafumiaki/.pub-cache/hosted/pub.dev/wakelock_plus-1.5.2/
[   +2 ms] Found plugin package_info_plus at /Users/saradafumiaki/.pub-cache/hosted/pub.dev/package_info_plus-9.0.1/
[   +3 ms] Found plugin url_launcher at /Users/saradafumiaki/.pub-cache/hosted/pub.dev/url_launcher-6.3.2/
[        ] Found plugin url_launcher_windows at /Users/saradafumiaki/.pub-cache/hosted/pub.dev/url_launcher_windows-3.1.5/
[   +1 ms] Found plugin url_launcher_web at /Users/saradafumiaki/.pub-cache/hosted/pub.dev/url_launcher_web-2.4.2/
[        ] Found plugin url_launcher_macos at /Users/saradafumiaki/.pub-cache/hosted/pub.dev/url_launcher_macos-3.2.5/
[        ] Found plugin url_launcher_linux at /Users/saradafumiaki/.pub-cache/hosted/pub.dev/url_launcher_linux-3.2.2/
[        ] Found plugin url_launcher_ios at /Users/saradafumiaki/.pub-cache/hosted/pub.dev/url_launcher_ios-6.4.1/
[        ] Found plugin url_launcher_android at /Users/saradafumiaki/.pub-cache/hosted/pub.dev/url_launcher_android-6.3.29/
[   +1 ms] Found plugin syncfusion_flutter_pdfviewer at /Users/saradafumiaki/.pub-cache/hosted/pub.dev/syncfusion_flutter_pdfviewer-28.2.12/
[        ] Found plugin syncfusion_pdfviewer_windows at /Users/saradafumiaki/.pub-cache/hosted/pub.dev/syncfusion_pdfviewer_windows-28.2.12/
[        ] Found plugin syncfusion_pdfviewer_web at /Users/saradafumiaki/.pub-cache/hosted/pub.dev/syncfusion_pdfviewer_web-28.2.12/
[   +1 ms] Found plugin syncfusion_pdfviewer_macos at /Users/saradafumiaki/.pub-cache/hosted/pub.dev/syncfusion_pdfviewer_macos-28.2.12/
[   +2 ms] Found plugin device_info_plus at /Users/saradafumiaki/.pub-cache/hosted/pub.dev/device_info_plus-11.5.0/
[   +1 ms] Found plugin shared_preferences at /Users/saradafumiaki/.pub-cache/hosted/pub.dev/shared_preferences-2.5.5/
[        ] Found plugin shared_preferences_windows at /Users/saradafumiaki/.pub-cache/hosted/pub.dev/shared_preferences_windows-2.4.1/
[   +1 ms] Found plugin path_provider_windows at /Users/saradafumiaki/.pub-cache/hosted/pub.dev/path_provider_windows-2.3.0/
[   +1 ms] Found plugin shared_preferences_web at /Users/saradafumiaki/.pub-cache/hosted/pub.dev/shared_preferences_web-2.4.3/
[        ] Found plugin shared_preferences_linux at /Users/saradafumiaki/.pub-cache/hosted/pub.dev/shared_preferences_linux-2.4.1/
[        ] Found plugin path_provider_linux at /Users/saradafumiaki/.pub-cache/hosted/pub.dev/path_provider_linux-2.2.1/
[   +1 ms] Found plugin shared_preferences_foundation at /Users/saradafumiaki/.pub-cache/hosted/pub.dev/shared_preferences_foundation-2.5.6/
[   +1 ms] test 14: connected to test device, now awaiting test result
[        ] test 14: Waiting for test harness or tests to finish
[        ] Found plugin shared_preferences_android at /Users/saradafumiaki/.pub-cache/hosted/pub.dev/shared_preferences_android-2.4.23/
[        ] Found plugin share_plus at /Users/saradafumiaki/.pub-cache/hosted/pub.dev/share_plus-12.0.2/
[   +1 ms] Found plugin path_provider at /Users/saradafumiaki/.pub-cache/hosted/pub.dev/path_provider-2.1.5/
[        ] Found plugin path_provider_foundation at /Users/saradafumiaki/.pub-cache/hosted/pub.dev/path_provider_foundation-2.6.0/
[   +4 ms] Found plugin path_provider_android at /Users/saradafumiaki/.pub-cache/hosted/pub.dev/path_provider_android-2.3.1/
[   +1 ms] Found plugin jni_flutter at /Users/saradafumiaki/.pub-cache/hosted/pub.dev/jni_flutter-1.0.1/
[        ] Found plugin jni at /Users/saradafumiaki/.pub-cache/hosted/pub.dev/jni-1.0.0/
[   +2 ms] Found plugin printing at /Users/saradafumiaki/.pub-cache/hosted/pub.dev/printing-5.14.3/
[   +5 ms] Found plugin isar_community_flutter_libs at /Users/saradafumiaki/.pub-cache/hosted/pub.dev/isar_community_flutter_libs-3.3.2/
[   +1 ms] Found plugin google_sign_in at /Users/saradafumiaki/.pub-cache/hosted/pub.dev/google_sign_in-6.3.0/
[        ] Found plugin google_sign_in_web at /Users/saradafumiaki/.pub-cache/hosted/pub.dev/google_sign_in_web-0.12.4+4/
[   +1 ms] Found plugin google_sign_in_ios at /Users/saradafumiaki/.pub-cache/hosted/pub.dev/google_sign_in_ios-5.9.0/
[   +1 ms] Found plugin google_sign_in_android at /Users/saradafumiaki/.pub-cache/hosted/pub.dev/google_sign_in_android-6.2.1/
[   +1 ms] Found plugin flutter_tts at /Users/saradafumiaki/.pub-cache/hosted/pub.dev/flutter_tts-4.2.5/
[   +3 ms] Found plugin flutter_image_compress at /Users/saradafumiaki/.pub-cache/hosted/pub.dev/flutter_image_compress-2.4.0/
[   +1 ms] Found plugin flutter_image_compress_web at /Users/saradafumiaki/.pub-cache/hosted/pub.dev/flutter_image_compress_web-0.1.5/
[   +1 ms] Found plugin flutter_image_compress_ohos at /Users/saradafumiaki/.pub-cache/hosted/pub.dev/flutter_image_compress_ohos-0.0.3/
[        ] Found plugin flutter_image_compress_macos at /Users/saradafumiaki/.pub-cache/hosted/pub.dev/flutter_image_compress_macos-1.0.3/
[        ] Found plugin flutter_image_compress_common at /Users/saradafumiaki/.pub-cache/hosted/pub.dev/flutter_image_compress_common-1.0.6/
[        ] Found plugin firebase_storage at /Users/saradafumiaki/.pub-cache/hosted/pub.dev/firebase_storage-13.3.0/
[        ] Found plugin firebase_storage_web at /Users/saradafumiaki/.pub-cache/hosted/pub.dev/firebase_storage_web-3.11.5/
[   +1 ms] Found plugin firebase_crashlytics at /Users/saradafumiaki/.pub-cache/hosted/pub.dev/firebase_crashlytics-5.2.0/
[   +1 ms] Found plugin firebase_auth at /Users/saradafumiaki/.pub-cache/hosted/pub.dev/firebase_auth-6.4.0/
[        ] Found plugin firebase_auth_web at /Users/saradafumiaki/.pub-cache/hosted/pub.dev/firebase_auth_web-6.1.5/
[   +1 ms] Found plugin file_picker at /Users/saradafumiaki/.pub-cache/hosted/pub.dev/file_picker-8.3.7/
[   +1 ms] Found plugin flutter_plugin_android_lifecycle at /Users/saradafumiaki/.pub-cache/hosted/pub.dev/flutter_plugin_android_lifecycle-2.0.34/
[   +2 ms] Found plugin connectivity_plus at /Users/saradafumiaki/.pub-cache/hosted/pub.dev/connectivity_plus-6.1.5/
[   +2 ms] Found plugin audioplayers at /Users/saradafumiaki/.pub-cache/hosted/pub.dev/audioplayers-6.6.0/
[   +1 ms] Found plugin audioplayers_windows at /Users/saradafumiaki/.pub-cache/hosted/pub.dev/audioplayers_windows-4.3.0/
[   +1 ms] Found plugin audioplayers_web at /Users/saradafumiaki/.pub-cache/hosted/pub.dev/audioplayers_web-5.2.0/
[        ] Found plugin audioplayers_linux at /Users/saradafumiaki/.pub-cache/hosted/pub.dev/audioplayers_linux-4.2.1/
[   +1 ms] Found plugin audioplayers_darwin at /Users/saradafumiaki/.pub-cache/hosted/pub.dev/audioplayers_darwin-6.4.0/
[        ] Found plugin audioplayers_android at /Users/saradafumiaki/.pub-cache/hosted/pub.dev/audioplayers_android-5.2.1/
[   +4 ms] Skipping generating dart_plugin_registrant.dart because it is up-to-date.
[        ] <- recompile file:///var/folders/hh/1g2yms7d3890gm5lz8l0jmj80000gn/T/flutter_tools.X3xqwV/flutter_test_listener.VK0Nhz/listener.dart b1490670-7b83-4da0-9048-95fff6e6f8eb
[        ] file:///var/folders/hh/1g2yms7d3890gm5lz8l0jmj80000gn/T/flutter_tools.X3xqwV/flutter_test_listener.VK0Nhz/listener.dart
[        ] file:///Users/saradafumiaki/Documents/Apps/kendo_os/.dart_tool/flutter_build/dart_plugin_registrant.dart
[        ] <- b1490670-7b83-4da0-9048-95fff6e6f8eb
00:05 +54: /Users/saradafumiaki/Documents/Apps/kendo_os/test/unit/domain/performance_test.dart: ⏱️ Phase 3-5: パフォーマンステスト (処理速度の限界検証) 1,000件の膨大なイベント履歴の解析が 50ms 以内で完了すること
[ +121 ms] <- accept
[        ] <- reset
[        ] Compiling file:///var/folders/hh/1g2yms7d3890gm5lz8l0jmj80000gn/T/flutter_tools.X3xqwV/flutter_test_listener.VK0Nhz/listener.dart took 278ms
[        ] test 17: starting test device
[        ] test 17: awaiting connection to test device
[        ] test 17: VM Service uri is not available
[        ] test 17: test harness socket server is running at port:53964
[        ] test 17: Starting flutter_tester process with command=[/Users/saradafumiaki/development/flutter/bin/cache/artifacts/engine/darwin-x64/flutter_tester, --disable-vm-service, --enable-checked-mode, --verify-entry-points, --enable-software-rendering, --skia-deterministic-rendering, --enable-dart-profiling, --non-interactive, --use-test-fonts, --disable-asset-fonts, --packages=/Users/saradafumiaki/Documents/Apps/kendo_os/.dart_tool/package_config.json, --flutter-assets-dir=/Users/saradafumiaki/Documents/Apps/kendo_os/build/unit_test_assets, /var/folders/hh/1g2yms7d3890gm5lz8l0jmj80000gn/T/flutter_tools.X3xqwV/flutter_test_listener.VK0Nhz/listener.dart.dill], environment={FLUTTER_TEST: true, FONTCONFIG_FILE: /var/folders/hh/1g2yms7d3890gm5lz8l0jmj80000gn/T/flutter_tools.X3xqwV/flutter_test_fonts.hib7TY/fonts.conf, SERVER_PORT: 53964, APP_NAME: kendo_os, UNIT_TEST_ASSETS: /Users/saradafumiaki/Documents/Apps/kendo_os/build/unit_test_assets}
[   +6 ms] test 17: Started flutter_tester process at pid 33477
[  +15 ms] test 14: Test harness is no longer needed by test process
[        ] test 14: finished
[        ] test 14: cleaning up...
[        ] test 14: ensuring test device is terminated.
[        ] test 14: Terminating flutter_tester process
[        ] test 14: Shutting down DevTools server
[        ] test 14: Test process is no longer needed by test harness
[        ] test 14: Shutting down test harness socket server
[   +4 ms] test 14: flutter_tester process at pid 33471 exited with code=-9
[        ] test 14: deleting temporary directory
[   +4 ms] test 14: finished
[   +1 ms] test 18: starting test /Users/saradafumiaki/Documents/Apps/kendo_os/test/unit/domain/services/kendo_rule_engine_event_test.dart
[   +1 ms] Stopping scan for flutter_test_config.dart; found project root at /Users/saradafumiaki/Documents/Apps/kendo_os
[        ] Compiling file:///var/folders/hh/1g2yms7d3890gm5lz8l0jmj80000gn/T/flutter_tools.X3xqwV/flutter_test_listener.fCXi8T/listener.dart
[  +41 ms] Found plugin integration_test at /Users/saradafumiaki/development/flutter/packages/integration_test/
[   +2 ms] test 15: connected to test device, now awaiting test result
[        ] test 15: Waiting for test harness or tests to finish
[  +12 ms] Found plugin firebase_core at /Users/saradafumiaki/.pub-cache/hosted/pub.dev/firebase_core-4.7.0/
[        ] Found plugin firebase_core_web at /Users/saradafumiaki/.pub-cache/hosted/pub.dev/firebase_core_web-3.6.0/
[   +1 ms] Found plugin cloud_firestore at /Users/saradafumiaki/.pub-cache/hosted/pub.dev/cloud_firestore-6.3.0/
[        ] Found plugin cloud_firestore_web at /Users/saradafumiaki/.pub-cache/hosted/pub.dev/cloud_firestore_web-5.3.0/
[   +2 ms] Found plugin wakelock_plus at /Users/saradafumiaki/.pub-cache/hosted/pub.dev/wakelock_plus-1.5.2/
[   +1 ms] Found plugin package_info_plus at /Users/saradafumiaki/.pub-cache/hosted/pub.dev/package_info_plus-9.0.1/
[   +3 ms] Found plugin url_launcher at /Users/saradafumiaki/.pub-cache/hosted/pub.dev/url_launcher-6.3.2/
[        ] Found plugin url_launcher_windows at /Users/saradafumiaki/.pub-cache/hosted/pub.dev/url_launcher_windows-3.1.5/
[   +1 ms] Found plugin url_launcher_web at /Users/saradafumiaki/.pub-cache/hosted/pub.dev/url_launcher_web-2.4.2/
[        ] Found plugin url_launcher_macos at /Users/saradafumiaki/.pub-cache/hosted/pub.dev/url_launcher_macos-3.2.5/
[        ] Found plugin url_launcher_linux at /Users/saradafumiaki/.pub-cache/hosted/pub.dev/url_launcher_linux-3.2.2/
[        ] Found plugin url_launcher_ios at /Users/saradafumiaki/.pub-cache/hosted/pub.dev/url_launcher_ios-6.4.1/
[        ] Found plugin url_launcher_android at /Users/saradafumiaki/.pub-cache/hosted/pub.dev/url_launcher_android-6.3.29/
[        ] Found plugin syncfusion_flutter_pdfviewer at /Users/saradafumiaki/.pub-cache/hosted/pub.dev/syncfusion_flutter_pdfviewer-28.2.12/
[        ] Found plugin syncfusion_pdfviewer_windows at /Users/saradafumiaki/.pub-cache/hosted/pub.dev/syncfusion_pdfviewer_windows-28.2.12/
[        ] Found plugin syncfusion_pdfviewer_web at /Users/saradafumiaki/.pub-cache/hosted/pub.dev/syncfusion_pdfviewer_web-28.2.12/
[        ] Found plugin syncfusion_pdfviewer_macos at /Users/saradafumiaki/.pub-cache/hosted/pub.dev/syncfusion_pdfviewer_macos-28.2.12/
[   +2 ms] Found plugin device_info_plus at /Users/saradafumiaki/.pub-cache/hosted/pub.dev/device_info_plus-11.5.0/
[   +1 ms] Found plugin shared_preferences at /Users/saradafumiaki/.pub-cache/hosted/pub.dev/shared_preferences-2.5.5/
[        ] Found plugin shared_preferences_windows at /Users/saradafumiaki/.pub-cache/hosted/pub.dev/shared_preferences_windows-2.4.1/
[        ] Found plugin path_provider_windows at /Users/saradafumiaki/.pub-cache/hosted/pub.dev/path_provider_windows-2.3.0/
[        ] Found plugin shared_preferences_web at /Users/saradafumiaki/.pub-cache/hosted/pub.dev/shared_preferences_web-2.4.3/
[        ] Found plugin shared_preferences_linux at /Users/saradafumiaki/.pub-cache/hosted/pub.dev/shared_preferences_linux-2.4.1/
[        ] Found plugin path_provider_linux at /Users/saradafumiaki/.pub-cache/hosted/pub.dev/path_provider_linux-2.2.1/
[        ] Found plugin shared_preferences_foundation at /Users/saradafumiaki/.pub-cache/hosted/pub.dev/shared_preferences_foundation-2.5.6/
[        ] Found plugin shared_preferences_android at /Users/saradafumiaki/.pub-cache/hosted/pub.dev/shared_preferences_android-2.4.23/
[        ] Found plugin share_plus at /Users/saradafumiaki/.pub-cache/hosted/pub.dev/share_plus-12.0.2/
[   +1 ms] Found plugin path_provider at /Users/saradafumiaki/.pub-cache/hosted/pub.dev/path_provider-2.1.5/
[        ] Found plugin path_provider_foundation at /Users/saradafumiaki/.pub-cache/hosted/pub.dev/path_provider_foundation-2.6.0/
[   +2 ms] Found plugin path_provider_android at /Users/saradafumiaki/.pub-cache/hosted/pub.dev/path_provider_android-2.3.1/
[        ] Found plugin jni_flutter at /Users/saradafumiaki/.pub-cache/hosted/pub.dev/jni_flutter-1.0.1/
[        ] Found plugin jni at /Users/saradafumiaki/.pub-cache/hosted/pub.dev/jni-1.0.0/
[   +2 ms] Found plugin printing at /Users/saradafumiaki/.pub-cache/hosted/pub.dev/printing-5.14.3/
[   +3 ms] Found plugin isar_community_flutter_libs at /Users/saradafumiaki/.pub-cache/hosted/pub.dev/isar_community_flutter_libs-3.3.2/
[        ] Found plugin google_sign_in at /Users/saradafumiaki/.pub-cache/hosted/pub.dev/google_sign_in-6.3.0/
[        ] Found plugin google_sign_in_web at /Users/saradafumiaki/.pub-cache/hosted/pub.dev/google_sign_in_web-0.12.4+4/
[   +1 ms] Found plugin google_sign_in_ios at /Users/saradafumiaki/.pub-cache/hosted/pub.dev/google_sign_in_ios-5.9.0/
[        ] Found plugin google_sign_in_android at /Users/saradafumiaki/.pub-cache/hosted/pub.dev/google_sign_in_android-6.2.1/
[   +2 ms] Found plugin flutter_tts at /Users/saradafumiaki/.pub-cache/hosted/pub.dev/flutter_tts-4.2.5/
[   +3 ms] Found plugin flutter_image_compress at /Users/saradafumiaki/.pub-cache/hosted/pub.dev/flutter_image_compress-2.4.0/
[        ] Found plugin flutter_image_compress_web at /Users/saradafumiaki/.pub-cache/hosted/pub.dev/flutter_image_compress_web-0.1.5/
[   +1 ms] Found plugin flutter_image_compress_ohos at /Users/saradafumiaki/.pub-cache/hosted/pub.dev/flutter_image_compress_ohos-0.0.3/
[        ] Found plugin flutter_image_compress_macos at /Users/saradafumiaki/.pub-cache/hosted/pub.dev/flutter_image_compress_macos-1.0.3/
[        ] Found plugin flutter_image_compress_common at /Users/saradafumiaki/.pub-cache/hosted/pub.dev/flutter_image_compress_common-1.0.6/
[        ] Found plugin firebase_storage at /Users/saradafumiaki/.pub-cache/hosted/pub.dev/firebase_storage-13.3.0/
[        ] Found plugin firebase_storage_web at /Users/saradafumiaki/.pub-cache/hosted/pub.dev/firebase_storage_web-3.11.5/
[   +1 ms] Found plugin firebase_crashlytics at /Users/saradafumiaki/.pub-cache/hosted/pub.dev/firebase_crashlytics-5.2.0/
[   +1 ms] Found plugin firebase_auth at /Users/saradafumiaki/.pub-cache/hosted/pub.dev/firebase_auth-6.4.0/
[        ] Found plugin firebase_auth_web at /Users/saradafumiaki/.pub-cache/hosted/pub.dev/firebase_auth_web-6.1.5/
[   +1 ms] Found plugin file_picker at /Users/saradafumiaki/.pub-cache/hosted/pub.dev/file_picker-8.3.7/
[        ] Found plugin flutter_plugin_android_lifecycle at /Users/saradafumiaki/.pub-cache/hosted/pub.dev/flutter_plugin_android_lifecycle-2.0.34/
[   +1 ms] Found plugin connectivity_plus at /Users/saradafumiaki/.pub-cache/hosted/pub.dev/connectivity_plus-6.1.5/
[   +1 ms] Found plugin audioplayers at /Users/saradafumiaki/.pub-cache/hosted/pub.dev/audioplayers-6.6.0/
[        ] Found plugin audioplayers_windows at /Users/saradafumiaki/.pub-cache/hosted/pub.dev/audioplayers_windows-4.3.0/
[   +1 ms] Found plugin audioplayers_web at /Users/saradafumiaki/.pub-cache/hosted/pub.dev/audioplayers_web-5.2.0/
[        ] Found plugin audioplayers_linux at /Users/saradafumiaki/.pub-cache/hosted/pub.dev/audioplayers_linux-4.2.1/
[        ] Found plugin audioplayers_darwin at /Users/saradafumiaki/.pub-cache/hosted/pub.dev/audioplayers_darwin-6.4.0/
[        ] Found plugin audioplayers_android at /Users/saradafumiaki/.pub-cache/hosted/pub.dev/audioplayers_android-5.2.1/
[   +2 ms] Skipping generating dart_plugin_registrant.dart because it is up-to-date.
[        ] <- recompile file:///var/folders/hh/1g2yms7d3890gm5lz8l0jmj80000gn/T/flutter_tools.X3xqwV/flutter_test_listener.fCXi8T/listener.dart aed2e037-75a5-4e48-9822-b53223a68417
[        ] file:///var/folders/hh/1g2yms7d3890gm5lz8l0jmj80000gn/T/flutter_tools.X3xqwV/flutter_test_listener.fCXi8T/listener.dart
[        ] file:///Users/saradafumiaki/Documents/Apps/kendo_os/.dart_tool/flutter_build/dart_plugin_registrant.dart
[        ] <- aed2e037-75a5-4e48-9822-b53223a68417
00:05 +55: /Users/saradafumiaki/Documents/Apps/kendo_os/test/unit/domain/rules/bunaiksen_logic_test.dart: カテゴリ1: 部内戦ルールのテスト 部内戦の基本ルールが正しく定義されていること（3分・延長なし）
00:05 +56: /Users/saradafumiaki/Documents/Apps/kendo_os/test/unit/domain/rules/bunaiksen_logic_test.dart: カテゴリ1: 部内戦ルールのテスト 1本勝負の設定を適用した場合、1本で勝敗が決まるルールになること
00:05 +57: /Users/saradafumiaki/Documents/Apps/kendo_os/test/unit/domain/rules/bunaiksen_logic_test.dart: カテゴリ2: 技（スコアマーク）変換ロジックのテスト 赤が先取（メン）、白が取り返し（コテ）、赤が勝負あり（ドウ）の場合の正確な変換
00:05 +58: /Users/saradafumiaki/Documents/Apps/kendo_os/test/unit/domain/rules/bunaiksen_logic_test.dart: カテゴリ2: 技（スコアマーク）変換ロジックのテスト 取り消し（Undo/isCanceled）された技が無視され、次の技が正しく先取（丸囲み）扱いになること
00:05 +59: /Users/saradafumiaki/Documents/Apps/kendo_os/test/unit/domain/rules/bunaiksen_logic_test.dart: カテゴリ3: 表示チーム名・選手名抽出ロジックのテスト 個人戦の場合、フォーマットから選手名のみが抽出されること
00:05 +60: /Users/saradafumiaki/Documents/Apps/kendo_os/test/unit/domain/rules/bunaiksen_logic_test.dart: カテゴリ3: 表示チーム名・選手名抽出ロジックのテスト 欠員の場合、空文字が返されること
00:05 +61: /Users/saradafumiaki/Documents/Apps/kendo_os/test/unit/domain/rules/bunaiksen_logic_test.dart: カテゴリ4: リーグ戦勝点（ポイント）計算ロジックのテスト 勝利した場合は勝ち点「3」、引き分けは「1」、敗北は「0」が付与されること
[ +132 ms] test 15: Test harness is no longer needed by test process
[        ] test 15: finished
[        ] test 15: cleaning up...
[        ] test 15: ensuring test device is terminated.
[        ] test 15: Terminating flutter_tester process
[        ] test 15: Shutting down DevTools server
[        ] test 15: Test process is no longer needed by test harness
[        ] test 15: Shutting down test harness socket server
[   +4 ms] test 15: flutter_tester process at pid 33472 exited with code=-9
[        ] test 15: deleting temporary directory
[   +4 ms] test 15: finished
[        ] <- accept
[        ] <- reset
[        ] Compiling file:///var/folders/hh/1g2yms7d3890gm5lz8l0jmj80000gn/T/flutter_tools.X3xqwV/flutter_test_listener.fCXi8T/listener.dart took 267ms
[        ] test 18: starting test device
[        ] test 18: awaiting connection to test device
[        ] test 18: VM Service uri is not available
[        ] test 18: test harness socket server is running at port:53967
[        ] test 18: Starting flutter_tester process with command=[/Users/saradafumiaki/development/flutter/bin/cache/artifacts/engine/darwin-x64/flutter_tester, --disable-vm-service, --enable-checked-mode, --verify-entry-points, --enable-software-rendering, --skia-deterministic-rendering, --enable-dart-profiling, --non-interactive, --use-test-fonts, --disable-asset-fonts, --packages=/Users/saradafumiaki/Documents/Apps/kendo_os/.dart_tool/package_config.json, --flutter-assets-dir=/Users/saradafumiaki/Documents/Apps/kendo_os/build/unit_test_assets, /var/folders/hh/1g2yms7d3890gm5lz8l0jmj80000gn/T/flutter_tools.X3xqwV/flutter_test_listener.fCXi8T/listener.dart.dill], environment={FLUTTER_TEST: true, FONTCONFIG_FILE: /var/folders/hh/1g2yms7d3890gm5lz8l0jmj80000gn/T/flutter_tools.X3xqwV/flutter_test_fonts.hib7TY/fonts.conf, SERVER_PORT: 53967, APP_NAME: kendo_os, UNIT_TEST_ASSETS: /Users/saradafumiaki/Documents/Apps/kendo_os/build/unit_test_assets}
[        ] test 19: starting test /Users/saradafumiaki/Documents/Apps/kendo_os/test/unit/domain/entities/match_strategy_test.dart
[   +1 ms] Stopping scan for flutter_test_config.dart; found project root at /Users/saradafumiaki/Documents/Apps/kendo_os
[        ] Compiling file:///var/folders/hh/1g2yms7d3890gm5lz8l0jmj80000gn/T/flutter_tools.X3xqwV/flutter_test_listener.LdZndh/listener.dart
[   +9 ms] test 18: Started flutter_tester process at pid 33478
[   +1 ms] test 16: connected to test device, now awaiting test result
[        ] test 16: Waiting for test harness or tests to finish
[  +31 ms] Found plugin integration_test at /Users/saradafumiaki/development/flutter/packages/integration_test/
[  +10 ms] Found plugin firebase_core at /Users/saradafumiaki/.pub-cache/hosted/pub.dev/firebase_core-4.7.0/
[        ] Found plugin firebase_core_web at /Users/saradafumiaki/.pub-cache/hosted/pub.dev/firebase_core_web-3.6.0/
[   +1 ms] Found plugin cloud_firestore at /Users/saradafumiaki/.pub-cache/hosted/pub.dev/cloud_firestore-6.3.0/
[        ] Found plugin cloud_firestore_web at /Users/saradafumiaki/.pub-cache/hosted/pub.dev/cloud_firestore_web-5.3.0/
[   +2 ms] Found plugin wakelock_plus at /Users/saradafumiaki/.pub-cache/hosted/pub.dev/wakelock_plus-1.5.2/
[   +1 ms] Found plugin package_info_plus at /Users/saradafumiaki/.pub-cache/hosted/pub.dev/package_info_plus-9.0.1/
[   +3 ms] Found plugin url_launcher at /Users/saradafumiaki/.pub-cache/hosted/pub.dev/url_launcher-6.3.2/
[        ] Found plugin url_launcher_windows at /Users/saradafumiaki/.pub-cache/hosted/pub.dev/url_launcher_windows-3.1.5/
[        ] Found plugin url_launcher_web at /Users/saradafumiaki/.pub-cache/hosted/pub.dev/url_launcher_web-2.4.2/
[        ] Found plugin url_launcher_macos at /Users/saradafumiaki/.pub-cache/hosted/pub.dev/url_launcher_macos-3.2.5/
[        ] Found plugin url_launcher_linux at /Users/saradafumiaki/.pub-cache/hosted/pub.dev/url_launcher_linux-3.2.2/
[        ] Found plugin url_launcher_ios at /Users/saradafumiaki/.pub-cache/hosted/pub.dev/url_launcher_ios-6.4.1/
[        ] Found plugin url_launcher_android at /Users/saradafumiaki/.pub-cache/hosted/pub.dev/url_launcher_android-6.3.29/
[   +1 ms] Found plugin syncfusion_flutter_pdfviewer at /Users/saradafumiaki/.pub-cache/hosted/pub.dev/syncfusion_flutter_pdfviewer-28.2.12/
[        ] Found plugin syncfusion_pdfviewer_windows at /Users/saradafumiaki/.pub-cache/hosted/pub.dev/syncfusion_pdfviewer_windows-28.2.12/
[        ] Found plugin syncfusion_pdfviewer_web at /Users/saradafumiaki/.pub-cache/hosted/pub.dev/syncfusion_pdfviewer_web-28.2.12/
[   +1 ms] Found plugin syncfusion_pdfviewer_macos at /Users/saradafumiaki/.pub-cache/hosted/pub.dev/syncfusion_pdfviewer_macos-28.2.12/
[   +3 ms] Found plugin device_info_plus at /Users/saradafumiaki/.pub-cache/hosted/pub.dev/device_info_plus-11.5.0/
[   +1 ms] Found plugin shared_preferences at /Users/saradafumiaki/.pub-cache/hosted/pub.dev/shared_preferences-2.5.5/
[        ] Found plugin shared_preferences_windows at /Users/saradafumiaki/.pub-cache/hosted/pub.dev/shared_preferences_windows-2.4.1/
[   +1 ms] Found plugin path_provider_windows at /Users/saradafumiaki/.pub-cache/hosted/pub.dev/path_provider_windows-2.3.0/
[   +1 ms] Found plugin shared_preferences_web at /Users/saradafumiaki/.pub-cache/hosted/pub.dev/shared_preferences_web-2.4.3/
[        ] Found plugin shared_preferences_linux at /Users/saradafumiaki/.pub-cache/hosted/pub.dev/shared_preferences_linux-2.4.1/
[        ] Found plugin path_provider_linux at /Users/saradafumiaki/.pub-cache/hosted/pub.dev/path_provider_linux-2.2.1/
[   +2 ms] Found plugin shared_preferences_foundation at /Users/saradafumiaki/.pub-cache/hosted/pub.dev/shared_preferences_foundation-2.5.6/
[        ] Found plugin shared_preferences_android at /Users/saradafumiaki/.pub-cache/hosted/pub.dev/shared_preferences_android-2.4.23/
[   +1 ms] Found plugin share_plus at /Users/saradafumiaki/.pub-cache/hosted/pub.dev/share_plus-12.0.2/
[   +1 ms] Found plugin path_provider at /Users/saradafumiaki/.pub-cache/hosted/pub.dev/path_provider-2.1.5/
[        ] Found plugin path_provider_foundation at /Users/saradafumiaki/.pub-cache/hosted/pub.dev/path_provider_foundation-2.6.0/
[   +3 ms] Found plugin path_provider_android at /Users/saradafumiaki/.pub-cache/hosted/pub.dev/path_provider_android-2.3.1/
[        ] Found plugin jni_flutter at /Users/saradafumiaki/.pub-cache/hosted/pub.dev/jni_flutter-1.0.1/
[        ] Found plugin jni at /Users/saradafumiaki/.pub-cache/hosted/pub.dev/jni-1.0.0/
[   +2 ms] Found plugin printing at /Users/saradafumiaki/.pub-cache/hosted/pub.dev/printing-5.14.3/
[   +4 ms] Found plugin isar_community_flutter_libs at /Users/saradafumiaki/.pub-cache/hosted/pub.dev/isar_community_flutter_libs-3.3.2/
[        ] Found plugin google_sign_in at /Users/saradafumiaki/.pub-cache/hosted/pub.dev/google_sign_in-6.3.0/
[        ] Found plugin google_sign_in_web at /Users/saradafumiaki/.pub-cache/hosted/pub.dev/google_sign_in_web-0.12.4+4/
[   +1 ms] Found plugin google_sign_in_ios at /Users/saradafumiaki/.pub-cache/hosted/pub.dev/google_sign_in_ios-5.9.0/
[        ] Found plugin google_sign_in_android at /Users/saradafumiaki/.pub-cache/hosted/pub.dev/google_sign_in_android-6.2.1/
[   +1 ms] Found plugin flutter_tts at /Users/saradafumiaki/.pub-cache/hosted/pub.dev/flutter_tts-4.2.5/
00:06 +62: /Users/saradafumiaki/Documents/Apps/kendo_os/test/unit/domain/services/kendo_rule_engine_test.dart: KendoRuleEngine - 全面改修版テスト 赤が面を打った時、赤のスコアが1本になること
[   +4 ms] Found plugin flutter_image_compress at /Users/saradafumiaki/.pub-cache/hosted/pub.dev/flutter_image_compress-2.4.0/
[        ] Found plugin flutter_image_compress_web at /Users/saradafumiaki/.pub-cache/hosted/pub.dev/flutter_image_compress_web-0.1.5/
[   +1 ms] Found plugin flutter_image_compress_ohos at /Users/saradafumiaki/.pub-cache/hosted/pub.dev/flutter_image_compress_ohos-0.0.3/
[        ] Found plugin flutter_image_compress_macos at /Users/saradafumiaki/.pub-cache/hosted/pub.dev/flutter_image_compress_macos-1.0.3/
[        ] Found plugin flutter_image_compress_common at /Users/saradafumiaki/.pub-cache/hosted/pub.dev/flutter_image_compress_common-1.0.6/
[        ] Found plugin firebase_storage at /Users/saradafumiaki/.pub-cache/hosted/pub.dev/firebase_storage-13.3.0/
[        ] Found plugin firebase_storage_web at /Users/saradafumiaki/.pub-cache/hosted/pub.dev/firebase_storage_web-3.11.5/
[   +1 ms] Found plugin firebase_crashlytics at /Users/saradafumiaki/.pub-cache/hosted/pub.dev/firebase_crashlytics-5.2.0/
[   +1 ms] Found plugin firebase_auth at /Users/saradafumiaki/.pub-cache/hosted/pub.dev/firebase_auth-6.4.0/
[        ] Found plugin firebase_auth_web at /Users/saradafumiaki/.pub-cache/hosted/pub.dev/firebase_auth_web-6.1.5/
[   +1 ms] Found plugin file_picker at /Users/saradafumiaki/.pub-cache/hosted/pub.dev/file_picker-8.3.7/
[        ] Found plugin flutter_plugin_android_lifecycle at /Users/saradafumiaki/.pub-cache/hosted/pub.dev/flutter_plugin_android_lifecycle-2.0.34/
[   +1 ms] Found plugin connectivity_plus at /Users/saradafumiaki/.pub-cache/hosted/pub.dev/connectivity_plus-6.1.5/
[   +1 ms] Found plugin audioplayers at /Users/saradafumiaki/.pub-cache/hosted/pub.dev/audioplayers-6.6.0/
[        ] Found plugin audioplayers_windows at /Users/saradafumiaki/.pub-cache/hosted/pub.dev/audioplayers_windows-4.3.0/
[        ] Found plugin audioplayers_web at /Users/saradafumiaki/.pub-cache/hosted/pub.dev/audioplayers_web-5.2.0/
[        ] Found plugin audioplayers_linux at /Users/saradafumiaki/.pub-cache/hosted/pub.dev/audioplayers_linux-4.2.1/
[        ] Found plugin audioplayers_darwin at /Users/saradafumiaki/.pub-cache/hosted/pub.dev/audioplayers_darwin-6.4.0/
[        ] Found plugin audioplayers_android at /Users/saradafumiaki/.pub-cache/hosted/pub.dev/audioplayers_android-5.2.1/
[   +2 ms] Skipping generating dart_plugin_registrant.dart because it is up-to-date.
[        ] <- recompile file:///var/folders/hh/1g2yms7d3890gm5lz8l0jmj80000gn/T/flutter_tools.X3xqwV/flutter_test_listener.LdZndh/listener.dart 3b9f91c7-cd37-45a9-9e12-4ec1f83b87b9
[        ] file:///var/folders/hh/1g2yms7d3890gm5lz8l0jmj80000gn/T/flutter_tools.X3xqwV/flutter_test_listener.LdZndh/listener.dart
[        ] file:///Users/saradafumiaki/Documents/Apps/kendo_os/.dart_tool/flutter_build/dart_plugin_registrant.dart
[        ] <- 3b9f91c7-cd37-45a9-9e12-4ec1f83b87b9
00:06 +63: /Users/saradafumiaki/Documents/Apps/kendo_os/test/unit/domain/services/kendo_rule_engine_test.dart: KendoRuleEngine - 全面改修版テスト 白が小手を打った時、白のスコアが1本になること
00:06 +64: /Users/saradafumiaki/Documents/Apps/kendo_os/test/unit/domain/services/kendo_rule_engine_test.dart: KendoRuleEngine - 全面改修版テスト 赤が反則1回の場合、スコアは動かないこと
00:06 +65: /Users/saradafumiaki/Documents/Apps/kendo_os/test/unit/domain/services/kendo_rule_engine_test.dart: KendoRuleEngine - 全面改修版テスト 赤が反則2回の場合、白に一本（反）が入ること
00:06 +66: /Users/saradafumiaki/Documents/Apps/kendo_os/test/unit/domain/services/kendo_rule_engine_test.dart: KendoRuleEngine - 全面改修版テスト 時間切れかつ同点の場合、延長戦に突入すべきと判定されること
00:06 +67: /Users/saradafumiaki/Documents/Apps/kendo_os/test/unit/domain/services/kendo_rule_engine_test.dart: KendoRuleEngine - 全面改修版テスト 時間切れでもスコアに差がある場合、延長戦には入らないこと
00:06 +68: /Users/saradafumiaki/Documents/Apps/kendo_os/test/unit/domain/services/kendo_rule_engine_test.dart: KendoRuleEngine - 全面改修版テスト 赤が2本（規定本数）先取した場合、赤の勝利となること
00:06 +69: /Users/saradafumiaki/Documents/Apps/kendo_os/test/unit/domain/services/kendo_rule_engine_test.dart: KendoRuleEngine - 全面改修版テスト 時間切れで赤が1本、白が0本の場合、赤の勝利となること
00:06 +70: /Users/saradafumiaki/Documents/Apps/kendo_os/test/unit/domain/services/kendo_rule_engine_test.dart: KendoRuleEngine - 全面改修版テスト 時間切れで同点、かつ延長なしの設定なら引き分けとなること
00:06 +71: /Users/saradafumiaki/Documents/Apps/kendo_os/test/unit/domain/services/kendo_rule_engine_test.dart: KendoRuleEngine - 全面改修版テスト 規定本数に達しておらず、時間も残っている場合は進行中となること
00:06 +72: /Users/saradafumiaki/Documents/Apps/kendo_os/test/unit/domain/services/kendo_rule_engine_test.dart: KendoRuleEngine - 全面改修版テスト 試合ステータスが「finished」の場合、新しいイベントは無効と判定されること
00:06 +73: /Users/saradafumiaki/Documents/Apps/kendo_os/test/unit/domain/services/kendo_rule_engine_test.dart: KendoRuleEngine - 全面改修版テスト 既に規定本数（2本）に達している場合、追加の打突イベントは無効と判定されること
00:06 +74: /Users/saradafumiaki/Documents/Apps/kendo_os/test/unit/domain/services/kendo_rule_engine_test.dart: KendoRuleEngine - 全面改修版テスト 既に規定本数に達していても、Undo（取り消し）イベントは有効と判定されること
00:06 +75: /Users/saradafumiaki/Documents/Apps/kendo_os/test/unit/domain/services/kendo_rule_engine_test.dart: KendoRuleEngine - 全面改修版テスト 【判定】判定(Hantei)が入力された際、マークが「判定」かつ「◯囲み対象」になるか
00:06 +76: /Users/saradafumiaki/Documents/Apps/kendo_os/test/unit/domain/services/kendo_rule_engine_test.dart: KendoRuleEngine - 全面改修版テスト 【不戦勝】不戦勝(Fusen)が入力された際、マーク「◯」が2つ生成されるか
00:06 +77: /Users/saradafumiaki/Documents/Apps/kendo_os/test/unit/domain/services/kendo_rule_engine_test.dart: KendoRuleEngine - 全面改修版テスト 【反則一本】反則2回で、相手側にマーク「反」が生成されるか
00:06 +78: /Users/saradafumiaki/Documents/Apps/kendo_os/test/unit/domain/services/kendo_rule_engine_test.dart: KendoRuleEngine - 全面改修版テスト 【1本目/2本目】1本目は◯囲みあり、2本目は◯囲みなしになるか
00:06 +79: /Users/saradafumiaki/Documents/Apps/kendo_os/test/unit/domain/services/kendo_rule_engine_test.dart: KendoRuleEngine - 全面改修版テスト 【反則数】UI表示用の反則数(▲カウント)が正しく計算されるか
[  +79 ms] test 16: Test harness is no longer needed by test process
[        ] test 16: finished
[        ] test 16: cleaning up...
[        ] test 16: ensuring test device is terminated.
[        ] test 16: Terminating flutter_tester process
[        ] test 16: Shutting down DevTools server
[        ] test 16: Test process is no longer needed by test harness
[        ] test 16: Shutting down test harness socket server
[   +4 ms] test 16: flutter_tester process at pid 33476 exited with code=-9
[        ] test 16: deleting temporary directory
[   +3 ms] test 16: finished
[        ] test 20: starting test /Users/saradafumiaki/Documents/Apps/kendo_os/test/unit/domain/entities/match_state_machine_test.dart
[   +1 ms] Stopping scan for flutter_test_config.dart; found project root at /Users/saradafumiaki/Documents/Apps/kendo_os
[  +38 ms] <- accept
[        ] <- reset
[        ] Compiling file:///var/folders/hh/1g2yms7d3890gm5lz8l0jmj80000gn/T/flutter_tools.X3xqwV/flutter_test_listener.LdZndh/listener.dart took 260ms
[        ] Compiling file:///var/folders/hh/1g2yms7d3890gm5lz8l0jmj80000gn/T/flutter_tools.X3xqwV/flutter_test_listener.jEGxW1/listener.dart
[        ] test 19: starting test device
[        ] test 19: awaiting connection to test device
[   +4 ms] test 19: VM Service uri is not available
[        ] test 19: test harness socket server is running at port:53968
[        ] test 19: Starting flutter_tester process with command=[/Users/saradafumiaki/development/flutter/bin/cache/artifacts/engine/darwin-x64/flutter_tester, --disable-vm-service, --enable-checked-mode, --verify-entry-points, --enable-software-rendering, --skia-deterministic-rendering, --enable-dart-profiling, --non-interactive, --use-test-fonts, --disable-asset-fonts, --packages=/Users/saradafumiaki/Documents/Apps/kendo_os/.dart_tool/package_config.json, --flutter-assets-dir=/Users/saradafumiaki/Documents/Apps/kendo_os/build/unit_test_assets, /var/folders/hh/1g2yms7d3890gm5lz8l0jmj80000gn/T/flutter_tools.X3xqwV/flutter_test_listener.LdZndh/listener.dart.dill], environment={FLUTTER_TEST: true, FONTCONFIG_FILE: /var/folders/hh/1g2yms7d3890gm5lz8l0jmj80000gn/T/flutter_tools.X3xqwV/flutter_test_fonts.hib7TY/fonts.conf, SERVER_PORT: 53968, APP_NAME: kendo_os, UNIT_TEST_ASSETS: /Users/saradafumiaki/Documents/Apps/kendo_os/build/unit_test_assets}
[   +5 ms] test 19: Started flutter_tester process at pid 33479
[  +35 ms] Found plugin integration_test at /Users/saradafumiaki/development/flutter/packages/integration_test/
[   +9 ms] Found plugin firebase_core at /Users/saradafumiaki/.pub-cache/hosted/pub.dev/firebase_core-4.7.0/
[        ] Found plugin firebase_core_web at /Users/saradafumiaki/.pub-cache/hosted/pub.dev/firebase_core_web-3.6.0/
[   +1 ms] Found plugin cloud_firestore at /Users/saradafumiaki/.pub-cache/hosted/pub.dev/cloud_firestore-6.3.0/
[        ] Found plugin cloud_firestore_web at /Users/saradafumiaki/.pub-cache/hosted/pub.dev/cloud_firestore_web-5.3.0/
[   +1 ms] Found plugin wakelock_plus at /Users/saradafumiaki/.pub-cache/hosted/pub.dev/wakelock_plus-1.5.2/
[   +1 ms] Found plugin package_info_plus at /Users/saradafumiaki/.pub-cache/hosted/pub.dev/package_info_plus-9.0.1/
[   +2 ms] Found plugin url_launcher at /Users/saradafumiaki/.pub-cache/hosted/pub.dev/url_launcher-6.3.2/
[        ] Found plugin url_launcher_windows at /Users/saradafumiaki/.pub-cache/hosted/pub.dev/url_launcher_windows-3.1.5/
[   +1 ms] Found plugin url_launcher_web at /Users/saradafumiaki/.pub-cache/hosted/pub.dev/url_launcher_web-2.4.2/
[        ] Found plugin url_launcher_macos at /Users/saradafumiaki/.pub-cache/hosted/pub.dev/url_launcher_macos-3.2.5/
[        ] Found plugin url_launcher_linux at /Users/saradafumiaki/.pub-cache/hosted/pub.dev/url_launcher_linux-3.2.2/
[        ] Found plugin url_launcher_ios at /Users/saradafumiaki/.pub-cache/hosted/pub.dev/url_launcher_ios-6.4.1/
[        ] Found plugin url_launcher_android at /Users/saradafumiaki/.pub-cache/hosted/pub.dev/url_launcher_android-6.3.29/
[        ] Found plugin syncfusion_flutter_pdfviewer at /Users/saradafumiaki/.pub-cache/hosted/pub.dev/syncfusion_flutter_pdfviewer-28.2.12/
[        ] Found plugin syncfusion_pdfviewer_windows at /Users/saradafumiaki/.pub-cache/hosted/pub.dev/syncfusion_pdfviewer_windows-28.2.12/
[        ] Found plugin syncfusion_pdfviewer_web at /Users/saradafumiaki/.pub-cache/hosted/pub.dev/syncfusion_pdfviewer_web-28.2.12/
[        ] Found plugin syncfusion_pdfviewer_macos at /Users/saradafumiaki/.pub-cache/hosted/pub.dev/syncfusion_pdfviewer_macos-28.2.12/
[   +2 ms] Found plugin device_info_plus at /Users/saradafumiaki/.pub-cache/hosted/pub.dev/device_info_plus-11.5.0/
[   +1 ms] Found plugin shared_preferences at /Users/saradafumiaki/.pub-cache/hosted/pub.dev/shared_preferences-2.5.5/
[        ] Found plugin shared_preferences_windows at /Users/saradafumiaki/.pub-cache/hosted/pub.dev/shared_preferences_windows-2.4.1/
[        ] Found plugin path_provider_windows at /Users/saradafumiaki/.pub-cache/hosted/pub.dev/path_provider_windows-2.3.0/
[        ] Found plugin shared_preferences_web at /Users/saradafumiaki/.pub-cache/hosted/pub.dev/shared_preferences_web-2.4.3/
[        ] Found plugin shared_preferences_linux at /Users/saradafumiaki/.pub-cache/hosted/pub.dev/shared_preferences_linux-2.4.1/
[        ] Found plugin path_provider_linux at /Users/saradafumiaki/.pub-cache/hosted/pub.dev/path_provider_linux-2.2.1/
[   +1 ms] test 17: connected to test device, now awaiting test result
[        ] test 17: Waiting for test harness or tests to finish
[        ] Found plugin shared_preferences_foundation at /Users/saradafumiaki/.pub-cache/hosted/pub.dev/shared_preferences_foundation-2.5.6/
[        ] Found plugin shared_preferences_android at /Users/saradafumiaki/.pub-cache/hosted/pub.dev/shared_preferences_android-2.4.23/
[        ] Found plugin share_plus at /Users/saradafumiaki/.pub-cache/hosted/pub.dev/share_plus-12.0.2/
[   +1 ms] Found plugin path_provider at /Users/saradafumiaki/.pub-cache/hosted/pub.dev/path_provider-2.1.5/
[        ] Found plugin path_provider_foundation at /Users/saradafumiaki/.pub-cache/hosted/pub.dev/path_provider_foundation-2.6.0/
[   +3 ms] Found plugin path_provider_android at /Users/saradafumiaki/.pub-cache/hosted/pub.dev/path_provider_android-2.3.1/
[        ] Found plugin jni_flutter at /Users/saradafumiaki/.pub-cache/hosted/pub.dev/jni_flutter-1.0.1/
[        ] Found plugin jni at /Users/saradafumiaki/.pub-cache/hosted/pub.dev/jni-1.0.0/
[   +2 ms] Found plugin printing at /Users/saradafumiaki/.pub-cache/hosted/pub.dev/printing-5.14.3/
[   +3 ms] Found plugin isar_community_flutter_libs at /Users/saradafumiaki/.pub-cache/hosted/pub.dev/isar_community_flutter_libs-3.3.2/
[        ] Found plugin google_sign_in at /Users/saradafumiaki/.pub-cache/hosted/pub.dev/google_sign_in-6.3.0/
[        ] Found plugin google_sign_in_web at /Users/saradafumiaki/.pub-cache/hosted/pub.dev/google_sign_in_web-0.12.4+4/
[   +1 ms] Found plugin google_sign_in_ios at /Users/saradafumiaki/.pub-cache/hosted/pub.dev/google_sign_in_ios-5.9.0/
[        ] Found plugin google_sign_in_android at /Users/saradafumiaki/.pub-cache/hosted/pub.dev/google_sign_in_android-6.2.1/
[   +1 ms] Found plugin flutter_tts at /Users/saradafumiaki/.pub-cache/hosted/pub.dev/flutter_tts-4.2.5/
[   +2 ms] Found plugin flutter_image_compress at /Users/saradafumiaki/.pub-cache/hosted/pub.dev/flutter_image_compress-2.4.0/
[        ] Found plugin flutter_image_compress_web at /Users/saradafumiaki/.pub-cache/hosted/pub.dev/flutter_image_compress_web-0.1.5/
[   +1 ms] Found plugin flutter_image_compress_ohos at /Users/saradafumiaki/.pub-cache/hosted/pub.dev/flutter_image_compress_ohos-0.0.3/
[        ] Found plugin flutter_image_compress_macos at /Users/saradafumiaki/.pub-cache/hosted/pub.dev/flutter_image_compress_macos-1.0.3/
[        ] Found plugin flutter_image_compress_common at /Users/saradafumiaki/.pub-cache/hosted/pub.dev/flutter_image_compress_common-1.0.6/
[        ] Found plugin firebase_storage at /Users/saradafumiaki/.pub-cache/hosted/pub.dev/firebase_storage-13.3.0/
[        ] Found plugin firebase_storage_web at /Users/saradafumiaki/.pub-cache/hosted/pub.dev/firebase_storage_web-3.11.5/
[   +1 ms] Found plugin firebase_crashlytics at /Users/saradafumiaki/.pub-cache/hosted/pub.dev/firebase_crashlytics-5.2.0/
[   +1 ms] Found plugin firebase_auth at /Users/saradafumiaki/.pub-cache/hosted/pub.dev/firebase_auth-6.4.0/
[        ] Found plugin firebase_auth_web at /Users/saradafumiaki/.pub-cache/hosted/pub.dev/firebase_auth_web-6.1.5/
[   +1 ms] Found plugin file_picker at /Users/saradafumiaki/.pub-cache/hosted/pub.dev/file_picker-8.3.7/
[        ] Found plugin flutter_plugin_android_lifecycle at /Users/saradafumiaki/.pub-cache/hosted/pub.dev/flutter_plugin_android_lifecycle-2.0.34/
[   +1 ms] Found plugin connectivity_plus at /Users/saradafumiaki/.pub-cache/hosted/pub.dev/connectivity_plus-6.1.5/
[   +1 ms] Found plugin audioplayers at /Users/saradafumiaki/.pub-cache/hosted/pub.dev/audioplayers-6.6.0/
[        ] Found plugin audioplayers_windows at /Users/saradafumiaki/.pub-cache/hosted/pub.dev/audioplayers_windows-4.3.0/
[        ] Found plugin audioplayers_web at /Users/saradafumiaki/.pub-cache/hosted/pub.dev/audioplayers_web-5.2.0/
[        ] Found plugin audioplayers_linux at /Users/saradafumiaki/.pub-cache/hosted/pub.dev/audioplayers_linux-4.2.1/
[        ] Found plugin audioplayers_darwin at /Users/saradafumiaki/.pub-cache/hosted/pub.dev/audioplayers_darwin-6.4.0/
[        ] Found plugin audioplayers_android at /Users/saradafumiaki/.pub-cache/hosted/pub.dev/audioplayers_android-5.2.1/
[   +2 ms] Skipping generating dart_plugin_registrant.dart because it is up-to-date.
[        ] <- recompile file:///var/folders/hh/1g2yms7d3890gm5lz8l0jmj80000gn/T/flutter_tools.X3xqwV/flutter_test_listener.jEGxW1/listener.dart 8b7cb559-f005-444a-ba4e-5b405051beb5
[        ] file:///var/folders/hh/1g2yms7d3890gm5lz8l0jmj80000gn/T/flutter_tools.X3xqwV/flutter_test_listener.jEGxW1/listener.dart
[        ] file:///Users/saradafumiaki/Documents/Apps/kendo_os/.dart_tool/flutter_build/dart_plugin_registrant.dart
[        ] <- 8b7cb559-f005-444a-ba4e-5b405051beb5
00:06 +80: /Users/saradafumiaki/Documents/Apps/kendo_os/test/unit/domain/services/property_based_kendo_test.dart: 🧪 Phase 3-1: Property-based testing (不変条件の自動検証) 10,000回のランダムな試合展開（技・反則・Undo）でも不変条件が絶対に壊れないこと
[ +121 ms] <- accept
[        ] <- reset
[        ] Compiling file:///var/folders/hh/1g2yms7d3890gm5lz8l0jmj80000gn/T/flutter_tools.X3xqwV/flutter_test_listener.jEGxW1/listener.dart took 240ms
[        ] test 20: starting test device
[        ] test 20: awaiting connection to test device
[        ] test 20: VM Service uri is not available
[        ] test 20: test harness socket server is running at port:53970
[        ] test 20: Starting flutter_tester process with command=[/Users/saradafumiaki/development/flutter/bin/cache/artifacts/engine/darwin-x64/flutter_tester, --disable-vm-service, --enable-checked-mode, --verify-entry-points, --enable-software-rendering, --skia-deterministic-rendering, --enable-dart-profiling, --non-interactive, --use-test-fonts, --disable-asset-fonts, --packages=/Users/saradafumiaki/Documents/Apps/kendo_os/.dart_tool/package_config.json, --flutter-assets-dir=/Users/saradafumiaki/Documents/Apps/kendo_os/build/unit_test_assets, /var/folders/hh/1g2yms7d3890gm5lz8l0jmj80000gn/T/flutter_tools.X3xqwV/flutter_test_listener.jEGxW1/listener.dart.dill], environment={FLUTTER_TEST: true, FONTCONFIG_FILE: /var/folders/hh/1g2yms7d3890gm5lz8l0jmj80000gn/T/flutter_tools.X3xqwV/flutter_test_fonts.hib7TY/fonts.conf, SERVER_PORT: 53970, APP_NAME: kendo_os, UNIT_TEST_ASSETS: /Users/saradafumiaki/Documents/Apps/kendo_os/build/unit_test_assets}
[   +5 ms] test 20: Started flutter_tester process at pid 33480
[ +182 ms] test 18: connected to test device, now awaiting test result
[        ] test 18: Waiting for test harness or tests to finish
00:06 +81: /Users/saradafumiaki/Documents/Apps/kendo_os/test/unit/domain/services/property_based_kendo_test.dart: 🧪 Phase 3-1: Property-based testing (不変条件の自動検証) 10,000回のランダムな試合展開（技・反則・Undo）でも不変条件が絶対に壊れないこと
00:06 +82: /Users/saradafumiaki/Documents/Apps/kendo_os/test/unit/domain/services/property_based_kendo_test.dart: 🧪 Phase 3-1: Property-based testing (不変条件の自動検証) 10,000回のランダムな試合展開（技・反則・Undo）でも不変条件が絶対に壊れないこと
[ +165 ms] test 18: Test harness is no longer needed by test process
[        ] test 18: finished
[        ] test 18: cleaning up...
[        ] test 18: ensuring test device is terminated.
[        ] test 18: Terminating flutter_tester process
[        ] test 18: Shutting down DevTools server
[        ] test 18: Test process is no longer needed by test harness
[        ] test 18: Shutting down test harness socket server
[   +4 ms] test 18: flutter_tester process at pid 33478 exited with code=-9
[        ] test 18: deleting temporary directory
[   +5 ms] test 18: finished
[        ] test 21: starting test /Users/saradafumiaki/Documents/Apps/kendo_os/test/widget/hidden_feature_access_test.dart
[   +1 ms] Stopping scan for flutter_test_config.dart; found project root at /Users/saradafumiaki/Documents/Apps/kendo_os
[        ] Compiling file:///var/folders/hh/1g2yms7d3890gm5lz8l0jmj80000gn/T/flutter_tools.X3xqwV/flutter_test_listener.YX9lF4/listener.dart
[  +43 ms] Found plugin integration_test at /Users/saradafumiaki/development/flutter/packages/integration_test/
[  +14 ms] Found plugin firebase_core at /Users/saradafumiaki/.pub-cache/hosted/pub.dev/firebase_core-4.7.0/
[        ] Found plugin firebase_core_web at /Users/saradafumiaki/.pub-cache/hosted/pub.dev/firebase_core_web-3.6.0/
[   +3 ms] Found plugin cloud_firestore at /Users/saradafumiaki/.pub-cache/hosted/pub.dev/cloud_firestore-6.3.0/
[        ] Found plugin cloud_firestore_web at /Users/saradafumiaki/.pub-cache/hosted/pub.dev/cloud_firestore_web-5.3.0/
[   +2 ms] Found plugin wakelock_plus at /Users/saradafumiaki/.pub-cache/hosted/pub.dev/wakelock_plus-1.5.2/
[   +2 ms] Found plugin package_info_plus at /Users/saradafumiaki/.pub-cache/hosted/pub.dev/package_info_plus-9.0.1/
[   +3 ms] Found plugin url_launcher at /Users/saradafumiaki/.pub-cache/hosted/pub.dev/url_launcher-6.3.2/
[        ] Found plugin url_launcher_windows at /Users/saradafumiaki/.pub-cache/hosted/pub.dev/url_launcher_windows-3.1.5/
[   +1 ms] Found plugin url_launcher_web at /Users/saradafumiaki/.pub-cache/hosted/pub.dev/url_launcher_web-2.4.2/
[        ] Found plugin url_launcher_macos at /Users/saradafumiaki/.pub-cache/hosted/pub.dev/url_launcher_macos-3.2.5/
[        ] Found plugin url_launcher_linux at /Users/saradafumiaki/.pub-cache/hosted/pub.dev/url_launcher_linux-3.2.2/
[        ] Found plugin url_launcher_ios at /Users/saradafumiaki/.pub-cache/hosted/pub.dev/url_launcher_ios-6.4.1/
[        ] Found plugin url_launcher_android at /Users/saradafumiaki/.pub-cache/hosted/pub.dev/url_launcher_android-6.3.29/
[   +1 ms] Found plugin syncfusion_flutter_pdfviewer at /Users/saradafumiaki/.pub-cache/hosted/pub.dev/syncfusion_flutter_pdfviewer-28.2.12/
[        ] Found plugin syncfusion_pdfviewer_windows at /Users/saradafumiaki/.pub-cache/hosted/pub.dev/syncfusion_pdfviewer_windows-28.2.12/
[        ] Found plugin syncfusion_pdfviewer_web at /Users/saradafumiaki/.pub-cache/hosted/pub.dev/syncfusion_pdfviewer_web-28.2.12/
[   +1 ms] Found plugin syncfusion_pdfviewer_macos at /Users/saradafumiaki/.pub-cache/hosted/pub.dev/syncfusion_pdfviewer_macos-28.2.12/
[   +3 ms] Found plugin device_info_plus at /Users/saradafumiaki/.pub-cache/hosted/pub.dev/device_info_plus-11.5.0/
[   +2 ms] Found plugin shared_preferences at /Users/saradafumiaki/.pub-cache/hosted/pub.dev/shared_preferences-2.5.5/
[        ] Found plugin shared_preferences_windows at /Users/saradafumiaki/.pub-cache/hosted/pub.dev/shared_preferences_windows-2.4.1/
[   +1 ms] Found plugin path_provider_windows at /Users/saradafumiaki/.pub-cache/hosted/pub.dev/path_provider_windows-2.3.0/
[   +1 ms] Found plugin shared_preferences_web at /Users/saradafumiaki/.pub-cache/hosted/pub.dev/shared_preferences_web-2.4.3/
[        ] Found plugin shared_preferences_linux at /Users/saradafumiaki/.pub-cache/hosted/pub.dev/shared_preferences_linux-2.4.1/
[        ] Found plugin path_provider_linux at /Users/saradafumiaki/.pub-cache/hosted/pub.dev/path_provider_linux-2.2.1/
[   +1 ms] Found plugin shared_preferences_foundation at /Users/saradafumiaki/.pub-cache/hosted/pub.dev/shared_preferences_foundation-2.5.6/
[        ] Found plugin shared_preferences_android at /Users/saradafumiaki/.pub-cache/hosted/pub.dev/shared_preferences_android-2.4.23/
[        ] Found plugin share_plus at /Users/saradafumiaki/.pub-cache/hosted/pub.dev/share_plus-12.0.2/
[   +1 ms] Found plugin path_provider at /Users/saradafumiaki/.pub-cache/hosted/pub.dev/path_provider-2.1.5/
[        ] Found plugin path_provider_foundation at /Users/saradafumiaki/.pub-cache/hosted/pub.dev/path_provider_foundation-2.6.0/
[   +4 ms] Found plugin path_provider_android at /Users/saradafumiaki/.pub-cache/hosted/pub.dev/path_provider_android-2.3.1/
[        ] Found plugin jni_flutter at /Users/saradafumiaki/.pub-cache/hosted/pub.dev/jni_flutter-1.0.1/
[   +1 ms] Found plugin jni at /Users/saradafumiaki/.pub-cache/hosted/pub.dev/jni-1.0.0/
[   +2 ms] Found plugin printing at /Users/saradafumiaki/.pub-cache/hosted/pub.dev/printing-5.14.3/
[   +5 ms] Found plugin isar_community_flutter_libs at /Users/saradafumiaki/.pub-cache/hosted/pub.dev/isar_community_flutter_libs-3.3.2/
[        ] Found plugin google_sign_in at /Users/saradafumiaki/.pub-cache/hosted/pub.dev/google_sign_in-6.3.0/
[        ] Found plugin google_sign_in_web at /Users/saradafumiaki/.pub-cache/hosted/pub.dev/google_sign_in_web-0.12.4+4/
[   +1 ms] test 19: connected to test device, now awaiting test result
[        ] test 19: Waiting for test harness or tests to finish
[   +2 ms] Found plugin google_sign_in_ios at /Users/saradafumiaki/.pub-cache/hosted/pub.dev/google_sign_in_ios-5.9.0/
[        ] Found plugin google_sign_in_android at /Users/saradafumiaki/.pub-cache/hosted/pub.dev/google_sign_in_android-6.2.1/
[   +2 ms] Found plugin flutter_tts at /Users/saradafumiaki/.pub-cache/hosted/pub.dev/flutter_tts-4.2.5/
[   +3 ms] Found plugin flutter_image_compress at /Users/saradafumiaki/.pub-cache/hosted/pub.dev/flutter_image_compress-2.4.0/
[        ] Found plugin flutter_image_compress_web at /Users/saradafumiaki/.pub-cache/hosted/pub.dev/flutter_image_compress_web-0.1.5/
[   +1 ms] Found plugin flutter_image_compress_ohos at /Users/saradafumiaki/.pub-cache/hosted/pub.dev/flutter_image_compress_ohos-0.0.3/
[        ] Found plugin flutter_image_compress_macos at /Users/saradafumiaki/.pub-cache/hosted/pub.dev/flutter_image_compress_macos-1.0.3/
[        ] Found plugin flutter_image_compress_common at /Users/saradafumiaki/.pub-cache/hosted/pub.dev/flutter_image_compress_common-1.0.6/
[        ] Found plugin firebase_storage at /Users/saradafumiaki/.pub-cache/hosted/pub.dev/firebase_storage-13.3.0/
[        ] Found plugin firebase_storage_web at /Users/saradafumiaki/.pub-cache/hosted/pub.dev/firebase_storage_web-3.11.5/
[   +1 ms] Found plugin firebase_crashlytics at /Users/saradafumiaki/.pub-cache/hosted/pub.dev/firebase_crashlytics-5.2.0/
[   +1 ms] Found plugin firebase_auth at /Users/saradafumiaki/.pub-cache/hosted/pub.dev/firebase_auth-6.4.0/
[        ] Found plugin firebase_auth_web at /Users/saradafumiaki/.pub-cache/hosted/pub.dev/firebase_auth_web-6.1.5/
[   +1 ms] Found plugin file_picker at /Users/saradafumiaki/.pub-cache/hosted/pub.dev/file_picker-8.3.7/
[        ] Found plugin flutter_plugin_android_lifecycle at /Users/saradafumiaki/.pub-cache/hosted/pub.dev/flutter_plugin_android_lifecycle-2.0.34/
[   +1 ms] Found plugin connectivity_plus at /Users/saradafumiaki/.pub-cache/hosted/pub.dev/connectivity_plus-6.1.5/
[   +1 ms] Found plugin audioplayers at /Users/saradafumiaki/.pub-cache/hosted/pub.dev/audioplayers-6.6.0/
[   +1 ms] Found plugin audioplayers_windows at /Users/saradafumiaki/.pub-cache/hosted/pub.dev/audioplayers_windows-4.3.0/
[        ] Found plugin audioplayers_web at /Users/saradafumiaki/.pub-cache/hosted/pub.dev/audioplayers_web-5.2.0/
[        ] Found plugin audioplayers_linux at /Users/saradafumiaki/.pub-cache/hosted/pub.dev/audioplayers_linux-4.2.1/
[        ] Found plugin audioplayers_darwin at /Users/saradafumiaki/.pub-cache/hosted/pub.dev/audioplayers_darwin-6.4.0/
[        ] Found plugin audioplayers_android at /Users/saradafumiaki/.pub-cache/hosted/pub.dev/audioplayers_android-5.2.1/
[   +2 ms] Skipping generating dart_plugin_registrant.dart because it is up-to-date.
[        ] <- recompile file:///var/folders/hh/1g2yms7d3890gm5lz8l0jmj80000gn/T/flutter_tools.X3xqwV/flutter_test_listener.YX9lF4/listener.dart 525abba6-baa6-4c5b-a092-c712301bed71
[        ] file:///var/folders/hh/1g2yms7d3890gm5lz8l0jmj80000gn/T/flutter_tools.X3xqwV/flutter_test_listener.YX9lF4/listener.dart
[        ] file:///Users/saradafumiaki/Documents/Apps/kendo_os/.dart_tool/flutter_build/dart_plugin_registrant.dart
[        ] <- 525abba6-baa6-4c5b-a092-c712301bed71
[  +64 ms] test 17: Test harness is no longer needed by test process
[        ] test 17: finished
[        ] test 17: cleaning up...
[        ] test 17: ensuring test device is terminated.
[        ] test 17: Terminating flutter_tester process
[        ] test 17: Shutting down DevTools server
[        ] test 17: Test process is no longer needed by test harness
[        ] test 17: Shutting down test harness socket server
[   +5 ms] test 17: flutter_tester process at pid 33477 exited with code=-9
[        ] test 17: deleting temporary directory
[   +5 ms] test 17: finished
[        ] test 22: starting test /Users/saradafumiaki/Documents/Apps/kendo_os/test/widget/viewer_mode_test.dart
[   +2 ms] Stopping scan for flutter_test_config.dart; found project root at /Users/saradafumiaki/Documents/Apps/kendo_os
00:07 +83: /Users/saradafumiaki/Documents/Apps/kendo_os/test/unit/domain/entities/match_strategy_test.dart: 🛡️ MatchStrategy (試合ルールブック) の自動テスト 🗡️ 個人戦 (IndividualMatchStrategy) 【延長あり/回数1回】0回目の同点は「延長戦(startExtension)」へ進むこと
00:07 +84: /Users/saradafumiaki/Documents/Apps/kendo_os/test/unit/domain/entities/match_strategy_test.dart: 🛡️ MatchStrategy (試合ルールブック) の自動テスト 🗡️ 個人戦 (IndividualMatchStrategy) 【延長あり/回数1回】1回延長済みの同点は「判定(showHantei)」へ進むこと
00:07 +85: /Users/saradafumiaki/Documents/Apps/kendo_os/test/unit/domain/entities/match_strategy_test.dart: 🛡️ MatchStrategy (試合ルールブック) の自動テスト 🛡️ 団体戦 (TeamMatchStrategy) 通常のポジション（先鋒など）での同点は即「引き分け終了(finishMatch)」となること
00:07 +86: /Users/saradafumiaki/Documents/Apps/kendo_os/test/unit/domain/entities/match_strategy_test.dart: 🛡️ MatchStrategy (試合ルールブック) の自動テスト 🛡️ 団体戦 (TeamMatchStrategy) 代表戦での同点は決着がつくまで「延長戦(startExtension)」へ進むこと
00:07 +87: /Users/saradafumiaki/Documents/Apps/kendo_os/test/unit/domain/entities/match_strategy_test.dart: 🛡️ MatchStrategy (試合ルールブック) の自動テスト ⚔️ 勝ち抜き戦 (KachinukiStrategy) 大将同士ではない同点は、両者退場のため「引き分け終了(finishMatch)」となること
00:07 +88: /Users/saradafumiaki/Documents/Apps/kendo_os/test/unit/domain/entities/match_strategy_test.dart: 🛡️ MatchStrategy (試合ルールブック) の自動テスト ⚔️ 勝ち抜き戦 (KachinukiStrategy) 大将同士の同点 ＆ 大将延長ルールの場合は「延長戦(startExtension)」へ進むこと
[  +62 ms] test 19: Test harness is no longer needed by test process
[        ] test 19: finished
[        ] test 19: cleaning up...
[        ] test 19: ensuring test device is terminated.
[        ] test 19: Terminating flutter_tester process
[        ] test 19: Shutting down DevTools server
[        ] test 19: Test process is no longer needed by test harness
[        ] test 19: Shutting down test harness socket server
[   +3 ms] test 19: flutter_tester process at pid 33479 exited with code=-9
[        ] test 19: deleting temporary directory
[   +4 ms] test 19: finished
[        ] test 23: starting test /Users/saradafumiaki/Documents/Apps/kendo_os/test/widget/room_join_qr_dialog_test.dart
[   +2 ms] Stopping scan for flutter_test_config.dart; found project root at /Users/saradafumiaki/Documents/Apps/kendo_os
[        ] <- accept
[        ] <- reset
[        ] Compiling file:///var/folders/hh/1g2yms7d3890gm5lz8l0jmj80000gn/T/flutter_tools.X3xqwV/flutter_test_listener.YX9lF4/listener.dart took 298ms
[        ] Compiling file:///var/folders/hh/1g2yms7d3890gm5lz8l0jmj80000gn/T/flutter_tools.X3xqwV/flutter_test_listener.J5XBp3/listener.dart
[        ] test 21: starting test device
[        ] test 21: awaiting connection to test device
[   +4 ms] test 21: VM Service uri is not available
[        ] test 21: test harness socket server is running at port:53977
[        ] test 21: Starting flutter_tester process with command=[/Users/saradafumiaki/development/flutter/bin/cache/artifacts/engine/darwin-x64/flutter_tester, --disable-vm-service, --enable-checked-mode, --verify-entry-points, --enable-software-rendering, --skia-deterministic-rendering, --enable-dart-profiling, --non-interactive, --use-test-fonts, --disable-asset-fonts, --packages=/Users/saradafumiaki/Documents/Apps/kendo_os/.dart_tool/package_config.json, --flutter-assets-dir=/Users/saradafumiaki/Documents/Apps/kendo_os/build/unit_test_assets, /var/folders/hh/1g2yms7d3890gm5lz8l0jmj80000gn/T/flutter_tools.X3xqwV/flutter_test_listener.YX9lF4/listener.dart.dill], environment={FLUTTER_TEST: true, FONTCONFIG_FILE: /var/folders/hh/1g2yms7d3890gm5lz8l0jmj80000gn/T/flutter_tools.X3xqwV/flutter_test_fonts.hib7TY/fonts.conf, SERVER_PORT: 53977, APP_NAME: kendo_os, UNIT_TEST_ASSETS: /Users/saradafumiaki/Documents/Apps/kendo_os/build/unit_test_assets}
[   +5 ms] test 21: Started flutter_tester process at pid 33483
[  +26 ms] test 20: connected to test device, now awaiting test result
[        ] test 20: Waiting for test harness or tests to finish
[  +10 ms] Found plugin integration_test at /Users/saradafumiaki/development/flutter/packages/integration_test/
[  +11 ms] Found plugin firebase_core at /Users/saradafumiaki/.pub-cache/hosted/pub.dev/firebase_core-4.7.0/
[        ] Found plugin firebase_core_web at /Users/saradafumiaki/.pub-cache/hosted/pub.dev/firebase_core_web-3.6.0/
[   +1 ms] Found plugin cloud_firestore at /Users/saradafumiaki/.pub-cache/hosted/pub.dev/cloud_firestore-6.3.0/
[        ] Found plugin cloud_firestore_web at /Users/saradafumiaki/.pub-cache/hosted/pub.dev/cloud_firestore_web-5.3.0/
[   +2 ms] Found plugin wakelock_plus at /Users/saradafumiaki/.pub-cache/hosted/pub.dev/wakelock_plus-1.5.2/
[   +1 ms] Found plugin package_info_plus at /Users/saradafumiaki/.pub-cache/hosted/pub.dev/package_info_plus-9.0.1/
[   +3 ms] Found plugin url_launcher at /Users/saradafumiaki/.pub-cache/hosted/pub.dev/url_launcher-6.3.2/
[        ] Found plugin url_launcher_windows at /Users/saradafumiaki/.pub-cache/hosted/pub.dev/url_launcher_windows-3.1.5/
[   +1 ms] Found plugin url_launcher_web at /Users/saradafumiaki/.pub-cache/hosted/pub.dev/url_launcher_web-2.4.2/
[        ] Found plugin url_launcher_macos at /Users/saradafumiaki/.pub-cache/hosted/pub.dev/url_launcher_macos-3.2.5/
[        ] Found plugin url_launcher_linux at /Users/saradafumiaki/.pub-cache/hosted/pub.dev/url_launcher_linux-3.2.2/
[        ] Found plugin url_launcher_ios at /Users/saradafumiaki/.pub-cache/hosted/pub.dev/url_launcher_ios-6.4.1/
[        ] Found plugin url_launcher_android at /Users/saradafumiaki/.pub-cache/hosted/pub.dev/url_launcher_android-6.3.29/
[   +1 ms] Found plugin syncfusion_flutter_pdfviewer at /Users/saradafumiaki/.pub-cache/hosted/pub.dev/syncfusion_flutter_pdfviewer-28.2.12/
[        ] Found plugin syncfusion_pdfviewer_windows at /Users/saradafumiaki/.pub-cache/hosted/pub.dev/syncfusion_pdfviewer_windows-28.2.12/
[        ] Found plugin syncfusion_pdfviewer_web at /Users/saradafumiaki/.pub-cache/hosted/pub.dev/syncfusion_pdfviewer_web-28.2.12/
[        ] Found plugin syncfusion_pdfviewer_macos at /Users/saradafumiaki/.pub-cache/hosted/pub.dev/syncfusion_pdfviewer_macos-28.2.12/
[   +2 ms] Found plugin device_info_plus at /Users/saradafumiaki/.pub-cache/hosted/pub.dev/device_info_plus-11.5.0/
[   +1 ms] Found plugin shared_preferences at /Users/saradafumiaki/.pub-cache/hosted/pub.dev/shared_preferences-2.5.5/
[        ] Found plugin shared_preferences_windows at /Users/saradafumiaki/.pub-cache/hosted/pub.dev/shared_preferences_windows-2.4.1/
[        ] Found plugin path_provider_windows at /Users/saradafumiaki/.pub-cache/hosted/pub.dev/path_provider_windows-2.3.0/
[        ] Found plugin shared_preferences_web at /Users/saradafumiaki/.pub-cache/hosted/pub.dev/shared_preferences_web-2.4.3/
[        ] Found plugin shared_preferences_linux at /Users/saradafumiaki/.pub-cache/hosted/pub.dev/shared_preferences_linux-2.4.1/
[        ] Found plugin path_provider_linux at /Users/saradafumiaki/.pub-cache/hosted/pub.dev/path_provider_linux-2.2.1/
[   +1 ms] Found plugin shared_preferences_foundation at /Users/saradafumiaki/.pub-cache/hosted/pub.dev/shared_preferences_foundation-2.5.6/
[        ] Found plugin shared_preferences_android at /Users/saradafumiaki/.pub-cache/hosted/pub.dev/shared_preferences_android-2.4.23/
[        ] Found plugin share_plus at /Users/saradafumiaki/.pub-cache/hosted/pub.dev/share_plus-12.0.2/
[   +1 ms] Found plugin path_provider at /Users/saradafumiaki/.pub-cache/hosted/pub.dev/path_provider-2.1.5/
[        ] Found plugin path_provider_foundation at /Users/saradafumiaki/.pub-cache/hosted/pub.dev/path_provider_foundation-2.6.0/
[   +3 ms] Found plugin path_provider_android at /Users/saradafumiaki/.pub-cache/hosted/pub.dev/path_provider_android-2.3.1/
[        ] Found plugin jni_flutter at /Users/saradafumiaki/.pub-cache/hosted/pub.dev/jni_flutter-1.0.1/
[        ] Found plugin jni at /Users/saradafumiaki/.pub-cache/hosted/pub.dev/jni-1.0.0/
[   +1 ms] Found plugin printing at /Users/saradafumiaki/.pub-cache/hosted/pub.dev/printing-5.14.3/
[   +4 ms] Found plugin isar_community_flutter_libs at /Users/saradafumiaki/.pub-cache/hosted/pub.dev/isar_community_flutter_libs-3.3.2/
[        ] Found plugin google_sign_in at /Users/saradafumiaki/.pub-cache/hosted/pub.dev/google_sign_in-6.3.0/
[        ] Found plugin google_sign_in_web at /Users/saradafumiaki/.pub-cache/hosted/pub.dev/google_sign_in_web-0.12.4+4/
[   +1 ms] Found plugin google_sign_in_ios at /Users/saradafumiaki/.pub-cache/hosted/pub.dev/google_sign_in_ios-5.9.0/
[        ] Found plugin google_sign_in_android at /Users/saradafumiaki/.pub-cache/hosted/pub.dev/google_sign_in_android-6.2.1/
[   +1 ms] Found plugin flutter_tts at /Users/saradafumiaki/.pub-cache/hosted/pub.dev/flutter_tts-4.2.5/
[   +3 ms] Found plugin flutter_image_compress at /Users/saradafumiaki/.pub-cache/hosted/pub.dev/flutter_image_compress-2.4.0/
[        ] Found plugin flutter_image_compress_web at /Users/saradafumiaki/.pub-cache/hosted/pub.dev/flutter_image_compress_web-0.1.5/
[   +1 ms] Found plugin flutter_image_compress_ohos at /Users/saradafumiaki/.pub-cache/hosted/pub.dev/flutter_image_compress_ohos-0.0.3/
[        ] Found plugin flutter_image_compress_macos at /Users/saradafumiaki/.pub-cache/hosted/pub.dev/flutter_image_compress_macos-1.0.3/
[        ] Found plugin flutter_image_compress_common at /Users/saradafumiaki/.pub-cache/hosted/pub.dev/flutter_image_compress_common-1.0.6/
[        ] Found plugin firebase_storage at /Users/saradafumiaki/.pub-cache/hosted/pub.dev/firebase_storage-13.3.0/
[        ] Found plugin firebase_storage_web at /Users/saradafumiaki/.pub-cache/hosted/pub.dev/firebase_storage_web-3.11.5/
[   +1 ms] Found plugin firebase_crashlytics at /Users/saradafumiaki/.pub-cache/hosted/pub.dev/firebase_crashlytics-5.2.0/
[   +1 ms] Found plugin firebase_auth at /Users/saradafumiaki/.pub-cache/hosted/pub.dev/firebase_auth-6.4.0/
[        ] Found plugin firebase_auth_web at /Users/saradafumiaki/.pub-cache/hosted/pub.dev/firebase_auth_web-6.1.5/
[   +1 ms] Found plugin file_picker at /Users/saradafumiaki/.pub-cache/hosted/pub.dev/file_picker-8.3.7/
[        ] Found plugin flutter_plugin_android_lifecycle at /Users/saradafumiaki/.pub-cache/hosted/pub.dev/flutter_plugin_android_lifecycle-2.0.34/
[   +1 ms] Found plugin connectivity_plus at /Users/saradafumiaki/.pub-cache/hosted/pub.dev/connectivity_plus-6.1.5/
[   +1 ms] Found plugin audioplayers at /Users/saradafumiaki/.pub-cache/hosted/pub.dev/audioplayers-6.6.0/
[   +1 ms] Found plugin audioplayers_windows at /Users/saradafumiaki/.pub-cache/hosted/pub.dev/audioplayers_windows-4.3.0/
[   +1 ms] Found plugin audioplayers_web at /Users/saradafumiaki/.pub-cache/hosted/pub.dev/audioplayers_web-5.2.0/
[        ] Found plugin audioplayers_linux at /Users/saradafumiaki/.pub-cache/hosted/pub.dev/audioplayers_linux-4.2.1/
[        ] Found plugin audioplayers_darwin at /Users/saradafumiaki/.pub-cache/hosted/pub.dev/audioplayers_darwin-6.4.0/
[        ] Found plugin audioplayers_android at /Users/saradafumiaki/.pub-cache/hosted/pub.dev/audioplayers_android-5.2.1/
[   +2 ms] Skipping generating dart_plugin_registrant.dart because it is up-to-date.
[        ] <- recompile file:///var/folders/hh/1g2yms7d3890gm5lz8l0jmj80000gn/T/flutter_tools.X3xqwV/flutter_test_listener.J5XBp3/listener.dart 9149a1c2-ec32-4b5a-aaa9-ca8a8054e446
[        ] file:///var/folders/hh/1g2yms7d3890gm5lz8l0jmj80000gn/T/flutter_tools.X3xqwV/flutter_test_listener.J5XBp3/listener.dart
[        ] file:///Users/saradafumiaki/Documents/Apps/kendo_os/.dart_tool/flutter_build/dart_plugin_registrant.dart
[        ] <- 9149a1c2-ec32-4b5a-aaa9-ca8a8054e446
00:07 +89: /Users/saradafumiaki/Documents/Apps/kendo_os/test/unit/domain/entities/match_state_machine_test.dart: 🛡️ Phase 1-5: MatchStateMachine Impossible State FSM Tests ✅ 正常な遷移: notStarted -> ready -> inProgress
00:07 +90: /Users/saradafumiaki/Documents/Apps/kendo_os/test/unit/domain/entities/match_state_machine_test.dart: 🛡️ Phase 1-5: MatchStateMachine Impossible State FSM Tests ✅ 正常な遷移: completed -> undo -> inProgress (誤審の取り消し)
00:07 +91: /Users/saradafumiaki/Documents/Apps/kendo_os/test/unit/domain/entities/match_state_machine_test.dart: 🛡️ Phase 1-5: MatchStateMachine Impossible State FSM Tests ❌ 異常な遷移(Impossible State): completed からの startMatch は弾かれること
00:07 +92: /Users/saradafumiaki/Documents/Apps/kendo_os/test/unit/domain/entities/match_state_machine_test.dart: 🛡️ Phase 1-5: MatchStateMachine Impossible State FSM Tests ❌ 異常な遷移(Impossible State): notStarted からの timeUp は弾かれること
00:07 +93: /Users/saradafumiaki/Documents/Apps/kendo_os/test/unit/domain/entities/match_state_machine_test.dart: 🛡️ Phase 1-5: MatchStateMachine Impossible State FSM Tests ❌ 異常な遷移(Impossible State): ready からの pause は弾かれること
00:07 +94: /Users/saradafumiaki/Documents/Apps/kendo_os/test/unit/domain/entities/match_state_machine_test.dart: 🛡️ Phase 1-5: MatchStateMachine Impossible State FSM Tests 【ガバナンス監査】時間計算で Infinity や NaN が発生しても toInt() クラッシュを起こさず安全に 0 を返却すること
[  +63 ms] test 20: Test harness is no longer needed by test process
[        ] test 20: finished
[        ] test 20: cleaning up...
[        ] test 20: ensuring test device is terminated.
[        ] test 20: Terminating flutter_tester process
[        ] test 20: Shutting down DevTools server
[        ] test 20: Test process is no longer needed by test harness
[        ] test 20: Shutting down test harness socket server
[   +4 ms] test 20: flutter_tester process at pid 33480 exited with code=-9
[        ] test 20: deleting temporary directory
[   +3 ms] test 20: finished
[        ] test 24: starting test /Users/saradafumiaki/Documents/Apps/kendo_os/test/widget/widget_test.dart
[   +1 ms] Stopping scan for flutter_test_config.dart; found project root at /Users/saradafumiaki/Documents/Apps/kendo_os
[ +206 ms] <- accept
[        ] <- reset
[        ] Compiling file:///var/folders/hh/1g2yms7d3890gm5lz8l0jmj80000gn/T/flutter_tools.X3xqwV/flutter_test_listener.J5XBp3/listener.dart took 412ms
[        ] Compiling file:///var/folders/hh/1g2yms7d3890gm5lz8l0jmj80000gn/T/flutter_tools.X3xqwV/flutter_test_listener.82SMLf/listener.dart
[        ] test 22: starting test device
[        ] test 22: awaiting connection to test device
[   +4 ms] test 22: VM Service uri is not available
[        ] test 22: test harness socket server is running at port:53980
[        ] test 22: Starting flutter_tester process with command=[/Users/saradafumiaki/development/flutter/bin/cache/artifacts/engine/darwin-x64/flutter_tester, --disable-vm-service, --enable-checked-mode, --verify-entry-points, --enable-software-rendering, --skia-deterministic-rendering, --enable-dart-profiling, --non-interactive, --use-test-fonts, --disable-asset-fonts, --packages=/Users/saradafumiaki/Documents/Apps/kendo_os/.dart_tool/package_config.json, --flutter-assets-dir=/Users/saradafumiaki/Documents/Apps/kendo_os/build/unit_test_assets, /var/folders/hh/1g2yms7d3890gm5lz8l0jmj80000gn/T/flutter_tools.X3xqwV/flutter_test_listener.J5XBp3/listener.dart.dill], environment={FLUTTER_TEST: true, FONTCONFIG_FILE: /var/folders/hh/1g2yms7d3890gm5lz8l0jmj80000gn/T/flutter_tools.X3xqwV/flutter_test_fonts.hib7TY/fonts.conf, SERVER_PORT: 53980, APP_NAME: kendo_os, UNIT_TEST_ASSETS: /Users/saradafumiaki/Documents/Apps/kendo_os/build/unit_test_assets}
[   +5 ms] test 22: Started flutter_tester process at pid 33484
[  +43 ms] Found plugin integration_test at /Users/saradafumiaki/development/flutter/packages/integration_test/
[  +11 ms] Found plugin firebase_core at /Users/saradafumiaki/.pub-cache/hosted/pub.dev/firebase_core-4.7.0/
[        ] Found plugin firebase_core_web at /Users/saradafumiaki/.pub-cache/hosted/pub.dev/firebase_core_web-3.6.0/
[   +2 ms] Found plugin cloud_firestore at /Users/saradafumiaki/.pub-cache/hosted/pub.dev/cloud_firestore-6.3.0/
[        ] Found plugin cloud_firestore_web at /Users/saradafumiaki/.pub-cache/hosted/pub.dev/cloud_firestore_web-5.3.0/
[   +2 ms] Found plugin wakelock_plus at /Users/saradafumiaki/.pub-cache/hosted/pub.dev/wakelock_plus-1.5.2/
[   +1 ms] Found plugin package_info_plus at /Users/saradafumiaki/.pub-cache/hosted/pub.dev/package_info_plus-9.0.1/
[   +2 ms] Found plugin url_launcher at /Users/saradafumiaki/.pub-cache/hosted/pub.dev/url_launcher-6.3.2/
[        ] Found plugin url_launcher_windows at /Users/saradafumiaki/.pub-cache/hosted/pub.dev/url_launcher_windows-3.1.5/
[        ] Found plugin url_launcher_web at /Users/saradafumiaki/.pub-cache/hosted/pub.dev/url_launcher_web-2.4.2/
[        ] Found plugin url_launcher_macos at /Users/saradafumiaki/.pub-cache/hosted/pub.dev/url_launcher_macos-3.2.5/
[        ] Found plugin url_launcher_linux at /Users/saradafumiaki/.pub-cache/hosted/pub.dev/url_launcher_linux-3.2.2/
[        ] Found plugin url_launcher_ios at /Users/saradafumiaki/.pub-cache/hosted/pub.dev/url_launcher_ios-6.4.1/
[        ] Found plugin url_launcher_android at /Users/saradafumiaki/.pub-cache/hosted/pub.dev/url_launcher_android-6.3.29/
[        ] Found plugin syncfusion_flutter_pdfviewer at /Users/saradafumiaki/.pub-cache/hosted/pub.dev/syncfusion_flutter_pdfviewer-28.2.12/
[        ] Found plugin syncfusion_pdfviewer_windows at /Users/saradafumiaki/.pub-cache/hosted/pub.dev/syncfusion_pdfviewer_windows-28.2.12/
[        ] Found plugin syncfusion_pdfviewer_web at /Users/saradafumiaki/.pub-cache/hosted/pub.dev/syncfusion_pdfviewer_web-28.2.12/
[        ] Found plugin syncfusion_pdfviewer_macos at /Users/saradafumiaki/.pub-cache/hosted/pub.dev/syncfusion_pdfviewer_macos-28.2.12/
[   +1 ms] Found plugin device_info_plus at /Users/saradafumiaki/.pub-cache/hosted/pub.dev/device_info_plus-11.5.0/
[   +1 ms] Found plugin shared_preferences at /Users/saradafumiaki/.pub-cache/hosted/pub.dev/shared_preferences-2.5.5/
[        ] Found plugin shared_preferences_windows at /Users/saradafumiaki/.pub-cache/hosted/pub.dev/shared_preferences_windows-2.4.1/
[        ] Found plugin path_provider_windows at /Users/saradafumiaki/.pub-cache/hosted/pub.dev/path_provider_windows-2.3.0/
[        ] Found plugin shared_preferences_web at /Users/saradafumiaki/.pub-cache/hosted/pub.dev/shared_preferences_web-2.4.3/
[        ] Found plugin shared_preferences_linux at /Users/saradafumiaki/.pub-cache/hosted/pub.dev/shared_preferences_linux-2.4.1/
[        ] Found plugin path_provider_linux at /Users/saradafumiaki/.pub-cache/hosted/pub.dev/path_provider_linux-2.2.1/
[   +1 ms] Found plugin shared_preferences_foundation at /Users/saradafumiaki/.pub-cache/hosted/pub.dev/shared_preferences_foundation-2.5.6/
[        ] Found plugin shared_preferences_android at /Users/saradafumiaki/.pub-cache/hosted/pub.dev/shared_preferences_android-2.4.23/
[        ] Found plugin share_plus at /Users/saradafumiaki/.pub-cache/hosted/pub.dev/share_plus-12.0.2/
[        ] Found plugin path_provider at /Users/saradafumiaki/.pub-cache/hosted/pub.dev/path_provider-2.1.5/
[        ] Found plugin path_provider_foundation at /Users/saradafumiaki/.pub-cache/hosted/pub.dev/path_provider_foundation-2.6.0/
[   +2 ms] Found plugin path_provider_android at /Users/saradafumiaki/.pub-cache/hosted/pub.dev/path_provider_android-2.3.1/
[        ] Found plugin jni_flutter at /Users/saradafumiaki/.pub-cache/hosted/pub.dev/jni_flutter-1.0.1/
[        ] Found plugin jni at /Users/saradafumiaki/.pub-cache/hosted/pub.dev/jni-1.0.0/
[   +1 ms] Found plugin printing at /Users/saradafumiaki/.pub-cache/hosted/pub.dev/printing-5.14.3/
[   +3 ms] Found plugin isar_community_flutter_libs at /Users/saradafumiaki/.pub-cache/hosted/pub.dev/isar_community_flutter_libs-3.3.2/
[        ] Found plugin google_sign_in at /Users/saradafumiaki/.pub-cache/hosted/pub.dev/google_sign_in-6.3.0/
[        ] Found plugin google_sign_in_web at /Users/saradafumiaki/.pub-cache/hosted/pub.dev/google_sign_in_web-0.12.4+4/
[   +1 ms] Found plugin google_sign_in_ios at /Users/saradafumiaki/.pub-cache/hosted/pub.dev/google_sign_in_ios-5.9.0/
[        ] Found plugin google_sign_in_android at /Users/saradafumiaki/.pub-cache/hosted/pub.dev/google_sign_in_android-6.2.1/
[   +1 ms] Found plugin flutter_tts at /Users/saradafumiaki/.pub-cache/hosted/pub.dev/flutter_tts-4.2.5/
[   +2 ms] Found plugin flutter_image_compress at /Users/saradafumiaki/.pub-cache/hosted/pub.dev/flutter_image_compress-2.4.0/
[        ] Found plugin flutter_image_compress_web at /Users/saradafumiaki/.pub-cache/hosted/pub.dev/flutter_image_compress_web-0.1.5/
[        ] Found plugin flutter_image_compress_ohos at /Users/saradafumiaki/.pub-cache/hosted/pub.dev/flutter_image_compress_ohos-0.0.3/
[        ] Found plugin flutter_image_compress_macos at /Users/saradafumiaki/.pub-cache/hosted/pub.dev/flutter_image_compress_macos-1.0.3/
[        ] Found plugin flutter_image_compress_common at /Users/saradafumiaki/.pub-cache/hosted/pub.dev/flutter_image_compress_common-1.0.6/
[        ] Found plugin firebase_storage at /Users/saradafumiaki/.pub-cache/hosted/pub.dev/firebase_storage-13.3.0/
[        ] Found plugin firebase_storage_web at /Users/saradafumiaki/.pub-cache/hosted/pub.dev/firebase_storage_web-3.11.5/
[        ] Found plugin firebase_crashlytics at /Users/saradafumiaki/.pub-cache/hosted/pub.dev/firebase_crashlytics-5.2.0/
[   +1 ms] Found plugin firebase_auth at /Users/saradafumiaki/.pub-cache/hosted/pub.dev/firebase_auth-6.4.0/
[        ] Found plugin firebase_auth_web at /Users/saradafumiaki/.pub-cache/hosted/pub.dev/firebase_auth_web-6.1.5/
[   +1 ms] Found plugin file_picker at /Users/saradafumiaki/.pub-cache/hosted/pub.dev/file_picker-8.3.7/
[   +1 ms] Found plugin flutter_plugin_android_lifecycle at /Users/saradafumiaki/.pub-cache/hosted/pub.dev/flutter_plugin_android_lifecycle-2.0.34/
[   +2 ms] Found plugin connectivity_plus at /Users/saradafumiaki/.pub-cache/hosted/pub.dev/connectivity_plus-6.1.5/
[   +2 ms] Found plugin audioplayers at /Users/saradafumiaki/.pub-cache/hosted/pub.dev/audioplayers-6.6.0/
[   +1 ms] Found plugin audioplayers_windows at /Users/saradafumiaki/.pub-cache/hosted/pub.dev/audioplayers_windows-4.3.0/
[   +1 ms] Found plugin audioplayers_web at /Users/saradafumiaki/.pub-cache/hosted/pub.dev/audioplayers_web-5.2.0/
[        ] Found plugin audioplayers_linux at /Users/saradafumiaki/.pub-cache/hosted/pub.dev/audioplayers_linux-4.2.1/
[   +1 ms] Found plugin audioplayers_darwin at /Users/saradafumiaki/.pub-cache/hosted/pub.dev/audioplayers_darwin-6.4.0/
[        ] Found plugin audioplayers_android at /Users/saradafumiaki/.pub-cache/hosted/pub.dev/audioplayers_android-5.2.1/
[   +2 ms] Skipping generating dart_plugin_registrant.dart because it is up-to-date.
[        ] <- recompile file:///var/folders/hh/1g2yms7d3890gm5lz8l0jmj80000gn/T/flutter_tools.X3xqwV/flutter_test_listener.82SMLf/listener.dart 2ba59b97-a390-4d80-8559-8d8664fb77ab
[        ] file:///var/folders/hh/1g2yms7d3890gm5lz8l0jmj80000gn/T/flutter_tools.X3xqwV/flutter_test_listener.82SMLf/listener.dart
[        ] file:///Users/saradafumiaki/Documents/Apps/kendo_os/.dart_tool/flutter_build/dart_plugin_registrant.dart
[        ] <- 2ba59b97-a390-4d80-8559-8d8664fb77ab
[ +134 ms] <- accept
[        ] <- reset
[        ] Compiling file:///var/folders/hh/1g2yms7d3890gm5lz8l0jmj80000gn/T/flutter_tools.X3xqwV/flutter_test_listener.82SMLf/listener.dart took 262ms
[        ] Compiling file:///var/folders/hh/1g2yms7d3890gm5lz8l0jmj80000gn/T/flutter_tools.X3xqwV/flutter_test_listener.dFCwzp/listener.dart
[        ] test 23: starting test device
[        ] test 23: awaiting connection to test device
[   +4 ms] test 23: VM Service uri is not available
[        ] test 23: test harness socket server is running at port:53981
[        ] test 23: Starting flutter_tester process with command=[/Users/saradafumiaki/development/flutter/bin/cache/artifacts/engine/darwin-x64/flutter_tester, --disable-vm-service, --enable-checked-mode, --verify-entry-points, --enable-software-rendering, --skia-deterministic-rendering, --enable-dart-profiling, --non-interactive, --use-test-fonts, --disable-asset-fonts, --packages=/Users/saradafumiaki/Documents/Apps/kendo_os/.dart_tool/package_config.json, --flutter-assets-dir=/Users/saradafumiaki/Documents/Apps/kendo_os/build/unit_test_assets, /var/folders/hh/1g2yms7d3890gm5lz8l0jmj80000gn/T/flutter_tools.X3xqwV/flutter_test_listener.82SMLf/listener.dart.dill], environment={FLUTTER_TEST: true, FONTCONFIG_FILE: /var/folders/hh/1g2yms7d3890gm5lz8l0jmj80000gn/T/flutter_tools.X3xqwV/flutter_test_fonts.hib7TY/fonts.conf, SERVER_PORT: 53981, APP_NAME: kendo_os, UNIT_TEST_ASSETS: /Users/saradafumiaki/Documents/Apps/kendo_os/build/unit_test_assets}
[   +5 ms] test 23: Started flutter_tester process at pid 33485
[  +44 ms] Found plugin integration_test at /Users/saradafumiaki/development/flutter/packages/integration_test/
[  +15 ms] Found plugin firebase_core at /Users/saradafumiaki/.pub-cache/hosted/pub.dev/firebase_core-4.7.0/
[        ] Found plugin firebase_core_web at /Users/saradafumiaki/.pub-cache/hosted/pub.dev/firebase_core_web-3.6.0/
[   +2 ms] Found plugin cloud_firestore at /Users/saradafumiaki/.pub-cache/hosted/pub.dev/cloud_firestore-6.3.0/
[        ] Found plugin cloud_firestore_web at /Users/saradafumiaki/.pub-cache/hosted/pub.dev/cloud_firestore_web-5.3.0/
[   +3 ms] Found plugin wakelock_plus at /Users/saradafumiaki/.pub-cache/hosted/pub.dev/wakelock_plus-1.5.2/
[   +2 ms] Found plugin package_info_plus at /Users/saradafumiaki/.pub-cache/hosted/pub.dev/package_info_plus-9.0.1/
[   +4 ms] Found plugin url_launcher at /Users/saradafumiaki/.pub-cache/hosted/pub.dev/url_launcher-6.3.2/
[        ] Found plugin url_launcher_windows at /Users/saradafumiaki/.pub-cache/hosted/pub.dev/url_launcher_windows-3.1.5/
[   +1 ms] Found plugin url_launcher_web at /Users/saradafumiaki/.pub-cache/hosted/pub.dev/url_launcher_web-2.4.2/
[        ] Found plugin url_launcher_macos at /Users/saradafumiaki/.pub-cache/hosted/pub.dev/url_launcher_macos-3.2.5/
[   +1 ms] test 21: connected to test device, now awaiting test result
[        ] test 21: Waiting for test harness or tests to finish
[   +1 ms] Found plugin url_launcher_linux at /Users/saradafumiaki/.pub-cache/hosted/pub.dev/url_launcher_linux-3.2.2/
[   +2 ms] Found plugin url_launcher_ios at /Users/saradafumiaki/.pub-cache/hosted/pub.dev/url_launcher_ios-6.4.1/
[        ] Found plugin url_launcher_android at /Users/saradafumiaki/.pub-cache/hosted/pub.dev/url_launcher_android-6.3.29/
[   +1 ms] Found plugin syncfusion_flutter_pdfviewer at /Users/saradafumiaki/.pub-cache/hosted/pub.dev/syncfusion_flutter_pdfviewer-28.2.12/
[        ] Found plugin syncfusion_pdfviewer_windows at /Users/saradafumiaki/.pub-cache/hosted/pub.dev/syncfusion_pdfviewer_windows-28.2.12/
[        ] Found plugin syncfusion_pdfviewer_web at /Users/saradafumiaki/.pub-cache/hosted/pub.dev/syncfusion_pdfviewer_web-28.2.12/
[   +1 ms] Found plugin syncfusion_pdfviewer_macos at /Users/saradafumiaki/.pub-cache/hosted/pub.dev/syncfusion_pdfviewer_macos-28.2.12/
[   +2 ms] Found plugin device_info_plus at /Users/saradafumiaki/.pub-cache/hosted/pub.dev/device_info_plus-11.5.0/
[   +1 ms] Found plugin shared_preferences at /Users/saradafumiaki/.pub-cache/hosted/pub.dev/shared_preferences-2.5.5/
[        ] Found plugin shared_preferences_windows at /Users/saradafumiaki/.pub-cache/hosted/pub.dev/shared_preferences_windows-2.4.1/
[   +1 ms] Found plugin path_provider_windows at /Users/saradafumiaki/.pub-cache/hosted/pub.dev/path_provider_windows-2.3.0/
[   +1 ms] Found plugin shared_preferences_web at /Users/saradafumiaki/.pub-cache/hosted/pub.dev/shared_preferences_web-2.4.3/
[        ] Found plugin shared_preferences_linux at /Users/saradafumiaki/.pub-cache/hosted/pub.dev/shared_preferences_linux-2.4.1/
[        ] Found plugin path_provider_linux at /Users/saradafumiaki/.pub-cache/hosted/pub.dev/path_provider_linux-2.2.1/
[   +1 ms] Found plugin shared_preferences_foundation at /Users/saradafumiaki/.pub-cache/hosted/pub.dev/shared_preferences_foundation-2.5.6/
[        ] Found plugin shared_preferences_android at /Users/saradafumiaki/.pub-cache/hosted/pub.dev/shared_preferences_android-2.4.23/
[        ] Found plugin share_plus at /Users/saradafumiaki/.pub-cache/hosted/pub.dev/share_plus-12.0.2/
[        ] Found plugin path_provider at /Users/saradafumiaki/.pub-cache/hosted/pub.dev/path_provider-2.1.5/
[        ] Found plugin path_provider_foundation at /Users/saradafumiaki/.pub-cache/hosted/pub.dev/path_provider_foundation-2.6.0/
[   +2 ms] Found plugin path_provider_android at /Users/saradafumiaki/.pub-cache/hosted/pub.dev/path_provider_android-2.3.1/
[        ] Found plugin jni_flutter at /Users/saradafumiaki/.pub-cache/hosted/pub.dev/jni_flutter-1.0.1/
[        ] Found plugin jni at /Users/saradafumiaki/.pub-cache/hosted/pub.dev/jni-1.0.0/
[   +1 ms] Found plugin printing at /Users/saradafumiaki/.pub-cache/hosted/pub.dev/printing-5.14.3/
[   +4 ms] Found plugin isar_community_flutter_libs at /Users/saradafumiaki/.pub-cache/hosted/pub.dev/isar_community_flutter_libs-3.3.2/
[        ] Found plugin google_sign_in at /Users/saradafumiaki/.pub-cache/hosted/pub.dev/google_sign_in-6.3.0/
[        ] Found plugin google_sign_in_web at /Users/saradafumiaki/.pub-cache/hosted/pub.dev/google_sign_in_web-0.12.4+4/
[   +1 ms] Found plugin google_sign_in_ios at /Users/saradafumiaki/.pub-cache/hosted/pub.dev/google_sign_in_ios-5.9.0/
[        ] Found plugin google_sign_in_android at /Users/saradafumiaki/.pub-cache/hosted/pub.dev/google_sign_in_android-6.2.1/
[   +1 ms] Found plugin flutter_tts at /Users/saradafumiaki/.pub-cache/hosted/pub.dev/flutter_tts-4.2.5/
[   +3 ms] Found plugin flutter_image_compress at /Users/saradafumiaki/.pub-cache/hosted/pub.dev/flutter_image_compress-2.4.0/
[        ] Found plugin flutter_image_compress_web at /Users/saradafumiaki/.pub-cache/hosted/pub.dev/flutter_image_compress_web-0.1.5/
[   +1 ms] Found plugin flutter_image_compress_ohos at /Users/saradafumiaki/.pub-cache/hosted/pub.dev/flutter_image_compress_ohos-0.0.3/
[        ] Found plugin flutter_image_compress_macos at /Users/saradafumiaki/.pub-cache/hosted/pub.dev/flutter_image_compress_macos-1.0.3/
[        ] Found plugin flutter_image_compress_common at /Users/saradafumiaki/.pub-cache/hosted/pub.dev/flutter_image_compress_common-1.0.6/
[        ] Found plugin firebase_storage at /Users/saradafumiaki/.pub-cache/hosted/pub.dev/firebase_storage-13.3.0/
[        ] Found plugin firebase_storage_web at /Users/saradafumiaki/.pub-cache/hosted/pub.dev/firebase_storage_web-3.11.5/
[        ] Found plugin firebase_crashlytics at /Users/saradafumiaki/.pub-cache/hosted/pub.dev/firebase_crashlytics-5.2.0/
[   +1 ms] Found plugin firebase_auth at /Users/saradafumiaki/.pub-cache/hosted/pub.dev/firebase_auth-6.4.0/
[        ] Found plugin firebase_auth_web at /Users/saradafumiaki/.pub-cache/hosted/pub.dev/firebase_auth_web-6.1.5/
[   +1 ms] Found plugin file_picker at /Users/saradafumiaki/.pub-cache/hosted/pub.dev/file_picker-8.3.7/
[        ] Found plugin flutter_plugin_android_lifecycle at /Users/saradafumiaki/.pub-cache/hosted/pub.dev/flutter_plugin_android_lifecycle-2.0.34/
[   +1 ms] Found plugin connectivity_plus at /Users/saradafumiaki/.pub-cache/hosted/pub.dev/connectivity_plus-6.1.5/
[   +1 ms] Found plugin audioplayers at /Users/saradafumiaki/.pub-cache/hosted/pub.dev/audioplayers-6.6.0/
[        ] Found plugin audioplayers_windows at /Users/saradafumiaki/.pub-cache/hosted/pub.dev/audioplayers_windows-4.3.0/
[   +1 ms] Found plugin audioplayers_web at /Users/saradafumiaki/.pub-cache/hosted/pub.dev/audioplayers_web-5.2.0/
[        ] Found plugin audioplayers_linux at /Users/saradafumiaki/.pub-cache/hosted/pub.dev/audioplayers_linux-4.2.1/
[        ] Found plugin audioplayers_darwin at /Users/saradafumiaki/.pub-cache/hosted/pub.dev/audioplayers_darwin-6.4.0/
[        ] Found plugin audioplayers_android at /Users/saradafumiaki/.pub-cache/hosted/pub.dev/audioplayers_android-5.2.1/
[   +2 ms] Skipping generating dart_plugin_registrant.dart because it is up-to-date.
[        ] <- recompile file:///var/folders/hh/1g2yms7d3890gm5lz8l0jmj80000gn/T/flutter_tools.X3xqwV/flutter_test_listener.dFCwzp/listener.dart 863501eb-44ef-46e9-9010-eda0f1c8b519
[        ] file:///var/folders/hh/1g2yms7d3890gm5lz8l0jmj80000gn/T/flutter_tools.X3xqwV/flutter_test_listener.dFCwzp/listener.dart
[        ] file:///Users/saradafumiaki/Documents/Apps/kendo_os/.dart_tool/flutter_build/dart_plugin_registrant.dart
[        ] <- 863501eb-44ef-46e9-9010-eda0f1c8b519
[  +94 ms] <- accept
[        ] <- reset
[        ] Compiling file:///var/folders/hh/1g2yms7d3890gm5lz8l0jmj80000gn/T/flutter_tools.X3xqwV/flutter_test_listener.dFCwzp/listener.dart took 243ms
[        ] test 24: starting test device
[        ] test 24: awaiting connection to test device
[        ] test 24: VM Service uri is not available
[        ] test 24: test harness socket server is running at port:53983
[        ] test 24: Starting flutter_tester process with command=[/Users/saradafumiaki/development/flutter/bin/cache/artifacts/engine/darwin-x64/flutter_tester, --disable-vm-service, --enable-checked-mode, --verify-entry-points, --enable-software-rendering, --skia-deterministic-rendering, --enable-dart-profiling, --non-interactive, --use-test-fonts, --disable-asset-fonts, --packages=/Users/saradafumiaki/Documents/Apps/kendo_os/.dart_tool/package_config.json, --flutter-assets-dir=/Users/saradafumiaki/Documents/Apps/kendo_os/build/unit_test_assets, /var/folders/hh/1g2yms7d3890gm5lz8l0jmj80000gn/T/flutter_tools.X3xqwV/flutter_test_listener.dFCwzp/listener.dart.dill], environment={FLUTTER_TEST: true, FONTCONFIG_FILE: /var/folders/hh/1g2yms7d3890gm5lz8l0jmj80000gn/T/flutter_tools.X3xqwV/flutter_test_fonts.hib7TY/fonts.conf, SERVER_PORT: 53983, APP_NAME: kendo_os, UNIT_TEST_ASSETS: /Users/saradafumiaki/Documents/Apps/kendo_os/build/unit_test_assets}
[   +7 ms] test 24: Started flutter_tester process at pid 33488
00:08 +95: /Users/saradafumiaki/Documents/Apps/kendo_os/test/widget/hidden_feature_access_test.dart: 🛡️ [Phase 1] Feature Flag 完全統制セキュリティ検証テスト フラグがOFFの際、開発者用システム画面への直接URLアクセス（DeepLink）が物理拒否されること
[ +465 ms] test 22: connected to test device, now awaiting test result
[        ] test 22: Waiting for test harness or tests to finish
[   +4 ms] test 23: connected to test device, now awaiting test result
[        ] test 23: Waiting for test harness or tests to finish
[ +150 ms] test 24: connected to test device, now awaiting test result
[        ] test 24: Waiting for test harness or tests to finish
00:09 +96: /Users/saradafumiaki/Documents/Apps/kendo_os/test/widget/viewer_mode_test.dart: Viewer Mode Tests (Read-Only & Drawing) 1. Read-Only Permission is strictly applied in Viewer Mode
00:09 +97: /Users/saradafumiaki/Documents/Apps/kendo_os/test/widget/viewer_mode_test.dart: Viewer Mode Tests (Read-Only & Drawing) 1. Read-Only Permission is strictly applied in Viewer Mode
[ +493 ms] test 21: Test harness is no longer needed by test process
[        ] test 21: finished
[        ] test 21: cleaning up...
[        ] test 21: ensuring test device is terminated.
[        ] test 21: Terminating flutter_tester process
[        ] test 21: Shutting down DevTools server
[        ] test 21: Test process is no longer needed by test harness
[        ] test 21: Shutting down test harness socket server
[   +8 ms] test 21: flutter_tester process at pid 33483 exited with code=-9
[        ] test 21: deleting temporary directory
[   +5 ms] test 21: finished
[        ] test 25: starting test /Users/saradafumiaki/Documents/Apps/kendo_os/test/widget/ai_feature_hidden_test.dart
[   +6 ms] Stopping scan for flutter_test_config.dart; found project root at /Users/saradafumiaki/Documents/Apps/kendo_os
[        ] Compiling file:///var/folders/hh/1g2yms7d3890gm5lz8l0jmj80000gn/T/flutter_tools.X3xqwV/flutter_test_listener.CjdQDd/listener.dart
[  +61 ms] Found plugin integration_test at /Users/saradafumiaki/development/flutter/packages/integration_test/
[  +14 ms] Found plugin firebase_core at /Users/saradafumiaki/.pub-cache/hosted/pub.dev/firebase_core-4.7.0/
[        ] Found plugin firebase_core_web at /Users/saradafumiaki/.pub-cache/hosted/pub.dev/firebase_core_web-3.6.0/
[   +2 ms] Found plugin cloud_firestore at /Users/saradafumiaki/.pub-cache/hosted/pub.dev/cloud_firestore-6.3.0/
[        ] Found plugin cloud_firestore_web at /Users/saradafumiaki/.pub-cache/hosted/pub.dev/cloud_firestore_web-5.3.0/
00:09 +98: /Users/saradafumiaki/Documents/Apps/kendo_os/test/widget/room_join_qr_dialog_test.dart: 🔒 現場安全弁 - 道場ルームID重複チェック＆警告ダイアログ検証テスト 【新規作成ケース】クラウド上にIDが実在しない場合、正常にコレクションが初期創設され直結すること
[   +4 ms] Found plugin wakelock_plus at /Users/saradafumiaki/.pub-cache/hosted/pub.dev/wakelock_plus-1.5.2/
[   +3 ms] Found plugin package_info_plus at /Users/saradafumiaki/.pub-cache/hosted/pub.dev/package_info_plus-9.0.1/
[   +4 ms] Found plugin url_launcher at /Users/saradafumiaki/.pub-cache/hosted/pub.dev/url_launcher-6.3.2/
[   +1 ms] Found plugin url_launcher_windows at /Users/saradafumiaki/.pub-cache/hosted/pub.dev/url_launcher_windows-3.1.5/
[   +1 ms] Found plugin url_launcher_web at /Users/saradafumiaki/.pub-cache/hosted/pub.dev/url_launcher_web-2.4.2/
[        ] Found plugin url_launcher_macos at /Users/saradafumiaki/.pub-cache/hosted/pub.dev/url_launcher_macos-3.2.5/
[        ] Found plugin url_launcher_linux at /Users/saradafumiaki/.pub-cache/hosted/pub.dev/url_launcher_linux-3.2.2/
[        ] Found plugin url_launcher_ios at /Users/saradafumiaki/.pub-cache/hosted/pub.dev/url_launcher_ios-6.4.1/
[        ] Found plugin url_launcher_android at /Users/saradafumiaki/.pub-cache/hosted/pub.dev/url_launcher_android-6.3.29/
[   +1 ms] Found plugin syncfusion_flutter_pdfviewer at /Users/saradafumiaki/.pub-cache/hosted/pub.dev/syncfusion_flutter_pdfviewer-28.2.12/
[   +1 ms] Found plugin syncfusion_pdfviewer_windows at /Users/saradafumiaki/.pub-cache/hosted/pub.dev/syncfusion_pdfviewer_windows-28.2.12/
[   +1 ms] Found plugin syncfusion_pdfviewer_web at /Users/saradafumiaki/.pub-cache/hosted/pub.dev/syncfusion_pdfviewer_web-28.2.12/
[   +1 ms] Found plugin syncfusion_pdfviewer_macos at /Users/saradafumiaki/.pub-cache/hosted/pub.dev/syncfusion_pdfviewer_macos-28.2.12/
[   +3 ms] Found plugin device_info_plus at /Users/saradafumiaki/.pub-cache/hosted/pub.dev/device_info_plus-11.5.0/
[   +2 ms] Found plugin shared_preferences at /Users/saradafumiaki/.pub-cache/hosted/pub.dev/shared_preferences-2.5.5/
[   +1 ms] Found plugin shared_preferences_windows at /Users/saradafumiaki/.pub-cache/hosted/pub.dev/shared_preferences_windows-2.4.1/
[   +1 ms] Found plugin path_provider_windows at /Users/saradafumiaki/.pub-cache/hosted/pub.dev/path_provider_windows-2.3.0/
[   +1 ms] Found plugin shared_preferences_web at /Users/saradafumiaki/.pub-cache/hosted/pub.dev/shared_preferences_web-2.4.3/
[        ] Found plugin shared_preferences_linux at /Users/saradafumiaki/.pub-cache/hosted/pub.dev/shared_preferences_linux-2.4.1/
[        ] Found plugin path_provider_linux at /Users/saradafumiaki/.pub-cache/hosted/pub.dev/path_provider_linux-2.2.1/
[   +1 ms] Found plugin shared_preferences_foundation at /Users/saradafumiaki/.pub-cache/hosted/pub.dev/shared_preferences_foundation-2.5.6/
[        ] Found plugin shared_preferences_android at /Users/saradafumiaki/.pub-cache/hosted/pub.dev/shared_preferences_android-2.4.23/
[   +1 ms] Found plugin share_plus at /Users/saradafumiaki/.pub-cache/hosted/pub.dev/share_plus-12.0.2/
[   +1 ms] Found plugin path_provider at /Users/saradafumiaki/.pub-cache/hosted/pub.dev/path_provider-2.1.5/
[        ] Found plugin path_provider_foundation at /Users/saradafumiaki/.pub-cache/hosted/pub.dev/path_provider_foundation-2.6.0/
[   +3 ms] Found plugin path_provider_android at /Users/saradafumiaki/.pub-cache/hosted/pub.dev/path_provider_android-2.3.1/
[        ] Found plugin jni_flutter at /Users/saradafumiaki/.pub-cache/hosted/pub.dev/jni_flutter-1.0.1/
[        ] Found plugin jni at /Users/saradafumiaki/.pub-cache/hosted/pub.dev/jni-1.0.0/
[   +2 ms] Found plugin printing at /Users/saradafumiaki/.pub-cache/hosted/pub.dev/printing-5.14.3/
[   +4 ms] Found plugin isar_community_flutter_libs at /Users/saradafumiaki/.pub-cache/hosted/pub.dev/isar_community_flutter_libs-3.3.2/
[        ] Found plugin google_sign_in at /Users/saradafumiaki/.pub-cache/hosted/pub.dev/google_sign_in-6.3.0/
[        ] Found plugin google_sign_in_web at /Users/saradafumiaki/.pub-cache/hosted/pub.dev/google_sign_in_web-0.12.4+4/
[   +2 ms] Found plugin google_sign_in_ios at /Users/saradafumiaki/.pub-cache/hosted/pub.dev/google_sign_in_ios-5.9.0/
[        ] Found plugin google_sign_in_android at /Users/saradafumiaki/.pub-cache/hosted/pub.dev/google_sign_in_android-6.2.1/
[   +4 ms] Found plugin flutter_tts at /Users/saradafumiaki/.pub-cache/hosted/pub.dev/flutter_tts-4.2.5/
[   +4 ms] Found plugin flutter_image_compress at /Users/saradafumiaki/.pub-cache/hosted/pub.dev/flutter_image_compress-2.4.0/
[   +1 ms] Found plugin flutter_image_compress_web at /Users/saradafumiaki/.pub-cache/hosted/pub.dev/flutter_image_compress_web-0.1.5/
[   +5 ms] Found plugin flutter_image_compress_ohos at /Users/saradafumiaki/.pub-cache/hosted/pub.dev/flutter_image_compress_ohos-0.0.3/
[        ] Found plugin flutter_image_compress_macos at /Users/saradafumiaki/.pub-cache/hosted/pub.dev/flutter_image_compress_macos-1.0.3/
[        ] Found plugin flutter_image_compress_common at /Users/saradafumiaki/.pub-cache/hosted/pub.dev/flutter_image_compress_common-1.0.6/
[        ] Found plugin firebase_storage at /Users/saradafumiaki/.pub-cache/hosted/pub.dev/firebase_storage-13.3.0/
[        ] Found plugin firebase_storage_web at /Users/saradafumiaki/.pub-cache/hosted/pub.dev/firebase_storage_web-3.11.5/
[   +1 ms] Found plugin firebase_crashlytics at /Users/saradafumiaki/.pub-cache/hosted/pub.dev/firebase_crashlytics-5.2.0/
[   +3 ms] Found plugin firebase_auth at /Users/saradafumiaki/.pub-cache/hosted/pub.dev/firebase_auth-6.4.0/
[   +6 ms] Found plugin firebase_auth_web at /Users/saradafumiaki/.pub-cache/hosted/pub.dev/firebase_auth_web-6.1.5/
[  +12 ms] Found plugin file_picker at /Users/saradafumiaki/.pub-cache/hosted/pub.dev/file_picker-8.3.7/
[   +4 ms] Found plugin flutter_plugin_android_lifecycle at /Users/saradafumiaki/.pub-cache/hosted/pub.dev/flutter_plugin_android_lifecycle-2.0.34/
[   +6 ms] Found plugin connectivity_plus at /Users/saradafumiaki/.pub-cache/hosted/pub.dev/connectivity_plus-6.1.5/
[   +5 ms] Found plugin audioplayers at /Users/saradafumiaki/.pub-cache/hosted/pub.dev/audioplayers-6.6.0/
[   +1 ms] Found plugin audioplayers_windows at /Users/saradafumiaki/.pub-cache/hosted/pub.dev/audioplayers_windows-4.3.0/
[   +1 ms] Found plugin audioplayers_web at /Users/saradafumiaki/.pub-cache/hosted/pub.dev/audioplayers_web-5.2.0/
[        ] Found plugin audioplayers_linux at /Users/saradafumiaki/.pub-cache/hosted/pub.dev/audioplayers_linux-4.2.1/
[        ] Found plugin audioplayers_darwin at /Users/saradafumiaki/.pub-cache/hosted/pub.dev/audioplayers_darwin-6.4.0/
[        ] Found plugin audioplayers_android at /Users/saradafumiaki/.pub-cache/hosted/pub.dev/audioplayers_android-5.2.1/
00:09 +99: /Users/saradafumiaki/Documents/Apps/kendo_os/test/widget/room_join_qr_dialog_test.dart: 🔒 現場安全弁 - 道場ルームID重複チェック＆警告ダイアログ検証テスト 【新規作成ケース】クラウド上にIDが実在しない場合、正常にコレクションが初期創設され直結すること
[   +3 ms] test 24: Test harness is no longer needed by test process
[        ] test 24: finished
[        ] test 24: cleaning up...
[        ] test 24: ensuring test device is terminated.
[        ] test 24: Terminating flutter_tester process
[        ] test 24: Shutting down DevTools server
[        ] test 24: Test process is no longer needed by test harness
[        ] test 24: Shutting down test harness socket server
[   +2 ms] Skipping generating dart_plugin_registrant.dart because it is up-to-date.
[        ] <- recompile file:///var/folders/hh/1g2yms7d3890gm5lz8l0jmj80000gn/T/flutter_tools.X3xqwV/flutter_test_listener.CjdQDd/listener.dart 47d066ea-7cd2-4022-bad1-6216bf9da6f3
[        ] file:///var/folders/hh/1g2yms7d3890gm5lz8l0jmj80000gn/T/flutter_tools.X3xqwV/flutter_test_listener.CjdQDd/listener.dart
[        ] file:///Users/saradafumiaki/Documents/Apps/kendo_os/.dart_tool/flutter_build/dart_plugin_registrant.dart
[        ] <- 47d066ea-7cd2-4022-bad1-6216bf9da6f3
[   +4 ms] test 24: flutter_tester process at pid 33488 exited with code=-9
[        ] test 24: deleting temporary directory
[   +4 ms] test 24: finished
[        ] test 26: starting test /Users/saradafumiaki/Documents/Apps/kendo_os/test/widget/match_timeline_list_test.dart
[   +2 ms] Stopping scan for flutter_test_config.dart; found project root at /Users/saradafumiaki/Documents/Apps/kendo_os
[ +128 ms] <- accept
[        ] <- reset
[        ] Compiling file:///var/folders/hh/1g2yms7d3890gm5lz8l0jmj80000gn/T/flutter_tools.X3xqwV/flutter_test_listener.CjdQDd/listener.dart took 353ms
[        ] Compiling file:///var/folders/hh/1g2yms7d3890gm5lz8l0jmj80000gn/T/flutter_tools.X3xqwV/flutter_test_listener.0NlsPK/listener.dart
[        ] test 25: starting test device
[        ] test 25: awaiting connection to test device
[   +5 ms] test 25: VM Service uri is not available
[        ] test 25: test harness socket server is running at port:53993
[        ] test 25: Starting flutter_tester process with command=[/Users/saradafumiaki/development/flutter/bin/cache/artifacts/engine/darwin-x64/flutter_tester, --disable-vm-service, --enable-checked-mode, --verify-entry-points, --enable-software-rendering, --skia-deterministic-rendering, --enable-dart-profiling, --non-interactive, --use-test-fonts, --disable-asset-fonts, --packages=/Users/saradafumiaki/Documents/Apps/kendo_os/.dart_tool/package_config.json, --flutter-assets-dir=/Users/saradafumiaki/Documents/Apps/kendo_os/build/unit_test_assets, /var/folders/hh/1g2yms7d3890gm5lz8l0jmj80000gn/T/flutter_tools.X3xqwV/flutter_test_listener.CjdQDd/listener.dart.dill], environment={FLUTTER_TEST: true, FONTCONFIG_FILE: /var/folders/hh/1g2yms7d3890gm5lz8l0jmj80000gn/T/flutter_tools.X3xqwV/flutter_test_fonts.hib7TY/fonts.conf, SERVER_PORT: 53993, APP_NAME: kendo_os, UNIT_TEST_ASSETS: /Users/saradafumiaki/Documents/Apps/kendo_os/build/unit_test_assets}
[   +9 ms] test 25: Started flutter_tester process at pid 33499
[  +84 ms] Found plugin integration_test at /Users/saradafumiaki/development/flutter/packages/integration_test/
[  +34 ms] Found plugin firebase_core at /Users/saradafumiaki/.pub-cache/hosted/pub.dev/firebase_core-4.7.0/
[   +1 ms] Found plugin firebase_core_web at /Users/saradafumiaki/.pub-cache/hosted/pub.dev/firebase_core_web-3.6.0/
[   +2 ms] Found plugin cloud_firestore at /Users/saradafumiaki/.pub-cache/hosted/pub.dev/cloud_firestore-6.3.0/
[        ] Found plugin cloud_firestore_web at /Users/saradafumiaki/.pub-cache/hosted/pub.dev/cloud_firestore_web-5.3.0/
[   +3 ms] Found plugin wakelock_plus at /Users/saradafumiaki/.pub-cache/hosted/pub.dev/wakelock_plus-1.5.2/
[   +4 ms] Found plugin package_info_plus at /Users/saradafumiaki/.pub-cache/hosted/pub.dev/package_info_plus-9.0.1/
[   +7 ms] Found plugin url_launcher at /Users/saradafumiaki/.pub-cache/hosted/pub.dev/url_launcher-6.3.2/
[   +1 ms] Found plugin url_launcher_windows at /Users/saradafumiaki/.pub-cache/hosted/pub.dev/url_launcher_windows-3.1.5/
[   +1 ms] Found plugin url_launcher_web at /Users/saradafumiaki/.pub-cache/hosted/pub.dev/url_launcher_web-2.4.2/
[        ] Found plugin url_launcher_macos at /Users/saradafumiaki/.pub-cache/hosted/pub.dev/url_launcher_macos-3.2.5/
[        ] Found plugin url_launcher_linux at /Users/saradafumiaki/.pub-cache/hosted/pub.dev/url_launcher_linux-3.2.2/
[        ] Found plugin url_launcher_ios at /Users/saradafumiaki/.pub-cache/hosted/pub.dev/url_launcher_ios-6.4.1/
[        ] Found plugin url_launcher_android at /Users/saradafumiaki/.pub-cache/hosted/pub.dev/url_launcher_android-6.3.29/
[   +1 ms] Found plugin syncfusion_flutter_pdfviewer at /Users/saradafumiaki/.pub-cache/hosted/pub.dev/syncfusion_flutter_pdfviewer-28.2.12/
[   +1 ms] Found plugin syncfusion_pdfviewer_windows at /Users/saradafumiaki/.pub-cache/hosted/pub.dev/syncfusion_pdfviewer_windows-28.2.12/
[        ] Found plugin syncfusion_pdfviewer_web at /Users/saradafumiaki/.pub-cache/hosted/pub.dev/syncfusion_pdfviewer_web-28.2.12/
[   +1 ms] Found plugin syncfusion_pdfviewer_macos at /Users/saradafumiaki/.pub-cache/hosted/pub.dev/syncfusion_pdfviewer_macos-28.2.12/
[   +3 ms] Found plugin device_info_plus at /Users/saradafumiaki/.pub-cache/hosted/pub.dev/device_info_plus-11.5.0/
[   +2 ms] Found plugin shared_preferences at /Users/saradafumiaki/.pub-cache/hosted/pub.dev/shared_preferences-2.5.5/
[   +1 ms] Found plugin shared_preferences_windows at /Users/saradafumiaki/.pub-cache/hosted/pub.dev/shared_preferences_windows-2.4.1/
[   +1 ms] Found plugin path_provider_windows at /Users/saradafumiaki/.pub-cache/hosted/pub.dev/path_provider_windows-2.3.0/
[   +1 ms] Found plugin shared_preferences_web at /Users/saradafumiaki/.pub-cache/hosted/pub.dev/shared_preferences_web-2.4.3/
[        ] Found plugin shared_preferences_linux at /Users/saradafumiaki/.pub-cache/hosted/pub.dev/shared_preferences_linux-2.4.1/
[        ] Found plugin path_provider_linux at /Users/saradafumiaki/.pub-cache/hosted/pub.dev/path_provider_linux-2.2.1/
[   +2 ms] Found plugin shared_preferences_foundation at /Users/saradafumiaki/.pub-cache/hosted/pub.dev/shared_preferences_foundation-2.5.6/
[   +1 ms] Found plugin shared_preferences_android at /Users/saradafumiaki/.pub-cache/hosted/pub.dev/shared_preferences_android-2.4.23/
[   +1 ms] Found plugin share_plus at /Users/saradafumiaki/.pub-cache/hosted/pub.dev/share_plus-12.0.2/
[   +1 ms] Found plugin path_provider at /Users/saradafumiaki/.pub-cache/hosted/pub.dev/path_provider-2.1.5/
[        ] Found plugin path_provider_foundation at /Users/saradafumiaki/.pub-cache/hosted/pub.dev/path_provider_foundation-2.6.0/
[   +5 ms] Found plugin path_provider_android at /Users/saradafumiaki/.pub-cache/hosted/pub.dev/path_provider_android-2.3.1/
[        ] Found plugin jni_flutter at /Users/saradafumiaki/.pub-cache/hosted/pub.dev/jni_flutter-1.0.1/
[        ] Found plugin jni at /Users/saradafumiaki/.pub-cache/hosted/pub.dev/jni-1.0.0/
[   +2 ms] Found plugin printing at /Users/saradafumiaki/.pub-cache/hosted/pub.dev/printing-5.14.3/
[   +5 ms] Found plugin isar_community_flutter_libs at /Users/saradafumiaki/.pub-cache/hosted/pub.dev/isar_community_flutter_libs-3.3.2/
[   +1 ms] Found plugin google_sign_in at /Users/saradafumiaki/.pub-cache/hosted/pub.dev/google_sign_in-6.3.0/
[        ] Found plugin google_sign_in_web at /Users/saradafumiaki/.pub-cache/hosted/pub.dev/google_sign_in_web-0.12.4+4/
[   +1 ms] Found plugin google_sign_in_ios at /Users/saradafumiaki/.pub-cache/hosted/pub.dev/google_sign_in_ios-5.9.0/
[        ] Found plugin google_sign_in_android at /Users/saradafumiaki/.pub-cache/hosted/pub.dev/google_sign_in_android-6.2.1/
[   +2 ms] Found plugin flutter_tts at /Users/saradafumiaki/.pub-cache/hosted/pub.dev/flutter_tts-4.2.5/
[   +4 ms] Found plugin flutter_image_compress at /Users/saradafumiaki/.pub-cache/hosted/pub.dev/flutter_image_compress-2.4.0/
[        ] Found plugin flutter_image_compress_web at /Users/saradafumiaki/.pub-cache/hosted/pub.dev/flutter_image_compress_web-0.1.5/
[   +1 ms] Found plugin flutter_image_compress_ohos at /Users/saradafumiaki/.pub-cache/hosted/pub.dev/flutter_image_compress_ohos-0.0.3/
[        ] Found plugin flutter_image_compress_macos at /Users/saradafumiaki/.pub-cache/hosted/pub.dev/flutter_image_compress_macos-1.0.3/
[        ] Found plugin flutter_image_compress_common at /Users/saradafumiaki/.pub-cache/hosted/pub.dev/flutter_image_compress_common-1.0.6/
[        ] Found plugin firebase_storage at /Users/saradafumiaki/.pub-cache/hosted/pub.dev/firebase_storage-13.3.0/
[        ] Found plugin firebase_storage_web at /Users/saradafumiaki/.pub-cache/hosted/pub.dev/firebase_storage_web-3.11.5/
[   +1 ms] Found plugin firebase_crashlytics at /Users/saradafumiaki/.pub-cache/hosted/pub.dev/firebase_crashlytics-5.2.0/
[   +1 ms] Found plugin firebase_auth at /Users/saradafumiaki/.pub-cache/hosted/pub.dev/firebase_auth-6.4.0/
[        ] Found plugin firebase_auth_web at /Users/saradafumiaki/.pub-cache/hosted/pub.dev/firebase_auth_web-6.1.5/
[   +1 ms] Found plugin file_picker at /Users/saradafumiaki/.pub-cache/hosted/pub.dev/file_picker-8.3.7/
[        ] Found plugin flutter_plugin_android_lifecycle at /Users/saradafumiaki/.pub-cache/hosted/pub.dev/flutter_plugin_android_lifecycle-2.0.34/
[   +1 ms] Found plugin connectivity_plus at /Users/saradafumiaki/.pub-cache/hosted/pub.dev/connectivity_plus-6.1.5/
[   +1 ms] Found plugin audioplayers at /Users/saradafumiaki/.pub-cache/hosted/pub.dev/audioplayers-6.6.0/
[   +1 ms] Found plugin audioplayers_windows at /Users/saradafumiaki/.pub-cache/hosted/pub.dev/audioplayers_windows-4.3.0/
[   +1 ms] Found plugin audioplayers_web at /Users/saradafumiaki/.pub-cache/hosted/pub.dev/audioplayers_web-5.2.0/
[        ] Found plugin audioplayers_linux at /Users/saradafumiaki/.pub-cache/hosted/pub.dev/audioplayers_linux-4.2.1/
[        ] Found plugin audioplayers_darwin at /Users/saradafumiaki/.pub-cache/hosted/pub.dev/audioplayers_darwin-6.4.0/
[        ] Found plugin audioplayers_android at /Users/saradafumiaki/.pub-cache/hosted/pub.dev/audioplayers_android-5.2.1/
[   +2 ms] Skipping generating dart_plugin_registrant.dart because it is up-to-date.
[        ] <- recompile file:///var/folders/hh/1g2yms7d3890gm5lz8l0jmj80000gn/T/flutter_tools.X3xqwV/flutter_test_listener.0NlsPK/listener.dart a092e3e3-3067-4d6a-a180-89ae682494d1
[        ] file:///var/folders/hh/1g2yms7d3890gm5lz8l0jmj80000gn/T/flutter_tools.X3xqwV/flutter_test_listener.0NlsPK/listener.dart
[        ] file:///Users/saradafumiaki/Documents/Apps/kendo_os/.dart_tool/flutter_build/dart_plugin_registrant.dart
[        ] <- a092e3e3-3067-4d6a-a180-89ae682494d1
00:09 +99: /Users/saradafumiaki/Documents/Apps/kendo_os/test/widget/viewer_mode_test.dart: Viewer Mode Tests (Read-Only & Drawing) 1-2. No Edit buttons in ViewerHomeScreen
🔍 [Viewer Debug] tournamentId param: "test_tournament_1"
🔍 [Viewer Debug] Total matches from provider: 7
  [0] ID: team_match_1, TID: "test_tournament_1", Match: 青龍道場 : 先鋒 vs 白虎剣友会 : 先鋒
  [1] ID: team_match_2, TID: "test_tournament_1", Match: 青龍道場 : 次鋒 vs 白虎剣友会 : 次鋒
  [2] ID: indiv_match_1, TID: "test_tournament_1", Match: 青龍道場 : 山田 vs 白虎剣友会 : 鈴木
  [3] ID: indiv_match_in_progress, TID: "test_tournament_1", Match: 朱雀会 : 高橋 vs 玄武館 : 伊藤
  [4] ID: league_team_1, TID: "test_tournament_1", Match: 青龍道場 : 先鋒 vs 朱雀会 : 先鋒
[ +303 ms] <- accept
[        ] <- reset
[        ] Compiling file:///var/folders/hh/1g2yms7d3890gm5lz8l0jmj80000gn/T/flutter_tools.X3xqwV/flutter_test_listener.0NlsPK/listener.dart took 539ms
[        ] test 26: starting test device
[        ] test 26: awaiting connection to test device
[        ] test 26: VM Service uri is not available
[        ] test 26: test harness socket server is running at port:53994
[        ] test 26: Starting flutter_tester process with command=[/Users/saradafumiaki/development/flutter/bin/cache/artifacts/engine/darwin-x64/flutter_tester, --disable-vm-service, --enable-checked-mode, --verify-entry-points, --enable-software-rendering, --skia-deterministic-rendering, --enable-dart-profiling, --non-interactive, --use-test-fonts, --disable-asset-fonts, --packages=/Users/saradafumiaki/Documents/Apps/kendo_os/.dart_tool/package_config.json, --flutter-assets-dir=/Users/saradafumiaki/Documents/Apps/kendo_os/build/unit_test_assets, /var/folders/hh/1g2yms7d3890gm5lz8l0jmj80000gn/T/flutter_tools.X3xqwV/flutter_test_listener.0NlsPK/listener.dart.dill], environment={FLUTTER_TEST: true, FONTCONFIG_FILE: /var/folders/hh/1g2yms7d3890gm5lz8l0jmj80000gn/T/flutter_tools.X3xqwV/flutter_test_fonts.hib7TY/fonts.conf, SERVER_PORT: 53994, APP_NAME: kendo_os, UNIT_TEST_ASSETS: /Users/saradafumiaki/Documents/Apps/kendo_os/build/unit_test_assets}
[   +8 ms] test 26: Started flutter_tester process at pid 33502
[ +385 ms] test 25: connected to test device, now awaiting test result
[        ] test 25: Waiting for test harness or tests to finish
00:10 +100: /Users/saradafumiaki/Documents/Apps/kendo_os/test/widget/room_join_qr_dialog_test.dart: 🔒 現場安全弁 - 道場ルームID重複チェック＆警告ダイアログ検証テスト 【新規作成ケース】クラウド上にIDが実在しない場合、正常にコレクションが初期創設され直結すること
00:10 +101: /Users/saradafumiaki/Documents/Apps/kendo_os/test/widget/room_join_qr_dialog_test.dart: 🔒 現場安全弁 - 道場ルームID重複チェック＆警告ダイアログ検証テスト 【新規作成ケース】クラウド上にIDが実在しない場合、正常にコレクションが初期創設され直結すること
[ +176 ms] test 25: Test harness is no longer needed by test process
[        ] test 25: finished
[        ] test 25: cleaning up...
[        ] test 25: ensuring test device is terminated.
[        ] test 25: Terminating flutter_tester process
[        ] test 25: Shutting down DevTools server
[        ] test 25: Test process is no longer needed by test harness
[        ] test 25: Shutting down test harness socket server
[   +4 ms] test 25: flutter_tester process at pid 33499 exited with code=-9
[        ] test 25: deleting temporary directory
[   +3 ms] test 25: finished
[        ] test 27: starting test /Users/saradafumiaki/Documents/Apps/kendo_os/test/widget/role_visibility_test.dart
[   +1 ms] Stopping scan for flutter_test_config.dart; found project root at /Users/saradafumiaki/Documents/Apps/kendo_os
[        ] Compiling file:///var/folders/hh/1g2yms7d3890gm5lz8l0jmj80000gn/T/flutter_tools.X3xqwV/flutter_test_listener.n6UfkW/listener.dart
[  +44 ms] Found plugin integration_test at /Users/saradafumiaki/development/flutter/packages/integration_test/
00:10 +101: /Users/saradafumiaki/Documents/Apps/kendo_os/test/widget/viewer_mode_test.dart: Viewer Mode Tests (Read-Only & Drawing) 1-2. No Edit buttons in ViewerHomeScreen
🔍 [Viewer Debug] tournamentId param: "test_tournament_1"
🔍 [Viewer Debug] Total matches from provider: 7
  [0] ID: team_match_1, TID: "test_tournament_1", Match: 青龍道場 : 先鋒 vs 白虎剣友会 : 先鋒
  [1] ID: team_match_2, TID: "test_tournament_1", Match: 青龍道場 : 次鋒 vs 白虎剣友会 : 次鋒
  [2] ID: indiv_match_1, TID: "test_tournament_1", Match: 青龍道場 : 山田 vs 白虎剣友会 : 鈴木
  [3] ID: indiv_match_in_progress, TID: "test_tournament_1", Match: 朱雀会 : 高橋 vs 玄武館 : 伊藤
  [4] ID: league_team_1, TID: "test_tournament_1", Match: 青龍道場 : 先鋒 vs 朱雀会 : 先鋒
[  +14 ms] Found plugin firebase_core at /Users/saradafumiaki/.pub-cache/hosted/pub.dev/firebase_core-4.7.0/
[        ] Found plugin firebase_core_web at /Users/saradafumiaki/.pub-cache/hosted/pub.dev/firebase_core_web-3.6.0/
[   +2 ms] Found plugin cloud_firestore at /Users/saradafumiaki/.pub-cache/hosted/pub.dev/cloud_firestore-6.3.0/
[   +1 ms] Found plugin cloud_firestore_web at /Users/saradafumiaki/.pub-cache/hosted/pub.dev/cloud_firestore_web-5.3.0/
[   +3 ms] Found plugin wakelock_plus at /Users/saradafumiaki/.pub-cache/hosted/pub.dev/wakelock_plus-1.5.2/
[   +2 ms] Found plugin package_info_plus at /Users/saradafumiaki/.pub-cache/hosted/pub.dev/package_info_plus-9.0.1/
[   +4 ms] Found plugin url_launcher at /Users/saradafumiaki/.pub-cache/hosted/pub.dev/url_launcher-6.3.2/
[   +1 ms] Found plugin url_launcher_windows at /Users/saradafumiaki/.pub-cache/hosted/pub.dev/url_launcher_windows-3.1.5/
[   +4 ms] Found plugin url_launcher_web at /Users/saradafumiaki/.pub-cache/hosted/pub.dev/url_launcher_web-2.4.2/
[   +1 ms] Found plugin url_launcher_macos at /Users/saradafumiaki/.pub-cache/hosted/pub.dev/url_launcher_macos-3.2.5/
[   +1 ms] Found plugin url_launcher_linux at /Users/saradafumiaki/.pub-cache/hosted/pub.dev/url_launcher_linux-3.2.2/
[   +1 ms] Found plugin url_launcher_ios at /Users/saradafumiaki/.pub-cache/hosted/pub.dev/url_launcher_ios-6.4.1/
[        ] Found plugin url_launcher_android at /Users/saradafumiaki/.pub-cache/hosted/pub.dev/url_launcher_android-6.3.29/
[   +1 ms] Found plugin syncfusion_flutter_pdfviewer at /Users/saradafumiaki/.pub-cache/hosted/pub.dev/syncfusion_flutter_pdfviewer-28.2.12/
[   +1 ms] Found plugin syncfusion_pdfviewer_windows at /Users/saradafumiaki/.pub-cache/hosted/pub.dev/syncfusion_pdfviewer_windows-28.2.12/
[        ] Found plugin syncfusion_pdfviewer_web at /Users/saradafumiaki/.pub-cache/hosted/pub.dev/syncfusion_pdfviewer_web-28.2.12/
[   +1 ms] Found plugin syncfusion_pdfviewer_macos at /Users/saradafumiaki/.pub-cache/hosted/pub.dev/syncfusion_pdfviewer_macos-28.2.12/
[   +3 ms] Found plugin device_info_plus at /Users/saradafumiaki/.pub-cache/hosted/pub.dev/device_info_plus-11.5.0/
[   +2 ms] Found plugin shared_preferences at /Users/saradafumiaki/.pub-cache/hosted/pub.dev/shared_preferences-2.5.5/
[   +1 ms] Found plugin shared_preferences_windows at /Users/saradafumiaki/.pub-cache/hosted/pub.dev/shared_preferences_windows-2.4.1/
[   +1 ms] Found plugin path_provider_windows at /Users/saradafumiaki/.pub-cache/hosted/pub.dev/path_provider_windows-2.3.0/
[   +1 ms] Found plugin shared_preferences_web at /Users/saradafumiaki/.pub-cache/hosted/pub.dev/shared_preferences_web-2.4.3/
[        ] Found plugin shared_preferences_linux at /Users/saradafumiaki/.pub-cache/hosted/pub.dev/shared_preferences_linux-2.4.1/
[   +1 ms] Found plugin path_provider_linux at /Users/saradafumiaki/.pub-cache/hosted/pub.dev/path_provider_linux-2.2.1/
[   +1 ms] Found plugin shared_preferences_foundation at /Users/saradafumiaki/.pub-cache/hosted/pub.dev/shared_preferences_foundation-2.5.6/
[        ] Found plugin shared_preferences_android at /Users/saradafumiaki/.pub-cache/hosted/pub.dev/shared_preferences_android-2.4.23/
[   +1 ms] Found plugin share_plus at /Users/saradafumiaki/.pub-cache/hosted/pub.dev/share_plus-12.0.2/
[   +1 ms] Found plugin path_provider at /Users/saradafumiaki/.pub-cache/hosted/pub.dev/path_provider-2.1.5/
[   +1 ms] Found plugin path_provider_foundation at /Users/saradafumiaki/.pub-cache/hosted/pub.dev/path_provider_foundation-2.6.0/
[   +4 ms] Found plugin path_provider_android at /Users/saradafumiaki/.pub-cache/hosted/pub.dev/path_provider_android-2.3.1/
[        ] Found plugin jni_flutter at /Users/saradafumiaki/.pub-cache/hosted/pub.dev/jni_flutter-1.0.1/
[        ] Found plugin jni at /Users/saradafumiaki/.pub-cache/hosted/pub.dev/jni-1.0.0/
[   +2 ms] Found plugin printing at /Users/saradafumiaki/.pub-cache/hosted/pub.dev/printing-5.14.3/
[   +6 ms] Found plugin isar_community_flutter_libs at /Users/saradafumiaki/.pub-cache/hosted/pub.dev/isar_community_flutter_libs-3.3.2/
[        ] Found plugin google_sign_in at /Users/saradafumiaki/.pub-cache/hosted/pub.dev/google_sign_in-6.3.0/
[        ] Found plugin google_sign_in_web at /Users/saradafumiaki/.pub-cache/hosted/pub.dev/google_sign_in_web-0.12.4+4/
[   +2 ms] Found plugin google_sign_in_ios at /Users/saradafumiaki/.pub-cache/hosted/pub.dev/google_sign_in_ios-5.9.0/
[        ] Found plugin google_sign_in_android at /Users/saradafumiaki/.pub-cache/hosted/pub.dev/google_sign_in_android-6.2.1/
[   +1 ms] Found plugin flutter_tts at /Users/saradafumiaki/.pub-cache/hosted/pub.dev/flutter_tts-4.2.5/
[   +2 ms] Found plugin flutter_image_compress at /Users/saradafumiaki/.pub-cache/hosted/pub.dev/flutter_image_compress-2.4.0/
[        ] Found plugin flutter_image_compress_web at /Users/saradafumiaki/.pub-cache/hosted/pub.dev/flutter_image_compress_web-0.1.5/
[        ] Found plugin flutter_image_compress_ohos at /Users/saradafumiaki/.pub-cache/hosted/pub.dev/flutter_image_compress_ohos-0.0.3/
[        ] Found plugin flutter_image_compress_macos at /Users/saradafumiaki/.pub-cache/hosted/pub.dev/flutter_image_compress_macos-1.0.3/
[        ] Found plugin flutter_image_compress_common at /Users/saradafumiaki/.pub-cache/hosted/pub.dev/flutter_image_compress_common-1.0.6/
[        ] Found plugin firebase_storage at /Users/saradafumiaki/.pub-cache/hosted/pub.dev/firebase_storage-13.3.0/
[        ] Found plugin firebase_storage_web at /Users/saradafumiaki/.pub-cache/hosted/pub.dev/firebase_storage_web-3.11.5/
[        ] Found plugin firebase_crashlytics at /Users/saradafumiaki/.pub-cache/hosted/pub.dev/firebase_crashlytics-5.2.0/
[        ] Found plugin firebase_auth at /Users/saradafumiaki/.pub-cache/hosted/pub.dev/firebase_auth-6.4.0/
[        ] Found plugin firebase_auth_web at /Users/saradafumiaki/.pub-cache/hosted/pub.dev/firebase_auth_web-6.1.5/
[   +1 ms] Found plugin file_picker at /Users/saradafumiaki/.pub-cache/hosted/pub.dev/file_picker-8.3.7/
[        ] Found plugin flutter_plugin_android_lifecycle at /Users/saradafumiaki/.pub-cache/hosted/pub.dev/flutter_plugin_android_lifecycle-2.0.34/
[   +1 ms] Found plugin connectivity_plus at /Users/saradafumiaki/.pub-cache/hosted/pub.dev/connectivity_plus-6.1.5/
[   +1 ms] Found plugin audioplayers at /Users/saradafumiaki/.pub-cache/hosted/pub.dev/audioplayers-6.6.0/
[        ] Found plugin audioplayers_windows at /Users/saradafumiaki/.pub-cache/hosted/pub.dev/audioplayers_windows-4.3.0/
[        ] Found plugin audioplayers_web at /Users/saradafumiaki/.pub-cache/hosted/pub.dev/audioplayers_web-5.2.0/
[        ] Found plugin audioplayers_linux at /Users/saradafumiaki/.pub-cache/hosted/pub.dev/audioplayers_linux-4.2.1/
[        ] Found plugin audioplayers_darwin at /Users/saradafumiaki/.pub-cache/hosted/pub.dev/audioplayers_darwin-6.4.0/
[        ] Found plugin audioplayers_android at /Users/saradafumiaki/.pub-cache/hosted/pub.dev/audioplayers_android-5.2.1/
[   +2 ms] Skipping generating dart_plugin_registrant.dart because it is up-to-date.
[        ] <- recompile file:///var/folders/hh/1g2yms7d3890gm5lz8l0jmj80000gn/T/flutter_tools.X3xqwV/flutter_test_listener.n6UfkW/listener.dart 1a649e6a-5e6b-4d61-b6c4-395568a47afa
[        ] file:///var/folders/hh/1g2yms7d3890gm5lz8l0jmj80000gn/T/flutter_tools.X3xqwV/flutter_test_listener.n6UfkW/listener.dart
[        ] file:///Users/saradafumiaki/Documents/Apps/kendo_os/.dart_tool/flutter_build/dart_plugin_registrant.dart
[        ] <- 1a649e6a-5e6b-4d61-b6c4-395568a47afa
[ +150 ms] test 26: connected to test device, now awaiting test result
[        ] test 26: Waiting for test harness or tests to finish
00:10 +102: /Users/saradafumiaki/Documents/Apps/kendo_os/test/widget/room_join_qr_dialog_test.dart: 🔒 現場安全弁 - 道場ルームID重複チェック＆警告ダイアログ検証テスト 【新規作成ケース】クラウド上にIDが実在しない場合、正常にコレクションが初期創設され直結すること
00:10 +102: /Users/saradafumiaki/Documents/Apps/kendo_os/test/widget/viewer_mode_test.dart: Viewer Mode Tests (Read-Only & Drawing) 2. ViewerHomeScreen displays current status and correctly renders elements
🔍 [Viewer Debug] tournamentId param: "test_tournament_1"
🔍 [Viewer Debug] Total matches from provider: 7
  [0] ID: team_match_1, TID: "test_tournament_1", Match: 青龍道場 : 先鋒 vs 白虎剣友会 : 先鋒
  [1] ID: team_match_2, TID: "test_tournament_1", Match: 青龍道場 : 次鋒 vs 白虎剣友会 : 次鋒
  [2] ID: indiv_match_1, TID: "test_tournament_1", Match: 青龍道場 : 山田 vs 白虎剣友会 : 鈴木
  [3] ID: indiv_match_in_progress, TID: "test_tournament_1", Match: 朱雀会 : 高橋 vs 玄武館 : 伊藤
  [4] ID: league_team_1, TID: "test_tournament_1", Match: 青龍道場 : 先鋒 vs 朱雀会 : 先鋒
[  +60 ms] <- accept
[        ] <- reset
[        ] Compiling file:///var/folders/hh/1g2yms7d3890gm5lz8l0jmj80000gn/T/flutter_tools.X3xqwV/flutter_test_listener.n6UfkW/listener.dart took 363ms
[        ] test 27: starting test device
[        ] test 27: awaiting connection to test device
[        ] test 27: VM Service uri is not available
[        ] test 27: test harness socket server is running at port:54001
[        ] test 27: Starting flutter_tester process with command=[/Users/saradafumiaki/development/flutter/bin/cache/artifacts/engine/darwin-x64/flutter_tester, --disable-vm-service, --enable-checked-mode, --verify-entry-points, --enable-software-rendering, --skia-deterministic-rendering, --enable-dart-profiling, --non-interactive, --use-test-fonts, --disable-asset-fonts, --packages=/Users/saradafumiaki/Documents/Apps/kendo_os/.dart_tool/package_config.json, --flutter-assets-dir=/Users/saradafumiaki/Documents/Apps/kendo_os/build/unit_test_assets, /var/folders/hh/1g2yms7d3890gm5lz8l0jmj80000gn/T/flutter_tools.X3xqwV/flutter_test_listener.n6UfkW/listener.dart.dill], environment={FLUTTER_TEST: true, FONTCONFIG_FILE: /var/folders/hh/1g2yms7d3890gm5lz8l0jmj80000gn/T/flutter_tools.X3xqwV/flutter_test_fonts.hib7TY/fonts.conf, SERVER_PORT: 54001, APP_NAME: kendo_os, UNIT_TEST_ASSETS: /Users/saradafumiaki/Documents/Apps/kendo_os/build/unit_test_assets}
[   +6 ms] test 27: Started flutter_tester process at pid 33503
🔍 [Viewer Debug] tournamentId param: "test_tournament_1"
🔍 [Viewer Debug] Total matches from provider: 7
  [0] ID: team_match_1, TID: "test_tournament_1", Match: 青龍道場 : 先鋒 vs 白虎剣友会 : 先鋒
  [1] ID: team_match_2, TID: "test_tournament_1", Match: 青龍道場 : 次鋒 vs 白虎剣友会 : 次鋒
  [2] ID: indiv_match_1, TID: "test_tournament_1", Match: 青龍道場 : 山田 vs 白虎剣友会 : 鈴木
  [3] ID: indiv_match_in_progress, TID: "test_tournament_1", Match: 朱雀会 : 高橋 vs 玄武館 : 伊藤
  [4] ID: league_team_1, TID: "test_tournament_1", Match: 青龍道場 : 先鋒 vs 朱雀会 : 先鋒
00:11 +103: /Users/saradafumiaki/Documents/Apps/kendo_os/test/widget/viewer_mode_test.dart: Viewer Mode Tests (Read-Only & Drawing) 2. ViewerHomeScreen displays current status and correctly renders elements
🔍 [Viewer Debug] tournamentId param: "test_tournament_1"
🔍 [Viewer Debug] Total matches from provider: 7
  [0] ID: team_match_1, TID: "test_tournament_1", Match: 青龍道場 : 先鋒 vs 白虎剣友会 : 先鋒
  [1] ID: team_match_2, TID: "test_tournament_1", Match: 青龍道場 : 次鋒 vs 白虎剣友会 : 次鋒
  [2] ID: indiv_match_1, TID: "test_tournament_1", Match: 青龍道場 : 山田 vs 白虎剣友会 : 鈴木
  [3] ID: indiv_match_in_progress, TID: "test_tournament_1", Match: 朱雀会 : 高橋 vs 玄武館 : 伊藤
  [4] ID: league_team_1, TID: "test_tournament_1", Match: 青龍道場 : 先鋒 vs 朱雀会 : 先鋒
00:11 +104: /Users/saradafumiaki/Documents/Apps/kendo_os/test/widget/match_timeline_list_test.dart: MatchTimelineList Sorting Tests 1. 個人戦の並び替え (_onReorderInnerTimeline)
[ +988 ms] test 27: connected to test device, now awaiting test result
[        ] test 27: Waiting for test harness or tests to finish
00:12 +104: /Users/saradafumiaki/Documents/Apps/kendo_os/test/widget/room_join_qr_dialog_test.dart: 🔒 現場安全弁 - 道場ルームID重複チェック＆警告ダイアログ検証テスト 【重複ガードケース】既に他者が使用中のIDを入力した場合、警告ダイアログが露出し無断上書きをブロックすること
══╡ EXCEPTION CAUGHT BY FLUTTER TEST FRAMEWORK ╞════════════════════════════════════════════════════
The following TestFailure was thrown running a test:
Expected: exactly one matching candidate
  Actual: _TextWidgetFinder:<Found 0 widgets with text "⚠️ ID重複・既存部屋の検知": []>
   Which: means none were found but one was expected

When the exception was thrown, this was the stack:
#4      main.<anonymous closure>.<anonymous closure> (file:///Users/saradafumiaki/Documents/Apps/kendo_os/test/widget/room_join_qr_dialog_test.dart:109:7)
<asynchronous suspension>
#5      testWidgets.<anonymous closure>.<anonymous closure> (package:flutter_test/src/widget_tester.dart:192:15)
<asynchronous suspension>
#6      TestWidgetsFlutterBinding._runTestBody (package:flutter_test/src/binding.dart:1682:5)
<asynchronous suspension>
<asynchronous suspension>
(elided one frame from package:stack_trace)

This was caught by the test expectation on the following line:
  file:///Users/saradafumiaki/Documents/Apps/kendo_os/test/widget/room_join_qr_dialog_test.dart line 109
The test description was:
  【重複ガードケース】既に他者が使用中のIDを入力した場合、警告ダイアログが露出し無断上書きをブロックすること
════════════════════════════════════════════════════════════════════════════════════════════════════
00:12 +104 -1: /Users/saradafumiaki/Documents/Apps/kendo_os/test/widget/match_timeline_list_test.dart: MatchTimelineList Sorting Tests 1. 個人戦の並び替え (_onReorderInnerTimeline)
00:12 +104 -1: /Users/saradafumiaki/Documents/Apps/kendo_os/test/widget/room_join_qr_dialog_test.dart: 🔒 現場安全弁 - 道場ルームID重複チェック＆警告ダイアログ検証テスト 【重複ガードケース】既に他者が使用中のIDを入力した場合、警告ダイアログが露出し無断上書きをブロックすること [E]
  Test failed. See exception logs above.
  The test description was: 【重複ガードケース】既に他者が使用中のIDを入力した場合、警告ダイアログが露出し無断上書きをブロックすること
  
[ +565 ms] test 23: Test harness is no longer needed by test process
[        ] test 23: finished
[        ] test 23: cleaning up...
[        ] test 23: ensuring test device is terminated.
[        ] test 23: Terminating flutter_tester process
[        ] test 23: Shutting down DevTools server
[        ] test 23: Test process is no longer needed by test harness
[        ] test 23: Shutting down test harness socket server
[  +10 ms] test 23: flutter_tester process at pid 33485 exited with code=-9
[        ] test 23: deleting temporary directory
[   +4 ms] test 23: finished
[        ] test 28: starting test /Users/saradafumiaki/Documents/Apps/kendo_os/test/widget/bunaiksen_mode_test.dart
[   +2 ms] Stopping scan for flutter_test_config.dart; found project root at /Users/saradafumiaki/Documents/Apps/kendo_os
[        ] Compiling file:///var/folders/hh/1g2yms7d3890gm5lz8l0jmj80000gn/T/flutter_tools.X3xqwV/flutter_test_listener.vgS0cf/listener.dart
[  +53 ms] Found plugin integration_test at /Users/saradafumiaki/development/flutter/packages/integration_test/
[  +18 ms] Found plugin firebase_core at /Users/saradafumiaki/.pub-cache/hosted/pub.dev/firebase_core-4.7.0/
[        ] Found plugin firebase_core_web at /Users/saradafumiaki/.pub-cache/hosted/pub.dev/firebase_core_web-3.6.0/
[   +2 ms] Found plugin cloud_firestore at /Users/saradafumiaki/.pub-cache/hosted/pub.dev/cloud_firestore-6.3.0/
[        ] Found plugin cloud_firestore_web at /Users/saradafumiaki/.pub-cache/hosted/pub.dev/cloud_firestore_web-5.3.0/
[   +4 ms] Found plugin wakelock_plus at /Users/saradafumiaki/.pub-cache/hosted/pub.dev/wakelock_plus-1.5.2/
[   +2 ms] Found plugin package_info_plus at /Users/saradafumiaki/.pub-cache/hosted/pub.dev/package_info_plus-9.0.1/
[   +4 ms] Found plugin url_launcher at /Users/saradafumiaki/.pub-cache/hosted/pub.dev/url_launcher-6.3.2/
[   +1 ms] Found plugin url_launcher_windows at /Users/saradafumiaki/.pub-cache/hosted/pub.dev/url_launcher_windows-3.1.5/
[   +1 ms] Found plugin url_launcher_web at /Users/saradafumiaki/.pub-cache/hosted/pub.dev/url_launcher_web-2.4.2/
[        ] Found plugin url_launcher_macos at /Users/saradafumiaki/.pub-cache/hosted/pub.dev/url_launcher_macos-3.2.5/
[        ] Found plugin url_launcher_linux at /Users/saradafumiaki/.pub-cache/hosted/pub.dev/url_launcher_linux-3.2.2/
[        ] Found plugin url_launcher_ios at /Users/saradafumiaki/.pub-cache/hosted/pub.dev/url_launcher_ios-6.4.1/
[        ] Found plugin url_launcher_android at /Users/saradafumiaki/.pub-cache/hosted/pub.dev/url_launcher_android-6.3.29/
[   +1 ms] Found plugin syncfusion_flutter_pdfviewer at /Users/saradafumiaki/.pub-cache/hosted/pub.dev/syncfusion_flutter_pdfviewer-28.2.12/
[        ] Found plugin syncfusion_pdfviewer_windows at /Users/saradafumiaki/.pub-cache/hosted/pub.dev/syncfusion_pdfviewer_windows-28.2.12/
[        ] Found plugin syncfusion_pdfviewer_web at /Users/saradafumiaki/.pub-cache/hosted/pub.dev/syncfusion_pdfviewer_web-28.2.12/
[   +1 ms] Found plugin syncfusion_pdfviewer_macos at /Users/saradafumiaki/.pub-cache/hosted/pub.dev/syncfusion_pdfviewer_macos-28.2.12/
[   +3 ms] Found plugin device_info_plus at /Users/saradafumiaki/.pub-cache/hosted/pub.dev/device_info_plus-11.5.0/
[   +2 ms] Found plugin shared_preferences at /Users/saradafumiaki/.pub-cache/hosted/pub.dev/shared_preferences-2.5.5/
[        ] Found plugin shared_preferences_windows at /Users/saradafumiaki/.pub-cache/hosted/pub.dev/shared_preferences_windows-2.4.1/
[   +1 ms] Found plugin path_provider_windows at /Users/saradafumiaki/.pub-cache/hosted/pub.dev/path_provider_windows-2.3.0/
[   +1 ms] Found plugin shared_preferences_web at /Users/saradafumiaki/.pub-cache/hosted/pub.dev/shared_preferences_web-2.4.3/
[        ] Found plugin shared_preferences_linux at /Users/saradafumiaki/.pub-cache/hosted/pub.dev/shared_preferences_linux-2.4.1/
[        ] Found plugin path_provider_linux at /Users/saradafumiaki/.pub-cache/hosted/pub.dev/path_provider_linux-2.2.1/
[   +1 ms] Found plugin shared_preferences_foundation at /Users/saradafumiaki/.pub-cache/hosted/pub.dev/shared_preferences_foundation-2.5.6/
[        ] Found plugin shared_preferences_android at /Users/saradafumiaki/.pub-cache/hosted/pub.dev/shared_preferences_android-2.4.23/
[        ] Found plugin share_plus at /Users/saradafumiaki/.pub-cache/hosted/pub.dev/share_plus-12.0.2/
[   +1 ms] Found plugin path_provider at /Users/saradafumiaki/.pub-cache/hosted/pub.dev/path_provider-2.1.5/
[   +1 ms] Found plugin path_provider_foundation at /Users/saradafumiaki/.pub-cache/hosted/pub.dev/path_provider_foundation-2.6.0/
[   +4 ms] Found plugin path_provider_android at /Users/saradafumiaki/.pub-cache/hosted/pub.dev/path_provider_android-2.3.1/
[   +1 ms] Found plugin jni_flutter at /Users/saradafumiaki/.pub-cache/hosted/pub.dev/jni_flutter-1.0.1/
[   +1 ms] Found plugin jni at /Users/saradafumiaki/.pub-cache/hosted/pub.dev/jni-1.0.0/
[   +3 ms] Found plugin printing at /Users/saradafumiaki/.pub-cache/hosted/pub.dev/printing-5.14.3/
[   +6 ms] Found plugin isar_community_flutter_libs at /Users/saradafumiaki/.pub-cache/hosted/pub.dev/isar_community_flutter_libs-3.3.2/
[   +1 ms] Found plugin google_sign_in at /Users/saradafumiaki/.pub-cache/hosted/pub.dev/google_sign_in-6.3.0/
[        ] Found plugin google_sign_in_web at /Users/saradafumiaki/.pub-cache/hosted/pub.dev/google_sign_in_web-0.12.4+4/
[   +1 ms] Found plugin google_sign_in_ios at /Users/saradafumiaki/.pub-cache/hosted/pub.dev/google_sign_in_ios-5.9.0/
[        ] Found plugin google_sign_in_android at /Users/saradafumiaki/.pub-cache/hosted/pub.dev/google_sign_in_android-6.2.1/
[   +2 ms] Found plugin flutter_tts at /Users/saradafumiaki/.pub-cache/hosted/pub.dev/flutter_tts-4.2.5/
[   +4 ms] Found plugin flutter_image_compress at /Users/saradafumiaki/.pub-cache/hosted/pub.dev/flutter_image_compress-2.4.0/
[        ] Found plugin flutter_image_compress_web at /Users/saradafumiaki/.pub-cache/hosted/pub.dev/flutter_image_compress_web-0.1.5/
[   +1 ms] Found plugin flutter_image_compress_ohos at /Users/saradafumiaki/.pub-cache/hosted/pub.dev/flutter_image_compress_ohos-0.0.3/
[   +1 ms] Found plugin flutter_image_compress_macos at /Users/saradafumiaki/.pub-cache/hosted/pub.dev/flutter_image_compress_macos-1.0.3/
[   +3 ms] Found plugin flutter_image_compress_common at /Users/saradafumiaki/.pub-cache/hosted/pub.dev/flutter_image_compress_common-1.0.6/
[   +1 ms] Found plugin firebase_storage at /Users/saradafumiaki/.pub-cache/hosted/pub.dev/firebase_storage-13.3.0/
[        ] Found plugin firebase_storage_web at /Users/saradafumiaki/.pub-cache/hosted/pub.dev/firebase_storage_web-3.11.5/
[   +1 ms] Found plugin firebase_crashlytics at /Users/saradafumiaki/.pub-cache/hosted/pub.dev/firebase_crashlytics-5.2.0/
[   +1 ms] Found plugin firebase_auth at /Users/saradafumiaki/.pub-cache/hosted/pub.dev/firebase_auth-6.4.0/
[        ] Found plugin firebase_auth_web at /Users/saradafumiaki/.pub-cache/hosted/pub.dev/firebase_auth_web-6.1.5/
[   +1 ms] Found plugin file_picker at /Users/saradafumiaki/.pub-cache/hosted/pub.dev/file_picker-8.3.7/
[        ] Found plugin flutter_plugin_android_lifecycle at /Users/saradafumiaki/.pub-cache/hosted/pub.dev/flutter_plugin_android_lifecycle-2.0.34/
[   +1 ms] Found plugin connectivity_plus at /Users/saradafumiaki/.pub-cache/hosted/pub.dev/connectivity_plus-6.1.5/
[   +1 ms] Found plugin audioplayers at /Users/saradafumiaki/.pub-cache/hosted/pub.dev/audioplayers-6.6.0/
[   +1 ms] Found plugin audioplayers_windows at /Users/saradafumiaki/.pub-cache/hosted/pub.dev/audioplayers_windows-4.3.0/
[   +2 ms] Found plugin audioplayers_web at /Users/saradafumiaki/.pub-cache/hosted/pub.dev/audioplayers_web-5.2.0/
[        ] Found plugin audioplayers_linux at /Users/saradafumiaki/.pub-cache/hosted/pub.dev/audioplayers_linux-4.2.1/
[        ] Found plugin audioplayers_darwin at /Users/saradafumiaki/.pub-cache/hosted/pub.dev/audioplayers_darwin-6.4.0/
[        ] Found plugin audioplayers_android at /Users/saradafumiaki/.pub-cache/hosted/pub.dev/audioplayers_android-5.2.1/
[   +2 ms] Skipping generating dart_plugin_registrant.dart because it is up-to-date.
[        ] <- recompile file:///var/folders/hh/1g2yms7d3890gm5lz8l0jmj80000gn/T/flutter_tools.X3xqwV/flutter_test_listener.vgS0cf/listener.dart 0543dba2-0c88-4169-bda5-2eb34563c327
[        ] file:///var/folders/hh/1g2yms7d3890gm5lz8l0jmj80000gn/T/flutter_tools.X3xqwV/flutter_test_listener.vgS0cf/listener.dart
[        ] file:///Users/saradafumiaki/Documents/Apps/kendo_os/.dart_tool/flutter_build/dart_plugin_registrant.dart
[        ] <- 0543dba2-0c88-4169-bda5-2eb34563c327
[ +298 ms] <- accept
[        ] <- reset
[        ] Compiling file:///var/folders/hh/1g2yms7d3890gm5lz8l0jmj80000gn/T/flutter_tools.X3xqwV/flutter_test_listener.vgS0cf/listener.dart took 470ms
[        ] test 28: starting test device
[        ] test 28: awaiting connection to test device
[        ] test 28: VM Service uri is not available
[        ] test 28: test harness socket server is running at port:54009
[        ] test 28: Starting flutter_tester process with command=[/Users/saradafumiaki/development/flutter/bin/cache/artifacts/engine/darwin-x64/flutter_tester, --disable-vm-service, --enable-checked-mode, --verify-entry-points, --enable-software-rendering, --skia-deterministic-rendering, --enable-dart-profiling, --non-interactive, --use-test-fonts, --disable-asset-fonts, --packages=/Users/saradafumiaki/Documents/Apps/kendo_os/.dart_tool/package_config.json, --flutter-assets-dir=/Users/saradafumiaki/Documents/Apps/kendo_os/build/unit_test_assets, /var/folders/hh/1g2yms7d3890gm5lz8l0jmj80000gn/T/flutter_tools.X3xqwV/flutter_test_listener.vgS0cf/listener.dart.dill], environment={FLUTTER_TEST: true, FONTCONFIG_FILE: /var/folders/hh/1g2yms7d3890gm5lz8l0jmj80000gn/T/flutter_tools.X3xqwV/flutter_test_fonts.hib7TY/fonts.conf, SERVER_PORT: 54009, APP_NAME: kendo_os, UNIT_TEST_ASSETS: /Users/saradafumiaki/Documents/Apps/kendo_os/build/unit_test_assets}
[   +9 ms] test 28: Started flutter_tester process at pid 33511
00:13 +104 -1: /Users/saradafumiaki/Documents/Apps/kendo_os/test/widget/viewer_mode_test.dart: Viewer Mode Tests (Read-Only & Drawing) 3. ViewerOfficialRecordScreen renders header and export buttons
AutomatedTestWidgetsFlutterBinding - DEBUG MODE
[root]
└View(state: _ViewState#e0442)
 └RawView
  └_RawViewInternal-[_DeprecatedRawViewKey TestFlutterView#6188d](renderObject: _ReusableRenderView#9c613)
   └_ViewScope
    └_PipelineOwnerScope
     └_MediaQueryFromView(state: _MediaQueryFromViewState#fa791)
      └MediaQuery(MediaQueryData(size: Size(1080.0, 4000.0), devicePixelRatio: 1.0, textScaler: SystemTextScaler (no scaling), platformBrightness: Brightness.light, padding: EdgeInsets.zero, viewPadding: EdgeInsets.zero, viewInsets: EdgeInsets.zero, systemGestureInsets: EdgeInsets.zero, alwaysUse24HourFormat: false, accessibleNavigation: false, highContrast: false, onOffSwitchLabels: false, disableAnimations: false, invertColors: false, boldText: false, navigationMode: traditional, gestureSettings: DeviceGestureSettings(touchSlop: null), displayFeatures: [], supportsShowingSystemContextMenu: false, lineHeightScaleFactorOverride: null, letterSpacingOverride: null, wordSpacingOverride: null, paragraphSpacingOverride: null))
       └FocusTraversalGroup(policy: ReadingOrderTraversalPolicy#cdfa3, state: _FocusTraversalGroupState#e255a)
        └Focus(debugLabel: "FocusTraversalGroup", focusNode: _FocusTraversalGroupNode#7fd00(FocusTraversalGroup [IN FOCUS PATH]), state: _FocusState#d9bcc)
         └_FocusInheritedScope
          └_FocusScopeWithExternalFocusNode(debugLabel: "View Scope", focusNode: FocusScopeNode#ecb81(View Scope [IN FOCUS PATH]), dependencies: [_FocusInheritedScope], state: _FocusScopeState#5ddc5)
           └_FocusInheritedScope
            └ProviderScope(state: ProviderScopeState#b5c78)
             └UncontrolledProviderScope
              └MaterialApp(state: _MaterialAppState#e4915)
               └ScrollConfiguration(behavior: MaterialScrollBehavior)
                └HeroControllerScope
                 └WidgetsApp-[GlobalObjectKey _MaterialAppState#e4915](state: _WidgetsAppState#a0b17)
                  └RootRestorationScope(state: _RootRestorationScopeState#40310)
                   └UnmanagedRestorationScope
                    └RestorationScope(dependencies: [UnmanagedRestorationScope], state: _RestorationScopeState#abef8)
                     └UnmanagedRestorationScope
                      └SharedAppData(state: _SharedAppDataState#d8317)
                       └_SharedAppModel
                        └NotificationListener<NavigationNotification>
                         └Shortcuts(shortcuts: <Default WidgetsApp Shortcuts>, state: _ShortcutsState#3f6ea)
                          └Focus(debugLabel: "Shortcuts", dependencies: [_FocusInheritedScope], state: _FocusState#74af6)
                           └_FocusInheritedScope
                            └Semantics(container: false, properties: SemanticsProperties, renderObject: RenderSemanticsAnnotations#6bb0a)
                             └DefaultTextEditingShortcuts
                              └Shortcuts(shortcuts: <Default Text Editing Shortcuts>, state: _ShortcutsState#08e0b)
                               └Focus(debugLabel: "Shortcuts", dependencies: [_FocusInheritedScope], state: _FocusState#6eb13)
                                └_FocusInheritedScope
                                 └Semantics(container: false, properties: SemanticsProperties, renderObject: RenderSemanticsAnnotations#aab0e)
                                  └Actions(dispatcher: null, actions: {DoNothingIntent: DoNothingAction#6e886, DoNothingAndStopPropagationIntent: DoNothingAction#da00e, RequestFocusIntent: RequestFocusAction#e6b46, NextFocusIntent: NextFocusAction#7c5ef, PreviousFocusIntent: PreviousFocusAction#ee6c4, DirectionalFocusIntent: DirectionalFocusAction#bfb81, ScrollIntent: _OverridableContextAction<ScrollIntent>#f4fbd(defaultAction: ScrollAction#da694), PrioritizedIntents: PrioritizedAction#93f82, VoidCallbackIntent: VoidCallbackAction#7c6c5}, state: _ActionsState#cc3d1)
                                   └_ActionsScope
                                    └FocusTraversalGroup(policy: ReadingOrderTraversalPolicy#2c3f9, state: _FocusTraversalGroupState#1f3e1)
                                     └Focus(debugLabel: "FocusTraversalGroup", focusNode: _FocusTraversalGroupNode#2b179(FocusTraversalGroup [IN FOCUS PATH]), dependencies: [_FocusInheritedScope], state: _FocusState#cc265)
                                      └_FocusInheritedScope
                                       └TapRegionSurface(renderObject: RenderTapRegionSurface#c7f55)
                                        └ShortcutRegistrar(state: _ShortcutRegistrarState#25e45)
                                         └_ShortcutRegistrarScope
                                          └Shortcuts(manager: ShortcutManager#3f2ba(shortcuts: {}), shortcuts: {}, state: _ShortcutsState#9aa49)
                                           └Focus(debugLabel: "Shortcuts", dependencies: [_FocusInheritedScope], state: _FocusState#69846)
                                            └_FocusInheritedScope
                                             └Semantics(container: false, properties: SemanticsProperties, renderObject: RenderSemanticsAnnotations#ef6b5)
                                              └ListenableBuilder(listenable: LocalizationsResolver, state: _AnimatedState#318b7)
                                               └Localizations(locale: en_US, delegates: [DefaultMaterialLocalizations.delegate(en_US), DefaultCupertinoLocalizations.delegate(en_US), DefaultWidgetsLocalizations.delegate(en_US)], state: _LocalizationsState#0047c)
                                                └Semantics(container: false, properties: SemanticsProperties, textDirection: ltr, renderObject: RenderSemanticsAnnotations#a6365)
                                                 └_LocalizationsScope-[GlobalKey#62535]
                                                  └Directionality(textDirection: ltr)
                                                   └Title(state: _TitleState#e8c04(color: Color(alpha: 1.0000, red: 0.1294, green: 0.5882, blue: 0.9529, colorSpace: ColorSpace.sRGB)))
                                                    └Focus(dependencies: [_FocusInheritedScope], state: _FocusState#4d7f1)
                                                     └_FocusInheritedScope
                                                      └Semantics(container: false, properties: SemanticsProperties, renderObject: RenderSemanticsAnnotations#68435)
                                                       └CheckedModeBanner("DEBUG")
                                                        └Banner(dependencies: [Directionality], state: _BannerState#cff2f("DEBUG", textDirection: ltr, location: topEnd, Color(alpha: 0.6275, red: 0.7176, green: 0.1098, blue: 0.1098, colorSpace: ColorSpace.sRGB), text inherit: true, text color: Color(alpha: 1.0000, red: 1.0000, green: 1.0000, blue: 1.0000, colorSpace: ColorSpace.sRGB), text size: 10.2, text weight: 900, text height: 1.0x))
                                                         └CustomPaint(renderObject: RenderCustomPaint#b895d)
                                                          └ValueListenableBuilder<bool>(state: _ValueListenableBuilderState<bool>#230e4)
                                                           └DefaultTextStyle(debugLabel: fallback style; consider putting your text in a Material, inherit: true, color: Color(alpha: 0.8157, red: 1.0000, green: 0.0000, blue: 0.0000, colorSpace: ColorSpace.sRGB), family: monospace, size: 48.0, weight: 900, decoration: double Color(alpha: 1.0000, red: 1.0000, green: 1.0000, blue: 0.0000, colorSpace: ColorSpace.sRGB) TextDecoration.underline, softWrap: wrapping at box width, overflow: clip)
                                                            └Builder(dependencies: [MediaQuery])
                                                             └AnimatedTheme(duration: 200ms, state: _AnimatedThemeState#6a271(ticker inactive, ThemeDataTween(ThemeData#e0d86 → ThemeData#e0d86)))
                                                              └Theme(ThemeData#e0d86, dependencies: [MediaQuery])
                                                               └_InheritedTheme
                                                                └CupertinoTheme(brightness: light, primaryColor: Color(alpha: 1.0000, red: 0.4039, green: 0.3137, blue: 0.6431, colorSpace: ColorSpace.sRGB), scaffoldBackgroundColor: Color(alpha: 1.0000, red: 0.9961, green: 0.9686, blue: 1.0000, colorSpace: ColorSpace.sRGB), actionTextStyle: TextStyle(inherit: false, color: Color(alpha: 1.0000, red: 0.4039, green: 0.3137, blue: 0.6431, colorSpace: ColorSpace.sRGB), family: CupertinoSystemText, size: 17.0, letterSpacing: -0.4, decoration: TextDecoration.none), actionSmallTextStyle: TextStyle(inherit: false, color: Color(alpha: 1.0000, red: 0.4039, green: 0.3137, blue: 0.6431, colorSpace: ColorSpace.sRGB), family: CupertinoSystemText, size: 15.0, letterSpacing: -0.2, decoration: TextDecoration.none), navActionTextStyle: TextStyle(inherit: false, color: Color(alpha: 1.0000, red: 0.4039, green: 0.3137, blue: 0.6431, colorSpace: ColorSpace.sRGB), family: CupertinoSystemText, size: 17.0, letterSpacing: -0.4, decoration: TextDecoration.none))
                                                                 └InheritedCupertinoTheme
                                                                  └IconTheme(color: Color(alpha: 1.0000, red: 0.4039, green: 0.3137, blue: 0.6431, colorSpace: ColorSpace.sRGB))
                                                                   └IconTheme(color: Color(alpha: 0.8667, red: 0.0000, green: 0.0000, blue: 0.0000, colorSpace: ColorSpace.sRGB))
                                                                    └DefaultSelectionStyle
                                                                     └ScaffoldMessenger(dependencies: [MediaQuery], state: ScaffoldMessengerState#e5953)
                                                                      └_ScaffoldMessengerScope
                                                                       └DefaultSelectionStyle
                                                                        └Router<Object>(dependencies: [UnmanagedRestorationScope], state: _RouterState<Object>#6c933)
                                                                         └UnmanagedRestorationScope
                                                                          └_RouterScope
                                                                           └Builder
                                                                            └InheritedGoRouter(goRouter: Instance of 'GoRouter')
                                                                             └_CustomNavigator-[GlobalObjectKey int#3ed93](state: _CustomNavigatorState#3023f)
                                                                              └GoRouterStateRegistryScope
                                                                               └HeroControllerScope
                                                                                └Navigator-[LabeledGlobalKey<NavigatorState>#6c98f root](dependencies: [HeroControllerScope, InheritedCupertinoTheme, UnmanagedRestorationScope, _InheritedTheme, _LocalizationsScope-[GlobalKey#62535]], state: NavigatorState#299dc(tickers: tracking 1 ticker))
                                                                                 └HeroControllerScope
                                                                                  └NotificationListener<NavigationNotification>
                                                                                   └Listener(listeners: [down, up, cancel], behavior: deferToChild, renderObject: RenderPointerListener#54372)
                                                                                    └AbsorbPointer(absorbing: false, renderObject: RenderAbsorbPointer#ea330)
                                                                                     └FocusTraversalGroup(policy: ReadingOrderTraversalPolicy#2c3f9, state: _FocusTraversalGroupState#7d5b7)
                                                                                      └Focus(debugLabel: "FocusTraversalGroup", focusNode: _FocusTraversalGroupNode#7842d(FocusTraversalGroup [IN FOCUS PATH]), dependencies: [_FocusInheritedScope], state: _FocusState#d51b8)
                                                                                       └_FocusInheritedScope
                                                                                        └Focus(debugLabel: "Navigator", AUTOFOCUS, focusNode: FocusNode#d614d(Navigator [IN FOCUS PATH]), dependencies: [_FocusInheritedScope], state: _FocusState#2599f)
                                                                                         └_FocusInheritedScope
                                                                                          └UnmanagedRestorationScope
                                                                                           └Overlay-[LabeledGlobalKey<OverlayState>#20b5a](state: OverlayState#3a389(entries: [OverlayEntry#ce724(opaque: true; maintainState: false), OverlayEntry#7d5ef(opaque: false; maintainState: true)]))
                                                                                            └_Theater(skipCount: 0, dependencies: [Directionality], renderObject: _RenderTheater#d2081)
                                                                                             ├_OverlayEntryWidget-[LabeledGlobalKey<_OverlayEntryWidgetState>#4185c](state: _OverlayEntryWidgetState#e837d)
                                                                                             │└TickerMode(state: _TickerModeState#84a40(requested mode: enabled))
                                                                                             │ └_EffectiveTickerMode(effective mode: enabled)
                                                                                             │  └_RenderTheaterMarker
                                                                                             │   └Builder
                                                                                             │    └IgnorePointer(ignoring: false, renderObject: RenderIgnorePointer#d0038)
                                                                                             │     └ModalBarrier
                                                                                             │      └BlockSemantics(blocking: true, renderObject: RenderBlockSemantics#cf1bc)
                                                                                             │       └ExcludeSemantics(excluding: true, renderObject: RenderExcludeSemantics#29b55)
                                                                                             │        └_ModalBarrierGestureDetector
                                                                                             │         └RawGestureDetector(state: RawGestureDetectorState#b2775(gestures: [any tap], behavior: opaque))
                                                                                             │          └_GestureSemantics(renderObject: RenderSemanticsGestureHandler#116da)
                                                                                             │           └Listener(listeners: [down, panZoomStart], behavior: opaque, renderObject: RenderPointerListener#05d10)
                                                                                             │            └Semantics(container: false, properties: SemanticsProperties, renderObject: RenderSemanticsAnnotations#3dfb1)
                                                                                             │             └MouseRegion(listeners: <none>, cursor: SystemMouseCursor(basic), renderObject: RenderMouseRegion#3c8ae)
                                                                                             │              └ConstrainedBox(BoxConstraints(biggest), renderObject: RenderConstrainedBox#9055a)
                                                                                             └_OverlayEntryWidget-[LabeledGlobalKey<_OverlayEntryWidgetState>#29b3a](state: _OverlayEntryWidgetState#35a14)
                                                                                              └TickerMode(state: _TickerModeState#f0d8a(requested mode: enabled))
                                                                                               └_EffectiveTickerMode(effective mode: enabled)
                                                                                                └_RenderTheaterMarker
                                                                                                 └Builder
                                                                                                  └Semantics(container: false, properties: SemanticsProperties, sortKey: OrdinalSortKey#4f382(order: 0.0), renderObject: RenderSemanticsAnnotations#9e615)
                                                                                                   └_ModalScope<void>-[LabeledGlobalKey<_ModalScopeState<void>>#eb21b](state: _ModalScopeState<void>#df638)
                                                                                                    └AnimatedBuilder(listenable: ValueNotifier<String?>#7cdf4(null), state: _AnimatedState#0c6e2)
                                                                                                     └RestorationScope(dependencies: [UnmanagedRestorationScope], state: _RestorationScopeState#d86fe)
                                                                                                      └UnmanagedRestorationScope
                                                                                                       └_ModalScopeStatus(active)
                                                                                                        └Offstage(offstage: false, renderObject: RenderOffstage#7142d)
                                                                                                         └PageStorage
                                                                                                          └Builder
                                                                                                           └Actions(dispatcher: null, actions: {DismissIntent: _DismissModalAction#dd521}, state: _ActionsState#d790f)
                                                                                                            └_ActionsScope
                                                                                                             └PrimaryScrollController(ScrollController#9a30d(one client, offset 0.0))
                                                                                                              └_FocusScopeWithExternalFocusNode(debugLabel: "_ModalScopeState<dynamic> Focus Scope", focusNode: FocusScopeNode#c9054(_ModalScopeState<dynamic> Focus Scope [PRIMARY FOCUS]), dependencies: [_FocusInheritedScope], state: _FocusScopeState#050a3)
                                                                                                               └Semantics(container: false, properties: SemanticsProperties, renderObject: RenderSemanticsAnnotations#ffe4d)
                                                                                                                └_FocusInheritedScope
                                                                                                                 └RepaintBoundary(renderObject: RenderRepaintBoundary#031a2)
                                                                                                                  └ListenableBuilder(listenable: Listenable.merge([AnimationController#4bc33(⏭ 1.000; paused; for _PageBasedMaterialPageRoute<void>(/))➩ProxyAnimation, kAlwaysDismissedAnimation➩ProxyAnimation➩ProxyAnimation]), dependencies: [InheritedCupertinoTheme, _InheritedTheme, _LocalizationsScope-[GlobalKey#62535]], state: _AnimatedState#ec874)
                                                                                                                   └_PageTransitionsThemeTransitions<void>(dependencies: [InheritedCupertinoTheme, _InheritedTheme, _LocalizationsScope-[GlobalKey#62535]], state: _PageTransitionsThemeTransitionsState<void>#bcdcc)
                                                                                                                    └_PredictiveBackGestureDetector(state: _PredictiveBackGestureDetectorState#14f38)
                                                                                                                     └_FadeForwardsPageTransition(dependencies: [_ModalScopeStatus])
                                                                                                                      └DualTransitionBuilder(state: _DualTransitionBuilderState#85e69)
                                                                                                                       └FadeTransition(opacity: kAlwaysCompleteAnimation➩ProxyAnimation➩CurveTween(curve: Interval(0.0⋯0.75))➩Tween<double>(0.0 → 1.0)➩1.0, renderObject: RenderAnimatedOpacity#80541)
                                                                                                                        └SlideTransition(listenable: kAlwaysCompleteAnimation➩ProxyAnimation➩CurveTween(curve: ThreePointCubic )➩Tween<Offset>(Offset(0.3, 0.0) → Offset(0.0, 0.0))➩Offset(0.0, 0.0), state: _AnimatedState#39550)
                                                                                                                         └FractionalTranslation(renderObject: RenderFractionalTranslation#97075)
                                                                                                                          └IgnorePointer(ignoring: false, renderObject: RenderIgnorePointer#a92be)
                                                                                                                           └FadeTransition(opacity: AnimationController#4bc33(⏭ 1.000; paused; for _PageBasedMaterialPageRoute<void>(/))➩ProxyAnimation➪ReverseAnimation➩ProxyAnimation➩CurveTween(curve: Interval(0.0⋯0.25))➩Tween<double>(1.0 → 0.0)➩1.0, renderObject: RenderAnimatedOpacity#d71a3)
                                                                                                                            └SlideTransition(listenable: AnimationController#4bc33(⏭ 1.000; paused; for _PageBasedMaterialPageRoute<void>(/))➩ProxyAnimation➪ReverseAnimation➩ProxyAnimation➩CurveTween(curve: ThreePointCubic )➩Tween<Offset>(Offset(0.0, 0.0) → Offset(0.3, 0.0))➩Offset(0.0, 0.0), state: _AnimatedState#3692d)
                                                                                                                             └FractionalTranslation(renderObject: RenderFractionalTranslation#2b3be)
                                                                                                                              └ColoredBox(color: Color(alpha: 0.0000, red: 0.0000, green: 0.0000, blue: 0.0000, colorSpace: ColorSpace.sRGB), renderObject: _RenderColoredBox#2633f)
                                                                                                                               └DualTransitionBuilder(state: _DualTransitionBuilderState#ee7c6)
                                                                                                                                └FadeTransition(opacity: kAlwaysCompleteAnimation➩ProxyAnimation➩CurveTween(curve: Interval(0.0⋯0.75))➩Tween<double>(0.0 → 1.0)➩1.0, renderObject: RenderAnimatedOpacity#b8ffd)
                                                                                                                                 └SlideTransition(listenable: kAlwaysCompleteAnimation➩ProxyAnimation➩CurveTween(curve: ThreePointCubic )➩Tween<Offset>(Offset(-0.3, 0.0) → Offset(0.0, 0.0))➩Offset(0.0, 0.0), state: _AnimatedState#569b5)
                                                                                                                                  └FractionalTranslation(renderObject: RenderFractionalTranslation#0cf1a)
                                                                                                                                   └FadeTransition(opacity: kAlwaysDismissedAnimation➩ProxyAnimation➩ProxyAnimation➪ReverseAnimation➪ReverseAnimation➩ProxyAnimation➩CurveTween(curve: Interval(0.0⋯0.25))➩Tween<double>(1.0 → 0.0)➩1.0, renderObject: RenderAnimatedOpacity#6589b)
                                                                                                                                    └SlideTransition(listenable: kAlwaysDismissedAnimation➩ProxyAnimation➩ProxyAnimation➪ReverseAnimation➪ReverseAnimation➩ProxyAnimation➩CurveTween(curve: ThreePointCubic )➩Tween<Offset>(Offset(0.0, 0.0) → Offset(-0.3, 0.0))➩Offset(0.0, 0.0), state: _AnimatedState#8351a)
                                                                                                                                     └FractionalTranslation(renderObject: RenderFractionalTranslation#f81a4)
                                                                                                                                      └ListenableBuilder(listenable: ValueNotifier<bool>#294bc(false), state: _AnimatedState#5e7ec)
                                                                                                                                       └IgnorePointer(ignoring: false, renderObject: RenderIgnorePointer#250cd)
                                                                                                                                        └RepaintBoundary-[GlobalKey#0912d](renderObject: RenderRepaintBoundary#806da)
                                                                                                                                         └Builder
                                                                                                                                          └Semantics(container: false, properties: SemanticsProperties, renderObject: RenderSemanticsAnnotations#21d9a)
                                                                                                                                           └Builder
                                                                                                                                            └ViewerOfficialRecordScreen(dependencies: [InheritedCupertinoTheme, UncontrolledProviderScope, _InheritedTheme, _LocalizationsScope-[GlobalKey#62535]], state: _ConsumerState#87d22)
                                                                                                                                             └DefaultTabController(dependencies: [_EffectiveTickerMode], state: _DefaultTabControllerState#1d3ec(ticker inactive))
                                                                                                                                              └_TabControllerScope
                                                                                                                                               └LiquidBackground(dependencies: [InheritedCupertinoTheme, UncontrolledProviderScope, _InheritedTheme, _LocalizationsScope-[GlobalKey#62535]], state: _ConsumerState#c421f)
                                                                                                                                                └Container(bg: Color(alpha: 1.0000, red: 0.9490, green: 0.9490, blue: 0.9686, colorSpace: ColorSpace.sRGB))
                                                                                                                                                 └ColoredBox(color: Color(alpha: 1.0000, red: 0.9490, green: 0.9490, blue: 0.9686, colorSpace: ColorSpace.sRGB), renderObject: _RenderColoredBox#cdea0)
                                                                                                                                                  └Scaffold(dependencies: [Directionality, InheritedCupertinoTheme, MediaQuery, UnmanagedRestorationScope, _InheritedTheme, _LocalizationsScope-[GlobalKey#62535], _ScaffoldMessengerScope], state: ScaffoldState#42ee3(tickers: tracking 3 tickers))
                                                                                                                                                   └_ScaffoldScope
                                                                                                                                                    └ScrollNotificationObserver(state: ScrollNotificationObserverState#0c610)
                                                                                                                                                     └NotificationListener<ScrollMetricsNotification>
                                                                                                                                                      └NotificationListener<ScrollNotification>
                                                                                                                                                       └_ScrollNotificationObserverScope
                                                                                                                                                        └Material(type: canvas, color: Color(alpha: 0.0000, red: 0.0000, green: 0.0000, blue: 0.0000, colorSpace: ColorSpace.sRGB), dependencies: [InheritedCupertinoTheme, _InheritedTheme, _LocalizationsScope-[GlobalKey#62535]], state: _MaterialState#18033)
                                                                                                                                                         └AnimatedPhysicalModel(duration: 200ms, shape: rectangle, borderRadius: null, elevation: 0.0, color: Color(alpha: 0.0000, red: 0.0000, green: 0.0000, blue: 0.0000, colorSpace: ColorSpace.sRGB), animateColor: false, shadowColor: Color(alpha: 1.0000, red: 0.0000, green: 0.0000, blue: 0.0000, colorSpace: ColorSpace.sRGB), animateShadowColor: true, state: _AnimatedPhysicalModelState#b4940(ticker inactive))
                                                                                                                                                          └PhysicalModel(shape: rectangle, borderRadius: BorderRadius.zero, elevation: 0.0, color: Color(alpha: 0.0000, red: 0.0000, green: 0.0000, blue: 0.0000, colorSpace: ColorSpace.sRGB), shadowColor: Color(alpha: 1.0000, red: 0.0000, green: 0.0000, blue: 0.0000, colorSpace: ColorSpace.sRGB), renderObject: RenderPhysicalModel#aa721)
                                                                                                                                                           └NotificationListener<LayoutChangedNotification>
                                                                                                                                                            └_InkFeatures-[GlobalKey#884b7 ink renderer](renderObject: _RenderInkFeatures#be11a)
                                                                                                                                                             └AnimatedDefaultTextStyle(duration: 200ms, debugLabel: (englishLike bodyMedium 2021).merge((blackMountainView bodyMedium).apply), inherit: false, color: Color(alpha: 1.0000, red: 0.1137, green: 0.1059, blue: 0.1255, colorSpace: ColorSpace.sRGB), family: Roboto, size: 14.0, weight: 400, letterSpacing: 0.3, baseline: alphabetic, height: 1.4x, leadingDistribution: even, decoration: Color(alpha: 1.0000, red: 0.1137, green: 0.1059, blue: 0.1255, colorSpace: ColorSpace.sRGB) TextDecoration.none, softWrap: wrapping at box width, overflow: clip, state: _AnimatedDefaultTextStyleState#24a60(ticker inactive))
                                                                                                                                                              └DefaultTextStyle(debugLabel: (englishLike bodyMedium 2021).merge((blackMountainView bodyMedium).apply), inherit: false, color: Color(alpha: 1.0000, red: 0.1137, green: 0.1059, blue: 0.1255, colorSpace: ColorSpace.sRGB), family: Roboto, size: 14.0, weight: 400, letterSpacing: 0.3, baseline: alphabetic, height: 1.4x, leadingDistribution: even, decoration: Color(alpha: 1.0000, red: 0.1137, green: 0.1059, blue: 0.1255, colorSpace: ColorSpace.sRGB) TextDecoration.none, softWrap: wrapping at box width, overflow: clip)
                                                                                                                                                               └AnimatedBuilder(listenable: AnimationController#0fe5a(⏭ 1.000; paused), state: _AnimatedState#c5422)
                                                                                                                                                                └Actions(dispatcher: null, actions: {DismissIntent: _DismissDrawerAction#3beb9}, state: _ActionsState#ade7c)
                                                                                                                                                                 └_ActionsScope
                                                                                                                                                                  └CustomMultiChildLayout(renderObject: RenderCustomMultiChildLayoutBox#8e0c1)
                                                                                                                                                                   ├LayoutId-[<_ScaffoldSlot.body>](id: _ScaffoldSlot.body)
                                                                                                                                                                   │└MediaQuery(MediaQueryData(size: Size(1080.0, 4000.0), devicePixelRatio: 1.0, textScaler: SystemTextScaler (no scaling), platformBrightness: Brightness.light, padding: EdgeInsets.zero, viewPadding: EdgeInsets.zero, viewInsets: EdgeInsets.zero, systemGestureInsets: EdgeInsets.zero, alwaysUse24HourFormat: false, accessibleNavigation: false, highContrast: false, onOffSwitchLabels: false, disableAnimations: false, invertColors: false, boldText: false, navigationMode: traditional, gestureSettings: DeviceGestureSettings(touchSlop: null), displayFeatures: [], supportsShowingSystemContextMenu: false, lineHeightScaleFactorOverride: null, letterSpacingOverride: null, wordSpacingOverride: null, paragraphSpacingOverride: null))
                                                                                                                                                                   │ └_BodyBuilder
                                                                                                                                                                   │  └KeyedSubtree-[GlobalKey#26618]
                                                                                                                                                                   │   └TabBarView(dependencies: [_TabControllerScope], state: _TabBarViewState#220c5)
                                                                                                                                                                   │    └NotificationListener<ScrollNotification>
                                                                                                                                                                   │     └PageView(dependencies: [Directionality, ScrollConfiguration], state: _PageViewState#b55de(scrollDirection: horizontal, PageController#56392(one client, offset 0.0), PageScrollPhysics -> ClampingScrollPhysics))
                                                                                                                                                                   │      └NotificationListener<ScrollNotification>
                                                                                                                                                                   │       └Scrollable(axisDirection: right, physics: _ForceImplicitScrollPhysics -> PageScrollPhysics -> PageScrollPhysics -> ClampingScrollPhysics, restorationId: null, dependencies: [InheritedCupertinoTheme, MediaQuery, UnmanagedRestorationScope, _InheritedTheme, _LocalizationsScope-[GlobalKey#62535]], state: ScrollableState#e5d5e(position: _PagePosition#9aa39(offset: 0.0, range: 0.0..0.0, viewport: 1080.0, ScrollableState, _ForceImplicitScrollPhysics -> PageScrollPhysics -> PageScrollPhysics -> ClampingScrollPhysics -> ClampingScrollPhysics -> RangeMaintainingScrollPhysics, IdleScrollActivity#acad4, ScrollDirection.idle), effective physics: _ForceImplicitScrollPhysics -> PageScrollPhysics -> PageScrollPhysics -> ClampingScrollPhysics -> ClampingScrollPhysics -> RangeMaintainingScrollPhysics))
                                                                                                                                                                   │        └StretchingOverscrollIndicator(axisDirection: right, state: _StretchingOverscrollIndicatorState#fd469)
                                                                                                                                                                   │         └NotificationListener<ScrollNotification>
                                                                                                                                                                   │          └AnimatedBuilder(listenable: _StretchController(), dependencies: [MediaQuery], state: _AnimatedState#1782d)
                                                                                                                                                                   │           └ClipRect(renderObject: RenderClipRect#41a70 relayoutBoundary=up1)
                                                                                                                                                                   │            └StretchEffect(dependencies: [Directionality])
                                                                                                                                                                   │             └Transform(dependencies: [Directionality], renderObject: RenderTransform#7a5ac relayoutBoundary=up2)
                                                                                                                                                                   │              └NotificationListener<ScrollMetricsNotification>
                                                                                                                                                                   │               └_ScrollSemantics-[GlobalKey#c452e](renderObject: _RenderScrollSemantics#74887 relayoutBoundary=up3)
                                                                                                                                                                   │                └_ScrollableScope
                                                                                                                                                                   │                 └Listener(listeners: [signal], behavior: deferToChild, renderObject: RenderPointerListener#fb096 relayoutBoundary=up4)
                                                                                                                                                                   │                  └RawGestureDetector-[LabeledGlobalKey<RawGestureDetectorState>#020cc](state: RawGestureDetectorState#32da0(gestures: <none>, behavior: opaque))
                                                                                                                                                                   │                   └_GestureSemantics(renderObject: RenderSemanticsGestureHandler#e27fd relayoutBoundary=up5)
                                                                                                                                                                   │                    └Listener(listeners: [down, panZoomStart], behavior: opaque, renderObject: RenderPointerListener#0a87b relayoutBoundary=up6)
                                                                                                                                                                   │                     └Semantics(container: false, properties: SemanticsProperties, renderObject: RenderSemanticsAnnotations#bb2ce relayoutBoundary=up7)
                                                                                                                                                                   │                      └IgnorePointer-[GlobalKey#a6389](ignoring: false, renderObject: RenderIgnorePointer#4bf58 relayoutBoundary=up8)
                                                                                                                                                                   │                       └Viewport(axisDirection: right, anchor: 0.0, offset: _PagePosition#9aa39(offset: 0.0, range: 0.0..0.0, viewport: 1080.0, ScrollableState, _ForceImplicitScrollPhysics -> PageScrollPhysics -> PageScrollPhysics -> ClampingScrollPhysics -> ClampingScrollPhysics -> RangeMaintainingScrollPhysics, IdleScrollActivity#acad4, ScrollDirection.idle), cacheExtent: 0.0, cacheExtentStyle: CacheExtentStyle.viewport, renderObject: RenderViewport#109de)
                                                                                                                                                                   │                        └SliverFillViewport
                                                                                                                                                                   │                         └_SliverFractionalPadding(renderObject: _RenderSliverFractionalPadding#287dd relayoutBoundary=up1)
                                                                                                                                                                   │                          └_SliverFillViewportRenderObjectWidget(delegate: SliverChildListDelegate#bb163(estimated child count: 1), renderObject: RenderSliverFillViewport#c008b relayoutBoundary=up2)
                                                                                                                                                                   │                           └KeyedSubtree-[Key <[<0>]>]
                                                                                                                                                                   │                            └AutomaticKeepAlive(state: _AutomaticKeepAliveState#339f2(handles: no notifications ever received))
                                                                                                                                                                   │                             └KeepAlive(keepAlive: false)
                                                                                                                                                                   │                              └NotificationListener<KeepAliveNotification>
                                                                                                                                                                   │                               └_SelectionKeepAlive(state: _SelectionKeepAliveState#b03bf)
                                                                                                                                                                   │                                └IndexedSemantics(index: 0, renderObject: RenderIndexedSemantics#12e6d)
                                                                                                                                                                   │                                 └RepaintBoundary(renderObject: RenderRepaintBoundary#94fdf)
                                                                                                                                                                   │                                  └KeyedSubtree-[<0>]
                                                                                                                                                                   │                                   └Semantics(container: false, properties: SemanticsProperties, role: tabPanel, renderObject: RenderSemanticsAnnotations#d4a4d)
                                                                                                                                                                   │                                    └Column(direction: vertical, mainAxisAlignment: start, crossAxisAlignment: center, renderObject: RenderFlex#af298)
                                                                                                                                                                   │                                     ├Container(padding: EdgeInsets(16.0, 12.0, 16.0, 12.0), bg: BoxDecoration(color: Color(alpha: 1.0000, red: 1.0000, green: 1.0000, blue: 1.0000, colorSpace: ColorSpace.sRGB), border: Border(bottom: BorderSide(color: Color(alpha: 1.0000, red: 0.9333, green: 0.9333, blue: 0.9333, colorSpace: ColorSpace.sRGB)))), constraints: BoxConstraints(w=Infinity, 0.0<=h<=Infinity))
                                                                                                                                                                   │                                     │└ConstrainedBox(BoxConstraints(w=Infinity, 0.0<=h<=Infinity), renderObject: RenderConstrainedBox#097eb relayoutBoundary=up1)
                                                                                                                                                                   │                                     │ └DecoratedBox(bg: BoxDecoration(color: Color(alpha: 1.0000, red: 1.0000, green: 1.0000, blue: 1.0000, colorSpace: ColorSpace.sRGB), border: Border(bottom: BorderSide(color: Color(alpha: 1.0000, red: 0.9333, green: 0.9333, blue: 0.9333, colorSpace: ColorSpace.sRGB)))), dependencies: [Directionality, MediaQuery, _LocalizationsScope-[GlobalKey#62535]], renderObject: RenderDecoratedBox#795c8 relayoutBoundary=up2)
                                                                                                                                                                   │                                     │  └Padding(padding: EdgeInsets(16.0, 12.0, 16.0, 13.0), dependencies: [Directionality], renderObject: RenderPadding#48881 relayoutBoundary=up3)
                                                                                                                                                                   │                                     │   └Row(direction: horizontal, mainAxisAlignment: start, crossAxisAlignment: center, dependencies: [Directionality], renderObject: RenderFlex#c096b relayoutBoundary=up4)
                                                                                                                                                                   │                                     │    ├Expanded(flex: 1)
                                                                                                                                                                   │                                     │    │└ElevatedButton-[<'viewer_export_pdf_button'>](style: ButtonStyle#f0a95(textStyle: WidgetStatePropertyAll(null), backgroundColor: WidgetStateMapper<Color?>({WidgetState.disabled: null, WidgetState.any: Color(alpha: 1.0000, red: 0.2588, green: 0.2588, blue: 0.2588, colorSpace: ColorSpace.sRGB)}), foregroundColor: WidgetStateMapper<Color?>({WidgetState.disabled: null, WidgetState.any: Color(alpha: 1.0000, red: 1.0000, green: 1.0000, blue: 1.0000, colorSpace: ColorSpace.sRGB)}), overlayColor: WidgetStateMapper<Color?>({WidgetState.pressed: Color(alpha: 0.1020, red: 1.0000, green: 1.0000, blue: 1.0000, colorSpace: ColorSpace.sRGB), WidgetState.hovered: Color(alpha: 0.0784, red: 1.0000, green: 1.0000, blue: 1.0000, colorSpace: ColorSpace.sRGB), WidgetState.focused: Color(alpha: 0.1020, red: 1.0000, green: 1.0000, blue: 1.0000, colorSpace: ColorSpace.sRGB)}), elevation: WidgetStateMapper<double>({WidgetState.disabled: 0.0, WidgetState.pressed: 6.0, WidgetState.hovered: 2.0, WidgetState.focused: 2.0, WidgetState.any: 0.0}), padding: WidgetStatePropertyAll(EdgeInsets(0.0, 12.0, 0.0, 12.0)), shape: WidgetStatePropertyAll(RoundedRectangleBorder(BorderSide(width: 0.0, style: none), BorderRadius.circular(12.0))), mouseCursor: WidgetStateMapper<MouseCursor?>({WidgetState.disabled: null, WidgetState.any: null})), dependencies: [IconTheme, InheritedCupertinoTheme, MediaQuery, _InheritedTheme, _LocalizationsScope-[GlobalKey#62535]], state: _ButtonStyleState#e15ea)
                                                                                                                                                                   │                                     │    │ └Semantics(container: true, properties: SemanticsProperties, renderObject: RenderSemanticsAnnotations#a573c relayoutBoundary=up5)
                                                                                                                                                                   │                                     │    │  └_InputPadding(renderObject: _RenderInputPadding#1820f relayoutBoundary=up6)
                                                                                                                                                                   │                                     │    │   └ConstrainedBox(BoxConstraints(64.0<=w<=Infinity, 40.0<=h<=Infinity), renderObject: RenderConstrainedBox#21e10 relayoutBoundary=up7)
                                                                                                                                                                   │                                     │    │    └Material(type: button, color: Color(alpha: 1.0000, red: 0.2588, green: 0.2588, blue: 0.2588, colorSpace: ColorSpace.sRGB), shadowColor: Color(alpha: 1.0000, red: 0.0000, green: 0.0000, blue: 0.0000, colorSpace: ColorSpace.sRGB), surfaceTintColor: Color(alpha: 0.0000, red: 0.0000, green: 0.0000, blue: 0.0000, colorSpace: ColorSpace.sRGB), textStyle.debugLabel: ((englishLike labelLarge 2021).merge((blackMountainView labelLarge).apply)).copyWith, textStyle.inherit: false, textStyle.color: Color(alpha: 1.0000, red: 1.0000, green: 1.0000, blue: 1.0000, colorSpace: ColorSpace.sRGB), textStyle.family: Roboto, textStyle.size: 14.0, textStyle.weight: 500, textStyle.letterSpacing: 0.1, textStyle.baseline: alphabetic, textStyle.height: 1.4x, textStyle.leadingDistribution: even, textStyle.decoration: Color(alpha: 1.0000, red: 0.1137, green: 0.1059, blue: 0.1255, colorSpace: ColorSpace.sRGB) TextDecoration.none, shape: RoundedRectangleBorder(BorderSide(width: 0.0, style: none), BorderRadius.circular(12.0)), borderOnForeground: false, dependencies: [InheritedCupertinoTheme, _InheritedTheme, _LocalizationsScope-[GlobalKey#62535]], state: _MaterialState#8824c)
                                                                                                                                                                   │                                     │    │     └_MaterialInterior(duration: 200ms, shape: RoundedRectangleBorder(BorderSide(width: 0.0, style: none), BorderRadius.circular(12.0)), elevation: 0.0, color: Color(alpha: 1.0000, red: 0.2588, green: 0.2588, blue: 0.2588, colorSpace: ColorSpace.sRGB), shadowColor: Color(alpha: 1.0000, red: 0.0000, green: 0.0000, blue: 0.0000, colorSpace: ColorSpace.sRGB), dependencies: [Directionality, InheritedCupertinoTheme, _InheritedTheme, _LocalizationsScope-[GlobalKey#62535]], state: _MaterialInteriorState#93b4f(ticker inactive))
                                                                                                                                                                   │                                     │    │      └PhysicalShape(clipper: ShapeBorderClipper, elevation: 0.0, color: Color(alpha: 1.0000, red: 0.2588, green: 0.2588, blue: 0.2588, colorSpace: ColorSpace.sRGB), shadowColor: Color(alpha: 1.0000, red: 0.0000, green: 0.0000, blue: 0.0000, colorSpace: ColorSpace.sRGB), renderObject: RenderPhysicalShape#4179f relayoutBoundary=up8)
                                                                                                                                                                   │                                     │    │       └_ShapeBorderPaint(dependencies: [Directionality])
                                                                                                                                                                   │                                     │    │        └CustomPaint(renderObject: RenderCustomPaint#3c713 relayoutBoundary=up9)
                                                                                                                                                                   │                                     │    │         └NotificationListener<LayoutChangedNotification>
                                                                                                                                                                   │                                     │    │          └_InkFeatures-[GlobalKey#dfe9c ink renderer](renderObject: _RenderInkFeatures#59620 relayoutBoundary=up10)
                                                                                                                                                                   │                                     │    │           └AnimatedDefaultTextStyle(duration: 200ms, debugLabel: ((englishLike labelLarge 2021).merge((blackMountainView labelLarge).apply)).copyWith, inherit: false, color: Color(alpha: 1.0000, red: 1.0000, green: 1.0000, blue: 1.0000, colorSpace: ColorSpace.sRGB), family: Roboto, size: 14.0, weight: 500, letterSpacing: 0.1, baseline: alphabetic, height: 1.4x, leadingDistribution: even, decoration: Color(alpha: 1.0000, red: 0.1137, green: 0.1059, blue: 0.1255, colorSpace: ColorSpace.sRGB) TextDecoration.none, softWrap: wrapping at box width, overflow: clip, state: _AnimatedDefaultTextStyleState#3192b(ticker inactive))
                                                                                                                                                                   │                                     │    │            └DefaultTextStyle(debugLabel: ((englishLike labelLarge 2021).merge((blackMountainView labelLarge).apply)).copyWith, inherit: false, color: Color(alpha: 1.0000, red: 1.0000, green: 1.0000, blue: 1.0000, colorSpace: ColorSpace.sRGB), family: Roboto, size: 14.0, weight: 500, letterSpacing: 0.1, baseline: alphabetic, height: 1.4x, leadingDistribution: even, decoration: Color(alpha: 1.0000, red: 0.1137, green: 0.1059, blue: 0.1255, colorSpace: ColorSpace.sRGB) TextDecoration.none, softWrap: wrapping at box width, overflow: clip)
                                                                                                                                                                   │                                     │    │             └AnimatedTheme(duration: 200ms, state: _AnimatedThemeState#e15c4(ticker inactive, ThemeDataTween(ThemeData#27df6 → ThemeData#27df6)))
                                                                                                                                                                   │                                     │    │              └Theme(ThemeData#27df6, dependencies: [DefaultSelectionStyle, InheritedCupertinoTheme])
                                                                                                                                                                   │                                     │    │               └_InheritedTheme
                                                                                                                                                                   │                                     │    │                └CupertinoTheme(brightness: light, primaryColor: Color(alpha: 1.0000, red: 0.4039, green: 0.3137, blue: 0.6431, colorSpace: ColorSpace.sRGB), scaffoldBackgroundColor: Color(alpha: 1.0000, red: 0.9961, green: 0.9686, blue: 1.0000, colorSpace: ColorSpace.sRGB), actionTextStyle: TextStyle(inherit: false, color: Color(alpha: 1.0000, red: 0.4039, green: 0.3137, blue: 0.6431, colorSpace: ColorSpace.sRGB), family: CupertinoSystemText, size: 17.0, letterSpacing: -0.4, decoration: TextDecoration.none), actionSmallTextStyle: TextStyle(inherit: false, color: Color(alpha: 1.0000, red: 0.4039, green: 0.3137, blue: 0.6431, colorSpace: ColorSpace.sRGB), family: CupertinoSystemText, size: 15.0, letterSpacing: -0.2, decoration: TextDecoration.none), navActionTextStyle: TextStyle(inherit: false, color: Color(alpha: 1.0000, red: 0.4039, green: 0.3137, blue: 0.6431, colorSpace: ColorSpace.sRGB), family: CupertinoSystemText, size: 17.0, letterSpacing: -0.4, decoration: TextDecoration.none))
                                                                                                                                                                   │                                     │    │                 └InheritedCupertinoTheme
                                                                                                                                                                   │                                     │    │                  └IconTheme(color: Color(alpha: 1.0000, red: 0.4039, green: 0.3137, blue: 0.6431, colorSpace: ColorSpace.sRGB))
                                                                                                                                                                   │                                     │    │                   └IconTheme(size: 18.0, fill: 0.0, weight: 400.0, grade: 0.0, opticalSize: 48.0, color: Color(alpha: 1.0000, red: 1.0000, green: 1.0000, blue: 1.0000, colorSpace: ColorSpace.sRGB), opacity: 1.0, applyTextScaling: false)
                                                                                                                                                                   │                                     │    │                    └DefaultSelectionStyle
                                                                                                                                                                   │                                     │    │                     └InkWell
                                                                                                                                                                   │                                     │    │                      └_InkResponseStateWidget(gestures: [tap], mouseCursor: ButtonStyleButton_MouseCursor, clipped to BoxShape.rectangle, dependencies: [InheritedCupertinoTheme, MediaQuery, _InheritedTheme, _LocalizationsScope-[GlobalKey#62535]], state: _InkResponseState#0d745)
                                                                                                                                                                   │                                     │    │                       └_ParentInkResponseProvider
                                                                                                                                                                   │                                     │    │                        └Actions(dispatcher: null, actions: {ActivateIntent: CallbackAction<ActivateIntent>#04f0b, ButtonActivateIntent: CallbackAction<ButtonActivateIntent>#d9e71}, state: _ActionsState#8e44b)
                                                                                                                                                                   │                                     │    │                         └_ActionsScope
                                                                                                                                                                   │                                     │    │                          └Focus(dependencies: [_FocusInheritedScope], state: _FocusState#0dcd5)
                                                                                                                                                                   │                                     │    │                           └_FocusInheritedScope
                                                                                                                                                                   │                                     │    │                            └Semantics(container: false, properties: SemanticsProperties, renderObject: RenderSemanticsAnnotations#4de0e relayoutBoundary=up11)
                                                                                                                                                                   │                                     │    │                             └MouseRegion(listeners: [enter, exit], cursor: SystemMouseCursor(basic), renderObject: RenderMouseRegion#2e030 relayoutBoundary=up12)
                                                                                                                                                                   │                                     │    │                              └Builder(dependencies: [DefaultSelectionStyle])
                                                                                                                                                                   │                                     │    │                               └DefaultSelectionStyle
                                                                                                                                                                   │                                     │    │                                └Semantics(container: false, properties: SemanticsProperties, renderObject: RenderSemanticsAnnotations#4a284 relayoutBoundary=up13)
                                                                                                                                                                   │                                     │    │                                 └GestureDetector(startBehavior: start, dependencies: [MediaQuery, ScrollConfiguration])
                                                                                                                                                                   │                                     │    │                                  └RawGestureDetector(state: RawGestureDetectorState#4c0a3(gestures: [tap], excludeFromSemantics: true, behavior: opaque))
                                                                                                                                                                   │                                     │    │                                   └Listener(listeners: [down, panZoomStart], behavior: opaque, renderObject: RenderPointerListener#9565c relayoutBoundary=up14)
                                                                                                                                                                   │                                     │    │                                    └Padding(padding: EdgeInsets(0.0, 12.0, 0.0, 12.0), dependencies: [Directionality], renderObject: RenderPadding#cc946 relayoutBoundary=up15)
                                                                                                                                                                   │                                     │    │                                     └Align(alignment: Alignment.center, widthFactor: 1.0, heightFactor: 1.0, dependencies: [Directionality], renderObject: RenderPositionedBox#122ca relayoutBoundary=up16)
                                                                                                                                                                   │                                     │    │                                      └_ElevatedButtonWithIconChild(dependencies: [InheritedCupertinoTheme, MediaQuery, _InheritedTheme, _LocalizationsScope-[GlobalKey#62535]])
                                                                                                                                                                   │                                     │    │                                       └Row(direction: horizontal, mainAxisAlignment: start, mainAxisSize: min, crossAxisAlignment: center, spacing: 8.0, dependencies: [Directionality], renderObject: RenderFlex#0dd75 relayoutBoundary=up17)
                                                                                                                                                                   │                                     │    │                                        ├Icon(IconData(U+0E4EA), dependencies: [Directionality, IconTheme])
                                                                                                                                                                   │                                     │    │                                        │└Semantics(container: false, properties: SemanticsProperties, renderObject: RenderSemanticsAnnotations#58d4c relayoutBoundary=up18)
                                                                                                                                                                   │                                     │    │                                        │ └ExcludeSemantics(excluding: true, renderObject: RenderExcludeSemantics#21e33 relayoutBoundary=up19)
                                                                                                                                                                   │                                     │    │                                        │  └SizedBox(width: 18.0, height: 18.0, renderObject: RenderConstrainedBox#75faf relayoutBoundary=up20)
                                                                                                                                                                   │                                     │    │                                        │   └Center(alignment: Alignment.center, dependencies: [Directionality], renderObject: RenderPositionedBox#95098)
                                                                                                                                                                   │                                     │    │                                        │    └RichText(textDirection: ltr, softWrap: wrapping at box width, overflow: visible, maxLines: unlimited, text: "", dependencies: [_LocalizationsScope-[GlobalKey#62535]], renderObject: RenderParagraph#3fbd4 relayoutBoundary=up1)
                                                                                                                                                                   │                                     │    │                                        └Flexible(flex: 1)
                                                                                                                                                                   │                                     │    │                                         └Text("PDF印刷", inherit: true, weight: 700, dependencies: [DefaultSelectionStyle, DefaultTextStyle, MediaQuery])
                                                                                                                                                                   │                                     │    │                                          └RichText(softWrap: wrapping at box width, maxLines: unlimited, text: "PDF印刷", dependencies: [Directionality, _LocalizationsScope-[GlobalKey#62535]], renderObject: RenderParagraph#23b26 relayoutBoundary=up18)
                                                                                                                                                                   │                                     │    ├SizedBox(width: 12.0, renderObject: RenderConstrainedBox#8563e relayoutBoundary=up5)
                                                                                                                                                                   │                                     │    └Expanded(flex: 1)
                                                                                                                                                                   │                                     │     └ElevatedButton-[<'viewer_export_image_button'>](style: ButtonStyle#321f4(textStyle: WidgetStatePropertyAll(null), backgroundColor: WidgetStateMapper<Color?>({WidgetState.disabled: null, WidgetState.any: Color(alpha: 1.0000, red: 0.0000, green: 0.5373, blue: 0.4824, colorSpace: ColorSpace.sRGB)}), foregroundColor: WidgetStateMapper<Color?>({WidgetState.disabled: null, WidgetState.any: Color(alpha: 1.0000, red: 1.0000, green: 1.0000, blue: 1.0000, colorSpace: ColorSpace.sRGB)}), overlayColor: WidgetStateMapper<Color?>({WidgetState.pressed: Color(alpha: 0.1020, red: 1.0000, green: 1.0000, blue: 1.0000, colorSpace: ColorSpace.sRGB), WidgetState.hovered: Color(alpha: 0.0784, red: 1.0000, green: 1.0000, blue: 1.0000, colorSpace: ColorSpace.sRGB), WidgetState.focused: Color(alpha: 0.1020, red: 1.0000, green: 1.0000, blue: 1.0000, colorSpace: ColorSpace.sRGB)}), elevation: WidgetStateMapper<double>({WidgetState.disabled: 0.0, WidgetState.pressed: 6.0, WidgetState.hovered: 2.0, WidgetState.focused: 2.0, WidgetState.any: 0.0}), padding: WidgetStatePropertyAll(EdgeInsets(0.0, 12.0, 0.0, 12.0)), shape: WidgetStatePropertyAll(RoundedRectangleBorder(BorderSide(width: 0.0, style: none), BorderRadius.circular(12.0))), mouseCursor: WidgetStateMapper<MouseCursor?>({WidgetState.disabled: null, WidgetState.any: null})), dependencies: [IconTheme, InheritedCupertinoTheme, MediaQuery, _InheritedTheme, _LocalizationsScope-[GlobalKey#62535]], state: _ButtonStyleState#4b5df)
                                                                                                                                                                   │                                     │      └Semantics(container: true, properties: SemanticsProperties, renderObject: RenderSemanticsAnnotations#4efed relayoutBoundary=up5)
                                                                                                                                                                   │                                     │       └_InputPadding(renderObject: _RenderInputPadding#20736 relayoutBoundary=up6)
                                                                                                                                                                   │                                     │        └ConstrainedBox(BoxConstraints(64.0<=w<=Infinity, 40.0<=h<=Infinity), renderObject: RenderConstrainedBox#74c2f relayoutBoundary=up7)
                                                                                                                                                                   │                                     │         └Material(type: button, color: Color(alpha: 1.0000, red: 0.0000, green: 0.5373, blue: 0.4824, colorSpace: ColorSpace.sRGB), shadowColor: Color(alpha: 1.0000, red: 0.0000, green: 0.0000, blue: 0.0000, colorSpace: ColorSpace.sRGB), surfaceTintColor: Color(alpha: 0.0000, red: 0.0000, green: 0.0000, blue: 0.0000, colorSpace: ColorSpace.sRGB), textStyle.debugLabel: ((englishLike labelLarge 2021).merge((blackMountainView labelLarge).apply)).copyWith, textStyle.inherit: false, textStyle.color: Color(alpha: 1.0000, red: 1.0000, green: 1.0000, blue: 1.0000, colorSpace: ColorSpace.sRGB), textStyle.family: Roboto, textStyle.size: 14.0, textStyle.weight: 500, textStyle.letterSpacing: 0.1, textStyle.baseline: alphabetic, textStyle.height: 1.4x, textStyle.leadingDistribution: even, textStyle.decoration: Color(alpha: 1.0000, red: 0.1137, green: 0.1059, blue: 0.1255, colorSpace: ColorSpace.sRGB) TextDecoration.none, shape: RoundedRectangleBorder(BorderSide(width: 0.0, style: none), BorderRadius.circular(12.0)), borderOnForeground: false, dependencies: [InheritedCupertinoTheme, _InheritedTheme, _LocalizationsScope-[GlobalKey#62535]], state: _MaterialState#6e313)
                                                                                                                                                                   │                                     │          └_MaterialInterior(duration: 200ms, shape: RoundedRectangleBorder(BorderSide(width: 0.0, style: none), BorderRadius.circular(12.0)), elevation: 0.0, color: Color(alpha: 1.0000, red: 0.0000, green: 0.5373, blue: 0.4824, colorSpace: ColorSpace.sRGB), shadowColor: Color(alpha: 1.0000, red: 0.0000, green: 0.0000, blue: 0.0000, colorSpace: ColorSpace.sRGB), dependencies: [Directionality, InheritedCupertinoTheme, _InheritedTheme, _LocalizationsScope-[GlobalKey#62535]], state: _MaterialInteriorState#c4ace(ticker inactive))
                                                                                                                                                                   │                                     │           └PhysicalShape(clipper: ShapeBorderClipper, elevation: 0.0, color: Color(alpha: 1.0000, red: 0.0000, green: 0.5373, blue: 0.4824, colorSpace: ColorSpace.sRGB), shadowColor: Color(alpha: 1.0000, red: 0.0000, green: 0.0000, blue: 0.0000, colorSpace: ColorSpace.sRGB), renderObject: RenderPhysicalShape#e6a52 relayoutBoundary=up8)
                                                                                                                                                                   │                                     │            └_ShapeBorderPaint(dependencies: [Directionality])
                                                                                                                                                                   │                                     │             └CustomPaint(renderObject: RenderCustomPaint#4ef45 relayoutBoundary=up9)
                                                                                                                                                                   │                                     │              └NotificationListener<LayoutChangedNotification>
                                                                                                                                                                   │                                     │               └_InkFeatures-[GlobalKey#25cbf ink renderer](renderObject: _RenderInkFeatures#8c9d9 relayoutBoundary=up10)
                                                                                                                                                                   │                                     │                └AnimatedDefaultTextStyle(duration: 200ms, debugLabel: ((englishLike labelLarge 2021).merge((blackMountainView labelLarge).apply)).copyWith, inherit: false, color: Color(alpha: 1.0000, red: 1.0000, green: 1.0000, blue: 1.0000, colorSpace: ColorSpace.sRGB), family: Roboto, size: 14.0, weight: 500, letterSpacing: 0.1, baseline: alphabetic, height: 1.4x, leadingDistribution: even, decoration: Color(alpha: 1.0000, red: 0.1137, green: 0.1059, blue: 0.1255, colorSpace: ColorSpace.sRGB) TextDecoration.none, softWrap: wrapping at box width, overflow: clip, state: _AnimatedDefaultTextStyleState#6f862(ticker inactive))
                                                                                                                                                                   │                                     │                 └DefaultTextStyle(debugLabel: ((englishLike labelLarge 2021).merge((blackMountainView labelLarge).apply)).copyWith, inherit: false, color: Color(alpha: 1.0000, red: 1.0000, green: 1.0000, blue: 1.0000, colorSpace: ColorSpace.sRGB), family: Roboto, size: 14.0, weight: 500, letterSpacing: 0.1, baseline: alphabetic, height: 1.4x, leadingDistribution: even, decoration: Color(alpha: 1.0000, red: 0.1137, green: 0.1059, blue: 0.1255, colorSpace: ColorSpace.sRGB) TextDecoration.none, softWrap: wrapping at box width, overflow: clip)
                                                                                                                                                                   │                                     │                  └AnimatedTheme(duration: 200ms, state: _AnimatedThemeState#7d2f9(ticker inactive, ThemeDataTween(ThemeData#27df6 → ThemeData#27df6)))
                                                                                                                                                                   │                                     │                   └Theme(ThemeData#27df6, dependencies: [DefaultSelectionStyle, InheritedCupertinoTheme])
                                                                                                                                                                   │                                     │                    └_InheritedTheme
                                                                                                                                                                   │                                     │                     └CupertinoTheme(brightness: light, primaryColor: Color(alpha: 1.0000, red: 0.4039, green: 0.3137, blue: 0.6431, colorSpace: ColorSpace.sRGB), scaffoldBackgroundColor: Color(alpha: 1.0000, red: 0.9961, green: 0.9686, blue: 1.0000, colorSpace: ColorSpace.sRGB), actionTextStyle: TextStyle(inherit: false, color: Color(alpha: 1.0000, red: 0.4039, green: 0.3137, blue: 0.6431, colorSpace: ColorSpace.sRGB), family: CupertinoSystemText, size: 17.0, letterSpacing: -0.4, decoration: TextDecoration.none), actionSmallTextStyle: TextStyle(inherit: false, color: Color(alpha: 1.0000, red: 0.4039, green: 0.3137, blue: 0.6431, colorSpace: ColorSpace.sRGB), family: CupertinoSystemText, size: 15.0, letterSpacing: -0.2, decoration: TextDecoration.none), navActionTextStyle: TextStyle(inherit: false, color: Color(alpha: 1.0000, red: 0.4039, green: 0.3137, blue: 0.6431, colorSpace: ColorSpace.sRGB), family: CupertinoSystemText, size: 17.0, letterSpacing: -0.4, decoration: TextDecoration.none))
                                                                                                                                                                   │                                     │                      └InheritedCupertinoTheme
                                                                                                                                                                   │                                     │                       └IconTheme(color: Color(alpha: 1.0000, red: 0.4039, green: 0.3137, blue: 0.6431, colorSpace: ColorSpace.sRGB))
                                                                                                                                                                   │                                     │                        └IconTheme(size: 18.0, fill: 0.0, weight: 400.0, grade: 0.0, opticalSize: 48.0, color: Color(alpha: 1.0000, red: 1.0000, green: 1.0000, blue: 1.0000, colorSpace: ColorSpace.sRGB), opacity: 1.0, applyTextScaling: false)
                                                                                                                                                                   │                                     │                         └DefaultSelectionStyle
                                                                                                                                                                   │                                     │                          └InkWell
                                                                                                                                                                   │                                     │                           └_InkResponseStateWidget(gestures: [tap], mouseCursor: ButtonStyleButton_MouseCursor, clipped to BoxShape.rectangle, dependencies: [InheritedCupertinoTheme, MediaQuery, _InheritedTheme, _LocalizationsScope-[GlobalKey#62535]], state: _InkResponseState#081cf)
                                                                                                                                                                   │                                     │                            └_ParentInkResponseProvider
                                                                                                                                                                   │                                     │                             └Actions(dispatcher: null, actions: {ActivateIntent: CallbackAction<ActivateIntent>#b9f68, ButtonActivateIntent: CallbackAction<ButtonActivateIntent>#6c493}, state: _ActionsState#32a92)
                                                                                                                                                                   │                                     │                              └_ActionsScope
                                                                                                                                                                   │                                     │                               └Focus(dependencies: [_FocusInheritedScope], state: _FocusState#a3928)
                                                                                                                                                                   │                                     │                                └_FocusInheritedScope
                                                                                                                                                                   │                                     │                                 └Semantics(container: false, properties: SemanticsProperties, renderObject: RenderSemanticsAnnotations#6dad3 relayoutBoundary=up11)
                                                                                                                                                                   │                                     │                                  └MouseRegion(listeners: [enter, exit], cursor: SystemMouseCursor(basic), renderObject: RenderMouseRegion#7bc03 relayoutBoundary=up12)
                                                                                                                                                                   │                                     │                                   └Builder(dependencies: [DefaultSelectionStyle])
                                                                                                                                                                   │                                     │                                    └DefaultSelectionStyle
                                                                                                                                                                   │                                     │                                     └Semantics(container: false, properties: SemanticsProperties, renderObject: RenderSemanticsAnnotations#ca2ed relayoutBoundary=up13)
                                                                                                                                                                   │                                     │                                      └GestureDetector(startBehavior: start, dependencies: [MediaQuery, ScrollConfiguration])
                                                                                                                                                                   │                                     │                                       └RawGestureDetector(state: RawGestureDetectorState#2328d(gestures: [tap], excludeFromSemantics: true, behavior: opaque))
                                                                                                                                                                   │                                     │                                        └Listener(listeners: [down, panZoomStart], behavior: opaque, renderObject: RenderPointerListener#0cd14 relayoutBoundary=up14)
                                                                                                                                                                   │                                     │                                         └Padding(padding: EdgeInsets(0.0, 12.0, 0.0, 12.0), dependencies: [Directionality], renderObject: RenderPadding#ece64 relayoutBoundary=up15)
                                                                                                                                                                   │                                     │                                          └Align(alignment: Alignment.center, widthFactor: 1.0, heightFactor: 1.0, dependencies: [Directionality], renderObject: RenderPositionedBox#a03f0 relayoutBoundary=up16)
                                                                                                                                                                   │                                     │                                           └_ElevatedButtonWithIconChild(dependencies: [InheritedCupertinoTheme, MediaQuery, _InheritedTheme, _LocalizationsScope-[GlobalKey#62535]])
                                                                                                                                                                   │                                     │                                            └Row(direction: horizontal, mainAxisAlignment: start, mainAxisSize: min, crossAxisAlignment: center, spacing: 8.0, dependencies: [Directionality], renderObject: RenderFlex#4a36c relayoutBoundary=up17)
                                                                                                                                                                   │                                     │                                             ├Icon(IconData(U+0E593), dependencies: [Directionality, IconTheme])
                                                                                                                                                                   │                                     │                                             │└Semantics(container: false, properties: SemanticsProperties, renderObject: RenderSemanticsAnnotations#9d986 relayoutBoundary=up18)
                                                                                                                                                                   │                                     │                                             │ └ExcludeSemantics(excluding: true, renderObject: RenderExcludeSemantics#6108c relayoutBoundary=up19)
                                                                                                                                                                   │                                     │                                             │  └SizedBox(width: 18.0, height: 18.0, renderObject: RenderConstrainedBox#142d4 relayoutBoundary=up20)
                                                                                                                                                                   │                                     │                                             │   └Center(alignment: Alignment.center, dependencies: [Directionality], renderObject: RenderPositionedBox#4e06e)
                                                                                                                                                                   │                                     │                                             │    └RichText(textDirection: ltr, softWrap: wrapping at box width, overflow: visible, maxLines: unlimited, text: "", dependencies: [_LocalizationsScope-[GlobalKey#62535]], renderObject: RenderParagraph#7e771 relayoutBoundary=up1)
                                                                                                                                                                   │                                     │                                             └Flexible(flex: 1)
                                                                                                                                                                   │                                     │                                              └Text("画像シェア", inherit: true, weight: 700, dependencies: [DefaultSelectionStyle, DefaultTextStyle, MediaQuery])
                                                                                                                                                                   │                                     │                                               └RichText(softWrap: wrapping at box width, maxLines: unlimited, text: "画像シェア", dependencies: [Directionality, _LocalizationsScope-[GlobalKey#62535]], renderObject: RenderParagraph#b9002 relayoutBoundary=up18)
                                                                                                                                                                   │                                     └Expanded(flex: 1)
                                                                                                                                                                   │                                      └ListView(scrollDirection: vertical, ClampingScrollPhysics, shrinkWrap: shrink-wrapping, padding: EdgeInsets.all(8.0), dependencies: [InheritedCupertinoTheme, PrimaryScrollController, ScrollConfiguration, _InheritedTheme, _LocalizationsScope-[GlobalKey#62535]])
                                                                                                                                                                   │                                       └PrimaryScrollController(no controller)
                                                                                                                                                                   │                                        └Scrollable(axisDirection: down, physics: ClampingScrollPhysics, restorationId: null, dependencies: [InheritedCupertinoTheme, MediaQuery, ScrollConfiguration, UnmanagedRestorationScope, _InheritedTheme, _LocalizationsScope-[GlobalKey#62535]], state: ScrollableState#9f190(position: ScrollPositionWithSingleContext#8ccef(offset: 0.0, range: 0.0..0.0, viewport: 3823.0, ScrollableState, ClampingScrollPhysics -> ClampingScrollPhysics -> RangeMaintainingScrollPhysics, IdleScrollActivity#df558, ScrollDirection.idle), effective physics: ClampingScrollPhysics -> ClampingScrollPhysics -> RangeMaintainingScrollPhysics))
                                                                                                                                                                   │                                         └StretchingOverscrollIndicator(axisDirection: down, state: _StretchingOverscrollIndicatorState#80cd3)
                                                                                                                                                                   │                                          └NotificationListener<ScrollNotification>
                                                                                                                                                                   │                                           └AnimatedBuilder(listenable: _StretchController(), dependencies: [MediaQuery], state: _AnimatedState#e4afe)
                                                                                                                                                                   │                                            └ClipRect(renderObject: RenderClipRect#0aa33 relayoutBoundary=up1)
                                                                                                                                                                   │                                             └StretchEffect(dependencies: [Directionality])
                                                                                                                                                                   │                                              └Transform(dependencies: [Directionality], renderObject: RenderTransform#b3205 relayoutBoundary=up2)
                                                                                                                                                                   │                                               └NotificationListener<ScrollMetricsNotification>
                                                                                                                                                                   │                                                └_ScrollSemantics-[GlobalKey#9aad9](renderObject: _RenderScrollSemantics#cf081 relayoutBoundary=up3)
                                                                                                                                                                   │                                                 └_ScrollableScope
                                                                                                                                                                   │                                                  └Listener(listeners: [signal], behavior: deferToChild, renderObject: RenderPointerListener#1cd79 relayoutBoundary=up4)
                                                                                                                                                                   │                                                   └RawGestureDetector-[LabeledGlobalKey<RawGestureDetectorState>#438f1](state: RawGestureDetectorState#9f53a(gestures: <none>, behavior: opaque))
                                                                                                                                                                   │                                                    └_GestureSemantics(renderObject: RenderSemanticsGestureHandler#11058 relayoutBoundary=up5)
                                                                                                                                                                   │                                                     └Listener(listeners: [down, panZoomStart], behavior: opaque, renderObject: RenderPointerListener#4004f relayoutBoundary=up6)
                                                                                                                                                                   │                                                      └Semantics(container: false, properties: SemanticsProperties, renderObject: RenderSemanticsAnnotations#95d2d relayoutBoundary=up7)
                                                                                                                                                                   │                                                       └IgnorePointer-[GlobalKey#f680d](ignoring: false, renderObject: RenderIgnorePointer#b7fa4 relayoutBoundary=up8)
                                                                                                                                                                   │                                                        └ShrinkWrappingViewport(axisDirection: down, offset: ScrollPositionWithSingleContext#8ccef(offset: 0.0, range: 0.0..0.0, viewport: 3823.0, ScrollableState, ClampingScrollPhysics -> ClampingScrollPhysics -> RangeMaintainingScrollPhysics, IdleScrollActivity#df558, ScrollDirection.idle), dependencies: [Directionality], renderObject: RenderShrinkWrappingViewport#24a9e relayoutBoundary=up9)
                                                                                                                                                                   │                                                         └SliverPadding(padding: EdgeInsets.all(8.0), dependencies: [Directionality], renderObject: RenderSliverPadding#64e0a relayoutBoundary=up10)
                                                                                                                                                                   │                                                          └SliverList(delegate: SliverChildBuilderDelegate#04dda(estimated child count: 4), dependencies: [MediaQuery], renderObject: RenderSliverList#56e2a relayoutBoundary=up11)
                                                                                                                                                                   │                                                           ├KeyedSubtree-[Key <[<'viewer_match_card_団体戦A'>]>]
                                                                                                                                                                   │                                                           │└AutomaticKeepAlive(state: _AutomaticKeepAliveState#4b2dc(handles: no notifications ever received))
                                                                                                                                                                   │                                                           │ └KeepAlive(keepAlive: false)
                                                                                                                                                                   │                                                           │  └NotificationListener<KeepAliveNotification>
                                                                                                                                                                   │                                                           │   └_SelectionKeepAlive(state: _SelectionKeepAliveState#07aa4)
                                                                                                                                                                   │                                                           │    └IndexedSemantics(index: 0, renderObject: RenderIndexedSemantics#15707 relayoutBoundary=up12)
                                                                                                                                                                   │                                                           │     └RepaintBoundary(renderObject: RenderRepaintBoundary#ec9b4 relayoutBoundary=up13)
                                                                                                                                                                   │                                                           │      └InkWell-[<'viewer_match_card_団体戦A'>]
                                                                                                                                                                   │                                                           │       └_InkResponseStateWidget(gestures: [tap], mouseCursor: null, clipped to BoxShape.rectangle, dependencies: [InheritedCupertinoTheme, MediaQuery, _InheritedTheme, _LocalizationsScope-[GlobalKey#62535]], state: _InkResponseState#36652)
                                                                                                                                                                   │                                                           │        └_ParentInkResponseProvider
                                                                                                                                                                   │                                                           │         └Actions(dispatcher: null, actions: {ActivateIntent: CallbackAction<ActivateIntent>#7a1c3, ButtonActivateIntent: CallbackAction<ButtonActivateIntent>#dc134}, state: _ActionsState#a2769)
                                                                                                                                                                   │                                                           │          └_ActionsScope
                                                                                                                                                                   │                                                           │           └Focus(dependencies: [_FocusInheritedScope], state: _FocusState#e096a)
                                                                                                                                                                   │                                                           │            └_FocusInheritedScope
                                                                                                                                                                   │                                                           │             └Semantics(container: false, properties: SemanticsProperties, renderObject: RenderSemanticsAnnotations#5f12c relayoutBoundary=up14)
                                                                                                                                                                   │                                                           │              └MouseRegion(listeners: [enter, exit], cursor: SystemMouseCursor(basic), renderObject: RenderMouseRegion#1dc01 relayoutBoundary=up15)
                                                                                                                                                                   │                                                           │               └Builder(dependencies: [DefaultSelectionStyle])
                                                                                                                                                                   │                                                           │                └DefaultSelectionStyle
                                                                                                                                                                   │                                                           │                 └Semantics(container: false, properties: SemanticsProperties, renderObject: RenderSemanticsAnnotations#20c44 relayoutBoundary=up16)
                                                                                                                                                                   │                                                           │                  └GestureDetector(startBehavior: start, dependencies: [MediaQuery, ScrollConfiguration])
                                                                                                                                                                   │                                                           │                   └RawGestureDetector(state: RawGestureDetectorState#647ef(gestures: [tap], excludeFromSemantics: true, behavior: opaque))
                                                                                                                                                                   │                                                           │                    └Listener(listeners: [down, panZoomStart], behavior: opaque, renderObject: RenderPointerListener#5cc7c relayoutBoundary=up17)
                                                                                                                                                                   │                                                           │                     └Card(dependencies: [InheritedCupertinoTheme, _InheritedTheme, _LocalizationsScope-[GlobalKey#62535]])
                                                                                                                                                                   │                                                           │                      └Semantics(container: true, properties: SemanticsProperties, renderObject: RenderSemanticsAnnotations#79fda relayoutBoundary=up18)
                                                                                                                                                                   │                                                           │                       └Padding(padding: EdgeInsets(4.0, 8.0, 4.0, 8.0), dependencies: [Directionality], renderObject: RenderPadding#e393e relayoutBoundary=up19)
                                                                                                                                                                   │                                                           │                        └Material(type: card, color: Color(alpha: 1.0000, red: 1.0000, green: 1.0000, blue: 1.0000, colorSpace: ColorSpace.sRGB), shadowColor: Color(alpha: 1.0000, red: 0.0000, green: 0.0000, blue: 0.0000, colorSpace: ColorSpace.sRGB), surfaceTintColor: Color(alpha: 0.0000, red: 0.0000, green: 0.0000, blue: 0.0000, colorSpace: ColorSpace.sRGB), shape: RoundedRectangleBorder(BorderSide(color: Color(alpha: 1.0000, red: 0.8784, green: 0.8784, blue: 0.8784, colorSpace: ColorSpace.sRGB)), BorderRadius.circular(12.0)), dependencies: [InheritedCupertinoTheme, _InheritedTheme, _LocalizationsScope-[GlobalKey#62535]], state: _MaterialState#a3c3a)
                                                                                                                                                                   │                                                           │                         └_MaterialInterior(duration: 200ms, shape: RoundedRectangleBorder(BorderSide(color: Color(alpha: 1.0000, red: 0.8784, green: 0.8784, blue: 0.8784, colorSpace: ColorSpace.sRGB)), BorderRadius.circular(12.0)), elevation: 0.0, color: Color(alpha: 1.0000, red: 1.0000, green: 1.0000, blue: 1.0000, colorSpace: ColorSpace.sRGB), shadowColor: Color(alpha: 1.0000, red: 0.0000, green: 0.0000, blue: 0.0000, colorSpace: ColorSpace.sRGB), dependencies: [Directionality, InheritedCupertinoTheme, _InheritedTheme, _LocalizationsScope-[GlobalKey#62535]], state: _MaterialInteriorState#6c11f(ticker inactive))
                                                                                                                                                                   │                                                           │                          └PhysicalShape(clipper: ShapeBorderClipper, elevation: 0.0, color: Color(alpha: 1.0000, red: 1.0000, green: 1.0000, blue: 1.0000, colorSpace: ColorSpace.sRGB), shadowColor: Color(alpha: 1.0000, red: 0.0000, green: 0.0000, blue: 0.0000, colorSpace: ColorSpace.sRGB), renderObject: RenderPhysicalShape#e5fae relayoutBoundary=up20)
                                                                                                                                                                   │                                                           │                           └_ShapeBorderPaint(dependencies: [Directionality])
                                                                                                                                                                   │                                                           │                            └CustomPaint(renderObject: RenderCustomPaint#8a2c9 relayoutBoundary=up21)
                                                                                                                                                                   │                                                           │                             └NotificationListener<LayoutChangedNotification>
                                                                                                                                                                   │                                                           │                              └_InkFeatures-[GlobalKey#6e41d ink renderer](renderObject: _RenderInkFeatures#a2716 relayoutBoundary=up22)
                                                                                                                                                                   │                                                           │                               └AnimatedDefaultTextStyle(duration: 200ms, debugLabel: (englishLike bodyMedium 2021).merge((blackMountainView bodyMedium).apply), inherit: false, color: Color(alpha: 1.0000, red: 0.1137, green: 0.1059, blue: 0.1255, colorSpace: ColorSpace.sRGB), family: Roboto, size: 14.0, weight: 400, letterSpacing: 0.3, baseline: alphabetic, height: 1.4x, leadingDistribution: even, decoration: Color(alpha: 1.0000, red: 0.1137, green: 0.1059, blue: 0.1255, colorSpace: ColorSpace.sRGB) TextDecoration.none, softWrap: wrapping at box width, overflow: clip, state: _AnimatedDefaultTextStyleState#ed0a8(ticker inactive))
                                                                                                                                                                   │                                                           │                                └DefaultTextStyle(debugLabel: (englishLike bodyMedium 2021).merge((blackMountainView bodyMedium).apply), inherit: false, color: Color(alpha: 1.0000, red: 0.1137, green: 0.1059, blue: 0.1255, colorSpace: ColorSpace.sRGB), family: Roboto, size: 14.0, weight: 400, letterSpacing: 0.3, baseline: alphabetic, height: 1.4x, leadingDistribution: even, decoration: Color(alpha: 1.0000, red: 0.1137, green: 0.1059, blue: 0.1255, colorSpace: ColorSpace.sRGB) TextDecoration.none, softWrap: wrapping at box width, overflow: clip)
                                                                                                                                                                   │                                                           │                                 └Semantics(container: false, properties: SemanticsProperties, renderObject: RenderSemanticsAnnotations#41769 relayoutBoundary=up23)
                                                                                                                                                                   │                                                           │                                  └Stack(alignment: AlignmentDirectional.topStart, fit: loose, dependencies: [Directionality], renderObject: RenderStack#d54e4 relayoutBoundary=up24)
                                                                                                                                                                   │                                                           │                                   └Column(direction: vertical, mainAxisAlignment: start, crossAxisAlignment: center, renderObject: RenderFlex#75ee8 relayoutBoundary=up25)
                                                                                                                                                                   │                                                           │                                    ├Container(padding: EdgeInsets.all(12.0), bg: Color(alpha: 1.0000, red: 0.9608, green: 0.9608, blue: 0.9608, colorSpace: ColorSpace.sRGB), constraints: BoxConstraints(w=Infinity, 0.0<=h<=Infinity))
                                                                                                                                                                   │                                                           │                                    │└ConstrainedBox(BoxConstraints(w=Infinity, 0.0<=h<=Infinity), renderObject: RenderConstrainedBox#1c9c7 relayoutBoundary=up26)
                                                                                                                                                                   │                                                           │                                    │ └ColoredBox(color: Color(alpha: 1.0000, red: 0.9608, green: 0.9608, blue: 0.9608, colorSpace: ColorSpace.sRGB), renderObject: _RenderColoredBox#12f65 relayoutBoundary=up27)
                                                                                                                                                                   │                                                           │                                    │  └Padding(padding: EdgeInsets.all(12.0), dependencies: [Directionality], renderObject: RenderPadding#bb5c2 relayoutBoundary=up28)
                                                                                                                                                                   │                                                           │                                    │   └Text("【団体戦】 青龍道場 vs 白虎剣友会", inherit: true, color: Color(alpha: 1.0000, red: 0.2588, green: 0.2588, blue: 0.2588, colorSpace: ColorSpace.sRGB), weight: 700, dependencies: [DefaultSelectionStyle, DefaultTextStyle, MediaQuery])
                                                                                                                                                                   │                                                           │                                    │    └RichText(softWrap: wrapping at box width, maxLines: unlimited, text: "【団体戦】 青龍道場 vs 白虎剣友会", dependencies: [Directionality, _LocalizationsScope-[GlobalKey#62535]], renderObject: RenderParagraph#4fd0b relayoutBoundary=up29)
                                                                                                                                                                   │                                                           │                                    └Table(dependencies: [Directionality, MediaQuery, _LocalizationsScope-[GlobalKey#62535]], renderObject: RenderTable#1818b relayoutBoundary=up26)
                                                                                                                                                                   │                                                           │                                     ├SizedBox.shrink(renderObject: RenderConstrainedBox#b2f0f relayoutBoundary=up27)
                                                                                                                                                                   │                                                           │                                     ├Container(bg: Color(alpha: 0.0000, red: 0.0000, green: 0.0000, blue: 0.0000, colorSpace: ColorSpace.sRGB))
                                                                                                                                                                   │                                                           │                                     │└ColoredBox(color: Color(alpha: 0.0000, red: 0.0000, green: 0.0000, blue: 0.0000, colorSpace: ColorSpace.sRGB), renderObject: _RenderColoredBox#c401b relayoutBoundary=up27)
                                                                                                                                                                   │                                                           │                                     │ └Center(alignment: Alignment.center, dependencies: [Directionality], renderObject: RenderPositionedBox#6293b relayoutBoundary=up28)
                                                                                                                                                                   │                                                           │                                     │  └Padding(padding: EdgeInsets.all(8.0), dependencies: [Directionality], renderObject: RenderPadding#280e0 relayoutBoundary=up29)
                                                                                                                                                                   │                                                           │                                     │   └Text("先鋒", inherit: true, color: Color(alpha: 1.0000, red: 0.2588, green: 0.2588, blue: 0.2588, colorSpace: ColorSpace.sRGB), size: 10.0, weight: 700, dependencies: [DefaultSelectionStyle, DefaultTextStyle, MediaQuery])
                                                                                                                                                                   │                                                           │                                     │    └RichText(softWrap: wrapping at box width, maxLines: unlimited, text: "先鋒", dependencies: [Directionality, _LocalizationsScope-[GlobalKey#62535]], renderObject: RenderParagraph#b6c53 relayoutBoundary=up30)
                                                                                                                                                                   │                                                           │                                     ├Container(bg: Color(alpha: 0.0000, red: 0.0000, green: 0.0000, blue: 0.0000, colorSpace: ColorSpace.sRGB))
                                                                                                                                                                   │                                                           │                                     │└ColoredBox(color: Color(alpha: 0.0000, red: 0.0000, green: 0.0000, blue: 0.0000, colorSpace: ColorSpace.sRGB), renderObject: _RenderColoredBox#be73e relayoutBoundary=up27)
                                                                                                                                                                   │                                                           │                                     │ └Center(alignment: Alignment.center, dependencies: [Directionality], renderObject: RenderPositionedBox#7a8bd relayoutBoundary=up28)
                                                                                                                                                                   │                                                           │                                     │  └Padding(padding: EdgeInsets.all(8.0), dependencies: [Directionality], renderObject: RenderPadding#d52f5 relayoutBoundary=up29)
                                                                                                                                                                   │                                                           │                                     │   └Text("次鋒", inherit: true, color: Color(alpha: 1.0000, red: 0.2588, green: 0.2588, blue: 0.2588, colorSpace: ColorSpace.sRGB), size: 10.0, weight: 700, dependencies: [DefaultSelectionStyle, DefaultTextStyle, MediaQuery])
                                                                                                                                                                   │                                                           │                                     │    └RichText(softWrap: wrapping at box width, maxLines: unlimited, text: "次鋒", dependencies: [Directionality, _LocalizationsScope-[GlobalKey#62535]], renderObject: RenderParagraph#acb04 relayoutBoundary=up30)
                                                                                                                                                                   │                                                           │                                     ├Center(alignment: Alignment.center, dependencies: [Directionality], renderObject: RenderPositionedBox#020d9 relayoutBoundary=up27)
                                                                                                                                                                   │                                                           │                                     │└Padding(padding: EdgeInsets.all(8.0), dependencies: [Directionality], renderObject: RenderPadding#3b507 relayoutBoundary=up28)
                                                                                                                                                                   │                                                           │                                     │ └Text("本/勝", inherit: true, color: Color(alpha: 1.0000, red: 0.3804, green: 0.3804, blue: 0.3804, colorSpace: ColorSpace.sRGB), size: 10.0, dependencies: [DefaultSelectionStyle, DefaultTextStyle, MediaQuery])
                                                                                                                                                                   │                                                           │                                     │  └RichText(softWrap: wrapping at box width, maxLines: unlimited, text: "本/勝", dependencies: [Directionality, _LocalizationsScope-[GlobalKey#62535]], renderObject: RenderParagraph#6f270 relayoutBoundary=up29)
                                                                                                                                                                   │                                                           │                                     ├Center(alignment: Alignment.center, dependencies: [Directionality], renderObject: RenderPositionedBox#54148 relayoutBoundary=up27)
                                                                                                                                                                   │                                                           │                                     │└Padding(padding: EdgeInsets.all(4.0), dependencies: [Directionality], renderObject: RenderPadding#5c4eb relayoutBoundary=up28)
                                                                                                                                                                   │                                                           │                                     │ └Text("青龍道場", inherit: true, color: Color(alpha: 1.0000, red: 0.8275, green: 0.1843, blue: 0.1843, colorSpace: ColorSpace.sRGB), size: 11.0, weight: 700, textAlign: center, dependencies: [DefaultSelectionStyle, DefaultTextStyle, MediaQuery])
                                                                                                                                                                   │                                                           │                                     │  └RichText(textAlign: center, softWrap: wrapping at box width, maxLines: unlimited, text: "青龍道場", dependencies: [Directionality, _LocalizationsScope-[GlobalKey#62535]], renderObject: RenderParagraph#3f103 relayoutBoundary=up29)
                                                                                                                                                                   │                                                           │                                     ├Container(bg: Color(alpha: 0.0000, red: 0.0000, green: 0.0000, blue: 0.0000, colorSpace: ColorSpace.sRGB))
                                                                                                                                                                   │                                                           │                                     │└ColoredBox(color: Color(alpha: 0.0000, red: 0.0000, green: 0.0000, blue: 0.0000, colorSpace: ColorSpace.sRGB), renderObject: _RenderColoredBox#d0c7b relayoutBoundary=up27)
                                                                                                                                                                   │                                                           │                                     │ └Center(alignment: Alignment.center, dependencies: [Directionality], renderObject: RenderPositionedBox#86532 relayoutBoundary=up28)
                                                                                                                                                                   │                                                           │                                     │  └Padding(padding: EdgeInsets(4.0, 12.0, 4.0, 12.0), dependencies: [Directionality], renderObject: RenderPadding#ea833 relayoutBoundary=up29)
                                                                                                                                                                   │                                                           │                                     │   └Column(direction: vertical, mainAxisAlignment: start, mainAxisSize: min, crossAxisAlignment: center, renderObject: RenderFlex#e88f3 relayoutBoundary=up30)
                                                                                                                                                                   │                                                           │                                     │    ├Text("先", inherit: true, color: Color(alpha: 1.0000, red: 0.2588, green: 0.2588, blue: 0.2588, colorSpace: ColorSpace.sRGB), size: 11.0, weight: 700, height: 1.1x, dependencies: [DefaultSelectionStyle, DefaultTextStyle, MediaQuery])
                                                                                                                                                                   │                                                           │                                     │    │└RichText(softWrap: wrapping at box width, maxLines: unlimited, text: "先", dependencies: [Directionality, _LocalizationsScope-[GlobalKey#62535]], renderObject: RenderParagraph#b4658 relayoutBoundary=up31)
                                                                                                                                                                   │                                                           │                                     │    └Text("鋒", inherit: true, color: Color(alpha: 1.0000, red: 0.2588, green: 0.2588, blue: 0.2588, colorSpace: ColorSpace.sRGB), size: 11.0, weight: 700, height: 1.1x, dependencies: [DefaultSelectionStyle, DefaultTextStyle, MediaQuery])
                                                                                                                                                                   │                                                           │                                     │     └RichText(softWrap: wrapping at box width, maxLines: unlimited, text: "鋒", dependencies: [Directionality, _LocalizationsScope-[GlobalKey#62535]], renderObject: RenderParagraph#18169 relayoutBoundary=up31)
                                                                                                                                                                   │                                                           │                                     ├Container(bg: Color(alpha: 0.0000, red: 0.0000, green: 0.0000, blue: 0.0000, colorSpace: ColorSpace.sRGB))
                                                                                                                                                                   │                                                           │                                     │└ColoredBox(color: Color(alpha: 0.0000, red: 0.0000, green: 0.0000, blue: 0.0000, colorSpace: ColorSpace.sRGB), renderObject: _RenderColoredBox#79436 relayoutBoundary=up27)
                                                                                                                                                                   │                                                           │                                     │ └Center(alignment: Alignment.center, dependencies: [Directionality], renderObject: RenderPositionedBox#c7699 relayoutBoundary=up28)
                                                                                                                                                                   │                                                           │                                     │  └Padding(padding: EdgeInsets(4.0, 12.0, 4.0, 12.0), dependencies: [Directionality], renderObject: RenderPadding#ca425 relayoutBoundary=up29)
                                                                                                                                                                   │                                                           │                                     │   └Column(direction: vertical, mainAxisAlignment: start, mainAxisSize: min, crossAxisAlignment: center, renderObject: RenderFlex#928ec relayoutBoundary=up30)
                                                                                                                                                                   │                                                           │                                     │    ├Text("次", inherit: true, color: Color(alpha: 1.0000, red: 0.2588, green: 0.2588, blue: 0.2588, colorSpace: ColorSpace.sRGB), size: 11.0, weight: 700, height: 1.1x, dependencies: [DefaultSelectionStyle, DefaultTextStyle, MediaQuery])
                                                                                                                                                                   │                                                           │                                     │    │└RichText(softWrap: wrapping at box width, maxLines: unlimited, text: "次", dependencies: [Directionality, _LocalizationsScope-[GlobalKey#62535]], renderObject: RenderParagraph#09a3c relayoutBoundary=up31)
                                                                                                                                                                   │                                                           │                                     │    └Text("鋒", inherit: true, color: Color(alpha: 1.0000, red: 0.2588, green: 0.2588, blue: 0.2588, colorSpace: ColorSpace.sRGB), size: 11.0, weight: 700, height: 1.1x, dependencies: [DefaultSelectionStyle, DefaultTextStyle, MediaQuery])
                                                                                                                                                                   │                                                           │                                     │     └RichText(softWrap: wrapping at box width, maxLines: unlimited, text: "鋒", dependencies: [Directionality, _LocalizationsScope-[GlobalKey#62535]], renderObject: RenderParagraph#d04e0 relayoutBoundary=up31)
                                                                                                                                                                   │                                                           │                                     ├Center(alignment: Alignment.center, dependencies: [Directionality], renderObject: RenderPositionedBox#61737 relayoutBoundary=up27)
                                                                                                                                                                   │                                                           │                                     │└Text("1\n--\n1", inherit: true, color: Color(alpha: 1.0000, red: 0.2588, green: 0.2588, blue: 0.2588, colorSpace: ColorSpace.sRGB), size: 12.0, weight: 700, textAlign: center, dependencies: [DefaultSelectionStyle, DefaultTextStyle, MediaQuery])
                                                                                                                                                                   │                                                           │                                     │ └RichText(textAlign: center, softWrap: wrapping at box width, maxLines: unlimited, text: "1\n--\n1", dependencies: [Directionality, _LocalizationsScope-[GlobalKey#62535]], renderObject: RenderParagraph#9903e relayoutBoundary=up28)
                                                                                                                                                                   │                                                           │                                     ├SizedBox.shrink(renderObject: RenderConstrainedBox#c77c4 relayoutBoundary=up27)
                                                                                                                                                                   │                                                           │                                     ├Container(Alignment.center, constraints: BoxConstraints(0.0<=w<=Infinity, h=70.0))
                                                                                                                                                                   │                                                           │                                     │└ConstrainedBox(BoxConstraints(0.0<=w<=Infinity, h=70.0), renderObject: RenderConstrainedBox#bced4 relayoutBoundary=up27)
                                                                                                                                                                   │                                                           │                                     │ └Align(alignment: Alignment.center, dependencies: [Directionality], renderObject: RenderPositionedBox#210a0)
                                                                                                                                                                   │                                                           │                                     │  └Stack(alignment: Alignment.center, fit: loose, dependencies: [Directionality], renderObject: RenderStack#9a190 relayoutBoundary=up1)
                                                                                                                                                                   │                                                           │                                     │   ├Divider(dependencies: [InheritedCupertinoTheme, _InheritedTheme, _LocalizationsScope-[GlobalKey#62535]])
                                                                                                                                                                   │                                                           │                                     │   │└SizedBox(height: 0.0, renderObject: RenderConstrainedBox#cc711 relayoutBoundary=up2)
                                                                                                                                                                   │                                                           │                                     │   │ └Center(alignment: Alignment.center, dependencies: [Directionality], renderObject: RenderPositionedBox#47af2 relayoutBoundary=up3)
                                                                                                                                                                   │                                                           │                                     │   │  └Container(bg: BoxDecoration(border: Border(bottom: BorderSide(color: Color(alpha: 1.0000, red: 0.8784, green: 0.8784, blue: 0.8784, colorSpace: ColorSpace.sRGB)))), constraints: BoxConstraints(0.0<=w<=Infinity, h=1.0), margin: EdgeInsets.zero)
                                                                                                                                                                   │                                                           │                                     │   │   └Padding(padding: EdgeInsets.zero, dependencies: [Directionality], renderObject: RenderPadding#f4d19 relayoutBoundary=up4)
                                                                                                                                                                   │                                                           │                                     │   │    └ConstrainedBox(BoxConstraints(0.0<=w<=Infinity, h=1.0), renderObject: RenderConstrainedBox#ee1e9 relayoutBoundary=up5)
                                                                                                                                                                   │                                                           │                                     │   │     └DecoratedBox(bg: BoxDecoration(border: Border(bottom: BorderSide(color: Color(alpha: 1.0000, red: 0.8784, green: 0.8784, blue: 0.8784, colorSpace: ColorSpace.sRGB)))), dependencies: [Directionality, MediaQuery, _LocalizationsScope-[GlobalKey#62535]], renderObject: RenderDecoratedBox#a36dc relayoutBoundary=up6)
                                                                                                                                                                   │                                                           │                                     │   │      └Padding(padding: EdgeInsets(0.0, 0.0, 0.0, 1.0), dependencies: [Directionality], renderObject: RenderPadding#8f1b3 relayoutBoundary=up7)
                                                                                                                                                                   │                                                           │                                     │   │       └LimitedBox(maxWidth: 0.0, maxHeight: 0.0, renderObject: RenderLimitedBox#d1cb1 relayoutBoundary=up8)
                                                                                                                                                                   │                                                           │                                     │   │        └ConstrainedBox(BoxConstraints(biggest), renderObject: RenderConstrainedBox#e830c relayoutBoundary=up9)
                                                                                                                                                                   │                                                           │                                     │   └Column(direction: vertical, mainAxisAlignment: start, crossAxisAlignment: center, renderObject: RenderFlex#8ef1d relayoutBoundary=up2)
                                                                                                                                                                   │                                                           │                                     │    ├Expanded(flex: 1)
                                                                                                                                                                   │                                                           │                                     │    │└SizedBox(width: 36.0, height: 36.0, renderObject: RenderConstrainedBox#2b8a0 relayoutBoundary=up3)
                                                                                                                                                                   │                                                           │                                     │    │ └Stack(alignment: Alignment.center, fit: loose, dependencies: [Directionality], renderObject: RenderStack#9168b)
                                                                                                                                                                   │                                                           │                                     │    │  └Container(bg: BoxDecoration(border: Border.all(BorderSide(color: Color(alpha: 0.4000, red: 0.8275, green: 0.1843, blue: 0.1843, colorSpace: ColorSpace.sRGB), width: 1.5)), shape: circle), constraints: BoxConstraints(w=32.0, h=32.0))
                                                                                                                                                                   │                                                           │                                     │    │   └ConstrainedBox(BoxConstraints(w=32.0, h=32.0), renderObject: RenderConstrainedBox#b8396 relayoutBoundary=up1)
                                                                                                                                                                   │                                                           │                                     │    │    └DecoratedBox(bg: BoxDecoration(border: Border.all(BorderSide(color: Color(alpha: 0.4000, red: 0.8275, green: 0.1843, blue: 0.1843, colorSpace: ColorSpace.sRGB), width: 1.5)), shape: circle), dependencies: [Directionality, MediaQuery, _LocalizationsScope-[GlobalKey#62535]], renderObject: RenderDecoratedBox#d90c3)
                                                                                                                                                                   │                                                           │                                     │    │     └Padding(padding: EdgeInsets.all(1.5), dependencies: [Directionality], renderObject: RenderPadding#24d3d)
                                                                                                                                                                   │                                                           │                                     │    └Expanded(flex: 1)
                                                                                                                                                                   │                                                           │                                     │     └SizedBox(width: 36.0, height: 36.0, renderObject: RenderConstrainedBox#5a4c6 relayoutBoundary=up3)
                                                                                                                                                                   │                                                           │                                     │      └Stack(alignment: Alignment.center, fit: loose, dependencies: [Directionality], renderObject: RenderStack#03d50)
                                                                                                                                                                   │                                                           │                                     ├Container(Alignment.center, constraints: BoxConstraints(0.0<=w<=Infinity, h=70.0))
                                                                                                                                                                   │                                                           │                                     │└ConstrainedBox(BoxConstraints(0.0<=w<=Infinity, h=70.0), renderObject: RenderConstrainedBox#23d82 relayoutBoundary=up27)
                                                                                                                                                                   │                                                           │                                     │ └Align(alignment: Alignment.center, dependencies: [Directionality], renderObject: RenderPositionedBox#2e1fc)
                                                                                                                                                                   │                                                           │                                     │  └Stack(alignment: Alignment.center, fit: loose, dependencies: [Directionality], renderObject: RenderStack#c5e99 relayoutBoundary=up1)
                                                                                                                                                                   │                                                           │                                     │   ├Divider(dependencies: [InheritedCupertinoTheme, _InheritedTheme, _LocalizationsScope-[GlobalKey#62535]])
                                                                                                                                                                   │                                                           │                                     │   │└SizedBox(height: 0.0, renderObject: RenderConstrainedBox#7f75d relayoutBoundary=up2)
                                                                                                                                                                   │                                                           │                                     │   │ └Center(alignment: Alignment.center, dependencies: [Directionality], renderObject: RenderPositionedBox#936b0 relayoutBoundary=up3)
                                                                                                                                                                   │                                                           │                                     │   │  └Container(bg: BoxDecoration(border: Border(bottom: BorderSide(color: Color(alpha: 1.0000, red: 0.8784, green: 0.8784, blue: 0.8784, colorSpace: ColorSpace.sRGB)))), constraints: BoxConstraints(0.0<=w<=Infinity, h=1.0), margin: EdgeInsets.zero)
                                                                                                                                                                   │                                                           │                                     │   │   └Padding(padding: EdgeInsets.zero, dependencies: [Directionality], renderObject: RenderPadding#78d33 relayoutBoundary=up4)
                                                                                                                                                                   │                                                           │                                     │   │    └ConstrainedBox(BoxConstraints(0.0<=w<=Infinity, h=1.0), renderObject: RenderConstrainedBox#013d9 relayoutBoundary=up5)
                                                                                                                                                                   │                                                           │                                     │   │     └DecoratedBox(bg: BoxDecoration(border: Border(bottom: BorderSide(color: Color(alpha: 1.0000, red: 0.8784, green: 0.8784, blue: 0.8784, colorSpace: ColorSpace.sRGB)))), dependencies: [Directionality, MediaQuery, _LocalizationsScope-[GlobalKey#62535]], renderObject: RenderDecoratedBox#ccb26 relayoutBoundary=up6)
                                                                                                                                                                   │                                                           │                                     │   │      └Padding(padding: EdgeInsets(0.0, 0.0, 0.0, 1.0), dependencies: [Directionality], renderObject: RenderPadding#14898 relayoutBoundary=up7)
                                                                                                                                                                   │                                                           │                                     │   │       └LimitedBox(maxWidth: 0.0, maxHeight: 0.0, renderObject: RenderLimitedBox#2a986 relayoutBoundary=up8)
                                                                                                                                                                   │                                                           │                                     │   │        └ConstrainedBox(BoxConstraints(biggest), renderObject: RenderConstrainedBox#99f3f relayoutBoundary=up9)
                                                                                                                                                                   │                                                           │                                     │   ├Container(padding: EdgeInsets(2.0, 0.0, 2.0, 0.0), bg: Color(alpha: 1.0000, red: 1.0000, green: 1.0000, blue: 1.0000, colorSpace: ColorSpace.sRGB))
                                                                                                                                                                   │                                                           │                                     │   │└ColoredBox(color: Color(alpha: 1.0000, red: 1.0000, green: 1.0000, blue: 1.0000, colorSpace: ColorSpace.sRGB), renderObject: _RenderColoredBox#49508 relayoutBoundary=up2)
                                                                                                                                                                   │                                                           │                                     │   │ └Padding(padding: EdgeInsets(2.0, 0.0, 2.0, 0.0), dependencies: [Directionality], renderObject: RenderPadding#6cef1 relayoutBoundary=up3)
                                                                                                                                                                   │                                                           │                                     │   │  └Text("✕", inherit: true, color: Color(alpha: 1.0000, red: 0.7412, green: 0.7412, blue: 0.7412, colorSpace: ColorSpace.sRGB), size: 16.0, weight: 900, dependencies: [DefaultSelectionStyle, DefaultTextStyle, MediaQuery])
                                                                                                                                                                   │                                                           │                                     │   │   └RichText(softWrap: wrapping at box width, maxLines: unlimited, text: "✕", dependencies: [Directionality, _LocalizationsScope-[GlobalKey#62535]], renderObject: RenderParagraph#3c4d9 relayoutBoundary=up4)
                                                                                                                                                                   │                                                           │                                     │   └Column(direction: vertical, mainAxisAlignment: start, crossAxisAlignment: center, renderObject: RenderFlex#1291c relayoutBoundary=up2)
                                                                                                                                                                   │                                                           │                                     │    ├Expanded(flex: 1)
                                                                                                                                                                   │                                                           │                                     │    │└SizedBox(width: 36.0, height: 36.0, renderObject: RenderConstrainedBox#d356c relayoutBoundary=up3)
                                                                                                                                                                   │                                                           │                                     │    │ └Stack(alignment: Alignment.center, fit: loose, dependencies: [Directionality], renderObject: RenderStack#45127)
                                                                                                                                                                   │                                                           │                                     │    └Expanded(flex: 1)
                                                                                                                                                                   │                                                           │                                     │     └SizedBox(width: 36.0, height: 36.0, renderObject: RenderConstrainedBox#4268b relayoutBoundary=up3)
                                                                                                                                                                   │                                                           │                                     │      └Stack(alignment: Alignment.center, fit: loose, dependencies: [Directionality], renderObject: RenderStack#e30f6)
                                                                                                                                                                   │                                                           │                                     ├Container(Alignment.center, constraints: BoxConstraints(0.0<=w<=Infinity, h=70.0))
                                                                                                                                                                   │                                                           │                                     │└ConstrainedBox(BoxConstraints(0.0<=w<=Infinity, h=70.0), renderObject: RenderConstrainedBox#79727 relayoutBoundary=up27)
                                                                                                                                                                   │                                                           │                                     │ └Align(alignment: Alignment.center, dependencies: [Directionality], renderObject: RenderPositionedBox#010d6)
                                                                                                                                                                   │                                                           │                                     │  └Stack(alignment: Alignment.center, fit: loose, dependencies: [Directionality], renderObject: RenderStack#4babe relayoutBoundary=up1)
                                                                                                                                                                   │                                                           │                                     │   ├Divider(dependencies: [InheritedCupertinoTheme, _InheritedTheme, _LocalizationsScope-[GlobalKey#62535]])
                                                                                                                                                                   │                                                           │                                     │   │└SizedBox(height: 0.0, renderObject: RenderConstrainedBox#287a3 relayoutBoundary=up2)
                                                                                                                                                                   │                                                           │                                     │   │ └Center(alignment: Alignment.center, dependencies: [Directionality], renderObject: RenderPositionedBox#7dd87 relayoutBoundary=up3)
                                                                                                                                                                   │                                                           │                                     │   │  └Container(bg: BoxDecoration(border: Border(bottom: BorderSide(color: Color(alpha: 1.0000, red: 0.8784, green: 0.8784, blue: 0.8784, colorSpace: ColorSpace.sRGB)))), constraints: BoxConstraints(0.0<=w<=Infinity, h=1.0), margin: EdgeInsets.zero)
                                                                                                                                                                   │                                                           │                                     │   │   └Padding(padding: EdgeInsets.zero, dependencies: [Directionality], renderObject: RenderPadding#b48f7 relayoutBoundary=up4)
                                                                                                                                                                   │                                                           │                                     │   │    └ConstrainedBox(BoxConstraints(0.0<=w<=Infinity, h=1.0), renderObject: RenderConstrainedBox#9c1e3 relayoutBoundary=up5)
                                                                                                                                                                   │                                                           │                                     │   │     └DecoratedBox(bg: BoxDecoration(border: Border(bottom: BorderSide(color: Color(alpha: 1.0000, red: 0.8784, green: 0.8784, blue: 0.8784, colorSpace: ColorSpace.sRGB)))), dependencies: [Directionality, MediaQuery, _LocalizationsScope-[GlobalKey#62535]], renderObject: RenderDecoratedBox#6013b relayoutBoundary=up6)
                                                                                                                                                                   │                                                           │                                     │   │      └Padding(padding: EdgeInsets(0.0, 0.0, 0.0, 1.0), dependencies: [Directionality], renderObject: RenderPadding#15da3 relayoutBoundary=up7)
                                                                                                                                                                   │                                                           │                                     │   │       └LimitedBox(maxWidth: 0.0, maxHeight: 0.0, renderObject: RenderLimitedBox#42ca0 relayoutBoundary=up8)
                                                                                                                                                                   │                                                           │                                     │   │        └ConstrainedBox(BoxConstraints(biggest), renderObject: RenderConstrainedBox#66e70 relayoutBoundary=up9)
                                                                                                                                                                   │                                                           │                                     │   └Column(direction: vertical, mainAxisAlignment: start, crossAxisAlignment: center, renderObject: RenderFlex#f5b47 relayoutBoundary=up2)
                                                                                                                                                                   │                                                           │                                     │    ├Expanded(flex: 1)
                                                                                                                                                                   │                                                           │                                     │    │└Center(alignment: Alignment.center, dependencies: [Directionality], renderObject: RenderPositionedBox#b59c4 relayoutBoundary=up3)
                                                                                                                                                                   │                                                           │                                     │    │ └Text("勝", inherit: true, color: Color(alpha: 1.0000, red: 0.8980, green: 0.2235, blue: 0.2078, colorSpace: ColorSpace.sRGB), size: 14.0, weight: 700, dependencies: [DefaultSelectionStyle, DefaultTextStyle, MediaQuery])
                                                                                                                                                                   │                                                           │                                     │    │  └RichText(softWrap: wrapping at box width, maxLines: unlimited, text: "勝", dependencies: [Directionality, _LocalizationsScope-[GlobalKey#62535]], renderObject: RenderParagraph#42f9c relayoutBoundary=up4)
                                                                                                                                                                   │                                                           │                                     │    └Expanded(flex: 1)
                                                                                                                                                                   │                                                           │                                     │     └Center(alignment: Alignment.center, dependencies: [Directionality], renderObject: RenderPositionedBox#9323a relayoutBoundary=up3)
                                                                                                                                                                   │                                                           │                                     │      └Text("負", inherit: true, color: Color(alpha: 1.0000, red: 0.0000, green: 0.0000, blue: 0.0000, colorSpace: ColorSpace.sRGB), size: 14.0, weight: 700, dependencies: [DefaultSelectionStyle, DefaultTextStyle, MediaQuery])
                                                                                                                                                                   │                                                           │                                     │       └RichText(softWrap: wrapping at box width, maxLines: unlimited, text: "負", dependencies: [Directionality, _LocalizationsScope-[GlobalKey#62535]], renderObject: RenderParagraph#c546b relayoutBoundary=up4)
                                                                                                                                                                   │                                                           │                                     ├Center(alignment: Alignment.center, dependencies: [Directionality], renderObject: RenderPositionedBox#842ad relayoutBoundary=up27)
                                                                                                                                                                   │                                                           │                                     │└Padding(padding: EdgeInsets.all(4.0), dependencies: [Directionality], renderObject: RenderPadding#2a5fc relayoutBoundary=up28)
                                                                                                                                                                   │                                                           │                                     │ └Text("白虎剣友会", inherit: true, color: Color(alpha: 1.0000, red: 0.2706, green: 0.3529, blue: 0.3922, colorSpace: ColorSpace.sRGB), size: 11.0, weight: 700, textAlign: center, dependencies: [DefaultSelectionStyle, DefaultTextStyle, MediaQuery])
                                                                                                                                                                   │                                                           │                                     │  └RichText(textAlign: center, softWrap: wrapping at box width, maxLines: unlimited, text: "白虎剣友会", dependencies: [Directionality, _LocalizationsScope-[GlobalKey#62535]], renderObject: RenderParagraph#7db41 relayoutBoundary=up29)
                                                                                                                                                                   │                                                           │                                     ├Container(bg: Color(alpha: 0.0000, red: 0.0000, green: 0.0000, blue: 0.0000, colorSpace: ColorSpace.sRGB))
                                                                                                                                                                   │                                                           │                                     │└ColoredBox(color: Color(alpha: 0.0000, red: 0.0000, green: 0.0000, blue: 0.0000, colorSpace: ColorSpace.sRGB), renderObject: _RenderColoredBox#68d76 relayoutBoundary=up27)
                                                                                                                                                                   │                                                           │                                     │ └Center(alignment: Alignment.center, dependencies: [Directionality], renderObject: RenderPositionedBox#6a101 relayoutBoundary=up28)
                                                                                                                                                                   │                                                           │                                     │  └Padding(padding: EdgeInsets(4.0, 12.0, 4.0, 12.0), dependencies: [Directionality], renderObject: RenderPadding#f751c relayoutBoundary=up29)
                                                                                                                                                                   │                                                           │                                     │   └Column(direction: vertical, mainAxisAlignment: start, mainAxisSize: min, crossAxisAlignment: center, renderObject: RenderFlex#fccb5 relayoutBoundary=up30)
                                                                                                                                                                   │                                                           │                                     │    ├Text("先", inherit: true, color: Color(alpha: 1.0000, red: 0.2588, green: 0.2588, blue: 0.2588, colorSpace: ColorSpace.sRGB), size: 11.0, weight: 700, height: 1.1x, dependencies: [DefaultSelectionStyle, DefaultTextStyle, MediaQuery])
                                                                                                                                                                   │                                                           │                                     │    │└RichText(softWrap: wrapping at box width, maxLines: unlimited, text: "先", dependencies: [Directionality, _LocalizationsScope-[GlobalKey#62535]], renderObject: RenderParagraph#3d965 relayoutBoundary=up31)
                                                                                                                                                                   │                                                           │                                     │    └Text("鋒", inherit: true, color: Color(alpha: 1.0000, red: 0.2588, green: 0.2588, blue: 0.2588, colorSpace: ColorSpace.sRGB), size: 11.0, weight: 700, height: 1.1x, dependencies: [DefaultSelectionStyle, DefaultTextStyle, MediaQuery])
                                                                                                                                                                   │                                                           │                                     │     └RichText(softWrap: wrapping at box width, maxLines: unlimited, text: "鋒", dependencies: [Directionality, _LocalizationsScope-[GlobalKey#62535]], renderObject: RenderParagraph#6e3df relayoutBoundary=up31)
                                                                                                                                                                   │                                                           │                                     ├Container(bg: Color(alpha: 0.0000, red: 0.0000, green: 0.0000, blue: 0.0000, colorSpace: ColorSpace.sRGB))
                                                                                                                                                                   │                                                           │                                     │└ColoredBox(color: Color(alpha: 0.0000, red: 0.0000, green: 0.0000, blue: 0.0000, colorSpace: ColorSpace.sRGB), renderObject: _RenderColoredBox#d07a4 relayoutBoundary=up27)
                                                                                                                                                                   │                                                           │                                     │ └Center(alignment: Alignment.center, dependencies: [Directionality], renderObject: RenderPositionedBox#92613 relayoutBoundary=up28)
                                                                                                                                                                   │                                                           │                                     │  └Padding(padding: EdgeInsets(4.0, 12.0, 4.0, 12.0), dependencies: [Directionality], renderObject: RenderPadding#052ae relayoutBoundary=up29)
                                                                                                                                                                   │                                                           │                                     │   └Column(direction: vertical, mainAxisAlignment: start, mainAxisSize: min, crossAxisAlignment: center, renderObject: RenderFlex#29f65 relayoutBoundary=up30)
                                                                                                                                                                   │                                                           │                                     │    ├Text("次", inherit: true, color: Color(alpha: 1.0000, red: 0.2588, green: 0.2588, blue: 0.2588, colorSpace: ColorSpace.sRGB), size: 11.0, weight: 700, height: 1.1x, dependencies: [DefaultSelectionStyle, DefaultTextStyle, MediaQuery])
                                                                                                                                                                   │                                                           │                                     │    │└RichText(softWrap: wrapping at box width, maxLines: unlimited, text: "次", dependencies: [Directionality, _LocalizationsScope-[GlobalKey#62535]], renderObject: RenderParagraph#45ce7 relayoutBoundary=up31)
                                                                                                                                                                   │                                                           │                                     │    └Text("鋒", inherit: true, color: Color(alpha: 1.0000, red: 0.2588, green: 0.2588, blue: 0.2588, colorSpace: ColorSpace.sRGB), size: 11.0, weight: 700, height: 1.1x, dependencies: [DefaultSelectionStyle, DefaultTextStyle, MediaQuery])
                                                                                                                                                                   │                                                           │                                     │     └RichText(softWrap: wrapping at box width, maxLines: unlimited, text: "鋒", dependencies: [Directionality, _LocalizationsScope-[GlobalKey#62535]], renderObject: RenderParagraph#9e3be relayoutBoundary=up31)
                                                                                                                                                                   │                                                           │                                     └Center(alignment: Alignment.center, dependencies: [Directionality], renderObject: RenderPositionedBox#566f8 relayoutBoundary=up27)
                                                                                                                                                                   │                                                           │                                      └Text("0\n--\n0", inherit: true, color: Color(alpha: 1.0000, red: 0.2588, green: 0.2588, blue: 0.2588, colorSpace: ColorSpace.sRGB), size: 12.0, weight: 700, textAlign: center, dependencies: [DefaultSelectionStyle, DefaultTextStyle, MediaQuery])
                                                                                                                                                                   │                                                           │                                       └RichText(textAlign: center, softWrap: wrapping at box width, maxLines: unlimited, text: "0\n--\n0", dependencies: [Directionality, _LocalizationsScope-[GlobalKey#62535]], renderObject: RenderParagraph#d0841 relayoutBoundary=up28)
                                                                                                                                                                   │                                                           ├KeyedSubtree
                                                                                                                                                                   │                                                           │└AutomaticKeepAlive(state: _AutomaticKeepAliveState#5a28e(handles: no notifications ever received))
                                                                                                                                                                   │                                                           │ └KeepAlive(keepAlive: false)
                                                                                                                                                                   │                                                           │  └NotificationListener<KeepAliveNotification>
                                                                                                                                                                   │                                                           │   └_SelectionKeepAlive(state: _SelectionKeepAliveState#41726)
                                                                                                                                                                   │                                                           │    └IndexedSemantics(index: 1, renderObject: RenderIndexedSemantics#52e0a relayoutBoundary=up12)
                                                                                                                                                                   │                                                           │     └RepaintBoundary(renderObject: RenderRepaintBoundary#2b86a relayoutBoundary=up13)
                                                                                                                                                                   │                                                           │      └Column(direction: vertical, mainAxisAlignment: start, crossAxisAlignment: start, dependencies: [Directionality], renderObject: RenderFlex#c326b relayoutBoundary=up14)
                                                                                                                                                                   │                                                           │       ├Padding(padding: EdgeInsets(8.0, 24.0, 0.0, 12.0), dependencies: [Directionality], renderObject: RenderPadding#5d947 relayoutBoundary=up15)
                                                                                                                                                                   │                                                           │       │└Text("【リーグ戦】 青龍道場 : 2チームリーグ（全1試合）", inherit: true, color: Color(alpha: 1.0000, red: 0.1020, green: 0.1373, blue: 0.4941, colorSpace: ColorSpace.sRGB), size: 16.0, weight: 700, dependencies: [DefaultSelectionStyle, DefaultTextStyle, MediaQuery])
                                                                                                                                                                   │                                                           │       │ └RichText(softWrap: wrapping at box width, maxLines: unlimited, text: "【リーグ戦】 青龍道場 : 2チームリーグ（全1試合）", dependencies: [Directionality, _LocalizationsScope-[GlobalKey#62535]], renderObject: RenderParagraph#916de relayoutBoundary=up16)
                                                                                                                                                                   │                                                           │       ├SingleChildScrollView(dependencies: [Directionality, InheritedCupertinoTheme, ScrollConfiguration, _InheritedTheme, _LocalizationsScope-[GlobalKey#62535]])
                                                                                                                                                                   │                                                           │       │└Scrollable(axisDirection: right, physics: null, restorationId: null, dependencies: [InheritedCupertinoTheme, MediaQuery, ScrollConfiguration, UnmanagedRestorationScope, _InheritedTheme, _LocalizationsScope-[GlobalKey#62535]], state: ScrollableState#2f722(position: ScrollPositionWithSingleContext#d34db(offset: 0.0, range: 0.0..0.0, viewport: 463.0, ScrollableState, ClampingScrollPhysics -> RangeMaintainingScrollPhysics, IdleScrollActivity#65712, ScrollDirection.idle), effective physics: ClampingScrollPhysics -> RangeMaintainingScrollPhysics))
                                                                                                                                                                   │                                                           │       │ └StretchingOverscrollIndicator(axisDirection: right, state: _StretchingOverscrollIndicatorState#ec67e)
                                                                                                                                                                   │                                                           │       │  └NotificationListener<ScrollNotification>
                                                                                                                                                                   │                                                           │       │   └AnimatedBuilder(listenable: _StretchController(), dependencies: [MediaQuery], state: _AnimatedState#fb468)
                                                                                                                                                                   │                                                           │       │    └ClipRect(renderObject: RenderClipRect#ab133 relayoutBoundary=up15)
                                                                                                                                                                   │                                                           │       │     └StretchEffect(dependencies: [Directionality])
                                                                                                                                                                   │                                                           │       │      └Transform(dependencies: [Directionality], renderObject: RenderTransform#f327c relayoutBoundary=up16)
                                                                                                                                                                   │                                                           │       │       └NotificationListener<ScrollMetricsNotification>
                                                                                                                                                                   │                                                           │       │        └_ScrollSemantics-[GlobalKey#e2399](renderObject: _RenderScrollSemantics#2680f relayoutBoundary=up17)
                                                                                                                                                                   │                                                           │       │         └_ScrollableScope
                                                                                                                                                                   │                                                           │       │          └Listener(listeners: [signal], behavior: deferToChild, renderObject: RenderPointerListener#e4dbb relayoutBoundary=up18)
                                                                                                                                                                   │                                                           │       │           └RawGestureDetector-[LabeledGlobalKey<RawGestureDetectorState>#feb61](state: RawGestureDetectorState#0c136(gestures: <none>, behavior: opaque))
                                                                                                                                                                   │                                                           │       │            └_GestureSemantics(renderObject: RenderSemanticsGestureHandler#97c20 relayoutBoundary=up19)
                                                                                                                                                                   │                                                           │       │             └Listener(listeners: [down, panZoomStart], behavior: opaque, renderObject: RenderPointerListener#be9a1 relayoutBoundary=up20)
                                                                                                                                                                   │                                                           │       │              └Semantics(container: false, properties: SemanticsProperties, renderObject: RenderSemanticsAnnotations#f13de relayoutBoundary=up21)
                                                                                                                                                                   │                                                           │       │               └IgnorePointer-[GlobalKey#5d3eb](ignoring: false, renderObject: RenderIgnorePointer#f65a8 relayoutBoundary=up22)
                                                                                                                                                                   │                                                           │       │                └_SingleChildViewport(renderObject: _RenderSingleChildViewport#d91ba relayoutBoundary=up23)
                                                                                                                                                                   │                                                           │       │                 └InkWell-[<'viewer_match_card_予選リーグA'>]
                                                                                                                                                                   │                                                           │       │                  └_InkResponseStateWidget(gestures: [tap], mouseCursor: null, clipped to BoxShape.rectangle, dependencies: [InheritedCupertinoTheme, MediaQuery, _InheritedTheme, _LocalizationsScope-[GlobalKey#62535]], state: _InkResponseState#03dca)
                                                                                                                                                                   │                                                           │       │                   └_ParentInkResponseProvider
                                                                                                                                                                   │                                                           │       │                    └Actions(dispatcher: null, actions: {ActivateIntent: CallbackAction<ActivateIntent>#20003, ButtonActivateIntent: CallbackAction<ButtonActivateIntent>#2b0fa}, state: _ActionsState#1e3e6)
                                                                                                                                                                   │                                                           │       │                     └_ActionsScope
                                                                                                                                                                   │                                                           │       │                      └Focus(dependencies: [_FocusInheritedScope], state: _FocusState#0b704)
                                                                                                                                                                   │                                                           │       │                       └_FocusInheritedScope
                                                                                                                                                                   │                                                           │       │                        └Semantics(container: false, properties: SemanticsProperties, renderObject: RenderSemanticsAnnotations#3bba2 relayoutBoundary=up24)
                                                                                                                                                                   │                                                           │       │                         └MouseRegion(listeners: [enter, exit], cursor: SystemMouseCursor(basic), renderObject: RenderMouseRegion#ca022 relayoutBoundary=up25)
                                                                                                                                                                   │                                                           │       │                          └Builder(dependencies: [DefaultSelectionStyle])
                                                                                                                                                                   │                                                           │       │                           └DefaultSelectionStyle
                                                                                                                                                                   │                                                           │       │                            └Semantics(container: false, properties: SemanticsProperties, renderObject: RenderSemanticsAnnotations#446bd relayoutBoundary=up26)
                                                                                                                                                                   │                                                           │       │                             └GestureDetector(startBehavior: start, dependencies: [MediaQuery, ScrollConfiguration])
                                                                                                                                                                   │                                                           │       │                              └RawGestureDetector(state: RawGestureDetectorState#b43ae(gestures: [tap], excludeFromSemantics: true, behavior: opaque))
                                                                                                                                                                   │                                                           │       │                               └Listener(listeners: [down, panZoomStart], behavior: opaque, renderObject: RenderPointerListener#d0b84 relayoutBoundary=up27)
                                                                                                                                                                   │                                                           │       │                                └Card(dependencies: [InheritedCupertinoTheme, _InheritedTheme, _LocalizationsScope-[GlobalKey#62535]])
                                                                                                                                                                   │                                                           │       │                                 └Semantics(container: true, properties: SemanticsProperties, renderObject: RenderSemanticsAnnotations#af044 relayoutBoundary=up28)
                                                                                                                                                                   │                                                           │       │                                  └Padding(padding: EdgeInsets(4.0, 0.0, 4.0, 0.0), dependencies: [Directionality], renderObject: RenderPadding#6fc87 relayoutBoundary=up29)
                                                                                                                                                                   │                                                           │       │                                   └Material(type: card, color: Color(alpha: 1.0000, red: 1.0000, green: 1.0000, blue: 1.0000, colorSpace: ColorSpace.sRGB), shadowColor: Color(alpha: 1.0000, red: 0.0000, green: 0.0000, blue: 0.0000, colorSpace: ColorSpace.sRGB), surfaceTintColor: Color(alpha: 0.0000, red: 0.0000, green: 0.0000, blue: 0.0000, colorSpace: ColorSpace.sRGB), shape: RoundedRectangleBorder(BorderSide(color: Color(alpha: 1.0000, red: 0.7412, green: 0.7412, blue: 0.7412, colorSpace: ColorSpace.sRGB)), BorderRadius.circular(8.0)), dependencies: [InheritedCupertinoTheme, _InheritedTheme, _LocalizationsScope-[GlobalKey#62535]], state: _MaterialState#69d06)
                                                                                                                                                                   │                                                           │       │                                    └_MaterialInterior(duration: 200ms, shape: RoundedRectangleBorder(BorderSide(color: Color(alpha: 1.0000, red: 0.7412, green: 0.7412, blue: 0.7412, colorSpace: ColorSpace.sRGB)), BorderRadius.circular(8.0)), elevation: 0.0, color: Color(alpha: 1.0000, red: 1.0000, green: 1.0000, blue: 1.0000, colorSpace: ColorSpace.sRGB), shadowColor: Color(alpha: 1.0000, red: 0.0000, green: 0.0000, blue: 0.0000, colorSpace: ColorSpace.sRGB), dependencies: [Directionality, InheritedCupertinoTheme, _InheritedTheme, _LocalizationsScope-[GlobalKey#62535]], state: _MaterialInteriorState#f4156(ticker inactive))
                                                                                                                                                                   │                                                           │       │                                     └PhysicalShape(clipper: ShapeBorderClipper, elevation: 0.0, color: Color(alpha: 1.0000, red: 1.0000, green: 1.0000, blue: 1.0000, colorSpace: ColorSpace.sRGB), shadowColor: Color(alpha: 1.0000, red: 0.0000, green: 0.0000, blue: 0.0000, colorSpace: ColorSpace.sRGB), renderObject: RenderPhysicalShape#98cfa relayoutBoundary=up30)
                                                                                                                                                                   │                                                           │       │                                      └_ShapeBorderPaint(dependencies: [Directionality])
                                                                                                                                                                   │                                                           │       │                                       └CustomPaint(renderObject: RenderCustomPaint#7d394 relayoutBoundary=up31)
                                                                                                                                                                   │                                                           │       │                                        └NotificationListener<LayoutChangedNotification>
                                                                                                                                                                   │                                                           │       │                                         └_InkFeatures-[GlobalKey#77304 ink renderer](renderObject: _RenderInkFeatures#89a8a relayoutBoundary=up32)
                                                                                                                                                                   │                                                           │       │                                          └AnimatedDefaultTextStyle(duration: 200ms, debugLabel: (englishLike bodyMedium 2021).merge((blackMountainView bodyMedium).apply), inherit: false, color: Color(alpha: 1.0000, red: 0.1137, green: 0.1059, blue: 0.1255, colorSpace: ColorSpace.sRGB), family: Roboto, size: 14.0, weight: 400, letterSpacing: 0.3, baseline: alphabetic, height: 1.4x, leadingDistribution: even, decoration: Color(alpha: 1.0000, red: 0.1137, green: 0.1059, blue: 0.1255, colorSpace: ColorSpace.sRGB) TextDecoration.none, softWrap: wrapping at box width, overflow: clip, state: _AnimatedDefaultTextStyleState#1317c(ticker inactive))
                                                                                                                                                                   │                                                           │       │                                           └DefaultTextStyle(debugLabel: (englishLike bodyMedium 2021).merge((blackMountainView bodyMedium).apply), inherit: false, color: Color(alpha: 1.0000, red: 0.1137, green: 0.1059, blue: 0.1255, colorSpace: ColorSpace.sRGB), family: Roboto, size: 14.0, weight: 400, letterSpacing: 0.3, baseline: alphabetic, height: 1.4x, leadingDistribution: even, decoration: Color(alpha: 1.0000, red: 0.1137, green: 0.1059, blue: 0.1255, colorSpace: ColorSpace.sRGB) TextDecoration.none, softWrap: wrapping at box width, overflow: clip)
                                                                                                                                                                   │                                                           │       │                                            └Semantics(container: false, properties: SemanticsProperties, renderObject: RenderSemanticsAnnotations#9d4c3 relayoutBoundary=up33)
                                                                                                                                                                   │                                                           │       │                                             └Table(dependencies: [Directionality, MediaQuery, _LocalizationsScope-[GlobalKey#62535]], renderObject: RenderTable#85f65 relayoutBoundary=up34)
                                                                                                                                                                   │                                                           │       │                                              ├SizedBox(height: 50.0, renderObject: RenderConstrainedBox#d7bfe relayoutBoundary=up35)
                                                                                                                                                                   │                                                           │       │                                              ├Center(alignment: Alignment.center, dependencies: [Directionality], renderObject: RenderPositionedBox#bb8a7 relayoutBoundary=up35)
                                                                                                                                                                   │                                                           │       │                                              │└Padding(padding: EdgeInsets.all(4.0), dependencies: [Directionality], renderObject: RenderPadding#d2c62 relayoutBoundary=up36)
                                                                                                                                                                   │                                                           │       │                                              │ └Column(direction: vertical, mainAxisAlignment: start, mainAxisSize: min, crossAxisAlignment: center, renderObject: RenderFlex#11244 relayoutBoundary=up37)
                                                                                                                                                                   │                                                           │       │                                              │  ├Text("朱", inherit: true, color: Color(alpha: 1.0000, red: 0.2588, green: 0.2588, blue: 0.2588, colorSpace: ColorSpace.sRGB), size: 11.0, weight: 700, height: 1.1x, dependencies: [DefaultSelectionStyle, DefaultTextStyle, MediaQuery])
                                                                                                                                                                   │                                                           │       │                                              │  │└RichText(softWrap: wrapping at box width, maxLines: unlimited, text: "朱", dependencies: [Directionality, _LocalizationsScope-[GlobalKey#62535]], renderObject: RenderParagraph#595a7 relayoutBoundary=up38)
                                                                                                                                                                   │                                                           │       │                                              │  ├Text("雀", inherit: true, color: Color(alpha: 1.0000, red: 0.2588, green: 0.2588, blue: 0.2588, colorSpace: ColorSpace.sRGB), size: 11.0, weight: 700, height: 1.1x, dependencies: [DefaultSelectionStyle, DefaultTextStyle, MediaQuery])
                                                                                                                                                                   │                                                           │       │                                              │  │└RichText(softWrap: wrapping at box width, maxLines: unlimited, text: "雀", dependencies: [Directionality, _LocalizationsScope-[GlobalKey#62535]], renderObject: RenderParagraph#28391 relayoutBoundary=up38)
                                                                                                                                                                   │                                                           │       │                                              │  └Text("会", inherit: true, color: Color(alpha: 1.0000, red: 0.2588, green: 0.2588, blue: 0.2588, colorSpace: ColorSpace.sRGB), size: 11.0, weight: 700, height: 1.1x, dependencies: [DefaultSelectionStyle, DefaultTextStyle, MediaQuery])
                                                                                                                                                                   │                                                           │       │                                              │   └RichText(softWrap: wrapping at box width, maxLines: unlimited, text: "会", dependencies: [Directionality, _LocalizationsScope-[GlobalKey#62535]], renderObject: RenderParagraph#1da9f relayoutBoundary=up38)
                                                                                                                                                                   │                                                           │       │                                              ├Center(alignment: Alignment.center, dependencies: [Directionality], renderObject: RenderPositionedBox#2b21e relayoutBoundary=up35)
                                                                                                                                                                   │                                                           │       │                                              │└Padding(padding: EdgeInsets.all(4.0), dependencies: [Directionality], renderObject: RenderPadding#ee792 relayoutBoundary=up36)
                                                                                                                                                                   │                                                           │       │                                              │ └Column(direction: vertical, mainAxisAlignment: start, mainAxisSize: min, crossAxisAlignment: center, renderObject: RenderFlex#71225 relayoutBoundary=up37)
                                                                                                                                                                   │                                                           │       │                                              │  ├Text("青", inherit: true, color: Color(alpha: 1.0000, red: 0.2588, green: 0.2588, blue: 0.2588, colorSpace: ColorSpace.sRGB), size: 11.0, weight: 700, height: 1.1x, dependencies: [DefaultSelectionStyle, DefaultTextStyle, MediaQuery])
                                                                                                                                                                   │                                                           │       │                                              │  │└RichText(softWrap: wrapping at box width, maxLines: unlimited, text: "青", dependencies: [Directionality, _LocalizationsScope-[GlobalKey#62535]], renderObject: RenderParagraph#6dbfa relayoutBoundary=up38)
                                                                                                                                                                   │                                                           │       │                                              │  ├Text("龍", inherit: true, color: Color(alpha: 1.0000, red: 0.2588, green: 0.2588, blue: 0.2588, colorSpace: ColorSpace.sRGB), size: 11.0, weight: 700, height: 1.1x, dependencies: [DefaultSelectionStyle, DefaultTextStyle, MediaQuery])
                                                                                                                                                                   │                                                           │       │                                              │  │└RichText(softWrap: wrapping at box width, maxLines: unlimited, text: "龍", dependencies: [Directionality, _LocalizationsScope-[GlobalKey#62535]], renderObject: RenderParagraph#4d3ee relayoutBoundary=up38)
                                                                                                                                                                   │                                                           │       │                                              │  ├Text("道", inherit: true, color: Color(alpha: 1.0000, red: 0.2588, green: 0.2588, blue: 0.2588, colorSpace: ColorSpace.sRGB), size: 11.0, weight: 700, height: 1.1x, dependencies: [DefaultSelectionStyle, DefaultTextStyle, MediaQuery])
                                                                                                                                                                   │                                                           │       │                                              │  │└RichText(softWrap: wrapping at box width, maxLines: unlimited, text: "道", dependencies: [Directionality, _LocalizationsScope-[GlobalKey#62535]], renderObject: RenderParagraph#5cf21 relayoutBoundary=up38)
                                                                                                                                                                   │                                                           │       │                                              │  └Text("場", inherit: true, color: Color(alpha: 1.0000, red: 0.2588, green: 0.2588, blue: 0.2588, colorSpace: ColorSpace.sRGB), size: 11.0, weight: 700, height: 1.1x, dependencies: [DefaultSelectionStyle, DefaultTextStyle, MediaQuery])
                                                                                                                                                                   │                                                           │       │                                              │   └RichText(softWrap: wrapping at box width, maxLines: unlimited, text: "場", dependencies: [Directionality, _LocalizationsScope-[GlobalKey#62535]], renderObject: RenderParagraph#95f4f relayoutBoundary=up38)
                                                                                                                                                                   │                                                           │       │                                              ├Center(alignment: Alignment.center, dependencies: [Directionality], renderObject: RenderPositionedBox#d26da relayoutBoundary=up35)
                                                                                                                                                                   │                                                           │       │                                              │└Padding(padding: EdgeInsets(0.0, 12.0, 0.0, 12.0), dependencies: [Directionality], renderObject: RenderPadding#b47c3 relayoutBoundary=up36)
                                                                                                                                                                   │                                                           │       │                                              │ └Text("勝数", inherit: true, color: Color(alpha: 1.0000, red: 0.4588, green: 0.4588, blue: 0.4588, colorSpace: ColorSpace.sRGB), size: 10.0, dependencies: [DefaultSelectionStyle, DefaultTextStyle, MediaQuery])
                                                                                                                                                                   │                                                           │       │                                              │  └RichText(softWrap: wrapping at box width, maxLines: unlimited, text: "勝数", dependencies: [Directionality, _LocalizationsScope-[GlobalKey#62535]], renderObject: RenderParagraph#09d8c relayoutBoundary=up37)
                                                                                                                                                                   │                                                           │       │                                              ├Center(alignment: Alignment.center, dependencies: [Directionality], renderObject: RenderPositionedBox#5f24c relayoutBoundary=up35)
                                                                                                                                                                   │                                                           │       │                                              │└Padding(padding: EdgeInsets(0.0, 12.0, 0.0, 12.0), dependencies: [Directionality], renderObject: RenderPadding#6353b relayoutBoundary=up36)
                                                                                                                                                                   │                                                           │       │                                              │ └Text("勝者", inherit: true, color: Color(alpha: 1.0000, red: 0.4588, green: 0.4588, blue: 0.4588, colorSpace: ColorSpace.sRGB), size: 10.0, dependencies: [DefaultSelectionStyle, DefaultTextStyle, MediaQuery])
                                                                                                                                                                   │                                                           │       │                                              │  └RichText(softWrap: wrapping at box width, maxLines: unlimited, text: "勝者", dependencies: [Directionality, _LocalizationsScope-[GlobalKey#62535]], renderObject: RenderParagraph#a0c8a relayoutBoundary=up37)
                                                                                                                                                                   │                                                           │       │                                              ├Center(alignment: Alignment.center, dependencies: [Directionality], renderObject: RenderPositionedBox#8329b relayoutBoundary=up35)
                                                                                                                                                                   │                                                           │       │                                              │└Padding(padding: EdgeInsets(0.0, 12.0, 0.0, 12.0), dependencies: [Directionality], renderObject: RenderPadding#e8e81 relayoutBoundary=up36)
                                                                                                                                                                   │                                                           │       │                                              │ └Text("本数", inherit: true, color: Color(alpha: 1.0000, red: 0.4588, green: 0.4588, blue: 0.4588, colorSpace: ColorSpace.sRGB), size: 10.0, dependencies: [DefaultSelectionStyle, DefaultTextStyle, MediaQuery])
                                                                                                                                                                   │                                                           │       │                                              │  └RichText(softWrap: wrapping at box width, maxLines: unlimited, text: "本数", dependencies: [Directionality, _LocalizationsScope-[GlobalKey#62535]], renderObject: RenderParagraph#21f43 relayoutBoundary=up37)
                                                                                                                                                                   │                                                           │       │                                              ├Center(alignment: Alignment.center, dependencies: [Directionality], renderObject: RenderPositionedBox#20123 relayoutBoundary=up35)
                                                                                                                                                                   │                                                           │       │                                              │└Padding(padding: EdgeInsets(0.0, 12.0, 0.0, 12.0), dependencies: [Directionality], renderObject: RenderPadding#30250 relayoutBoundary=up36)
                                                                                                                                                                   │                                                           │       │                                              │ └Text("勝点", inherit: true, color: Color(alpha: 1.0000, red: 0.4588, green: 0.4588, blue: 0.4588, colorSpace: ColorSpace.sRGB), size: 10.0, dependencies: [DefaultSelectionStyle, DefaultTextStyle, MediaQuery])
                                                                                                                                                                   │                                                           │       │                                              │  └RichText(softWrap: wrapping at box width, maxLines: unlimited, text: "勝点", dependencies: [Directionality, _LocalizationsScope-[GlobalKey#62535]], renderObject: RenderParagraph#95948 relayoutBoundary=up37)
                                                                                                                                                                   │                                                           │       │                                              ├Center(alignment: Alignment.center, dependencies: [Directionality], renderObject: RenderPositionedBox#c0ed2 relayoutBoundary=up35)
                                                                                                                                                                   │                                                           │       │                                              │└Padding(padding: EdgeInsets(0.0, 12.0, 0.0, 12.0), dependencies: [Directionality], renderObject: RenderPadding#a6c64 relayoutBoundary=up36)
                                                                                                                                                                   │                                                           │       │                                              │ └Text("順位", inherit: true, color: Color(alpha: 1.0000, red: 0.4588, green: 0.4588, blue: 0.4588, colorSpace: ColorSpace.sRGB), size: 10.0, dependencies: [DefaultSelectionStyle, DefaultTextStyle, MediaQuery])
                                                                                                                                                                   │                                                           │       │                                              │  └RichText(softWrap: wrapping at box width, maxLines: unlimited, text: "順位", dependencies: [Directionality, _LocalizationsScope-[GlobalKey#62535]], renderObject: RenderParagraph#7b738 relayoutBoundary=up37)
                                                                                                                                                                   │                                                           │       │                                              ├Container(Alignment.center, bg: BoxDecoration(color: Color(alpha: 1.0000, red: 0.9098, green: 0.9176, blue: 0.9647, colorSpace: ColorSpace.sRGB)), constraints: BoxConstraints(0.0<=w<=Infinity, h=65.0))
                                                                                                                                                                   │                                                           │       │                                              │└ConstrainedBox(BoxConstraints(0.0<=w<=Infinity, h=65.0), renderObject: RenderConstrainedBox#619c1 relayoutBoundary=up35)
                                                                                                                                                                   │                                                           │       │                                              │ └DecoratedBox(bg: BoxDecoration(color: Color(alpha: 1.0000, red: 0.9098, green: 0.9176, blue: 0.9647, colorSpace: ColorSpace.sRGB)), dependencies: [Directionality, MediaQuery, _LocalizationsScope-[GlobalKey#62535]], renderObject: RenderDecoratedBox#f1eb1)
                                                                                                                                                                   │                                                           │       │                                              │  └Padding(padding: EdgeInsets.zero, dependencies: [Directionality], renderObject: RenderPadding#6ad9d)
                                                                                                                                                                   │                                                           │       │                                              │   └Align(alignment: Alignment.center, dependencies: [Directionality], renderObject: RenderPositionedBox#173c8)
                                                                                                                                                                   │                                                           │       │                                              │    └Padding(padding: EdgeInsets.all(4.0), dependencies: [Directionality], renderObject: RenderPadding#3d312 relayoutBoundary=up1)
                                                                                                                                                                   │                                                           │       │                                              │     └Text("朱雀会", inherit: true, color: Color(alpha: 0.8667, red: 0.0000, green: 0.0000, blue: 0.0000, colorSpace: ColorSpace.sRGB), size: 11.0, weight: 700, textAlign: center, maxLines: 2, dependencies: [DefaultSelectionStyle, DefaultTextStyle, MediaQuery])
                                                                                                                                                                   │                                                           │       │                                              │      └RichText(textAlign: center, softWrap: wrapping at box width, maxLines: 2, text: "朱雀会", dependencies: [Directionality, _LocalizationsScope-[GlobalKey#62535]], renderObject: RenderParagraph#4b0bc relayoutBoundary=up2)
                                                                                                                                                                   │                                                           │       │                                              ├Container(bg: Color(alpha: 1.0000, red: 0.9333, green: 0.9333, blue: 0.9333, colorSpace: ColorSpace.sRGB), constraints: BoxConstraints(0.0<=w<=Infinity, h=65.0))
                                                                                                                                                                   │                                                           │       │                                              │└ConstrainedBox(BoxConstraints(0.0<=w<=Infinity, h=65.0), renderObject: RenderConstrainedBox#11400 relayoutBoundary=up35)
                                                                                                                                                                   │                                                           │       │                                              │ └ColoredBox(color: Color(alpha: 1.0000, red: 0.9333, green: 0.9333, blue: 0.9333, colorSpace: ColorSpace.sRGB), renderObject: _RenderColoredBox#fb1a1)
                                                                                                                                                                   │                                                           │       │                                              │  └CustomPaint(renderObject: RenderCustomPaint#8379e)
                                                                                                                                                                   │                                                           │       │                                              ├SizedBox(height: 65.0, renderObject: RenderConstrainedBox#53aea relayoutBoundary=up35)
                                                                                                                                                                   │                                                           │       │                                              ├Container(Alignment.center, constraints: BoxConstraints(0.0<=w<=Infinity, h=65.0))
                                                                                                                                                                   │                                                           │       │                                              │└ConstrainedBox(BoxConstraints(0.0<=w<=Infinity, h=65.0), renderObject: RenderConstrainedBox#d9f06 relayoutBoundary=up35)
                                                                                                                                                                   │                                                           │       │                                              │ └Align(alignment: Alignment.center, dependencies: [Directionality], renderObject: RenderPositionedBox#b33a5)
                                                                                                                                                                   │                                                           │       │                                              │  └Text("0", inherit: true, color: Color(alpha: 0.8667, red: 0.0000, green: 0.0000, blue: 0.0000, colorSpace: ColorSpace.sRGB), size: 13.0, weight: 700, dependencies: [DefaultSelectionStyle, DefaultTextStyle, MediaQuery])
                                                                                                                                                                   │                                                           │       │                                              │   └RichText(softWrap: wrapping at box width, maxLines: unlimited, text: "0", dependencies: [Directionality, _LocalizationsScope-[GlobalKey#62535]], renderObject: RenderParagraph#3733c relayoutBoundary=up1)
                                                                                                                                                                   │                                                           │       │                                              ├Container(Alignment.center, constraints: BoxConstraints(0.0<=w<=Infinity, h=65.0))
                                                                                                                                                                   │                                                           │       │                                              │└ConstrainedBox(BoxConstraints(0.0<=w<=Infinity, h=65.0), renderObject: RenderConstrainedBox#159ba relayoutBoundary=up35)
                                                                                                                                                                   │                                                           │       │                                              │ └Align(alignment: Alignment.center, dependencies: [Directionality], renderObject: RenderPositionedBox#c32d7)
                                                                                                                                                                   │                                                           │       │                                              │  └Text("0", inherit: true, color: Color(alpha: 0.8667, red: 0.0000, green: 0.0000, blue: 0.0000, colorSpace: ColorSpace.sRGB), size: 13.0, weight: 700, dependencies: [DefaultSelectionStyle, DefaultTextStyle, MediaQuery])
                                                                                                                                                                   │                                                           │       │                                              │   └RichText(softWrap: wrapping at box width, maxLines: unlimited, text: "0", dependencies: [Directionality, _LocalizationsScope-[GlobalKey#62535]], renderObject: RenderParagraph#4ce5c relayoutBoundary=up1)
                                                                                                                                                                   │                                                           │       │                                              ├Container(Alignment.center, constraints: BoxConstraints(0.0<=w<=Infinity, h=65.0))
                                                                                                                                                                   │                                                           │       │                                              │└ConstrainedBox(BoxConstraints(0.0<=w<=Infinity, h=65.0), renderObject: RenderConstrainedBox#1d61c relayoutBoundary=up35)
                                                                                                                                                                   │                                                           │       │                                              │ └Align(alignment: Alignment.center, dependencies: [Directionality], renderObject: RenderPositionedBox#e80fd)
                                                                                                                                                                   │                                                           │       │                                              │  └Text("0", inherit: true, color: Color(alpha: 0.8667, red: 0.0000, green: 0.0000, blue: 0.0000, colorSpace: ColorSpace.sRGB), size: 13.0, weight: 700, dependencies: [DefaultSelectionStyle, DefaultTextStyle, MediaQuery])
                                                                                                                                                                   │                                                           │       │                                              │   └RichText(softWrap: wrapping at box width, maxLines: unlimited, text: "0", dependencies: [Directionality, _LocalizationsScope-[GlobalKey#62535]], renderObject: RenderParagraph#ea3dc relayoutBoundary=up1)
                                                                                                                                                                   │                                                           │       │                                              ├Container(Alignment.center, constraints: BoxConstraints(0.0<=w<=Infinity, h=65.0))
                                                                                                                                                                   │                                                           │       │                                              │└ConstrainedBox(BoxConstraints(0.0<=w<=Infinity, h=65.0), renderObject: RenderConstrainedBox#b231f relayoutBoundary=up35)
                                                                                                                                                                   │                                                           │       │                                              │ └Align(alignment: Alignment.center, dependencies: [Directionality], renderObject: RenderPositionedBox#56db9)
                                                                                                                                                                   │                                                           │       │                                              │  └Text("0", inherit: true, color: Color(alpha: 0.8667, red: 0.0000, green: 0.0000, blue: 0.0000, colorSpace: ColorSpace.sRGB), size: 13.0, weight: 700, dependencies: [DefaultSelectionStyle, DefaultTextStyle, MediaQuery])
                                                                                                                                                                   │                                                           │       │                                              │   └RichText(softWrap: wrapping at box width, maxLines: unlimited, text: "0", dependencies: [Directionality, _LocalizationsScope-[GlobalKey#62535]], renderObject: RenderParagraph#0579e relayoutBoundary=up1)
                                                                                                                                                                   │                                                           │       │                                              ├Container(Alignment.center, bg: Color(alpha: 1.0000, red: 1.0000, green: 0.9529, blue: 0.8784, colorSpace: ColorSpace.sRGB), constraints: BoxConstraints(0.0<=w<=Infinity, h=65.0))
                                                                                                                                                                   │                                                           │       │                                              │└ConstrainedBox(BoxConstraints(0.0<=w<=Infinity, h=65.0), renderObject: RenderConstrainedBox#adc92 relayoutBoundary=up35)
                                                                                                                                                                   │                                                           │       │                                              │ └ColoredBox(color: Color(alpha: 1.0000, red: 1.0000, green: 0.9529, blue: 0.8784, colorSpace: ColorSpace.sRGB), renderObject: _RenderColoredBox#37ce5)
                                                                                                                                                                   │                                                           │       │                                              │  └Align(alignment: Alignment.center, dependencies: [Directionality], renderObject: RenderPositionedBox#dbc3f)
                                                                                                                                                                   │                                                           │       │                                              │   └Text("-", inherit: true, color: Color(alpha: 1.0000, red: 0.9373, green: 0.4235, blue: 0.0000, colorSpace: ColorSpace.sRGB), size: 16.0, weight: 700, dependencies: [DefaultSelectionStyle, DefaultTextStyle, MediaQuery])
                                                                                                                                                                   │                                                           │       │                                              │    └RichText(softWrap: wrapping at box width, maxLines: unlimited, text: "-", dependencies: [Directionality, _LocalizationsScope-[GlobalKey#62535]], renderObject: RenderParagraph#02d83 relayoutBoundary=up1)
                                                                                                                                                                   │                                                           │       │                                              ├Container(Alignment.center, bg: BoxDecoration(color: Color(alpha: 1.0000, red: 0.9098, green: 0.9176, blue: 0.9647, colorSpace: ColorSpace.sRGB)), constraints: BoxConstraints(0.0<=w<=Infinity, h=65.0))
                                                                                                                                                                   │                                                           │       │                                              │└ConstrainedBox(BoxConstraints(0.0<=w<=Infinity, h=65.0), renderObject: RenderConstrainedBox#a9107 relayoutBoundary=up35)
                                                                                                                                                                   │                                                           │       │                                              │ └DecoratedBox(bg: BoxDecoration(color: Color(alpha: 1.0000, red: 0.9098, green: 0.9176, blue: 0.9647, colorSpace: ColorSpace.sRGB)), dependencies: [Directionality, MediaQuery, _LocalizationsScope-[GlobalKey#62535]], renderObject: RenderDecoratedBox#66fb1)
                                                                                                                                                                   │                                                           │       │                                              │  └Padding(padding: EdgeInsets.zero, dependencies: [Directionality], renderObject: RenderPadding#9c31b)
                                                                                                                                                                   │                                                           │       │                                              │   └Align(alignment: Alignment.center, dependencies: [Directionality], renderObject: RenderPositionedBox#34ec2)
                                                                                                                                                                   │                                                           │       │                                              │    └Padding(padding: EdgeInsets.all(4.0), dependencies: [Directionality], renderObject: RenderPadding#9ccd8 relayoutBoundary=up1)
                                                                                                                                                                   │                                                           │       │                                              │     └Text("青龍道場", inherit: true, color: Color(alpha: 0.8667, red: 0.0000, green: 0.0000, blue: 0.0000, colorSpace: ColorSpace.sRGB), size: 11.0, weight: 700, textAlign: center, maxLines: 2, dependencies: [DefaultSelectionStyle, DefaultTextStyle, MediaQuery])
                                                                                                                                                                   │                                                           │       │                                              │      └RichText(textAlign: center, softWrap: wrapping at box width, maxLines: 2, text: "青龍道場", dependencies: [Directionality, _LocalizationsScope-[GlobalKey#62535]], renderObject: RenderParagraph#a0fc1 relayoutBoundary=up2)
                                                                                                                                                                   │                                                           │       │                                              ├SizedBox(height: 65.0, renderObject: RenderConstrainedBox#3df4b relayoutBoundary=up35)
                                                                                                                                                                   │                                                           │       │                                              ├Container(bg: Color(alpha: 1.0000, red: 0.9333, green: 0.9333, blue: 0.9333, colorSpace: ColorSpace.sRGB), constraints: BoxConstraints(0.0<=w<=Infinity, h=65.0))
                                                                                                                                                                   │                                                           │       │                                              │└ConstrainedBox(BoxConstraints(0.0<=w<=Infinity, h=65.0), renderObject: RenderConstrainedBox#c85c4 relayoutBoundary=up35)
                                                                                                                                                                   │                                                           │       │                                              │ └ColoredBox(color: Color(alpha: 1.0000, red: 0.9333, green: 0.9333, blue: 0.9333, colorSpace: ColorSpace.sRGB), renderObject: _RenderColoredBox#1cc36)
                                                                                                                                                                   │                                                           │       │                                              │  └CustomPaint(renderObject: RenderCustomPaint#80adf)
                                                                                                                                                                   │                                                           │       │                                              ├Container(Alignment.center, constraints: BoxConstraints(0.0<=w<=Infinity, h=65.0))
                                                                                                                                                                   │                                                           │       │                                              │└ConstrainedBox(BoxConstraints(0.0<=w<=Infinity, h=65.0), renderObject: RenderConstrainedBox#75e9e relayoutBoundary=up35)
                                                                                                                                                                   │                                                           │       │                                              │ └Align(alignment: Alignment.center, dependencies: [Directionality], renderObject: RenderPositionedBox#0cdc9)
                                                                                                                                                                   │                                                           │       │                                              │  └Text("0", inherit: true, color: Color(alpha: 0.8667, red: 0.0000, green: 0.0000, blue: 0.0000, colorSpace: ColorSpace.sRGB), size: 13.0, weight: 700, dependencies: [DefaultSelectionStyle, DefaultTextStyle, MediaQuery])
                                                                                                                                                                   │                                                           │       │                                              │   └RichText(softWrap: wrapping at box width, maxLines: unlimited, text: "0", dependencies: [Directionality, _LocalizationsScope-[GlobalKey#62535]], renderObject: RenderParagraph#bc68c relayoutBoundary=up1)
                                                                                                                                                                   │                                                           │       │                                              ├Container(Alignment.center, constraints: BoxConstraints(0.0<=w<=Infinity, h=65.0))
                                                                                                                                                                   │                                                           │       │                                              │└ConstrainedBox(BoxConstraints(0.0<=w<=Infinity, h=65.0), renderObject: RenderConstrainedBox#4bdf6 relayoutBoundary=up35)
                                                                                                                                                                   │                                                           │       │                                              │ └Align(alignment: Alignment.center, dependencies: [Directionality], renderObject: RenderPositionedBox#a0ef9)
                                                                                                                                                                   │                                                           │       │                                              │  └Text("0", inherit: true, color: Color(alpha: 0.8667, red: 0.0000, green: 0.0000, blue: 0.0000, colorSpace: ColorSpace.sRGB), size: 13.0, weight: 700, dependencies: [DefaultSelectionStyle, DefaultTextStyle, MediaQuery])
                                                                                                                                                                   │                                                           │       │                                              │   └RichText(softWrap: wrapping at box width, maxLines: unlimited, text: "0", dependencies: [Directionality, _LocalizationsScope-[GlobalKey#62535]], renderObject: RenderParagraph#53089 relayoutBoundary=up1)
                                                                                                                                                                   │                                                           │       │                                              ├Container(Alignment.center, constraints: BoxConstraints(0.0<=w<=Infinity, h=65.0))
                                                                                                                                                                   │                                                           │       │                                              │└ConstrainedBox(BoxConstraints(0.0<=w<=Infinity, h=65.0), renderObject: RenderConstrainedBox#7b78f relayoutBoundary=up35)
                                                                                                                                                                   │                                                           │       │                                              │ └Align(alignment: Alignment.center, dependencies: [Directionality], renderObject: RenderPositionedBox#780cf)
                                                                                                                                                                   │                                                           │       │                                              │  └Text("0", inherit: true, color: Color(alpha: 0.8667, red: 0.0000, green: 0.0000, blue: 0.0000, colorSpace: ColorSpace.sRGB), size: 13.0, weight: 700, dependencies: [DefaultSelectionStyle, DefaultTextStyle, MediaQuery])
                                                                                                                                                                   │                                                           │       │                                              │   └RichText(softWrap: wrapping at box width, maxLines: unlimited, text: "0", dependencies: [Directionality, _LocalizationsScope-[GlobalKey#62535]], renderObject: RenderParagraph#2633f relayoutBoundary=up1)
                                                                                                                                                                   │                                                           │       │                                              ├Container(Alignment.center, constraints: BoxConstraints(0.0<=w<=Infinity, h=65.0))
                                                                                                                                                                   │                                                           │       │                                              │└ConstrainedBox(BoxConstraints(0.0<=w<=Infinity, h=65.0), renderObject: RenderConstrainedBox#3d7d2 relayoutBoundary=up35)
                                                                                                                                                                   │                                                           │       │                                              │ └Align(alignment: Alignment.center, dependencies: [Directionality], renderObject: RenderPositionedBox#30f75)
                                                                                                                                                                   │                                                           │       │                                              │  └Text("0", inherit: true, color: Color(alpha: 0.8667, red: 0.0000, green: 0.0000, blue: 0.0000, colorSpace: ColorSpace.sRGB), size: 13.0, weight: 700, dependencies: [DefaultSelectionStyle, DefaultTextStyle, MediaQuery])
                                                                                                                                                                   │                                                           │       │                                              │   └RichText(softWrap: wrapping at box width, maxLines: unlimited, text: "0", dependencies: [Directionality, _LocalizationsScope-[GlobalKey#62535]], renderObject: RenderParagraph#de92b relayoutBoundary=up1)
                                                                                                                                                                   │                                                           │       │                                              └Container(Alignment.center, bg: Color(alpha: 1.0000, red: 1.0000, green: 0.9529, blue: 0.8784, colorSpace: ColorSpace.sRGB), constraints: BoxConstraints(0.0<=w<=Infinity, h=65.0))
                                                                                                                                                                   │                                                           │       │                                               └ConstrainedBox(BoxConstraints(0.0<=w<=Infinity, h=65.0), renderObject: RenderConstrainedBox#cb2d0 relayoutBoundary=up35)
                                                                                                                                                                   │                                                           │       │                                                └ColoredBox(color: Color(alpha: 1.0000, red: 1.0000, green: 0.9529, blue: 0.8784, colorSpace: ColorSpace.sRGB), renderObject: _RenderColoredBox#4dc5b)
                                                                                                                                                                   │                                                           │       │                                                 └Align(alignment: Alignment.center, dependencies: [Directionality], renderObject: RenderPositionedBox#50175)
                                                                                                                                                                   │                                                           │       │                                                  └Text("-", inherit: true, color: Color(alpha: 1.0000, red: 0.9373, green: 0.4235, blue: 0.0000, colorSpace: ColorSpace.sRGB), size: 16.0, weight: 700, dependencies: [DefaultSelectionStyle, DefaultTextStyle, MediaQuery])
                                                                                                                                                                   │                                                           │       │                                                   └RichText(softWrap: wrapping at box width, maxLines: unlimited, text: "-", dependencies: [Directionality, _LocalizationsScope-[GlobalKey#62535]], renderObject: RenderParagraph#2b474 relayoutBoundary=up1)
                                                                                                                                                                   │                                                           │       ├SizedBox(height: 32.0, renderObject: RenderConstrainedBox#2f556 relayoutBoundary=up15)
                                                                                                                                                                   │                                                           │       ├Padding(padding: EdgeInsets(8.0, 0.0, 0.0, 12.0), dependencies: [Directionality], renderObject: RenderPadding#914b2 relayoutBoundary=up15)
                                                                                                                                                                   │                                                           │       │└Text("▼ 対戦カード別 スコア詳細", inherit: true, color: MaterialColor(primary value: Color(alpha: 1.0000, red: 0.6196, green: 0.6196, blue: 0.6196, colorSpace: ColorSpace.sRGB)), size: 14.0, weight: 700, dependencies: [DefaultSelectionStyle, DefaultTextStyle, MediaQuery])
                                                                                                                                                                   │                                                           │       │ └RichText(softWrap: wrapping at box width, maxLines: unlimited, text: "▼ 対戦カード別 スコア詳細", dependencies: [Directionality, _LocalizationsScope-[GlobalKey#62535]], renderObject: RenderParagraph#2d4ed relayoutBoundary=up16)
                                                                                                                                                                   │                                                           │       ├Padding(padding: EdgeInsets(0.0, 0.0, 0.0, 24.0), dependencies: [Directionality], renderObject: RenderPadding#15cec relayoutBoundary=up15)
                                                                                                                                                                   │                                                           │       │└InkWell-[<'viewer_match_card_青龍道場 vs 朱雀会'>]
                                                                                                                                                                   │                                                           │       │ └_InkResponseStateWidget(gestures: [tap], mouseCursor: null, clipped to BoxShape.rectangle, dependencies: [InheritedCupertinoTheme, MediaQuery, _InheritedTheme, _LocalizationsScope-[GlobalKey#62535]], state: _InkResponseState#fbed6)
                                                                                                                                                                   │                                                           │       │  └_ParentInkResponseProvider
                                                                                                                                                                   │                                                           │       │   └Actions(dispatcher: null, actions: {ActivateIntent: CallbackAction<ActivateIntent>#1eb64, ButtonActivateIntent: CallbackAction<ButtonActivateIntent>#f9156}, state: _ActionsState#22355)
                                                                                                                                                                   │                                                           │       │    └_ActionsScope
                                                                                                                                                                   │                                                           │       │     └Focus(dependencies: [_FocusInheritedScope], state: _FocusState#20f4f)
                                                                                                                                                                   │                                                           │       │      └_FocusInheritedScope
                                                                                                                                                                   │                                                           │       │       └Semantics(container: false, properties: SemanticsProperties, renderObject: RenderSemanticsAnnotations#4196d relayoutBoundary=up16)
                                                                                                                                                                   │                                                           │       │        └MouseRegion(listeners: [enter, exit], cursor: SystemMouseCursor(basic), renderObject: RenderMouseRegion#981dd relayoutBoundary=up17)
                                                                                                                                                                   │                                                           │       │         └Builder(dependencies: [DefaultSelectionStyle])
                                                                                                                                                                   │                                                           │       │          └DefaultSelectionStyle
                                                                                                                                                                   │                                                           │       │           └Semantics(container: false, properties: SemanticsProperties, renderObject: RenderSemanticsAnnotations#76552 relayoutBoundary=up18)
                                                                                                                                                                   │                                                           │       │            └GestureDetector(startBehavior: start, dependencies: [MediaQuery, ScrollConfiguration])
                                                                                                                                                                   │                                                           │       │             └RawGestureDetector(state: RawGestureDetectorState#c9863(gestures: [tap], excludeFromSemantics: true, behavior: opaque))
                                                                                                                                                                   │                                                           │       │              └Listener(listeners: [down, panZoomStart], behavior: opaque, renderObject: RenderPointerListener#e657c relayoutBoundary=up19)
                                                                                                                                                                   │                                                           │       │               └Card(dependencies: [InheritedCupertinoTheme, _InheritedTheme, _LocalizationsScope-[GlobalKey#62535]])
                                                                                                                                                                   │                                                           │       │                └Semantics(container: true, properties: SemanticsProperties, renderObject: RenderSemanticsAnnotations#b4a38 relayoutBoundary=up20)
                                                                                                                                                                   │                                                           │       │                 └Padding(padding: EdgeInsets(4.0, 8.0, 4.0, 8.0), dependencies: [Directionality], renderObject: RenderPadding#08182 relayoutBoundary=up21)
                                                                                                                                                                   │                                                           │       │                  └Material(type: card, color: Color(alpha: 1.0000, red: 1.0000, green: 1.0000, blue: 1.0000, colorSpace: ColorSpace.sRGB), shadowColor: Color(alpha: 1.0000, red: 0.0000, green: 0.0000, blue: 0.0000, colorSpace: ColorSpace.sRGB), surfaceTintColor: Color(alpha: 0.0000, red: 0.0000, green: 0.0000, blue: 0.0000, colorSpace: ColorSpace.sRGB), shape: RoundedRectangleBorder(BorderSide(color: Color(alpha: 1.0000, red: 0.8784, green: 0.8784, blue: 0.8784, colorSpace: ColorSpace.sRGB)), BorderRadius.circular(12.0)), dependencies: [InheritedCupertinoTheme, _InheritedTheme, _LocalizationsScope-[GlobalKey#62535]], state: _MaterialState#62450)
                                                                                                                                                                   │                                                           │       │                   └_MaterialInterior(duration: 200ms, shape: RoundedRectangleBorder(BorderSide(color: Color(alpha: 1.0000, red: 0.8784, green: 0.8784, blue: 0.8784, colorSpace: ColorSpace.sRGB)), BorderRadius.circular(12.0)), elevation: 0.0, color: Color(alpha: 1.0000, red: 1.0000, green: 1.0000, blue: 1.0000, colorSpace: ColorSpace.sRGB), shadowColor: Color(alpha: 1.0000, red: 0.0000, green: 0.0000, blue: 0.0000, colorSpace: ColorSpace.sRGB), dependencies: [Directionality, InheritedCupertinoTheme, _InheritedTheme, _LocalizationsScope-[GlobalKey#62535]], state: _MaterialInteriorState#a29e2(ticker inactive))
                                                                                                                                                                   │                                                           │       │                    └PhysicalShape(clipper: ShapeBorderClipper, elevation: 0.0, color: Color(alpha: 1.0000, red: 1.0000, green: 1.0000, blue: 1.0000, colorSpace: ColorSpace.sRGB), shadowColor: Color(alpha: 1.0000, red: 0.0000, green: 0.0000, blue: 0.0000, colorSpace: ColorSpace.sRGB), renderObject: RenderPhysicalShape#0403d relayoutBoundary=up22)
                                                                                                                                                                   │                                                           │       │                     └_ShapeBorderPaint(dependencies: [Directionality])
                                                                                                                                                                   │                                                           │       │                      └CustomPaint(renderObject: RenderCustomPaint#56912 relayoutBoundary=up23)
                                                                                                                                                                   │                                                           │       │                       └NotificationListener<LayoutChangedNotification>
                                                                                                                                                                   │                                                           │       │                        └_InkFeatures-[GlobalKey#e39cc ink renderer](renderObject: _RenderInkFeatures#4508f relayoutBoundary=up24)
                                                                                                                                                                   │                                                           │       │                         └AnimatedDefaultTextStyle(duration: 200ms, debugLabel: (englishLike bodyMedium 2021).merge((blackMountainView bodyMedium).apply), inherit: false, color: Color(alpha: 1.0000, red: 0.1137, green: 0.1059, blue: 0.1255, colorSpace: ColorSpace.sRGB), family: Roboto, size: 14.0, weight: 400, letterSpacing: 0.3, baseline: alphabetic, height: 1.4x, leadingDistribution: even, decoration: Color(alpha: 1.0000, red: 0.1137, green: 0.1059, blue: 0.1255, colorSpace: ColorSpace.sRGB) TextDecoration.none, softWrap: wrapping at box width, overflow: clip, state: _AnimatedDefaultTextStyleState#33d33(ticker inactive))
                                                                                                                                                                   │                                                           │       │                          └DefaultTextStyle(debugLabel: (englishLike bodyMedium 2021).merge((blackMountainView bodyMedium).apply), inherit: false, color: Color(alpha: 1.0000, red: 0.1137, green: 0.1059, blue: 0.1255, colorSpace: ColorSpace.sRGB), family: Roboto, size: 14.0, weight: 400, letterSpacing: 0.3, baseline: alphabetic, height: 1.4x, leadingDistribution: even, decoration: Color(alpha: 1.0000, red: 0.1137, green: 0.1059, blue: 0.1255, colorSpace: ColorSpace.sRGB) TextDecoration.none, softWrap: wrapping at box width, overflow: clip)
                                                                                                                                                                   │                                                           │       │                           └Semantics(container: false, properties: SemanticsProperties, renderObject: RenderSemanticsAnnotations#2ac99 relayoutBoundary=up25)
                                                                                                                                                                   │                                                           │       │                            └Stack(alignment: AlignmentDirectional.topStart, fit: loose, dependencies: [Directionality], renderObject: RenderStack#8e323 relayoutBoundary=up26)
                                                                                                                                                                   │                                                           │       │                             └Column(direction: vertical, mainAxisAlignment: start, crossAxisAlignment: center, renderObject: RenderFlex#97cab relayoutBoundary=up27)
                                                                                                                                                                   │                                                           │       │                              ├Container(padding: EdgeInsets.all(12.0), bg: Color(alpha: 1.0000, red: 0.9608, green: 0.9608, blue: 0.9608, colorSpace: ColorSpace.sRGB), constraints: BoxConstraints(w=Infinity, 0.0<=h<=Infinity))
                                                                                                                                                                   │                                                           │       │                              │└ConstrainedBox(BoxConstraints(w=Infinity, 0.0<=h<=Infinity), renderObject: RenderConstrainedBox#fa74d relayoutBoundary=up28)
                                                                                                                                                                   │                                                           │       │                              │ └ColoredBox(color: Color(alpha: 1.0000, red: 0.9608, green: 0.9608, blue: 0.9608, colorSpace: ColorSpace.sRGB), renderObject: _RenderColoredBox#255b9 relayoutBoundary=up29)
                                                                                                                                                                   │                                                           │       │                              │  └Padding(padding: EdgeInsets.all(12.0), dependencies: [Directionality], renderObject: RenderPadding#89888 relayoutBoundary=up30)
                                                                                                                                                                   │                                                           │       │                              │   └Text("【リーグ戦】 青龍道場 vs 朱雀会", inherit: true, color: Color(alpha: 1.0000, red: 0.2588, green: 0.2588, blue: 0.2588, colorSpace: ColorSpace.sRGB), weight: 700, dependencies: [DefaultSelectionStyle, DefaultTextStyle, MediaQuery])
                                                                                                                                                                   │                                                           │       │                              │    └RichText(softWrap: wrapping at box width, maxLines: unlimited, text: "【リーグ戦】 青龍道場 vs 朱雀会", dependencies: [Directionality, _LocalizationsScope-[GlobalKey#62535]], renderObject: RenderParagraph#50fcd relayoutBoundary=up31)
                                                                                                                                                                   │                                                           │       │                              └Table(dependencies: [Directionality, MediaQuery, _LocalizationsScope-[GlobalKey#62535]], renderObject: RenderTable#46202 relayoutBoundary=up28)
                                                                                                                                                                   │                                                           │       │                               ├SizedBox.shrink(renderObject: RenderConstrainedBox#7f7f5 relayoutBoundary=up29)
                                                                                                                                                                   │                                                           │       │                               ├Container(bg: Color(alpha: 0.0000, red: 0.0000, green: 0.0000, blue: 0.0000, colorSpace: ColorSpace.sRGB))
                                                                                                                                                                   │                                                           │       │                               │└ColoredBox(color: Color(alpha: 0.0000, red: 0.0000, green: 0.0000, blue: 0.0000, colorSpace: ColorSpace.sRGB), renderObject: _RenderColoredBox#60ee0 relayoutBoundary=up29)
                                                                                                                                                                   │                                                           │       │                               │ └Center(alignment: Alignment.center, dependencies: [Directionality], renderObject: RenderPositionedBox#fce84 relayoutBoundary=up30)
                                                                                                                                                                   │                                                           │       │                               │  └Padding(padding: EdgeInsets.all(8.0), dependencies: [Directionality], renderObject: RenderPadding#e2dc7 relayoutBoundary=up31)
                                                                                                                                                                   │                                                           │       │                               │   └Text("先鋒", inherit: true, color: Color(alpha: 1.0000, red: 0.2588, green: 0.2588, blue: 0.2588, colorSpace: ColorSpace.sRGB), size: 10.0, weight: 700, dependencies: [DefaultSelectionStyle, DefaultTextStyle, MediaQuery])
                                                                                                                                                                   │                                                           │       │                               │    └RichText(softWrap: wrapping at box width, maxLines: unlimited, text: "先鋒", dependencies: [Directionality, _LocalizationsScope-[GlobalKey#62535]], renderObject: RenderParagraph#e55b4 relayoutBoundary=up32)
                                                                                                                                                                   │                                                           │       │                               ├Center(alignment: Alignment.center, dependencies: [Directionality], renderObject: RenderPositionedBox#bbb18 relayoutBoundary=up29)
                                                                                                                                                                   │                                                           │       │                               │└Padding(padding: EdgeInsets.all(8.0), dependencies: [Directionality], renderObject: RenderPadding#37a6e relayoutBoundary=up30)
                                                                                                                                                                   │                                                           │       │                               │ └Text("本/勝", inherit: true, color: Color(alpha: 1.0000, red: 0.3804, green: 0.3804, blue: 0.3804, colorSpace: ColorSpace.sRGB), size: 10.0, dependencies: [DefaultSelectionStyle, DefaultTextStyle, MediaQuery])
                                                                                                                                                                   │                                                           │       │                               │  └RichText(softWrap: wrapping at box width, maxLines: unlimited, text: "本/勝", dependencies: [Directionality, _LocalizationsScope-[GlobalKey#62535]], renderObject: RenderParagraph#a8a63 relayoutBoundary=up31)
                                                                                                                                                                   │                                                           │       │                               ├Center(alignment: Alignment.center, dependencies: [Directionality], renderObject: RenderPositionedBox#f6d8f relayoutBoundary=up29)
                                                                                                                                                                   │                                                           │       │                               │└Padding(padding: EdgeInsets.all(4.0), dependencies: [Directionality], renderObject: RenderPadding#33129 relayoutBoundary=up30)
                                                                                                                                                                   │                                                           │       │                               │ └Text("青龍道場", inherit: true, color: Color(alpha: 1.0000, red: 0.8275, green: 0.1843, blue: 0.1843, colorSpace: ColorSpace.sRGB), size: 11.0, weight: 700, textAlign: center, dependencies: [DefaultSelectionStyle, DefaultTextStyle, MediaQuery])
                                                                                                                                                                   │                                                           │       │                               │  └RichText(textAlign: center, softWrap: wrapping at box width, maxLines: unlimited, text: "青龍道場", dependencies: [Directionality, _LocalizationsScope-[GlobalKey#62535]], renderObject: RenderParagraph#fb47b relayoutBoundary=up31)
                                                                                                                                                                   │                                                           │       │                               ├Container(bg: Color(alpha: 0.0000, red: 0.0000, green: 0.0000, blue: 0.0000, colorSpace: ColorSpace.sRGB))
                                                                                                                                                                   │                                                           │       │                               │└ColoredBox(color: Color(alpha: 0.0000, red: 0.0000, green: 0.0000, blue: 0.0000, colorSpace: ColorSpace.sRGB), renderObject: _RenderColoredBox#86cef relayoutBoundary=up29)
                                                                                                                                                                   │                                                           │       │                               │ └Center(alignment: Alignment.center, dependencies: [Directionality], renderObject: RenderPositionedBox#ce808 relayoutBoundary=up30)
                                                                                                                                                                   │                                                           │       │                               │  └Padding(padding: EdgeInsets(4.0, 12.0, 4.0, 12.0), dependencies: [Directionality], renderObject: RenderPadding#5e610 relayoutBoundary=up31)
                                                                                                                                                                   │                                                           │       │                               │   └Column(direction: vertical, mainAxisAlignment: start, mainAxisSize: min, crossAxisAlignment: center, renderObject: RenderFlex#28f93 relayoutBoundary=up32)
                                                                                                                                                                   │                                                           │       │                               │    ├Text("先", inherit: true, color: Color(alpha: 1.0000, red: 0.2588, green: 0.2588, blue: 0.2588, colorSpace: ColorSpace.sRGB), size: 11.0, weight: 700, height: 1.1x, dependencies: [DefaultSelectionStyle, DefaultTextStyle, MediaQuery])
                                                                                                                                                                   │                                                           │       │                               │    │└RichText(softWrap: wrapping at box width, maxLines: unlimited, text: "先", dependencies: [Directionality, _LocalizationsScope-[GlobalKey#62535]], renderObject: RenderParagraph#5616b relayoutBoundary=up33)
                                                                                                                                                                   │                                                           │       │                               │    └Text("鋒", inherit: true, color: Color(alpha: 1.0000, red: 0.2588, green: 0.2588, blue: 0.2588, colorSpace: ColorSpace.sRGB), size: 11.0, weight: 700, height: 1.1x, dependencies: [DefaultSelectionStyle, DefaultTextStyle, MediaQuery])
                                                                                                                                                                   │                                                           │       │                               │     └RichText(softWrap: wrapping at box width, maxLines: unlimited, text: "鋒", dependencies: [Directionality, _LocalizationsScope-[GlobalKey#62535]], renderObject: RenderParagraph#c67c8 relayoutBoundary=up33)
                                                                                                                                                                   │                                                           │       │                               ├Center(alignment: Alignment.center, dependencies: [Directionality], renderObject: RenderPositionedBox#1012c relayoutBoundary=up29)
                                                                                                                                                                   │                                                           │       │                               │└Text("0\n--\n0", inherit: true, color: Color(alpha: 1.0000, red: 0.2588, green: 0.2588, blue: 0.2588, colorSpace: ColorSpace.sRGB), size: 12.0, weight: 700, textAlign: center, dependencies: [DefaultSelectionStyle, DefaultTextStyle, MediaQuery])
                                                                                                                                                                   │                                                           │       │                               │ └RichText(textAlign: center, softWrap: wrapping at box width, maxLines: unlimited, text: "0\n--\n0", dependencies: [Directionality, _LocalizationsScope-[GlobalKey#62535]], renderObject: RenderParagraph#12d38 relayoutBoundary=up30)
                                                                                                                                                                   │                                                           │       │                               ├SizedBox.shrink(renderObject: RenderConstrainedBox#cbaa6 relayoutBoundary=up29)
                                                                                                                                                                   │                                                           │       │                               ├Container(Alignment.center, constraints: BoxConstraints(0.0<=w<=Infinity, h=70.0))
                                                                                                                                                                   │                                                           │       │                               │└ConstrainedBox(BoxConstraints(0.0<=w<=Infinity, h=70.0), renderObject: RenderConstrainedBox#f346f relayoutBoundary=up29)
                                                                                                                                                                   │                                                           │       │                               │ └Align(alignment: Alignment.center, dependencies: [Directionality], renderObject: RenderPositionedBox#e5d94)
                                                                                                                                                                   │                                                           │       │                               │  └Stack(alignment: Alignment.center, fit: loose, dependencies: [Directionality], renderObject: RenderStack#fe856 relayoutBoundary=up1)
                                                                                                                                                                   │                                                           │       │                               │   ├Divider(dependencies: [InheritedCupertinoTheme, _InheritedTheme, _LocalizationsScope-[GlobalKey#62535]])
                                                                                                                                                                   │                                                           │       │                               │   │└SizedBox(height: 0.0, renderObject: RenderConstrainedBox#89762 relayoutBoundary=up2)
                                                                                                                                                                   │                                                           │       │                               │   │ └Center(alignment: Alignment.center, dependencies: [Directionality], renderObject: RenderPositionedBox#89bf5 relayoutBoundary=up3)
                                                                                                                                                                   │                                                           │       │                               │   │  └Container(bg: BoxDecoration(border: Border(bottom: BorderSide(color: Color(alpha: 1.0000, red: 0.8784, green: 0.8784, blue: 0.8784, colorSpace: ColorSpace.sRGB)))), constraints: BoxConstraints(0.0<=w<=Infinity, h=1.0), margin: EdgeInsets.zero)
                                                                                                                                                                   │                                                           │       │                               │   │   └Padding(padding: EdgeInsets.zero, dependencies: [Directionality], renderObject: RenderPadding#532d1 relayoutBoundary=up4)
                                                                                                                                                                   │                                                           │       │                               │   │    └ConstrainedBox(BoxConstraints(0.0<=w<=Infinity, h=1.0), renderObject: RenderConstrainedBox#5b22d relayoutBoundary=up5)
                                                                                                                                                                   │                                                           │       │                               │   │     └DecoratedBox(bg: BoxDecoration(border: Border(bottom: BorderSide(color: Color(alpha: 1.0000, red: 0.8784, green: 0.8784, blue: 0.8784, colorSpace: ColorSpace.sRGB)))), dependencies: [Directionality, MediaQuery, _LocalizationsScope-[GlobalKey#62535]], renderObject: RenderDecoratedBox#af592 relayoutBoundary=up6)
                                                                                                                                                                   │                                                           │       │                               │   │      └Padding(padding: EdgeInsets(0.0, 0.0, 0.0, 1.0), dependencies: [Directionality], renderObject: RenderPadding#903b9 relayoutBoundary=up7)
                                                                                                                                                                   │                                                           │       │                               │   │       └LimitedBox(maxWidth: 0.0, maxHeight: 0.0, renderObject: RenderLimitedBox#7cd3a relayoutBoundary=up8)
                                                                                                                                                                   │                                                           │       │                               │   │        └ConstrainedBox(BoxConstraints(biggest), renderObject: RenderConstrainedBox#71bdf relayoutBoundary=up9)
                                                                                                                                                                   │                                                           │       │                               │   └Column(direction: vertical, mainAxisAlignment: start, crossAxisAlignment: center, renderObject: RenderFlex#6348c relayoutBoundary=up2)
                                                                                                                                                                   │                                                           │       │                               │    ├Expanded(flex: 1)
                                                                                                                                                                   │                                                           │       │                               │    │└SizedBox(width: 36.0, height: 36.0, renderObject: RenderConstrainedBox#436c5 relayoutBoundary=up3)
                                                                                                                                                                   │                                                           │       │                               │    │ └Stack(alignment: Alignment.center, fit: loose, dependencies: [Directionality], renderObject: RenderStack#dabe6)
                                                                                                                                                                   │                                                           │       │                               │    └Expanded(flex: 1)
                                                                                                                                                                   │                                                           │       │                               │     └SizedBox(width: 36.0, height: 36.0, renderObject: RenderConstrainedBox#e22d0 relayoutBoundary=up3)
                                                                                                                                                                   │                                                           │       │                               │      └Stack(alignment: Alignment.center, fit: loose, dependencies: [Directionality], renderObject: RenderStack#df3f8)
                                                                                                                                                                   │                                                           │       │                               ├Container(Alignment.center, constraints: BoxConstraints(0.0<=w<=Infinity, h=70.0))
                                                                                                                                                                   │                                                           │       │                               │└ConstrainedBox(BoxConstraints(0.0<=w<=Infinity, h=70.0), renderObject: RenderConstrainedBox#71df0 relayoutBoundary=up29)
                                                                                                                                                                   │                                                           │       │                               │ └Align(alignment: Alignment.center, dependencies: [Directionality], renderObject: RenderPositionedBox#0b5ec)
                                                                                                                                                                   │                                                           │       │                               │  └Stack(alignment: Alignment.center, fit: loose, dependencies: [Directionality], renderObject: RenderStack#1cc96 relayoutBoundary=up1)
                                                                                                                                                                   │                                                           │       │                               │   └Divider(dependencies: [InheritedCupertinoTheme, _InheritedTheme, _LocalizationsScope-[GlobalKey#62535]])
                                                                                                                                                                   │                                                           │       │                               │    └SizedBox(height: 0.0, renderObject: RenderConstrainedBox#0dec4 relayoutBoundary=up2)
                                                                                                                                                                   │                                                           │       │                               │     └Center(alignment: Alignment.center, dependencies: [Directionality], renderObject: RenderPositionedBox#50591 relayoutBoundary=up3)
                                                                                                                                                                   │                                                           │       │                               │      └Container(bg: BoxDecoration(border: Border(bottom: BorderSide(color: Color(alpha: 1.0000, red: 0.8784, green: 0.8784, blue: 0.8784, colorSpace: ColorSpace.sRGB)))), constraints: BoxConstraints(0.0<=w<=Infinity, h=1.0), margin: EdgeInsets.zero)
                                                                                                                                                                   │                                                           │       │                               │       └Padding(padding: EdgeInsets.zero, dependencies: [Directionality], renderObject: RenderPadding#45751 relayoutBoundary=up4)
                                                                                                                                                                   │                                                           │       │                               │        └ConstrainedBox(BoxConstraints(0.0<=w<=Infinity, h=1.0), renderObject: RenderConstrainedBox#40b04 relayoutBoundary=up5)
                                                                                                                                                                   │                                                           │       │                               │         └DecoratedBox(bg: BoxDecoration(border: Border(bottom: BorderSide(color: Color(alpha: 1.0000, red: 0.8784, green: 0.8784, blue: 0.8784, colorSpace: ColorSpace.sRGB)))), dependencies: [Directionality, MediaQuery, _LocalizationsScope-[GlobalKey#62535]], renderObject: RenderDecoratedBox#9dfab relayoutBoundary=up6)
                                                                                                                                                                   │                                                           │       │                               │          └Padding(padding: EdgeInsets(0.0, 0.0, 0.0, 1.0), dependencies: [Directionality], renderObject: RenderPadding#e566b relayoutBoundary=up7)
                                                                                                                                                                   │                                                           │       │                               │           └LimitedBox(maxWidth: 0.0, maxHeight: 0.0, renderObject: RenderLimitedBox#4ad8c relayoutBoundary=up8)
                                                                                                                                                                   │                                                           │       │                               │            └ConstrainedBox(BoxConstraints(biggest), renderObject: RenderConstrainedBox#143e9 relayoutBoundary=up9)
                                                                                                                                                                   │                                                           │       │                               ├Center(alignment: Alignment.center, dependencies: [Directionality], renderObject: RenderPositionedBox#fdfd0 relayoutBoundary=up29)
                                                                                                                                                                   │                                                           │       │                               │└Padding(padding: EdgeInsets.all(4.0), dependencies: [Directionality], renderObject: RenderPadding#ac477 relayoutBoundary=up30)
                                                                                                                                                                   │                                                           │       │                               │ └Text("朱雀会", inherit: true, color: Color(alpha: 1.0000, red: 0.2706, green: 0.3529, blue: 0.3922, colorSpace: ColorSpace.sRGB), size: 11.0, weight: 700, textAlign: center, dependencies: [DefaultSelectionStyle, DefaultTextStyle, MediaQuery])
                                                                                                                                                                   │                                                           │       │                               │  └RichText(textAlign: center, softWrap: wrapping at box width, maxLines: unlimited, text: "朱雀会", dependencies: [Directionality, _LocalizationsScope-[GlobalKey#62535]], renderObject: RenderParagraph#1ea73 relayoutBoundary=up31)
                                                                                                                                                                   │                                                           │       │                               ├Container(bg: Color(alpha: 0.0000, red: 0.0000, green: 0.0000, blue: 0.0000, colorSpace: ColorSpace.sRGB))
                                                                                                                                                                   │                                                           │       │                               │└ColoredBox(color: Color(alpha: 0.0000, red: 0.0000, green: 0.0000, blue: 0.0000, colorSpace: ColorSpace.sRGB), renderObject: _RenderColoredBox#c86d8 relayoutBoundary=up29)
                                                                                                                                                                   │                                                           │       │                               │ └Center(alignment: Alignment.center, dependencies: [Directionality], renderObject: RenderPositionedBox#c0410 relayoutBoundary=up30)
                                                                                                                                                                   │                                                           │       │                               │  └Padding(padding: EdgeInsets(4.0, 12.0, 4.0, 12.0), dependencies: [Directionality], renderObject: RenderPadding#dcac3 relayoutBoundary=up31)
                                                                                                                                                                   │                                                           │       │                               │   └Column(direction: vertical, mainAxisAlignment: start, mainAxisSize: min, crossAxisAlignment: center, renderObject: RenderFlex#cc35b relayoutBoundary=up32)
                                                                                                                                                                   │                                                           │       │                               │    ├Text("先", inherit: true, color: Color(alpha: 1.0000, red: 0.2588, green: 0.2588, blue: 0.2588, colorSpace: ColorSpace.sRGB), size: 11.0, weight: 700, height: 1.1x, dependencies: [DefaultSelectionStyle, DefaultTextStyle, MediaQuery])
                                                                                                                                                                   │                                                           │       │                               │    │└RichText(softWrap: wrapping at box width, maxLines: unlimited, text: "先", dependencies: [Directionality, _LocalizationsScope-[GlobalKey#62535]], renderObject: RenderParagraph#cf210 relayoutBoundary=up33)
                                                                                                                                                                   │                                                           │       │                               │    └Text("鋒", inherit: true, color: Color(alpha: 1.0000, red: 0.2588, green: 0.2588, blue: 0.2588, colorSpace: ColorSpace.sRGB), size: 11.0, weight: 700, height: 1.1x, dependencies: [DefaultSelectionStyle, DefaultTextStyle, MediaQuery])
                                                                                                                                                                   │                                                           │       │                               │     └RichText(softWrap: wrapping at box width, maxLines: unlimited, text: "鋒", dependencies: [Directionality, _LocalizationsScope-[GlobalKey#62535]], renderObject: RenderParagraph#5c4c9 relayoutBoundary=up33)
                                                                                                                                                                   │                                                           │       │                               └Center(alignment: Alignment.center, dependencies: [Directionality], renderObject: RenderPositionedBox#69e69 relayoutBoundary=up29)
                                                                                                                                                                   │                                                           │       │                                └Text("0\n--\n0", inherit: true, color: Color(alpha: 1.0000, red: 0.2588, green: 0.2588, blue: 0.2588, colorSpace: ColorSpace.sRGB), size: 12.0, weight: 700, textAlign: center, dependencies: [DefaultSelectionStyle, DefaultTextStyle, MediaQuery])
                                                                                                                                                                   │                                                           │       │                                 └RichText(textAlign: center, softWrap: wrapping at box width, maxLines: unlimited, text: "0\n--\n0", dependencies: [Directionality, _LocalizationsScope-[GlobalKey#62535]], renderObject: RenderParagraph#417f7 relayoutBoundary=up30)
                                                                                                                                                                   │                                                           │       └SizedBox(height: 48.0, renderObject: RenderConstrainedBox#449bc relayoutBoundary=up15)
                                                                                                                                                                   │                                                           ├KeyedSubtree
                                                                                                                                                                   │                                                           │└AutomaticKeepAlive(state: _AutomaticKeepAliveState#aaf7e(handles: no notifications ever received))
                                                                                                                                                                   │                                                           │ └KeepAlive(keepAlive: false)
                                                                                                                                                                   │                                                           │  └NotificationListener<KeepAliveNotification>
                                                                                                                                                                   │                                                           │   └_SelectionKeepAlive(state: _SelectionKeepAliveState#3f224)
                                                                                                                                                                   │                                                           │    └IndexedSemantics(index: 2, renderObject: RenderIndexedSemantics#6448b relayoutBoundary=up12)
                                                                                                                                                                   │                                                           │     └RepaintBoundary(renderObject: RenderRepaintBoundary#7f5b4 relayoutBoundary=up13)
                                                                                                                                                                   │                                                           │      └Column(direction: vertical, mainAxisAlignment: start, crossAxisAlignment: start, dependencies: [Directionality], renderObject: RenderFlex#f31ae relayoutBoundary=up14)
                                                                                                                                                                   │                                                           │       ├Padding(padding: EdgeInsets(8.0, 24.0, 0.0, 12.0), dependencies: [Directionality], renderObject: RenderPadding#9d949 relayoutBoundary=up15)
                                                                                                                                                                   │                                                           │       │└Text("【リーグ戦】 佐藤（朱雀会） : 2人リーグ（全1試合）", inherit: true, color: Color(alpha: 1.0000, red: 0.1020, green: 0.1373, blue: 0.4941, colorSpace: ColorSpace.sRGB), size: 16.0, weight: 700, dependencies: [DefaultSelectionStyle, DefaultTextStyle, MediaQuery])
                                                                                                                                                                   │                                                           │       │ └RichText(softWrap: wrapping at box width, maxLines: unlimited, text: "【リーグ戦】 佐藤（朱雀会） : 2人リーグ（全1試合）", dependencies: [Directionality, _LocalizationsScope-[GlobalKey#62535]], renderObject: RenderParagraph#c91f9 relayoutBoundary=up16)
                                                                                                                                                                   │                                                           │       ├SingleChildScrollView(dependencies: [Directionality, InheritedCupertinoTheme, ScrollConfiguration, _InheritedTheme, _LocalizationsScope-[GlobalKey#62535]])
                                                                                                                                                                   │                                                           │       │└Scrollable(axisDirection: right, physics: null, restorationId: null, dependencies: [InheritedCupertinoTheme, MediaQuery, ScrollConfiguration, UnmanagedRestorationScope, _InheritedTheme, _LocalizationsScope-[GlobalKey#62535]], state: ScrollableState#9905a(position: ScrollPositionWithSingleContext#ebfcf(offset: 0.0, range: 0.0..0.0, viewport: 463.0, ScrollableState, ClampingScrollPhysics -> RangeMaintainingScrollPhysics, IdleScrollActivity#c27bb, ScrollDirection.idle), effective physics: ClampingScrollPhysics -> RangeMaintainingScrollPhysics))
                                                                                                                                                                   │                                                           │       │ └StretchingOverscrollIndicator(axisDirection: right, state: _StretchingOverscrollIndicatorState#9fa53)
                                                                                                                                                                   │                                                           │       │  └NotificationListener<ScrollNotification>
                                                                                                                                                                   │                                                           │       │   └AnimatedBuilder(listenable: _StretchController(), dependencies: [MediaQuery], state: _AnimatedState#e470f)
                                                                                                                                                                   │                                                           │       │    └ClipRect(renderObject: RenderClipRect#6a0ad relayoutBoundary=up15)
                                                                                                                                                                   │                                                           │       │     └StretchEffect(dependencies: [Directionality])
                                                                                                                                                                   │                                                           │       │      └Transform(dependencies: [Directionality], renderObject: RenderTransform#777fc relayoutBoundary=up16)
                                                                                                                                                                   │                                                           │       │       └NotificationListener<ScrollMetricsNotification>
                                                                                                                                                                   │                                                           │       │        └_ScrollSemantics-[GlobalKey#0bdd4](renderObject: _RenderScrollSemantics#65152 relayoutBoundary=up17)
                                                                                                                                                                   │                                                           │       │         └_ScrollableScope
                                                                                                                                                                   │                                                           │       │          └Listener(listeners: [signal], behavior: deferToChild, renderObject: RenderPointerListener#bab40 relayoutBoundary=up18)
                                                                                                                                                                   │                                                           │       │           └RawGestureDetector-[LabeledGlobalKey<RawGestureDetectorState>#8e58e](state: RawGestureDetectorState#7bdae(gestures: <none>, behavior: opaque))
                                                                                                                                                                   │                                                           │       │            └_GestureSemantics(renderObject: RenderSemanticsGestureHandler#29784 relayoutBoundary=up19)
                                                                                                                                                                   │                                                           │       │             └Listener(listeners: [down, panZoomStart], behavior: opaque, renderObject: RenderPointerListener#580c7 relayoutBoundary=up20)
                                                                                                                                                                   │                                                           │       │              └Semantics(container: false, properties: SemanticsProperties, renderObject: RenderSemanticsAnnotations#ac8bb relayoutBoundary=up21)
                                                                                                                                                                   │                                                           │       │               └IgnorePointer-[GlobalKey#c98ff](ignoring: false, renderObject: RenderIgnorePointer#fa949 relayoutBoundary=up22)
                                                                                                                                                                   │                                                           │       │                └_SingleChildViewport(renderObject: _RenderSingleChildViewport#90649 relayoutBoundary=up23)
                                                                                                                                                                   │                                                           │       │                 └InkWell-[<'viewer_match_card_個人リーグA'>]
                                                                                                                                                                   │                                                           │       │                  └_InkResponseStateWidget(gestures: [tap], mouseCursor: null, clipped to BoxShape.rectangle, dependencies: [InheritedCupertinoTheme, MediaQuery, _InheritedTheme, _LocalizationsScope-[GlobalKey#62535]], state: _InkResponseState#8ff5e)
                                                                                                                                                                   │                                                           │       │                   └_ParentInkResponseProvider
                                                                                                                                                                   │                                                           │       │                    └Actions(dispatcher: null, actions: {ActivateIntent: CallbackAction<ActivateIntent>#f51d7, ButtonActivateIntent: CallbackAction<ButtonActivateIntent>#55616}, state: _ActionsState#c2c6c)
                                                                                                                                                                   │                                                           │       │                     └_ActionsScope
                                                                                                                                                                   │                                                           │       │                      └Focus(dependencies: [_FocusInheritedScope], state: _FocusState#dc11b)
                                                                                                                                                                   │                                                           │       │                       └_FocusInheritedScope
                                                                                                                                                                   │                                                           │       │                        └Semantics(container: false, properties: SemanticsProperties, renderObject: RenderSemanticsAnnotations#28da3 relayoutBoundary=up24)
                                                                                                                                                                   │                                                           │       │                         └MouseRegion(listeners: [enter, exit], cursor: SystemMouseCursor(basic), renderObject: RenderMouseRegion#83770 relayoutBoundary=up25)
                                                                                                                                                                   │                                                           │       │                          └Builder(dependencies: [DefaultSelectionStyle])
                                                                                                                                                                   │                                                           │       │                           └DefaultSelectionStyle
                                                                                                                                                                   │                                                           │       │                            └Semantics(container: false, properties: SemanticsProperties, renderObject: RenderSemanticsAnnotations#01acb relayoutBoundary=up26)
                                                                                                                                                                   │                                                           │       │                             └GestureDetector(startBehavior: start, dependencies: [MediaQuery, ScrollConfiguration])
                                                                                                                                                                   │                                                           │       │                              └RawGestureDetector(state: RawGestureDetectorState#82503(gestures: [tap], excludeFromSemantics: true, behavior: opaque))
                                                                                                                                                                   │                                                           │       │                               └Listener(listeners: [down, panZoomStart], behavior: opaque, renderObject: RenderPointerListener#7a3b2 relayoutBoundary=up27)
                                                                                                                                                                   │                                                           │       │                                └Card(dependencies: [InheritedCupertinoTheme, _InheritedTheme, _LocalizationsScope-[GlobalKey#62535]])
                                                                                                                                                                   │                                                           │       │                                 └Semantics(container: true, properties: SemanticsProperties, renderObject: RenderSemanticsAnnotations#2e210 relayoutBoundary=up28)
                                                                                                                                                                   │                                                           │       │                                  └Padding(padding: EdgeInsets(4.0, 0.0, 4.0, 0.0), dependencies: [Directionality], renderObject: RenderPadding#09bfd relayoutBoundary=up29)
                                                                                                                                                                   │                                                           │       │                                   └Material(type: card, color: Color(alpha: 1.0000, red: 1.0000, green: 1.0000, blue: 1.0000, colorSpace: ColorSpace.sRGB), shadowColor: Color(alpha: 1.0000, red: 0.0000, green: 0.0000, blue: 0.0000, colorSpace: ColorSpace.sRGB), surfaceTintColor: Color(alpha: 0.0000, red: 0.0000, green: 0.0000, blue: 0.0000, colorSpace: ColorSpace.sRGB), shape: RoundedRectangleBorder(BorderSide(color: Color(alpha: 1.0000, red: 0.7412, green: 0.7412, blue: 0.7412, colorSpace: ColorSpace.sRGB)), BorderRadius.circular(8.0)), dependencies: [InheritedCupertinoTheme, _InheritedTheme, _LocalizationsScope-[GlobalKey#62535]], state: _MaterialState#b17ad)
                                                                                                                                                                   │                                                           │       │                                    └_MaterialInterior(duration: 200ms, shape: RoundedRectangleBorder(BorderSide(color: Color(alpha: 1.0000, red: 0.7412, green: 0.7412, blue: 0.7412, colorSpace: ColorSpace.sRGB)), BorderRadius.circular(8.0)), elevation: 0.0, color: Color(alpha: 1.0000, red: 1.0000, green: 1.0000, blue: 1.0000, colorSpace: ColorSpace.sRGB), shadowColor: Color(alpha: 1.0000, red: 0.0000, green: 0.0000, blue: 0.0000, colorSpace: ColorSpace.sRGB), dependencies: [Directionality, InheritedCupertinoTheme, _InheritedTheme, _LocalizationsScope-[GlobalKey#62535]], state: _MaterialInteriorState#36783(ticker inactive))
                                                                                                                                                                   │                                                           │       │                                     └PhysicalShape(clipper: ShapeBorderClipper, elevation: 0.0, color: Color(alpha: 1.0000, red: 1.0000, green: 1.0000, blue: 1.0000, colorSpace: ColorSpace.sRGB), shadowColor: Color(alpha: 1.0000, red: 0.0000, green: 0.0000, blue: 0.0000, colorSpace: ColorSpace.sRGB), renderObject: RenderPhysicalShape#0e2d4 relayoutBoundary=up30)
                                                                                                                                                                   │                                                           │       │                                      └_ShapeBorderPaint(dependencies: [Directionality])
                                                                                                                                                                   │                                                           │       │                                       └CustomPaint(renderObject: RenderCustomPaint#579f3 relayoutBoundary=up31)
                                                                                                                                                                   │                                                           │       │                                        └NotificationListener<LayoutChangedNotification>
                                                                                                                                                                   │                                                           │       │                                         └_InkFeatures-[GlobalKey#99360 ink renderer](renderObject: _RenderInkFeatures#9eaed relayoutBoundary=up32)
                                                                                                                                                                   │                                                           │       │                                          └AnimatedDefaultTextStyle(duration: 200ms, debugLabel: (englishLike bodyMedium 2021).merge((blackMountainView bodyMedium).apply), inherit: false, color: Color(alpha: 1.0000, red: 0.1137, green: 0.1059, blue: 0.1255, colorSpace: ColorSpace.sRGB), family: Roboto, size: 14.0, weight: 400, letterSpacing: 0.3, baseline: alphabetic, height: 1.4x, leadingDistribution: even, decoration: Color(alpha: 1.0000, red: 0.1137, green: 0.1059, blue: 0.1255, colorSpace: ColorSpace.sRGB) TextDecoration.none, softWrap: wrapping at box width, overflow: clip, state: _AnimatedDefaultTextStyleState#4e17f(ticker inactive))
                                                                                                                                                                   │                                                           │       │                                           └DefaultTextStyle(debugLabel: (englishLike bodyMedium 2021).merge((blackMountainView bodyMedium).apply), inherit: false, color: Color(alpha: 1.0000, red: 0.1137, green: 0.1059, blue: 0.1255, colorSpace: ColorSpace.sRGB), family: Roboto, size: 14.0, weight: 400, letterSpacing: 0.3, baseline: alphabetic, height: 1.4x, leadingDistribution: even, decoration: Color(alpha: 1.0000, red: 0.1137, green: 0.1059, blue: 0.1255, colorSpace: ColorSpace.sRGB) TextDecoration.none, softWrap: wrapping at box width, overflow: clip)
                                                                                                                                                                   │                                                           │       │                                            └Semantics(container: false, properties: SemanticsProperties, renderObject: RenderSemanticsAnnotations#835e7 relayoutBoundary=up33)
                                                                                                                                                                   │                                                           │       │                                             └Table(dependencies: [Directionality, MediaQuery, _LocalizationsScope-[GlobalKey#62535]], renderObject: RenderTable#54c3b relayoutBoundary=up34)
                                                                                                                                                                   │                                                           │       │                                              ├SizedBox(height: 50.0, renderObject: RenderConstrainedBox#34515 relayoutBoundary=up35)
                                                                                                                                                                   │                                                           │       │                                              ├Center(alignment: Alignment.center, dependencies: [Directionality], renderObject: RenderPositionedBox#99713 relayoutBoundary=up35)
                                                                                                                                                                   │                                                           │       │                                              │└Padding(padding: EdgeInsets.all(4.0), dependencies: [Directionality], renderObject: RenderPadding#60214 relayoutBoundary=up36)
                                                                                                                                                                   │                                                           │       │                                              │ └Column(direction: vertical, mainAxisAlignment: start, mainAxisSize: min, crossAxisAlignment: center, renderObject: RenderFlex#ffc4a relayoutBoundary=up37)
                                                                                                                                                                   │                                                           │       │                                              │  ├Text("朱", inherit: true, color: Color(alpha: 1.0000, red: 0.2588, green: 0.2588, blue: 0.2588, colorSpace: ColorSpace.sRGB), size: 11.0, weight: 700, height: 1.1x, dependencies: [DefaultSelectionStyle, DefaultTextStyle, MediaQuery])
                                                                                                                                                                   │                                                           │       │                                              │  │└RichText(softWrap: wrapping at box width, maxLines: unlimited, text: "朱", dependencies: [Directionality, _LocalizationsScope-[GlobalKey#62535]], renderObject: RenderParagraph#8ad83 relayoutBoundary=up38)
                                                                                                                                                                   │                                                           │       │                                              │  ├Text("雀", inherit: true, color: Color(alpha: 1.0000, red: 0.2588, green: 0.2588, blue: 0.2588, colorSpace: ColorSpace.sRGB), size: 11.0, weight: 700, height: 1.1x, dependencies: [DefaultSelectionStyle, DefaultTextStyle, MediaQuery])
                                                                                                                                                                   │                                                           │       │                                              │  │└RichText(softWrap: wrapping at box width, maxLines: unlimited, text: "雀", dependencies: [Directionality, _LocalizationsScope-[GlobalKey#62535]], renderObject: RenderParagraph#1c79c relayoutBoundary=up38)
                                                                                                                                                                   │                                                           │       │                                              │  └Text("会", inherit: true, color: Color(alpha: 1.0000, red: 0.2588, green: 0.2588, blue: 0.2588, colorSpace: ColorSpace.sRGB), size: 11.0, weight: 700, height: 1.1x, dependencies: [DefaultSelectionStyle, DefaultTextStyle, MediaQuery])
                                                                                                                                                                   │                                                           │       │                                              │   └RichText(softWrap: wrapping at box width, maxLines: unlimited, text: "会", dependencies: [Directionality, _LocalizationsScope-[GlobalKey#62535]], renderObject: RenderParagraph#42753 relayoutBoundary=up38)
                                                                                                                                                                   │                                                           │       │                                              ├Center(alignment: Alignment.center, dependencies: [Directionality], renderObject: RenderPositionedBox#e536c relayoutBoundary=up35)
                                                                                                                                                                   │                                                           │       │                                              │└Padding(padding: EdgeInsets.all(4.0), dependencies: [Directionality], renderObject: RenderPadding#196f8 relayoutBoundary=up36)
                                                                                                                                                                   │                                                           │       │                                              │ └Column(direction: vertical, mainAxisAlignment: start, mainAxisSize: min, crossAxisAlignment: center, renderObject: RenderFlex#15cea relayoutBoundary=up37)
                                                                                                                                                                   │                                                           │       │                                              │  ├Text("青", inherit: true, color: Color(alpha: 1.0000, red: 0.2588, green: 0.2588, blue: 0.2588, colorSpace: ColorSpace.sRGB), size: 11.0, weight: 700, height: 1.1x, dependencies: [DefaultSelectionStyle, DefaultTextStyle, MediaQuery])
                                                                                                                                                                   │                                                           │       │                                              │  │└RichText(softWrap: wrapping at box width, maxLines: unlimited, text: "青", dependencies: [Directionality, _LocalizationsScope-[GlobalKey#62535]], renderObject: RenderParagraph#fa82a relayoutBoundary=up38)
                                                                                                                                                                   │                                                           │       │                                              │  ├Text("龍", inherit: true, color: Color(alpha: 1.0000, red: 0.2588, green: 0.2588, blue: 0.2588, colorSpace: ColorSpace.sRGB), size: 11.0, weight: 700, height: 1.1x, dependencies: [DefaultSelectionStyle, DefaultTextStyle, MediaQuery])
                                                                                                                                                                   │                                                           │       │                                              │  │└RichText(softWrap: wrapping at box width, maxLines: unlimited, text: "龍", dependencies: [Directionality, _LocalizationsScope-[GlobalKey#62535]], renderObject: RenderParagraph#6ac51 relayoutBoundary=up38)
                                                                                                                                                                   │                                                           │       │                                              │  ├Text("道", inherit: true, color: Color(alpha: 1.0000, red: 0.2588, green: 0.2588, blue: 0.2588, colorSpace: ColorSpace.sRGB), size: 11.0, weight: 700, height: 1.1x, dependencies: [DefaultSelectionStyle, DefaultTextStyle, MediaQuery])
                                                                                                                                                                   │                                                           │       │                                              │  │└RichText(softWrap: wrapping at box width, maxLines: unlimited, text: "道", dependencies: [Directionality, _LocalizationsScope-[GlobalKey#62535]], renderObject: RenderParagraph#2e63a relayoutBoundary=up38)
                                                                                                                                                                   │                                                           │       │                                              │  └Text("場", inherit: true, color: Color(alpha: 1.0000, red: 0.2588, green: 0.2588, blue: 0.2588, colorSpace: ColorSpace.sRGB), size: 11.0, weight: 700, height: 1.1x, dependencies: [DefaultSelectionStyle, DefaultTextStyle, MediaQuery])
                                                                                                                                                                   │                                                           │       │                                              │   └RichText(softWrap: wrapping at box width, maxLines: unlimited, text: "場", dependencies: [Directionality, _LocalizationsScope-[GlobalKey#62535]], renderObject: RenderParagraph#33fe6 relayoutBoundary=up38)
                                                                                                                                                                   │                                                           │       │                                              ├Center(alignment: Alignment.center, dependencies: [Directionality], renderObject: RenderPositionedBox#1ee53 relayoutBoundary=up35)
                                                                                                                                                                   │                                                           │       │                                              │└Padding(padding: EdgeInsets(0.0, 12.0, 0.0, 12.0), dependencies: [Directionality], renderObject: RenderPadding#b03e2 relayoutBoundary=up36)
                                                                                                                                                                   │                                                           │       │                                              │ └Text("勝数", inherit: true, color: Color(alpha: 1.0000, red: 0.4588, green: 0.4588, blue: 0.4588, colorSpace: ColorSpace.sRGB), size: 10.0, dependencies: [DefaultSelectionStyle, DefaultTextStyle, MediaQuery])
                                                                                                                                                                   │                                                           │       │                                              │  └RichText(softWrap: wrapping at box width, maxLines: unlimited, text: "勝数", dependencies: [Directionality, _LocalizationsScope-[GlobalKey#62535]], renderObject: RenderParagraph#e263d relayoutBoundary=up37)
                                                                                                                                                                   │                                                           │       │                                              ├Center(alignment: Alignment.center, dependencies: [Directionality], renderObject: RenderPositionedBox#14c22 relayoutBoundary=up35)
                                                                                                                                                                   │                                                           │       │                                              │└Padding(padding: EdgeInsets(0.0, 12.0, 0.0, 12.0), dependencies: [Directionality], renderObject: RenderPadding#a3605 relayoutBoundary=up36)
                                                                                                                                                                   │                                                           │       │                                              │ └Text("勝者", inherit: true, color: Color(alpha: 1.0000, red: 0.4588, green: 0.4588, blue: 0.4588, colorSpace: ColorSpace.sRGB), size: 10.0, dependencies: [DefaultSelectionStyle, DefaultTextStyle, MediaQuery])
                                                                                                                                                                   │                                                           │       │                                              │  └RichText(softWrap: wrapping at box width, maxLines: unlimited, text: "勝者", dependencies: [Directionality, _LocalizationsScope-[GlobalKey#62535]], renderObject: RenderParagraph#ee451 relayoutBoundary=up37)
                                                                                                                                                                   │                                                           │       │                                              ├Center(alignment: Alignment.center, dependencies: [Directionality], renderObject: RenderPositionedBox#1b985 relayoutBoundary=up35)
                                                                                                                                                                   │                                                           │       │                                              │└Padding(padding: EdgeInsets(0.0, 12.0, 0.0, 12.0), dependencies: [Directionality], renderObject: RenderPadding#4b5e9 relayoutBoundary=up36)
                                                                                                                                                                   │                                                           │       │                                              │ └Text("本数", inherit: true, color: Color(alpha: 1.0000, red: 0.4588, green: 0.4588, blue: 0.4588, colorSpace: ColorSpace.sRGB), size: 10.0, dependencies: [DefaultSelectionStyle, DefaultTextStyle, MediaQuery])
                                                                                                                                                                   │                                                           │       │                                              │  └RichText(softWrap: wrapping at box width, maxLines: unlimited, text: "本数", dependencies: [Directionality, _LocalizationsScope-[GlobalKey#62535]], renderObject: RenderParagraph#c4f9c relayoutBoundary=up37)
                                                                                                                                                                   │                                                           │       │                                              ├Center(alignment: Alignment.center, dependencies: [Directionality], renderObject: RenderPositionedBox#ab6f2 relayoutBoundary=up35)
                                                                                                                                                                   │                                                           │       │                                              │└Padding(padding: EdgeInsets(0.0, 12.0, 0.0, 12.0), dependencies: [Directionality], renderObject: RenderPadding#286d7 relayoutBoundary=up36)
                                                                                                                                                                   │                                                           │       │                                              │ └Text("勝点", inherit: true, color: Color(alpha: 1.0000, red: 0.4588, green: 0.4588, blue: 0.4588, colorSpace: ColorSpace.sRGB), size: 10.0, dependencies: [DefaultSelectionStyle, DefaultTextStyle, MediaQuery])
                                                                                                                                                                   │                                                           │       │                                              │  └RichText(softWrap: wrapping at box width, maxLines: unlimited, text: "勝点", dependencies: [Directionality, _LocalizationsScope-[GlobalKey#62535]], renderObject: RenderParagraph#3a338 relayoutBoundary=up37)
                                                                                                                                                                   │                                                           │       │                                              ├Center(alignment: Alignment.center, dependencies: [Directionality], renderObject: RenderPositionedBox#11c86 relayoutBoundary=up35)
                                                                                                                                                                   │                                                           │       │                                              │└Padding(padding: EdgeInsets(0.0, 12.0, 0.0, 12.0), dependencies: [Directionality], renderObject: RenderPadding#5c7d8 relayoutBoundary=up36)
                                                                                                                                                                   │                                                           │       │                                              │ └Text("順位", inherit: true, color: Color(alpha: 1.0000, red: 0.4588, green: 0.4588, blue: 0.4588, colorSpace: ColorSpace.sRGB), size: 10.0, dependencies: [DefaultSelectionStyle, DefaultTextStyle, MediaQuery])
                                                                                                                                                                   │                                                           │       │                                              │  └RichText(softWrap: wrapping at box width, maxLines: unlimited, text: "順位", dependencies: [Directionality, _LocalizationsScope-[GlobalKey#62535]], renderObject: RenderParagraph#38ad0 relayoutBoundary=up37)
                                                                                                                                                                   │                                                           │       │                                              ├Container(Alignment.center, bg: BoxDecoration(color: Color(alpha: 1.0000, red: 0.9098, green: 0.9176, blue: 0.9647, colorSpace: ColorSpace.sRGB)), constraints: BoxConstraints(0.0<=w<=Infinity, h=65.0))
                                                                                                                                                                   │                                                           │       │                                              │└ConstrainedBox(BoxConstraints(0.0<=w<=Infinity, h=65.0), renderObject: RenderConstrainedBox#db61b relayoutBoundary=up35)
                                                                                                                                                                   │                                                           │       │                                              │ └DecoratedBox(bg: BoxDecoration(color: Color(alpha: 1.0000, red: 0.9098, green: 0.9176, blue: 0.9647, colorSpace: ColorSpace.sRGB)), dependencies: [Directionality, MediaQuery, _LocalizationsScope-[GlobalKey#62535]], renderObject: RenderDecoratedBox#919ed)
                                                                                                                                                                   │                                                           │       │                                              │  └Padding(padding: EdgeInsets.zero, dependencies: [Directionality], renderObject: RenderPadding#f695d)
                                                                                                                                                                   │                                                           │       │                                              │   └Align(alignment: Alignment.center, dependencies: [Directionality], renderObject: RenderPositionedBox#c2c91)
                                                                                                                                                                   │                                                           │       │                                              │    └Padding(padding: EdgeInsets.all(4.0), dependencies: [Directionality], renderObject: RenderPadding#eb7c8 relayoutBoundary=up1)
                                                                                                                                                                   │                                                           │       │                                              │     └Text("朱雀会", inherit: true, color: Color(alpha: 0.8667, red: 0.0000, green: 0.0000, blue: 0.0000, colorSpace: ColorSpace.sRGB), size: 11.0, weight: 700, textAlign: center, maxLines: 2, dependencies: [DefaultSelectionStyle, DefaultTextStyle, MediaQuery])
                                                                                                                                                                   │                                                           │       │                                              │      └RichText(textAlign: center, softWrap: wrapping at box width, maxLines: 2, text: "朱雀会", dependencies: [Directionality, _LocalizationsScope-[GlobalKey#62535]], renderObject: RenderParagraph#d7889 relayoutBoundary=up2)
                                                                                                                                                                   │                                                           │       │                                              ├Container(bg: Color(alpha: 1.0000, red: 0.9333, green: 0.9333, blue: 0.9333, colorSpace: ColorSpace.sRGB), constraints: BoxConstraints(0.0<=w<=Infinity, h=65.0))
                                                                                                                                                                   │                                                           │       │                                              │└ConstrainedBox(BoxConstraints(0.0<=w<=Infinity, h=65.0), renderObject: RenderConstrainedBox#3e6c1 relayoutBoundary=up35)
                                                                                                                                                                   │                                                           │       │                                              │ └ColoredBox(color: Color(alpha: 1.0000, red: 0.9333, green: 0.9333, blue: 0.9333, colorSpace: ColorSpace.sRGB), renderObject: _RenderColoredBox#7fb37)
                                                                                                                                                                   │                                                           │       │                                              │  └CustomPaint(renderObject: RenderCustomPaint#a9d33)
                                                                                                                                                                   │                                                           │       │                                              ├GestureDetector(startBehavior: start, dependencies: [MediaQuery, ScrollConfiguration])
                                                                                                                                                                   │                                                           │       │                                              │└RawGestureDetector(state: RawGestureDetectorState#7d41c(gestures: [tap], behavior: opaque))
                                                                                                                                                                   │                                                           │       │                                              │ └_GestureSemantics(renderObject: RenderSemanticsGestureHandler#72fbd relayoutBoundary=up35)
                                                                                                                                                                   │                                                           │       │                                              │  └Listener(listeners: [down, panZoomStart], behavior: opaque, renderObject: RenderPointerListener#5d14e relayoutBoundary=up36)
                                                                                                                                                                   │                                                           │       │                                              │   └Container(Alignment.center, constraints: BoxConstraints(0.0<=w<=Infinity, h=65.0))
                                                                                                                                                                   │                                                           │       │                                              │    └ConstrainedBox(BoxConstraints(0.0<=w<=Infinity, h=65.0), renderObject: RenderConstrainedBox#a6daf relayoutBoundary=up37)
                                                                                                                                                                   │                                                           │       │                                              │     └Align(alignment: Alignment.center, dependencies: [Directionality], renderObject: RenderPositionedBox#14cea)
                                                                                                                                                                   │                                                           │       │                                              │      └Stack(alignment: Alignment.center, fit: loose, dependencies: [Directionality], renderObject: RenderStack#dd51d relayoutBoundary=up1)
                                                                                                                                                                   │                                                           │       │                                              │       ├CustomPaint(renderObject: RenderCustomPaint#cbc1e relayoutBoundary=up2)
                                                                                                                                                                   │                                                           │       │                                              │       └Column(direction: vertical, mainAxisAlignment: center, crossAxisAlignment: center, renderObject: RenderFlex#499b8 relayoutBoundary=up2)
                                                                                                                                                                   │                                                           │       │                                              │        ├SizedBox(height: 12.0, renderObject: RenderConstrainedBox#98bd7 relayoutBoundary=up3)
                                                                                                                                                                   │                                                           │       │                                              │        ├Container(bg: Color(alpha: 0.5000, red: 0.0000, green: 0.0000, blue: 0.0000, colorSpace: ColorSpace.sRGB), constraints: BoxConstraints(w=18.0, h=0.5), margin: EdgeInsets(0.0, 2.0, 0.0, 2.0))
                                                                                                                                                                   │                                                           │       │                                              │        │└Padding(padding: EdgeInsets(0.0, 2.0, 0.0, 2.0), dependencies: [Directionality], renderObject: RenderPadding#0a5b0 relayoutBoundary=up3)
                                                                                                                                                                   │                                                           │       │                                              │        │ └ConstrainedBox(BoxConstraints(w=18.0, h=0.5), renderObject: RenderConstrainedBox#016b8 relayoutBoundary=up4)
                                                                                                                                                                   │                                                           │       │                                              │        │  └ColoredBox(color: Color(alpha: 0.5000, red: 0.0000, green: 0.0000, blue: 0.0000, colorSpace: ColorSpace.sRGB), renderObject: _RenderColoredBox#9f013)
                                                                                                                                                                   │                                                           │       │                                              │        └SizedBox(height: 12.0, renderObject: RenderConstrainedBox#12079 relayoutBoundary=up3)
                                                                                                                                                                   │                                                           │       │                                              ├Container(Alignment.center, constraints: BoxConstraints(0.0<=w<=Infinity, h=65.0))
                                                                                                                                                                   │                                                           │       │                                              │└ConstrainedBox(BoxConstraints(0.0<=w<=Infinity, h=65.0), renderObject: RenderConstrainedBox#6d938 relayoutBoundary=up35)
                                                                                                                                                                   │                                                           │       │                                              │ └Align(alignment: Alignment.center, dependencies: [Directionality], renderObject: RenderPositionedBox#53d46)
                                                                                                                                                                   │                                                           │       │                                              │  └Text("0", inherit: true, color: Color(alpha: 0.8667, red: 0.0000, green: 0.0000, blue: 0.0000, colorSpace: ColorSpace.sRGB), size: 13.0, weight: 700, dependencies: [DefaultSelectionStyle, DefaultTextStyle, MediaQuery])
                                                                                                                                                                   │                                                           │       │                                              │   └RichText(softWrap: wrapping at box width, maxLines: unlimited, text: "0", dependencies: [Directionality, _LocalizationsScope-[GlobalKey#62535]], renderObject: RenderParagraph#10d0e relayoutBoundary=up1)
                                                                                                                                                                   │                                                           │       │                                              ├Container(Alignment.center, constraints: BoxConstraints(0.0<=w<=Infinity, h=65.0))
                                                                                                                                                                   │                                                           │       │                                              │└ConstrainedBox(BoxConstraints(0.0<=w<=Infinity, h=65.0), renderObject: RenderConstrainedBox#cb361 relayoutBoundary=up35)
                                                                                                                                                                   │                                                           │       │                                              │ └Align(alignment: Alignment.center, dependencies: [Directionality], renderObject: RenderPositionedBox#4f092)
                                                                                                                                                                   │                                                           │       │                                              │  └Text("0", inherit: true, color: Color(alpha: 0.8667, red: 0.0000, green: 0.0000, blue: 0.0000, colorSpace: ColorSpace.sRGB), size: 13.0, weight: 700, dependencies: [DefaultSelectionStyle, DefaultTextStyle, MediaQuery])
                                                                                                                                                                   │                                                           │       │                                              │   └RichText(softWrap: wrapping at box width, maxLines: unlimited, text: "0", dependencies: [Directionality, _LocalizationsScope-[GlobalKey#62535]], renderObject: RenderParagraph#08edf relayoutBoundary=up1)
                                                                                                                                                                   │                                                           │       │                                              ├Container(Alignment.center, constraints: BoxConstraints(0.0<=w<=Infinity, h=65.0))
                                                                                                                                                                   │                                                           │       │                                              │└ConstrainedBox(BoxConstraints(0.0<=w<=Infinity, h=65.0), renderObject: RenderConstrainedBox#dac22 relayoutBoundary=up35)
                                                                                                                                                                   │                                                           │       │                                              │ └Align(alignment: Alignment.center, dependencies: [Directionality], renderObject: RenderPositionedBox#eb5be)
                                                                                                                                                                   │                                                           │       │                                              │  └Text("0", inherit: true, color: Color(alpha: 0.8667, red: 0.0000, green: 0.0000, blue: 0.0000, colorSpace: ColorSpace.sRGB), size: 13.0, weight: 700, dependencies: [DefaultSelectionStyle, DefaultTextStyle, MediaQuery])
                                                                                                                                                                   │                                                           │       │                                              │   └RichText(softWrap: wrapping at box width, maxLines: unlimited, text: "0", dependencies: [Directionality, _LocalizationsScope-[GlobalKey#62535]], renderObject: RenderParagraph#19f95 relayoutBoundary=up1)
                                                                                                                                                                   │                                                           │       │                                              ├Container(Alignment.center, constraints: BoxConstraints(0.0<=w<=Infinity, h=65.0))
                                                                                                                                                                   │                                                           │       │                                              │└ConstrainedBox(BoxConstraints(0.0<=w<=Infinity, h=65.0), renderObject: RenderConstrainedBox#ae5e0 relayoutBoundary=up35)
                                                                                                                                                                   │                                                           │       │                                              │ └Align(alignment: Alignment.center, dependencies: [Directionality], renderObject: RenderPositionedBox#d8a0b)
                                                                                                                                                                   │                                                           │       │                                              │  └Text("0", inherit: true, color: Color(alpha: 0.8667, red: 0.0000, green: 0.0000, blue: 0.0000, colorSpace: ColorSpace.sRGB), size: 13.0, weight: 700, dependencies: [DefaultSelectionStyle, DefaultTextStyle, MediaQuery])
                                                                                                                                                                   │                                                           │       │                                              │   └RichText(softWrap: wrapping at box width, maxLines: unlimited, text: "0", dependencies: [Directionality, _LocalizationsScope-[GlobalKey#62535]], renderObject: RenderParagraph#35445 relayoutBoundary=up1)
                                                                                                                                                                   │                                                           │       │                                              ├Container(Alignment.center, bg: Color(alpha: 1.0000, red: 1.0000, green: 0.9529, blue: 0.8784, colorSpace: ColorSpace.sRGB), constraints: BoxConstraints(0.0<=w<=Infinity, h=65.0))
                                                                                                                                                                   │                                                           │       │                                              │└ConstrainedBox(BoxConstraints(0.0<=w<=Infinity, h=65.0), renderObject: RenderConstrainedBox#b91a5 relayoutBoundary=up35)
                                                                                                                                                                   │                                                           │       │                                              │ └ColoredBox(color: Color(alpha: 1.0000, red: 1.0000, green: 0.9529, blue: 0.8784, colorSpace: ColorSpace.sRGB), renderObject: _RenderColoredBox#23d4d)
                                                                                                                                                                   │                                                           │       │                                              │  └Align(alignment: Alignment.center, dependencies: [Directionality], renderObject: RenderPositionedBox#d4ced)
                                                                                                                                                                   │                                                           │       │                                              │   └Text("0", inherit: true, color: Color(alpha: 1.0000, red: 0.9373, green: 0.4235, blue: 0.0000, colorSpace: ColorSpace.sRGB), size: 16.0, weight: 700, dependencies: [DefaultSelectionStyle, DefaultTextStyle, MediaQuery])
                                                                                                                                                                   │                                                           │       │                                              │    └RichText(softWrap: wrapping at box width, maxLines: unlimited, text: "0", dependencies: [Directionality, _LocalizationsScope-[GlobalKey#62535]], renderObject: RenderParagraph#6ffca relayoutBoundary=up1)
                                                                                                                                                                   │                                                           │       │                                              ├Container(Alignment.center, bg: BoxDecoration(color: Color(alpha: 1.0000, red: 0.9098, green: 0.9176, blue: 0.9647, colorSpace: ColorSpace.sRGB)), constraints: BoxConstraints(0.0<=w<=Infinity, h=65.0))
                                                                                                                                                                   │                                                           │       │                                              │└ConstrainedBox(BoxConstraints(0.0<=w<=Infinity, h=65.0), renderObject: RenderConstrainedBox#a790c relayoutBoundary=up35)
                                                                                                                                                                   │                                                           │       │                                              │ └DecoratedBox(bg: BoxDecoration(color: Color(alpha: 1.0000, red: 0.9098, green: 0.9176, blue: 0.9647, colorSpace: ColorSpace.sRGB)), dependencies: [Directionality, MediaQuery, _LocalizationsScope-[GlobalKey#62535]], renderObject: RenderDecoratedBox#116fb)
                                                                                                                                                                   │                                                           │       │                                              │  └Padding(padding: EdgeInsets.zero, dependencies: [Directionality], renderObject: RenderPadding#d9c7b)
                                                                                                                                                                   │                                                           │       │                                              │   └Align(alignment: Alignment.center, dependencies: [Directionality], renderObject: RenderPositionedBox#f1669)
                                                                                                                                                                   │                                                           │       │                                              │    └Padding(padding: EdgeInsets.all(4.0), dependencies: [Directionality], renderObject: RenderPadding#1657f relayoutBoundary=up1)
                                                                                                                                                                   │                                                           │       │                                              │     └Text("青龍道場", inherit: true, color: Color(alpha: 0.8667, red: 0.0000, green: 0.0000, blue: 0.0000, colorSpace: ColorSpace.sRGB), size: 11.0, weight: 700, textAlign: center, maxLines: 2, dependencies: [DefaultSelectionStyle, DefaultTextStyle, MediaQuery])
                                                                                                                                                                   │                                                           │       │                                              │      └RichText(textAlign: center, softWrap: wrapping at box width, maxLines: 2, text: "青龍道場", dependencies: [Directionality, _LocalizationsScope-[GlobalKey#62535]], renderObject: RenderParagraph#700ec relayoutBoundary=up2)
                                                                                                                                                                   │                                                           │       │                                              ├GestureDetector(startBehavior: start, dependencies: [MediaQuery, ScrollConfiguration])
                                                                                                                                                                   │                                                           │       │                                              │└RawGestureDetector(state: RawGestureDetectorState#59802(gestures: [tap], behavior: opaque))
                                                                                                                                                                   │                                                           │       │                                              │ └_GestureSemantics(renderObject: RenderSemanticsGestureHandler#eb577 relayoutBoundary=up35)
                                                                                                                                                                   │                                                           │       │                                              │  └Listener(listeners: [down, panZoomStart], behavior: opaque, renderObject: RenderPointerListener#f9a3f relayoutBoundary=up36)
                                                                                                                                                                   │                                                           │       │                                              │   └Container(Alignment.center, constraints: BoxConstraints(0.0<=w<=Infinity, h=65.0))
                                                                                                                                                                   │                                                           │       │                                              │    └ConstrainedBox(BoxConstraints(0.0<=w<=Infinity, h=65.0), renderObject: RenderConstrainedBox#9ab1a relayoutBoundary=up37)
                                                                                                                                                                   │                                                           │       │                                              │     └Align(alignment: Alignment.center, dependencies: [Directionality], renderObject: RenderPositionedBox#38e2f)
                                                                                                                                                                   │                                                           │       │                                              │      └Stack(alignment: Alignment.center, fit: loose, dependencies: [Directionality], renderObject: RenderStack#78840 relayoutBoundary=up1)
                                                                                                                                                                   │                                                           │       │                                              │       ├CustomPaint(renderObject: RenderCustomPaint#4918b relayoutBoundary=up2)
                                                                                                                                                                   │                                                           │       │                                              │       └Column(direction: vertical, mainAxisAlignment: center, crossAxisAlignment: center, renderObject: RenderFlex#7ed65 relayoutBoundary=up2)
                                                                                                                                                                   │                                                           │       │                                              │        ├Text("◯", inherit: true, color: Color(alpha: 0.8667, red: 0.0000, green: 0.0000, blue: 0.0000, colorSpace: ColorSpace.sRGB), size: 10.0, weight: 700, height: 1.1x, dependencies: [DefaultSelectionStyle, DefaultTextStyle, MediaQuery])
                                                                                                                                                                   │                                                           │       │                                              │        │└RichText(softWrap: wrapping at box width, maxLines: unlimited, text: "◯", dependencies: [Directionality, _LocalizationsScope-[GlobalKey#62535]], renderObject: RenderParagraph#9f78a relayoutBoundary=up3)
                                                                                                                                                                   │                                                           │       │                                              │        ├Container(bg: Color(alpha: 0.5000, red: 0.0000, green: 0.0000, blue: 0.0000, colorSpace: ColorSpace.sRGB), constraints: BoxConstraints(w=18.0, h=0.5), margin: EdgeInsets(0.0, 2.0, 0.0, 2.0))
                                                                                                                                                                   │                                                           │       │                                              │        │└Padding(padding: EdgeInsets(0.0, 2.0, 0.0, 2.0), dependencies: [Directionality], renderObject: RenderPadding#87e29 relayoutBoundary=up3)
                                                                                                                                                                   │                                                           │       │                                              │        │ └ConstrainedBox(BoxConstraints(w=18.0, h=0.5), renderObject: RenderConstrainedBox#59d7a relayoutBoundary=up4)
                                                                                                                                                                   │                                                           │       │                                              │        │  └ColoredBox(color: Color(alpha: 0.5000, red: 0.0000, green: 0.0000, blue: 0.0000, colorSpace: ColorSpace.sRGB), renderObject: _RenderColoredBox#907e6)
                                                                                                                                                                   │                                                           │       │                                              │        └SizedBox(height: 12.0, renderObject: RenderConstrainedBox#56f9c relayoutBoundary=up3)
                                                                                                                                                                   │                                                           │       │                                              ├Container(bg: Color(alpha: 1.0000, red: 0.9333, green: 0.9333, blue: 0.9333, colorSpace: ColorSpace.sRGB), constraints: BoxConstraints(0.0<=w<=Infinity, h=65.0))
                                                                                                                                                                   │                                                           │       │                                              │└ConstrainedBox(BoxConstraints(0.0<=w<=Infinity, h=65.0), renderObject: RenderConstrainedBox#6f888 relayoutBoundary=up35)
                                                                                                                                                                   │                                                           │       │                                              │ └ColoredBox(color: Color(alpha: 1.0000, red: 0.9333, green: 0.9333, blue: 0.9333, colorSpace: ColorSpace.sRGB), renderObject: _RenderColoredBox#70579)
                                                                                                                                                                   │                                                           │       │                                              │  └CustomPaint(renderObject: RenderCustomPaint#e7266)
                                                                                                                                                                   │                                                           │       │                                              ├Container(Alignment.center, constraints: BoxConstraints(0.0<=w<=Infinity, h=65.0))
                                                                                                                                                                   │                                                           │       │                                              │└ConstrainedBox(BoxConstraints(0.0<=w<=Infinity, h=65.0), renderObject: RenderConstrainedBox#9e135 relayoutBoundary=up35)
                                                                                                                                                                   │                                                           │       │                                              │ └Align(alignment: Alignment.center, dependencies: [Directionality], renderObject: RenderPositionedBox#527fd)
                                                                                                                                                                   │                                                           │       │                                              │  └Text("0", inherit: true, color: Color(alpha: 0.8667, red: 0.0000, green: 0.0000, blue: 0.0000, colorSpace: ColorSpace.sRGB), size: 13.0, weight: 700, dependencies: [DefaultSelectionStyle, DefaultTextStyle, MediaQuery])
                                                                                                                                                                   │                                                           │       │                                              │   └RichText(softWrap: wrapping at box width, maxLines: unlimited, text: "0", dependencies: [Directionality, _LocalizationsScope-[GlobalKey#62535]], renderObject: RenderParagraph#74ddb relayoutBoundary=up1)
                                                                                                                                                                   │                                                           │       │                                              ├Container(Alignment.center, constraints: BoxConstraints(0.0<=w<=Infinity, h=65.0))
                                                                                                                                                                   │                                                           │       │                                              │└ConstrainedBox(BoxConstraints(0.0<=w<=Infinity, h=65.0), renderObject: RenderConstrainedBox#fd1d2 relayoutBoundary=up35)
                                                                                                                                                                   │                                                           │       │                                              │ └Align(alignment: Alignment.center, dependencies: [Directionality], renderObject: RenderPositionedBox#3054d)
                                                                                                                                                                   │                                                           │       │                                              │  └Text("0", inherit: true, color: Color(alpha: 0.8667, red: 0.0000, green: 0.0000, blue: 0.0000, colorSpace: ColorSpace.sRGB), size: 13.0, weight: 700, dependencies: [DefaultSelectionStyle, DefaultTextStyle, MediaQuery])
                                                                                                                                                                   │                                                           │       │                                              │   └RichText(softWrap: wrapping at box width, maxLines: unlimited, text: "0", dependencies: [Directionality, _LocalizationsScope-[GlobalKey#62535]], renderObject: RenderParagraph#097ff relayoutBoundary=up1)
                                                                                                                                                                   │                                                           │       │                                              ├Container(Alignment.center, constraints: BoxConstraints(0.0<=w<=Infinity, h=65.0))
                                                                                                                                                                   │                                                           │       │                                              │└ConstrainedBox(BoxConstraints(0.0<=w<=Infinity, h=65.0), renderObject: RenderConstrainedBox#97b4a relayoutBoundary=up35)
                                                                                                                                                                   │                                                           │       │                                              │ └Align(alignment: Alignment.center, dependencies: [Directionality], renderObject: RenderPositionedBox#0a1a7)
                                                                                                                                                                   │                                                           │       │                                              │  └Text("0", inherit: true, color: Color(alpha: 0.8667, red: 0.0000, green: 0.0000, blue: 0.0000, colorSpace: ColorSpace.sRGB), size: 13.0, weight: 700, dependencies: [DefaultSelectionStyle, DefaultTextStyle, MediaQuery])
                                                                                                                                                                   │                                                           │       │                                              │   └RichText(softWrap: wrapping at box width, maxLines: unlimited, text: "0", dependencies: [Directionality, _LocalizationsScope-[GlobalKey#62535]], renderObject: RenderParagraph#b3fcd relayoutBoundary=up1)
                                                                                                                                                                   │                                                           │       │                                              ├Container(Alignment.center, constraints: BoxConstraints(0.0<=w<=Infinity, h=65.0))
                                                                                                                                                                   │                                                           │       │                                              │└ConstrainedBox(BoxConstraints(0.0<=w<=Infinity, h=65.0), renderObject: RenderConstrainedBox#41c54 relayoutBoundary=up35)
                                                                                                                                                                   │                                                           │       │                                              │ └Align(alignment: Alignment.center, dependencies: [Directionality], renderObject: RenderPositionedBox#168ec)
                                                                                                                                                                   │                                                           │       │                                              │  └Text("0", inherit: true, color: Color(alpha: 0.8667, red: 0.0000, green: 0.0000, blue: 0.0000, colorSpace: ColorSpace.sRGB), size: 13.0, weight: 700, dependencies: [DefaultSelectionStyle, DefaultTextStyle, MediaQuery])
                                                                                                                                                                   │                                                           │       │                                              │   └RichText(softWrap: wrapping at box width, maxLines: unlimited, text: "0", dependencies: [Directionality, _LocalizationsScope-[GlobalKey#62535]], renderObject: RenderParagraph#566db relayoutBoundary=up1)
                                                                                                                                                                   │                                                           │       │                                              └Container(Alignment.center, bg: Color(alpha: 1.0000, red: 1.0000, green: 0.9529, blue: 0.8784, colorSpace: ColorSpace.sRGB), constraints: BoxConstraints(0.0<=w<=Infinity, h=65.0))
                                                                                                                                                                   │                                                           │       │                                               └ConstrainedBox(BoxConstraints(0.0<=w<=Infinity, h=65.0), renderObject: RenderConstrainedBox#b7502 relayoutBoundary=up35)
                                                                                                                                                                   │                                                           │       │                                                └ColoredBox(color: Color(alpha: 1.0000, red: 1.0000, green: 0.9529, blue: 0.8784, colorSpace: ColorSpace.sRGB), renderObject: _RenderColoredBox#63f7e)
                                                                                                                                                                   │                                                           │       │                                                 └Align(alignment: Alignment.center, dependencies: [Directionality], renderObject: RenderPositionedBox#2b4d7)
                                                                                                                                                                   │                                                           │       │                                                  └Text("0", inherit: true, color: Color(alpha: 1.0000, red: 0.9373, green: 0.4235, blue: 0.0000, colorSpace: ColorSpace.sRGB), size: 16.0, weight: 700, dependencies: [DefaultSelectionStyle, DefaultTextStyle, MediaQuery])
                                                                                                                                                                   │                                                           │       │                                                   └RichText(softWrap: wrapping at box width, maxLines: unlimited, text: "0", dependencies: [Directionality, _LocalizationsScope-[GlobalKey#62535]], renderObject: RenderParagraph#e6a8a relayoutBoundary=up1)
                                                                                                                                                                   │                                                           │       ├SizedBox(height: 32.0, renderObject: RenderConstrainedBox#4c837 relayoutBoundary=up15)
                                                                                                                                                                   │                                                           │       ├Padding(padding: EdgeInsets(8.0, 0.0, 0.0, 12.0), dependencies: [Directionality], renderObject: RenderPadding#a4a18 relayoutBoundary=up15)
                                                                                                                                                                   │                                                           │       │└Text("▼ 対戦カード別 スコア詳細", inherit: true, color: MaterialColor(primary value: Color(alpha: 1.0000, red: 0.6196, green: 0.6196, blue: 0.6196, colorSpace: ColorSpace.sRGB)), size: 14.0, weight: 700, dependencies: [DefaultSelectionStyle, DefaultTextStyle, MediaQuery])
                                                                                                                                                                   │                                                           │       │ └RichText(softWrap: wrapping at box width, maxLines: unlimited, text: "▼ 対戦カード別 スコア詳細", dependencies: [Directionality, _LocalizationsScope-[GlobalKey#62535]], renderObject: RenderParagraph#214c4 relayoutBoundary=up16)
                                                                                                                                                                   │                                                           │       ├Padding(padding: EdgeInsets(0.0, 0.0, 0.0, 24.0), dependencies: [Directionality], renderObject: RenderPadding#b3859 relayoutBoundary=up15)
                                                                                                                                                                   │                                                           │       │└InkWell-[<'viewer_match_card_対戦スコア詳細'>]
                                                                                                                                                                   │                                                           │       │ └_InkResponseStateWidget(gestures: [tap], mouseCursor: null, clipped to BoxShape.rectangle, dependencies: [InheritedCupertinoTheme, MediaQuery, _InheritedTheme, _LocalizationsScope-[GlobalKey#62535]], state: _InkResponseState#23b3e)
                                                                                                                                                                   │                                                           │       │  └_ParentInkResponseProvider
                                                                                                                                                                   │                                                           │       │   └Actions(dispatcher: null, actions: {ActivateIntent: CallbackAction<ActivateIntent>#7e89e, ButtonActivateIntent: CallbackAction<ButtonActivateIntent>#6d7b1}, state: _ActionsState#d499b)
                                                                                                                                                                   │                                                           │       │    └_ActionsScope
                                                                                                                                                                   │                                                           │       │     └Focus(dependencies: [_FocusInheritedScope], state: _FocusState#71683)
                                                                                                                                                                   │                                                           │       │      └_FocusInheritedScope
                                                                                                                                                                   │                                                           │       │       └Semantics(container: false, properties: SemanticsProperties, renderObject: RenderSemanticsAnnotations#55f29 relayoutBoundary=up16)
                                                                                                                                                                   │                                                           │       │        └MouseRegion(listeners: [enter, exit], cursor: SystemMouseCursor(basic), renderObject: RenderMouseRegion#00291 relayoutBoundary=up17)
                                                                                                                                                                   │                                                           │       │         └Builder(dependencies: [DefaultSelectionStyle])
                                                                                                                                                                   │                                                           │       │          └DefaultSelectionStyle
                                                                                                                                                                   │                                                           │       │           └Semantics(container: false, properties: SemanticsProperties, renderObject: RenderSemanticsAnnotations#4b15d relayoutBoundary=up18)
                                                                                                                                                                   │                                                           │       │            └GestureDetector(startBehavior: start, dependencies: [MediaQuery, ScrollConfiguration])
                                                                                                                                                                   │                                                           │       │             └RawGestureDetector(state: RawGestureDetectorState#3581e(gestures: [tap], excludeFromSemantics: true, behavior: opaque))
                                                                                                                                                                   │                                                           │       │              └Listener(listeners: [down, panZoomStart], behavior: opaque, renderObject: RenderPointerListener#48d0b relayoutBoundary=up19)
                                                                                                                                                                   │                                                           │       │               └Card(dependencies: [InheritedCupertinoTheme, _InheritedTheme, _LocalizationsScope-[GlobalKey#62535]])
                                                                                                                                                                   │                                                           │       │                └Semantics(container: true, properties: SemanticsProperties, renderObject: RenderSemanticsAnnotations#a902b relayoutBoundary=up20)
                                                                                                                                                                   │                                                           │       │                 └Padding(padding: EdgeInsets(4.0, 8.0, 4.0, 8.0), dependencies: [Directionality], renderObject: RenderPadding#d063a relayoutBoundary=up21)
                                                                                                                                                                   │                                                           │       │                  └Material(type: card, color: Color(alpha: 1.0000, red: 1.0000, green: 1.0000, blue: 1.0000, colorSpace: ColorSpace.sRGB), shadowColor: Color(alpha: 1.0000, red: 0.0000, green: 0.0000, blue: 0.0000, colorSpace: ColorSpace.sRGB), surfaceTintColor: Color(alpha: 0.0000, red: 0.0000, green: 0.0000, blue: 0.0000, colorSpace: ColorSpace.sRGB), shape: RoundedRectangleBorder(BorderSide(color: Color(alpha: 1.0000, red: 0.8784, green: 0.8784, blue: 0.8784, colorSpace: ColorSpace.sRGB)), BorderRadius.circular(12.0)), dependencies: [InheritedCupertinoTheme, _InheritedTheme, _LocalizationsScope-[GlobalKey#62535]], state: _MaterialState#7350e)
                                                                                                                                                                   │                                                           │       │                   └_MaterialInterior(duration: 200ms, shape: RoundedRectangleBorder(BorderSide(color: Color(alpha: 1.0000, red: 0.8784, green: 0.8784, blue: 0.8784, colorSpace: ColorSpace.sRGB)), BorderRadius.circular(12.0)), elevation: 0.0, color: Color(alpha: 1.0000, red: 1.0000, green: 1.0000, blue: 1.0000, colorSpace: ColorSpace.sRGB), shadowColor: Color(alpha: 1.0000, red: 0.0000, green: 0.0000, blue: 0.0000, colorSpace: ColorSpace.sRGB), dependencies: [Directionality, InheritedCupertinoTheme, _InheritedTheme, _LocalizationsScope-[GlobalKey#62535]], state: _MaterialInteriorState#87beb(ticker inactive))
                                                                                                                                                                   │                                                           │       │                    └PhysicalShape(clipper: ShapeBorderClipper, elevation: 0.0, color: Color(alpha: 1.0000, red: 1.0000, green: 1.0000, blue: 1.0000, colorSpace: ColorSpace.sRGB), shadowColor: Color(alpha: 1.0000, red: 0.0000, green: 0.0000, blue: 0.0000, colorSpace: ColorSpace.sRGB), renderObject: RenderPhysicalShape#7f532 relayoutBoundary=up22)
                                                                                                                                                                   │                                                           │       │                     └_ShapeBorderPaint(dependencies: [Directionality])
                                                                                                                                                                   │                                                           │       │                      └CustomPaint(renderObject: RenderCustomPaint#5a2ea relayoutBoundary=up23)
                                                                                                                                                                   │                                                           │       │                       └NotificationListener<LayoutChangedNotification>
                                                                                                                                                                   │                                                           │       │                        └_InkFeatures-[GlobalKey#84094 ink renderer](renderObject: _RenderInkFeatures#bce9c relayoutBoundary=up24)
                                                                                                                                                                   │                                                           │       │                         └AnimatedDefaultTextStyle(duration: 200ms, debugLabel: (englishLike bodyMedium 2021).merge((blackMountainView bodyMedium).apply), inherit: false, color: Color(alpha: 1.0000, red: 0.1137, green: 0.1059, blue: 0.1255, colorSpace: ColorSpace.sRGB), family: Roboto, size: 14.0, weight: 400, letterSpacing: 0.3, baseline: alphabetic, height: 1.4x, leadingDistribution: even, decoration: Color(alpha: 1.0000, red: 0.1137, green: 0.1059, blue: 0.1255, colorSpace: ColorSpace.sRGB) TextDecoration.none, softWrap: wrapping at box width, overflow: clip, state: _AnimatedDefaultTextStyleState#f751e(ticker inactive))
                                                                                                                                                                   │                                                           │       │                          └DefaultTextStyle(debugLabel: (englishLike bodyMedium 2021).merge((blackMountainView bodyMedium).apply), inherit: false, color: Color(alpha: 1.0000, red: 0.1137, green: 0.1059, blue: 0.1255, colorSpace: ColorSpace.sRGB), family: Roboto, size: 14.0, weight: 400, letterSpacing: 0.3, baseline: alphabetic, height: 1.4x, leadingDistribution: even, decoration: Color(alpha: 1.0000, red: 0.1137, green: 0.1059, blue: 0.1255, colorSpace: ColorSpace.sRGB) TextDecoration.none, softWrap: wrapping at box width, overflow: clip)
                                                                                                                                                                   │                                                           │       │                           └Semantics(container: false, properties: SemanticsProperties, renderObject: RenderSemanticsAnnotations#3ad1d relayoutBoundary=up25)
                                                                                                                                                                   │                                                           │       │                            └Column(direction: vertical, mainAxisAlignment: start, crossAxisAlignment: center, renderObject: RenderFlex#df3f6 relayoutBoundary=up26)
                                                                                                                                                                   │                                                           │       │                             ├Container(padding: EdgeInsets.all(12.0), bg: Color(alpha: 1.0000, red: 0.9804, green: 0.9804, blue: 0.9804, colorSpace: ColorSpace.sRGB), constraints: BoxConstraints(w=Infinity, 0.0<=h<=Infinity))
                                                                                                                                                                   │                                                           │       │                             │└ConstrainedBox(BoxConstraints(w=Infinity, 0.0<=h<=Infinity), renderObject: RenderConstrainedBox#67a9e relayoutBoundary=up27)
                                                                                                                                                                   │                                                           │       │                             │ └ColoredBox(color: Color(alpha: 1.0000, red: 0.9804, green: 0.9804, blue: 0.9804, colorSpace: ColorSpace.sRGB), renderObject: _RenderColoredBox#ed11a relayoutBoundary=up28)
                                                                                                                                                                   │                                                           │       │                             │  └Padding(padding: EdgeInsets.all(12.0), dependencies: [Directionality], renderObject: RenderPadding#9d223 relayoutBoundary=up29)
                                                                                                                                                                   │                                                           │       │                             │   └Text("【個人戦】 対戦スコア詳細", inherit: true, color: Color(alpha: 1.0000, red: 0.2588, green: 0.2588, blue: 0.2588, colorSpace: ColorSpace.sRGB), weight: 700, dependencies: [DefaultSelectionStyle, DefaultTextStyle, MediaQuery])
                                                                                                                                                                   │                                                           │       │                             │    └RichText(softWrap: wrapping at box width, maxLines: unlimited, text: "【個人戦】 対戦スコア詳細", dependencies: [Directionality, _LocalizationsScope-[GlobalKey#62535]], renderObject: RenderParagraph#4a487 relayoutBoundary=up30)
                                                                                                                                                                   │                                                           │       │                             └ListView(scrollDirection: vertical, NeverScrollableScrollPhysics, shrinkWrap: shrink-wrapping, dependencies: [InheritedCupertinoTheme, MediaQuery, ScrollConfiguration, _InheritedTheme, _LocalizationsScope-[GlobalKey#62535]])
                                                                                                                                                                   │                                                           │       │                              └Scrollable(axisDirection: down, physics: NeverScrollableScrollPhysics, restorationId: null, dependencies: [InheritedCupertinoTheme, MediaQuery, ScrollConfiguration, UnmanagedRestorationScope, _InheritedTheme, _LocalizationsScope-[GlobalKey#62535]], state: ScrollableState#62514(position: ScrollPositionWithSingleContext#64f49(offset: 0.0, range: 0.0..0.0, viewport: 80.0, ScrollableState, NeverScrollableScrollPhysics -> ClampingScrollPhysics -> RangeMaintainingScrollPhysics, IdleScrollActivity#cdf97, ScrollDirection.idle), effective physics: NeverScrollableScrollPhysics -> ClampingScrollPhysics -> RangeMaintainingScrollPhysics))
                                                                                                                                                                   │                                                           │       │                               └StretchingOverscrollIndicator(axisDirection: down, state: _StretchingOverscrollIndicatorState#c0fcd)
                                                                                                                                                                   │                                                           │       │                                └NotificationListener<ScrollNotification>
                                                                                                                                                                   │                                                           │       │                                 └AnimatedBuilder(listenable: _StretchController(), dependencies: [MediaQuery], state: _AnimatedState#fdcf0)
                                                                                                                                                                   │                                                           │       │                                  └ClipRect(renderObject: RenderClipRect#31f69 relayoutBoundary=up27)
                                                                                                                                                                   │                                                           │       │                                   └StretchEffect(dependencies: [Directionality])
                                                                                                                                                                   │                                                           │       │                                    └Transform(dependencies: [Directionality], renderObject: RenderTransform#5242b relayoutBoundary=up28)
                                                                                                                                                                   │                                                           │       │                                     └NotificationListener<ScrollMetricsNotification>
                                                                                                                                                                   │                                                           │       │                                      └_ScrollSemantics-[GlobalKey#02096](renderObject: _RenderScrollSemantics#f7bc2 relayoutBoundary=up29)
                                                                                                                                                                   │                                                           │       │                                       └_ScrollableScope
                                                                                                                                                                   │                                                           │       │                                        └Listener(listeners: [signal], behavior: deferToChild, renderObject: RenderPointerListener#751f5 relayoutBoundary=up30)
                                                                                                                                                                   │                                                           │       │                                         └RawGestureDetector-[LabeledGlobalKey<RawGestureDetectorState>#51009](state: RawGestureDetectorState#0bbf9(gestures: <none>, behavior: opaque))
                                                                                                                                                                   │                                                           │       │                                          └_GestureSemantics(renderObject: RenderSemanticsGestureHandler#793d3 relayoutBoundary=up31)
                                                                                                                                                                   │                                                           │       │                                           └Listener(listeners: [down, panZoomStart], behavior: opaque, renderObject: RenderPointerListener#e6ce4 relayoutBoundary=up32)
                                                                                                                                                                   │                                                           │       │                                            └Semantics(container: false, properties: SemanticsProperties, renderObject: RenderSemanticsAnnotations#4dd33 relayoutBoundary=up33)
                                                                                                                                                                   │                                                           │       │                                             └IgnorePointer-[GlobalKey#9ce5b](ignoring: false, renderObject: RenderIgnorePointer#0a1d9 relayoutBoundary=up34)
                                                                                                                                                                   │                                                           │       │                                              └ShrinkWrappingViewport(axisDirection: down, offset: ScrollPositionWithSingleContext#64f49(offset: 0.0, range: 0.0..0.0, viewport: 80.0, ScrollableState, NeverScrollableScrollPhysics -> ClampingScrollPhysics -> RangeMaintainingScrollPhysics, IdleScrollActivity#cdf97, ScrollDirection.idle), dependencies: [Directionality], renderObject: RenderShrinkWrappingViewport#bddab relayoutBoundary=up35)
                                                                                                                                                                   │                                                           │       │                                               └SliverPadding(padding: EdgeInsets.zero, dependencies: [Directionality], renderObject: RenderSliverPadding#81b7e relayoutBoundary=up36)
                                                                                                                                                                   │                                                           │       │                                                └MediaQuery(MediaQueryData(size: Size(1080.0, 4000.0), devicePixelRatio: 1.0, textScaler: SystemTextScaler (no scaling), platformBrightness: Brightness.light, padding: EdgeInsets.zero, viewPadding: EdgeInsets.zero, viewInsets: EdgeInsets.zero, systemGestureInsets: EdgeInsets.zero, alwaysUse24HourFormat: false, accessibleNavigation: false, highContrast: false, onOffSwitchLabels: false, disableAnimations: false, invertColors: false, boldText: false, navigationMode: traditional, gestureSettings: DeviceGestureSettings(touchSlop: null), displayFeatures: [], supportsShowingSystemContextMenu: false, lineHeightScaleFactorOverride: null, letterSpacingOverride: null, wordSpacingOverride: null, paragraphSpacingOverride: null))
                                                                                                                                                                   │                                                           │       │                                                 └SliverList(delegate: SliverChildBuilderDelegate#982be(estimated child count: 1), renderObject: RenderSliverList#a5bb6 relayoutBoundary=up37)
                                                                                                                                                                   │                                                           │       │                                                  └KeyedSubtree
                                                                                                                                                                   │                                                           │       │                                                   └AutomaticKeepAlive(state: _AutomaticKeepAliveState#9261c(handles: no notifications ever received))
                                                                                                                                                                   │                                                           │       │                                                    └KeepAlive(keepAlive: false)
                                                                                                                                                                   │                                                           │       │                                                     └NotificationListener<KeepAliveNotification>
                                                                                                                                                                   │                                                           │       │                                                      └_SelectionKeepAlive(state: _SelectionKeepAliveState#989eb)
                                                                                                                                                                   │                                                           │       │                                                       └IndexedSemantics(index: 0, renderObject: RenderIndexedSemantics#d7581 relayoutBoundary=up38)
                                                                                                                                                                   │                                                           │       │                                                        └RepaintBoundary(renderObject: RenderRepaintBoundary#1cce3 relayoutBoundary=up39)
                                                                                                                                                                   │                                                           │       │                                                         └Container(bg: Color(alpha: 0.0500, red: 0.6196, green: 0.6196, blue: 0.6196, colorSpace: ColorSpace.sRGB))
                                                                                                                                                                   │                                                           │       │                                                          └ColoredBox(color: Color(alpha: 0.0500, red: 0.6196, green: 0.6196, blue: 0.6196, colorSpace: ColorSpace.sRGB), renderObject: _RenderColoredBox#254e5 relayoutBoundary=up40)
                                                                                                                                                                   │                                                           │       │                                                           └Stack(alignment: Alignment.center, fit: loose, dependencies: [Directionality], renderObject: RenderStack#9f00a relayoutBoundary=up41)
                                                                                                                                                                   │                                                           │       │                                                            ├Opacity(opacity: 0.2, renderObject: RenderOpacity#4bfa1 relayoutBoundary=up42)
                                                                                                                                                                   │                                                           │       │                                                            │└Padding(padding: EdgeInsets.all(12.0), dependencies: [Directionality], renderObject: RenderPadding#48c19 relayoutBoundary=up43)
                                                                                                                                                                   │                                                           │       │                                                            │ └Row(direction: horizontal, mainAxisAlignment: start, crossAxisAlignment: center, dependencies: [Directionality], renderObject: RenderFlex#20261 relayoutBoundary=up44)
                                                                                                                                                                   │                                                           │       │                                                            │  ├SizedBox(width: 55.0, renderObject: RenderConstrainedBox#cfd14 relayoutBoundary=up45)
                                                                                                                                                                   │                                                           │       │                                                            │  │└Text("[リーグ戦] [SUMMARY]", inherit: true, color: Color(alpha: 1.0000, red: 0.6196, green: 0.6196, blue: 0.6196, colorSpace: ColorSpace.sRGB), size: 10.0, weight: 700, textAlign: center, dependencies: [DefaultSelectionStyle, DefaultTextStyle, MediaQuery])
                                                                                                                                                                   │                                                           │       │                                                            │  │ └RichText(textAlign: center, softWrap: wrapping at box width, maxLines: unlimited, text: "[リーグ戦] [SUMMARY]", dependencies: [Directionality, _LocalizationsScope-[GlobalKey#62535]], renderObject: RenderParagraph#e6221 relayoutBoundary=up46)
                                                                                                                                                                   │                                                           │       │                                                            │  ├Expanded(flex: 1)
                                                                                                                                                                   │                                                           │       │                                                            │  │└Column(direction: vertical, mainAxisAlignment: start, crossAxisAlignment: end, dependencies: [Directionality], renderObject: RenderFlex#ccdca relayoutBoundary=up45)
                                                                                                                                                                   │                                                           │       │                                                            │  │ ├Text("青龍道場", inherit: true, color: Color(alpha: 1.0000, red: 0.6196, green: 0.6196, blue: 0.6196, colorSpace: ColorSpace.sRGB), size: 9.0, overflow: ellipsis, dependencies: [DefaultSelectionStyle, DefaultTextStyle, MediaQuery])
                                                                                                                                                                   │                                                           │       │                                                            │  │ │└RichText(softWrap: wrapping at box width, overflow: ellipsis, maxLines: unlimited, text: "青龍道場", dependencies: [Directionality, _LocalizationsScope-[GlobalKey#62535]], renderObject: RenderParagraph#b7c04 relayoutBoundary=up46)
                                                                                                                                                                   │                                                           │       │                                                            │  │ └Text("山田", inherit: true, color: Color(alpha: 1.0000, red: 0.8275, green: 0.1843, blue: 0.1843, colorSpace: ColorSpace.sRGB), weight: 900, overflow: ellipsis, dependencies: [DefaultSelectionStyle, DefaultTextStyle, MediaQuery])
                                                                                                                                                                   │                                                           │       │                                                            │  │  └RichText(softWrap: wrapping at box width, overflow: ellipsis, maxLines: unlimited, text: "山田", dependencies: [Directionality, _LocalizationsScope-[GlobalKey#62535]], renderObject: RenderParagraph#c980a relayoutBoundary=up46)
                                                                                                                                                                   │                                                           │       │                                                            │  ├SizedBox(width: 12.0, renderObject: RenderConstrainedBox#ae74e relayoutBoundary=up45)
                                                                                                                                                                   │                                                           │       │                                                            │  ├SizedBox(width: 36.0, height: 36.0, renderObject: RenderConstrainedBox#8cb79 relayoutBoundary=up45)
                                                                                                                                                                   │                                                           │       │                                                            │  │└Stack(alignment: Alignment.center, fit: loose, dependencies: [Directionality], renderObject: RenderStack#c0941)
                                                                                                                                                                   │                                                           │       │                                                            │  │ └Container(bg: BoxDecoration(border: Border.all(BorderSide(color: Color(alpha: 0.4000, red: 0.8275, green: 0.1843, blue: 0.1843, colorSpace: ColorSpace.sRGB), width: 1.5)), shape: circle), constraints: BoxConstraints(w=32.0, h=32.0))
                                                                                                                                                                   │                                                           │       │                                                            │  │  └ConstrainedBox(BoxConstraints(w=32.0, h=32.0), renderObject: RenderConstrainedBox#88832 relayoutBoundary=up1)
                                                                                                                                                                   │                                                           │       │                                                            │  │   └DecoratedBox(bg: BoxDecoration(border: Border.all(BorderSide(color: Color(alpha: 0.4000, red: 0.8275, green: 0.1843, blue: 0.1843, colorSpace: ColorSpace.sRGB), width: 1.5)), shape: circle), dependencies: [Directionality, MediaQuery, _LocalizationsScope-[GlobalKey#62535]], renderObject: RenderDecoratedBox#0167a)
                                                                                                                                                                   │                                                           │       │                                                            │  │    └Padding(padding: EdgeInsets.all(1.5), dependencies: [Directionality], renderObject: RenderPadding#ae2c5)
                                                                                                                                                                   │                                                           │       │                                                            │  ├Padding(padding: EdgeInsets(8.0, 0.0, 8.0, 0.0), dependencies: [Directionality], renderObject: RenderPadding#6af2b relayoutBoundary=up45)
                                                                                                                                                                   │                                                           │       │                                                            │  │└Text("-", inherit: true, color: Color(alpha: 1.0000, red: 0.7412, green: 0.7412, blue: 0.7412, colorSpace: ColorSpace.sRGB), size: 16.0, weight: 300, dependencies: [DefaultSelectionStyle, DefaultTextStyle, MediaQuery])
                                                                                                                                                                   │                                                           │       │                                                            │  │ └RichText(softWrap: wrapping at box width, maxLines: unlimited, text: "-", dependencies: [Directionality, _LocalizationsScope-[GlobalKey#62535]], renderObject: RenderParagraph#63b1e relayoutBoundary=up46)
                                                                                                                                                                   │                                                           │       │                                                            │  ├SizedBox(width: 36.0, height: 36.0, renderObject: RenderConstrainedBox#2c5c3 relayoutBoundary=up45)
                                                                                                                                                                   │                                                           │       │                                                            │  │└Stack(alignment: Alignment.center, fit: loose, dependencies: [Directionality], renderObject: RenderStack#8a610)
                                                                                                                                                                   │                                                           │       │                                                            │  ├SizedBox(width: 12.0, renderObject: RenderConstrainedBox#33919 relayoutBoundary=up45)
                                                                                                                                                                   │                                                           │       │                                                            │  └Expanded(flex: 1)
                                                                                                                                                                   │                                                           │       │                                                            │   └Column(direction: vertical, mainAxisAlignment: start, crossAxisAlignment: start, dependencies: [Directionality], renderObject: RenderFlex#7926e relayoutBoundary=up45)
                                                                                                                                                                   │                                                           │       │                                                            │    ├Text("朱雀会", inherit: true, color: Color(alpha: 1.0000, red: 0.6196, green: 0.6196, blue: 0.6196, colorSpace: ColorSpace.sRGB), size: 9.0, overflow: ellipsis, dependencies: [DefaultSelectionStyle, DefaultTextStyle, MediaQuery])
                                                                                                                                                                   │                                                           │       │                                                            │    │└RichText(softWrap: wrapping at box width, overflow: ellipsis, maxLines: unlimited, text: "朱雀会", dependencies: [Directionality, _LocalizationsScope-[GlobalKey#62535]], renderObject: RenderParagraph#277dd relayoutBoundary=up46)
                                                                                                                                                                   │                                                           │       │                                                            │    └Text("佐藤", inherit: true, color: Color(alpha: 0.8667, red: 0.0000, green: 0.0000, blue: 0.0000, colorSpace: ColorSpace.sRGB), weight: 700, overflow: ellipsis, dependencies: [DefaultSelectionStyle, DefaultTextStyle, MediaQuery])
                                                                                                                                                                   │                                                           │       │                                                            │     └RichText(softWrap: wrapping at box width, overflow: ellipsis, maxLines: unlimited, text: "佐藤", dependencies: [Directionality, _LocalizationsScope-[GlobalKey#62535]], renderObject: RenderParagraph#d7ae4 relayoutBoundary=up46)
                                                                                                                                                                   │                                                           │       │                                                            └Container(padding: EdgeInsets(12.0, 6.0, 12.0, 6.0), bg:
                                                                                                                                                                   │                                                           │       │                                                             │  BoxDecoration(color: Color(alpha: 1.0000, red: 1.0000, green: 1.0000, blue: 1.0000, colorSpace: ColorSpace.sRGB), border: Border.all(BorderSide(color: Color(alpha: 1.0000, red: 0.7412, green: 0.7412, blue: 0.7412, colorSpace: ColorSpace.sRGB), width: 0.5)), borderRadius: BorderRadius.circular(8.0),
                                                                                                                                                                   │                                                           │       │                                                             │    boxShadow: [BoxShadow(Color(alpha: 0.1000, red: 0.0000, green:
                                                                                                                                                                   │                                                           │       │                                                             │      0.0000, blue: 0.0000, colorSpace: ColorSpace.sRGB), Offset(0.0,
                                                                                                                                                                   │                                                           │       │                                                             │      0.0), 4.0, 0.0, BlurStyle.normal)]
                                                                                                                                                                   │                                                           │       │                                                             │    )
                                                                                                                                                                   │                                                           │       │                                                             │)
                                                                                                                                                                   │                                                           │       │                                                             └DecoratedBox(bg:
                                                                                                                                                                   │                                                           │       │                                                              │  BoxDecoration(color: Color(alpha: 1.0000, red: 1.0000, green: 1.0000, blue: 1.0000, colorSpace: ColorSpace.sRGB), border: Border.all(BorderSide(color: Color(alpha: 1.0000, red: 0.7412, green: 0.7412, blue: 0.7412, colorSpace: ColorSpace.sRGB), width: 0.5)), borderRadius: BorderRadius.circular(8.0),
                                                                                                                                                                   │                                                           │       │                                                              │    boxShadow: [BoxShadow(Color(alpha: 0.1000, red: 0.0000, green:
                                                                                                                                                                   │                                                           │       │                                                              │      0.0000, blue: 0.0000, colorSpace: ColorSpace.sRGB), Offset(0.0,
                                                                                                                                                                   │                                                           │       │                                                              │      0.0), 4.0, 0.0, BlurStyle.normal)]
                                                                                                                                                                   │                                                           │       │                                                              │    )
                                                                                                                                                                   │                                                           │       │                                                              │, dependencies: [Directionality, MediaQuery, _LocalizationsScope-[GlobalKey#62535]], renderObject: RenderDecoratedBox#54d25 relayoutBoundary=up42)
                                                                                                                                                                   │                                                           │       │                                                              └Padding(padding: EdgeInsets(12.5, 6.5, 12.5, 6.5), dependencies: [Directionality], renderObject: RenderPadding#632ca relayoutBoundary=up43)
                                                                                                                                                                   │                                                           │       │                                                               └Text("※簡易入力された結果です\n（詳細スコアはありません）", inherit: true, color: Color(alpha: 1.0000, red: 0.3804, green: 0.3804, blue: 0.3804, colorSpace: ColorSpace.sRGB), size: 11.0, weight: 700, textAlign: center, dependencies: [DefaultSelectionStyle, DefaultTextStyle, MediaQuery])
                                                                                                                                                                   │                                                           │       │                                                                └RichText(textAlign: center, softWrap: wrapping at box width, maxLines: unlimited, text: "※簡易入力された結果です\n（詳細スコアはありません）", dependencies: [Directionality, _LocalizationsScope-[GlobalKey#62535]], renderObject: RenderParagraph#bc0e1 relayoutBoundary=up44)
                                                                                                                                                                   │                                                           │       └SizedBox(height: 48.0, renderObject: RenderConstrainedBox#4848f relayoutBoundary=up15)
                                                                                                                                                                   │                                                           └KeyedSubtree-[Key <[<'viewer_match_card_勝ち抜き戦A'>]>]
                                                                                                                                                                   │                                                            └AutomaticKeepAlive(state: _AutomaticKeepAliveState#f1ecc(handles: no notifications ever received))
                                                                                                                                                                   │                                                             └KeepAlive(keepAlive: false)
                                                                                                                                                                   │                                                              └NotificationListener<KeepAliveNotification>
                                                                                                                                                                   │                                                               └_SelectionKeepAlive(state: _SelectionKeepAliveState#cc662)
                                                                                                                                                                   │                                                                └IndexedSemantics(index: 3, renderObject: RenderIndexedSemantics#3a4cb relayoutBoundary=up12)
                                                                                                                                                                   │                                                                 └RepaintBoundary(renderObject: RenderRepaintBoundary#803f9 relayoutBoundary=up13)
                                                                                                                                                                   │                                                                  └InkWell-[<'viewer_match_card_勝ち抜き戦A'>]
                                                                                                                                                                   │                                                                   └_InkResponseStateWidget(gestures: [tap], mouseCursor: null, clipped to BoxShape.rectangle, dependencies: [InheritedCupertinoTheme, MediaQuery, _InheritedTheme, _LocalizationsScope-[GlobalKey#62535]], state: _InkResponseState#6ca0b)
                                                                                                                                                                   │                                                                    └_ParentInkResponseProvider
                                                                                                                                                                   │                                                                     └Actions(dispatcher: null, actions: {ActivateIntent: CallbackAction<ActivateIntent>#414d5, ButtonActivateIntent: CallbackAction<ButtonActivateIntent>#0b6cf}, state: _ActionsState#62873)
                                                                                                                                                                   │                                                                      └_ActionsScope
                                                                                                                                                                   │                                                                       └Focus(dependencies: [_FocusInheritedScope], state: _FocusState#c24c0)
                                                                                                                                                                   │                                                                        └_FocusInheritedScope
                                                                                                                                                                   │                                                                         └Semantics(container: false, properties: SemanticsProperties, renderObject: RenderSemanticsAnnotations#b765b relayoutBoundary=up14)
                                                                                                                                                                   │                                                                          └MouseRegion(listeners: [enter, exit], cursor: SystemMouseCursor(basic), renderObject: RenderMouseRegion#27237 relayoutBoundary=up15)
                                                                                                                                                                   │                                                                           └Builder(dependencies: [DefaultSelectionStyle])
                                                                                                                                                                   │                                                                            └DefaultSelectionStyle
                                                                                                                                                                   │                                                                             └Semantics(container: false, properties: SemanticsProperties, renderObject: RenderSemanticsAnnotations#48472 relayoutBoundary=up16)
                                                                                                                                                                   │                                                                              └GestureDetector(startBehavior: start, dependencies: [MediaQuery, ScrollConfiguration])
                                                                                                                                                                   │                                                                               └RawGestureDetector(state: RawGestureDetectorState#f9b7b(gestures: [tap], excludeFromSemantics: true, behavior: opaque))
                                                                                                                                                                   │                                                                                └Listener(listeners: [down, panZoomStart], behavior: opaque, renderObject: RenderPointerListener#a223d relayoutBoundary=up17)
                                                                                                                                                                   │                                                                                 └Card(dependencies: [InheritedCupertinoTheme, _InheritedTheme, _LocalizationsScope-[GlobalKey#62535]])
                                                                                                                                                                   │                                                                                  └Semantics(container: true, properties: SemanticsProperties, renderObject: RenderSemanticsAnnotations#6d959 relayoutBoundary=up18)
                                                                                                                                                                   │                                                                                   └Padding(padding: EdgeInsets(4.0, 8.0, 4.0, 8.0), dependencies: [Directionality], renderObject: RenderPadding#167d8 relayoutBoundary=up19)
                                                                                                                                                                   │                                                                                    └Material(type: card, color: Color(alpha: 1.0000, red: 0.9686, green: 0.9490, blue: 0.9804, colorSpace: ColorSpace.sRGB), shadowColor: Color(alpha: 1.0000, red: 0.0000, green: 0.0000, blue: 0.0000, colorSpace: ColorSpace.sRGB), surfaceTintColor: Color(alpha: 0.0000, red: 0.0000, green: 0.0000, blue: 0.0000, colorSpace: ColorSpace.sRGB), shape: RoundedRectangleBorder(BorderSide(color: Color(alpha: 1.0000, red: 0.8784, green: 0.8784, blue: 0.8784, colorSpace: ColorSpace.sRGB)), BorderRadius.circular(12.0)), dependencies: [InheritedCupertinoTheme, _InheritedTheme, _LocalizationsScope-[GlobalKey#62535]], state: _MaterialState#86725)
                                                                                                                                                                   │                                                                                     └_MaterialInterior(duration: 200ms, shape: RoundedRectangleBorder(BorderSide(color: Color(alpha: 1.0000, red: 0.8784, green: 0.8784, blue: 0.8784, colorSpace: ColorSpace.sRGB)), BorderRadius.circular(12.0)), elevation: 0.0, color: Color(alpha: 1.0000, red: 0.9686, green: 0.9490, blue: 0.9804, colorSpace: ColorSpace.sRGB), shadowColor: Color(alpha: 1.0000, red: 0.0000, green: 0.0000, blue: 0.0000, colorSpace: ColorSpace.sRGB), dependencies: [Directionality, InheritedCupertinoTheme, _InheritedTheme, _LocalizationsScope-[GlobalKey#62535]], state: _MaterialInteriorState#421aa(ticker inactive))
                                                                                                                                                                   │                                                                                      └PhysicalShape(clipper: ShapeBorderClipper, elevation: 0.0, color: Color(alpha: 1.0000, red: 0.9686, green: 0.9490, blue: 0.9804, colorSpace: ColorSpace.sRGB), shadowColor: Color(alpha: 1.0000, red: 0.0000, green: 0.0000, blue: 0.0000, colorSpace: ColorSpace.sRGB), renderObject: RenderPhysicalShape#0da99 relayoutBoundary=up20)
                                                                                                                                                                   │                                                                                       └_ShapeBorderPaint(dependencies: [Directionality])
                                                                                                                                                                   │                                                                                        └CustomPaint(renderObject: RenderCustomPaint#86384 relayoutBoundary=up21)
                                                                                                                                                                   │                                                                                         └NotificationListener<LayoutChangedNotification>
                                                                                                                                                                   │                                                                                          └_InkFeatures-[GlobalKey#f60f9 ink renderer](renderObject: _RenderInkFeatures#8e0cd relayoutBoundary=up22)
                                                                                                                                                                   │                                                                                           └AnimatedDefaultTextStyle(duration: 200ms, debugLabel: (englishLike bodyMedium 2021).merge((blackMountainView bodyMedium).apply), inherit: false, color: Color(alpha: 1.0000, red: 0.1137, green: 0.1059, blue: 0.1255, colorSpace: ColorSpace.sRGB), family: Roboto, size: 14.0, weight: 400, letterSpacing: 0.3, baseline: alphabetic, height: 1.4x, leadingDistribution: even, decoration: Color(alpha: 1.0000, red: 0.1137, green: 0.1059, blue: 0.1255, colorSpace: ColorSpace.sRGB) TextDecoration.none, softWrap: wrapping at box width, overflow: clip, state: _AnimatedDefaultTextStyleState#54276(ticker inactive))
                                                                                                                                                                   │                                                                                            └DefaultTextStyle(debugLabel: (englishLike bodyMedium 2021).merge((blackMountainView bodyMedium).apply), inherit: false, color: Color(alpha: 1.0000, red: 0.1137, green: 0.1059, blue: 0.1255, colorSpace: ColorSpace.sRGB), family: Roboto, size: 14.0, weight: 400, letterSpacing: 0.3, baseline: alphabetic, height: 1.4x, leadingDistribution: even, decoration: Color(alpha: 1.0000, red: 0.1137, green: 0.1059, blue: 0.1255, colorSpace: ColorSpace.sRGB) TextDecoration.none, softWrap: wrapping at box width, overflow: clip)
                                                                                                                                                                   │                                                                                             └Semantics(container: false, properties: SemanticsProperties, renderObject: RenderSemanticsAnnotations#71fb2 relayoutBoundary=up23)
                                                                                                                                                                   │                                                                                              └Column(direction: vertical, mainAxisAlignment: start, crossAxisAlignment: start, dependencies: [Directionality], renderObject: RenderFlex#7566a relayoutBoundary=up24)
                                                                                                                                                                   │                                                                                               ├Container(padding: EdgeInsets.all(12.0), bg: Color(alpha: 1.0000, red: 0.9098, green: 0.9176, blue: 0.9647, colorSpace: ColorSpace.sRGB), constraints: BoxConstraints(w=Infinity, 0.0<=h<=Infinity))
                                                                                                                                                                   │                                                                                               │└ConstrainedBox(BoxConstraints(w=Infinity, 0.0<=h<=Infinity), renderObject: RenderConstrainedBox#b1b3a relayoutBoundary=up25)
                                                                                                                                                                   │                                                                                               │ └ColoredBox(color: Color(alpha: 1.0000, red: 0.9098, green: 0.9176, blue: 0.9647, colorSpace: ColorSpace.sRGB), renderObject: _RenderColoredBox#204d8 relayoutBoundary=up26)
                                                                                                                                                                   │                                                                                               │  └Padding(padding: EdgeInsets.all(12.0), dependencies: [Directionality], renderObject: RenderPadding#6bcfa relayoutBoundary=up27)
                                                                                                                                                                   │                                                                                               │   └Text("【勝ち抜き戦】 青龍道場 vs 玄武館", inherit: true, color: Color(alpha: 1.0000, red: 0.1020, green: 0.1373, blue: 0.4941, colorSpace: ColorSpace.sRGB), weight: 700, dependencies: [DefaultSelectionStyle, DefaultTextStyle, MediaQuery])
                                                                                                                                                                   │                                                                                               │    └RichText(softWrap: wrapping at box width, maxLines: unlimited, text: "【勝ち抜き戦】 青龍道場 vs 玄武館", dependencies: [Directionality, _LocalizationsScope-[GlobalKey#62535]], renderObject: RenderParagraph#54c89 relayoutBoundary=up28)
                                                                                                                                                                   │                                                                                               └SingleChildScrollView(dependencies: [Directionality, InheritedCupertinoTheme, ScrollConfiguration, _InheritedTheme, _LocalizationsScope-[GlobalKey#62535]])
                                                                                                                                                                   │                                                                                                └Scrollable(axisDirection: right, physics: null, restorationId: null, dependencies: [InheritedCupertinoTheme, MediaQuery, ScrollConfiguration, UnmanagedRestorationScope, _InheritedTheme, _LocalizationsScope-[GlobalKey#62535]], state: ScrollableState#27b99(position: ScrollPositionWithSingleContext#674d3(offset: 0.0, range: 0.0..24.0, viewport: 1056.0, ScrollableState, ClampingScrollPhysics -> RangeMaintainingScrollPhysics, IdleScrollActivity#ec0ec, ScrollDirection.idle), effective physics: ClampingScrollPhysics -> RangeMaintainingScrollPhysics))
                                                                                                                                                                   │                                                                                                 └StretchingOverscrollIndicator(axisDirection: right, state: _StretchingOverscrollIndicatorState#98df8)
                                                                                                                                                                   │                                                                                                  └NotificationListener<ScrollNotification>
                                                                                                                                                                   │                                                                                                   └AnimatedBuilder(listenable: _StretchController(), dependencies: [MediaQuery], state: _AnimatedState#2672d)
                                                                                                                                                                   │                                                                                                    └ClipRect(renderObject: RenderClipRect#1e561 relayoutBoundary=up25)
                                                                                                                                                                   │                                                                                                     └StretchEffect(dependencies: [Directionality])
                                                                                                                                                                   │                                                                                                      └Transform(dependencies: [Directionality], renderObject: RenderTransform#deaee relayoutBoundary=up26)
                                                                                                                                                                   │                                                                                                       └NotificationListener<ScrollMetricsNotification>
                                                                                                                                                                   │                                                                                                        └_ScrollSemantics-[GlobalKey#b5b95](renderObject: _RenderScrollSemantics#55128 relayoutBoundary=up27)
                                                                                                                                                                   │                                                                                                         └_ScrollableScope
                                                                                                                                                                   │                                                                                                          └Listener(listeners: [signal], behavior: deferToChild, renderObject: RenderPointerListener#89033 relayoutBoundary=up28)
                                                                                                                                                                   │                                                                                                           └RawGestureDetector-[LabeledGlobalKey<RawGestureDetectorState>#405c6](state: RawGestureDetectorState#4da4a(gestures: [horizontal drag], behavior: opaque))
                                                                                                                                                                   │                                                                                                            └_GestureSemantics(renderObject: RenderSemanticsGestureHandler#83ff7 relayoutBoundary=up29)
                                                                                                                                                                   │                                                                                                             └Listener(listeners: [down, panZoomStart], behavior: opaque, renderObject: RenderPointerListener#64c22 relayoutBoundary=up30)
                                                                                                                                                                   │                                                                                                              └Semantics(container: false, properties: SemanticsProperties, renderObject: RenderSemanticsAnnotations#e08b6 relayoutBoundary=up31)
                                                                                                                                                                   │                                                                                                               └IgnorePointer-[GlobalKey#61a95](ignoring: false, renderObject: RenderIgnorePointer#c7fd8 relayoutBoundary=up32)
                                                                                                                                                                   │                                                                                                                └_SingleChildViewport(renderObject: _RenderSingleChildViewport#0538a relayoutBoundary=up33)
                                                                                                                                                                   │                                                                                                                 └Container(padding: EdgeInsets.all(16.0), bg: Color(alpha: 1.0000, red: 1.0000, green: 1.0000, blue: 1.0000, colorSpace: ColorSpace.sRGB), constraints: BoxConstraints(w=1080.0, h=520.0))
                                                                                                                                                                   │                                                                                                                  └ConstrainedBox(BoxConstraints(w=1080.0, h=520.0), renderObject: RenderConstrainedBox#58f28 relayoutBoundary=up34)
                                                                                                                                                                   │                                                                                                                   └ColoredBox(color: Color(alpha: 1.0000, red: 1.0000, green: 1.0000, blue: 1.0000, colorSpace: ColorSpace.sRGB), renderObject: _RenderColoredBox#b7cae)
                                                                                                                                                                   │                                                                                                                    └Padding(padding: EdgeInsets.all(16.0), dependencies: [Directionality], renderObject: RenderPadding#dd7e2)
                                                                                                                                                                   │                                                                                                                     └Center(alignment: Alignment.center, dependencies: [Directionality], renderObject: RenderPositionedBox#eb7a2)
                                                                                                                                                                   │                                                                                                                      └Text("※ 勝ち抜き戦のトーナメント表は公式記録出力画面ではサポートされていません。\n各試合のスコアボードからご確認ください", inherit: true, color: MaterialColor(primary value: Color(alpha: 1.0000, red: 0.6196, green: 0.6196, blue: 0.6196, colorSpace: ColorSpace.sRGB)), textAlign: center, dependencies: [DefaultSelectionStyle, DefaultTextStyle, MediaQuery])
                                                                                                                                                                   │                                                                                                                       └RichText(textAlign: center, softWrap: wrapping at box width, maxLines: unlimited, text: "※ 勝ち抜き戦のトーナメント表は公式記録出力画面ではサポートされていません。\n各試合のスコアボードからご確認ください", dependencies: [Directionality, _LocalizationsScope-[GlobalKey#62535]], renderObject: RenderParagraph#82552 relayoutBoundary=up1)
                                                                                                                                                                   ├LayoutId-[<_ScaffoldSlot.appBar>](id: _ScaffoldSlot.appBar)
                                                                                                                                                                   │└MediaQuery(MediaQueryData(size: Size(1080.0, 4000.0), devicePixelRatio: 1.0, textScaler: SystemTextScaler (no scaling), platformBrightness: Brightness.light, padding: EdgeInsets.zero, viewPadding: EdgeInsets.zero, viewInsets: EdgeInsets.zero, systemGestureInsets: EdgeInsets.zero, alwaysUse24HourFormat: false, accessibleNavigation: false, highContrast: false, onOffSwitchLabels: false, disableAnimations: false, invertColors: false, boldText: false, navigationMode: traditional, gestureSettings: DeviceGestureSettings(touchSlop: null), displayFeatures: [], supportsShowingSystemContextMenu: false, lineHeightScaleFactorOverride: null, letterSpacingOverride: null, wordSpacingOverride: null, paragraphSpacingOverride: null))
                                                                                                                                                                   │ └ConstrainedBox(BoxConstraints(0.0<=w<=Infinity, 0.0<=h<=104.0), renderObject: RenderConstrainedBox#09341 relayoutBoundary=up1)
                                                                                                                                                                   │  └FlexibleSpaceBarSettings
                                                                                                                                                                   │   └AppBar(dependencies: [FlexibleSpaceBarSettings, InheritedCupertinoTheme, _InheritedTheme, _LocalizationsScope-[GlobalKey#62535], _ModalScopeStatus, _ScrollNotificationObserverScope], state: _AppBarState#f5d43)
                                                                                                                                                                   │    └Semantics(container: true, properties: SemanticsProperties, renderObject: RenderSemanticsAnnotations#84b8c relayoutBoundary=up2)
                                                                                                                                                                   │     └AnnotatedRegion<SystemUiOverlayStyle>(renderObject: RenderAnnotatedRegion<SystemUiOverlayStyle>#905f0 relayoutBoundary=up3)
                                                                                                                                                                   │      └Material(type: canvas, color: Color(alpha: 1.0000, red: 1.0000, green: 1.0000, blue: 1.0000, colorSpace: ColorSpace.sRGB), shadowColor: Color(alpha: 0.0000, red: 0.0000, green: 0.0000, blue: 0.0000, colorSpace: ColorSpace.sRGB), surfaceTintColor: Color(alpha: 1.0000, red: 0.4039, green: 0.3137, blue: 0.6431, colorSpace: ColorSpace.sRGB), dependencies: [InheritedCupertinoTheme, _InheritedTheme, _LocalizationsScope-[GlobalKey#62535]], state: _MaterialState#8e2e7)
                                                                                                                                                                   │       └AnimatedPhysicalModel(duration: 200ms, shape: rectangle, borderRadius: null, elevation: 0.0, color: Color(alpha: 1.0000, red: 1.0000, green: 1.0000, blue: 1.0000, colorSpace: ColorSpace.sRGB), animateColor: false, shadowColor: Color(alpha: 0.0000, red: 0.0000, green: 0.0000, blue: 0.0000, colorSpace: ColorSpace.sRGB), animateShadowColor: true, state: _AnimatedPhysicalModelState#dd7aa(ticker inactive))
                                                                                                                                                                   │        └PhysicalModel(shape: rectangle, borderRadius: BorderRadius.zero, elevation: 0.0, color: Color(alpha: 1.0000, red: 1.0000, green: 1.0000, blue: 1.0000, colorSpace: ColorSpace.sRGB), shadowColor: Color(alpha: 0.0000, red: 0.0000, green: 0.0000, blue: 0.0000, colorSpace: ColorSpace.sRGB), renderObject: RenderPhysicalModel#89545 relayoutBoundary=up4)
                                                                                                                                                                   │         └NotificationListener<LayoutChangedNotification>
                                                                                                                                                                   │          └_InkFeatures-[GlobalKey#0b1c8 ink renderer](renderObject: _RenderInkFeatures#133f8 relayoutBoundary=up5)
                                                                                                                                                                   │           └AnimatedDefaultTextStyle(duration: 200ms, debugLabel: (englishLike bodyMedium 2021).merge((blackMountainView bodyMedium).apply), inherit: false, color: Color(alpha: 1.0000, red: 0.1137, green: 0.1059, blue: 0.1255, colorSpace: ColorSpace.sRGB), family: Roboto, size: 14.0, weight: 400, letterSpacing: 0.3, baseline: alphabetic, height: 1.4x, leadingDistribution: even, decoration: Color(alpha: 1.0000, red: 0.1137, green: 0.1059, blue: 0.1255, colorSpace: ColorSpace.sRGB) TextDecoration.none, softWrap: wrapping at box width, overflow: clip, state: _AnimatedDefaultTextStyleState#d647e(ticker inactive))
                                                                                                                                                                   │            └DefaultTextStyle(debugLabel: (englishLike bodyMedium 2021).merge((blackMountainView bodyMedium).apply), inherit: false, color: Color(alpha: 1.0000, red: 0.1137, green: 0.1059, blue: 0.1255, colorSpace: ColorSpace.sRGB), family: Roboto, size: 14.0, weight: 400, letterSpacing: 0.3, baseline: alphabetic, height: 1.4x, leadingDistribution: even, decoration: Color(alpha: 1.0000, red: 0.1137, green: 0.1059, blue: 0.1255, colorSpace: ColorSpace.sRGB) TextDecoration.none, softWrap: wrapping at box width, overflow: clip)
                                                                                                                                                                   │             └Semantics(container: false, properties: SemanticsProperties, renderObject: RenderSemanticsAnnotations#65a6b relayoutBoundary=up6)
                                                                                                                                                                   │              └Align(alignment: Alignment.topCenter, dependencies: [Directionality], renderObject: RenderPositionedBox#d70d2 relayoutBoundary=up7)
                                                                                                                                                                   │               └SafeArea(avoid left padding, avoid top padding, avoid right padding, dependencies: [MediaQuery])
                                                                                                                                                                   │                └Padding(padding: EdgeInsets.zero, dependencies: [Directionality], renderObject: RenderPadding#ee138 relayoutBoundary=up8)
                                                                                                                                                                   │                 └MediaQuery(MediaQueryData(size: Size(1080.0, 4000.0), devicePixelRatio: 1.0, textScaler: SystemTextScaler (no scaling), platformBrightness: Brightness.light, padding: EdgeInsets.zero, viewPadding: EdgeInsets.zero, viewInsets: EdgeInsets.zero, systemGestureInsets: EdgeInsets.zero, alwaysUse24HourFormat: false, accessibleNavigation: false, highContrast: false, onOffSwitchLabels: false, disableAnimations: false, invertColors: false, boldText: false, navigationMode: traditional, gestureSettings: DeviceGestureSettings(touchSlop: null), displayFeatures: [], supportsShowingSystemContextMenu: false, lineHeightScaleFactorOverride: null, letterSpacingOverride: null, wordSpacingOverride: null, paragraphSpacingOverride: null))
                                                                                                                                                                   │                  └Column(direction: vertical, mainAxisAlignment: spaceBetween, crossAxisAlignment: center, renderObject: RenderFlex#25d5c relayoutBoundary=up9)
                                                                                                                                                                   │                   ├Flexible(flex: 1)
                                                                                                                                                                   │                   │└ConstrainedBox(BoxConstraints(0.0<=w<=Infinity, 0.0<=h<=56.0), renderObject: RenderConstrainedBox#888ec relayoutBoundary=up10)
                                                                                                                                                                   │                   │ └ClipRect(renderObject: RenderClipRect#b15be relayoutBoundary=up11)
                                                                                                                                                                   │                   │  └CustomSingleChildLayout(renderObject: RenderCustomSingleChildLayoutBox#18340 relayoutBoundary=up12)
                                                                                                                                                                   │                   │   └Builder(dependencies: [IconTheme])
                                                                                                                                                                   │                   │    └IconTheme(size: 24.0, color: Color(alpha: 1.0000, red: 0.1137, green: 0.1059, blue: 0.1255, colorSpace: ColorSpace.sRGB))
                                                                                                                                                                   │                   │     └DefaultTextStyle(debugLabel: ((englishLike bodyMedium 2021).merge((blackMountainView bodyMedium).apply)).copyWith, inherit: false, color: Color(alpha: 1.0000, red: 0.1137, green: 0.1059, blue: 0.1255, colorSpace: ColorSpace.sRGB), family: Roboto, size: 14.0, weight: 400, letterSpacing: 0.3, baseline: alphabetic, height: 1.4x, leadingDistribution: even, decoration: Color(alpha: 1.0000, red: 0.1137, green: 0.1059, blue: 0.1255, colorSpace: ColorSpace.sRGB) TextDecoration.none, softWrap: wrapping at box width, overflow: clip)
                                                                                                                                                                   │                   │      └NavigationToolbar(dependencies: [Directionality])
                                                                                                                                                                   │                   │       └CustomMultiChildLayout(renderObject: RenderCustomMultiChildLayoutBox#22e63 relayoutBoundary=up13)
                                                                                                                                                                   │                   │        ├LayoutId-[<_ToolbarSlot.leading>](id: _ToolbarSlot.leading)
                                                                                                                                                                   │                   │        │└ConstrainedBox(BoxConstraints(w=56.0, 0.0<=h<=Infinity), renderObject: RenderConstrainedBox#cc50f relayoutBoundary=up14)
                                                                                                                                                                   │                   │        │ └IconButtonTheme
                                                                                                                                                                   │                   │        │  └Center(alignment: Alignment.center, dependencies: [Directionality], renderObject: RenderPositionedBox#257cd)
                                                                                                                                                                   │                   │        │   └IconButton(disabled, disabled, dependencies: [InheritedCupertinoTheme, _InheritedTheme, _LocalizationsScope-[GlobalKey#62535]])
                                                                                                                                                                   │                   │        │    └_SelectableIconButton(state: _SelectableIconButtonState#cdfeb)
                                                                                                                                                                   │                   │        │     └_IconButtonM3(style: ButtonStyle#8ba09, dependencies: [IconButtonTheme, IconTheme, InheritedCupertinoTheme, _InheritedTheme, _LocalizationsScope-[GlobalKey#62535]], state: _ButtonStyleState#642d7)
                                                                                                                                                                   │                   │        │      └Semantics(container: true, properties: SemanticsProperties, renderObject: RenderSemanticsAnnotations#9198c relayoutBoundary=up1)
                                                                                                                                                                   │                   │        │       └_InputPadding(renderObject: _RenderInputPadding#02ca7 relayoutBoundary=up2)
                                                                                                                                                                   │                   │        │        └ConstrainedBox(BoxConstraints(40.0<=w<=Infinity, 40.0<=h<=Infinity), renderObject: RenderConstrainedBox#644f8 relayoutBoundary=up3)
                                                                                                                                                                   │                   │        │         └Material(type: button, color: Color(alpha: 0.0000, red: 0.0000, green: 0.0000, blue: 0.0000, colorSpace: ColorSpace.sRGB), shadowColor: Color(alpha: 0.0000, red: 0.0000, green: 0.0000, blue: 0.0000, colorSpace: ColorSpace.sRGB), surfaceTintColor: Color(alpha: 0.0000, red: 0.0000, green: 0.0000, blue: 0.0000, colorSpace: ColorSpace.sRGB), shape: StadiumBorder(BorderSide(width: 0.0, style: none)), borderOnForeground: false, dependencies: [InheritedCupertinoTheme, _InheritedTheme, _LocalizationsScope-[GlobalKey#62535]], state: _MaterialState#36af3)
                                                                                                                                                                   │                   │        │          └_MaterialInterior(duration: 200ms, shape: StadiumBorder(BorderSide(width: 0.0, style: none)), elevation: 0.0, color: Color(alpha: 0.0000, red: 0.0000, green: 0.0000, blue: 0.0000, colorSpace: ColorSpace.sRGB), shadowColor: Color(alpha: 0.0000, red: 0.0000, green: 0.0000, blue: 0.0000, colorSpace: ColorSpace.sRGB), dependencies: [Directionality, InheritedCupertinoTheme, _InheritedTheme, _LocalizationsScope-[GlobalKey#62535]], state: _MaterialInteriorState#1cde6(ticker inactive))
                                                                                                                                                                   │                   │        │           └PhysicalShape(clipper: ShapeBorderClipper, elevation: 0.0, color: Color(alpha: 0.0000, red: 0.0000, green: 0.0000, blue: 0.0000, colorSpace: ColorSpace.sRGB), shadowColor: Color(alpha: 0.0000, red: 0.0000, green: 0.0000, blue: 0.0000, colorSpace: ColorSpace.sRGB), renderObject: RenderPhysicalShape#1ae92 relayoutBoundary=up4)
                                                                                                                                                                   │                   │        │            └_ShapeBorderPaint(dependencies: [Directionality])
                                                                                                                                                                   │                   │        │             └CustomPaint(renderObject: RenderCustomPaint#ce08e relayoutBoundary=up5)
                                                                                                                                                                   │                   │        │              └NotificationListener<LayoutChangedNotification>
                                                                                                                                                                   │                   │        │               └_InkFeatures-[GlobalKey#f46c5 ink renderer](renderObject: _RenderInkFeatures#d90a4 relayoutBoundary=up6)
                                                                                                                                                                   │                   │        │                └AnimatedDefaultTextStyle(duration: 200ms, debugLabel: (englishLike bodyMedium 2021).merge((blackMountainView bodyMedium).apply), inherit: false, color: Color(alpha: 1.0000, red: 0.1137, green: 0.1059, blue: 0.1255, colorSpace: ColorSpace.sRGB), family: Roboto, size: 14.0, weight: 400, letterSpacing: 0.3, baseline: alphabetic, height: 1.4x, leadingDistribution: even, decoration: Color(alpha: 1.0000, red: 0.1137, green: 0.1059, blue: 0.1255, colorSpace: ColorSpace.sRGB) TextDecoration.none, softWrap: wrapping at box width, overflow: clip, state: _AnimatedDefaultTextStyleState#00111(ticker inactive))
                                                                                                                                                                   │                   │        │                 └DefaultTextStyle(debugLabel: (englishLike bodyMedium 2021).merge((blackMountainView bodyMedium).apply), inherit: false, color: Color(alpha: 1.0000, red: 0.1137, green: 0.1059, blue: 0.1255, colorSpace: ColorSpace.sRGB), family: Roboto, size: 14.0, weight: 400, letterSpacing: 0.3, baseline: alphabetic, height: 1.4x, leadingDistribution: even, decoration: Color(alpha: 1.0000, red: 0.1137, green: 0.1059, blue: 0.1255, colorSpace: ColorSpace.sRGB) TextDecoration.none, softWrap: wrapping at box width, overflow: clip)
                                                                                                                                                                   │                   │        │                  └AnimatedTheme(duration: 200ms, state: _AnimatedThemeState#724a9(ticker inactive, ThemeDataTween(ThemeData#59cef → ThemeData#59cef)))
                                                                                                                                                                   │                   │        │                   └Theme(ThemeData#59cef, dependencies: [DefaultSelectionStyle, InheritedCupertinoTheme])
                                                                                                                                                                   │                   │        │                    └_InheritedTheme
                                                                                                                                                                   │                   │        │                     └CupertinoTheme(brightness: light, primaryColor: Color(alpha: 1.0000, red: 0.4039, green: 0.3137, blue: 0.6431, colorSpace: ColorSpace.sRGB), scaffoldBackgroundColor: Color(alpha: 1.0000, red: 0.9961, green: 0.9686, blue: 1.0000, colorSpace: ColorSpace.sRGB), actionTextStyle: TextStyle(inherit: false, color: Color(alpha: 1.0000, red: 0.4039, green: 0.3137, blue: 0.6431, colorSpace: ColorSpace.sRGB), family: CupertinoSystemText, size: 17.0, letterSpacing: -0.4, decoration: TextDecoration.none), actionSmallTextStyle: TextStyle(inherit: false, color: Color(alpha: 1.0000, red: 0.4039, green: 0.3137, blue: 0.6431, colorSpace: ColorSpace.sRGB), family: CupertinoSystemText, size: 15.0, letterSpacing: -0.2, decoration: TextDecoration.none), navActionTextStyle: TextStyle(inherit: false, color: Color(alpha: 1.0000, red: 0.4039, green: 0.3137, blue: 0.6431, colorSpace: ColorSpace.sRGB), family: CupertinoSystemText, size: 17.0, letterSpacing: -0.4, decoration: TextDecoration.none))
                                                                                                                                                                   │                   │        │                      └InheritedCupertinoTheme
                                                                                                                                                                   │                   │        │                       └IconTheme(color: Color(alpha: 1.0000, red: 0.4039, green: 0.3137, blue: 0.6431, colorSpace: ColorSpace.sRGB))
                                                                                                                                                                   │                   │        │                        └IconTheme(size: 24.0, fill: 0.0, weight: 400.0, grade: 0.0, opticalSize: 48.0, color: Color(alpha: 1.0000, red: 0.1137, green: 0.1059, blue: 0.1255, colorSpace: ColorSpace.sRGB), opacity: 1.0, applyTextScaling: false)
                                                                                                                                                                   │                   │        │                         └DefaultSelectionStyle
                                                                                                                                                                   │                   │        │                          └InkWell
                                                                                                                                                                   │                   │        │                           └_InkResponseStateWidget(gestures: [tap], mouseCursor: ButtonStyleButton_MouseCursor, clipped to BoxShape.rectangle, dependencies: [InheritedCupertinoTheme, MediaQuery, _InheritedTheme, _LocalizationsScope-[GlobalKey#62535]], state: _InkResponseState#188e1)
                                                                                                                                                                   │                   │        │                            └_ParentInkResponseProvider
                                                                                                                                                                   │                   │        │                             └Actions(dispatcher: null, actions: {ActivateIntent: CallbackAction<ActivateIntent>#15de8, ButtonActivateIntent: CallbackAction<ButtonActivateIntent>#0bf15}, state: _ActionsState#854f2)
                                                                                                                                                                   │                   │        │                              └_ActionsScope
                                                                                                                                                                   │                   │        │                               └Focus(dependencies: [_FocusInheritedScope], state: _FocusState#9ccc9)
                                                                                                                                                                   │                   │        │                                └_FocusInheritedScope
                                                                                                                                                                   │                   │        │                                 └Semantics(container: false, properties: SemanticsProperties, renderObject: RenderSemanticsAnnotations#8ffc0 relayoutBoundary=up7)
                                                                                                                                                                   │                   │        │                                  └MouseRegion(listeners: [enter, exit], cursor: SystemMouseCursor(basic), renderObject: RenderMouseRegion#c11bd relayoutBoundary=up8)
                                                                                                                                                                   │                   │        │                                   └Builder(dependencies: [DefaultSelectionStyle])
                                                                                                                                                                   │                   │        │                                    └DefaultSelectionStyle
                                                                                                                                                                   │                   │        │                                     └Semantics(container: false, properties: SemanticsProperties, renderObject: RenderSemanticsAnnotations#99bd2 relayoutBoundary=up9)
                                                                                                                                                                   │                   │        │                                      └GestureDetector(startBehavior: start, dependencies: [MediaQuery, ScrollConfiguration])
                                                                                                                                                                   │                   │        │                                       └RawGestureDetector(state: RawGestureDetectorState#edecc(gestures: [tap], excludeFromSemantics: true, behavior: opaque))
                                                                                                                                                                   │                   │        │                                        └Listener(listeners: [down, panZoomStart], behavior: opaque, renderObject: RenderPointerListener#9bf1d relayoutBoundary=up10)
                                                                                                                                                                   │                   │        │                                         └Padding(padding: EdgeInsets.all(8.0), dependencies: [Directionality], renderObject: RenderPadding#1f8c6 relayoutBoundary=up11)
                                                                                                                                                                   │                   │        │                                          └Align(alignment: Alignment.center, widthFactor: 1.0, heightFactor: 1.0, dependencies: [Directionality], renderObject: RenderPositionedBox#b9594 relayoutBoundary=up12)
                                                                                                                                                                   │                   │        │                                           └Semantics(container: false, properties: SemanticsProperties, renderObject: RenderSemanticsAnnotations#19965 relayoutBoundary=up13)
                                                                                                                                                                   │                   │        │                                            └Icon(IconData(U+0E094), size: 20.0, color: Color(alpha: 1.0000, red: 0.1020, green: 0.1373, blue: 0.4941, colorSpace: ColorSpace.sRGB), dependencies: [Directionality, IconTheme])
                                                                                                                                                                   │                   │        │                                             └Semantics(container: false, properties: SemanticsProperties, renderObject: RenderSemanticsAnnotations#1a218 relayoutBoundary=up14)
                                                                                                                                                                   │                   │        │                                              └ExcludeSemantics(excluding: true, renderObject: RenderExcludeSemantics#06c78 relayoutBoundary=up15)
                                                                                                                                                                   │                   │        │                                               └SizedBox(width: 20.0, height: 20.0, renderObject: RenderConstrainedBox#0d465 relayoutBoundary=up16)
                                                                                                                                                                   │                   │        │                                                └Center(alignment: Alignment.center, dependencies: [Directionality], renderObject: RenderPositionedBox#9c511)
                                                                                                                                                                   │                   │        │                                                 └RichText(textDirection: ltr, softWrap: wrapping at box width, overflow: visible, maxLines: unlimited, text: "", dependencies: [_LocalizationsScope-[GlobalKey#62535]], renderObject: RenderParagraph#1a70b relayoutBoundary=up1)
                                                                                                                                                                   │                   │        └LayoutId-[<_ToolbarSlot.middle>](id: _ToolbarSlot.middle)
                                                                                                                                                                   │                   │         └Builder(dependencies: [MediaQuery])
                                                                                                                                                                   │                   │          └MediaQuery(MediaQueryData(size: Size(1080.0, 4000.0), devicePixelRatio: 1.0, textScaler: SystemTextScaler (no scaling) clamped [0.0, 1.34], platformBrightness: Brightness.light, padding: EdgeInsets.zero, viewPadding: EdgeInsets.zero, viewInsets: EdgeInsets.zero, systemGestureInsets: EdgeInsets.zero, alwaysUse24HourFormat: false, accessibleNavigation: false, highContrast: false, onOffSwitchLabels: false, disableAnimations: false, invertColors: false, boldText: false, navigationMode: traditional, gestureSettings: DeviceGestureSettings(touchSlop: null), displayFeatures: [], supportsShowingSystemContextMenu: false, lineHeightScaleFactorOverride: null, letterSpacingOverride: null, wordSpacingOverride: null, paragraphSpacingOverride: null))
                                                                                                                                                                   │                   │           └DefaultTextStyle(debugLabel: ((englishLike titleLarge 2021).merge((blackMountainView titleLarge).apply)).copyWith, inherit: false, color: Color(alpha: 1.0000, red: 0.1137, green: 0.1059, blue: 0.1255, colorSpace: ColorSpace.sRGB), family: Roboto, size: 22.0, weight: 400, letterSpacing: 0.0, baseline: alphabetic, height: 1.3x, leadingDistribution: even, decoration: Color(alpha: 1.0000, red: 0.1137, green: 0.1059, blue: 0.1255, colorSpace: ColorSpace.sRGB) TextDecoration.none, softWrap: no wrapping except at line break characters, overflow: ellipsis)
                                                                                                                                                                   │                   │            └Semantics(container: false, properties: SemanticsProperties, renderObject: RenderSemanticsAnnotations#6a33a relayoutBoundary=up14)
                                                                                                                                                                   │                   │             └_AppBarTitleBox(dependencies: [Directionality], renderObject: _RenderAppBarTitleBox#3f899 relayoutBoundary=up15)
                                                                                                                                                                   │                   │              └Text("大会 公式記録", inherit: true, color: Color(alpha: 1.0000, red: 0.1020, green: 0.1373, blue: 0.4941, colorSpace: ColorSpace.sRGB), size: 16.0, weight: 700, dependencies: [DefaultSelectionStyle, DefaultTextStyle, MediaQuery])
                                                                                                                                                                   │                   │               └RichText(softWrap: no wrapping except at line break characters, overflow: ellipsis, textScaler: SystemTextScaler (no scaling) clamped [0.0, 1.34], maxLines: unlimited, text: "大会 公式記録", dependencies: [Directionality, _LocalizationsScope-[GlobalKey#62535]], renderObject: RenderParagraph#11f1a relayoutBoundary=up16)
                                                                                                                                                                   │                   └TabBar(dependencies: [Directionality, InheritedCupertinoTheme, MediaQuery, ScrollConfiguration, _InheritedTheme, _LocalizationsScope-[GlobalKey#62535], _TabControllerScope], state: _TabBarState#dfd44)
                                                                                                                                                                   │                    └Material(type: transparency, dependencies: [Directionality, InheritedCupertinoTheme, _InheritedTheme, _LocalizationsScope-[GlobalKey#62535]], state: _MaterialState#4320d)
                                                                                                                                                                   │                     └ClipPath(clipper: ShapeBorderClipper, renderObject: RenderClipPath#ceb10 relayoutBoundary=up10)
                                                                                                                                                                   │                      └_ShapeBorderPaint(dependencies: [Directionality])
                                                                                                                                                                   │                       └CustomPaint(renderObject: RenderCustomPaint#4c376 relayoutBoundary=up11)
                                                                                                                                                                   │                        └NotificationListener<LayoutChangedNotification>
                                                                                                                                                                   │                         └_InkFeatures-[GlobalKey#4f24d ink renderer](renderObject: _RenderInkFeatures#76a15 relayoutBoundary=up12)
                                                                                                                                                                   │                          └AnimatedDefaultTextStyle(duration: 200ms, debugLabel: (englishLike bodyMedium 2021).merge((blackMountainView bodyMedium).apply), inherit: false, color: Color(alpha: 1.0000, red: 0.1137, green: 0.1059, blue: 0.1255, colorSpace: ColorSpace.sRGB), family: Roboto, size: 14.0, weight: 400, letterSpacing: 0.3, baseline: alphabetic, height: 1.4x, leadingDistribution: even, decoration: Color(alpha: 1.0000, red: 0.1137, green: 0.1059, blue: 0.1255, colorSpace: ColorSpace.sRGB) TextDecoration.none, softWrap: wrapping at box width, overflow: clip, state: _AnimatedDefaultTextStyleState#db199(ticker inactive))
                                                                                                                                                                   │                           └DefaultTextStyle(debugLabel: (englishLike bodyMedium 2021).merge((blackMountainView bodyMedium).apply), inherit: false, color: Color(alpha: 1.0000, red: 0.1137, green: 0.1059, blue: 0.1255, colorSpace: ColorSpace.sRGB), family: Roboto, size: 14.0, weight: 400, letterSpacing: 0.3, baseline: alphabetic, height: 1.4x, leadingDistribution: even, decoration: Color(alpha: 1.0000, red: 0.1137, green: 0.1059, blue: 0.1255, colorSpace: ColorSpace.sRGB) TextDecoration.none, softWrap: wrapping at box width, overflow: clip)
                                                                                                                                                                   │                            └MediaQuery(MediaQueryData(size: Size(1080.0, 4000.0), devicePixelRatio: 1.0, textScaler: SystemTextScaler (no scaling), platformBrightness: Brightness.light, padding: EdgeInsets.zero, viewPadding: EdgeInsets.zero, viewInsets: EdgeInsets.zero, systemGestureInsets: EdgeInsets.zero, alwaysUse24HourFormat: false, accessibleNavigation: false, highContrast: false, onOffSwitchLabels: false, disableAnimations: false, invertColors: false, boldText: false, navigationMode: traditional, gestureSettings: DeviceGestureSettings(touchSlop: null), displayFeatures: [], supportsShowingSystemContextMenu: false, lineHeightScaleFactorOverride: null, letterSpacingOverride: null, wordSpacingOverride: null, paragraphSpacingOverride: null))
                                                                                                                                                                   │                             └CustomPaint(renderObject: RenderCustomPaint#4ba5d relayoutBoundary=up13)
                                                                                                                                                                   │                              └Align(alignment: AlignmentDirectional.centerStart, heightFactor: 1.0, dependencies: [Directionality], renderObject: RenderPositionedBox#8299f relayoutBoundary=up14)
                                                                                                                                                                   │                               └ScrollConfiguration(behavior: _WrappedScrollBehavior)
                                                                                                                                                                   │                                └SingleChildScrollView(dependencies: [Directionality, ScrollConfiguration])
                                                                                                                                                                   │                                 └Scrollable(axisDirection: right, physics: null, restorationId: null, dependencies: [InheritedCupertinoTheme, MediaQuery, ScrollConfiguration, UnmanagedRestorationScope, _InheritedTheme, _LocalizationsScope-[GlobalKey#62535]], state: ScrollableState#edb17(position: _TabBarScrollPosition#c63de(offset: 0.0, range: 0.0..0.0, viewport: 154.5, ScrollableState, ClampingScrollPhysics -> RangeMaintainingScrollPhysics, IdleScrollActivity#3b1ea, ScrollDirection.idle), effective physics: ClampingScrollPhysics -> RangeMaintainingScrollPhysics))
                                                                                                                                                                   │                                  └NotificationListener<ScrollMetricsNotification>
                                                                                                                                                                   │                                   └_ScrollSemantics-[GlobalKey#57525](renderObject: _RenderScrollSemantics#5dc7e relayoutBoundary=up15)
                                                                                                                                                                   │                                    └_ScrollableScope
                                                                                                                                                                   │                                     └Listener(listeners: [signal], behavior: deferToChild, renderObject: RenderPointerListener#27952 relayoutBoundary=up16)
                                                                                                                                                                   │                                      └RawGestureDetector-[LabeledGlobalKey<RawGestureDetectorState>#3b5e6](state: RawGestureDetectorState#a1cc1(gestures: <none>, behavior: opaque))
                                                                                                                                                                   │                                       └_GestureSemantics(renderObject: RenderSemanticsGestureHandler#2aaca relayoutBoundary=up17)
                                                                                                                                                                   │                                        └Listener(listeners: [down, panZoomStart], behavior: opaque, renderObject: RenderPointerListener#2bb9b relayoutBoundary=up18)
                                                                                                                                                                   │                                         └Semantics(container: false, properties: SemanticsProperties, renderObject: RenderSemanticsAnnotations#2be64 relayoutBoundary=up19)
                                                                                                                                                                   │                                          └IgnorePointer-[GlobalKey#d2bb8](ignoring: false, renderObject: RenderIgnorePointer#9f77c relayoutBoundary=up20)
                                                                                                                                                                   │                                           └_SingleChildViewport(renderObject: _RenderSingleChildViewport#d12d2 relayoutBoundary=up21)
                                                                                                                                                                   │                                            └Padding(padding: EdgeInsetsDirectional(52.0, 0.0, 0.0, 0.0), dependencies: [Directionality], renderObject: RenderPadding#2d48d relayoutBoundary=up22)
                                                                                                                                                                   │                                             └Semantics(container: true, properties: SemanticsProperties, role: tabBar, renderObject: RenderSemanticsAnnotations#7df8e relayoutBoundary=up23)
                                                                                                                                                                   │                                              └CustomPaint(renderObject: RenderCustomPaint#3e771 relayoutBoundary=up24)
                                                                                                                                                                   │                                               └_TabStyle(listenable: kAlwaysDismissedAnimation, dependencies: [IconTheme, InheritedCupertinoTheme, _InheritedTheme, _LocalizationsScope-[GlobalKey#62535]], state: _AnimatedState#28f47)
                                                                                                                                                                   │                                                └DefaultTextStyle(debugLabel: (lerp(((englishLike titleSmall 2021).merge((blackMountainView titleSmall).apply)).copyWith ⎯0.0→ ((englishLike titleSmall 2021).merge((blackMountainView titleSmall).apply)).copyWith)).copyWith, inherit: true, color: Color(alpha: 1.0000, red: 0.6196, green: 0.6196, blue: 0.6196, colorSpace: ColorSpace.sRGB), family: Roboto, size: 14.0, weight: 500, letterSpacing: 0.1, baseline: alphabetic, height: 1.4x, leadingDistribution: even, decoration: Color(alpha: 1.0000, red: 0.1137, green: 0.1059, blue: 0.1255, colorSpace: ColorSpace.sRGB) TextDecoration.none, softWrap: wrapping at box width, overflow: clip)
                                                                                                                                                                   │                                                 └Builder(dependencies: [IconTheme])
                                                                                                                                                                   │                                                  └IconTheme(size: 24.0, color: Color(alpha: 1.0000, red: 0.6196, green: 0.6196, blue: 0.6196, colorSpace: ColorSpace.sRGB))
                                                                                                                                                                   │                                                   └_TabLabelBar(direction: horizontal, mainAxisAlignment: start, mainAxisSize: min, crossAxisAlignment: center, dependencies: [Directionality], renderObject: _TabLabelBarRenderer#6840f relayoutBoundary=up25)
                                                                                                                                                                   │                                                    └MergeSemantics(renderObject: RenderMergeSemantics#86c1a relayoutBoundary=up26)
                                                                                                                                                                   │                                                     └InkWell
                                                                                                                                                                   │                                                      └_InkResponseStateWidget(gestures: [tap], mouseCursor: SystemMouseCursor(click), clipped to BoxShape.rectangle, dependencies: [InheritedCupertinoTheme, MediaQuery, _InheritedTheme, _LocalizationsScope-[GlobalKey#62535]], state: _InkResponseState#38b28)
                                                                                                                                                                   │                                                       └_ParentInkResponseProvider
                                                                                                                                                                   │                                                        └Actions(dispatcher: null, actions: {ActivateIntent: CallbackAction<ActivateIntent>#35b1c, ButtonActivateIntent: CallbackAction<ButtonActivateIntent>#c4288}, state: _ActionsState#05386)
                                                                                                                                                                   │                                                         └_ActionsScope
                                                                                                                                                                   │                                                          └Focus(dependencies: [_FocusInheritedScope], state: _FocusState#02cb0)
                                                                                                                                                                   │                                                           └_FocusInheritedScope
                                                                                                                                                                   │                                                            └Semantics(container: false, properties: SemanticsProperties, renderObject: RenderSemanticsAnnotations#f0490 relayoutBoundary=up27)
                                                                                                                                                                   │                                                             └MouseRegion(listeners: [enter, exit], cursor: SystemMouseCursor(click), renderObject: RenderMouseRegion#37202 relayoutBoundary=up28)
                                                                                                                                                                   │                                                              └Builder(dependencies: [DefaultSelectionStyle])
                                                                                                                                                                   │                                                               └DefaultSelectionStyle
                                                                                                                                                                   │                                                                └Semantics(container: false, properties: SemanticsProperties, renderObject: RenderSemanticsAnnotations#0e530 relayoutBoundary=up29)
                                                                                                                                                                   │                                                                 └GestureDetector(startBehavior: start, dependencies: [MediaQuery, ScrollConfiguration])
                                                                                                                                                                   │                                                                  └RawGestureDetector(state: RawGestureDetectorState#52820(gestures: [tap], excludeFromSemantics: true, behavior: opaque))
                                                                                                                                                                   │                                                                   └Listener(listeners: [down, panZoomStart], behavior: opaque, renderObject: RenderPointerListener#0374f relayoutBoundary=up30)
                                                                                                                                                                   │                                                                    └Padding(padding: EdgeInsets(0.0, 0.0, 0.0, 2.0), dependencies: [Directionality], renderObject: RenderPadding#4572a relayoutBoundary=up31)
                                                                                                                                                                   │                                                                     └Semantics(container: false, properties: SemanticsProperties, role: tab, renderObject: RenderSemanticsAnnotations#4fb1f relayoutBoundary=up32)
                                                                                                                                                                   │                                                                      └Stack(alignment: AlignmentDirectional.topStart, fit: loose, dependencies: [Directionality], renderObject: RenderStack#0c8ff relayoutBoundary=up33)
                                                                                                                                                                   │                                                                       ├_TabStyle(listenable: _DragAnimation#b42ab(▶), dependencies: [IconTheme, InheritedCupertinoTheme, _InheritedTheme, _LocalizationsScope-[GlobalKey#62535]], state: _AnimatedState#165b9)
                                                                                                                                                                   │                                                                       │└DefaultTextStyle(debugLabel: (lerp(((englishLike titleSmall 2021).merge((blackMountainView titleSmall).apply)).copyWith ⎯0.0→ ((englishLike titleSmall 2021).merge((blackMountainView titleSmall).apply)).copyWith)).copyWith, inherit: true, color: Color(alpha: 1.0000, red: 0.1020, green: 0.1373, blue: 0.4941, colorSpace: ColorSpace.sRGB), family: Roboto, size: 14.0, weight: 500, letterSpacing: 0.1, baseline: alphabetic, height: 1.4x, leadingDistribution: even, decoration: Color(alpha: 1.0000, red: 0.1137, green: 0.1059, blue: 0.1255, colorSpace: ColorSpace.sRGB) TextDecoration.none, softWrap: wrapping at box width, overflow: clip)
                                                                                                                                                                   │                                                                       │ └Builder(dependencies: [IconTheme])
                                                                                                                                                                   │                                                                       │  └IconTheme(size: 24.0, color: Color(alpha: 1.0000, red: 0.1020, green: 0.1373, blue: 0.4941, colorSpace: ColorSpace.sRGB))
                                                                                                                                                                   │                                                                       │   └Center(alignment: Alignment.center, heightFactor: 1.0, dependencies: [Directionality], renderObject: RenderPositionedBox#f982c relayoutBoundary=up34)
                                                                                                                                                                   │                                                                       │    └Padding(padding: EdgeInsets(16.0, 0.0, 16.0, 0.0), dependencies: [Directionality], renderObject: RenderPadding#d5a28 relayoutBoundary=up35)
                                                                                                                                                                   │                                                                       │     └KeyedSubtree-[GlobalKey#d4d40]
                                                                                                                                                                   │                                                                       │      └Tab-[<'viewer_tab_全カテゴリ'>](text: "全カテゴリ")
                                                                                                                                                                   │                                                                       │       └SizedBox(height: 46.0, renderObject: RenderConstrainedBox#cb17c relayoutBoundary=up36)
                                                                                                                                                                   │                                                                       │        └Center(alignment: Alignment.center, widthFactor: 1.0, dependencies: [Directionality], renderObject: RenderPositionedBox#42780 relayoutBoundary=up37)
                                                                                                                                                                   │                                                                       │         └Text("全カテゴリ", softWrap: no wrapping except at line break characters, overflow: fade, dependencies: [DefaultSelectionStyle, DefaultTextStyle, MediaQuery])
                                                                                                                                                                   │                                                                       │          └RichText(softWrap: no wrapping except at line break characters, overflow: fade, maxLines: unlimited, text: "全カテゴリ", dependencies: [Directionality, _LocalizationsScope-[GlobalKey#62535]], renderObject: RenderParagraph#99ce9 relayoutBoundary=up38)
                                                                                                                                                                   │                                                                       └Semantics(container: false, properties: SemanticsProperties, selected: true, label: "Tab 1 of 1", dependencies: [Directionality], renderObject: RenderSemanticsAnnotations#2a6d1 relayoutBoundary=up34)
                                                                                                                                                                   └LayoutId-[<_ScaffoldSlot.floatingActionButton>](id: _ScaffoldSlot.floatingActionButton)
                                                                                                                                                                    └MediaQuery(MediaQueryData(size: Size(1080.0, 4000.0), devicePixelRatio: 1.0, textScaler: SystemTextScaler (no scaling), platformBrightness: Brightness.light, padding: EdgeInsets.zero, viewPadding: EdgeInsets.zero, viewInsets: EdgeInsets.zero, systemGestureInsets: EdgeInsets.zero, alwaysUse24HourFormat: false, accessibleNavigation: false, highContrast: false, onOffSwitchLabels: false, disableAnimations: false, invertColors: false, boldText: false, navigationMode: traditional, gestureSettings: DeviceGestureSettings(touchSlop: null), displayFeatures: [], supportsShowingSystemContextMenu: false, lineHeightScaleFactorOverride: null, letterSpacingOverride: null, wordSpacingOverride: null, paragraphSpacingOverride: null))
                                                                                                                                                                     └_FloatingActionButtonTransition(state: _FloatingActionButtonTransitionState#da0e5(tickers: tracking 1 ticker))
                                                                                                                                                                      └Stack(alignment: Alignment.centerRight, fit: loose, dependencies: [Directionality], renderObject: RenderStack#032b6 relayoutBoundary=up1)
                                                                                                                                                                       └ScaleTransition(listenable: AnimationMin<double>(_AnimationSwap<double>(AnimationController#0fe5a(⏭ 1.000; paused)➩CurveTween(curve: FlippedCurve(Interval(0.5⋯1.0)➩Cubic(0.25, 0.10, 0.25, 1.00)))➩1.0➪ReverseAnimation, AnimationController#0fe5a(⏭ 1.000; paused)➩CurveTween(curve: Interval(0.5⋯1.0)➩Cubic(0.25, 0.10, 0.25, 1.00))➩1.0), AnimationController#2366c(⏮ 0.000; paused)➩Cubic(0.42, 0.00, 1.00, 1.00)), state: _AnimatedState#d2c93)
                                                                                                                                                                        └Transform(dependencies: [Directionality], renderObject: RenderTransform#533bf relayoutBoundary=up2)
                                                                                                                                                                         └RotationTransition(listenable: AnimationController#2366c(⏮ 0.000; paused)➩CurveTween(curve: Cubic(0.42, 0.00, 1.00, 1.00))➩Tween<double>(0.875 → 1.0)➩0.875➩TrainHoppingAnimation(next: _AnimationSwap<double>(AnimationController#0fe5a(⏭ 1.000; paused)➩Tween<double>(0.75 → 1.0)➩1.0, AnimationController#0fe5a(⏭ 1.000; paused)➩CurveTween(curve: Threshold)➩1.0➪ReverseAnimation)), state: _AnimatedState#96765)
                                                                                                                                                                          └Transform(dependencies: [Directionality], renderObject: RenderTransform#c6f00 relayoutBoundary=up3 NEEDS-PAINT)


00:13 +105 -1: /Users/saradafumiaki/Documents/Apps/kendo_os/test/widget/match_timeline_list_test.dart: MatchTimelineList Sorting Tests 1. 個人戦の並び替え (_onReorderInnerTimeline)
00:13 +106 -1: /Users/saradafumiaki/Documents/Apps/kendo_os/test/widget/role_visibility_test.dart: 🔒 Stage2 β - 画面要素のロール別露出規制テスト Viewerモード時、新規作成ボタンが画面上から物理排除されていること
00:13 +107 -1: /Users/saradafumiaki/Documents/Apps/kendo_os/test/widget/role_visibility_test.dart: 🔒 Stage2 β - 画面要素のロール別露出規制テスト Viewerモード時、新規作成ボタンが画面上から物理排除されていること
00:13 +108 -1: /Users/saradafumiaki/Documents/Apps/kendo_os/test/widget/viewer_mode_test.dart: Viewer Mode Tests (Read-Only & Drawing) 4-1. Renders normal Team Match (Table Format)
AutomatedTestWidgetsFlutterBinding - DEBUG MODE
[root]
└View(state: _ViewState#e0442)
 └RawView
  └_RawViewInternal-[_DeprecatedRawViewKey TestFlutterView#6188d](renderObject: _ReusableRenderView#9c613)
   └_ViewScope
    └_PipelineOwnerScope
     └_MediaQueryFromView(state: _MediaQueryFromViewState#fa791)
      └MediaQuery(MediaQueryData(size: Size(1080.0, 4000.0), devicePixelRatio: 1.0, textScaler: SystemTextScaler (no scaling), platformBrightness: Brightness.light, padding: EdgeInsets.zero, viewPadding: EdgeInsets.zero, viewInsets: EdgeInsets.zero, systemGestureInsets: EdgeInsets.zero, alwaysUse24HourFormat: false, accessibleNavigation: false, highContrast: false, onOffSwitchLabels: false, disableAnimations: false, invertColors: false, boldText: false, navigationMode: traditional, gestureSettings: DeviceGestureSettings(touchSlop: null), displayFeatures: [], supportsShowingSystemContextMenu: false, lineHeightScaleFactorOverride: null, letterSpacingOverride: null, wordSpacingOverride: null, paragraphSpacingOverride: null))
       └FocusTraversalGroup(policy: ReadingOrderTraversalPolicy#cdfa3, state: _FocusTraversalGroupState#e255a)
        └Focus(debugLabel: "FocusTraversalGroup", focusNode: _FocusTraversalGroupNode#7fd00(FocusTraversalGroup [IN FOCUS PATH]), state: _FocusState#d9bcc)
         └_FocusInheritedScope
          └_FocusScopeWithExternalFocusNode(debugLabel: "View Scope", focusNode: FocusScopeNode#ecb81(View Scope [IN FOCUS PATH]), dependencies: [_FocusInheritedScope], state: _FocusScopeState#5ddc5)
           └_FocusInheritedScope
            └ProviderScope(state: ProviderScopeState#7f3ad)
             └UncontrolledProviderScope
              └MaterialApp(state: _MaterialAppState#8a029)
               └ScrollConfiguration(behavior: MaterialScrollBehavior)
                └HeroControllerScope
                 └WidgetsApp-[GlobalObjectKey _MaterialAppState#8a029](state: _WidgetsAppState#3b0b8)
                  └RootRestorationScope(state: _RootRestorationScopeState#28d3b)
                   └UnmanagedRestorationScope
                    └RestorationScope(dependencies: [UnmanagedRestorationScope], state: _RestorationScopeState#470a1)
                     └UnmanagedRestorationScope
                      └SharedAppData(state: _SharedAppDataState#93cc1)
                       └_SharedAppModel
                        └NotificationListener<NavigationNotification>
                         └Shortcuts(shortcuts: <Default WidgetsApp Shortcuts>, state: _ShortcutsState#fb5a9)
                          └Focus(debugLabel: "Shortcuts", dependencies: [_FocusInheritedScope], state: _FocusState#5dad4)
                           └_FocusInheritedScope
                            └Semantics(container: false, properties: SemanticsProperties, renderObject: RenderSemanticsAnnotations#c09ac)
                             └DefaultTextEditingShortcuts
                              └Shortcuts(shortcuts: <Default Text Editing Shortcuts>, state: _ShortcutsState#5f4d7)
                               └Focus(debugLabel: "Shortcuts", dependencies: [_FocusInheritedScope], state: _FocusState#5c076)
                                └_FocusInheritedScope
                                 └Semantics(container: false, properties: SemanticsProperties, renderObject: RenderSemanticsAnnotations#2387f)
                                  └Actions(dispatcher: null, actions: {DoNothingIntent: DoNothingAction#6e886, DoNothingAndStopPropagationIntent: DoNothingAction#da00e, RequestFocusIntent: RequestFocusAction#e6b46, NextFocusIntent: NextFocusAction#7c5ef, PreviousFocusIntent: PreviousFocusAction#ee6c4, DirectionalFocusIntent: DirectionalFocusAction#bfb81, ScrollIntent: _OverridableContextAction<ScrollIntent>#1b08d(defaultAction: ScrollAction#a2d6f), PrioritizedIntents: PrioritizedAction#93f82, VoidCallbackIntent: VoidCallbackAction#7c6c5}, state: _ActionsState#eecd7)
                                   └_ActionsScope
                                    └FocusTraversalGroup(policy: ReadingOrderTraversalPolicy#9fb1d, state: _FocusTraversalGroupState#0a85b)
                                     └Focus(debugLabel: "FocusTraversalGroup", focusNode: _FocusTraversalGroupNode#b079d(FocusTraversalGroup [IN FOCUS PATH]), dependencies: [_FocusInheritedScope], state: _FocusState#c3b24)
                                      └_FocusInheritedScope
                                       └TapRegionSurface(renderObject: RenderTapRegionSurface#bb618)
                                        └ShortcutRegistrar(state: _ShortcutRegistrarState#4a60a)
                                         └_ShortcutRegistrarScope
                                          └Shortcuts(manager: ShortcutManager#920ed(shortcuts: {}), shortcuts: {}, state: _ShortcutsState#6da9e)
                                           └Focus(debugLabel: "Shortcuts", dependencies: [_FocusInheritedScope], state: _FocusState#e78ea)
                                            └_FocusInheritedScope
                                             └Semantics(container: false, properties: SemanticsProperties, renderObject: RenderSemanticsAnnotations#fd863)
                                              └ListenableBuilder(listenable: LocalizationsResolver, state: _AnimatedState#0a775)
                                               └Localizations(locale: en_US, delegates: [DefaultMaterialLocalizations.delegate(en_US), DefaultCupertinoLocalizations.delegate(en_US), DefaultWidgetsLocalizations.delegate(en_US)], state: _LocalizationsState#3d091)
                                                └Semantics(container: false, properties: SemanticsProperties, textDirection: ltr, renderObject: RenderSemanticsAnnotations#d0dc1)
                                                 └_LocalizationsScope-[GlobalKey#a7717]
                                                  └Directionality(textDirection: ltr)
                                                   └Title(state: _TitleState#b4dba(color: Color(alpha: 1.0000, red: 0.1294, green: 0.5882, blue: 0.9529, colorSpace: ColorSpace.sRGB)))
                                                    └Focus(dependencies: [_FocusInheritedScope], state: _FocusState#bcbd4)
                                                     └_FocusInheritedScope
                                                      └Semantics(container: false, properties: SemanticsProperties, renderObject: RenderSemanticsAnnotations#209e2)
                                                       └CheckedModeBanner("DEBUG")
                                                        └Banner(dependencies: [Directionality], state: _BannerState#9d960("DEBUG", textDirection: ltr, location: topEnd, Color(alpha: 0.6275, red: 0.7176, green: 0.1098, blue: 0.1098, colorSpace: ColorSpace.sRGB), text inherit: true, text color: Color(alpha: 1.0000, red: 1.0000, green: 1.0000, blue: 1.0000, colorSpace: ColorSpace.sRGB), text size: 10.2, text weight: 900, text height: 1.0x))
                                                         └CustomPaint(renderObject: RenderCustomPaint#beb3c)
                                                          └ValueListenableBuilder<bool>(state: _ValueListenableBuilderState<bool>#9204e)
                                                           └DefaultTextStyle(debugLabel: fallback style; consider putting your text in a Material, inherit: true, color: Color(alpha: 0.8157, red: 1.0000, green: 0.0000, blue: 0.0000, colorSpace: ColorSpace.sRGB), family: monospace, size: 48.0, weight: 900, decoration: double Color(alpha: 1.0000, red: 1.0000, green: 1.0000, blue: 0.0000, colorSpace: ColorSpace.sRGB) TextDecoration.underline, softWrap: wrapping at box width, overflow: clip)
                                                            └Builder(dependencies: [MediaQuery])
                                                             └AnimatedTheme(duration: 200ms, state: _AnimatedThemeState#bceb6(ticker inactive, ThemeDataTween(ThemeData#e0d86 → ThemeData#e0d86)))
                                                              └Theme(ThemeData#e0d86, dependencies: [MediaQuery])
                                                               └_InheritedTheme
                                                                └CupertinoTheme(brightness: light, primaryColor: Color(alpha: 1.0000, red: 0.4039, green: 0.3137, blue: 0.6431, colorSpace: ColorSpace.sRGB), scaffoldBackgroundColor: Color(alpha: 1.0000, red: 0.9961, green: 0.9686, blue: 1.0000, colorSpace: ColorSpace.sRGB), actionTextStyle: TextStyle(inherit: false, color: Color(alpha: 1.0000, red: 0.4039, green: 0.3137, blue: 0.6431, colorSpace: ColorSpace.sRGB), family: CupertinoSystemText, size: 17.0, letterSpacing: -0.4, decoration: TextDecoration.none), actionSmallTextStyle: TextStyle(inherit: false, color: Color(alpha: 1.0000, red: 0.4039, green: 0.3137, blue: 0.6431, colorSpace: ColorSpace.sRGB), family: CupertinoSystemText, size: 15.0, letterSpacing: -0.2, decoration: TextDecoration.none), navActionTextStyle: TextStyle(inherit: false, color: Color(alpha: 1.0000, red: 0.4039, green: 0.3137, blue: 0.6431, colorSpace: ColorSpace.sRGB), family: CupertinoSystemText, size: 17.0, letterSpacing: -0.4, decoration: TextDecoration.none))
                                                                 └InheritedCupertinoTheme
                                                                  └IconTheme(color: Color(alpha: 1.0000, red: 0.4039, green: 0.3137, blue: 0.6431, colorSpace: ColorSpace.sRGB))
                                                                   └IconTheme(color: Color(alpha: 0.8667, red: 0.0000, green: 0.0000, blue: 0.0000, colorSpace: ColorSpace.sRGB))
                                                                    └DefaultSelectionStyle
                                                                     └ScaffoldMessenger(dependencies: [MediaQuery], state: ScaffoldMessengerState#36728)
                                                                      └_ScaffoldMessengerScope
                                                                       └DefaultSelectionStyle
                                                                        └Router<Object>(dependencies: [UnmanagedRestorationScope], state: _RouterState<Object>#32c0d)
                                                                         └UnmanagedRestorationScope
                                                                          └_RouterScope
                                                                           └Builder
                                                                            └InheritedGoRouter(goRouter: Instance of 'GoRouter')
                                                                             └_CustomNavigator-[GlobalObjectKey int#f2d78](state: _CustomNavigatorState#d1ca9)
                                                                              └GoRouterStateRegistryScope
                                                                               └HeroControllerScope
                                                                                └Navigator-[LabeledGlobalKey<NavigatorState>#2eb70 root](dependencies: [HeroControllerScope, InheritedCupertinoTheme, UnmanagedRestorationScope, _InheritedTheme, _LocalizationsScope-[GlobalKey#a7717]], state: NavigatorState#87cb6(tickers: tracking 1 ticker))
                                                                                 └HeroControllerScope
                                                                                  └NotificationListener<NavigationNotification>
                                                                                   └Listener(listeners: [down, up, cancel], behavior: deferToChild, renderObject: RenderPointerListener#9cf41)
                                                                                    └AbsorbPointer(absorbing: false, renderObject: RenderAbsorbPointer#0e448)
                                                                                     └FocusTraversalGroup(policy: ReadingOrderTraversalPolicy#9fb1d, state: _FocusTraversalGroupState#d8edc)
                                                                                      └Focus(debugLabel: "FocusTraversalGroup", focusNode: _FocusTraversalGroupNode#6f0a5(FocusTraversalGroup [IN FOCUS PATH]), dependencies: [_FocusInheritedScope], state: _FocusState#f3bc2)
                                                                                       └_FocusInheritedScope
                                                                                        └Focus(debugLabel: "Navigator", AUTOFOCUS, focusNode: FocusNode#91b3f(Navigator [IN FOCUS PATH]), dependencies: [_FocusInheritedScope], state: _FocusState#45d21)
                                                                                         └_FocusInheritedScope
                                                                                          └UnmanagedRestorationScope
                                                                                           └Overlay-[LabeledGlobalKey<OverlayState>#3d3da](state: OverlayState#38af6(entries: [OverlayEntry#b5bcd(opaque: true; maintainState: false), OverlayEntry#0d854(opaque: false; maintainState: true)]))
                                                                                            └_Theater(skipCount: 0, dependencies: [Directionality], renderObject: _RenderTheater#b2fbd)
                                                                                             ├_OverlayEntryWidget-[LabeledGlobalKey<_OverlayEntryWidgetState>#c06dc](state: _OverlayEntryWidgetState#97267)
                                                                                             │└TickerMode(state: _TickerModeState#42ac6(requested mode: enabled))
                                                                                             │ └_EffectiveTickerMode(effective mode: enabled)
                                                                                             │  └_RenderTheaterMarker
                                                                                             │   └Builder
                                                                                             │    └IgnorePointer(ignoring: false, renderObject: RenderIgnorePointer#427e2)
                                                                                             │     └ModalBarrier
                                                                                             │      └BlockSemantics(blocking: true, renderObject: RenderBlockSemantics#b99e6)
                                                                                             │       └ExcludeSemantics(excluding: true, renderObject: RenderExcludeSemantics#140d6)
                                                                                             │        └_ModalBarrierGestureDetector
                                                                                             │         └RawGestureDetector(state: RawGestureDetectorState#5660f(gestures: [any tap], behavior: opaque))
                                                                                             │          └_GestureSemantics(renderObject: RenderSemanticsGestureHandler#6992d)
                                                                                             │           └Listener(listeners: [down, panZoomStart], behavior: opaque, renderObject: RenderPointerListener#8ad4e)
                                                                                             │            └Semantics(container: false, properties: SemanticsProperties, renderObject: RenderSemanticsAnnotations#6aa4f)
                                                                                             │             └MouseRegion(listeners: <none>, cursor: SystemMouseCursor(basic), renderObject: RenderMouseRegion#76fbe)
                                                                                             │              └ConstrainedBox(BoxConstraints(biggest), renderObject: RenderConstrainedBox#1bf64)
                                                                                             └_OverlayEntryWidget-[LabeledGlobalKey<_OverlayEntryWidgetState>#403cf](state: _OverlayEntryWidgetState#80c74)
                                                                                              └TickerMode(state: _TickerModeState#52893(requested mode: enabled))
                                                                                               └_EffectiveTickerMode(effective mode: enabled)
                                                                                                └_RenderTheaterMarker
                                                                                                 └Builder
                                                                                                  └Semantics(container: false, properties: SemanticsProperties, sortKey: OrdinalSortKey#4f382(order: 0.0), renderObject: RenderSemanticsAnnotations#6908f)
                                                                                                   └_ModalScope<void>-[LabeledGlobalKey<_ModalScopeState<void>>#9d20d](state: _ModalScopeState<void>#c9c73)
                                                                                                    └AnimatedBuilder(listenable: ValueNotifier<String?>#4a3f4(null), state: _AnimatedState#873e3)
                                                                                                     └RestorationScope(dependencies: [UnmanagedRestorationScope], state: _RestorationScopeState#4c05a)
                                                                                                      └UnmanagedRestorationScope
                                                                                                       └_ModalScopeStatus(active)
                                                                                                        └Offstage(offstage: false, renderObject: RenderOffstage#7d554)
                                                                                                         └PageStorage
                                                                                                          └Builder
                                                                                                           └Actions(dispatcher: null, actions: {DismissIntent: _DismissModalAction#52e90}, state: _ActionsState#20fe1)
                                                                                                            └_ActionsScope
                                                                                                             └PrimaryScrollController(ScrollController#45e3e(one client, offset 0.0))
                                                                                                              └_FocusScopeWithExternalFocusNode(debugLabel: "_ModalScopeState<dynamic> Focus Scope", focusNode: FocusScopeNode#3ba9d(_ModalScopeState<dynamic> Focus Scope [PRIMARY FOCUS]), dependencies: [_FocusInheritedScope], state: _FocusScopeState#c8dfd)
                                                                                                               └Semantics(container: false, properties: SemanticsProperties, renderObject: RenderSemanticsAnnotations#27845)
                                                                                                                └_FocusInheritedScope
                                                                                                                 └RepaintBoundary(renderObject: RenderRepaintBoundary#1c941)
                                                                                                                  └ListenableBuilder(listenable: Listenable.merge([AnimationController#ff729(⏭ 1.000; paused; for _PageBasedMaterialPageRoute<void>(/))➩ProxyAnimation, kAlwaysDismissedAnimation➩ProxyAnimation➩ProxyAnimation]), dependencies: [InheritedCupertinoTheme, _InheritedTheme, _LocalizationsScope-[GlobalKey#a7717]], state: _AnimatedState#879ea)
                                                                                                                   └_PageTransitionsThemeTransitions<void>(dependencies: [InheritedCupertinoTheme, _InheritedTheme, _LocalizationsScope-[GlobalKey#a7717]], state: _PageTransitionsThemeTransitionsState<void>#e58eb)
                                                                                                                    └_PredictiveBackGestureDetector(state: _PredictiveBackGestureDetectorState#cc174)
                                                                                                                     └_FadeForwardsPageTransition(dependencies: [_ModalScopeStatus])
                                                                                                                      └DualTransitionBuilder(state: _DualTransitionBuilderState#c5ef2)
                                                                                                                       └FadeTransition(opacity: kAlwaysCompleteAnimation➩ProxyAnimation➩CurveTween(curve: Interval(0.0⋯0.75))➩Tween<double>(0.0 → 1.0)➩1.0, renderObject: RenderAnimatedOpacity#5e8a0)
                                                                                                                        └SlideTransition(listenable: kAlwaysCompleteAnimation➩ProxyAnimation➩CurveTween(curve: ThreePointCubic )➩Tween<Offset>(Offset(0.3, 0.0) → Offset(0.0, 0.0))➩Offset(0.0, 0.0), state: _AnimatedState#8105f)
                                                                                                                         └FractionalTranslation(renderObject: RenderFractionalTranslation#4bd36)
                                                                                                                          └IgnorePointer(ignoring: false, renderObject: RenderIgnorePointer#1f03d)
                                                                                                                           └FadeTransition(opacity: AnimationController#ff729(⏭ 1.000; paused; for _PageBasedMaterialPageRoute<void>(/))➩ProxyAnimation➪ReverseAnimation➩ProxyAnimation➩CurveTween(curve: Interval(0.0⋯0.25))➩Tween<double>(1.0 → 0.0)➩1.0, renderObject: RenderAnimatedOpacity#e7656)
                                                                                                                            └SlideTransition(listenable: AnimationController#ff729(⏭ 1.000; paused; for _PageBasedMaterialPageRoute<void>(/))➩ProxyAnimation➪ReverseAnimation➩ProxyAnimation➩CurveTween(curve: ThreePointCubic )➩Tween<Offset>(Offset(0.0, 0.0) → Offset(0.3, 0.0))➩Offset(0.0, 0.0), state: _AnimatedState#00169)
                                                                                                                             └FractionalTranslation(renderObject: RenderFractionalTranslation#7a2e3)
                                                                                                                              └ColoredBox(color: Color(alpha: 0.0000, red: 0.0000, green: 0.0000, blue: 0.0000, colorSpace: ColorSpace.sRGB), renderObject: _RenderColoredBox#8dd52)
                                                                                                                               └DualTransitionBuilder(state: _DualTransitionBuilderState#9369a)
                                                                                                                                └FadeTransition(opacity: kAlwaysCompleteAnimation➩ProxyAnimation➩CurveTween(curve: Interval(0.0⋯0.75))➩Tween<double>(0.0 → 1.0)➩1.0, renderObject: RenderAnimatedOpacity#96412)
                                                                                                                                 └SlideTransition(listenable: kAlwaysCompleteAnimation➩ProxyAnimation➩CurveTween(curve: ThreePointCubic )➩Tween<Offset>(Offset(-0.3, 0.0) → Offset(0.0, 0.0))➩Offset(0.0, 0.0), state: _AnimatedState#4326f)
                                                                                                                                  └FractionalTranslation(renderObject: RenderFractionalTranslation#bb0e5)
                                                                                                                                   └FadeTransition(opacity: kAlwaysDismissedAnimation➩ProxyAnimation➩ProxyAnimation➪ReverseAnimation➪ReverseAnimation➩ProxyAnimation➩CurveTween(curve: Interval(0.0⋯0.25))➩Tween<double>(1.0 → 0.0)➩1.0, renderObject: RenderAnimatedOpacity#31947)
                                                                                                                                    └SlideTransition(listenable: kAlwaysDismissedAnimation➩ProxyAnimation➩ProxyAnimation➪ReverseAnimation➪ReverseAnimation➩ProxyAnimation➩CurveTween(curve: ThreePointCubic )➩Tween<Offset>(Offset(0.0, 0.0) → Offset(-0.3, 0.0))➩Offset(0.0, 0.0), state: _AnimatedState#fe7f3)
                                                                                                                                     └FractionalTranslation(renderObject: RenderFractionalTranslation#51bfe)
                                                                                                                                      └ListenableBuilder(listenable: ValueNotifier<bool>#37c50(false), state: _AnimatedState#35356)
                                                                                                                                       └IgnorePointer(ignoring: false, renderObject: RenderIgnorePointer#73899)
                                                                                                                                        └RepaintBoundary-[GlobalKey#bd3aa](renderObject: RenderRepaintBoundary#8fe80)
                                                                                                                                         └Builder
                                                                                                                                          └Semantics(container: false, properties: SemanticsProperties, renderObject: RenderSemanticsAnnotations#96f8f)
                                                                                                                                           └Builder
                                                                                                                                            └ViewerOfficialRecordScreen(dependencies: [InheritedCupertinoTheme, UncontrolledProviderScope, _InheritedTheme, _LocalizationsScope-[GlobalKey#a7717]], state: _ConsumerState#8a2e5)
                                                                                                                                             └DefaultTabController(dependencies: [_EffectiveTickerMode], state: _DefaultTabControllerState#97381(ticker inactive))
                                                                                                                                              └_TabControllerScope
                                                                                                                                               └LiquidBackground(dependencies: [InheritedCupertinoTheme, UncontrolledProviderScope, _InheritedTheme, _LocalizationsScope-[GlobalKey#a7717]], state: _ConsumerState#099ed)
                                                                                                                                                └Container(bg: Color(alpha: 1.0000, red: 0.9490, green: 0.9490, blue: 0.9686, colorSpace: ColorSpace.sRGB))
                                                                                                                                                 └ColoredBox(color: Color(alpha: 1.0000, red: 0.9490, green: 0.9490, blue: 0.9686, colorSpace: ColorSpace.sRGB), renderObject: _RenderColoredBox#9c43f)
                                                                                                                                                  └Scaffold(dependencies: [Directionality, InheritedCupertinoTheme, MediaQuery, UnmanagedRestorationScope, _InheritedTheme, _LocalizationsScope-[GlobalKey#a7717], _ScaffoldMessengerScope], state: ScaffoldState#a3e85(tickers: tracking 3 tickers))
                                                                                                                                                   └_ScaffoldScope
                                                                                                                                                    └ScrollNotificationObserver(state: ScrollNotificationObserverState#27cf6)
                                                                                                                                                     └NotificationListener<ScrollMetricsNotification>
                                                                                                                                                      └NotificationListener<ScrollNotification>
                                                                                                                                                       └_ScrollNotificationObserverScope
                                                                                                                                                        └Material(type: canvas, color: Color(alpha: 0.0000, red: 0.0000, green: 0.0000, blue: 0.0000, colorSpace: ColorSpace.sRGB), dependencies: [InheritedCupertinoTheme, _InheritedTheme, _LocalizationsScope-[GlobalKey#a7717]], state: _MaterialState#e81d9)
                                                                                                                                                         └AnimatedPhysicalModel(duration: 200ms, shape: rectangle, borderRadius: null, elevation: 0.0, color: Color(alpha: 0.0000, red: 0.0000, green: 0.0000, blue: 0.0000, colorSpace: ColorSpace.sRGB), animateColor: false, shadowColor: Color(alpha: 1.0000, red: 0.0000, green: 0.0000, blue: 0.0000, colorSpace: ColorSpace.sRGB), animateShadowColor: true, state: _AnimatedPhysicalModelState#b3488(ticker inactive))
                                                                                                                                                          └PhysicalModel(shape: rectangle, borderRadius: BorderRadius.zero, elevation: 0.0, color: Color(alpha: 0.0000, red: 0.0000, green: 0.0000, blue: 0.0000, colorSpace: ColorSpace.sRGB), shadowColor: Color(alpha: 1.0000, red: 0.0000, green: 0.0000, blue: 0.0000, colorSpace: ColorSpace.sRGB), renderObject: RenderPhysicalModel#b6785)
                                                                                                                                                           └NotificationListener<LayoutChangedNotification>
                                                                                                                                                            └_InkFeatures-[GlobalKey#ce8c2 ink renderer](renderObject: _RenderInkFeatures#2eed5)
                                                                                                                                                             └AnimatedDefaultTextStyle(duration: 200ms, debugLabel: (englishLike bodyMedium 2021).merge((blackMountainView bodyMedium).apply), inherit: false, color: Color(alpha: 1.0000, red: 0.1137, green: 0.1059, blue: 0.1255, colorSpace: ColorSpace.sRGB), family: Roboto, size: 14.0, weight: 400, letterSpacing: 0.3, baseline: alphabetic, height: 1.4x, leadingDistribution: even, decoration: Color(alpha: 1.0000, red: 0.1137, green: 0.1059, blue: 0.1255, colorSpace: ColorSpace.sRGB) TextDecoration.none, softWrap: wrapping at box width, overflow: clip, state: _AnimatedDefaultTextStyleState#27830(ticker inactive))
                                                                                                                                                              └DefaultTextStyle(debugLabel: (englishLike bodyMedium 2021).merge((blackMountainView bodyMedium).apply), inherit: false, color: Color(alpha: 1.0000, red: 0.1137, green: 0.1059, blue: 0.1255, colorSpace: ColorSpace.sRGB), family: Roboto, size: 14.0, weight: 400, letterSpacing: 0.3, baseline: alphabetic, height: 1.4x, leadingDistribution: even, decoration: Color(alpha: 1.0000, red: 0.1137, green: 0.1059, blue: 0.1255, colorSpace: ColorSpace.sRGB) TextDecoration.none, softWrap: wrapping at box width, overflow: clip)
                                                                                                                                                               └AnimatedBuilder(listenable: AnimationController#43587(⏭ 1.000; paused), state: _AnimatedState#5467a)
                                                                                                                                                                └Actions(dispatcher: null, actions: {DismissIntent: _DismissDrawerAction#583e9}, state: _ActionsState#90fdc)
                                                                                                                                                                 └_ActionsScope
                                                                                                                                                                  └CustomMultiChildLayout(renderObject: RenderCustomMultiChildLayoutBox#88e8e)
                                                                                                                                                                   ├LayoutId-[<_ScaffoldSlot.body>](id: _ScaffoldSlot.body)
                                                                                                                                                                   │└MediaQuery(MediaQueryData(size: Size(1080.0, 4000.0), devicePixelRatio: 1.0, textScaler: SystemTextScaler (no scaling), platformBrightness: Brightness.light, padding: EdgeInsets.zero, viewPadding: EdgeInsets.zero, viewInsets: EdgeInsets.zero, systemGestureInsets: EdgeInsets.zero, alwaysUse24HourFormat: false, accessibleNavigation: false, highContrast: false, onOffSwitchLabels: false, disableAnimations: false, invertColors: false, boldText: false, navigationMode: traditional, gestureSettings: DeviceGestureSettings(touchSlop: null), displayFeatures: [], supportsShowingSystemContextMenu: false, lineHeightScaleFactorOverride: null, letterSpacingOverride: null, wordSpacingOverride: null, paragraphSpacingOverride: null))
                                                                                                                                                                   │ └_BodyBuilder
                                                                                                                                                                   │  └KeyedSubtree-[GlobalKey#cf3b9]
                                                                                                                                                                   │   └TabBarView(dependencies: [_TabControllerScope], state: _TabBarViewState#85804)
                                                                                                                                                                   │    └NotificationListener<ScrollNotification>
                                                                                                                                                                   │     └PageView(dependencies: [Directionality, ScrollConfiguration], state: _PageViewState#df798(scrollDirection: horizontal, PageController#2c5e2(one client, offset 0.0), PageScrollPhysics -> ClampingScrollPhysics))
                                                                                                                                                                   │      └NotificationListener<ScrollNotification>
                                                                                                                                                                   │       └Scrollable(axisDirection: right, physics: _ForceImplicitScrollPhysics -> PageScrollPhysics -> PageScrollPhysics -> ClampingScrollPhysics, restorationId: null, dependencies: [InheritedCupertinoTheme, MediaQuery, UnmanagedRestorationScope, _InheritedTheme, _LocalizationsScope-[GlobalKey#a7717]], state: ScrollableState#b4712(position: _PagePosition#91470(offset: 0.0, range: 0.0..0.0, viewport: 1080.0, ScrollableState, _ForceImplicitScrollPhysics -> PageScrollPhysics -> PageScrollPhysics -> ClampingScrollPhysics -> ClampingScrollPhysics -> RangeMaintainingScrollPhysics, IdleScrollActivity#be6dc, ScrollDirection.idle), effective physics: _ForceImplicitScrollPhysics -> PageScrollPhysics -> PageScrollPhysics -> ClampingScrollPhysics -> ClampingScrollPhysics -> RangeMaintainingScrollPhysics))
                                                                                                                                                                   │        └StretchingOverscrollIndicator(axisDirection: right, state: _StretchingOverscrollIndicatorState#3e952)
                                                                                                                                                                   │         └NotificationListener<ScrollNotification>
                                                                                                                                                                   │          └AnimatedBuilder(listenable: _StretchController(), dependencies: [MediaQuery], state: _AnimatedState#23a36)
                                                                                                                                                                   │           └ClipRect(renderObject: RenderClipRect#e1534 relayoutBoundary=up1)
                                                                                                                                                                   │            └StretchEffect(dependencies: [Directionality])
                                                                                                                                                                   │             └Transform(dependencies: [Directionality], renderObject: RenderTransform#7d735 relayoutBoundary=up2)
                                                                                                                                                                   │              └NotificationListener<ScrollMetricsNotification>
                                                                                                                                                                   │               └_ScrollSemantics-[GlobalKey#4ca77](renderObject: _RenderScrollSemantics#f7ed9 relayoutBoundary=up3)
                                                                                                                                                                   │                └_ScrollableScope
                                                                                                                                                                   │                 └Listener(listeners: [signal], behavior: deferToChild, renderObject: RenderPointerListener#8e4cb relayoutBoundary=up4)
                                                                                                                                                                   │                  └RawGestureDetector-[LabeledGlobalKey<RawGestureDetectorState>#0200f](state: RawGestureDetectorState#04541(gestures: <none>, behavior: opaque))
                                                                                                                                                                   │                   └_GestureSemantics(renderObject: RenderSemanticsGestureHandler#b5aac relayoutBoundary=up5)
                                                                                                                                                                   │                    └Listener(listeners: [down, panZoomStart], behavior: opaque, renderObject: RenderPointerListener#7f977 relayoutBoundary=up6)
                                                                                                                                                                   │                     └Semantics(container: false, properties: SemanticsProperties, renderObject: RenderSemanticsAnnotations#92194 relayoutBoundary=up7)
                                                                                                                                                                   │                      └IgnorePointer-[GlobalKey#ea01f](ignoring: false, renderObject: RenderIgnorePointer#1ba02 relayoutBoundary=up8)
                                                                                                                                                                   │                       └Viewport(axisDirection: right, anchor: 0.0, offset: _PagePosition#91470(offset: 0.0, range: 0.0..0.0, viewport: 1080.0, ScrollableState, _ForceImplicitScrollPhysics -> PageScrollPhysics -> PageScrollPhysics -> ClampingScrollPhysics -> ClampingScrollPhysics -> RangeMaintainingScrollPhysics, IdleScrollActivity#be6dc, ScrollDirection.idle), cacheExtent: 0.0, cacheExtentStyle: CacheExtentStyle.viewport, renderObject: RenderViewport#44fc7)
                                                                                                                                                                   │                        └SliverFillViewport
                                                                                                                                                                   │                         └_SliverFractionalPadding(renderObject: _RenderSliverFractionalPadding#c5417 relayoutBoundary=up1)
                                                                                                                                                                   │                          └_SliverFillViewportRenderObjectWidget(delegate: SliverChildListDelegate#4c055(estimated child count: 1), renderObject: RenderSliverFillViewport#c8741 relayoutBoundary=up2)
                                                                                                                                                                   │                           └KeyedSubtree-[Key <[<0>]>]
                                                                                                                                                                   │                            └AutomaticKeepAlive(state: _AutomaticKeepAliveState#054c9(handles: no notifications ever received))
                                                                                                                                                                   │                             └KeepAlive(keepAlive: false)
                                                                                                                                                                   │                              └NotificationListener<KeepAliveNotification>
                                                                                                                                                                   │                               └_SelectionKeepAlive(state: _SelectionKeepAliveState#6af33)
                                                                                                                                                                   │                                └IndexedSemantics(index: 0, renderObject: RenderIndexedSemantics#6fffc)
                                                                                                                                                                   │                                 └RepaintBoundary(renderObject: RenderRepaintBoundary#e2664)
                                                                                                                                                                   │                                  └KeyedSubtree-[<0>]
                                                                                                                                                                   │                                   └Semantics(container: false, properties: SemanticsProperties, role: tabPanel, renderObject: RenderSemanticsAnnotations#0b183)
                                                                                                                                                                   │                                    └Column(direction: vertical, mainAxisAlignment: start, crossAxisAlignment: center, renderObject: RenderFlex#7e3ad)
                                                                                                                                                                   │                                     ├Container(padding: EdgeInsets(16.0, 12.0, 16.0, 12.0), bg: BoxDecoration(color: Color(alpha: 1.0000, red: 1.0000, green: 1.0000, blue: 1.0000, colorSpace: ColorSpace.sRGB), border: Border(bottom: BorderSide(color: Color(alpha: 1.0000, red: 0.9333, green: 0.9333, blue: 0.9333, colorSpace: ColorSpace.sRGB)))), constraints: BoxConstraints(w=Infinity, 0.0<=h<=Infinity))
                                                                                                                                                                   │                                     │└ConstrainedBox(BoxConstraints(w=Infinity, 0.0<=h<=Infinity), renderObject: RenderConstrainedBox#2440a relayoutBoundary=up1)
                                                                                                                                                                   │                                     │ └DecoratedBox(bg: BoxDecoration(color: Color(alpha: 1.0000, red: 1.0000, green: 1.0000, blue: 1.0000, colorSpace: ColorSpace.sRGB), border: Border(bottom: BorderSide(color: Color(alpha: 1.0000, red: 0.9333, green: 0.9333, blue: 0.9333, colorSpace: ColorSpace.sRGB)))), dependencies: [Directionality, MediaQuery, _LocalizationsScope-[GlobalKey#a7717]], renderObject: RenderDecoratedBox#a1b56 relayoutBoundary=up2)
                                                                                                                                                                   │                                     │  └Padding(padding: EdgeInsets(16.0, 12.0, 16.0, 13.0), dependencies: [Directionality], renderObject: RenderPadding#7d3c3 relayoutBoundary=up3)
                                                                                                                                                                   │                                     │   └Row(direction: horizontal, mainAxisAlignment: start, crossAxisAlignment: center, dependencies: [Directionality], renderObject: RenderFlex#25468 relayoutBoundary=up4)
                                                                                                                                                                   │                                     │    ├Expanded(flex: 1)
                                                                                                                                                                   │                                     │    │└ElevatedButton-[<'viewer_export_pdf_button'>](style: ButtonStyle#f0a95(textStyle: WidgetStatePropertyAll(null), backgroundColor: WidgetStateMapper<Color?>({WidgetState.disabled: null, WidgetState.any: Color(alpha: 1.0000, red: 0.2588, green: 0.2588, blue: 0.2588, colorSpace: ColorSpace.sRGB)}), foregroundColor: WidgetStateMapper<Color?>({WidgetState.disabled: null, WidgetState.any: Color(alpha: 1.0000, red: 1.0000, green: 1.0000, blue: 1.0000, colorSpace: ColorSpace.sRGB)}), overlayColor: WidgetStateMapper<Color?>({WidgetState.pressed: Color(alpha: 0.1020, red: 1.0000, green: 1.0000, blue: 1.0000, colorSpace: ColorSpace.sRGB), WidgetState.hovered: Color(alpha: 0.0784, red: 1.0000, green: 1.0000, blue: 1.0000, colorSpace: ColorSpace.sRGB), WidgetState.focused: Color(alpha: 0.1020, red: 1.0000, green: 1.0000, blue: 1.0000, colorSpace: ColorSpace.sRGB)}), elevation: WidgetStateMapper<double>({WidgetState.disabled: 0.0, WidgetState.pressed: 6.0, WidgetState.hovered: 2.0, WidgetState.focused: 2.0, WidgetState.any: 0.0}), padding: WidgetStatePropertyAll(EdgeInsets(0.0, 12.0, 0.0, 12.0)), shape: WidgetStatePropertyAll(RoundedRectangleBorder(BorderSide(width: 0.0, style: none), BorderRadius.circular(12.0))), mouseCursor: WidgetStateMapper<MouseCursor?>({WidgetState.disabled: null, WidgetState.any: null})), dependencies: [IconTheme, InheritedCupertinoTheme, MediaQuery, _InheritedTheme, _LocalizationsScope-[GlobalKey#a7717]], state: _ButtonStyleState#24bb3)
                                                                                                                                                                   │                                     │    │ └Semantics(container: true, properties: SemanticsProperties, renderObject: RenderSemanticsAnnotations#02a49 relayoutBoundary=up5)
                                                                                                                                                                   │                                     │    │  └_InputPadding(renderObject: _RenderInputPadding#45023 relayoutBoundary=up6)
                                                                                                                                                                   │                                     │    │   └ConstrainedBox(BoxConstraints(64.0<=w<=Infinity, 40.0<=h<=Infinity), renderObject: RenderConstrainedBox#f68da relayoutBoundary=up7)
                                                                                                                                                                   │                                     │    │    └Material(type: button, color: Color(alpha: 1.0000, red: 0.2588, green: 0.2588, blue: 0.2588, colorSpace: ColorSpace.sRGB), shadowColor: Color(alpha: 1.0000, red: 0.0000, green: 0.0000, blue: 0.0000, colorSpace: ColorSpace.sRGB), surfaceTintColor: Color(alpha: 0.0000, red: 0.0000, green: 0.0000, blue: 0.0000, colorSpace: ColorSpace.sRGB), textStyle.debugLabel: ((englishLike labelLarge 2021).merge((blackMountainView labelLarge).apply)).copyWith, textStyle.inherit: false, textStyle.color: Color(alpha: 1.0000, red: 1.0000, green: 1.0000, blue: 1.0000, colorSpace: ColorSpace.sRGB), textStyle.family: Roboto, textStyle.size: 14.0, textStyle.weight: 500, textStyle.letterSpacing: 0.1, textStyle.baseline: alphabetic, textStyle.height: 1.4x, textStyle.leadingDistribution: even, textStyle.decoration: Color(alpha: 1.0000, red: 0.1137, green: 0.1059, blue: 0.1255, colorSpace: ColorSpace.sRGB) TextDecoration.none, shape: RoundedRectangleBorder(BorderSide(width: 0.0, style: none), BorderRadius.circular(12.0)), borderOnForeground: false, dependencies: [InheritedCupertinoTheme, _InheritedTheme, _LocalizationsScope-[GlobalKey#a7717]], state: _MaterialState#a8c3a)
                                                                                                                                                                   │                                     │    │     └_MaterialInterior(duration: 200ms, shape: RoundedRectangleBorder(BorderSide(width: 0.0, style: none), BorderRadius.circular(12.0)), elevation: 0.0, color: Color(alpha: 1.0000, red: 0.2588, green: 0.2588, blue: 0.2588, colorSpace: ColorSpace.sRGB), shadowColor: Color(alpha: 1.0000, red: 0.0000, green: 0.0000, blue: 0.0000, colorSpace: ColorSpace.sRGB), dependencies: [Directionality, InheritedCupertinoTheme, _InheritedTheme, _LocalizationsScope-[GlobalKey#a7717]], state: _MaterialInteriorState#a5c84(ticker inactive))
                                                                                                                                                                   │                                     │    │      └PhysicalShape(clipper: ShapeBorderClipper, elevation: 0.0, color: Color(alpha: 1.0000, red: 0.2588, green: 0.2588, blue: 0.2588, colorSpace: ColorSpace.sRGB), shadowColor: Color(alpha: 1.0000, red: 0.0000, green: 0.0000, blue: 0.0000, colorSpace: ColorSpace.sRGB), renderObject: RenderPhysicalShape#dcf4c relayoutBoundary=up8)
                                                                                                                                                                   │                                     │    │       └_ShapeBorderPaint(dependencies: [Directionality])
                                                                                                                                                                   │                                     │    │        └CustomPaint(renderObject: RenderCustomPaint#0ad1b relayoutBoundary=up9)
                                                                                                                                                                   │                                     │    │         └NotificationListener<LayoutChangedNotification>
                                                                                                                                                                   │                                     │    │          └_InkFeatures-[GlobalKey#cba59 ink renderer](renderObject: _RenderInkFeatures#d41a8 relayoutBoundary=up10)
                                                                                                                                                                   │                                     │    │           └AnimatedDefaultTextStyle(duration: 200ms, debugLabel: ((englishLike labelLarge 2021).merge((blackMountainView labelLarge).apply)).copyWith, inherit: false, color: Color(alpha: 1.0000, red: 1.0000, green: 1.0000, blue: 1.0000, colorSpace: ColorSpace.sRGB), family: Roboto, size: 14.0, weight: 500, letterSpacing: 0.1, baseline: alphabetic, height: 1.4x, leadingDistribution: even, decoration: Color(alpha: 1.0000, red: 0.1137, green: 0.1059, blue: 0.1255, colorSpace: ColorSpace.sRGB) TextDecoration.none, softWrap: wrapping at box width, overflow: clip, state: _AnimatedDefaultTextStyleState#5d4b7(ticker inactive))
                                                                                                                                                                   │                                     │    │            └DefaultTextStyle(debugLabel: ((englishLike labelLarge 2021).merge((blackMountainView labelLarge).apply)).copyWith, inherit: false, color: Color(alpha: 1.0000, red: 1.0000, green: 1.0000, blue: 1.0000, colorSpace: ColorSpace.sRGB), family: Roboto, size: 14.0, weight: 500, letterSpacing: 0.1, baseline: alphabetic, height: 1.4x, leadingDistribution: even, decoration: Color(alpha: 1.0000, red: 0.1137, green: 0.1059, blue: 0.1255, colorSpace: ColorSpace.sRGB) TextDecoration.none, softWrap: wrapping at box width, overflow: clip)
                                                                                                                                                                   │                                     │    │             └AnimatedTheme(duration: 200ms, state: _AnimatedThemeState#f0d16(ticker inactive, ThemeDataTween(ThemeData#27df6 → ThemeData#27df6)))
                                                                                                                                                                   │                                     │    │              └Theme(ThemeData#27df6, dependencies: [DefaultSelectionStyle, InheritedCupertinoTheme])
                                                                                                                                                                   │                                     │    │               └_InheritedTheme
                                                                                                                                                                   │                                     │    │                └CupertinoTheme(brightness: light, primaryColor: Color(alpha: 1.0000, red: 0.4039, green: 0.3137, blue: 0.6431, colorSpace: ColorSpace.sRGB), scaffoldBackgroundColor: Color(alpha: 1.0000, red: 0.9961, green: 0.9686, blue: 1.0000, colorSpace: ColorSpace.sRGB), actionTextStyle: TextStyle(inherit: false, color: Color(alpha: 1.0000, red: 0.4039, green: 0.3137, blue: 0.6431, colorSpace: ColorSpace.sRGB), family: CupertinoSystemText, size: 17.0, letterSpacing: -0.4, decoration: TextDecoration.none), actionSmallTextStyle: TextStyle(inherit: false, color: Color(alpha: 1.0000, red: 0.4039, green: 0.3137, blue: 0.6431, colorSpace: ColorSpace.sRGB), family: CupertinoSystemText, size: 15.0, letterSpacing: -0.2, decoration: TextDecoration.none), navActionTextStyle: TextStyle(inherit: false, color: Color(alpha: 1.0000, red: 0.4039, green: 0.3137, blue: 0.6431, colorSpace: ColorSpace.sRGB), family: CupertinoSystemText, size: 17.0, letterSpacing: -0.4, decoration: TextDecoration.none))
                                                                                                                                                                   │                                     │    │                 └InheritedCupertinoTheme
                                                                                                                                                                   │                                     │    │                  └IconTheme(color: Color(alpha: 1.0000, red: 0.4039, green: 0.3137, blue: 0.6431, colorSpace: ColorSpace.sRGB))
                                                                                                                                                                   │                                     │    │                   └IconTheme(size: 18.0, fill: 0.0, weight: 400.0, grade: 0.0, opticalSize: 48.0, color: Color(alpha: 1.0000, red: 1.0000, green: 1.0000, blue: 1.0000, colorSpace: ColorSpace.sRGB), opacity: 1.0, applyTextScaling: false)
                                                                                                                                                                   │                                     │    │                    └DefaultSelectionStyle
                                                                                                                                                                   │                                     │    │                     └InkWell
                                                                                                                                                                   │                                     │    │                      └_InkResponseStateWidget(gestures: [tap], mouseCursor: ButtonStyleButton_MouseCursor, clipped to BoxShape.rectangle, dependencies: [InheritedCupertinoTheme, MediaQuery, _InheritedTheme, _LocalizationsScope-[GlobalKey#a7717]], state: _InkResponseState#ea6ee)
                                                                                                                                                                   │                                     │    │                       └_ParentInkResponseProvider
                                                                                                                                                                   │                                     │    │                        └Actions(dispatcher: null, actions: {ActivateIntent: CallbackAction<ActivateIntent>#01733, ButtonActivateIntent: CallbackAction<ButtonActivateIntent>#ccfbc}, state: _ActionsState#792b2)
                                                                                                                                                                   │                                     │    │                         └_ActionsScope
                                                                                                                                                                   │                                     │    │                          └Focus(dependencies: [_FocusInheritedScope], state: _FocusState#558b5)
                                                                                                                                                                   │                                     │    │                           └_FocusInheritedScope
                                                                                                                                                                   │                                     │    │                            └Semantics(container: false, properties: SemanticsProperties, renderObject: RenderSemanticsAnnotations#35106 relayoutBoundary=up11)
                                                                                                                                                                   │                                     │    │                             └MouseRegion(listeners: [enter, exit], cursor: SystemMouseCursor(basic), renderObject: RenderMouseRegion#0067a relayoutBoundary=up12)
                                                                                                                                                                   │                                     │    │                              └Builder(dependencies: [DefaultSelectionStyle])
                                                                                                                                                                   │                                     │    │                               └DefaultSelectionStyle
                                                                                                                                                                   │                                     │    │                                └Semantics(container: false, properties: SemanticsProperties, renderObject: RenderSemanticsAnnotations#f8506 relayoutBoundary=up13)
                                                                                                                                                                   │                                     │    │                                 └GestureDetector(startBehavior: start, dependencies: [MediaQuery, ScrollConfiguration])
                                                                                                                                                                   │                                     │    │                                  └RawGestureDetector(state: RawGestureDetectorState#26b86(gestures: [tap], excludeFromSemantics: true, behavior: opaque))
                                                                                                                                                                   │                                     │    │                                   └Listener(listeners: [down, panZoomStart], behavior: opaque, renderObject: RenderPointerListener#441d0 relayoutBoundary=up14)
                                                                                                                                                                   │                                     │    │                                    └Padding(padding: EdgeInsets(0.0, 12.0, 0.0, 12.0), dependencies: [Directionality], renderObject: RenderPadding#a7713 relayoutBoundary=up15)
                                                                                                                                                                   │                                     │    │                                     └Align(alignment: Alignment.center, widthFactor: 1.0, heightFactor: 1.0, dependencies: [Directionality], renderObject: RenderPositionedBox#e7ed8 relayoutBoundary=up16)
                                                                                                                                                                   │                                     │    │                                      └_ElevatedButtonWithIconChild(dependencies: [InheritedCupertinoTheme, MediaQuery, _InheritedTheme, _LocalizationsScope-[GlobalKey#a7717]])
                                                                                                                                                                   │                                     │    │                                       └Row(direction: horizontal, mainAxisAlignment: start, mainAxisSize: min, crossAxisAlignment: center, spacing: 8.0, dependencies: [Directionality], renderObject: RenderFlex#46592 relayoutBoundary=up17)
                                                                                                                                                                   │                                     │    │                                        ├Icon(IconData(U+0E4EA), dependencies: [Directionality, IconTheme])
                                                                                                                                                                   │                                     │    │                                        │└Semantics(container: false, properties: SemanticsProperties, renderObject: RenderSemanticsAnnotations#5397d relayoutBoundary=up18)
                                                                                                                                                                   │                                     │    │                                        │ └ExcludeSemantics(excluding: true, renderObject: RenderExcludeSemantics#68a75 relayoutBoundary=up19)
                                                                                                                                                                   │                                     │    │                                        │  └SizedBox(width: 18.0, height: 18.0, renderObject: RenderConstrainedBox#23d37 relayoutBoundary=up20)
                                                                                                                                                                   │                                     │    │                                        │   └Center(alignment: Alignment.center, dependencies: [Directionality], renderObject: RenderPositionedBox#9745a)
                                                                                                                                                                   │                                     │    │                                        │    └RichText(textDirection: ltr, softWrap: wrapping at box width, overflow: visible, maxLines: unlimited, text: "", dependencies: [_LocalizationsScope-[GlobalKey#a7717]], renderObject: RenderParagraph#c45ae relayoutBoundary=up1)
                                                                                                                                                                   │                                     │    │                                        └Flexible(flex: 1)
                                                                                                                                                                   │                                     │    │                                         └Text("PDF印刷", inherit: true, weight: 700, dependencies: [DefaultSelectionStyle, DefaultTextStyle, MediaQuery])
                                                                                                                                                                   │                                     │    │                                          └RichText(softWrap: wrapping at box width, maxLines: unlimited, text: "PDF印刷", dependencies: [Directionality, _LocalizationsScope-[GlobalKey#a7717]], renderObject: RenderParagraph#593ae relayoutBoundary=up18)
                                                                                                                                                                   │                                     │    ├SizedBox(width: 12.0, renderObject: RenderConstrainedBox#1ec76 relayoutBoundary=up5)
                                                                                                                                                                   │                                     │    └Expanded(flex: 1)
                                                                                                                                                                   │                                     │     └ElevatedButton-[<'viewer_export_image_button'>](style: ButtonStyle#321f4(textStyle: WidgetStatePropertyAll(null), backgroundColor: WidgetStateMapper<Color?>({WidgetState.disabled: null, WidgetState.any: Color(alpha: 1.0000, red: 0.0000, green: 0.5373, blue: 0.4824, colorSpace: ColorSpace.sRGB)}), foregroundColor: WidgetStateMapper<Color?>({WidgetState.disabled: null, WidgetState.any: Color(alpha: 1.0000, red: 1.0000, green: 1.0000, blue: 1.0000, colorSpace: ColorSpace.sRGB)}), overlayColor: WidgetStateMapper<Color?>({WidgetState.pressed: Color(alpha: 0.1020, red: 1.0000, green: 1.0000, blue: 1.0000, colorSpace: ColorSpace.sRGB), WidgetState.hovered: Color(alpha: 0.0784, red: 1.0000, green: 1.0000, blue: 1.0000, colorSpace: ColorSpace.sRGB), WidgetState.focused: Color(alpha: 0.1020, red: 1.0000, green: 1.0000, blue: 1.0000, colorSpace: ColorSpace.sRGB)}), elevation: WidgetStateMapper<double>({WidgetState.disabled: 0.0, WidgetState.pressed: 6.0, WidgetState.hovered: 2.0, WidgetState.focused: 2.0, WidgetState.any: 0.0}), padding: WidgetStatePropertyAll(EdgeInsets(0.0, 12.0, 0.0, 12.0)), shape: WidgetStatePropertyAll(RoundedRectangleBorder(BorderSide(width: 0.0, style: none), BorderRadius.circular(12.0))), mouseCursor: WidgetStateMapper<MouseCursor?>({WidgetState.disabled: null, WidgetState.any: null})), dependencies: [IconTheme, InheritedCupertinoTheme, MediaQuery, _InheritedTheme, _LocalizationsScope-[GlobalKey#a7717]], state: _ButtonStyleState#a8136)
                                                                                                                                                                   │                                     │      └Semantics(container: true, properties: SemanticsProperties, renderObject: RenderSemanticsAnnotations#846f6 relayoutBoundary=up5)
                                                                                                                                                                   │                                     │       └_InputPadding(renderObject: _RenderInputPadding#ebd11 relayoutBoundary=up6)
                                                                                                                                                                   │                                     │        └ConstrainedBox(BoxConstraints(64.0<=w<=Infinity, 40.0<=h<=Infinity), renderObject: RenderConstrainedBox#f94de relayoutBoundary=up7)
                                                                                                                                                                   │                                     │         └Material(type: button, color: Color(alpha: 1.0000, red: 0.0000, green: 0.5373, blue: 0.4824, colorSpace: ColorSpace.sRGB), shadowColor: Color(alpha: 1.0000, red: 0.0000, green: 0.0000, blue: 0.0000, colorSpace: ColorSpace.sRGB), surfaceTintColor: Color(alpha: 0.0000, red: 0.0000, green: 0.0000, blue: 0.0000, colorSpace: ColorSpace.sRGB), textStyle.debugLabel: ((englishLike labelLarge 2021).merge((blackMountainView labelLarge).apply)).copyWith, textStyle.inherit: false, textStyle.color: Color(alpha: 1.0000, red: 1.0000, green: 1.0000, blue: 1.0000, colorSpace: ColorSpace.sRGB), textStyle.family: Roboto, textStyle.size: 14.0, textStyle.weight: 500, textStyle.letterSpacing: 0.1, textStyle.baseline: alphabetic, textStyle.height: 1.4x, textStyle.leadingDistribution: even, textStyle.decoration: Color(alpha: 1.0000, red: 0.1137, green: 0.1059, blue: 0.1255, colorSpace: ColorSpace.sRGB) TextDecoration.none, shape: RoundedRectangleBorder(BorderSide(width: 0.0, style: none), BorderRadius.circular(12.0)), borderOnForeground: false, dependencies: [InheritedCupertinoTheme, _InheritedTheme, _LocalizationsScope-[GlobalKey#a7717]], state: _MaterialState#d2a94)
                                                                                                                                                                   │                                     │          └_MaterialInterior(duration: 200ms, shape: RoundedRectangleBorder(BorderSide(width: 0.0, style: none), BorderRadius.circular(12.0)), elevation: 0.0, color: Color(alpha: 1.0000, red: 0.0000, green: 0.5373, blue: 0.4824, colorSpace: ColorSpace.sRGB), shadowColor: Color(alpha: 1.0000, red: 0.0000, green: 0.0000, blue: 0.0000, colorSpace: ColorSpace.sRGB), dependencies: [Directionality, InheritedCupertinoTheme, _InheritedTheme, _LocalizationsScope-[GlobalKey#a7717]], state: _MaterialInteriorState#a44af(ticker inactive))
                                                                                                                                                                   │                                     │           └PhysicalShape(clipper: ShapeBorderClipper, elevation: 0.0, color: Color(alpha: 1.0000, red: 0.0000, green: 0.5373, blue: 0.4824, colorSpace: ColorSpace.sRGB), shadowColor: Color(alpha: 1.0000, red: 0.0000, green: 0.0000, blue: 0.0000, colorSpace: ColorSpace.sRGB), renderObject: RenderPhysicalShape#a9f0e relayoutBoundary=up8)
                                                                                                                                                                   │                                     │            └_ShapeBorderPaint(dependencies: [Directionality])
                                                                                                                                                                   │                                     │             └CustomPaint(renderObject: RenderCustomPaint#74997 relayoutBoundary=up9)
                                                                                                                                                                   │                                     │              └NotificationListener<LayoutChangedNotification>
                                                                                                                                                                   │                                     │               └_InkFeatures-[GlobalKey#13538 ink renderer](renderObject: _RenderInkFeatures#0fbbf relayoutBoundary=up10)
                                                                                                                                                                   │                                     │                └AnimatedDefaultTextStyle(duration: 200ms, debugLabel: ((englishLike labelLarge 2021).merge((blackMountainView labelLarge).apply)).copyWith, inherit: false, color: Color(alpha: 1.0000, red: 1.0000, green: 1.0000, blue: 1.0000, colorSpace: ColorSpace.sRGB), family: Roboto, size: 14.0, weight: 500, letterSpacing: 0.1, baseline: alphabetic, height: 1.4x, leadingDistribution: even, decoration: Color(alpha: 1.0000, red: 0.1137, green: 0.1059, blue: 0.1255, colorSpace: ColorSpace.sRGB) TextDecoration.none, softWrap: wrapping at box width, overflow: clip, state: _AnimatedDefaultTextStyleState#5018e(ticker inactive))
                                                                                                                                                                   │                                     │                 └DefaultTextStyle(debugLabel: ((englishLike labelLarge 2021).merge((blackMountainView labelLarge).apply)).copyWith, inherit: false, color: Color(alpha: 1.0000, red: 1.0000, green: 1.0000, blue: 1.0000, colorSpace: ColorSpace.sRGB), family: Roboto, size: 14.0, weight: 500, letterSpacing: 0.1, baseline: alphabetic, height: 1.4x, leadingDistribution: even, decoration: Color(alpha: 1.0000, red: 0.1137, green: 0.1059, blue: 0.1255, colorSpace: ColorSpace.sRGB) TextDecoration.none, softWrap: wrapping at box width, overflow: clip)
                                                                                                                                                                   │                                     │                  └AnimatedTheme(duration: 200ms, state: _AnimatedThemeState#b9808(ticker inactive, ThemeDataTween(ThemeData#27df6 → ThemeData#27df6)))
                                                                                                                                                                   │                                     │                   └Theme(ThemeData#27df6, dependencies: [DefaultSelectionStyle, InheritedCupertinoTheme])
                                                                                                                                                                   │                                     │                    └_InheritedTheme
                                                                                                                                                                   │                                     │                     └CupertinoTheme(brightness: light, primaryColor: Color(alpha: 1.0000, red: 0.4039, green: 0.3137, blue: 0.6431, colorSpace: ColorSpace.sRGB), scaffoldBackgroundColor: Color(alpha: 1.0000, red: 0.9961, green: 0.9686, blue: 1.0000, colorSpace: ColorSpace.sRGB), actionTextStyle: TextStyle(inherit: false, color: Color(alpha: 1.0000, red: 0.4039, green: 0.3137, blue: 0.6431, colorSpace: ColorSpace.sRGB), family: CupertinoSystemText, size: 17.0, letterSpacing: -0.4, decoration: TextDecoration.none), actionSmallTextStyle: TextStyle(inherit: false, color: Color(alpha: 1.0000, red: 0.4039, green: 0.3137, blue: 0.6431, colorSpace: ColorSpace.sRGB), family: CupertinoSystemText, size: 15.0, letterSpacing: -0.2, decoration: TextDecoration.none), navActionTextStyle: TextStyle(inherit: false, color: Color(alpha: 1.0000, red: 0.4039, green: 0.3137, blue: 0.6431, colorSpace: ColorSpace.sRGB), family: CupertinoSystemText, size: 17.0, letterSpacing: -0.4, decoration: TextDecoration.none))
                                                                                                                                                                   │                                     │                      └InheritedCupertinoTheme
                                                                                                                                                                   │                                     │                       └IconTheme(color: Color(alpha: 1.0000, red: 0.4039, green: 0.3137, blue: 0.6431, colorSpace: ColorSpace.sRGB))
                                                                                                                                                                   │                                     │                        └IconTheme(size: 18.0, fill: 0.0, weight: 400.0, grade: 0.0, opticalSize: 48.0, color: Color(alpha: 1.0000, red: 1.0000, green: 1.0000, blue: 1.0000, colorSpace: ColorSpace.sRGB), opacity: 1.0, applyTextScaling: false)
                                                                                                                                                                   │                                     │                         └DefaultSelectionStyle
                                                                                                                                                                   │                                     │                          └InkWell
                                                                                                                                                                   │                                     │                           └_InkResponseStateWidget(gestures: [tap], mouseCursor: ButtonStyleButton_MouseCursor, clipped to BoxShape.rectangle, dependencies: [InheritedCupertinoTheme, MediaQuery, _InheritedTheme, _LocalizationsScope-[GlobalKey#a7717]], state: _InkResponseState#51958)
                                                                                                                                                                   │                                     │                            └_ParentInkResponseProvider
                                                                                                                                                                   │                                     │                             └Actions(dispatcher: null, actions: {ActivateIntent: CallbackAction<ActivateIntent>#fce61, ButtonActivateIntent: CallbackAction<ButtonActivateIntent>#f0b68}, state: _ActionsState#845d5)
                                                                                                                                                                   │                                     │                              └_ActionsScope
                                                                                                                                                                   │                                     │                               └Focus(dependencies: [_FocusInheritedScope], state: _FocusState#5bbe0)
                                                                                                                                                                   │                                     │                                └_FocusInheritedScope
                                                                                                                                                                   │                                     │                                 └Semantics(container: false, properties: SemanticsProperties, renderObject: RenderSemanticsAnnotations#127c7 relayoutBoundary=up11)
                                                                                                                                                                   │                                     │                                  └MouseRegion(listeners: [enter, exit], cursor: SystemMouseCursor(basic), renderObject: RenderMouseRegion#e25b7 relayoutBoundary=up12)
                                                                                                                                                                   │                                     │                                   └Builder(dependencies: [DefaultSelectionStyle])
                                                                                                                                                                   │                                     │                                    └DefaultSelectionStyle
                                                                                                                                                                   │                                     │                                     └Semantics(container: false, properties: SemanticsProperties, renderObject: RenderSemanticsAnnotations#42e1b relayoutBoundary=up13)
                                                                                                                                                                   │                                     │                                      └GestureDetector(startBehavior: start, dependencies: [MediaQuery, ScrollConfiguration])
                                                                                                                                                                   │                                     │                                       └RawGestureDetector(state: RawGestureDetectorState#b8146(gestures: [tap], excludeFromSemantics: true, behavior: opaque))
                                                                                                                                                                   │                                     │                                        └Listener(listeners: [down, panZoomStart], behavior: opaque, renderObject: RenderPointerListener#fa9f9 relayoutBoundary=up14)
                                                                                                                                                                   │                                     │                                         └Padding(padding: EdgeInsets(0.0, 12.0, 0.0, 12.0), dependencies: [Directionality], renderObject: RenderPadding#fe846 relayoutBoundary=up15)
                                                                                                                                                                   │                                     │                                          └Align(alignment: Alignment.center, widthFactor: 1.0, heightFactor: 1.0, dependencies: [Directionality], renderObject: RenderPositionedBox#c3731 relayoutBoundary=up16)
                                                                                                                                                                   │                                     │                                           └_ElevatedButtonWithIconChild(dependencies: [InheritedCupertinoTheme, MediaQuery, _InheritedTheme, _LocalizationsScope-[GlobalKey#a7717]])
                                                                                                                                                                   │                                     │                                            └Row(direction: horizontal, mainAxisAlignment: start, mainAxisSize: min, crossAxisAlignment: center, spacing: 8.0, dependencies: [Directionality], renderObject: RenderFlex#f7b43 relayoutBoundary=up17)
                                                                                                                                                                   │                                     │                                             ├Icon(IconData(U+0E593), dependencies: [Directionality, IconTheme])
                                                                                                                                                                   │                                     │                                             │└Semantics(container: false, properties: SemanticsProperties, renderObject: RenderSemanticsAnnotations#deca3 relayoutBoundary=up18)
                                                                                                                                                                   │                                     │                                             │ └ExcludeSemantics(excluding: true, renderObject: RenderExcludeSemantics#5cdce relayoutBoundary=up19)
                                                                                                                                                                   │                                     │                                             │  └SizedBox(width: 18.0, height: 18.0, renderObject: RenderConstrainedBox#432a8 relayoutBoundary=up20)
                                                                                                                                                                   │                                     │                                             │   └Center(alignment: Alignment.center, dependencies: [Directionality], renderObject: RenderPositionedBox#7f8cf)
                                                                                                                                                                   │                                     │                                             │    └RichText(textDirection: ltr, softWrap: wrapping at box width, overflow: visible, maxLines: unlimited, text: "", dependencies: [_LocalizationsScope-[GlobalKey#a7717]], renderObject: RenderParagraph#ff597 relayoutBoundary=up1)
                                                                                                                                                                   │                                     │                                             └Flexible(flex: 1)
                                                                                                                                                                   │                                     │                                              └Text("画像シェア", inherit: true, weight: 700, dependencies: [DefaultSelectionStyle, DefaultTextStyle, MediaQuery])
                                                                                                                                                                   │                                     │                                               └RichText(softWrap: wrapping at box width, maxLines: unlimited, text: "画像シェア", dependencies: [Directionality, _LocalizationsScope-[GlobalKey#a7717]], renderObject: RenderParagraph#37f3d relayoutBoundary=up18)
                                                                                                                                                                   │                                     └Expanded(flex: 1)
                                                                                                                                                                   │                                      └ListView(scrollDirection: vertical, ClampingScrollPhysics, shrinkWrap: shrink-wrapping, padding: EdgeInsets.all(8.0), dependencies: [InheritedCupertinoTheme, PrimaryScrollController, ScrollConfiguration, _InheritedTheme, _LocalizationsScope-[GlobalKey#a7717]])
                                                                                                                                                                   │                                       └PrimaryScrollController(no controller)
                                                                                                                                                                   │                                        └Scrollable(axisDirection: down, physics: ClampingScrollPhysics, restorationId: null, dependencies: [InheritedCupertinoTheme, MediaQuery, ScrollConfiguration, UnmanagedRestorationScope, _InheritedTheme, _LocalizationsScope-[GlobalKey#a7717]], state: ScrollableState#aa5ba(position: ScrollPositionWithSingleContext#695ac(offset: 0.0, range: 0.0..0.0, viewport: 3823.0, ScrollableState, ClampingScrollPhysics -> ClampingScrollPhysics -> RangeMaintainingScrollPhysics, IdleScrollActivity#702d8, ScrollDirection.idle), effective physics: ClampingScrollPhysics -> ClampingScrollPhysics -> RangeMaintainingScrollPhysics))
                                                                                                                                                                   │                                         └StretchingOverscrollIndicator(axisDirection: down, state: _StretchingOverscrollIndicatorState#e1f26)
                                                                                                                                                                   │                                          └NotificationListener<ScrollNotification>
                                                                                                                                                                   │                                           └AnimatedBuilder(listenable: _StretchController(), dependencies: [MediaQuery], state: _AnimatedState#0b822)
                                                                                                                                                                   │                                            └ClipRect(renderObject: RenderClipRect#ece2d relayoutBoundary=up1)
                                                                                                                                                                   │                                             └StretchEffect(dependencies: [Directionality])
                                                                                                                                                                   │                                              └Transform(dependencies: [Directionality], renderObject: RenderTransform#21687 relayoutBoundary=up2)
                                                                                                                                                                   │                                               └NotificationListener<ScrollMetricsNotification>
                                                                                                                                                                   │                                                └_ScrollSemantics-[GlobalKey#9ca3d](renderObject: _RenderScrollSemantics#0c28d relayoutBoundary=up3)
                                                                                                                                                                   │                                                 └_ScrollableScope
                                                                                                                                                                   │                                                  └Listener(listeners: [signal], behavior: deferToChild, renderObject: RenderPointerListener#135ae relayoutBoundary=up4)
                                                                                                                                                                   │                                                   └RawGestureDetector-[LabeledGlobalKey<RawGestureDetectorState>#12f26](state: RawGestureDetectorState#f9875(gestures: <none>, behavior: opaque))
                                                                                                                                                                   │                                                    └_GestureSemantics(renderObject: RenderSemanticsGestureHandler#89af4 relayoutBoundary=up5)
                                                                                                                                                                   │                                                     └Listener(listeners: [down, panZoomStart], behavior: opaque, renderObject: RenderPointerListener#20615 relayoutBoundary=up6)
                                                                                                                                                                   │                                                      └Semantics(container: false, properties: SemanticsProperties, renderObject: RenderSemanticsAnnotations#5b924 relayoutBoundary=up7)
                                                                                                                                                                   │                                                       └IgnorePointer-[GlobalKey#cde84](ignoring: false, renderObject: RenderIgnorePointer#1b926 relayoutBoundary=up8)
                                                                                                                                                                   │                                                        └ShrinkWrappingViewport(axisDirection: down, offset: ScrollPositionWithSingleContext#695ac(offset: 0.0, range: 0.0..0.0, viewport: 3823.0, ScrollableState, ClampingScrollPhysics -> ClampingScrollPhysics -> RangeMaintainingScrollPhysics, IdleScrollActivity#702d8, ScrollDirection.idle), dependencies: [Directionality], renderObject: RenderShrinkWrappingViewport#12915 relayoutBoundary=up9)
                                                                                                                                                                   │                                                         └SliverPadding(padding: EdgeInsets.all(8.0), dependencies: [Directionality], renderObject: RenderSliverPadding#90e06 relayoutBoundary=up10)
                                                                                                                                                                   │                                                          └SliverList(delegate: SliverChildBuilderDelegate#a7b29(estimated child count: 4), dependencies: [MediaQuery], renderObject: RenderSliverList#98963 relayoutBoundary=up11)
                                                                                                                                                                   │                                                           ├KeyedSubtree-[Key <[<'viewer_match_card_団体戦A'>]>]
                                                                                                                                                                   │                                                           │└AutomaticKeepAlive(state: _AutomaticKeepAliveState#2bb55(handles: no notifications ever received))
                                                                                                                                                                   │                                                           │ └KeepAlive(keepAlive: false)
                                                                                                                                                                   │                                                           │  └NotificationListener<KeepAliveNotification>
                                                                                                                                                                   │                                                           │   └_SelectionKeepAlive(state: _SelectionKeepAliveState#3dadf)
                                                                                                                                                                   │                                                           │    └IndexedSemantics(index: 0, renderObject: RenderIndexedSemantics#7f724 relayoutBoundary=up12)
                                                                                                                                                                   │                                                           │     └RepaintBoundary(renderObject: RenderRepaintBoundary#b8d35 relayoutBoundary=up13)
                                                                                                                                                                   │                                                           │      └InkWell-[<'viewer_match_card_団体戦A'>]
                                                                                                                                                                   │                                                           │       └_InkResponseStateWidget(gestures: [tap], mouseCursor: null, clipped to BoxShape.rectangle, dependencies: [InheritedCupertinoTheme, MediaQuery, _InheritedTheme, _LocalizationsScope-[GlobalKey#a7717]], state: _InkResponseState#9f52c)
                                                                                                                                                                   │                                                           │        └_ParentInkResponseProvider
                                                                                                                                                                   │                                                           │         └Actions(dispatcher: null, actions: {ActivateIntent: CallbackAction<ActivateIntent>#a5f93, ButtonActivateIntent: CallbackAction<ButtonActivateIntent>#80995}, state: _ActionsState#e6070)
                                                                                                                                                                   │                                                           │          └_ActionsScope
                                                                                                                                                                   │                                                           │           └Focus(dependencies: [_FocusInheritedScope], state: _FocusState#d5caa)
                                                                                                                                                                   │                                                           │            └_FocusInheritedScope
                                                                                                                                                                   │                                                           │             └Semantics(container: false, properties: SemanticsProperties, renderObject: RenderSemanticsAnnotations#d36e3 relayoutBoundary=up14)
                                                                                                                                                                   │                                                           │              └MouseRegion(listeners: [enter, exit], cursor: SystemMouseCursor(basic), renderObject: RenderMouseRegion#95981 relayoutBoundary=up15)
                                                                                                                                                                   │                                                           │               └Builder(dependencies: [DefaultSelectionStyle])
                                                                                                                                                                   │                                                           │                └DefaultSelectionStyle
                                                                                                                                                                   │                                                           │                 └Semantics(container: false, properties: SemanticsProperties, renderObject: RenderSemanticsAnnotations#eda35 relayoutBoundary=up16)
                                                                                                                                                                   │                                                           │                  └GestureDetector(startBehavior: start, dependencies: [MediaQuery, ScrollConfiguration])
                                                                                                                                                                   │                                                           │                   └RawGestureDetector(state: RawGestureDetectorState#60cf4(gestures: [tap], excludeFromSemantics: true, behavior: opaque))
                                                                                                                                                                   │                                                           │                    └Listener(listeners: [down, panZoomStart], behavior: opaque, renderObject: RenderPointerListener#d7a68 relayoutBoundary=up17)
                                                                                                                                                                   │                                                           │                     └Card(dependencies: [InheritedCupertinoTheme, _InheritedTheme, _LocalizationsScope-[GlobalKey#a7717]])
                                                                                                                                                                   │                                                           │                      └Semantics(container: true, properties: SemanticsProperties, renderObject: RenderSemanticsAnnotations#4940d relayoutBoundary=up18)
                                                                                                                                                                   │                                                           │                       └Padding(padding: EdgeInsets(4.0, 8.0, 4.0, 8.0), dependencies: [Directionality], renderObject: RenderPadding#5fabd relayoutBoundary=up19)
                                                                                                                                                                   │                                                           │                        └Material(type: card, color: Color(alpha: 1.0000, red: 1.0000, green: 1.0000, blue: 1.0000, colorSpace: ColorSpace.sRGB), shadowColor: Color(alpha: 1.0000, red: 0.0000, green: 0.0000, blue: 0.0000, colorSpace: ColorSpace.sRGB), surfaceTintColor: Color(alpha: 0.0000, red: 0.0000, green: 0.0000, blue: 0.0000, colorSpace: ColorSpace.sRGB), shape: RoundedRectangleBorder(BorderSide(color: Color(alpha: 1.0000, red: 0.8784, green: 0.8784, blue: 0.8784, colorSpace: ColorSpace.sRGB)), BorderRadius.circular(12.0)), dependencies: [InheritedCupertinoTheme, _InheritedTheme, _LocalizationsScope-[GlobalKey#a7717]], state: _MaterialState#9695f)
                                                                                                                                                                   │                                                           │                         └_MaterialInterior(duration: 200ms, shape: RoundedRectangleBorder(BorderSide(color: Color(alpha: 1.0000, red: 0.8784, green: 0.8784, blue: 0.8784, colorSpace: ColorSpace.sRGB)), BorderRadius.circular(12.0)), elevation: 0.0, color: Color(alpha: 1.0000, red: 1.0000, green: 1.0000, blue: 1.0000, colorSpace: ColorSpace.sRGB), shadowColor: Color(alpha: 1.0000, red: 0.0000, green: 0.0000, blue: 0.0000, colorSpace: ColorSpace.sRGB), dependencies: [Directionality, InheritedCupertinoTheme, _InheritedTheme, _LocalizationsScope-[GlobalKey#a7717]], state: _MaterialInteriorState#4a5f2(ticker inactive))
                                                                                                                                                                   │                                                           │                          └PhysicalShape(clipper: ShapeBorderClipper, elevation: 0.0, color: Color(alpha: 1.0000, red: 1.0000, green: 1.0000, blue: 1.0000, colorSpace: ColorSpace.sRGB), shadowColor: Color(alpha: 1.0000, red: 0.0000, green: 0.0000, blue: 0.0000, colorSpace: ColorSpace.sRGB), renderObject: RenderPhysicalShape#2b368 relayoutBoundary=up20)
                                                                                                                                                                   │                                                           │                           └_ShapeBorderPaint(dependencies: [Directionality])
                                                                                                                                                                   │                                                           │                            └CustomPaint(renderObject: RenderCustomPaint#de5ff relayoutBoundary=up21)
                                                                                                                                                                   │                                                           │                             └NotificationListener<LayoutChangedNotification>
                                                                                                                                                                   │                                                           │                              └_InkFeatures-[GlobalKey#33d4c ink renderer](renderObject: _RenderInkFeatures#2f244 relayoutBoundary=up22)
                                                                                                                                                                   │                                                           │                               └AnimatedDefaultTextStyle(duration: 200ms, debugLabel: (englishLike bodyMedium 2021).merge((blackMountainView bodyMedium).apply), inherit: false, color: Color(alpha: 1.0000, red: 0.1137, green: 0.1059, blue: 0.1255, colorSpace: ColorSpace.sRGB), family: Roboto, size: 14.0, weight: 400, letterSpacing: 0.3, baseline: alphabetic, height: 1.4x, leadingDistribution: even, decoration: Color(alpha: 1.0000, red: 0.1137, green: 0.1059, blue: 0.1255, colorSpace: ColorSpace.sRGB) TextDecoration.none, softWrap: wrapping at box width, overflow: clip, state: _AnimatedDefaultTextStyleState#4b996(ticker inactive))
                                                                                                                                                                   │                                                           │                                └DefaultTextStyle(debugLabel: (englishLike bodyMedium 2021).merge((blackMountainView bodyMedium).apply), inherit: false, color: Color(alpha: 1.0000, red: 0.1137, green: 0.1059, blue: 0.1255, colorSpace: ColorSpace.sRGB), family: Roboto, size: 14.0, weight: 400, letterSpacing: 0.3, baseline: alphabetic, height: 1.4x, leadingDistribution: even, decoration: Color(alpha: 1.0000, red: 0.1137, green: 0.1059, blue: 0.1255, colorSpace: ColorSpace.sRGB) TextDecoration.none, softWrap: wrapping at box width, overflow: clip)
                                                                                                                                                                   │                                                           │                                 └Semantics(container: false, properties: SemanticsProperties, renderObject: RenderSemanticsAnnotations#57495 relayoutBoundary=up23)
                                                                                                                                                                   │                                                           │                                  └Stack(alignment: AlignmentDirectional.topStart, fit: loose, dependencies: [Directionality], renderObject: RenderStack#5ed7d relayoutBoundary=up24)
                                                                                                                                                                   │                                                           │                                   └Column(direction: vertical, mainAxisAlignment: start, crossAxisAlignment: center, renderObject: RenderFlex#3c14a relayoutBoundary=up25)
                                                                                                                                                                   │                                                           │                                    ├Container(padding: EdgeInsets.all(12.0), bg: Color(alpha: 1.0000, red: 0.9608, green: 0.9608, blue: 0.9608, colorSpace: ColorSpace.sRGB), constraints: BoxConstraints(w=Infinity, 0.0<=h<=Infinity))
                                                                                                                                                                   │                                                           │                                    │└ConstrainedBox(BoxConstraints(w=Infinity, 0.0<=h<=Infinity), renderObject: RenderConstrainedBox#11c81 relayoutBoundary=up26)
                                                                                                                                                                   │                                                           │                                    │ └ColoredBox(color: Color(alpha: 1.0000, red: 0.9608, green: 0.9608, blue: 0.9608, colorSpace: ColorSpace.sRGB), renderObject: _RenderColoredBox#44c72 relayoutBoundary=up27)
                                                                                                                                                                   │                                                           │                                    │  └Padding(padding: EdgeInsets.all(12.0), dependencies: [Directionality], renderObject: RenderPadding#90f4e relayoutBoundary=up28)
                                                                                                                                                                   │                                                           │                                    │   └Text("【団体戦】 青龍道場 vs 白虎剣友会", inherit: true, color: Color(alpha: 1.0000, red: 0.2588, green: 0.2588, blue: 0.2588, colorSpace: ColorSpace.sRGB), weight: 700, dependencies: [DefaultSelectionStyle, DefaultTextStyle, MediaQuery])
                                                                                                                                                                   │                                                           │                                    │    └RichText(softWrap: wrapping at box width, maxLines: unlimited, text: "【団体戦】 青龍道場 vs 白虎剣友会", dependencies: [Directionality, _LocalizationsScope-[GlobalKey#a7717]], renderObject: RenderParagraph#e4656 relayoutBoundary=up29)
                                                                                                                                                                   │                                                           │                                    └Table(dependencies: [Directionality, MediaQuery, _LocalizationsScope-[GlobalKey#a7717]], renderObject: RenderTable#c6779 relayoutBoundary=up26)
                                                                                                                                                                   │                                                           │                                     ├SizedBox.shrink(renderObject: RenderConstrainedBox#77317 relayoutBoundary=up27)
                                                                                                                                                                   │                                                           │                                     ├Container(bg: Color(alpha: 0.0000, red: 0.0000, green: 0.0000, blue: 0.0000, colorSpace: ColorSpace.sRGB))
                                                                                                                                                                   │                                                           │                                     │└ColoredBox(color: Color(alpha: 0.0000, red: 0.0000, green: 0.0000, blue: 0.0000, colorSpace: ColorSpace.sRGB), renderObject: _RenderColoredBox#834d9 relayoutBoundary=up27)
                                                                                                                                                                   │                                                           │                                     │ └Center(alignment: Alignment.center, dependencies: [Directionality], renderObject: RenderPositionedBox#d733e relayoutBoundary=up28)
                                                                                                                                                                   │                                                           │                                     │  └Padding(padding: EdgeInsets.all(8.0), dependencies: [Directionality], renderObject: RenderPadding#6633f relayoutBoundary=up29)
                                                                                                                                                                   │                                                           │                                     │   └Text("先鋒", inherit: true, color: Color(alpha: 1.0000, red: 0.2588, green: 0.2588, blue: 0.2588, colorSpace: ColorSpace.sRGB), size: 10.0, weight: 700, dependencies: [DefaultSelectionStyle, DefaultTextStyle, MediaQuery])
                                                                                                                                                                   │                                                           │                                     │    └RichText(softWrap: wrapping at box width, maxLines: unlimited, text: "先鋒", dependencies: [Directionality, _LocalizationsScope-[GlobalKey#a7717]], renderObject: RenderParagraph#b3c19 relayoutBoundary=up30)
                                                                                                                                                                   │                                                           │                                     ├Container(bg: Color(alpha: 0.0000, red: 0.0000, green: 0.0000, blue: 0.0000, colorSpace: ColorSpace.sRGB))
                                                                                                                                                                   │                                                           │                                     │└ColoredBox(color: Color(alpha: 0.0000, red: 0.0000, green: 0.0000, blue: 0.0000, colorSpace: ColorSpace.sRGB), renderObject: _RenderColoredBox#e387c relayoutBoundary=up27)
                                                                                                                                                                   │                                                           │                                     │ └Center(alignment: Alignment.center, dependencies: [Directionality], renderObject: RenderPositionedBox#d94ce relayoutBoundary=up28)
                                                                                                                                                                   │                                                           │                                     │  └Padding(padding: EdgeInsets.all(8.0), dependencies: [Directionality], renderObject: RenderPadding#518e5 relayoutBoundary=up29)
                                                                                                                                                                   │                                                           │                                     │   └Text("次鋒", inherit: true, color: Color(alpha: 1.0000, red: 0.2588, green: 0.2588, blue: 0.2588, colorSpace: ColorSpace.sRGB), size: 10.0, weight: 700, dependencies: [DefaultSelectionStyle, DefaultTextStyle, MediaQuery])
                                                                                                                                                                   │                                                           │                                     │    └RichText(softWrap: wrapping at box width, maxLines: unlimited, text: "次鋒", dependencies: [Directionality, _LocalizationsScope-[GlobalKey#a7717]], renderObject: RenderParagraph#c28bc relayoutBoundary=up30)
                                                                                                                                                                   │                                                           │                                     ├Center(alignment: Alignment.center, dependencies: [Directionality], renderObject: RenderPositionedBox#dbcae relayoutBoundary=up27)
                                                                                                                                                                   │                                                           │                                     │└Padding(padding: EdgeInsets.all(8.0), dependencies: [Directionality], renderObject: RenderPadding#9f4ff relayoutBoundary=up28)
                                                                                                                                                                   │                                                           │                                     │ └Text("本/勝", inherit: true, color: Color(alpha: 1.0000, red: 0.3804, green: 0.3804, blue: 0.3804, colorSpace: ColorSpace.sRGB), size: 10.0, dependencies: [DefaultSelectionStyle, DefaultTextStyle, MediaQuery])
                                                                                                                                                                   │                                                           │                                     │  └RichText(softWrap: wrapping at box width, maxLines: unlimited, text: "本/勝", dependencies: [Directionality, _LocalizationsScope-[GlobalKey#a7717]], renderObject: RenderParagraph#ec140 relayoutBoundary=up29)
                                                                                                                                                                   │                                                           │                                     ├Center(alignment: Alignment.center, dependencies: [Directionality], renderObject: RenderPositionedBox#56167 relayoutBoundary=up27)
                                                                                                                                                                   │                                                           │                                     │└Padding(padding: EdgeInsets.all(4.0), dependencies: [Directionality], renderObject: RenderPadding#cf29d relayoutBoundary=up28)
                                                                                                                                                                   │                                                           │                                     │ └Text("青龍道場", inherit: true, color: Color(alpha: 1.0000, red: 0.8275, green: 0.1843, blue: 0.1843, colorSpace: ColorSpace.sRGB), size: 11.0, weight: 700, textAlign: center, dependencies: [DefaultSelectionStyle, DefaultTextStyle, MediaQuery])
                                                                                                                                                                   │                                                           │                                     │  └RichText(textAlign: center, softWrap: wrapping at box width, maxLines: unlimited, text: "青龍道場", dependencies: [Directionality, _LocalizationsScope-[GlobalKey#a7717]], renderObject: RenderParagraph#348bf relayoutBoundary=up29)
                                                                                                                                                                   │                                                           │                                     ├Container(bg: Color(alpha: 0.0000, red: 0.0000, green: 0.0000, blue: 0.0000, colorSpace: ColorSpace.sRGB))
                                                                                                                                                                   │                                                           │                                     │└ColoredBox(color: Color(alpha: 0.0000, red: 0.0000, green: 0.0000, blue: 0.0000, colorSpace: ColorSpace.sRGB), renderObject: _RenderColoredBox#7743c relayoutBoundary=up27)
                                                                                                                                                                   │                                                           │                                     │ └Center(alignment: Alignment.center, dependencies: [Directionality], renderObject: RenderPositionedBox#e8a5c relayoutBoundary=up28)
                                                                                                                                                                   │                                                           │                                     │  └Padding(padding: EdgeInsets(4.0, 12.0, 4.0, 12.0), dependencies: [Directionality], renderObject: RenderPadding#5adbf relayoutBoundary=up29)
                                                                                                                                                                   │                                                           │                                     │   └Column(direction: vertical, mainAxisAlignment: start, mainAxisSize: min, crossAxisAlignment: center, renderObject: RenderFlex#aec76 relayoutBoundary=up30)
                                                                                                                                                                   │                                                           │                                     │    ├Text("先", inherit: true, color: Color(alpha: 1.0000, red: 0.2588, green: 0.2588, blue: 0.2588, colorSpace: ColorSpace.sRGB), size: 11.0, weight: 700, height: 1.1x, dependencies: [DefaultSelectionStyle, DefaultTextStyle, MediaQuery])
                                                                                                                                                                   │                                                           │                                     │    │└RichText(softWrap: wrapping at box width, maxLines: unlimited, text: "先", dependencies: [Directionality, _LocalizationsScope-[GlobalKey#a7717]], renderObject: RenderParagraph#55683 relayoutBoundary=up31)
                                                                                                                                                                   │                                                           │                                     │    └Text("鋒", inherit: true, color: Color(alpha: 1.0000, red: 0.2588, green: 0.2588, blue: 0.2588, colorSpace: ColorSpace.sRGB), size: 11.0, weight: 700, height: 1.1x, dependencies: [DefaultSelectionStyle, DefaultTextStyle, MediaQuery])
                                                                                                                                                                   │                                                           │                                     │     └RichText(softWrap: wrapping at box width, maxLines: unlimited, text: "鋒", dependencies: [Directionality, _LocalizationsScope-[GlobalKey#a7717]], renderObject: RenderParagraph#5babd relayoutBoundary=up31)
                                                                                                                                                                   │                                                           │                                     ├Container(bg: Color(alpha: 0.0000, red: 0.0000, green: 0.0000, blue: 0.0000, colorSpace: ColorSpace.sRGB))
                                                                                                                                                                   │                                                           │                                     │└ColoredBox(color: Color(alpha: 0.0000, red: 0.0000, green: 0.0000, blue: 0.0000, colorSpace: ColorSpace.sRGB), renderObject: _RenderColoredBox#8ea80 relayoutBoundary=up27)
                                                                                                                                                                   │                                                           │                                     │ └Center(alignment: Alignment.center, dependencies: [Directionality], renderObject: RenderPositionedBox#f9cfb relayoutBoundary=up28)
                                                                                                                                                                   │                                                           │                                     │  └Padding(padding: EdgeInsets(4.0, 12.0, 4.0, 12.0), dependencies: [Directionality], renderObject: RenderPadding#81455 relayoutBoundary=up29)
                                                                                                                                                                   │                                                           │                                     │   └Column(direction: vertical, mainAxisAlignment: start, mainAxisSize: min, crossAxisAlignment: center, renderObject: RenderFlex#aa73d relayoutBoundary=up30)
                                                                                                                                                                   │                                                           │                                     │    ├Text("次", inherit: true, color: Color(alpha: 1.0000, red: 0.2588, green: 0.2588, blue: 0.2588, colorSpace: ColorSpace.sRGB), size: 11.0, weight: 700, height: 1.1x, dependencies: [DefaultSelectionStyle, DefaultTextStyle, MediaQuery])
                                                                                                                                                                   │                                                           │                                     │    │└RichText(softWrap: wrapping at box width, maxLines: unlimited, text: "次", dependencies: [Directionality, _LocalizationsScope-[GlobalKey#a7717]], renderObject: RenderParagraph#79429 relayoutBoundary=up31)
                                                                                                                                                                   │                                                           │                                     │    └Text("鋒", inherit: true, color: Color(alpha: 1.0000, red: 0.2588, green: 0.2588, blue: 0.2588, colorSpace: ColorSpace.sRGB), size: 11.0, weight: 700, height: 1.1x, dependencies: [DefaultSelectionStyle, DefaultTextStyle, MediaQuery])
                                                                                                                                                                   │                                                           │                                     │     └RichText(softWrap: wrapping at box width, maxLines: unlimited, text: "鋒", dependencies: [Directionality, _LocalizationsScope-[GlobalKey#a7717]], renderObject: RenderParagraph#9d662 relayoutBoundary=up31)
                                                                                                                                                                   │                                                           │                                     ├Center(alignment: Alignment.center, dependencies: [Directionality], renderObject: RenderPositionedBox#f23b9 relayoutBoundary=up27)
                                                                                                                                                                   │                                                           │                                     │└Text("1\n--\n1", inherit: true, color: Color(alpha: 1.0000, red: 0.2588, green: 0.2588, blue: 0.2588, colorSpace: ColorSpace.sRGB), size: 12.0, weight: 700, textAlign: center, dependencies: [DefaultSelectionStyle, DefaultTextStyle, MediaQuery])
                                                                                                                                                                   │                                                           │                                     │ └RichText(textAlign: center, softWrap: wrapping at box width, maxLines: unlimited, text: "1\n--\n1", dependencies: [Directionality, _LocalizationsScope-[GlobalKey#a7717]], renderObject: RenderParagraph#8de37 relayoutBoundary=up28)
                                                                                                                                                                   │                                                           │                                     ├SizedBox.shrink(renderObject: RenderConstrainedBox#f1315 relayoutBoundary=up27)
                                                                                                                                                                   │                                                           │                                     ├Container(Alignment.center, constraints: BoxConstraints(0.0<=w<=Infinity, h=70.0))
                                                                                                                                                                   │                                                           │                                     │└ConstrainedBox(BoxConstraints(0.0<=w<=Infinity, h=70.0), renderObject: RenderConstrainedBox#9da7d relayoutBoundary=up27)
                                                                                                                                                                   │                                                           │                                     │ └Align(alignment: Alignment.center, dependencies: [Directionality], renderObject: RenderPositionedBox#e5386)
                                                                                                                                                                   │                                                           │                                     │  └Stack(alignment: Alignment.center, fit: loose, dependencies: [Directionality], renderObject: RenderStack#268f1 relayoutBoundary=up1)
                                                                                                                                                                   │                                                           │                                     │   ├Divider(dependencies: [InheritedCupertinoTheme, _InheritedTheme, _LocalizationsScope-[GlobalKey#a7717]])
                                                                                                                                                                   │                                                           │                                     │   │└SizedBox(height: 0.0, renderObject: RenderConstrainedBox#440d9 relayoutBoundary=up2)
                                                                                                                                                                   │                                                           │                                     │   │ └Center(alignment: Alignment.center, dependencies: [Directionality], renderObject: RenderPositionedBox#eae7f relayoutBoundary=up3)
                                                                                                                                                                   │                                                           │                                     │   │  └Container(bg: BoxDecoration(border: Border(bottom: BorderSide(color: Color(alpha: 1.0000, red: 0.8784, green: 0.8784, blue: 0.8784, colorSpace: ColorSpace.sRGB)))), constraints: BoxConstraints(0.0<=w<=Infinity, h=1.0), margin: EdgeInsets.zero)
                                                                                                                                                                   │                                                           │                                     │   │   └Padding(padding: EdgeInsets.zero, dependencies: [Directionality], renderObject: RenderPadding#d8453 relayoutBoundary=up4)
                                                                                                                                                                   │                                                           │                                     │   │    └ConstrainedBox(BoxConstraints(0.0<=w<=Infinity, h=1.0), renderObject: RenderConstrainedBox#97173 relayoutBoundary=up5)
                                                                                                                                                                   │                                                           │                                     │   │     └DecoratedBox(bg: BoxDecoration(border: Border(bottom: BorderSide(color: Color(alpha: 1.0000, red: 0.8784, green: 0.8784, blue: 0.8784, colorSpace: ColorSpace.sRGB)))), dependencies: [Directionality, MediaQuery, _LocalizationsScope-[GlobalKey#a7717]], renderObject: RenderDecoratedBox#a4fa7 relayoutBoundary=up6)
                                                                                                                                                                   │                                                           │                                     │   │      └Padding(padding: EdgeInsets(0.0, 0.0, 0.0, 1.0), dependencies: [Directionality], renderObject: RenderPadding#ec078 relayoutBoundary=up7)
                                                                                                                                                                   │                                                           │                                     │   │       └LimitedBox(maxWidth: 0.0, maxHeight: 0.0, renderObject: RenderLimitedBox#f5a9c relayoutBoundary=up8)
                                                                                                                                                                   │                                                           │                                     │   │        └ConstrainedBox(BoxConstraints(biggest), renderObject: RenderConstrainedBox#ce830 relayoutBoundary=up9)
                                                                                                                                                                   │                                                           │                                     │   └Column(direction: vertical, mainAxisAlignment: start, crossAxisAlignment: center, renderObject: RenderFlex#c23ce relayoutBoundary=up2)
                                                                                                                                                                   │                                                           │                                     │    ├Expanded(flex: 1)
                                                                                                                                                                   │                                                           │                                     │    │└SizedBox(width: 36.0, height: 36.0, renderObject: RenderConstrainedBox#5d9fc relayoutBoundary=up3)
                                                                                                                                                                   │                                                           │                                     │    │ └Stack(alignment: Alignment.center, fit: loose, dependencies: [Directionality], renderObject: RenderStack#84d25)
                                                                                                                                                                   │                                                           │                                     │    │  └Container(bg: BoxDecoration(border: Border.all(BorderSide(color: Color(alpha: 0.4000, red: 0.8275, green: 0.1843, blue: 0.1843, colorSpace: ColorSpace.sRGB), width: 1.5)), shape: circle), constraints: BoxConstraints(w=32.0, h=32.0))
                                                                                                                                                                   │                                                           │                                     │    │   └ConstrainedBox(BoxConstraints(w=32.0, h=32.0), renderObject: RenderConstrainedBox#782a8 relayoutBoundary=up1)
                                                                                                                                                                   │                                                           │                                     │    │    └DecoratedBox(bg: BoxDecoration(border: Border.all(BorderSide(color: Color(alpha: 0.4000, red: 0.8275, green: 0.1843, blue: 0.1843, colorSpace: ColorSpace.sRGB), width: 1.5)), shape: circle), dependencies: [Directionality, MediaQuery, _LocalizationsScope-[GlobalKey#a7717]], renderObject: RenderDecoratedBox#bd8ca)
                                                                                                                                                                   │                                                           │                                     │    │     └Padding(padding: EdgeInsets.all(1.5), dependencies: [Directionality], renderObject: RenderPadding#6962d)
                                                                                                                                                                   │                                                           │                                     │    └Expanded(flex: 1)
                                                                                                                                                                   │                                                           │                                     │     └SizedBox(width: 36.0, height: 36.0, renderObject: RenderConstrainedBox#008d3 relayoutBoundary=up3)
                                                                                                                                                                   │                                                           │                                     │      └Stack(alignment: Alignment.center, fit: loose, dependencies: [Directionality], renderObject: RenderStack#a9590)
                                                                                                                                                                   │                                                           │                                     ├Container(Alignment.center, constraints: BoxConstraints(0.0<=w<=Infinity, h=70.0))
                                                                                                                                                                   │                                                           │                                     │└ConstrainedBox(BoxConstraints(0.0<=w<=Infinity, h=70.0), renderObject: RenderConstrainedBox#c4007 relayoutBoundary=up27)
                                                                                                                                                                   │                                                           │                                     │ └Align(alignment: Alignment.center, dependencies: [Directionality], renderObject: RenderPositionedBox#f4431)
                                                                                                                                                                   │                                                           │                                     │  └Stack(alignment: Alignment.center, fit: loose, dependencies: [Directionality], renderObject: RenderStack#40837 relayoutBoundary=up1)
                                                                                                                                                                   │                                                           │                                     │   ├Divider(dependencies: [InheritedCupertinoTheme, _InheritedTheme, _LocalizationsScope-[GlobalKey#a7717]])
                                                                                                                                                                   │                                                           │                                     │   │└SizedBox(height: 0.0, renderObject: RenderConstrainedBox#e1213 relayoutBoundary=up2)
                                                                                                                                                                   │                                                           │                                     │   │ └Center(alignment: Alignment.center, dependencies: [Directionality], renderObject: RenderPositionedBox#a07f9 relayoutBoundary=up3)
                                                                                                                                                                   │                                                           │                                     │   │  └Container(bg: BoxDecoration(border: Border(bottom: BorderSide(color: Color(alpha: 1.0000, red: 0.8784, green: 0.8784, blue: 0.8784, colorSpace: ColorSpace.sRGB)))), constraints: BoxConstraints(0.0<=w<=Infinity, h=1.0), margin: EdgeInsets.zero)
                                                                                                                                                                   │                                                           │                                     │   │   └Padding(padding: EdgeInsets.zero, dependencies: [Directionality], renderObject: RenderPadding#c027f relayoutBoundary=up4)
                                                                                                                                                                   │                                                           │                                     │   │    └ConstrainedBox(BoxConstraints(0.0<=w<=Infinity, h=1.0), renderObject: RenderConstrainedBox#809cf relayoutBoundary=up5)
                                                                                                                                                                   │                                                           │                                     │   │     └DecoratedBox(bg: BoxDecoration(border: Border(bottom: BorderSide(color: Color(alpha: 1.0000, red: 0.8784, green: 0.8784, blue: 0.8784, colorSpace: ColorSpace.sRGB)))), dependencies: [Directionality, MediaQuery, _LocalizationsScope-[GlobalKey#a7717]], renderObject: RenderDecoratedBox#2fe11 relayoutBoundary=up6)
                                                                                                                                                                   │                                                           │                                     │   │      └Padding(padding: EdgeInsets(0.0, 0.0, 0.0, 1.0), dependencies: [Directionality], renderObject: RenderPadding#3a7d9 relayoutBoundary=up7)
                                                                                                                                                                   │                                                           │                                     │   │       └LimitedBox(maxWidth: 0.0, maxHeight: 0.0, renderObject: RenderLimitedBox#b4462 relayoutBoundary=up8)
                                                                                                                                                                   │                                                           │                                     │   │        └ConstrainedBox(BoxConstraints(biggest), renderObject: RenderConstrainedBox#1e609 relayoutBoundary=up9)
                                                                                                                                                                   │                                                           │                                     │   ├Container(padding: EdgeInsets(2.0, 0.0, 2.0, 0.0), bg: Color(alpha: 1.0000, red: 1.0000, green: 1.0000, blue: 1.0000, colorSpace: ColorSpace.sRGB))
                                                                                                                                                                   │                                                           │                                     │   │└ColoredBox(color: Color(alpha: 1.0000, red: 1.0000, green: 1.0000, blue: 1.0000, colorSpace: ColorSpace.sRGB), renderObject: _RenderColoredBox#dffbc relayoutBoundary=up2)
                                                                                                                                                                   │                                                           │                                     │   │ └Padding(padding: EdgeInsets(2.0, 0.0, 2.0, 0.0), dependencies: [Directionality], renderObject: RenderPadding#9e1dd relayoutBoundary=up3)
                                                                                                                                                                   │                                                           │                                     │   │  └Text("✕", inherit: true, color: Color(alpha: 1.0000, red: 0.7412, green: 0.7412, blue: 0.7412, colorSpace: ColorSpace.sRGB), size: 16.0, weight: 900, dependencies: [DefaultSelectionStyle, DefaultTextStyle, MediaQuery])
                                                                                                                                                                   │                                                           │                                     │   │   └RichText(softWrap: wrapping at box width, maxLines: unlimited, text: "✕", dependencies: [Directionality, _LocalizationsScope-[GlobalKey#a7717]], renderObject: RenderParagraph#d02c7 relayoutBoundary=up4)
                                                                                                                                                                   │                                                           │                                     │   └Column(direction: vertical, mainAxisAlignment: start, crossAxisAlignment: center, renderObject: RenderFlex#5ba9d relayoutBoundary=up2)
                                                                                                                                                                   │                                                           │                                     │    ├Expanded(flex: 1)
                                                                                                                                                                   │                                                           │                                     │    │└SizedBox(width: 36.0, height: 36.0, renderObject: RenderConstrainedBox#22b07 relayoutBoundary=up3)
                                                                                                                                                                   │                                                           │                                     │    │ └Stack(alignment: Alignment.center, fit: loose, dependencies: [Directionality], renderObject: RenderStack#4f836)
                                                                                                                                                                   │                                                           │                                     │    └Expanded(flex: 1)
                                                                                                                                                                   │                                                           │                                     │     └SizedBox(width: 36.0, height: 36.0, renderObject: RenderConstrainedBox#c22bc relayoutBoundary=up3)
                                                                                                                                                                   │                                                           │                                     │      └Stack(alignment: Alignment.center, fit: loose, dependencies: [Directionality], renderObject: RenderStack#63807)
                                                                                                                                                                   │                                                           │                                     ├Container(Alignment.center, constraints: BoxConstraints(0.0<=w<=Infinity, h=70.0))
                                                                                                                                                                   │                                                           │                                     │└ConstrainedBox(BoxConstraints(0.0<=w<=Infinity, h=70.0), renderObject: RenderConstrainedBox#0ba81 relayoutBoundary=up27)
                                                                                                                                                                   │                                                           │                                     │ └Align(alignment: Alignment.center, dependencies: [Directionality], renderObject: RenderPositionedBox#63c5c)
                                                                                                                                                                   │                                                           │                                     │  └Stack(alignment: Alignment.center, fit: loose, dependencies: [Directionality], renderObject: RenderStack#d4ee5 relayoutBoundary=up1)
                                                                                                                                                                   │                                                           │                                     │   ├Divider(dependencies: [InheritedCupertinoTheme, _InheritedTheme, _LocalizationsScope-[GlobalKey#a7717]])
                                                                                                                                                                   │                                                           │                                     │   │└SizedBox(height: 0.0, renderObject: RenderConstrainedBox#b2104 relayoutBoundary=up2)
                                                                                                                                                                   │                                                           │                                     │   │ └Center(alignment: Alignment.center, dependencies: [Directionality], renderObject: RenderPositionedBox#e347d relayoutBoundary=up3)
                                                                                                                                                                   │                                                           │                                     │   │  └Container(bg: BoxDecoration(border: Border(bottom: BorderSide(color: Color(alpha: 1.0000, red: 0.8784, green: 0.8784, blue: 0.8784, colorSpace: ColorSpace.sRGB)))), constraints: BoxConstraints(0.0<=w<=Infinity, h=1.0), margin: EdgeInsets.zero)
                                                                                                                                                                   │                                                           │                                     │   │   └Padding(padding: EdgeInsets.zero, dependencies: [Directionality], renderObject: RenderPadding#270ea relayoutBoundary=up4)
                                                                                                                                                                   │                                                           │                                     │   │    └ConstrainedBox(BoxConstraints(0.0<=w<=Infinity, h=1.0), renderObject: RenderConstrainedBox#82298 relayoutBoundary=up5)
                                                                                                                                                                   │                                                           │                                     │   │     └DecoratedBox(bg: BoxDecoration(border: Border(bottom: BorderSide(color: Color(alpha: 1.0000, red: 0.8784, green: 0.8784, blue: 0.8784, colorSpace: ColorSpace.sRGB)))), dependencies: [Directionality, MediaQuery, _LocalizationsScope-[GlobalKey#a7717]], renderObject: RenderDecoratedBox#4e6f6 relayoutBoundary=up6)
                                                                                                                                                                   │                                                           │                                     │   │      └Padding(padding: EdgeInsets(0.0, 0.0, 0.0, 1.0), dependencies: [Directionality], renderObject: RenderPadding#b1800 relayoutBoundary=up7)
                                                                                                                                                                   │                                                           │                                     │   │       └LimitedBox(maxWidth: 0.0, maxHeight: 0.0, renderObject: RenderLimitedBox#8eb60 relayoutBoundary=up8)
                                                                                                                                                                   │                                                           │                                     │   │        └ConstrainedBox(BoxConstraints(biggest), renderObject: RenderConstrainedBox#bf375 relayoutBoundary=up9)
                                                                                                                                                                   │                                                           │                                     │   └Column(direction: vertical, mainAxisAlignment: start, crossAxisAlignment: center, renderObject: RenderFlex#cc3fa relayoutBoundary=up2)
                                                                                                                                                                   │                                                           │                                     │    ├Expanded(flex: 1)
                                                                                                                                                                   │                                                           │                                     │    │└Center(alignment: Alignment.center, dependencies: [Directionality], renderObject: RenderPositionedBox#b07a4 relayoutBoundary=up3)
                                                                                                                                                                   │                                                           │                                     │    │ └Text("勝", inherit: true, color: Color(alpha: 1.0000, red: 0.8980, green: 0.2235, blue: 0.2078, colorSpace: ColorSpace.sRGB), size: 14.0, weight: 700, dependencies: [DefaultSelectionStyle, DefaultTextStyle, MediaQuery])
                                                                                                                                                                   │                                                           │                                     │    │  └RichText(softWrap: wrapping at box width, maxLines: unlimited, text: "勝", dependencies: [Directionality, _LocalizationsScope-[GlobalKey#a7717]], renderObject: RenderParagraph#474ac relayoutBoundary=up4)
                                                                                                                                                                   │                                                           │                                     │    └Expanded(flex: 1)
                                                                                                                                                                   │                                                           │                                     │     └Center(alignment: Alignment.center, dependencies: [Directionality], renderObject: RenderPositionedBox#832ae relayoutBoundary=up3)
                                                                                                                                                                   │                                                           │                                     │      └Text("負", inherit: true, color: Color(alpha: 1.0000, red: 0.0000, green: 0.0000, blue: 0.0000, colorSpace: ColorSpace.sRGB), size: 14.0, weight: 700, dependencies: [DefaultSelectionStyle, DefaultTextStyle, MediaQuery])
                                                                                                                                                                   │                                                           │                                     │       └RichText(softWrap: wrapping at box width, maxLines: unlimited, text: "負", dependencies: [Directionality, _LocalizationsScope-[GlobalKey#a7717]], renderObject: RenderParagraph#f54cf relayoutBoundary=up4)
                                                                                                                                                                   │                                                           │                                     ├Center(alignment: Alignment.center, dependencies: [Directionality], renderObject: RenderPositionedBox#cbf66 relayoutBoundary=up27)
                                                                                                                                                                   │                                                           │                                     │└Padding(padding: EdgeInsets.all(4.0), dependencies: [Directionality], renderObject: RenderPadding#04e45 relayoutBoundary=up28)
                                                                                                                                                                   │                                                           │                                     │ └Text("白虎剣友会", inherit: true, color: Color(alpha: 1.0000, red: 0.2706, green: 0.3529, blue: 0.3922, colorSpace: ColorSpace.sRGB), size: 11.0, weight: 700, textAlign: center, dependencies: [DefaultSelectionStyle, DefaultTextStyle, MediaQuery])
                                                                                                                                                                   │                                                           │                                     │  └RichText(textAlign: center, softWrap: wrapping at box width, maxLines: unlimited, text: "白虎剣友会", dependencies: [Directionality, _LocalizationsScope-[GlobalKey#a7717]], renderObject: RenderParagraph#a9cc2 relayoutBoundary=up29)
                                                                                                                                                                   │                                                           │                                     ├Container(bg: Color(alpha: 0.0000, red: 0.0000, green: 0.0000, blue: 0.0000, colorSpace: ColorSpace.sRGB))
                                                                                                                                                                   │                                                           │                                     │└ColoredBox(color: Color(alpha: 0.0000, red: 0.0000, green: 0.0000, blue: 0.0000, colorSpace: ColorSpace.sRGB), renderObject: _RenderColoredBox#d3715 relayoutBoundary=up27)
                                                                                                                                                                   │                                                           │                                     │ └Center(alignment: Alignment.center, dependencies: [Directionality], renderObject: RenderPositionedBox#78418 relayoutBoundary=up28)
                                                                                                                                                                   │                                                           │                                     │  └Padding(padding: EdgeInsets(4.0, 12.0, 4.0, 12.0), dependencies: [Directionality], renderObject: RenderPadding#db053 relayoutBoundary=up29)
                                                                                                                                                                   │                                                           │                                     │   └Column(direction: vertical, mainAxisAlignment: start, mainAxisSize: min, crossAxisAlignment: center, renderObject: RenderFlex#af516 relayoutBoundary=up30)
                                                                                                                                                                   │                                                           │                                     │    ├Text("先", inherit: true, color: Color(alpha: 1.0000, red: 0.2588, green: 0.2588, blue: 0.2588, colorSpace: ColorSpace.sRGB), size: 11.0, weight: 700, height: 1.1x, dependencies: [DefaultSelectionStyle, DefaultTextStyle, MediaQuery])
                                                                                                                                                                   │                                                           │                                     │    │└RichText(softWrap: wrapping at box width, maxLines: unlimited, text: "先", dependencies: [Directionality, _LocalizationsScope-[GlobalKey#a7717]], renderObject: RenderParagraph#f541a relayoutBoundary=up31)
                                                                                                                                                                   │                                                           │                                     │    └Text("鋒", inherit: true, color: Color(alpha: 1.0000, red: 0.2588, green: 0.2588, blue: 0.2588, colorSpace: ColorSpace.sRGB), size: 11.0, weight: 700, height: 1.1x, dependencies: [DefaultSelectionStyle, DefaultTextStyle, MediaQuery])
                                                                                                                                                                   │                                                           │                                     │     └RichText(softWrap: wrapping at box width, maxLines: unlimited, text: "鋒", dependencies: [Directionality, _LocalizationsScope-[GlobalKey#a7717]], renderObject: RenderParagraph#0188f relayoutBoundary=up31)
                                                                                                                                                                   │                                                           │                                     ├Container(bg: Color(alpha: 0.0000, red: 0.0000, green: 0.0000, blue: 0.0000, colorSpace: ColorSpace.sRGB))
                                                                                                                                                                   │                                                           │                                     │└ColoredBox(color: Color(alpha: 0.0000, red: 0.0000, green: 0.0000, blue: 0.0000, colorSpace: ColorSpace.sRGB), renderObject: _RenderColoredBox#35e38 relayoutBoundary=up27)
                                                                                                                                                                   │                                                           │                                     │ └Center(alignment: Alignment.center, dependencies: [Directionality], renderObject: RenderPositionedBox#34123 relayoutBoundary=up28)
                                                                                                                                                                   │                                                           │                                     │  └Padding(padding: EdgeInsets(4.0, 12.0, 4.0, 12.0), dependencies: [Directionality], renderObject: RenderPadding#b58fe relayoutBoundary=up29)
                                                                                                                                                                   │                                                           │                                     │   └Column(direction: vertical, mainAxisAlignment: start, mainAxisSize: min, crossAxisAlignment: center, renderObject: RenderFlex#a3b2c relayoutBoundary=up30)
                                                                                                                                                                   │                                                           │                                     │    ├Text("次", inherit: true, color: Color(alpha: 1.0000, red: 0.2588, green: 0.2588, blue: 0.2588, colorSpace: ColorSpace.sRGB), size: 11.0, weight: 700, height: 1.1x, dependencies: [DefaultSelectionStyle, DefaultTextStyle, MediaQuery])
                                                                                                                                                                   │                                                           │                                     │    │└RichText(softWrap: wrapping at box width, maxLines: unlimited, text: "次", dependencies: [Directionality, _LocalizationsScope-[GlobalKey#a7717]], renderObject: RenderParagraph#a5961 relayoutBoundary=up31)
                                                                                                                                                                   │                                                           │                                     │    └Text("鋒", inherit: true, color: Color(alpha: 1.0000, red: 0.2588, green: 0.2588, blue: 0.2588, colorSpace: ColorSpace.sRGB), size: 11.0, weight: 700, height: 1.1x, dependencies: [DefaultSelectionStyle, DefaultTextStyle, MediaQuery])
                                                                                                                                                                   │                                                           │                                     │     └RichText(softWrap: wrapping at box width, maxLines: unlimited, text: "鋒", dependencies: [Directionality, _LocalizationsScope-[GlobalKey#a7717]], renderObject: RenderParagraph#ac0ac relayoutBoundary=up31)
                                                                                                                                                                   │                                                           │                                     └Center(alignment: Alignment.center, dependencies: [Directionality], renderObject: RenderPositionedBox#3b7c3 relayoutBoundary=up27)
                                                                                                                                                                   │                                                           │                                      └Text("0\n--\n0", inherit: true, color: Color(alpha: 1.0000, red: 0.2588, green: 0.2588, blue: 0.2588, colorSpace: ColorSpace.sRGB), size: 12.0, weight: 700, textAlign: center, dependencies: [DefaultSelectionStyle, DefaultTextStyle, MediaQuery])
                                                                                                                                                                   │                                                           │                                       └RichText(textAlign: center, softWrap: wrapping at box width, maxLines: unlimited, text: "0\n--\n0", dependencies: [Directionality, _LocalizationsScope-[GlobalKey#a7717]], renderObject: RenderParagraph#c58f3 relayoutBoundary=up28)
                                                                                                                                                                   │                                                           ├KeyedSubtree
                                                                                                                                                                   │                                                           │└AutomaticKeepAlive(state: _AutomaticKeepAliveState#31c85(handles: no notifications ever received))
                                                                                                                                                                   │                                                           │ └KeepAlive(keepAlive: false)
                                                                                                                                                                   │                                                           │  └NotificationListener<KeepAliveNotification>
                                                                                                                                                                   │                                                           │   └_SelectionKeepAlive(state: _SelectionKeepAliveState#c3ec0)
                                                                                                                                                                   │                                                           │    └IndexedSemantics(index: 1, renderObject: RenderIndexedSemantics#eed3a relayoutBoundary=up12)
                                                                                                                                                                   │                                                           │     └RepaintBoundary(renderObject: RenderRepaintBoundary#6596c relayoutBoundary=up13)
                                                                                                                                                                   │                                                           │      └Column(direction: vertical, mainAxisAlignment: start, crossAxisAlignment: start, dependencies: [Directionality], renderObject: RenderFlex#e0e81 relayoutBoundary=up14)
                                                                                                                                                                   │                                                           │       ├Padding(padding: EdgeInsets(8.0, 24.0, 0.0, 12.0), dependencies: [Directionality], renderObject: RenderPadding#29049 relayoutBoundary=up15)
                                                                                                                                                                   │                                                           │       │└Text("【リーグ戦】 青龍道場 : 2チームリーグ（全1試合）", inherit: true, color: Color(alpha: 1.0000, red: 0.1020, green: 0.1373, blue: 0.4941, colorSpace: ColorSpace.sRGB), size: 16.0, weight: 700, dependencies: [DefaultSelectionStyle, DefaultTextStyle, MediaQuery])
                                                                                                                                                                   │                                                           │       │ └RichText(softWrap: wrapping at box width, maxLines: unlimited, text: "【リーグ戦】 青龍道場 : 2チームリーグ（全1試合）", dependencies: [Directionality, _LocalizationsScope-[GlobalKey#a7717]], renderObject: RenderParagraph#6a639 relayoutBoundary=up16)
                                                                                                                                                                   │                                                           │       ├SingleChildScrollView(dependencies: [Directionality, InheritedCupertinoTheme, ScrollConfiguration, _InheritedTheme, _LocalizationsScope-[GlobalKey#a7717]])
                                                                                                                                                                   │                                                           │       │└Scrollable(axisDirection: right, physics: null, restorationId: null, dependencies: [InheritedCupertinoTheme, MediaQuery, ScrollConfiguration, UnmanagedRestorationScope, _InheritedTheme, _LocalizationsScope-[GlobalKey#a7717]], state: ScrollableState#bd4ec(position: ScrollPositionWithSingleContext#c09ba(offset: 0.0, range: 0.0..0.0, viewport: 463.0, ScrollableState, ClampingScrollPhysics -> RangeMaintainingScrollPhysics, IdleScrollActivity#335a9, ScrollDirection.idle), effective physics: ClampingScrollPhysics -> RangeMaintainingScrollPhysics))
                                                                                                                                                                   │                                                           │       │ └StretchingOverscrollIndicator(axisDirection: right, state: _StretchingOverscrollIndicatorState#13fea)
                                                                                                                                                                   │                                                           │       │  └NotificationListener<ScrollNotification>
                                                                                                                                                                   │                                                           │       │   └AnimatedBuilder(listenable: _StretchController(), dependencies: [MediaQuery], state: _AnimatedState#88282)
                                                                                                                                                                   │                                                           │       │    └ClipRect(renderObject: RenderClipRect#b53db relayoutBoundary=up15)
                                                                                                                                                                   │                                                           │       │     └StretchEffect(dependencies: [Directionality])
                                                                                                                                                                   │                                                           │       │      └Transform(dependencies: [Directionality], renderObject: RenderTransform#0c3d7 relayoutBoundary=up16)
                                                                                                                                                                   │                                                           │       │       └NotificationListener<ScrollMetricsNotification>
                                                                                                                                                                   │                                                           │       │        └_ScrollSemantics-[GlobalKey#86af5](renderObject: _RenderScrollSemantics#e6de1 relayoutBoundary=up17)
                                                                                                                                                                   │                                                           │       │         └_ScrollableScope
                                                                                                                                                                   │                                                           │       │          └Listener(listeners: [signal], behavior: deferToChild, renderObject: RenderPointerListener#39b30 relayoutBoundary=up18)
                                                                                                                                                                   │                                                           │       │           └RawGestureDetector-[LabeledGlobalKey<RawGestureDetectorState>#a51c5](state: RawGestureDetectorState#54d01(gestures: <none>, behavior: opaque))
                                                                                                                                                                   │                                                           │       │            └_GestureSemantics(renderObject: RenderSemanticsGestureHandler#79ecd relayoutBoundary=up19)
                                                                                                                                                                   │                                                           │       │             └Listener(listeners: [down, panZoomStart], behavior: opaque, renderObject: RenderPointerListener#5fc1e relayoutBoundary=up20)
                                                                                                                                                                   │                                                           │       │              └Semantics(container: false, properties: SemanticsProperties, renderObject: RenderSemanticsAnnotations#fa00d relayoutBoundary=up21)
                                                                                                                                                                   │                                                           │       │               └IgnorePointer-[GlobalKey#e125d](ignoring: false, renderObject: RenderIgnorePointer#fa176 relayoutBoundary=up22)
                                                                                                                                                                   │                                                           │       │                └_SingleChildViewport(renderObject: _RenderSingleChildViewport#4430a relayoutBoundary=up23)
                                                                                                                                                                   │                                                           │       │                 └InkWell-[<'viewer_match_card_予選リーグA'>]
                                                                                                                                                                   │                                                           │       │                  └_InkResponseStateWidget(gestures: [tap], mouseCursor: null, clipped to BoxShape.rectangle, dependencies: [InheritedCupertinoTheme, MediaQuery, _InheritedTheme, _LocalizationsScope-[GlobalKey#a7717]], state: _InkResponseState#5770e)
                                                                                                                                                                   │                                                           │       │                   └_ParentInkResponseProvider
                                                                                                                                                                   │                                                           │       │                    └Actions(dispatcher: null, actions: {ActivateIntent: CallbackAction<ActivateIntent>#892b0, ButtonActivateIntent: CallbackAction<ButtonActivateIntent>#d6d5c}, state: _ActionsState#97ecd)
                                                                                                                                                                   │                                                           │       │                     └_ActionsScope
                                                                                                                                                                   │                                                           │       │                      └Focus(dependencies: [_FocusInheritedScope], state: _FocusState#abebf)
                                                                                                                                                                   │                                                           │       │                       └_FocusInheritedScope
                                                                                                                                                                   │                                                           │       │                        └Semantics(container: false, properties: SemanticsProperties, renderObject: RenderSemanticsAnnotations#ad218 relayoutBoundary=up24)
                                                                                                                                                                   │                                                           │       │                         └MouseRegion(listeners: [enter, exit], cursor: SystemMouseCursor(basic), renderObject: RenderMouseRegion#b5643 relayoutBoundary=up25)
                                                                                                                                                                   │                                                           │       │                          └Builder(dependencies: [DefaultSelectionStyle])
                                                                                                                                                                   │                                                           │       │                           └DefaultSelectionStyle
                                                                                                                                                                   │                                                           │       │                            └Semantics(container: false, properties: SemanticsProperties, renderObject: RenderSemanticsAnnotations#85a04 relayoutBoundary=up26)
                                                                                                                                                                   │                                                           │       │                             └GestureDetector(startBehavior: start, dependencies: [MediaQuery, ScrollConfiguration])
                                                                                                                                                                   │                                                           │       │                              └RawGestureDetector(state: RawGestureDetectorState#8d2fe(gestures: [tap], excludeFromSemantics: true, behavior: opaque))
                                                                                                                                                                   │                                                           │       │                               └Listener(listeners: [down, panZoomStart], behavior: opaque, renderObject: RenderPointerListener#e73d8 relayoutBoundary=up27)
                                                                                                                                                                   │                                                           │       │                                └Card(dependencies: [InheritedCupertinoTheme, _InheritedTheme, _LocalizationsScope-[GlobalKey#a7717]])
                                                                                                                                                                   │                                                           │       │                                 └Semantics(container: true, properties: SemanticsProperties, renderObject: RenderSemanticsAnnotations#55142 relayoutBoundary=up28)
                                                                                                                                                                   │                                                           │       │                                  └Padding(padding: EdgeInsets(4.0, 0.0, 4.0, 0.0), dependencies: [Directionality], renderObject: RenderPadding#09b89 relayoutBoundary=up29)
                                                                                                                                                                   │                                                           │       │                                   └Material(type: card, color: Color(alpha: 1.0000, red: 1.0000, green: 1.0000, blue: 1.0000, colorSpace: ColorSpace.sRGB), shadowColor: Color(alpha: 1.0000, red: 0.0000, green: 0.0000, blue: 0.0000, colorSpace: ColorSpace.sRGB), surfaceTintColor: Color(alpha: 0.0000, red: 0.0000, green: 0.0000, blue: 0.0000, colorSpace: ColorSpace.sRGB), shape: RoundedRectangleBorder(BorderSide(color: Color(alpha: 1.0000, red: 0.7412, green: 0.7412, blue: 0.7412, colorSpace: ColorSpace.sRGB)), BorderRadius.circular(8.0)), dependencies: [InheritedCupertinoTheme, _InheritedTheme, _LocalizationsScope-[GlobalKey#a7717]], state: _MaterialState#30321)
                                                                                                                                                                   │                                                           │       │                                    └_MaterialInterior(duration: 200ms, shape: RoundedRectangleBorder(BorderSide(color: Color(alpha: 1.0000, red: 0.7412, green: 0.7412, blue: 0.7412, colorSpace: ColorSpace.sRGB)), BorderRadius.circular(8.0)), elevation: 0.0, color: Color(alpha: 1.0000, red: 1.0000, green: 1.0000, blue: 1.0000, colorSpace: ColorSpace.sRGB), shadowColor: Color(alpha: 1.0000, red: 0.0000, green: 0.0000, blue: 0.0000, colorSpace: ColorSpace.sRGB), dependencies: [Directionality, InheritedCupertinoTheme, _InheritedTheme, _LocalizationsScope-[GlobalKey#a7717]], state: _MaterialInteriorState#f9d35(ticker inactive))
                                                                                                                                                                   │                                                           │       │                                     └PhysicalShape(clipper: ShapeBorderClipper, elevation: 0.0, color: Color(alpha: 1.0000, red: 1.0000, green: 1.0000, blue: 1.0000, colorSpace: ColorSpace.sRGB), shadowColor: Color(alpha: 1.0000, red: 0.0000, green: 0.0000, blue: 0.0000, colorSpace: ColorSpace.sRGB), renderObject: RenderPhysicalShape#dd703 relayoutBoundary=up30)
                                                                                                                                                                   │                                                           │       │                                      └_ShapeBorderPaint(dependencies: [Directionality])
                                                                                                                                                                   │                                                           │       │                                       └CustomPaint(renderObject: RenderCustomPaint#6eecd relayoutBoundary=up31)
                                                                                                                                                                   │                                                           │       │                                        └NotificationListener<LayoutChangedNotification>
                                                                                                                                                                   │                                                           │       │                                         └_InkFeatures-[GlobalKey#a23dd ink renderer](renderObject: _RenderInkFeatures#bc745 relayoutBoundary=up32)
                                                                                                                                                                   │                                                           │       │                                          └AnimatedDefaultTextStyle(duration: 200ms, debugLabel: (englishLike bodyMedium 2021).merge((blackMountainView bodyMedium).apply), inherit: false, color: Color(alpha: 1.0000, red: 0.1137, green: 0.1059, blue: 0.1255, colorSpace: ColorSpace.sRGB), family: Roboto, size: 14.0, weight: 400, letterSpacing: 0.3, baseline: alphabetic, height: 1.4x, leadingDistribution: even, decoration: Color(alpha: 1.0000, red: 0.1137, green: 0.1059, blue: 0.1255, colorSpace: ColorSpace.sRGB) TextDecoration.none, softWrap: wrapping at box width, overflow: clip, state: _AnimatedDefaultTextStyleState#937ef(ticker inactive))
                                                                                                                                                                   │                                                           │       │                                           └DefaultTextStyle(debugLabel: (englishLike bodyMedium 2021).merge((blackMountainView bodyMedium).apply), inherit: false, color: Color(alpha: 1.0000, red: 0.1137, green: 0.1059, blue: 0.1255, colorSpace: ColorSpace.sRGB), family: Roboto, size: 14.0, weight: 400, letterSpacing: 0.3, baseline: alphabetic, height: 1.4x, leadingDistribution: even, decoration: Color(alpha: 1.0000, red: 0.1137, green: 0.1059, blue: 0.1255, colorSpace: ColorSpace.sRGB) TextDecoration.none, softWrap: wrapping at box width, overflow: clip)
                                                                                                                                                                   │                                                           │       │                                            └Semantics(container: false, properties: SemanticsProperties, renderObject: RenderSemanticsAnnotations#915cd relayoutBoundary=up33)
                                                                                                                                                                   │                                                           │       │                                             └Table(dependencies: [Directionality, MediaQuery, _LocalizationsScope-[GlobalKey#a7717]], renderObject: RenderTable#19258 relayoutBoundary=up34)
                                                                                                                                                                   │                                                           │       │                                              ├SizedBox(height: 50.0, renderObject: RenderConstrainedBox#b7268 relayoutBoundary=up35)
                                                                                                                                                                   │                                                           │       │                                              ├Center(alignment: Alignment.center, dependencies: [Directionality], renderObject: RenderPositionedBox#3252c relayoutBoundary=up35)
                                                                                                                                                                   │                                                           │       │                                              │└Padding(padding: EdgeInsets.all(4.0), dependencies: [Directionality], renderObject: RenderPadding#08fc5 relayoutBoundary=up36)
                                                                                                                                                                   │                                                           │       │                                              │ └Column(direction: vertical, mainAxisAlignment: start, mainAxisSize: min, crossAxisAlignment: center, renderObject: RenderFlex#83dde relayoutBoundary=up37)
                                                                                                                                                                   │                                                           │       │                                              │  ├Text("朱", inherit: true, color: Color(alpha: 1.0000, red: 0.2588, green: 0.2588, blue: 0.2588, colorSpace: ColorSpace.sRGB), size: 11.0, weight: 700, height: 1.1x, dependencies: [DefaultSelectionStyle, DefaultTextStyle, MediaQuery])
                                                                                                                                                                   │                                                           │       │                                              │  │└RichText(softWrap: wrapping at box width, maxLines: unlimited, text: "朱", dependencies: [Directionality, _LocalizationsScope-[GlobalKey#a7717]], renderObject: RenderParagraph#7e677 relayoutBoundary=up38)
                                                                                                                                                                   │                                                           │       │                                              │  ├Text("雀", inherit: true, color: Color(alpha: 1.0000, red: 0.2588, green: 0.2588, blue: 0.2588, colorSpace: ColorSpace.sRGB), size: 11.0, weight: 700, height: 1.1x, dependencies: [DefaultSelectionStyle, DefaultTextStyle, MediaQuery])
                                                                                                                                                                   │                                                           │       │                                              │  │└RichText(softWrap: wrapping at box width, maxLines: unlimited, text: "雀", dependencies: [Directionality, _LocalizationsScope-[GlobalKey#a7717]], renderObject: RenderParagraph#bc75d relayoutBoundary=up38)
                                                                                                                                                                   │                                                           │       │                                              │  └Text("会", inherit: true, color: Color(alpha: 1.0000, red: 0.2588, green: 0.2588, blue: 0.2588, colorSpace: ColorSpace.sRGB), size: 11.0, weight: 700, height: 1.1x, dependencies: [DefaultSelectionStyle, DefaultTextStyle, MediaQuery])
                                                                                                                                                                   │                                                           │       │                                              │   └RichText(softWrap: wrapping at box width, maxLines: unlimited, text: "会", dependencies: [Directionality, _LocalizationsScope-[GlobalKey#a7717]], renderObject: RenderParagraph#69476 relayoutBoundary=up38)
                                                                                                                                                                   │                                                           │       │                                              ├Center(alignment: Alignment.center, dependencies: [Directionality], renderObject: RenderPositionedBox#0720e relayoutBoundary=up35)
                                                                                                                                                                   │                                                           │       │                                              │└Padding(padding: EdgeInsets.all(4.0), dependencies: [Directionality], renderObject: RenderPadding#10081 relayoutBoundary=up36)
                                                                                                                                                                   │                                                           │       │                                              │ └Column(direction: vertical, mainAxisAlignment: start, mainAxisSize: min, crossAxisAlignment: center, renderObject: RenderFlex#6285d relayoutBoundary=up37)
                                                                                                                                                                   │                                                           │       │                                              │  ├Text("青", inherit: true, color: Color(alpha: 1.0000, red: 0.2588, green: 0.2588, blue: 0.2588, colorSpace: ColorSpace.sRGB), size: 11.0, weight: 700, height: 1.1x, dependencies: [DefaultSelectionStyle, DefaultTextStyle, MediaQuery])
                                                                                                                                                                   │                                                           │       │                                              │  │└RichText(softWrap: wrapping at box width, maxLines: unlimited, text: "青", dependencies: [Directionality, _LocalizationsScope-[GlobalKey#a7717]], renderObject: RenderParagraph#39cf8 relayoutBoundary=up38)
                                                                                                                                                                   │                                                           │       │                                              │  ├Text("龍", inherit: true, color: Color(alpha: 1.0000, red: 0.2588, green: 0.2588, blue: 0.2588, colorSpace: ColorSpace.sRGB), size: 11.0, weight: 700, height: 1.1x, dependencies: [DefaultSelectionStyle, DefaultTextStyle, MediaQuery])
                                                                                                                                                                   │                                                           │       │                                              │  │└RichText(softWrap: wrapping at box width, maxLines: unlimited, text: "龍", dependencies: [Directionality, _LocalizationsScope-[GlobalKey#a7717]], renderObject: RenderParagraph#20113 relayoutBoundary=up38)
                                                                                                                                                                   │                                                           │       │                                              │  ├Text("道", inherit: true, color: Color(alpha: 1.0000, red: 0.2588, green: 0.2588, blue: 0.2588, colorSpace: ColorSpace.sRGB), size: 11.0, weight: 700, height: 1.1x, dependencies: [DefaultSelectionStyle, DefaultTextStyle, MediaQuery])
                                                                                                                                                                   │                                                           │       │                                              │  │└RichText(softWrap: wrapping at box width, maxLines: unlimited, text: "道", dependencies: [Directionality, _LocalizationsScope-[GlobalKey#a7717]], renderObject: RenderParagraph#d121c relayoutBoundary=up38)
                                                                                                                                                                   │                                                           │       │                                              │  └Text("場", inherit: true, color: Color(alpha: 1.0000, red: 0.2588, green: 0.2588, blue: 0.2588, colorSpace: ColorSpace.sRGB), size: 11.0, weight: 700, height: 1.1x, dependencies: [DefaultSelectionStyle, DefaultTextStyle, MediaQuery])
                                                                                                                                                                   │                                                           │       │                                              │   └RichText(softWrap: wrapping at box width, maxLines: unlimited, text: "場", dependencies: [Directionality, _LocalizationsScope-[GlobalKey#a7717]], renderObject: RenderParagraph#597f2 relayoutBoundary=up38)
                                                                                                                                                                   │                                                           │       │                                              ├Center(alignment: Alignment.center, dependencies: [Directionality], renderObject: RenderPositionedBox#db83b relayoutBoundary=up35)
                                                                                                                                                                   │                                                           │       │                                              │└Padding(padding: EdgeInsets(0.0, 12.0, 0.0, 12.0), dependencies: [Directionality], renderObject: RenderPadding#862a1 relayoutBoundary=up36)
                                                                                                                                                                   │                                                           │       │                                              │ └Text("勝数", inherit: true, color: Color(alpha: 1.0000, red: 0.4588, green: 0.4588, blue: 0.4588, colorSpace: ColorSpace.sRGB), size: 10.0, dependencies: [DefaultSelectionStyle, DefaultTextStyle, MediaQuery])
                                                                                                                                                                   │                                                           │       │                                              │  └RichText(softWrap: wrapping at box width, maxLines: unlimited, text: "勝数", dependencies: [Directionality, _LocalizationsScope-[GlobalKey#a7717]], renderObject: RenderParagraph#fa0fd relayoutBoundary=up37)
                                                                                                                                                                   │                                                           │       │                                              ├Center(alignment: Alignment.center, dependencies: [Directionality], renderObject: RenderPositionedBox#40f0e relayoutBoundary=up35)
                                                                                                                                                                   │                                                           │       │                                              │└Padding(padding: EdgeInsets(0.0, 12.0, 0.0, 12.0), dependencies: [Directionality], renderObject: RenderPadding#f89fb relayoutBoundary=up36)
                                                                                                                                                                   │                                                           │       │                                              │ └Text("勝者", inherit: true, color: Color(alpha: 1.0000, red: 0.4588, green: 0.4588, blue: 0.4588, colorSpace: ColorSpace.sRGB), size: 10.0, dependencies: [DefaultSelectionStyle, DefaultTextStyle, MediaQuery])
                                                                                                                                                                   │                                                           │       │                                              │  └RichText(softWrap: wrapping at box width, maxLines: unlimited, text: "勝者", dependencies: [Directionality, _LocalizationsScope-[GlobalKey#a7717]], renderObject: RenderParagraph#d3bf5 relayoutBoundary=up37)
                                                                                                                                                                   │                                                           │       │                                              ├Center(alignment: Alignment.center, dependencies: [Directionality], renderObject: RenderPositionedBox#15028 relayoutBoundary=up35)
                                                                                                                                                                   │                                                           │       │                                              │└Padding(padding: EdgeInsets(0.0, 12.0, 0.0, 12.0), dependencies: [Directionality], renderObject: RenderPadding#05b38 relayoutBoundary=up36)
                                                                                                                                                                   │                                                           │       │                                              │ └Text("本数", inherit: true, color: Color(alpha: 1.0000, red: 0.4588, green: 0.4588, blue: 0.4588, colorSpace: ColorSpace.sRGB), size: 10.0, dependencies: [DefaultSelectionStyle, DefaultTextStyle, MediaQuery])
                                                                                                                                                                   │                                                           │       │                                              │  └RichText(softWrap: wrapping at box width, maxLines: unlimited, text: "本数", dependencies: [Directionality, _LocalizationsScope-[GlobalKey#a7717]], renderObject: RenderParagraph#68d28 relayoutBoundary=up37)
                                                                                                                                                                   │                                                           │       │                                              ├Center(alignment: Alignment.center, dependencies: [Directionality], renderObject: RenderPositionedBox#8d9ef relayoutBoundary=up35)
                                                                                                                                                                   │                                                           │       │                                              │└Padding(padding: EdgeInsets(0.0, 12.0, 0.0, 12.0), dependencies: [Directionality], renderObject: RenderPadding#7b39f relayoutBoundary=up36)
                                                                                                                                                                   │                                                           │       │                                              │ └Text("勝点", inherit: true, color: Color(alpha: 1.0000, red: 0.4588, green: 0.4588, blue: 0.4588, colorSpace: ColorSpace.sRGB), size: 10.0, dependencies: [DefaultSelectionStyle, DefaultTextStyle, MediaQuery])
                                                                                                                                                                   │                                                           │       │                                              │  └RichText(softWrap: wrapping at box width, maxLines: unlimited, text: "勝点", dependencies: [Directionality, _LocalizationsScope-[GlobalKey#a7717]], renderObject: RenderParagraph#78fb1 relayoutBoundary=up37)
                                                                                                                                                                   │                                                           │       │                                              ├Center(alignment: Alignment.center, dependencies: [Directionality], renderObject: RenderPositionedBox#1ebca relayoutBoundary=up35)
                                                                                                                                                                   │                                                           │       │                                              │└Padding(padding: EdgeInsets(0.0, 12.0, 0.0, 12.0), dependencies: [Directionality], renderObject: RenderPadding#1af1d relayoutBoundary=up36)
                                                                                                                                                                   │                                                           │       │                                              │ └Text("順位", inherit: true, color: Color(alpha: 1.0000, red: 0.4588, green: 0.4588, blue: 0.4588, colorSpace: ColorSpace.sRGB), size: 10.0, dependencies: [DefaultSelectionStyle, DefaultTextStyle, MediaQuery])
                                                                                                                                                                   │                                                           │       │                                              │  └RichText(softWrap: wrapping at box width, maxLines: unlimited, text: "順位", dependencies: [Directionality, _LocalizationsScope-[GlobalKey#a7717]], renderObject: RenderParagraph#1c59d relayoutBoundary=up37)
                                                                                                                                                                   │                                                           │       │                                              ├Container(Alignment.center, bg: BoxDecoration(color: Color(alpha: 1.0000, red: 0.9098, green: 0.9176, blue: 0.9647, colorSpace: ColorSpace.sRGB)), constraints: BoxConstraints(0.0<=w<=Infinity, h=65.0))
                                                                                                                                                                   │                                                           │       │                                              │└ConstrainedBox(BoxConstraints(0.0<=w<=Infinity, h=65.0), renderObject: RenderConstrainedBox#85b09 relayoutBoundary=up35)
                                                                                                                                                                   │                                                           │       │                                              │ └DecoratedBox(bg: BoxDecoration(color: Color(alpha: 1.0000, red: 0.9098, green: 0.9176, blue: 0.9647, colorSpace: ColorSpace.sRGB)), dependencies: [Directionality, MediaQuery, _LocalizationsScope-[GlobalKey#a7717]], renderObject: RenderDecoratedBox#c9d59)
                                                                                                                                                                   │                                                           │       │                                              │  └Padding(padding: EdgeInsets.zero, dependencies: [Directionality], renderObject: RenderPadding#e0b27)
                                                                                                                                                                   │                                                           │       │                                              │   └Align(alignment: Alignment.center, dependencies: [Directionality], renderObject: RenderPositionedBox#6fa97)
                                                                                                                                                                   │                                                           │       │                                              │    └Padding(padding: EdgeInsets.all(4.0), dependencies: [Directionality], renderObject: RenderPadding#0737a relayoutBoundary=up1)
                                                                                                                                                                   │                                                           │       │                                              │     └Text("朱雀会", inherit: true, color: Color(alpha: 0.8667, red: 0.0000, green: 0.0000, blue: 0.0000, colorSpace: ColorSpace.sRGB), size: 11.0, weight: 700, textAlign: center, maxLines: 2, dependencies: [DefaultSelectionStyle, DefaultTextStyle, MediaQuery])
                                                                                                                                                                   │                                                           │       │                                              │      └RichText(textAlign: center, softWrap: wrapping at box width, maxLines: 2, text: "朱雀会", dependencies: [Directionality, _LocalizationsScope-[GlobalKey#a7717]], renderObject: RenderParagraph#8d35a relayoutBoundary=up2)
                                                                                                                                                                   │                                                           │       │                                              ├Container(bg: Color(alpha: 1.0000, red: 0.9333, green: 0.9333, blue: 0.9333, colorSpace: ColorSpace.sRGB), constraints: BoxConstraints(0.0<=w<=Infinity, h=65.0))
                                                                                                                                                                   │                                                           │       │                                              │└ConstrainedBox(BoxConstraints(0.0<=w<=Infinity, h=65.0), renderObject: RenderConstrainedBox#1034a relayoutBoundary=up35)
                                                                                                                                                                   │                                                           │       │                                              │ └ColoredBox(color: Color(alpha: 1.0000, red: 0.9333, green: 0.9333, blue: 0.9333, colorSpace: ColorSpace.sRGB), renderObject: _RenderColoredBox#e8524)
                                                                                                                                                                   │                                                           │       │                                              │  └CustomPaint(renderObject: RenderCustomPaint#d76ca)
                                                                                                                                                                   │                                                           │       │                                              ├SizedBox(height: 65.0, renderObject: RenderConstrainedBox#e1040 relayoutBoundary=up35)
                                                                                                                                                                   │                                                           │       │                                              ├Container(Alignment.center, constraints: BoxConstraints(0.0<=w<=Infinity, h=65.0))
                                                                                                                                                                   │                                                           │       │                                              │└ConstrainedBox(BoxConstraints(0.0<=w<=Infinity, h=65.0), renderObject: RenderConstrainedBox#b99d9 relayoutBoundary=up35)
                                                                                                                                                                   │                                                           │       │                                              │ └Align(alignment: Alignment.center, dependencies: [Directionality], renderObject: RenderPositionedBox#6809d)
                                                                                                                                                                   │                                                           │       │                                              │  └Text("0", inherit: true, color: Color(alpha: 0.8667, red: 0.0000, green: 0.0000, blue: 0.0000, colorSpace: ColorSpace.sRGB), size: 13.0, weight: 700, dependencies: [DefaultSelectionStyle, DefaultTextStyle, MediaQuery])
                                                                                                                                                                   │                                                           │       │                                              │   └RichText(softWrap: wrapping at box width, maxLines: unlimited, text: "0", dependencies: [Directionality, _LocalizationsScope-[GlobalKey#a7717]], renderObject: RenderParagraph#d175b relayoutBoundary=up1)
                                                                                                                                                                   │                                                           │       │                                              ├Container(Alignment.center, constraints: BoxConstraints(0.0<=w<=Infinity, h=65.0))
                                                                                                                                                                   │                                                           │       │                                              │└ConstrainedBox(BoxConstraints(0.0<=w<=Infinity, h=65.0), renderObject: RenderConstrainedBox#9d40a relayoutBoundary=up35)
                                                                                                                                                                   │                                                           │       │                                              │ └Align(alignment: Alignment.center, dependencies: [Directionality], renderObject: RenderPositionedBox#cd181)
                                                                                                                                                                   │                                                           │       │                                              │  └Text("0", inherit: true, color: Color(alpha: 0.8667, red: 0.0000, green: 0.0000, blue: 0.0000, colorSpace: ColorSpace.sRGB), size: 13.0, weight: 700, dependencies: [DefaultSelectionStyle, DefaultTextStyle, MediaQuery])
                                                                                                                                                                   │                                                           │       │                                              │   └RichText(softWrap: wrapping at box width, maxLines: unlimited, text: "0", dependencies: [Directionality, _LocalizationsScope-[GlobalKey#a7717]], renderObject: RenderParagraph#cda09 relayoutBoundary=up1)
                                                                                                                                                                   │                                                           │       │                                              ├Container(Alignment.center, constraints: BoxConstraints(0.0<=w<=Infinity, h=65.0))
                                                                                                                                                                   │                                                           │       │                                              │└ConstrainedBox(BoxConstraints(0.0<=w<=Infinity, h=65.0), renderObject: RenderConstrainedBox#b010e relayoutBoundary=up35)
                                                                                                                                                                   │                                                           │       │                                              │ └Align(alignment: Alignment.center, dependencies: [Directionality], renderObject: RenderPositionedBox#8a6f8)
                                                                                                                                                                   │                                                           │       │                                              │  └Text("0", inherit: true, color: Color(alpha: 0.8667, red: 0.0000, green: 0.0000, blue: 0.0000, colorSpace: ColorSpace.sRGB), size: 13.0, weight: 700, dependencies: [DefaultSelectionStyle, DefaultTextStyle, MediaQuery])
                                                                                                                                                                   │                                                           │       │                                              │   └RichText(softWrap: wrapping at box width, maxLines: unlimited, text: "0", dependencies: [Directionality, _LocalizationsScope-[GlobalKey#a7717]], renderObject: RenderParagraph#00b07 relayoutBoundary=up1)
                                                                                                                                                                   │                                                           │       │                                              ├Container(Alignment.center, constraints: BoxConstraints(0.0<=w<=Infinity, h=65.0))
                                                                                                                                                                   │                                                           │       │                                              │└ConstrainedBox(BoxConstraints(0.0<=w<=Infinity, h=65.0), renderObject: RenderConstrainedBox#c01a0 relayoutBoundary=up35)
                                                                                                                                                                   │                                                           │       │                                              │ └Align(alignment: Alignment.center, dependencies: [Directionality], renderObject: RenderPositionedBox#b3641)
                                                                                                                                                                   │                                                           │       │                                              │  └Text("0", inherit: true, color: Color(alpha: 0.8667, red: 0.0000, green: 0.0000, blue: 0.0000, colorSpace: ColorSpace.sRGB), size: 13.0, weight: 700, dependencies: [DefaultSelectionStyle, DefaultTextStyle, MediaQuery])
                                                                                                                                                                   │                                                           │       │                                              │   └RichText(softWrap: wrapping at box width, maxLines: unlimited, text: "0", dependencies: [Directionality, _LocalizationsScope-[GlobalKey#a7717]], renderObject: RenderParagraph#ed2b4 relayoutBoundary=up1)
                                                                                                                                                                   │                                                           │       │                                              ├Container(Alignment.center, bg: Color(alpha: 1.0000, red: 1.0000, green: 0.9529, blue: 0.8784, colorSpace: ColorSpace.sRGB), constraints: BoxConstraints(0.0<=w<=Infinity, h=65.0))
                                                                                                                                                                   │                                                           │       │                                              │└ConstrainedBox(BoxConstraints(0.0<=w<=Infinity, h=65.0), renderObject: RenderConstrainedBox#31578 relayoutBoundary=up35)
                                                                                                                                                                   │                                                           │       │                                              │ └ColoredBox(color: Color(alpha: 1.0000, red: 1.0000, green: 0.9529, blue: 0.8784, colorSpace: ColorSpace.sRGB), renderObject: _RenderColoredBox#a6d8b)
                                                                                                                                                                   │                                                           │       │                                              │  └Align(alignment: Alignment.center, dependencies: [Directionality], renderObject: RenderPositionedBox#bf7fc)
                                                                                                                                                                   │                                                           │       │                                              │   └Text("-", inherit: true, color: Color(alpha: 1.0000, red: 0.9373, green: 0.4235, blue: 0.0000, colorSpace: ColorSpace.sRGB), size: 16.0, weight: 700, dependencies: [DefaultSelectionStyle, DefaultTextStyle, MediaQuery])
                                                                                                                                                                   │                                                           │       │                                              │    └RichText(softWrap: wrapping at box width, maxLines: unlimited, text: "-", dependencies: [Directionality, _LocalizationsScope-[GlobalKey#a7717]], renderObject: RenderParagraph#a03f1 relayoutBoundary=up1)
                                                                                                                                                                   │                                                           │       │                                              ├Container(Alignment.center, bg: BoxDecoration(color: Color(alpha: 1.0000, red: 0.9098, green: 0.9176, blue: 0.9647, colorSpace: ColorSpace.sRGB)), constraints: BoxConstraints(0.0<=w<=Infinity, h=65.0))
                                                                                                                                                                   │                                                           │       │                                              │└ConstrainedBox(BoxConstraints(0.0<=w<=Infinity, h=65.0), renderObject: RenderConstrainedBox#8bf8c relayoutBoundary=up35)
                                                                                                                                                                   │                                                           │       │                                              │ └DecoratedBox(bg: BoxDecoration(color: Color(alpha: 1.0000, red: 0.9098, green: 0.9176, blue: 0.9647, colorSpace: ColorSpace.sRGB)), dependencies: [Directionality, MediaQuery, _LocalizationsScope-[GlobalKey#a7717]], renderObject: RenderDecoratedBox#3f055)
                                                                                                                                                                   │                                                           │       │                                              │  └Padding(padding: EdgeInsets.zero, dependencies: [Directionality], renderObject: RenderPadding#d68df)
                                                                                                                                                                   │                                                           │       │                                              │   └Align(alignment: Alignment.center, dependencies: [Directionality], renderObject: RenderPositionedBox#78708)
                                                                                                                                                                   │                                                           │       │                                              │    └Padding(padding: EdgeInsets.all(4.0), dependencies: [Directionality], renderObject: RenderPadding#c553a relayoutBoundary=up1)
                                                                                                                                                                   │                                                           │       │                                              │     └Text("青龍道場", inherit: true, color: Color(alpha: 0.8667, red: 0.0000, green: 0.0000, blue: 0.0000, colorSpace: ColorSpace.sRGB), size: 11.0, weight: 700, textAlign: center, maxLines: 2, dependencies: [DefaultSelectionStyle, DefaultTextStyle, MediaQuery])
                                                                                                                                                                   │                                                           │       │                                              │      └RichText(textAlign: center, softWrap: wrapping at box width, maxLines: 2, text: "青龍道場", dependencies: [Directionality, _LocalizationsScope-[GlobalKey#a7717]], renderObject: RenderParagraph#baea2 relayoutBoundary=up2)
                                                                                                                                                                   │                                                           │       │                                              ├SizedBox(height: 65.0, renderObject: RenderConstrainedBox#9d4c9 relayoutBoundary=up35)
                                                                                                                                                                   │                                                           │       │                                              ├Container(bg: Color(alpha: 1.0000, red: 0.9333, green: 0.9333, blue: 0.9333, colorSpace: ColorSpace.sRGB), constraints: BoxConstraints(0.0<=w<=Infinity, h=65.0))
                                                                                                                                                                   │                                                           │       │                                              │└ConstrainedBox(BoxConstraints(0.0<=w<=Infinity, h=65.0), renderObject: RenderConstrainedBox#f5cbe relayoutBoundary=up35)
                                                                                                                                                                   │                                                           │       │                                              │ └ColoredBox(color: Color(alpha: 1.0000, red: 0.9333, green: 0.9333, blue: 0.9333, colorSpace: ColorSpace.sRGB), renderObject: _RenderColoredBox#d2025)
                                                                                                                                                                   │                                                           │       │                                              │  └CustomPaint(renderObject: RenderCustomPaint#000bf)
                                                                                                                                                                   │                                                           │       │                                              ├Container(Alignment.center, constraints: BoxConstraints(0.0<=w<=Infinity, h=65.0))
                                                                                                                                                                   │                                                           │       │                                              │└ConstrainedBox(BoxConstraints(0.0<=w<=Infinity, h=65.0), renderObject: RenderConstrainedBox#79ffd relayoutBoundary=up35)
                                                                                                                                                                   │                                                           │       │                                              │ └Align(alignment: Alignment.center, dependencies: [Directionality], renderObject: RenderPositionedBox#0e9de)
                                                                                                                                                                   │                                                           │       │                                              │  └Text("0", inherit: true, color: Color(alpha: 0.8667, red: 0.0000, green: 0.0000, blue: 0.0000, colorSpace: ColorSpace.sRGB), size: 13.0, weight: 700, dependencies: [DefaultSelectionStyle, DefaultTextStyle, MediaQuery])
                                                                                                                                                                   │                                                           │       │                                              │   └RichText(softWrap: wrapping at box width, maxLines: unlimited, text: "0", dependencies: [Directionality, _LocalizationsScope-[GlobalKey#a7717]], renderObject: RenderParagraph#3636c relayoutBoundary=up1)
                                                                                                                                                                   │                                                           │       │                                              ├Container(Alignment.center, constraints: BoxConstraints(0.0<=w<=Infinity, h=65.0))
                                                                                                                                                                   │                                                           │       │                                              │└ConstrainedBox(BoxConstraints(0.0<=w<=Infinity, h=65.0), renderObject: RenderConstrainedBox#e329e relayoutBoundary=up35)
                                                                                                                                                                   │                                                           │       │                                              │ └Align(alignment: Alignment.center, dependencies: [Directionality], renderObject: RenderPositionedBox#18c75)
                                                                                                                                                                   │                                                           │       │                                              │  └Text("0", inherit: true, color: Color(alpha: 0.8667, red: 0.0000, green: 0.0000, blue: 0.0000, colorSpace: ColorSpace.sRGB), size: 13.0, weight: 700, dependencies: [DefaultSelectionStyle, DefaultTextStyle, MediaQuery])
                                                                                                                                                                   │                                                           │       │                                              │   └RichText(softWrap: wrapping at box width, maxLines: unlimited, text: "0", dependencies: [Directionality, _LocalizationsScope-[GlobalKey#a7717]], renderObject: RenderParagraph#0f8d5 relayoutBoundary=up1)
                                                                                                                                                                   │                                                           │       │                                              ├Container(Alignment.center, constraints: BoxConstraints(0.0<=w<=Infinity, h=65.0))
                                                                                                                                                                   │                                                           │       │                                              │└ConstrainedBox(BoxConstraints(0.0<=w<=Infinity, h=65.0), renderObject: RenderConstrainedBox#cc78a relayoutBoundary=up35)
                                                                                                                                                                   │                                                           │       │                                              │ └Align(alignment: Alignment.center, dependencies: [Directionality], renderObject: RenderPositionedBox#dc23c)
                                                                                                                                                                   │                                                           │       │                                              │  └Text("0", inherit: true, color: Color(alpha: 0.8667, red: 0.0000, green: 0.0000, blue: 0.0000, colorSpace: ColorSpace.sRGB), size: 13.0, weight: 700, dependencies: [DefaultSelectionStyle, DefaultTextStyle, MediaQuery])
                                                                                                                                                                   │                                                           │       │                                              │   └RichText(softWrap: wrapping at box width, maxLines: unlimited, text: "0", dependencies: [Directionality, _LocalizationsScope-[GlobalKey#a7717]], renderObject: RenderParagraph#9f602 relayoutBoundary=up1)
                                                                                                                                                                   │                                                           │       │                                              ├Container(Alignment.center, constraints: BoxConstraints(0.0<=w<=Infinity, h=65.0))
                                                                                                                                                                   │                                                           │       │                                              │└ConstrainedBox(BoxConstraints(0.0<=w<=Infinity, h=65.0), renderObject: RenderConstrainedBox#e9a3a relayoutBoundary=up35)
                                                                                                                                                                   │                                                           │       │                                              │ └Align(alignment: Alignment.center, dependencies: [Directionality], renderObject: RenderPositionedBox#32baf)
                                                                                                                                                                   │                                                           │       │                                              │  └Text("0", inherit: true, color: Color(alpha: 0.8667, red: 0.0000, green: 0.0000, blue: 0.0000, colorSpace: ColorSpace.sRGB), size: 13.0, weight: 700, dependencies: [DefaultSelectionStyle, DefaultTextStyle, MediaQuery])
                                                                                                                                                                   │                                                           │       │                                              │   └RichText(softWrap: wrapping at box width, maxLines: unlimited, text: "0", dependencies: [Directionality, _LocalizationsScope-[GlobalKey#a7717]], renderObject: RenderParagraph#db45e relayoutBoundary=up1)
                                                                                                                                                                   │                                                           │       │                                              └Container(Alignment.center, bg: Color(alpha: 1.0000, red: 1.0000, green: 0.9529, blue: 0.8784, colorSpace: ColorSpace.sRGB), constraints: BoxConstraints(0.0<=w<=Infinity, h=65.0))
                                                                                                                                                                   │                                                           │       │                                               └ConstrainedBox(BoxConstraints(0.0<=w<=Infinity, h=65.0), renderObject: RenderConstrainedBox#9ea22 relayoutBoundary=up35)
                                                                                                                                                                   │                                                           │       │                                                └ColoredBox(color: Color(alpha: 1.0000, red: 1.0000, green: 0.9529, blue: 0.8784, colorSpace: ColorSpace.sRGB), renderObject: _RenderColoredBox#54d92)
                                                                                                                                                                   │                                                           │       │                                                 └Align(alignment: Alignment.center, dependencies: [Directionality], renderObject: RenderPositionedBox#1c403)
                                                                                                                                                                   │                                                           │       │                                                  └Text("-", inherit: true, color: Color(alpha: 1.0000, red: 0.9373, green: 0.4235, blue: 0.0000, colorSpace: ColorSpace.sRGB), size: 16.0, weight: 700, dependencies: [DefaultSelectionStyle, DefaultTextStyle, MediaQuery])
                                                                                                                                                                   │                                                           │       │                                                   └RichText(softWrap: wrapping at box width, maxLines: unlimited, text: "-", dependencies: [Directionality, _LocalizationsScope-[GlobalKey#a7717]], renderObject: RenderParagraph#e3f3e relayoutBoundary=up1)
                                                                                                                                                                   │                                                           │       ├SizedBox(height: 32.0, renderObject: RenderConstrainedBox#81ccb relayoutBoundary=up15)
                                                                                                                                                                   │                                                           │       ├Padding(padding: EdgeInsets(8.0, 0.0, 0.0, 12.0), dependencies: [Directionality], renderObject: RenderPadding#e7b86 relayoutBoundary=up15)
                                                                                                                                                                   │                                                           │       │└Text("▼ 対戦カード別 スコア詳細", inherit: true, color: MaterialColor(primary value: Color(alpha: 1.0000, red: 0.6196, green: 0.6196, blue: 0.6196, colorSpace: ColorSpace.sRGB)), size: 14.0, weight: 700, dependencies: [DefaultSelectionStyle, DefaultTextStyle, MediaQuery])
                                                                                                                                                                   │                                                           │       │ └RichText(softWrap: wrapping at box width, maxLines: unlimited, text: "▼ 対戦カード別 スコア詳細", dependencies: [Directionality, _LocalizationsScope-[GlobalKey#a7717]], renderObject: RenderParagraph#7d88d relayoutBoundary=up16)
                                                                                                                                                                   │                                                           │       ├Padding(padding: EdgeInsets(0.0, 0.0, 0.0, 24.0), dependencies: [Directionality], renderObject: RenderPadding#eecd8 relayoutBoundary=up15)
                                                                                                                                                                   │                                                           │       │└InkWell-[<'viewer_match_card_青龍道場 vs 朱雀会'>]
                                                                                                                                                                   │                                                           │       │ └_InkResponseStateWidget(gestures: [tap], mouseCursor: null, clipped to BoxShape.rectangle, dependencies: [InheritedCupertinoTheme, MediaQuery, _InheritedTheme, _LocalizationsScope-[GlobalKey#a7717]], state: _InkResponseState#7def6)
                                                                                                                                                                   │                                                           │       │  └_ParentInkResponseProvider
                                                                                                                                                                   │                                                           │       │   └Actions(dispatcher: null, actions: {ActivateIntent: CallbackAction<ActivateIntent>#4fc3d, ButtonActivateIntent: CallbackAction<ButtonActivateIntent>#d30b1}, state: _ActionsState#e1596)
                                                                                                                                                                   │                                                           │       │    └_ActionsScope
                                                                                                                                                                   │                                                           │       │     └Focus(dependencies: [_FocusInheritedScope], state: _FocusState#0d066)
                                                                                                                                                                   │                                                           │       │      └_FocusInheritedScope
                                                                                                                                                                   │                                                           │       │       └Semantics(container: false, properties: SemanticsProperties, renderObject: RenderSemanticsAnnotations#dd9dc relayoutBoundary=up16)
                                                                                                                                                                   │                                                           │       │        └MouseRegion(listeners: [enter, exit], cursor: SystemMouseCursor(basic), renderObject: RenderMouseRegion#99cdc relayoutBoundary=up17)
                                                                                                                                                                   │                                                           │       │         └Builder(dependencies: [DefaultSelectionStyle])
                                                                                                                                                                   │                                                           │       │          └DefaultSelectionStyle
                                                                                                                                                                   │                                                           │       │           └Semantics(container: false, properties: SemanticsProperties, renderObject: RenderSemanticsAnnotations#99c40 relayoutBoundary=up18)
                                                                                                                                                                   │                                                           │       │            └GestureDetector(startBehavior: start, dependencies: [MediaQuery, ScrollConfiguration])
                                                                                                                                                                   │                                                           │       │             └RawGestureDetector(state: RawGestureDetectorState#c2fb5(gestures: [tap], excludeFromSemantics: true, behavior: opaque))
                                                                                                                                                                   │                                                           │       │              └Listener(listeners: [down, panZoomStart], behavior: opaque, renderObject: RenderPointerListener#2c593 relayoutBoundary=up19)
                                                                                                                                                                   │                                                           │       │               └Card(dependencies: [InheritedCupertinoTheme, _InheritedTheme, _LocalizationsScope-[GlobalKey#a7717]])
                                                                                                                                                                   │                                                           │       │                └Semantics(container: true, properties: SemanticsProperties, renderObject: RenderSemanticsAnnotations#b4d9d relayoutBoundary=up20)
                                                                                                                                                                   │                                                           │       │                 └Padding(padding: EdgeInsets(4.0, 8.0, 4.0, 8.0), dependencies: [Directionality], renderObject: RenderPadding#51bad relayoutBoundary=up21)
                                                                                                                                                                   │                                                           │       │                  └Material(type: card, color: Color(alpha: 1.0000, red: 1.0000, green: 1.0000, blue: 1.0000, colorSpace: ColorSpace.sRGB), shadowColor: Color(alpha: 1.0000, red: 0.0000, green: 0.0000, blue: 0.0000, colorSpace: ColorSpace.sRGB), surfaceTintColor: Color(alpha: 0.0000, red: 0.0000, green: 0.0000, blue: 0.0000, colorSpace: ColorSpace.sRGB), shape: RoundedRectangleBorder(BorderSide(color: Color(alpha: 1.0000, red: 0.8784, green: 0.8784, blue: 0.8784, colorSpace: ColorSpace.sRGB)), BorderRadius.circular(12.0)), dependencies: [InheritedCupertinoTheme, _InheritedTheme, _LocalizationsScope-[GlobalKey#a7717]], state: _MaterialState#68604)
                                                                                                                                                                   │                                                           │       │                   └_MaterialInterior(duration: 200ms, shape: RoundedRectangleBorder(BorderSide(color: Color(alpha: 1.0000, red: 0.8784, green: 0.8784, blue: 0.8784, colorSpace: ColorSpace.sRGB)), BorderRadius.circular(12.0)), elevation: 0.0, color: Color(alpha: 1.0000, red: 1.0000, green: 1.0000, blue: 1.0000, colorSpace: ColorSpace.sRGB), shadowColor: Color(alpha: 1.0000, red: 0.0000, green: 0.0000, blue: 0.0000, colorSpace: ColorSpace.sRGB), dependencies: [Directionality, InheritedCupertinoTheme, _InheritedTheme, _LocalizationsScope-[GlobalKey#a7717]], state: _MaterialInteriorState#b41ec(ticker inactive))
                                                                                                                                                                   │                                                           │       │                    └PhysicalShape(clipper: ShapeBorderClipper, elevation: 0.0, color: Color(alpha: 1.0000, red: 1.0000, green: 1.0000, blue: 1.0000, colorSpace: ColorSpace.sRGB), shadowColor: Color(alpha: 1.0000, red: 0.0000, green: 0.0000, blue: 0.0000, colorSpace: ColorSpace.sRGB), renderObject: RenderPhysicalShape#92dad relayoutBoundary=up22)
                                                                                                                                                                   │                                                           │       │                     └_ShapeBorderPaint(dependencies: [Directionality])
                                                                                                                                                                   │                                                           │       │                      └CustomPaint(renderObject: RenderCustomPaint#90706 relayoutBoundary=up23)
                                                                                                                                                                   │                                                           │       │                       └NotificationListener<LayoutChangedNotification>
                                                                                                                                                                   │                                                           │       │                        └_InkFeatures-[GlobalKey#d9662 ink renderer](renderObject: _RenderInkFeatures#9e3f5 relayoutBoundary=up24)
                                                                                                                                                                   │                                                           │       │                         └AnimatedDefaultTextStyle(duration: 200ms, debugLabel: (englishLike bodyMedium 2021).merge((blackMountainView bodyMedium).apply), inherit: false, color: Color(alpha: 1.0000, red: 0.1137, green: 0.1059, blue: 0.1255, colorSpace: ColorSpace.sRGB), family: Roboto, size: 14.0, weight: 400, letterSpacing: 0.3, baseline: alphabetic, height: 1.4x, leadingDistribution: even, decoration: Color(alpha: 1.0000, red: 0.1137, green: 0.1059, blue: 0.1255, colorSpace: ColorSpace.sRGB) TextDecoration.none, softWrap: wrapping at box width, overflow: clip, state: _AnimatedDefaultTextStyleState#77b75(ticker inactive))
                                                                                                                                                                   │                                                           │       │                          └DefaultTextStyle(debugLabel: (englishLike bodyMedium 2021).merge((blackMountainView bodyMedium).apply), inherit: false, color: Color(alpha: 1.0000, red: 0.1137, green: 0.1059, blue: 0.1255, colorSpace: ColorSpace.sRGB), family: Roboto, size: 14.0, weight: 400, letterSpacing: 0.3, baseline: alphabetic, height: 1.4x, leadingDistribution: even, decoration: Color(alpha: 1.0000, red: 0.1137, green: 0.1059, blue: 0.1255, colorSpace: ColorSpace.sRGB) TextDecoration.none, softWrap: wrapping at box width, overflow: clip)
                                                                                                                                                                   │                                                           │       │                           └Semantics(container: false, properties: SemanticsProperties, renderObject: RenderSemanticsAnnotations#203a9 relayoutBoundary=up25)
                                                                                                                                                                   │                                                           │       │                            └Stack(alignment: AlignmentDirectional.topStart, fit: loose, dependencies: [Directionality], renderObject: RenderStack#21b48 relayoutBoundary=up26)
                                                                                                                                                                   │                                                           │       │                             └Column(direction: vertical, mainAxisAlignment: start, crossAxisAlignment: center, renderObject: RenderFlex#19668 relayoutBoundary=up27)
                                                                                                                                                                   │                                                           │       │                              ├Container(padding: EdgeInsets.all(12.0), bg: Color(alpha: 1.0000, red: 0.9608, green: 0.9608, blue: 0.9608, colorSpace: ColorSpace.sRGB), constraints: BoxConstraints(w=Infinity, 0.0<=h<=Infinity))
                                                                                                                                                                   │                                                           │       │                              │└ConstrainedBox(BoxConstraints(w=Infinity, 0.0<=h<=Infinity), renderObject: RenderConstrainedBox#8a7ad relayoutBoundary=up28)
                                                                                                                                                                   │                                                           │       │                              │ └ColoredBox(color: Color(alpha: 1.0000, red: 0.9608, green: 0.9608, blue: 0.9608, colorSpace: ColorSpace.sRGB), renderObject: _RenderColoredBox#55bb6 relayoutBoundary=up29)
                                                                                                                                                                   │                                                           │       │                              │  └Padding(padding: EdgeInsets.all(12.0), dependencies: [Directionality], renderObject: RenderPadding#35c54 relayoutBoundary=up30)
                                                                                                                                                                   │                                                           │       │                              │   └Text("【リーグ戦】 青龍道場 vs 朱雀会", inherit: true, color: Color(alpha: 1.0000, red: 0.2588, green: 0.2588, blue: 0.2588, colorSpace: ColorSpace.sRGB), weight: 700, dependencies: [DefaultSelectionStyle, DefaultTextStyle, MediaQuery])
                                                                                                                                                                   │                                                           │       │                              │    └RichText(softWrap: wrapping at box width, maxLines: unlimited, text: "【リーグ戦】 青龍道場 vs 朱雀会", dependencies: [Directionality, _LocalizationsScope-[GlobalKey#a7717]], renderObject: RenderParagraph#ccaa2 relayoutBoundary=up31)
                                                                                                                                                                   │                                                           │       │                              └Table(dependencies: [Directionality, MediaQuery, _LocalizationsScope-[GlobalKey#a7717]], renderObject: RenderTable#754e3 relayoutBoundary=up28)
                                                                                                                                                                   │                                                           │       │                               ├SizedBox.shrink(renderObject: RenderConstrainedBox#f159a relayoutBoundary=up29)
                                                                                                                                                                   │                                                           │       │                               ├Container(bg: Color(alpha: 0.0000, red: 0.0000, green: 0.0000, blue: 0.0000, colorSpace: ColorSpace.sRGB))
                                                                                                                                                                   │                                                           │       │                               │└ColoredBox(color: Color(alpha: 0.0000, red: 0.0000, green: 0.0000, blue: 0.0000, colorSpace: ColorSpace.sRGB), renderObject: _RenderColoredBox#016f7 relayoutBoundary=up29)
                                                                                                                                                                   │                                                           │       │                               │ └Center(alignment: Alignment.center, dependencies: [Directionality], renderObject: RenderPositionedBox#6ba1e relayoutBoundary=up30)
                                                                                                                                                                   │                                                           │       │                               │  └Padding(padding: EdgeInsets.all(8.0), dependencies: [Directionality], renderObject: RenderPadding#f6897 relayoutBoundary=up31)
                                                                                                                                                                   │                                                           │       │                               │   └Text("先鋒", inherit: true, color: Color(alpha: 1.0000, red: 0.2588, green: 0.2588, blue: 0.2588, colorSpace: ColorSpace.sRGB), size: 10.0, weight: 700, dependencies: [DefaultSelectionStyle, DefaultTextStyle, MediaQuery])
                                                                                                                                                                   │                                                           │       │                               │    └RichText(softWrap: wrapping at box width, maxLines: unlimited, text: "先鋒", dependencies: [Directionality, _LocalizationsScope-[GlobalKey#a7717]], renderObject: RenderParagraph#f14a6 relayoutBoundary=up32)
                                                                                                                                                                   │                                                           │       │                               ├Center(alignment: Alignment.center, dependencies: [Directionality], renderObject: RenderPositionedBox#62fd6 relayoutBoundary=up29)
                                                                                                                                                                   │                                                           │       │                               │└Padding(padding: EdgeInsets.all(8.0), dependencies: [Directionality], renderObject: RenderPadding#6eb04 relayoutBoundary=up30)
                                                                                                                                                                   │                                                           │       │                               │ └Text("本/勝", inherit: true, color: Color(alpha: 1.0000, red: 0.3804, green: 0.3804, blue: 0.3804, colorSpace: ColorSpace.sRGB), size: 10.0, dependencies: [DefaultSelectionStyle, DefaultTextStyle, MediaQuery])
                                                                                                                                                                   │                                                           │       │                               │  └RichText(softWrap: wrapping at box width, maxLines: unlimited, text: "本/勝", dependencies: [Directionality, _LocalizationsScope-[GlobalKey#a7717]], renderObject: RenderParagraph#d526d relayoutBoundary=up31)
                                                                                                                                                                   │                                                           │       │                               ├Center(alignment: Alignment.center, dependencies: [Directionality], renderObject: RenderPositionedBox#62f38 relayoutBoundary=up29)
                                                                                                                                                                   │                                                           │       │                               │└Padding(padding: EdgeInsets.all(4.0), dependencies: [Directionality], renderObject: RenderPadding#bbf54 relayoutBoundary=up30)
                                                                                                                                                                   │                                                           │       │                               │ └Text("青龍道場", inherit: true, color: Color(alpha: 1.0000, red: 0.8275, green: 0.1843, blue: 0.1843, colorSpace: ColorSpace.sRGB), size: 11.0, weight: 700, textAlign: center, dependencies: [DefaultSelectionStyle, DefaultTextStyle, MediaQuery])
                                                                                                                                                                   │                                                           │       │                               │  └RichText(textAlign: center, softWrap: wrapping at box width, maxLines: unlimited, text: "青龍道場", dependencies: [Directionality, _LocalizationsScope-[GlobalKey#a7717]], renderObject: RenderParagraph#2ce39 relayoutBoundary=up31)
                                                                                                                                                                   │                                                           │       │                               ├Container(bg: Color(alpha: 0.0000, red: 0.0000, green: 0.0000, blue: 0.0000, colorSpace: ColorSpace.sRGB))
                                                                                                                                                                   │                                                           │       │                               │└ColoredBox(color: Color(alpha: 0.0000, red: 0.0000, green: 0.0000, blue: 0.0000, colorSpace: ColorSpace.sRGB), renderObject: _RenderColoredBox#9c5f1 relayoutBoundary=up29)
                                                                                                                                                                   │                                                           │       │                               │ └Center(alignment: Alignment.center, dependencies: [Directionality], renderObject: RenderPositionedBox#3e74a relayoutBoundary=up30)
                                                                                                                                                                   │                                                           │       │                               │  └Padding(padding: EdgeInsets(4.0, 12.0, 4.0, 12.0), dependencies: [Directionality], renderObject: RenderPadding#1623a relayoutBoundary=up31)
                                                                                                                                                                   │                                                           │       │                               │   └Column(direction: vertical, mainAxisAlignment: start, mainAxisSize: min, crossAxisAlignment: center, renderObject: RenderFlex#571ec relayoutBoundary=up32)
                                                                                                                                                                   │                                                           │       │                               │    ├Text("先", inherit: true, color: Color(alpha: 1.0000, red: 0.2588, green: 0.2588, blue: 0.2588, colorSpace: ColorSpace.sRGB), size: 11.0, weight: 700, height: 1.1x, dependencies: [DefaultSelectionStyle, DefaultTextStyle, MediaQuery])
                                                                                                                                                                   │                                                           │       │                               │    │└RichText(softWrap: wrapping at box width, maxLines: unlimited, text: "先", dependencies: [Directionality, _LocalizationsScope-[GlobalKey#a7717]], renderObject: RenderParagraph#4e484 relayoutBoundary=up33)
                                                                                                                                                                   │                                                           │       │                               │    └Text("鋒", inherit: true, color: Color(alpha: 1.0000, red: 0.2588, green: 0.2588, blue: 0.2588, colorSpace: ColorSpace.sRGB), size: 11.0, weight: 700, height: 1.1x, dependencies: [DefaultSelectionStyle, DefaultTextStyle, MediaQuery])
                                                                                                                                                                   │                                                           │       │                               │     └RichText(softWrap: wrapping at box width, maxLines: unlimited, text: "鋒", dependencies: [Directionality, _LocalizationsScope-[GlobalKey#a7717]], renderObject: RenderParagraph#8b7ba relayoutBoundary=up33)
                                                                                                                                                                   │                                                           │       │                               ├Center(alignment: Alignment.center, dependencies: [Directionality], renderObject: RenderPositionedBox#cc382 relayoutBoundary=up29)
                                                                                                                                                                   │                                                           │       │                               │└Text("0\n--\n0", inherit: true, color: Color(alpha: 1.0000, red: 0.2588, green: 0.2588, blue: 0.2588, colorSpace: ColorSpace.sRGB), size: 12.0, weight: 700, textAlign: center, dependencies: [DefaultSelectionStyle, DefaultTextStyle, MediaQuery])
                                                                                                                                                                   │                                                           │       │                               │ └RichText(textAlign: center, softWrap: wrapping at box width, maxLines: unlimited, text: "0\n--\n0", dependencies: [Directionality, _LocalizationsScope-[GlobalKey#a7717]], renderObject: RenderParagraph#96382 relayoutBoundary=up30)
                                                                                                                                                                   │                                                           │       │                               ├SizedBox.shrink(renderObject: RenderConstrainedBox#61721 relayoutBoundary=up29)
                                                                                                                                                                   │                                                           │       │                               ├Container(Alignment.center, constraints: BoxConstraints(0.0<=w<=Infinity, h=70.0))
                                                                                                                                                                   │                                                           │       │                               │└ConstrainedBox(BoxConstraints(0.0<=w<=Infinity, h=70.0), renderObject: RenderConstrainedBox#92228 relayoutBoundary=up29)
                                                                                                                                                                   │                                                           │       │                               │ └Align(alignment: Alignment.center, dependencies: [Directionality], renderObject: RenderPositionedBox#87b58)
                                                                                                                                                                   │                                                           │       │                               │  └Stack(alignment: Alignment.center, fit: loose, dependencies: [Directionality], renderObject: RenderStack#d1044 relayoutBoundary=up1)
                                                                                                                                                                   │                                                           │       │                               │   ├Divider(dependencies: [InheritedCupertinoTheme, _InheritedTheme, _LocalizationsScope-[GlobalKey#a7717]])
                                                                                                                                                                   │                                                           │       │                               │   │└SizedBox(height: 0.0, renderObject: RenderConstrainedBox#18bae relayoutBoundary=up2)
                                                                                                                                                                   │                                                           │       │                               │   │ └Center(alignment: Alignment.center, dependencies: [Directionality], renderObject: RenderPositionedBox#70ff0 relayoutBoundary=up3)
                                                                                                                                                                   │                                                           │       │                               │   │  └Container(bg: BoxDecoration(border: Border(bottom: BorderSide(color: Color(alpha: 1.0000, red: 0.8784, green: 0.8784, blue: 0.8784, colorSpace: ColorSpace.sRGB)))), constraints: BoxConstraints(0.0<=w<=Infinity, h=1.0), margin: EdgeInsets.zero)
                                                                                                                                                                   │                                                           │       │                               │   │   └Padding(padding: EdgeInsets.zero, dependencies: [Directionality], renderObject: RenderPadding#0e8ad relayoutBoundary=up4)
                                                                                                                                                                   │                                                           │       │                               │   │    └ConstrainedBox(BoxConstraints(0.0<=w<=Infinity, h=1.0), renderObject: RenderConstrainedBox#57b10 relayoutBoundary=up5)
                                                                                                                                                                   │                                                           │       │                               │   │     └DecoratedBox(bg: BoxDecoration(border: Border(bottom: BorderSide(color: Color(alpha: 1.0000, red: 0.8784, green: 0.8784, blue: 0.8784, colorSpace: ColorSpace.sRGB)))), dependencies: [Directionality, MediaQuery, _LocalizationsScope-[GlobalKey#a7717]], renderObject: RenderDecoratedBox#02422 relayoutBoundary=up6)
                                                                                                                                                                   │                                                           │       │                               │   │      └Padding(padding: EdgeInsets(0.0, 0.0, 0.0, 1.0), dependencies: [Directionality], renderObject: RenderPadding#5fa5e relayoutBoundary=up7)
                                                                                                                                                                   │                                                           │       │                               │   │       └LimitedBox(maxWidth: 0.0, maxHeight: 0.0, renderObject: RenderLimitedBox#a09fc relayoutBoundary=up8)
                                                                                                                                                                   │                                                           │       │                               │   │        └ConstrainedBox(BoxConstraints(biggest), renderObject: RenderConstrainedBox#83794 relayoutBoundary=up9)
                                                                                                                                                                   │                                                           │       │                               │   └Column(direction: vertical, mainAxisAlignment: start, crossAxisAlignment: center, renderObject: RenderFlex#71b14 relayoutBoundary=up2)
                                                                                                                                                                   │                                                           │       │                               │    ├Expanded(flex: 1)
                                                                                                                                                                   │                                                           │       │                               │    │└SizedBox(width: 36.0, height: 36.0, renderObject: RenderConstrainedBox#465ca relayoutBoundary=up3)
                                                                                                                                                                   │                                                           │       │                               │    │ └Stack(alignment: Alignment.center, fit: loose, dependencies: [Directionality], renderObject: RenderStack#5ad98)
                                                                                                                                                                   │                                                           │       │                               │    └Expanded(flex: 1)
                                                                                                                                                                   │                                                           │       │                               │     └SizedBox(width: 36.0, height: 36.0, renderObject: RenderConstrainedBox#697a4 relayoutBoundary=up3)
                                                                                                                                                                   │                                                           │       │                               │      └Stack(alignment: Alignment.center, fit: loose, dependencies: [Directionality], renderObject: RenderStack#2c4f1)
                                                                                                                                                                   │                                                           │       │                               ├Container(Alignment.center, constraints: BoxConstraints(0.0<=w<=Infinity, h=70.0))
                                                                                                                                                                   │                                                           │       │                               │└ConstrainedBox(BoxConstraints(0.0<=w<=Infinity, h=70.0), renderObject: RenderConstrainedBox#a14e2 relayoutBoundary=up29)
                                                                                                                                                                   │                                                           │       │                               │ └Align(alignment: Alignment.center, dependencies: [Directionality], renderObject: RenderPositionedBox#74ccd)
                                                                                                                                                                   │                                                           │       │                               │  └Stack(alignment: Alignment.center, fit: loose, dependencies: [Directionality], renderObject: RenderStack#061b8 relayoutBoundary=up1)
                                                                                                                                                                   │                                                           │       │                               │   └Divider(dependencies: [InheritedCupertinoTheme, _InheritedTheme, _LocalizationsScope-[GlobalKey#a7717]])
                                                                                                                                                                   │                                                           │       │                               │    └SizedBox(height: 0.0, renderObject: RenderConstrainedBox#ae898 relayoutBoundary=up2)
                                                                                                                                                                   │                                                           │       │                               │     └Center(alignment: Alignment.center, dependencies: [Directionality], renderObject: RenderPositionedBox#bdc66 relayoutBoundary=up3)
                                                                                                                                                                   │                                                           │       │                               │      └Container(bg: BoxDecoration(border: Border(bottom: BorderSide(color: Color(alpha: 1.0000, red: 0.8784, green: 0.8784, blue: 0.8784, colorSpace: ColorSpace.sRGB)))), constraints: BoxConstraints(0.0<=w<=Infinity, h=1.0), margin: EdgeInsets.zero)
                                                                                                                                                                   │                                                           │       │                               │       └Padding(padding: EdgeInsets.zero, dependencies: [Directionality], renderObject: RenderPadding#242b8 relayoutBoundary=up4)
                                                                                                                                                                   │                                                           │       │                               │        └ConstrainedBox(BoxConstraints(0.0<=w<=Infinity, h=1.0), renderObject: RenderConstrainedBox#fce32 relayoutBoundary=up5)
                                                                                                                                                                   │                                                           │       │                               │         └DecoratedBox(bg: BoxDecoration(border: Border(bottom: BorderSide(color: Color(alpha: 1.0000, red: 0.8784, green: 0.8784, blue: 0.8784, colorSpace: ColorSpace.sRGB)))), dependencies: [Directionality, MediaQuery, _LocalizationsScope-[GlobalKey#a7717]], renderObject: RenderDecoratedBox#3f2d7 relayoutBoundary=up6)
                                                                                                                                                                   │                                                           │       │                               │          └Padding(padding: EdgeInsets(0.0, 0.0, 0.0, 1.0), dependencies: [Directionality], renderObject: RenderPadding#2d93f relayoutBoundary=up7)
                                                                                                                                                                   │                                                           │       │                               │           └LimitedBox(maxWidth: 0.0, maxHeight: 0.0, renderObject: RenderLimitedBox#8c669 relayoutBoundary=up8)
                                                                                                                                                                   │                                                           │       │                               │            └ConstrainedBox(BoxConstraints(biggest), renderObject: RenderConstrainedBox#25736 relayoutBoundary=up9)
                                                                                                                                                                   │                                                           │       │                               ├Center(alignment: Alignment.center, dependencies: [Directionality], renderObject: RenderPositionedBox#15c86 relayoutBoundary=up29)
                                                                                                                                                                   │                                                           │       │                               │└Padding(padding: EdgeInsets.all(4.0), dependencies: [Directionality], renderObject: RenderPadding#9a99d relayoutBoundary=up30)
                                                                                                                                                                   │                                                           │       │                               │ └Text("朱雀会", inherit: true, color: Color(alpha: 1.0000, red: 0.2706, green: 0.3529, blue: 0.3922, colorSpace: ColorSpace.sRGB), size: 11.0, weight: 700, textAlign: center, dependencies: [DefaultSelectionStyle, DefaultTextStyle, MediaQuery])
                                                                                                                                                                   │                                                           │       │                               │  └RichText(textAlign: center, softWrap: wrapping at box width, maxLines: unlimited, text: "朱雀会", dependencies: [Directionality, _LocalizationsScope-[GlobalKey#a7717]], renderObject: RenderParagraph#23e44 relayoutBoundary=up31)
                                                                                                                                                                   │                                                           │       │                               ├Container(bg: Color(alpha: 0.0000, red: 0.0000, green: 0.0000, blue: 0.0000, colorSpace: ColorSpace.sRGB))
                                                                                                                                                                   │                                                           │       │                               │└ColoredBox(color: Color(alpha: 0.0000, red: 0.0000, green: 0.0000, blue: 0.0000, colorSpace: ColorSpace.sRGB), renderObject: _RenderColoredBox#cccfc relayoutBoundary=up29)
                                                                                                                                                                   │                                                           │       │                               │ └Center(alignment: Alignment.center, dependencies: [Directionality], renderObject: RenderPositionedBox#e31be relayoutBoundary=up30)
                                                                                                                                                                   │                                                           │       │                               │  └Padding(padding: EdgeInsets(4.0, 12.0, 4.0, 12.0), dependencies: [Directionality], renderObject: RenderPadding#846d5 relayoutBoundary=up31)
                                                                                                                                                                   │                                                           │       │                               │   └Column(direction: vertical, mainAxisAlignment: start, mainAxisSize: min, crossAxisAlignment: center, renderObject: RenderFlex#d6664 relayoutBoundary=up32)
                                                                                                                                                                   │                                                           │       │                               │    ├Text("先", inherit: true, color: Color(alpha: 1.0000, red: 0.2588, green: 0.2588, blue: 0.2588, colorSpace: ColorSpace.sRGB), size: 11.0, weight: 700, height: 1.1x, dependencies: [DefaultSelectionStyle, DefaultTextStyle, MediaQuery])
                                                                                                                                                                   │                                                           │       │                               │    │└RichText(softWrap: wrapping at box width, maxLines: unlimited, text: "先", dependencies: [Directionality, _LocalizationsScope-[GlobalKey#a7717]], renderObject: RenderParagraph#e6d6a relayoutBoundary=up33)
                                                                                                                                                                   │                                                           │       │                               │    └Text("鋒", inherit: true, color: Color(alpha: 1.0000, red: 0.2588, green: 0.2588, blue: 0.2588, colorSpace: ColorSpace.sRGB), size: 11.0, weight: 700, height: 1.1x, dependencies: [DefaultSelectionStyle, DefaultTextStyle, MediaQuery])
                                                                                                                                                                   │                                                           │       │                               │     └RichText(softWrap: wrapping at box width, maxLines: unlimited, text: "鋒", dependencies: [Directionality, _LocalizationsScope-[GlobalKey#a7717]], renderObject: RenderParagraph#67c6f relayoutBoundary=up33)
                                                                                                                                                                   │                                                           │       │                               └Center(alignment: Alignment.center, dependencies: [Directionality], renderObject: RenderPositionedBox#b0d96 relayoutBoundary=up29)
                                                                                                                                                                   │                                                           │       │                                └Text("0\n--\n0", inherit: true, color: Color(alpha: 1.0000, red: 0.2588, green: 0.2588, blue: 0.2588, colorSpace: ColorSpace.sRGB), size: 12.0, weight: 700, textAlign: center, dependencies: [DefaultSelectionStyle, DefaultTextStyle, MediaQuery])
                                                                                                                                                                   │                                                           │       │                                 └RichText(textAlign: center, softWrap: wrapping at box width, maxLines: unlimited, text: "0\n--\n0", dependencies: [Directionality, _LocalizationsScope-[GlobalKey#a7717]], renderObject: RenderParagraph#23d09 relayoutBoundary=up30)
                                                                                                                                                                   │                                                           │       └SizedBox(height: 48.0, renderObject: RenderConstrainedBox#93399 relayoutBoundary=up15)
                                                                                                                                                                   │                                                           ├KeyedSubtree
                                                                                                                                                                   │                                                           │└AutomaticKeepAlive(state: _AutomaticKeepAliveState#1260b(handles: no notifications ever received))
                                                                                                                                                                   │                                                           │ └KeepAlive(keepAlive: false)
                                                                                                                                                                   │                                                           │  └NotificationListener<KeepAliveNotification>
                                                                                                                                                                   │                                                           │   └_SelectionKeepAlive(state: _SelectionKeepAliveState#2e62b)
                                                                                                                                                                   │                                                           │    └IndexedSemantics(index: 2, renderObject: RenderIndexedSemantics#6edfe relayoutBoundary=up12)
                                                                                                                                                                   │                                                           │     └RepaintBoundary(renderObject: RenderRepaintBoundary#fee5e relayoutBoundary=up13)
                                                                                                                                                                   │                                                           │      └Column(direction: vertical, mainAxisAlignment: start, crossAxisAlignment: start, dependencies: [Directionality], renderObject: RenderFlex#a2bcd relayoutBoundary=up14)
                                                                                                                                                                   │                                                           │       ├Padding(padding: EdgeInsets(8.0, 24.0, 0.0, 12.0), dependencies: [Directionality], renderObject: RenderPadding#a027a relayoutBoundary=up15)
                                                                                                                                                                   │                                                           │       │└Text("【リーグ戦】 佐藤（朱雀会） : 2人リーグ（全1試合）", inherit: true, color: Color(alpha: 1.0000, red: 0.1020, green: 0.1373, blue: 0.4941, colorSpace: ColorSpace.sRGB), size: 16.0, weight: 700, dependencies: [DefaultSelectionStyle, DefaultTextStyle, MediaQuery])
                                                                                                                                                                   │                                                           │       │ └RichText(softWrap: wrapping at box width, maxLines: unlimited, text: "【リーグ戦】 佐藤（朱雀会） : 2人リーグ（全1試合）", dependencies: [Directionality, _LocalizationsScope-[GlobalKey#a7717]], renderObject: RenderParagraph#16d28 relayoutBoundary=up16)
                                                                                                                                                                   │                                                           │       ├SingleChildScrollView(dependencies: [Directionality, InheritedCupertinoTheme, ScrollConfiguration, _InheritedTheme, _LocalizationsScope-[GlobalKey#a7717]])
                                                                                                                                                                   │                                                           │       │└Scrollable(axisDirection: right, physics: null, restorationId: null, dependencies: [InheritedCupertinoTheme, MediaQuery, ScrollConfiguration, UnmanagedRestorationScope, _InheritedTheme, _LocalizationsScope-[GlobalKey#a7717]], state: ScrollableState#6eec8(position: ScrollPositionWithSingleContext#db596(offset: 0.0, range: 0.0..0.0, viewport: 463.0, ScrollableState, ClampingScrollPhysics -> RangeMaintainingScrollPhysics, IdleScrollActivity#8b2a7, ScrollDirection.idle), effective physics: ClampingScrollPhysics -> RangeMaintainingScrollPhysics))
                                                                                                                                                                   │                                                           │       │ └StretchingOverscrollIndicator(axisDirection: right, state: _StretchingOverscrollIndicatorState#62039)
                                                                                                                                                                   │                                                           │       │  └NotificationListener<ScrollNotification>
                                                                                                                                                                   │                                                           │       │   └AnimatedBuilder(listenable: _StretchController(), dependencies: [MediaQuery], state: _AnimatedState#75f6d)
                                                                                                                                                                   │                                                           │       │    └ClipRect(renderObject: RenderClipRect#6fbdf relayoutBoundary=up15)
                                                                                                                                                                   │                                                           │       │     └StretchEffect(dependencies: [Directionality])
                                                                                                                                                                   │                                                           │       │      └Transform(dependencies: [Directionality], renderObject: RenderTransform#9a88e relayoutBoundary=up16)
                                                                                                                                                                   │                                                           │       │       └NotificationListener<ScrollMetricsNotification>
                                                                                                                                                                   │                                                           │       │        └_ScrollSemantics-[GlobalKey#982ca](renderObject: _RenderScrollSemantics#73737 relayoutBoundary=up17)
                                                                                                                                                                   │                                                           │       │         └_ScrollableScope
                                                                                                                                                                   │                                                           │       │          └Listener(listeners: [signal], behavior: deferToChild, renderObject: RenderPointerListener#aa571 relayoutBoundary=up18)
                                                                                                                                                                   │                                                           │       │           └RawGestureDetector-[LabeledGlobalKey<RawGestureDetectorState>#14f29](state: RawGestureDetectorState#37e93(gestures: <none>, behavior: opaque))
                                                                                                                                                                   │                                                           │       │            └_GestureSemantics(renderObject: RenderSemanticsGestureHandler#3bc1c relayoutBoundary=up19)
                                                                                                                                                                   │                                                           │       │             └Listener(listeners: [down, panZoomStart], behavior: opaque, renderObject: RenderPointerListener#17f60 relayoutBoundary=up20)
                                                                                                                                                                   │                                                           │       │              └Semantics(container: false, properties: SemanticsProperties, renderObject: RenderSemanticsAnnotations#ca136 relayoutBoundary=up21)
                                                                                                                                                                   │                                                           │       │               └IgnorePointer-[GlobalKey#85e49](ignoring: false, renderObject: RenderIgnorePointer#c859f relayoutBoundary=up22)
                                                                                                                                                                   │                                                           │       │                └_SingleChildViewport(renderObject: _RenderSingleChildViewport#590f2 relayoutBoundary=up23)
                                                                                                                                                                   │                                                           │       │                 └InkWell-[<'viewer_match_card_個人リーグA'>]
                                                                                                                                                                   │                                                           │       │                  └_InkResponseStateWidget(gestures: [tap], mouseCursor: null, clipped to BoxShape.rectangle, dependencies: [InheritedCupertinoTheme, MediaQuery, _InheritedTheme, _LocalizationsScope-[GlobalKey#a7717]], state: _InkResponseState#e25af)
                                                                                                                                                                   │                                                           │       │                   └_ParentInkResponseProvider
                                                                                                                                                                   │                                                           │       │                    └Actions(dispatcher: null, actions: {ActivateIntent: CallbackAction<ActivateIntent>#2d955, ButtonActivateIntent: CallbackAction<ButtonActivateIntent>#e452e}, state: _ActionsState#47593)
                                                                                                                                                                   │                                                           │       │                     └_ActionsScope
                                                                                                                                                                   │                                                           │       │                      └Focus(dependencies: [_FocusInheritedScope], state: _FocusState#226e9)
                                                                                                                                                                   │                                                           │       │                       └_FocusInheritedScope
                                                                                                                                                                   │                                                           │       │                        └Semantics(container: false, properties: SemanticsProperties, renderObject: RenderSemanticsAnnotations#84481 relayoutBoundary=up24)
                                                                                                                                                                   │                                                           │       │                         └MouseRegion(listeners: [enter, exit], cursor: SystemMouseCursor(basic), renderObject: RenderMouseRegion#e8458 relayoutBoundary=up25)
                                                                                                                                                                   │                                                           │       │                          └Builder(dependencies: [DefaultSelectionStyle])
                                                                                                                                                                   │                                                           │       │                           └DefaultSelectionStyle
                                                                                                                                                                   │                                                           │       │                            └Semantics(container: false, properties: SemanticsProperties, renderObject: RenderSemanticsAnnotations#d2ec3 relayoutBoundary=up26)
                                                                                                                                                                   │                                                           │       │                             └GestureDetector(startBehavior: start, dependencies: [MediaQuery, ScrollConfiguration])
                                                                                                                                                                   │                                                           │       │                              └RawGestureDetector(state: RawGestureDetectorState#c3fdf(gestures: [tap], excludeFromSemantics: true, behavior: opaque))
                                                                                                                                                                   │                                                           │       │                               └Listener(listeners: [down, panZoomStart], behavior: opaque, renderObject: RenderPointerListener#63d5e relayoutBoundary=up27)
                                                                                                                                                                   │                                                           │       │                                └Card(dependencies: [InheritedCupertinoTheme, _InheritedTheme, _LocalizationsScope-[GlobalKey#a7717]])
                                                                                                                                                                   │                                                           │       │                                 └Semantics(container: true, properties: SemanticsProperties, renderObject: RenderSemanticsAnnotations#6cb9f relayoutBoundary=up28)
                                                                                                                                                                   │                                                           │       │                                  └Padding(padding: EdgeInsets(4.0, 0.0, 4.0, 0.0), dependencies: [Directionality], renderObject: RenderPadding#d8b84 relayoutBoundary=up29)
                                                                                                                                                                   │                                                           │       │                                   └Material(type: card, color: Color(alpha: 1.0000, red: 1.0000, green: 1.0000, blue: 1.0000, colorSpace: ColorSpace.sRGB), shadowColor: Color(alpha: 1.0000, red: 0.0000, green: 0.0000, blue: 0.0000, colorSpace: ColorSpace.sRGB), surfaceTintColor: Color(alpha: 0.0000, red: 0.0000, green: 0.0000, blue: 0.0000, colorSpace: ColorSpace.sRGB), shape: RoundedRectangleBorder(BorderSide(color: Color(alpha: 1.0000, red: 0.7412, green: 0.7412, blue: 0.7412, colorSpace: ColorSpace.sRGB)), BorderRadius.circular(8.0)), dependencies: [InheritedCupertinoTheme, _InheritedTheme, _LocalizationsScope-[GlobalKey#a7717]], state: _MaterialState#26bc6)
                                                                                                                                                                   │                                                           │       │                                    └_MaterialInterior(duration: 200ms, shape: RoundedRectangleBorder(BorderSide(color: Color(alpha: 1.0000, red: 0.7412, green: 0.7412, blue: 0.7412, colorSpace: ColorSpace.sRGB)), BorderRadius.circular(8.0)), elevation: 0.0, color: Color(alpha: 1.0000, red: 1.0000, green: 1.0000, blue: 1.0000, colorSpace: ColorSpace.sRGB), shadowColor: Color(alpha: 1.0000, red: 0.0000, green: 0.0000, blue: 0.0000, colorSpace: ColorSpace.sRGB), dependencies: [Directionality, InheritedCupertinoTheme, _InheritedTheme, _LocalizationsScope-[GlobalKey#a7717]], state: _MaterialInteriorState#dc87a(ticker inactive))
                                                                                                                                                                   │                                                           │       │                                     └PhysicalShape(clipper: ShapeBorderClipper, elevation: 0.0, color: Color(alpha: 1.0000, red: 1.0000, green: 1.0000, blue: 1.0000, colorSpace: ColorSpace.sRGB), shadowColor: Color(alpha: 1.0000, red: 0.0000, green: 0.0000, blue: 0.0000, colorSpace: ColorSpace.sRGB), renderObject: RenderPhysicalShape#8ea30 relayoutBoundary=up30)
                                                                                                                                                                   │                                                           │       │                                      └_ShapeBorderPaint(dependencies: [Directionality])
                                                                                                                                                                   │                                                           │       │                                       └CustomPaint(renderObject: RenderCustomPaint#fec5a relayoutBoundary=up31)
                                                                                                                                                                   │                                                           │       │                                        └NotificationListener<LayoutChangedNotification>
                                                                                                                                                                   │                                                           │       │                                         └_InkFeatures-[GlobalKey#ae779 ink renderer](renderObject: _RenderInkFeatures#c18b2 relayoutBoundary=up32)
                                                                                                                                                                   │                                                           │       │                                          └AnimatedDefaultTextStyle(duration: 200ms, debugLabel: (englishLike bodyMedium 2021).merge((blackMountainView bodyMedium).apply), inherit: false, color: Color(alpha: 1.0000, red: 0.1137, green: 0.1059, blue: 0.1255, colorSpace: ColorSpace.sRGB), family: Roboto, size: 14.0, weight: 400, letterSpacing: 0.3, baseline: alphabetic, height: 1.4x, leadingDistribution: even, decoration: Color(alpha: 1.0000, red: 0.1137, green: 0.1059, blue: 0.1255, colorSpace: ColorSpace.sRGB) TextDecoration.none, softWrap: wrapping at box width, overflow: clip, state: _AnimatedDefaultTextStyleState#27d53(ticker inactive))
                                                                                                                                                                   │                                                           │       │                                           └DefaultTextStyle(debugLabel: (englishLike bodyMedium 2021).merge((blackMountainView bodyMedium).apply), inherit: false, color: Color(alpha: 1.0000, red: 0.1137, green: 0.1059, blue: 0.1255, colorSpace: ColorSpace.sRGB), family: Roboto, size: 14.0, weight: 400, letterSpacing: 0.3, baseline: alphabetic, height: 1.4x, leadingDistribution: even, decoration: Color(alpha: 1.0000, red: 0.1137, green: 0.1059, blue: 0.1255, colorSpace: ColorSpace.sRGB) TextDecoration.none, softWrap: wrapping at box width, overflow: clip)
                                                                                                                                                                   │                                                           │       │                                            └Semantics(container: false, properties: SemanticsProperties, renderObject: RenderSemanticsAnnotations#ad99a relayoutBoundary=up33)
                                                                                                                                                                   │                                                           │       │                                             └Table(dependencies: [Directionality, MediaQuery, _LocalizationsScope-[GlobalKey#a7717]], renderObject: RenderTable#87a7c relayoutBoundary=up34)
                                                                                                                                                                   │                                                           │       │                                              ├SizedBox(height: 50.0, renderObject: RenderConstrainedBox#d003b relayoutBoundary=up35)
                                                                                                                                                                   │                                                           │       │                                              ├Center(alignment: Alignment.center, dependencies: [Directionality], renderObject: RenderPositionedBox#c3a56 relayoutBoundary=up35)
                                                                                                                                                                   │                                                           │       │                                              │└Padding(padding: EdgeInsets.all(4.0), dependencies: [Directionality], renderObject: RenderPadding#baab6 relayoutBoundary=up36)
                                                                                                                                                                   │                                                           │       │                                              │ └Column(direction: vertical, mainAxisAlignment: start, mainAxisSize: min, crossAxisAlignment: center, renderObject: RenderFlex#f7126 relayoutBoundary=up37)
                                                                                                                                                                   │                                                           │       │                                              │  ├Text("朱", inherit: true, color: Color(alpha: 1.0000, red: 0.2588, green: 0.2588, blue: 0.2588, colorSpace: ColorSpace.sRGB), size: 11.0, weight: 700, height: 1.1x, dependencies: [DefaultSelectionStyle, DefaultTextStyle, MediaQuery])
                                                                                                                                                                   │                                                           │       │                                              │  │└RichText(softWrap: wrapping at box width, maxLines: unlimited, text: "朱", dependencies: [Directionality, _LocalizationsScope-[GlobalKey#a7717]], renderObject: RenderParagraph#64531 relayoutBoundary=up38)
                                                                                                                                                                   │                                                           │       │                                              │  ├Text("雀", inherit: true, color: Color(alpha: 1.0000, red: 0.2588, green: 0.2588, blue: 0.2588, colorSpace: ColorSpace.sRGB), size: 11.0, weight: 700, height: 1.1x, dependencies: [DefaultSelectionStyle, DefaultTextStyle, MediaQuery])
                                                                                                                                                                   │                                                           │       │                                              │  │└RichText(softWrap: wrapping at box width, maxLines: unlimited, text: "雀", dependencies: [Directionality, _LocalizationsScope-[GlobalKey#a7717]], renderObject: RenderParagraph#709ba relayoutBoundary=up38)
                                                                                                                                                                   │                                                           │       │                                              │  └Text("会", inherit: true, color: Color(alpha: 1.0000, red: 0.2588, green: 0.2588, blue: 0.2588, colorSpace: ColorSpace.sRGB), size: 11.0, weight: 700, height: 1.1x, dependencies: [DefaultSelectionStyle, DefaultTextStyle, MediaQuery])
                                                                                                                                                                   │                                                           │       │                                              │   └RichText(softWrap: wrapping at box width, maxLines: unlimited, text: "会", dependencies: [Directionality, _LocalizationsScope-[GlobalKey#a7717]], renderObject: RenderParagraph#f3bcf relayoutBoundary=up38)
                                                                                                                                                                   │                                                           │       │                                              ├Center(alignment: Alignment.center, dependencies: [Directionality], renderObject: RenderPositionedBox#bf3b8 relayoutBoundary=up35)
                                                                                                                                                                   │                                                           │       │                                              │└Padding(padding: EdgeInsets.all(4.0), dependencies: [Directionality], renderObject: RenderPadding#9de26 relayoutBoundary=up36)
                                                                                                                                                                   │                                                           │       │                                              │ └Column(direction: vertical, mainAxisAlignment: start, mainAxisSize: min, crossAxisAlignment: center, renderObject: RenderFlex#2e47c relayoutBoundary=up37)
                                                                                                                                                                   │                                                           │       │                                              │  ├Text("青", inherit: true, color: Color(alpha: 1.0000, red: 0.2588, green: 0.2588, blue: 0.2588, colorSpace: ColorSpace.sRGB), size: 11.0, weight: 700, height: 1.1x, dependencies: [DefaultSelectionStyle, DefaultTextStyle, MediaQuery])
                                                                                                                                                                   │                                                           │       │                                              │  │└RichText(softWrap: wrapping at box width, maxLines: unlimited, text: "青", dependencies: [Directionality, _LocalizationsScope-[GlobalKey#a7717]], renderObject: RenderParagraph#92838 relayoutBoundary=up38)
                                                                                                                                                                   │                                                           │       │                                              │  ├Text("龍", inherit: true, color: Color(alpha: 1.0000, red: 0.2588, green: 0.2588, blue: 0.2588, colorSpace: ColorSpace.sRGB), size: 11.0, weight: 700, height: 1.1x, dependencies: [DefaultSelectionStyle, DefaultTextStyle, MediaQuery])
                                                                                                                                                                   │                                                           │       │                                              │  │└RichText(softWrap: wrapping at box width, maxLines: unlimited, text: "龍", dependencies: [Directionality, _LocalizationsScope-[GlobalKey#a7717]], renderObject: RenderParagraph#bce5a relayoutBoundary=up38)
                                                                                                                                                                   │                                                           │       │                                              │  ├Text("道", inherit: true, color: Color(alpha: 1.0000, red: 0.2588, green: 0.2588, blue: 0.2588, colorSpace: ColorSpace.sRGB), size: 11.0, weight: 700, height: 1.1x, dependencies: [DefaultSelectionStyle, DefaultTextStyle, MediaQuery])
                                                                                                                                                                   │                                                           │       │                                              │  │└RichText(softWrap: wrapping at box width, maxLines: unlimited, text: "道", dependencies: [Directionality, _LocalizationsScope-[GlobalKey#a7717]], renderObject: RenderParagraph#0f1d3 relayoutBoundary=up38)
                                                                                                                                                                   │                                                           │       │                                              │  └Text("場", inherit: true, color: Color(alpha: 1.0000, red: 0.2588, green: 0.2588, blue: 0.2588, colorSpace: ColorSpace.sRGB), size: 11.0, weight: 700, height: 1.1x, dependencies: [DefaultSelectionStyle, DefaultTextStyle, MediaQuery])
                                                                                                                                                                   │                                                           │       │                                              │   └RichText(softWrap: wrapping at box width, maxLines: unlimited, text: "場", dependencies: [Directionality, _LocalizationsScope-[GlobalKey#a7717]], renderObject: RenderParagraph#1f9d5 relayoutBoundary=up38)
                                                                                                                                                                   │                                                           │       │                                              ├Center(alignment: Alignment.center, dependencies: [Directionality], renderObject: RenderPositionedBox#af9a1 relayoutBoundary=up35)
                                                                                                                                                                   │                                                           │       │                                              │└Padding(padding: EdgeInsets(0.0, 12.0, 0.0, 12.0), dependencies: [Directionality], renderObject: RenderPadding#7ee06 relayoutBoundary=up36)
                                                                                                                                                                   │                                                           │       │                                              │ └Text("勝数", inherit: true, color: Color(alpha: 1.0000, red: 0.4588, green: 0.4588, blue: 0.4588, colorSpace: ColorSpace.sRGB), size: 10.0, dependencies: [DefaultSelectionStyle, DefaultTextStyle, MediaQuery])
                                                                                                                                                                   │                                                           │       │                                              │  └RichText(softWrap: wrapping at box width, maxLines: unlimited, text: "勝数", dependencies: [Directionality, _LocalizationsScope-[GlobalKey#a7717]], renderObject: RenderParagraph#c9743 relayoutBoundary=up37)
                                                                                                                                                                   │                                                           │       │                                              ├Center(alignment: Alignment.center, dependencies: [Directionality], renderObject: RenderPositionedBox#c472c relayoutBoundary=up35)
                                                                                                                                                                   │                                                           │       │                                              │└Padding(padding: EdgeInsets(0.0, 12.0, 0.0, 12.0), dependencies: [Directionality], renderObject: RenderPadding#f22df relayoutBoundary=up36)
                                                                                                                                                                   │                                                           │       │                                              │ └Text("勝者", inherit: true, color: Color(alpha: 1.0000, red: 0.4588, green: 0.4588, blue: 0.4588, colorSpace: ColorSpace.sRGB), size: 10.0, dependencies: [DefaultSelectionStyle, DefaultTextStyle, MediaQuery])
                                                                                                                                                                   │                                                           │       │                                              │  └RichText(softWrap: wrapping at box width, maxLines: unlimited, text: "勝者", dependencies: [Directionality, _LocalizationsScope-[GlobalKey#a7717]], renderObject: RenderParagraph#2e48a relayoutBoundary=up37)
                                                                                                                                                                   │                                                           │       │                                              ├Center(alignment: Alignment.center, dependencies: [Directionality], renderObject: RenderPositionedBox#859a1 relayoutBoundary=up35)
                                                                                                                                                                   │                                                           │       │                                              │└Padding(padding: EdgeInsets(0.0, 12.0, 0.0, 12.0), dependencies: [Directionality], renderObject: RenderPadding#706ad relayoutBoundary=up36)
                                                                                                                                                                   │                                                           │       │                                              │ └Text("本数", inherit: true, color: Color(alpha: 1.0000, red: 0.4588, green: 0.4588, blue: 0.4588, colorSpace: ColorSpace.sRGB), size: 10.0, dependencies: [DefaultSelectionStyle, DefaultTextStyle, MediaQuery])
                                                                                                                                                                   │                                                           │       │                                              │  └RichText(softWrap: wrapping at box width, maxLines: unlimited, text: "本数", dependencies: [Directionality, _LocalizationsScope-[GlobalKey#a7717]], renderObject: RenderParagraph#eed0c relayoutBoundary=up37)
                                                                                                                                                                   │                                                           │       │                                              ├Center(alignment: Alignment.center, dependencies: [Directionality], renderObject: RenderPositionedBox#05d23 relayoutBoundary=up35)
                                                                                                                                                                   │                                                           │       │                                              │└Padding(padding: EdgeInsets(0.0, 12.0, 0.0, 12.0), dependencies: [Directionality], renderObject: RenderPadding#aef26 relayoutBoundary=up36)
                                                                                                                                                                   │                                                           │       │                                              │ └Text("勝点", inherit: true, color: Color(alpha: 1.0000, red: 0.4588, green: 0.4588, blue: 0.4588, colorSpace: ColorSpace.sRGB), size: 10.0, dependencies: [DefaultSelectionStyle, DefaultTextStyle, MediaQuery])
                                                                                                                                                                   │                                                           │       │                                              │  └RichText(softWrap: wrapping at box width, maxLines: unlimited, text: "勝点", dependencies: [Directionality, _LocalizationsScope-[GlobalKey#a7717]], renderObject: RenderParagraph#eff70 relayoutBoundary=up37)
                                                                                                                                                                   │                                                           │       │                                              ├Center(alignment: Alignment.center, dependencies: [Directionality], renderObject: RenderPositionedBox#46780 relayoutBoundary=up35)
                                                                                                                                                                   │                                                           │       │                                              │└Padding(padding: EdgeInsets(0.0, 12.0, 0.0, 12.0), dependencies: [Directionality], renderObject: RenderPadding#bea7a relayoutBoundary=up36)
                                                                                                                                                                   │                                                           │       │                                              │ └Text("順位", inherit: true, color: Color(alpha: 1.0000, red: 0.4588, green: 0.4588, blue: 0.4588, colorSpace: ColorSpace.sRGB), size: 10.0, dependencies: [DefaultSelectionStyle, DefaultTextStyle, MediaQuery])
                                                                                                                                                                   │                                                           │       │                                              │  └RichText(softWrap: wrapping at box width, maxLines: unlimited, text: "順位", dependencies: [Directionality, _LocalizationsScope-[GlobalKey#a7717]], renderObject: RenderParagraph#d20a6 relayoutBoundary=up37)
                                                                                                                                                                   │                                                           │       │                                              ├Container(Alignment.center, bg: BoxDecoration(color: Color(alpha: 1.0000, red: 0.9098, green: 0.9176, blue: 0.9647, colorSpace: ColorSpace.sRGB)), constraints: BoxConstraints(0.0<=w<=Infinity, h=65.0))
                                                                                                                                                                   │                                                           │       │                                              │└ConstrainedBox(BoxConstraints(0.0<=w<=Infinity, h=65.0), renderObject: RenderConstrainedBox#5163a relayoutBoundary=up35)
                                                                                                                                                                   │                                                           │       │                                              │ └DecoratedBox(bg: BoxDecoration(color: Color(alpha: 1.0000, red: 0.9098, green: 0.9176, blue: 0.9647, colorSpace: ColorSpace.sRGB)), dependencies: [Directionality, MediaQuery, _LocalizationsScope-[GlobalKey#a7717]], renderObject: RenderDecoratedBox#09d6d)
                                                                                                                                                                   │                                                           │       │                                              │  └Padding(padding: EdgeInsets.zero, dependencies: [Directionality], renderObject: RenderPadding#949b9)
                                                                                                                                                                   │                                                           │       │                                              │   └Align(alignment: Alignment.center, dependencies: [Directionality], renderObject: RenderPositionedBox#400e9)
                                                                                                                                                                   │                                                           │       │                                              │    └Padding(padding: EdgeInsets.all(4.0), dependencies: [Directionality], renderObject: RenderPadding#ae944 relayoutBoundary=up1)
                                                                                                                                                                   │                                                           │       │                                              │     └Text("朱雀会", inherit: true, color: Color(alpha: 0.8667, red: 0.0000, green: 0.0000, blue: 0.0000, colorSpace: ColorSpace.sRGB), size: 11.0, weight: 700, textAlign: center, maxLines: 2, dependencies: [DefaultSelectionStyle, DefaultTextStyle, MediaQuery])
                                                                                                                                                                   │                                                           │       │                                              │      └RichText(textAlign: center, softWrap: wrapping at box width, maxLines: 2, text: "朱雀会", dependencies: [Directionality, _LocalizationsScope-[GlobalKey#a7717]], renderObject: RenderParagraph#ddfc1 relayoutBoundary=up2)
                                                                                                                                                                   │                                                           │       │                                              ├Container(bg: Color(alpha: 1.0000, red: 0.9333, green: 0.9333, blue: 0.9333, colorSpace: ColorSpace.sRGB), constraints: BoxConstraints(0.0<=w<=Infinity, h=65.0))
                                                                                                                                                                   │                                                           │       │                                              │└ConstrainedBox(BoxConstraints(0.0<=w<=Infinity, h=65.0), renderObject: RenderConstrainedBox#02a4a relayoutBoundary=up35)
                                                                                                                                                                   │                                                           │       │                                              │ └ColoredBox(color: Color(alpha: 1.0000, red: 0.9333, green: 0.9333, blue: 0.9333, colorSpace: ColorSpace.sRGB), renderObject: _RenderColoredBox#637fc)
                                                                                                                                                                   │                                                           │       │                                              │  └CustomPaint(renderObject: RenderCustomPaint#6b3aa)
                                                                                                                                                                   │                                                           │       │                                              ├GestureDetector(startBehavior: start, dependencies: [MediaQuery, ScrollConfiguration])
                                                                                                                                                                   │                                                           │       │                                              │└RawGestureDetector(state: RawGestureDetectorState#4ec3c(gestures: [tap], behavior: opaque))
                                                                                                                                                                   │                                                           │       │                                              │ └_GestureSemantics(renderObject: RenderSemanticsGestureHandler#6ca79 relayoutBoundary=up35)
                                                                                                                                                                   │                                                           │       │                                              │  └Listener(listeners: [down, panZoomStart], behavior: opaque, renderObject: RenderPointerListener#3414f relayoutBoundary=up36)
                                                                                                                                                                   │                                                           │       │                                              │   └Container(Alignment.center, constraints: BoxConstraints(0.0<=w<=Infinity, h=65.0))
                                                                                                                                                                   │                                                           │       │                                              │    └ConstrainedBox(BoxConstraints(0.0<=w<=Infinity, h=65.0), renderObject: RenderConstrainedBox#ee516 relayoutBoundary=up37)
                                                                                                                                                                   │                                                           │       │                                              │     └Align(alignment: Alignment.center, dependencies: [Directionality], renderObject: RenderPositionedBox#6b288)
                                                                                                                                                                   │                                                           │       │                                              │      └Stack(alignment: Alignment.center, fit: loose, dependencies: [Directionality], renderObject: RenderStack#842d7 relayoutBoundary=up1)
                                                                                                                                                                   │                                                           │       │                                              │       ├CustomPaint(renderObject: RenderCustomPaint#c12f7 relayoutBoundary=up2)
                                                                                                                                                                   │                                                           │       │                                              │       └Column(direction: vertical, mainAxisAlignment: center, crossAxisAlignment: center, renderObject: RenderFlex#abd12 relayoutBoundary=up2)
                                                                                                                                                                   │                                                           │       │                                              │        ├SizedBox(height: 12.0, renderObject: RenderConstrainedBox#cecd1 relayoutBoundary=up3)
                                                                                                                                                                   │                                                           │       │                                              │        ├Container(bg: Color(alpha: 0.5000, red: 0.0000, green: 0.0000, blue: 0.0000, colorSpace: ColorSpace.sRGB), constraints: BoxConstraints(w=18.0, h=0.5), margin: EdgeInsets(0.0, 2.0, 0.0, 2.0))
                                                                                                                                                                   │                                                           │       │                                              │        │└Padding(padding: EdgeInsets(0.0, 2.0, 0.0, 2.0), dependencies: [Directionality], renderObject: RenderPadding#95e70 relayoutBoundary=up3)
                                                                                                                                                                   │                                                           │       │                                              │        │ └ConstrainedBox(BoxConstraints(w=18.0, h=0.5), renderObject: RenderConstrainedBox#5127e relayoutBoundary=up4)
                                                                                                                                                                   │                                                           │       │                                              │        │  └ColoredBox(color: Color(alpha: 0.5000, red: 0.0000, green: 0.0000, blue: 0.0000, colorSpace: ColorSpace.sRGB), renderObject: _RenderColoredBox#6a372)
                                                                                                                                                                   │                                                           │       │                                              │        └SizedBox(height: 12.0, renderObject: RenderConstrainedBox#5f12a relayoutBoundary=up3)
                                                                                                                                                                   │                                                           │       │                                              ├Container(Alignment.center, constraints: BoxConstraints(0.0<=w<=Infinity, h=65.0))
                                                                                                                                                                   │                                                           │       │                                              │└ConstrainedBox(BoxConstraints(0.0<=w<=Infinity, h=65.0), renderObject: RenderConstrainedBox#4d227 relayoutBoundary=up35)
                                                                                                                                                                   │                                                           │       │                                              │ └Align(alignment: Alignment.center, dependencies: [Directionality], renderObject: RenderPositionedBox#aa50d)
                                                                                                                                                                   │                                                           │       │                                              │  └Text("0", inherit: true, color: Color(alpha: 0.8667, red: 0.0000, green: 0.0000, blue: 0.0000, colorSpace: ColorSpace.sRGB), size: 13.0, weight: 700, dependencies: [DefaultSelectionStyle, DefaultTextStyle, MediaQuery])
                                                                                                                                                                   │                                                           │       │                                              │   └RichText(softWrap: wrapping at box width, maxLines: unlimited, text: "0", dependencies: [Directionality, _LocalizationsScope-[GlobalKey#a7717]], renderObject: RenderParagraph#87e51 relayoutBoundary=up1)
                                                                                                                                                                   │                                                           │       │                                              ├Container(Alignment.center, constraints: BoxConstraints(0.0<=w<=Infinity, h=65.0))
                                                                                                                                                                   │                                                           │       │                                              │└ConstrainedBox(BoxConstraints(0.0<=w<=Infinity, h=65.0), renderObject: RenderConstrainedBox#c912f relayoutBoundary=up35)
                                                                                                                                                                   │                                                           │       │                                              │ └Align(alignment: Alignment.center, dependencies: [Directionality], renderObject: RenderPositionedBox#e7a40)
                                                                                                                                                                   │                                                           │       │                                              │  └Text("0", inherit: true, color: Color(alpha: 0.8667, red: 0.0000, green: 0.0000, blue: 0.0000, colorSpace: ColorSpace.sRGB), size: 13.0, weight: 700, dependencies: [DefaultSelectionStyle, DefaultTextStyle, MediaQuery])
                                                                                                                                                                   │                                                           │       │                                              │   └RichText(softWrap: wrapping at box width, maxLines: unlimited, text: "0", dependencies: [Directionality, _LocalizationsScope-[GlobalKey#a7717]], renderObject: RenderParagraph#e7eb3 relayoutBoundary=up1)
                                                                                                                                                                   │                                                           │       │                                              ├Container(Alignment.center, constraints: BoxConstraints(0.0<=w<=Infinity, h=65.0))
                                                                                                                                                                   │                                                           │       │                                              │└ConstrainedBox(BoxConstraints(0.0<=w<=Infinity, h=65.0), renderObject: RenderConstrainedBox#bf8a9 relayoutBoundary=up35)
                                                                                                                                                                   │                                                           │       │                                              │ └Align(alignment: Alignment.center, dependencies: [Directionality], renderObject: RenderPositionedBox#16410)
                                                                                                                                                                   │                                                           │       │                                              │  └Text("0", inherit: true, color: Color(alpha: 0.8667, red: 0.0000, green: 0.0000, blue: 0.0000, colorSpace: ColorSpace.sRGB), size: 13.0, weight: 700, dependencies: [DefaultSelectionStyle, DefaultTextStyle, MediaQuery])
                                                                                                                                                                   │                                                           │       │                                              │   └RichText(softWrap: wrapping at box width, maxLines: unlimited, text: "0", dependencies: [Directionality, _LocalizationsScope-[GlobalKey#a7717]], renderObject: RenderParagraph#e926f relayoutBoundary=up1)
                                                                                                                                                                   │                                                           │       │                                              ├Container(Alignment.center, constraints: BoxConstraints(0.0<=w<=Infinity, h=65.0))
                                                                                                                                                                   │                                                           │       │                                              │└ConstrainedBox(BoxConstraints(0.0<=w<=Infinity, h=65.0), renderObject: RenderConstrainedBox#4ea27 relayoutBoundary=up35)
                                                                                                                                                                   │                                                           │       │                                              │ └Align(alignment: Alignment.center, dependencies: [Directionality], renderObject: RenderPositionedBox#af9ef)
                                                                                                                                                                   │                                                           │       │                                              │  └Text("0", inherit: true, color: Color(alpha: 0.8667, red: 0.0000, green: 0.0000, blue: 0.0000, colorSpace: ColorSpace.sRGB), size: 13.0, weight: 700, dependencies: [DefaultSelectionStyle, DefaultTextStyle, MediaQuery])
                                                                                                                                                                   │                                                           │       │                                              │   └RichText(softWrap: wrapping at box width, maxLines: unlimited, text: "0", dependencies: [Directionality, _LocalizationsScope-[GlobalKey#a7717]], renderObject: RenderParagraph#979eb relayoutBoundary=up1)
                                                                                                                                                                   │                                                           │       │                                              ├Container(Alignment.center, bg: Color(alpha: 1.0000, red: 1.0000, green: 0.9529, blue: 0.8784, colorSpace: ColorSpace.sRGB), constraints: BoxConstraints(0.0<=w<=Infinity, h=65.0))
                                                                                                                                                                   │                                                           │       │                                              │└ConstrainedBox(BoxConstraints(0.0<=w<=Infinity, h=65.0), renderObject: RenderConstrainedBox#31fbb relayoutBoundary=up35)
                                                                                                                                                                   │                                                           │       │                                              │ └ColoredBox(color: Color(alpha: 1.0000, red: 1.0000, green: 0.9529, blue: 0.8784, colorSpace: ColorSpace.sRGB), renderObject: _RenderColoredBox#08194)
                                                                                                                                                                   │                                                           │       │                                              │  └Align(alignment: Alignment.center, dependencies: [Directionality], renderObject: RenderPositionedBox#00855)
                                                                                                                                                                   │                                                           │       │                                              │   └Text("0", inherit: true, color: Color(alpha: 1.0000, red: 0.9373, green: 0.4235, blue: 0.0000, colorSpace: ColorSpace.sRGB), size: 16.0, weight: 700, dependencies: [DefaultSelectionStyle, DefaultTextStyle, MediaQuery])
                                                                                                                                                                   │                                                           │       │                                              │    └RichText(softWrap: wrapping at box width, maxLines: unlimited, text: "0", dependencies: [Directionality, _LocalizationsScope-[GlobalKey#a7717]], renderObject: RenderParagraph#2b19c relayoutBoundary=up1)
                                                                                                                                                                   │                                                           │       │                                              ├Container(Alignment.center, bg: BoxDecoration(color: Color(alpha: 1.0000, red: 0.9098, green: 0.9176, blue: 0.9647, colorSpace: ColorSpace.sRGB)), constraints: BoxConstraints(0.0<=w<=Infinity, h=65.0))
                                                                                                                                                                   │                                                           │       │                                              │└ConstrainedBox(BoxConstraints(0.0<=w<=Infinity, h=65.0), renderObject: RenderConstrainedBox#b3d9f relayoutBoundary=up35)
                                                                                                                                                                   │                                                           │       │                                              │ └DecoratedBox(bg: BoxDecoration(color: Color(alpha: 1.0000, red: 0.9098, green: 0.9176, blue: 0.9647, colorSpace: ColorSpace.sRGB)), dependencies: [Directionality, MediaQuery, _LocalizationsScope-[GlobalKey#a7717]], renderObject: RenderDecoratedBox#6e9d9)
                                                                                                                                                                   │                                                           │       │                                              │  └Padding(padding: EdgeInsets.zero, dependencies: [Directionality], renderObject: RenderPadding#8623e)
                                                                                                                                                                   │                                                           │       │                                              │   └Align(alignment: Alignment.center, dependencies: [Directionality], renderObject: RenderPositionedBox#eec97)
                                                                                                                                                                   │                                                           │       │                                              │    └Padding(padding: EdgeInsets.all(4.0), dependencies: [Directionality], renderObject: RenderPadding#19467 relayoutBoundary=up1)
                                                                                                                                                                   │                                                           │       │                                              │     └Text("青龍道場", inherit: true, color: Color(alpha: 0.8667, red: 0.0000, green: 0.0000, blue: 0.0000, colorSpace: ColorSpace.sRGB), size: 11.0, weight: 700, textAlign: center, maxLines: 2, dependencies: [DefaultSelectionStyle, DefaultTextStyle, MediaQuery])
                                                                                                                                                                   │                                                           │       │                                              │      └RichText(textAlign: center, softWrap: wrapping at box width, maxLines: 2, text: "青龍道場", dependencies: [Directionality, _LocalizationsScope-[GlobalKey#a7717]], renderObject: RenderParagraph#f7009 relayoutBoundary=up2)
                                                                                                                                                                   │                                                           │       │                                              ├GestureDetector(startBehavior: start, dependencies: [MediaQuery, ScrollConfiguration])
                                                                                                                                                                   │                                                           │       │                                              │└RawGestureDetector(state: RawGestureDetectorState#0bfce(gestures: [tap], behavior: opaque))
                                                                                                                                                                   │                                                           │       │                                              │ └_GestureSemantics(renderObject: RenderSemanticsGestureHandler#34824 relayoutBoundary=up35)
                                                                                                                                                                   │                                                           │       │                                              │  └Listener(listeners: [down, panZoomStart], behavior: opaque, renderObject: RenderPointerListener#1acbb relayoutBoundary=up36)
                                                                                                                                                                   │                                                           │       │                                              │   └Container(Alignment.center, constraints: BoxConstraints(0.0<=w<=Infinity, h=65.0))
                                                                                                                                                                   │                                                           │       │                                              │    └ConstrainedBox(BoxConstraints(0.0<=w<=Infinity, h=65.0), renderObject: RenderConstrainedBox#f5254 relayoutBoundary=up37)
                                                                                                                                                                   │                                                           │       │                                              │     └Align(alignment: Alignment.center, dependencies: [Directionality], renderObject: RenderPositionedBox#7465b)
                                                                                                                                                                   │                                                           │       │                                              │      └Stack(alignment: Alignment.center, fit: loose, dependencies: [Directionality], renderObject: RenderStack#f594a relayoutBoundary=up1)
                                                                                                                                                                   │                                                           │       │                                              │       ├CustomPaint(renderObject: RenderCustomPaint#716b4 relayoutBoundary=up2)
                                                                                                                                                                   │                                                           │       │                                              │       └Column(direction: vertical, mainAxisAlignment: center, crossAxisAlignment: center, renderObject: RenderFlex#02ba1 relayoutBoundary=up2)
                                                                                                                                                                   │                                                           │       │                                              │        ├Text("◯", inherit: true, color: Color(alpha: 0.8667, red: 0.0000, green: 0.0000, blue: 0.0000, colorSpace: ColorSpace.sRGB), size: 10.0, weight: 700, height: 1.1x, dependencies: [DefaultSelectionStyle, DefaultTextStyle, MediaQuery])
                                                                                                                                                                   │                                                           │       │                                              │        │└RichText(softWrap: wrapping at box width, maxLines: unlimited, text: "◯", dependencies: [Directionality, _LocalizationsScope-[GlobalKey#a7717]], renderObject: RenderParagraph#86b72 relayoutBoundary=up3)
                                                                                                                                                                   │                                                           │       │                                              │        ├Container(bg: Color(alpha: 0.5000, red: 0.0000, green: 0.0000, blue: 0.0000, colorSpace: ColorSpace.sRGB), constraints: BoxConstraints(w=18.0, h=0.5), margin: EdgeInsets(0.0, 2.0, 0.0, 2.0))
                                                                                                                                                                   │                                                           │       │                                              │        │└Padding(padding: EdgeInsets(0.0, 2.0, 0.0, 2.0), dependencies: [Directionality], renderObject: RenderPadding#da223 relayoutBoundary=up3)
                                                                                                                                                                   │                                                           │       │                                              │        │ └ConstrainedBox(BoxConstraints(w=18.0, h=0.5), renderObject: RenderConstrainedBox#961b8 relayoutBoundary=up4)
                                                                                                                                                                   │                                                           │       │                                              │        │  └ColoredBox(color: Color(alpha: 0.5000, red: 0.0000, green: 0.0000, blue: 0.0000, colorSpace: ColorSpace.sRGB), renderObject: _RenderColoredBox#a5182)
                                                                                                                                                                   │                                                           │       │                                              │        └SizedBox(height: 12.0, renderObject: RenderConstrainedBox#8e5c6 relayoutBoundary=up3)
                                                                                                                                                                   │                                                           │       │                                              ├Container(bg: Color(alpha: 1.0000, red: 0.9333, green: 0.9333, blue: 0.9333, colorSpace: ColorSpace.sRGB), constraints: BoxConstraints(0.0<=w<=Infinity, h=65.0))
                                                                                                                                                                   │                                                           │       │                                              │└ConstrainedBox(BoxConstraints(0.0<=w<=Infinity, h=65.0), renderObject: RenderConstrainedBox#10a45 relayoutBoundary=up35)
                                                                                                                                                                   │                                                           │       │                                              │ └ColoredBox(color: Color(alpha: 1.0000, red: 0.9333, green: 0.9333, blue: 0.9333, colorSpace: ColorSpace.sRGB), renderObject: _RenderColoredBox#ddd5f)
                                                                                                                                                                   │                                                           │       │                                              │  └CustomPaint(renderObject: RenderCustomPaint#dacb4)
                                                                                                                                                                   │                                                           │       │                                              ├Container(Alignment.center, constraints: BoxConstraints(0.0<=w<=Infinity, h=65.0))
                                                                                                                                                                   │                                                           │       │                                              │└ConstrainedBox(BoxConstraints(0.0<=w<=Infinity, h=65.0), renderObject: RenderConstrainedBox#70d18 relayoutBoundary=up35)
                                                                                                                                                                   │                                                           │       │                                              │ └Align(alignment: Alignment.center, dependencies: [Directionality], renderObject: RenderPositionedBox#99242)
                                                                                                                                                                   │                                                           │       │                                              │  └Text("0", inherit: true, color: Color(alpha: 0.8667, red: 0.0000, green: 0.0000, blue: 0.0000, colorSpace: ColorSpace.sRGB), size: 13.0, weight: 700, dependencies: [DefaultSelectionStyle, DefaultTextStyle, MediaQuery])
                                                                                                                                                                   │                                                           │       │                                              │   └RichText(softWrap: wrapping at box width, maxLines: unlimited, text: "0", dependencies: [Directionality, _LocalizationsScope-[GlobalKey#a7717]], renderObject: RenderParagraph#b6980 relayoutBoundary=up1)
                                                                                                                                                                   │                                                           │       │                                              ├Container(Alignment.center, constraints: BoxConstraints(0.0<=w<=Infinity, h=65.0))
                                                                                                                                                                   │                                                           │       │                                              │└ConstrainedBox(BoxConstraints(0.0<=w<=Infinity, h=65.0), renderObject: RenderConstrainedBox#0f295 relayoutBoundary=up35)
                                                                                                                                                                   │                                                           │       │                                              │ └Align(alignment: Alignment.center, dependencies: [Directionality], renderObject: RenderPositionedBox#83949)
                                                                                                                                                                   │                                                           │       │                                              │  └Text("0", inherit: true, color: Color(alpha: 0.8667, red: 0.0000, green: 0.0000, blue: 0.0000, colorSpace: ColorSpace.sRGB), size: 13.0, weight: 700, dependencies: [DefaultSelectionStyle, DefaultTextStyle, MediaQuery])
                                                                                                                                                                   │                                                           │       │                                              │   └RichText(softWrap: wrapping at box width, maxLines: unlimited, text: "0", dependencies: [Directionality, _LocalizationsScope-[GlobalKey#a7717]], renderObject: RenderParagraph#51149 relayoutBoundary=up1)
                                                                                                                                                                   │                                                           │       │                                              ├Container(Alignment.center, constraints: BoxConstraints(0.0<=w<=Infinity, h=65.0))
                                                                                                                                                                   │                                                           │       │                                              │└ConstrainedBox(BoxConstraints(0.0<=w<=Infinity, h=65.0), renderObject: RenderConstrainedBox#b9a80 relayoutBoundary=up35)
                                                                                                                                                                   │                                                           │       │                                              │ └Align(alignment: Alignment.center, dependencies: [Directionality], renderObject: RenderPositionedBox#65724)
                                                                                                                                                                   │                                                           │       │                                              │  └Text("0", inherit: true, color: Color(alpha: 0.8667, red: 0.0000, green: 0.0000, blue: 0.0000, colorSpace: ColorSpace.sRGB), size: 13.0, weight: 700, dependencies: [DefaultSelectionStyle, DefaultTextStyle, MediaQuery])
                                                                                                                                                                   │                                                           │       │                                              │   └RichText(softWrap: wrapping at box width, maxLines: unlimited, text: "0", dependencies: [Directionality, _LocalizationsScope-[GlobalKey#a7717]], renderObject: RenderParagraph#b774f relayoutBoundary=up1)
                                                                                                                                                                   │                                                           │       │                                              ├Container(Alignment.center, constraints: BoxConstraints(0.0<=w<=Infinity, h=65.0))
                                                                                                                                                                   │                                                           │       │                                              │└ConstrainedBox(BoxConstraints(0.0<=w<=Infinity, h=65.0), renderObject: RenderConstrainedBox#e004b relayoutBoundary=up35)
                                                                                                                                                                   │                                                           │       │                                              │ └Align(alignment: Alignment.center, dependencies: [Directionality], renderObject: RenderPositionedBox#fdb40)
                                                                                                                                                                   │                                                           │       │                                              │  └Text("0", inherit: true, color: Color(alpha: 0.8667, red: 0.0000, green: 0.0000, blue: 0.0000, colorSpace: ColorSpace.sRGB), size: 13.0, weight: 700, dependencies: [DefaultSelectionStyle, DefaultTextStyle, MediaQuery])
                                                                                                                                                                   │                                                           │       │                                              │   └RichText(softWrap: wrapping at box width, maxLines: unlimited, text: "0", dependencies: [Directionality, _LocalizationsScope-[GlobalKey#a7717]], renderObject: RenderParagraph#e5097 relayoutBoundary=up1)
                                                                                                                                                                   │                                                           │       │                                              └Container(Alignment.center, bg: Color(alpha: 1.0000, red: 1.0000, green: 0.9529, blue: 0.8784, colorSpace: ColorSpace.sRGB), constraints: BoxConstraints(0.0<=w<=Infinity, h=65.0))
                                                                                                                                                                   │                                                           │       │                                               └ConstrainedBox(BoxConstraints(0.0<=w<=Infinity, h=65.0), renderObject: RenderConstrainedBox#4063e relayoutBoundary=up35)
                                                                                                                                                                   │                                                           │       │                                                └ColoredBox(color: Color(alpha: 1.0000, red: 1.0000, green: 0.9529, blue: 0.8784, colorSpace: ColorSpace.sRGB), renderObject: _RenderColoredBox#ce12f)
                                                                                                                                                                   │                                                           │       │                                                 └Align(alignment: Alignment.center, dependencies: [Directionality], renderObject: RenderPositionedBox#4279a)
                                                                                                                                                                   │                                                           │       │                                                  └Text("0", inherit: true, color: Color(alpha: 1.0000, red: 0.9373, green: 0.4235, blue: 0.0000, colorSpace: ColorSpace.sRGB), size: 16.0, weight: 700, dependencies: [DefaultSelectionStyle, DefaultTextStyle, MediaQuery])
                                                                                                                                                                   │                                                           │       │                                                   └RichText(softWrap: wrapping at box width, maxLines: unlimited, text: "0", dependencies: [Directionality, _LocalizationsScope-[GlobalKey#a7717]], renderObject: RenderParagraph#75fd5 relayoutBoundary=up1)
                                                                                                                                                                   │                                                           │       ├SizedBox(height: 32.0, renderObject: RenderConstrainedBox#ee580 relayoutBoundary=up15)
                                                                                                                                                                   │                                                           │       ├Padding(padding: EdgeInsets(8.0, 0.0, 0.0, 12.0), dependencies: [Directionality], renderObject: RenderPadding#81970 relayoutBoundary=up15)
                                                                                                                                                                   │                                                           │       │└Text("▼ 対戦カード別 スコア詳細", inherit: true, color: MaterialColor(primary value: Color(alpha: 1.0000, red: 0.6196, green: 0.6196, blue: 0.6196, colorSpace: ColorSpace.sRGB)), size: 14.0, weight: 700, dependencies: [DefaultSelectionStyle, DefaultTextStyle, MediaQuery])
                                                                                                                                                                   │                                                           │       │ └RichText(softWrap: wrapping at box width, maxLines: unlimited, text: "▼ 対戦カード別 スコア詳細", dependencies: [Directionality, _LocalizationsScope-[GlobalKey#a7717]], renderObject: RenderParagraph#6279e relayoutBoundary=up16)
                                                                                                                                                                   │                                                           │       ├Padding(padding: EdgeInsets(0.0, 0.0, 0.0, 24.0), dependencies: [Directionality], renderObject: RenderPadding#9e57e relayoutBoundary=up15)
                                                                                                                                                                   │                                                           │       │└InkWell-[<'viewer_match_card_対戦スコア詳細'>]
                                                                                                                                                                   │                                                           │       │ └_InkResponseStateWidget(gestures: [tap], mouseCursor: null, clipped to BoxShape.rectangle, dependencies: [InheritedCupertinoTheme, MediaQuery, _InheritedTheme, _LocalizationsScope-[GlobalKey#a7717]], state: _InkResponseState#65676)
                                                                                                                                                                   │                                                           │       │  └_ParentInkResponseProvider
                                                                                                                                                                   │                                                           │       │   └Actions(dispatcher: null, actions: {ActivateIntent: CallbackAction<ActivateIntent>#fbadf, ButtonActivateIntent: CallbackAction<ButtonActivateIntent>#ff8b2}, state: _ActionsState#746cb)
                                                                                                                                                                   │                                                           │       │    └_ActionsScope
                                                                                                                                                                   │                                                           │       │     └Focus(dependencies: [_FocusInheritedScope], state: _FocusState#97f1a)
                                                                                                                                                                   │                                                           │       │      └_FocusInheritedScope
                                                                                                                                                                   │                                                           │       │       └Semantics(container: false, properties: SemanticsProperties, renderObject: RenderSemanticsAnnotations#276d2 relayoutBoundary=up16)
                                                                                                                                                                   │                                                           │       │        └MouseRegion(listeners: [enter, exit], cursor: SystemMouseCursor(basic), renderObject: RenderMouseRegion#5546a relayoutBoundary=up17)
                                                                                                                                                                   │                                                           │       │         └Builder(dependencies: [DefaultSelectionStyle])
                                                                                                                                                                   │                                                           │       │          └DefaultSelectionStyle
                                                                                                                                                                   │                                                           │       │           └Semantics(container: false, properties: SemanticsProperties, renderObject: RenderSemanticsAnnotations#f9c43 relayoutBoundary=up18)
                                                                                                                                                                   │                                                           │       │            └GestureDetector(startBehavior: start, dependencies: [MediaQuery, ScrollConfiguration])
                                                                                                                                                                   │                                                           │       │             └RawGestureDetector(state: RawGestureDetectorState#d7afc(gestures: [tap], excludeFromSemantics: true, behavior: opaque))
                                                                                                                                                                   │                                                           │       │              └Listener(listeners: [down, panZoomStart], behavior: opaque, renderObject: RenderPointerListener#9ae19 relayoutBoundary=up19)
                                                                                                                                                                   │                                                           │       │               └Card(dependencies: [InheritedCupertinoTheme, _InheritedTheme, _LocalizationsScope-[GlobalKey#a7717]])
                                                                                                                                                                   │                                                           │       │                └Semantics(container: true, properties: SemanticsProperties, renderObject: RenderSemanticsAnnotations#a4a8b relayoutBoundary=up20)
                                                                                                                                                                   │                                                           │       │                 └Padding(padding: EdgeInsets(4.0, 8.0, 4.0, 8.0), dependencies: [Directionality], renderObject: RenderPadding#0b5ae relayoutBoundary=up21)
                                                                                                                                                                   │                                                           │       │                  └Material(type: card, color: Color(alpha: 1.0000, red: 1.0000, green: 1.0000, blue: 1.0000, colorSpace: ColorSpace.sRGB), shadowColor: Color(alpha: 1.0000, red: 0.0000, green: 0.0000, blue: 0.0000, colorSpace: ColorSpace.sRGB), surfaceTintColor: Color(alpha: 0.0000, red: 0.0000, green: 0.0000, blue: 0.0000, colorSpace: ColorSpace.sRGB), shape: RoundedRectangleBorder(BorderSide(color: Color(alpha: 1.0000, red: 0.8784, green: 0.8784, blue: 0.8784, colorSpace: ColorSpace.sRGB)), BorderRadius.circular(12.0)), dependencies: [InheritedCupertinoTheme, _InheritedTheme, _LocalizationsScope-[GlobalKey#a7717]], state: _MaterialState#68db7)
                                                                                                                                                                   │                                                           │       │                   └_MaterialInterior(duration: 200ms, shape: RoundedRectangleBorder(BorderSide(color: Color(alpha: 1.0000, red: 0.8784, green: 0.8784, blue: 0.8784, colorSpace: ColorSpace.sRGB)), BorderRadius.circular(12.0)), elevation: 0.0, color: Color(alpha: 1.0000, red: 1.0000, green: 1.0000, blue: 1.0000, colorSpace: ColorSpace.sRGB), shadowColor: Color(alpha: 1.0000, red: 0.0000, green: 0.0000, blue: 0.0000, colorSpace: ColorSpace.sRGB), dependencies: [Directionality, InheritedCupertinoTheme, _InheritedTheme, _LocalizationsScope-[GlobalKey#a7717]], state: _MaterialInteriorState#8a348(ticker inactive))
                                                                                                                                                                   │                                                           │       │                    └PhysicalShape(clipper: ShapeBorderClipper, elevation: 0.0, color: Color(alpha: 1.0000, red: 1.0000, green: 1.0000, blue: 1.0000, colorSpace: ColorSpace.sRGB), shadowColor: Color(alpha: 1.0000, red: 0.0000, green: 0.0000, blue: 0.0000, colorSpace: ColorSpace.sRGB), renderObject: RenderPhysicalShape#3331e relayoutBoundary=up22)
                                                                                                                                                                   │                                                           │       │                     └_ShapeBorderPaint(dependencies: [Directionality])
                                                                                                                                                                   │                                                           │       │                      └CustomPaint(renderObject: RenderCustomPaint#65941 relayoutBoundary=up23)
                                                                                                                                                                   │                                                           │       │                       └NotificationListener<LayoutChangedNotification>
                                                                                                                                                                   │                                                           │       │                        └_InkFeatures-[GlobalKey#61939 ink renderer](renderObject: _RenderInkFeatures#b5360 relayoutBoundary=up24)
                                                                                                                                                                   │                                                           │       │                         └AnimatedDefaultTextStyle(duration: 200ms, debugLabel: (englishLike bodyMedium 2021).merge((blackMountainView bodyMedium).apply), inherit: false, color: Color(alpha: 1.0000, red: 0.1137, green: 0.1059, blue: 0.1255, colorSpace: ColorSpace.sRGB), family: Roboto, size: 14.0, weight: 400, letterSpacing: 0.3, baseline: alphabetic, height: 1.4x, leadingDistribution: even, decoration: Color(alpha: 1.0000, red: 0.1137, green: 0.1059, blue: 0.1255, colorSpace: ColorSpace.sRGB) TextDecoration.none, softWrap: wrapping at box width, overflow: clip, state: _AnimatedDefaultTextStyleState#f7f6d(ticker inactive))
                                                                                                                                                                   │                                                           │       │                          └DefaultTextStyle(debugLabel: (englishLike bodyMedium 2021).merge((blackMountainView bodyMedium).apply), inherit: false, color: Color(alpha: 1.0000, red: 0.1137, green: 0.1059, blue: 0.1255, colorSpace: ColorSpace.sRGB), family: Roboto, size: 14.0, weight: 400, letterSpacing: 0.3, baseline: alphabetic, height: 1.4x, leadingDistribution: even, decoration: Color(alpha: 1.0000, red: 0.1137, green: 0.1059, blue: 0.1255, colorSpace: ColorSpace.sRGB) TextDecoration.none, softWrap: wrapping at box width, overflow: clip)
                                                                                                                                                                   │                                                           │       │                           └Semantics(container: false, properties: SemanticsProperties, renderObject: RenderSemanticsAnnotations#0a0f0 relayoutBoundary=up25)
                                                                                                                                                                   │                                                           │       │                            └Column(direction: vertical, mainAxisAlignment: start, crossAxisAlignment: center, renderObject: RenderFlex#4a25e relayoutBoundary=up26)
                                                                                                                                                                   │                                                           │       │                             ├Container(padding: EdgeInsets.all(12.0), bg: Color(alpha: 1.0000, red: 0.9804, green: 0.9804, blue: 0.9804, colorSpace: ColorSpace.sRGB), constraints: BoxConstraints(w=Infinity, 0.0<=h<=Infinity))
                                                                                                                                                                   │                                                           │       │                             │└ConstrainedBox(BoxConstraints(w=Infinity, 0.0<=h<=Infinity), renderObject: RenderConstrainedBox#83118 relayoutBoundary=up27)
                                                                                                                                                                   │                                                           │       │                             │ └ColoredBox(color: Color(alpha: 1.0000, red: 0.9804, green: 0.9804, blue: 0.9804, colorSpace: ColorSpace.sRGB), renderObject: _RenderColoredBox#59eb5 relayoutBoundary=up28)
                                                                                                                                                                   │                                                           │       │                             │  └Padding(padding: EdgeInsets.all(12.0), dependencies: [Directionality], renderObject: RenderPadding#a6557 relayoutBoundary=up29)
                                                                                                                                                                   │                                                           │       │                             │   └Text("【個人戦】 対戦スコア詳細", inherit: true, color: Color(alpha: 1.0000, red: 0.2588, green: 0.2588, blue: 0.2588, colorSpace: ColorSpace.sRGB), weight: 700, dependencies: [DefaultSelectionStyle, DefaultTextStyle, MediaQuery])
                                                                                                                                                                   │                                                           │       │                             │    └RichText(softWrap: wrapping at box width, maxLines: unlimited, text: "【個人戦】 対戦スコア詳細", dependencies: [Directionality, _LocalizationsScope-[GlobalKey#a7717]], renderObject: RenderParagraph#08f3b relayoutBoundary=up30)
                                                                                                                                                                   │                                                           │       │                             └ListView(scrollDirection: vertical, NeverScrollableScrollPhysics, shrinkWrap: shrink-wrapping, dependencies: [InheritedCupertinoTheme, MediaQuery, ScrollConfiguration, _InheritedTheme, _LocalizationsScope-[GlobalKey#a7717]])
                                                                                                                                                                   │                                                           │       │                              └Scrollable(axisDirection: down, physics: NeverScrollableScrollPhysics, restorationId: null, dependencies: [InheritedCupertinoTheme, MediaQuery, ScrollConfiguration, UnmanagedRestorationScope, _InheritedTheme, _LocalizationsScope-[GlobalKey#a7717]], state: ScrollableState#b0732(position: ScrollPositionWithSingleContext#74759(offset: 0.0, range: 0.0..0.0, viewport: 80.0, ScrollableState, NeverScrollableScrollPhysics -> ClampingScrollPhysics -> RangeMaintainingScrollPhysics, IdleScrollActivity#694af, ScrollDirection.idle), effective physics: NeverScrollableScrollPhysics -> ClampingScrollPhysics -> RangeMaintainingScrollPhysics))
                                                                                                                                                                   │                                                           │       │                               └StretchingOverscrollIndicator(axisDirection: down, state: _StretchingOverscrollIndicatorState#15849)
                                                                                                                                                                   │                                                           │       │                                └NotificationListener<ScrollNotification>
                                                                                                                                                                   │                                                           │       │                                 └AnimatedBuilder(listenable: _StretchController(), dependencies: [MediaQuery], state: _AnimatedState#ed1c5)
                                                                                                                                                                   │                                                           │       │                                  └ClipRect(renderObject: RenderClipRect#b7ca9 relayoutBoundary=up27)
                                                                                                                                                                   │                                                           │       │                                   └StretchEffect(dependencies: [Directionality])
                                                                                                                                                                   │                                                           │       │                                    └Transform(dependencies: [Directionality], renderObject: RenderTransform#7d852 relayoutBoundary=up28)
                                                                                                                                                                   │                                                           │       │                                     └NotificationListener<ScrollMetricsNotification>
                                                                                                                                                                   │                                                           │       │                                      └_ScrollSemantics-[GlobalKey#afaf0](renderObject: _RenderScrollSemantics#a69a4 relayoutBoundary=up29)
                                                                                                                                                                   │                                                           │       │                                       └_ScrollableScope
                                                                                                                                                                   │                                                           │       │                                        └Listener(listeners: [signal], behavior: deferToChild, renderObject: RenderPointerListener#833f3 relayoutBoundary=up30)
                                                                                                                                                                   │                                                           │       │                                         └RawGestureDetector-[LabeledGlobalKey<RawGestureDetectorState>#a33e0](state: RawGestureDetectorState#d58ca(gestures: <none>, behavior: opaque))
                                                                                                                                                                   │                                                           │       │                                          └_GestureSemantics(renderObject: RenderSemanticsGestureHandler#8cea9 relayoutBoundary=up31)
                                                                                                                                                                   │                                                           │       │                                           └Listener(listeners: [down, panZoomStart], behavior: opaque, renderObject: RenderPointerListener#671f2 relayoutBoundary=up32)
                                                                                                                                                                   │                                                           │       │                                            └Semantics(container: false, properties: SemanticsProperties, renderObject: RenderSemanticsAnnotations#ff7d7 relayoutBoundary=up33)
                                                                                                                                                                   │                                                           │       │                                             └IgnorePointer-[GlobalKey#55df7](ignoring: false, renderObject: RenderIgnorePointer#96ab6 relayoutBoundary=up34)
                                                                                                                                                                   │                                                           │       │                                              └ShrinkWrappingViewport(axisDirection: down, offset: ScrollPositionWithSingleContext#74759(offset: 0.0, range: 0.0..0.0, viewport: 80.0, ScrollableState, NeverScrollableScrollPhysics -> ClampingScrollPhysics -> RangeMaintainingScrollPhysics, IdleScrollActivity#694af, ScrollDirection.idle), dependencies: [Directionality], renderObject: RenderShrinkWrappingViewport#a426c relayoutBoundary=up35)
                                                                                                                                                                   │                                                           │       │                                               └SliverPadding(padding: EdgeInsets.zero, dependencies: [Directionality], renderObject: RenderSliverPadding#07115 relayoutBoundary=up36)
                                                                                                                                                                   │                                                           │       │                                                └MediaQuery(MediaQueryData(size: Size(1080.0, 4000.0), devicePixelRatio: 1.0, textScaler: SystemTextScaler (no scaling), platformBrightness: Brightness.light, padding: EdgeInsets.zero, viewPadding: EdgeInsets.zero, viewInsets: EdgeInsets.zero, systemGestureInsets: EdgeInsets.zero, alwaysUse24HourFormat: false, accessibleNavigation: false, highContrast: false, onOffSwitchLabels: false, disableAnimations: false, invertColors: false, boldText: false, navigationMode: traditional, gestureSettings: DeviceGestureSettings(touchSlop: null), displayFeatures: [], supportsShowingSystemContextMenu: false, lineHeightScaleFactorOverride: null, letterSpacingOverride: null, wordSpacingOverride: null, paragraphSpacingOverride: null))
                                                                                                                                                                   │                                                           │       │                                                 └SliverList(delegate: SliverChildBuilderDelegate#be796(estimated child count: 1), renderObject: RenderSliverList#2ca27 relayoutBoundary=up37)
                                                                                                                                                                   │                                                           │       │                                                  └KeyedSubtree
                                                                                                                                                                   │                                                           │       │                                                   └AutomaticKeepAlive(state: _AutomaticKeepAliveState#8993c(handles: no notifications ever received))
                                                                                                                                                                   │                                                           │       │                                                    └KeepAlive(keepAlive: false)
                                                                                                                                                                   │                                                           │       │                                                     └NotificationListener<KeepAliveNotification>
                                                                                                                                                                   │                                                           │       │                                                      └_SelectionKeepAlive(state: _SelectionKeepAliveState#5ec78)
                                                                                                                                                                   │                                                           │       │                                                       └IndexedSemantics(index: 0, renderObject: RenderIndexedSemantics#d5f72 relayoutBoundary=up38)
                                                                                                                                                                   │                                                           │       │                                                        └RepaintBoundary(renderObject: RenderRepaintBoundary#c1756 relayoutBoundary=up39)
                                                                                                                                                                   │                                                           │       │                                                         └Container(bg: Color(alpha: 0.0500, red: 0.6196, green: 0.6196, blue: 0.6196, colorSpace: ColorSpace.sRGB))
                                                                                                                                                                   │                                                           │       │                                                          └ColoredBox(color: Color(alpha: 0.0500, red: 0.6196, green: 0.6196, blue: 0.6196, colorSpace: ColorSpace.sRGB), renderObject: _RenderColoredBox#b7172 relayoutBoundary=up40)
                                                                                                                                                                   │                                                           │       │                                                           └Stack(alignment: Alignment.center, fit: loose, dependencies: [Directionality], renderObject: RenderStack#b22f3 relayoutBoundary=up41)
                                                                                                                                                                   │                                                           │       │                                                            ├Opacity(opacity: 0.2, renderObject: RenderOpacity#391e7 relayoutBoundary=up42)
                                                                                                                                                                   │                                                           │       │                                                            │└Padding(padding: EdgeInsets.all(12.0), dependencies: [Directionality], renderObject: RenderPadding#d136b relayoutBoundary=up43)
                                                                                                                                                                   │                                                           │       │                                                            │ └Row(direction: horizontal, mainAxisAlignment: start, crossAxisAlignment: center, dependencies: [Directionality], renderObject: RenderFlex#6059c relayoutBoundary=up44)
                                                                                                                                                                   │                                                           │       │                                                            │  ├SizedBox(width: 55.0, renderObject: RenderConstrainedBox#feedd relayoutBoundary=up45)
                                                                                                                                                                   │                                                           │       │                                                            │  │└Text("[リーグ戦] [SUMMARY]", inherit: true, color: Color(alpha: 1.0000, red: 0.6196, green: 0.6196, blue: 0.6196, colorSpace: ColorSpace.sRGB), size: 10.0, weight: 700, textAlign: center, dependencies: [DefaultSelectionStyle, DefaultTextStyle, MediaQuery])
                                                                                                                                                                   │                                                           │       │                                                            │  │ └RichText(textAlign: center, softWrap: wrapping at box width, maxLines: unlimited, text: "[リーグ戦] [SUMMARY]", dependencies: [Directionality, _LocalizationsScope-[GlobalKey#a7717]], renderObject: RenderParagraph#3cfc9 relayoutBoundary=up46)
                                                                                                                                                                   │                                                           │       │                                                            │  ├Expanded(flex: 1)
                                                                                                                                                                   │                                                           │       │                                                            │  │└Column(direction: vertical, mainAxisAlignment: start, crossAxisAlignment: end, dependencies: [Directionality], renderObject: RenderFlex#ab4d4 relayoutBoundary=up45)
                                                                                                                                                                   │                                                           │       │                                                            │  │ ├Text("青龍道場", inherit: true, color: Color(alpha: 1.0000, red: 0.6196, green: 0.6196, blue: 0.6196, colorSpace: ColorSpace.sRGB), size: 9.0, overflow: ellipsis, dependencies: [DefaultSelectionStyle, DefaultTextStyle, MediaQuery])
                                                                                                                                                                   │                                                           │       │                                                            │  │ │└RichText(softWrap: wrapping at box width, overflow: ellipsis, maxLines: unlimited, text: "青龍道場", dependencies: [Directionality, _LocalizationsScope-[GlobalKey#a7717]], renderObject: RenderParagraph#703e5 relayoutBoundary=up46)
                                                                                                                                                                   │                                                           │       │                                                            │  │ └Text("山田", inherit: true, color: Color(alpha: 1.0000, red: 0.8275, green: 0.1843, blue: 0.1843, colorSpace: ColorSpace.sRGB), weight: 900, overflow: ellipsis, dependencies: [DefaultSelectionStyle, DefaultTextStyle, MediaQuery])
                                                                                                                                                                   │                                                           │       │                                                            │  │  └RichText(softWrap: wrapping at box width, overflow: ellipsis, maxLines: unlimited, text: "山田", dependencies: [Directionality, _LocalizationsScope-[GlobalKey#a7717]], renderObject: RenderParagraph#dc4a3 relayoutBoundary=up46)
                                                                                                                                                                   │                                                           │       │                                                            │  ├SizedBox(width: 12.0, renderObject: RenderConstrainedBox#6fa20 relayoutBoundary=up45)
                                                                                                                                                                   │                                                           │       │                                                            │  ├SizedBox(width: 36.0, height: 36.0, renderObject: RenderConstrainedBox#eacc4 relayoutBoundary=up45)
                                                                                                                                                                   │                                                           │       │                                                            │  │└Stack(alignment: Alignment.center, fit: loose, dependencies: [Directionality], renderObject: RenderStack#157a9)
                                                                                                                                                                   │                                                           │       │                                                            │  │ └Container(bg: BoxDecoration(border: Border.all(BorderSide(color: Color(alpha: 0.4000, red: 0.8275, green: 0.1843, blue: 0.1843, colorSpace: ColorSpace.sRGB), width: 1.5)), shape: circle), constraints: BoxConstraints(w=32.0, h=32.0))
                                                                                                                                                                   │                                                           │       │                                                            │  │  └ConstrainedBox(BoxConstraints(w=32.0, h=32.0), renderObject: RenderConstrainedBox#db751 relayoutBoundary=up1)
                                                                                                                                                                   │                                                           │       │                                                            │  │   └DecoratedBox(bg: BoxDecoration(border: Border.all(BorderSide(color: Color(alpha: 0.4000, red: 0.8275, green: 0.1843, blue: 0.1843, colorSpace: ColorSpace.sRGB), width: 1.5)), shape: circle), dependencies: [Directionality, MediaQuery, _LocalizationsScope-[GlobalKey#a7717]], renderObject: RenderDecoratedBox#dc053)
                                                                                                                                                                   │                                                           │       │                                                            │  │    └Padding(padding: EdgeInsets.all(1.5), dependencies: [Directionality], renderObject: RenderPadding#72c9e)
                                                                                                                                                                   │                                                           │       │                                                            │  ├Padding(padding: EdgeInsets(8.0, 0.0, 8.0, 0.0), dependencies: [Directionality], renderObject: RenderPadding#61217 relayoutBoundary=up45)
                                                                                                                                                                   │                                                           │       │                                                            │  │└Text("-", inherit: true, color: Color(alpha: 1.0000, red: 0.7412, green: 0.7412, blue: 0.7412, colorSpace: ColorSpace.sRGB), size: 16.0, weight: 300, dependencies: [DefaultSelectionStyle, DefaultTextStyle, MediaQuery])
                                                                                                                                                                   │                                                           │       │                                                            │  │ └RichText(softWrap: wrapping at box width, maxLines: unlimited, text: "-", dependencies: [Directionality, _LocalizationsScope-[GlobalKey#a7717]], renderObject: RenderParagraph#71ba6 relayoutBoundary=up46)
                                                                                                                                                                   │                                                           │       │                                                            │  ├SizedBox(width: 36.0, height: 36.0, renderObject: RenderConstrainedBox#48980 relayoutBoundary=up45)
                                                                                                                                                                   │                                                           │       │                                                            │  │└Stack(alignment: Alignment.center, fit: loose, dependencies: [Directionality], renderObject: RenderStack#51e34)
                                                                                                                                                                   │                                                           │       │                                                            │  ├SizedBox(width: 12.0, renderObject: RenderConstrainedBox#92674 relayoutBoundary=up45)
                                                                                                                                                                   │                                                           │       │                                                            │  └Expanded(flex: 1)
                                                                                                                                                                   │                                                           │       │                                                            │   └Column(direction: vertical, mainAxisAlignment: start, crossAxisAlignment: start, dependencies: [Directionality], renderObject: RenderFlex#775ce relayoutBoundary=up45)
                                                                                                                                                                   │                                                           │       │                                                            │    ├Text("朱雀会", inherit: true, color: Color(alpha: 1.0000, red: 0.6196, green: 0.6196, blue: 0.6196, colorSpace: ColorSpace.sRGB), size: 9.0, overflow: ellipsis, dependencies: [DefaultSelectionStyle, DefaultTextStyle, MediaQuery])
                                                                                                                                                                   │                                                           │       │                                                            │    │└RichText(softWrap: wrapping at box width, overflow: ellipsis, maxLines: unlimited, text: "朱雀会", dependencies: [Directionality, _LocalizationsScope-[GlobalKey#a7717]], renderObject: RenderParagraph#55c43 relayoutBoundary=up46)
                                                                                                                                                                   │                                                           │       │                                                            │    └Text("佐藤", inherit: true, color: Color(alpha: 0.8667, red: 0.0000, green: 0.0000, blue: 0.0000, colorSpace: ColorSpace.sRGB), weight: 700, overflow: ellipsis, dependencies: [DefaultSelectionStyle, DefaultTextStyle, MediaQuery])
                                                                                                                                                                   │                                                           │       │                                                            │     └RichText(softWrap: wrapping at box width, overflow: ellipsis, maxLines: unlimited, text: "佐藤", dependencies: [Directionality, _LocalizationsScope-[GlobalKey#a7717]], renderObject: RenderParagraph#1b6c9 relayoutBoundary=up46)
                                                                                                                                                                   │                                                           │       │                                                            └Container(padding: EdgeInsets(12.0, 6.0, 12.0, 6.0), bg:
                                                                                                                                                                   │                                                           │       │                                                             │  BoxDecoration(color: Color(alpha: 1.0000, red: 1.0000, green: 1.0000, blue: 1.0000, colorSpace: ColorSpace.sRGB), border: Border.all(BorderSide(color: Color(alpha: 1.0000, red: 0.7412, green: 0.7412, blue: 0.7412, colorSpace: ColorSpace.sRGB), width: 0.5)), borderRadius: BorderRadius.circular(8.0),
                                                                                                                                                                   │                                                           │       │                                                             │    boxShadow: [BoxShadow(Color(alpha: 0.1000, red: 0.0000, green:
                                                                                                                                                                   │                                                           │       │                                                             │      0.0000, blue: 0.0000, colorSpace: ColorSpace.sRGB), Offset(0.0,
                                                                                                                                                                   │                                                           │       │                                                             │      0.0), 4.0, 0.0, BlurStyle.normal)]
                                                                                                                                                                   │                                                           │       │                                                             │    )
                                                                                                                                                                   │                                                           │       │                                                             │)
                                                                                                                                                                   │                                                           │       │                                                             └DecoratedBox(bg:
                                                                                                                                                                   │                                                           │       │                                                              │  BoxDecoration(color: Color(alpha: 1.0000, red: 1.0000, green: 1.0000, blue: 1.0000, colorSpace: ColorSpace.sRGB), border: Border.all(BorderSide(color: Color(alpha: 1.0000, red: 0.7412, green: 0.7412, blue: 0.7412, colorSpace: ColorSpace.sRGB), width: 0.5)), borderRadius: BorderRadius.circular(8.0),
                                                                                                                                                                   │                                                           │       │                                                              │    boxShadow: [BoxShadow(Color(alpha: 0.1000, red: 0.0000, green:
                                                                                                                                                                   │                                                           │       │                                                              │      0.0000, blue: 0.0000, colorSpace: ColorSpace.sRGB), Offset(0.0,
                                                                                                                                                                   │                                                           │       │                                                              │      0.0), 4.0, 0.0, BlurStyle.normal)]
                                                                                                                                                                   │                                                           │       │                                                              │    )
                                                                                                                                                                   │                                                           │       │                                                              │, dependencies: [Directionality, MediaQuery, _LocalizationsScope-[GlobalKey#a7717]], renderObject: RenderDecoratedBox#032b3 relayoutBoundary=up42)
                                                                                                                                                                   │                                                           │       │                                                              └Padding(padding: EdgeInsets(12.5, 6.5, 12.5, 6.5), dependencies: [Directionality], renderObject: RenderPadding#40457 relayoutBoundary=up43)
                                                                                                                                                                   │                                                           │       │                                                               └Text("※簡易入力された結果です\n（詳細スコアはありません）", inherit: true, color: Color(alpha: 1.0000, red: 0.3804, green: 0.3804, blue: 0.3804, colorSpace: ColorSpace.sRGB), size: 11.0, weight: 700, textAlign: center, dependencies: [DefaultSelectionStyle, DefaultTextStyle, MediaQuery])
                                                                                                                                                                   │                                                           │       │                                                                └RichText(textAlign: center, softWrap: wrapping at box width, maxLines: unlimited, text: "※簡易入力された結果です\n（詳細スコアはありません）", dependencies: [Directionality, _LocalizationsScope-[GlobalKey#a7717]], renderObject: RenderParagraph#b4b28 relayoutBoundary=up44)
                                                                                                                                                                   │                                                           │       └SizedBox(height: 48.0, renderObject: RenderConstrainedBox#0c909 relayoutBoundary=up15)
                                                                                                                                                                   │                                                           └KeyedSubtree-[Key <[<'viewer_match_card_勝ち抜き戦A'>]>]
                                                                                                                                                                   │                                                            └AutomaticKeepAlive(state: _AutomaticKeepAliveState#8c8bb(handles: no notifications ever received))
                                                                                                                                                                   │                                                             └KeepAlive(keepAlive: false)
                                                                                                                                                                   │                                                              └NotificationListener<KeepAliveNotification>
                                                                                                                                                                   │                                                               └_SelectionKeepAlive(state: _SelectionKeepAliveState#91241)
                                                                                                                                                                   │                                                                └IndexedSemantics(index: 3, renderObject: RenderIndexedSemantics#30445 relayoutBoundary=up12)
                                                                                                                                                                   │                                                                 └RepaintBoundary(renderObject: RenderRepaintBoundary#b6528 relayoutBoundary=up13)
                                                                                                                                                                   │                                                                  └InkWell-[<'viewer_match_card_勝ち抜き戦A'>]
                                                                                                                                                                   │                                                                   └_InkResponseStateWidget(gestures: [tap], mouseCursor: null, clipped to BoxShape.rectangle, dependencies: [InheritedCupertinoTheme, MediaQuery, _InheritedTheme, _LocalizationsScope-[GlobalKey#a7717]], state: _InkResponseState#ab566)
                                                                                                                                                                   │                                                                    └_ParentInkResponseProvider
                                                                                                                                                                   │                                                                     └Actions(dispatcher: null, actions: {ActivateIntent: CallbackAction<ActivateIntent>#b9267, ButtonActivateIntent: CallbackAction<ButtonActivateIntent>#d89df}, state: _ActionsState#04fa5)
                                                                                                                                                                   │                                                                      └_ActionsScope
                                                                                                                                                                   │                                                                       └Focus(dependencies: [_FocusInheritedScope], state: _FocusState#712bb)
                                                                                                                                                                   │                                                                        └_FocusInheritedScope
                                                                                                                                                                   │                                                                         └Semantics(container: false, properties: SemanticsProperties, renderObject: RenderSemanticsAnnotations#6864c relayoutBoundary=up14)
                                                                                                                                                                   │                                                                          └MouseRegion(listeners: [enter, exit], cursor: SystemMouseCursor(basic), renderObject: RenderMouseRegion#0a2da relayoutBoundary=up15)
                                                                                                                                                                   │                                                                           └Builder(dependencies: [DefaultSelectionStyle])
                                                                                                                                                                   │                                                                            └DefaultSelectionStyle
                                                                                                                                                                   │                                                                             └Semantics(container: false, properties: SemanticsProperties, renderObject: RenderSemanticsAnnotations#7c8e8 relayoutBoundary=up16)
                                                                                                                                                                   │                                                                              └GestureDetector(startBehavior: start, dependencies: [MediaQuery, ScrollConfiguration])
                                                                                                                                                                   │                                                                               └RawGestureDetector(state: RawGestureDetectorState#148a5(gestures: [tap], excludeFromSemantics: true, behavior: opaque))
                                                                                                                                                                   │                                                                                └Listener(listeners: [down, panZoomStart], behavior: opaque, renderObject: RenderPointerListener#bb77c relayoutBoundary=up17)
                                                                                                                                                                   │                                                                                 └Card(dependencies: [InheritedCupertinoTheme, _InheritedTheme, _LocalizationsScope-[GlobalKey#a7717]])
                                                                                                                                                                   │                                                                                  └Semantics(container: true, properties: SemanticsProperties, renderObject: RenderSemanticsAnnotations#f6444 relayoutBoundary=up18)
                                                                                                                                                                   │                                                                                   └Padding(padding: EdgeInsets(4.0, 8.0, 4.0, 8.0), dependencies: [Directionality], renderObject: RenderPadding#56691 relayoutBoundary=up19)
                                                                                                                                                                   │                                                                                    └Material(type: card, color: Color(alpha: 1.0000, red: 0.9686, green: 0.9490, blue: 0.9804, colorSpace: ColorSpace.sRGB), shadowColor: Color(alpha: 1.0000, red: 0.0000, green: 0.0000, blue: 0.0000, colorSpace: ColorSpace.sRGB), surfaceTintColor: Color(alpha: 0.0000, red: 0.0000, green: 0.0000, blue: 0.0000, colorSpace: ColorSpace.sRGB), shape: RoundedRectangleBorder(BorderSide(color: Color(alpha: 1.0000, red: 0.8784, green: 0.8784, blue: 0.8784, colorSpace: ColorSpace.sRGB)), BorderRadius.circular(12.0)), dependencies: [InheritedCupertinoTheme, _InheritedTheme, _LocalizationsScope-[GlobalKey#a7717]], state: _MaterialState#e0cdb)
                                                                                                                                                                   │                                                                                     └_MaterialInterior(duration: 200ms, shape: RoundedRectangleBorder(BorderSide(color: Color(alpha: 1.0000, red: 0.8784, green: 0.8784, blue: 0.8784, colorSpace: ColorSpace.sRGB)), BorderRadius.circular(12.0)), elevation: 0.0, color: Color(alpha: 1.0000, red: 0.9686, green: 0.9490, blue: 0.9804, colorSpace: ColorSpace.sRGB), shadowColor: Color(alpha: 1.0000, red: 0.0000, green: 0.0000, blue: 0.0000, colorSpace: ColorSpace.sRGB), dependencies: [Directionality, InheritedCupertinoTheme, _InheritedTheme, _LocalizationsScope-[GlobalKey#a7717]], state: _MaterialInteriorState#c23d5(ticker inactive))
                                                                                                                                                                   │                                                                                      └PhysicalShape(clipper: ShapeBorderClipper, elevation: 0.0, color: Color(alpha: 1.0000, red: 0.9686, green: 0.9490, blue: 0.9804, colorSpace: ColorSpace.sRGB), shadowColor: Color(alpha: 1.0000, red: 0.0000, green: 0.0000, blue: 0.0000, colorSpace: ColorSpace.sRGB), renderObject: RenderPhysicalShape#faea3 relayoutBoundary=up20)
                                                                                                                                                                   │                                                                                       └_ShapeBorderPaint(dependencies: [Directionality])
                                                                                                                                                                   │                                                                                        └CustomPaint(renderObject: RenderCustomPaint#2ee43 relayoutBoundary=up21)
                                                                                                                                                                   │                                                                                         └NotificationListener<LayoutChangedNotification>
                                                                                                                                                                   │                                                                                          └_InkFeatures-[GlobalKey#69fc7 ink renderer](renderObject: _RenderInkFeatures#dfe88 relayoutBoundary=up22)
                                                                                                                                                                   │                                                                                           └AnimatedDefaultTextStyle(duration: 200ms, debugLabel: (englishLike bodyMedium 2021).merge((blackMountainView bodyMedium).apply), inherit: false, color: Color(alpha: 1.0000, red: 0.1137, green: 0.1059, blue: 0.1255, colorSpace: ColorSpace.sRGB), family: Roboto, size: 14.0, weight: 400, letterSpacing: 0.3, baseline: alphabetic, height: 1.4x, leadingDistribution: even, decoration: Color(alpha: 1.0000, red: 0.1137, green: 0.1059, blue: 0.1255, colorSpace: ColorSpace.sRGB) TextDecoration.none, softWrap: wrapping at box width, overflow: clip, state: _AnimatedDefaultTextStyleState#3f8c4(ticker inactive))
                                                                                                                                                                   │                                                                                            └DefaultTextStyle(debugLabel: (englishLike bodyMedium 2021).merge((blackMountainView bodyMedium).apply), inherit: false, color: Color(alpha: 1.0000, red: 0.1137, green: 0.1059, blue: 0.1255, colorSpace: ColorSpace.sRGB), family: Roboto, size: 14.0, weight: 400, letterSpacing: 0.3, baseline: alphabetic, height: 1.4x, leadingDistribution: even, decoration: Color(alpha: 1.0000, red: 0.1137, green: 0.1059, blue: 0.1255, colorSpace: ColorSpace.sRGB) TextDecoration.none, softWrap: wrapping at box width, overflow: clip)
                                                                                                                                                                   │                                                                                             └Semantics(container: false, properties: SemanticsProperties, renderObject: RenderSemanticsAnnotations#81901 relayoutBoundary=up23)
                                                                                                                                                                   │                                                                                              └Column(direction: vertical, mainAxisAlignment: start, crossAxisAlignment: start, dependencies: [Directionality], renderObject: RenderFlex#94e5b relayoutBoundary=up24)
                                                                                                                                                                   │                                                                                               ├Container(padding: EdgeInsets.all(12.0), bg: Color(alpha: 1.0000, red: 0.9098, green: 0.9176, blue: 0.9647, colorSpace: ColorSpace.sRGB), constraints: BoxConstraints(w=Infinity, 0.0<=h<=Infinity))
                                                                                                                                                                   │                                                                                               │└ConstrainedBox(BoxConstraints(w=Infinity, 0.0<=h<=Infinity), renderObject: RenderConstrainedBox#d241b relayoutBoundary=up25)
                                                                                                                                                                   │                                                                                               │ └ColoredBox(color: Color(alpha: 1.0000, red: 0.9098, green: 0.9176, blue: 0.9647, colorSpace: ColorSpace.sRGB), renderObject: _RenderColoredBox#7d5d1 relayoutBoundary=up26)
                                                                                                                                                                   │                                                                                               │  └Padding(padding: EdgeInsets.all(12.0), dependencies: [Directionality], renderObject: RenderPadding#81912 relayoutBoundary=up27)
                                                                                                                                                                   │                                                                                               │   └Text("【勝ち抜き戦】 青龍道場 vs 玄武館", inherit: true, color: Color(alpha: 1.0000, red: 0.1020, green: 0.1373, blue: 0.4941, colorSpace: ColorSpace.sRGB), weight: 700, dependencies: [DefaultSelectionStyle, DefaultTextStyle, MediaQuery])
                                                                                                                                                                   │                                                                                               │    └RichText(softWrap: wrapping at box width, maxLines: unlimited, text: "【勝ち抜き戦】 青龍道場 vs 玄武館", dependencies: [Directionality, _LocalizationsScope-[GlobalKey#a7717]], renderObject: RenderParagraph#f55f3 relayoutBoundary=up28)
                                                                                                                                                                   │                                                                                               └SingleChildScrollView(dependencies: [Directionality, InheritedCupertinoTheme, ScrollConfiguration, _InheritedTheme, _LocalizationsScope-[GlobalKey#a7717]])
                                                                                                                                                                   │                                                                                                └Scrollable(axisDirection: right, physics: null, restorationId: null, dependencies: [InheritedCupertinoTheme, MediaQuery, ScrollConfiguration, UnmanagedRestorationScope, _InheritedTheme, _LocalizationsScope-[GlobalKey#a7717]], state: ScrollableState#09d80(position: ScrollPositionWithSingleContext#76b96(offset: 0.0, range: 0.0..24.0, viewport: 1056.0, ScrollableState, ClampingScrollPhysics -> RangeMaintainingScrollPhysics, IdleScrollActivity#2c67b, ScrollDirection.idle), effective physics: ClampingScrollPhysics -> RangeMaintainingScrollPhysics))
                                                                                                                                                                   │                                                                                                 └StretchingOverscrollIndicator(axisDirection: right, state: _StretchingOverscrollIndicatorState#a43ae)
                                                                                                                                                                   │                                                                                                  └NotificationListener<ScrollNotification>
                                                                                                                                                                   │                                                                                                   └AnimatedBuilder(listenable: _StretchController(), dependencies: [MediaQuery], state: _AnimatedState#f20e2)
                                                                                                                                                                   │                                                                                                    └ClipRect(renderObject: RenderClipRect#42543 relayoutBoundary=up25)
                                                                                                                                                                   │                                                                                                     └StretchEffect(dependencies: [Directionality])
                                                                                                                                                                   │                                                                                                      └Transform(dependencies: [Directionality], renderObject: RenderTransform#93b8b relayoutBoundary=up26)
                                                                                                                                                                   │                                                                                                       └NotificationListener<ScrollMetricsNotification>
                                                                                                                                                                   │                                                                                                        └_ScrollSemantics-[GlobalKey#791ed](renderObject: _RenderScrollSemantics#ac651 relayoutBoundary=up27)
                                                                                                                                                                   │                                                                                                         └_ScrollableScope
                                                                                                                                                                   │                                                                                                          └Listener(listeners: [signal], behavior: deferToChild, renderObject: RenderPointerListener#d07bb relayoutBoundary=up28)
                                                                                                                                                                   │                                                                                                           └RawGestureDetector-[LabeledGlobalKey<RawGestureDetectorState>#747a2](state: RawGestureDetectorState#350a4(gestures: [horizontal drag], behavior: opaque))
                                                                                                                                                                   │                                                                                                            └_GestureSemantics(renderObject: RenderSemanticsGestureHandler#62296 relayoutBoundary=up29)
                                                                                                                                                                   │                                                                                                             └Listener(listeners: [down, panZoomStart], behavior: opaque, renderObject: RenderPointerListener#41d27 relayoutBoundary=up30)
                                                                                                                                                                   │                                                                                                              └Semantics(container: false, properties: SemanticsProperties, renderObject: RenderSemanticsAnnotations#156f5 relayoutBoundary=up31)
                                                                                                                                                                   │                                                                                                               └IgnorePointer-[GlobalKey#78e0f](ignoring: false, renderObject: RenderIgnorePointer#d93e9 relayoutBoundary=up32)
                                                                                                                                                                   │                                                                                                                └_SingleChildViewport(renderObject: _RenderSingleChildViewport#1b81a relayoutBoundary=up33)
                                                                                                                                                                   │                                                                                                                 └Container(padding: EdgeInsets.all(16.0), bg: Color(alpha: 1.0000, red: 1.0000, green: 1.0000, blue: 1.0000, colorSpace: ColorSpace.sRGB), constraints: BoxConstraints(w=1080.0, h=520.0))
                                                                                                                                                                   │                                                                                                                  └ConstrainedBox(BoxConstraints(w=1080.0, h=520.0), renderObject: RenderConstrainedBox#073b1 relayoutBoundary=up34)
                                                                                                                                                                   │                                                                                                                   └ColoredBox(color: Color(alpha: 1.0000, red: 1.0000, green: 1.0000, blue: 1.0000, colorSpace: ColorSpace.sRGB), renderObject: _RenderColoredBox#12ef6)
                                                                                                                                                                   │                                                                                                                    └Padding(padding: EdgeInsets.all(16.0), dependencies: [Directionality], renderObject: RenderPadding#a9961)
                                                                                                                                                                   │                                                                                                                     └Center(alignment: Alignment.center, dependencies: [Directionality], renderObject: RenderPositionedBox#0dbc0)
                                                                                                                                                                   │                                                                                                                      └Text("※ 勝ち抜き戦のトーナメント表は公式記録出力画面ではサポートされていません。\n各試合のスコアボードからご確認ください", inherit: true, color: MaterialColor(primary value: Color(alpha: 1.0000, red: 0.6196, green: 0.6196, blue: 0.6196, colorSpace: ColorSpace.sRGB)), textAlign: center, dependencies: [DefaultSelectionStyle, DefaultTextStyle, MediaQuery])
                                                                                                                                                                   │                                                                                                                       └RichText(textAlign: center, softWrap: wrapping at box width, maxLines: unlimited, text: "※ 勝ち抜き戦のトーナメント表は公式記録出力画面ではサポートされていません。\n各試合のスコアボードからご確認ください", dependencies: [Directionality, _LocalizationsScope-[GlobalKey#a7717]], renderObject: RenderParagraph#2ec67 relayoutBoundary=up1)
                                                                                                                                                                   ├LayoutId-[<_ScaffoldSlot.appBar>](id: _ScaffoldSlot.appBar)
                                                                                                                                                                   │└MediaQuery(MediaQueryData(size: Size(1080.0, 4000.0), devicePixelRatio: 1.0, textScaler: SystemTextScaler (no scaling), platformBrightness: Brightness.light, padding: EdgeInsets.zero, viewPadding: EdgeInsets.zero, viewInsets: EdgeInsets.zero, systemGestureInsets: EdgeInsets.zero, alwaysUse24HourFormat: false, accessibleNavigation: false, highContrast: false, onOffSwitchLabels: false, disableAnimations: false, invertColors: false, boldText: false, navigationMode: traditional, gestureSettings: DeviceGestureSettings(touchSlop: null), displayFeatures: [], supportsShowingSystemContextMenu: false, lineHeightScaleFactorOverride: null, letterSpacingOverride: null, wordSpacingOverride: null, paragraphSpacingOverride: null))
                                                                                                                                                                   │ └ConstrainedBox(BoxConstraints(0.0<=w<=Infinity, 0.0<=h<=104.0), renderObject: RenderConstrainedBox#816e3 relayoutBoundary=up1)
                                                                                                                                                                   │  └FlexibleSpaceBarSettings
                                                                                                                                                                   │   └AppBar(dependencies: [FlexibleSpaceBarSettings, InheritedCupertinoTheme, _InheritedTheme, _LocalizationsScope-[GlobalKey#a7717], _ModalScopeStatus, _ScrollNotificationObserverScope], state: _AppBarState#f53fc)
                                                                                                                                                                   │    └Semantics(container: true, properties: SemanticsProperties, renderObject: RenderSemanticsAnnotations#3a887 relayoutBoundary=up2)
                                                                                                                                                                   │     └AnnotatedRegion<SystemUiOverlayStyle>(renderObject: RenderAnnotatedRegion<SystemUiOverlayStyle>#83fc2 relayoutBoundary=up3)
                                                                                                                                                                   │      └Material(type: canvas, color: Color(alpha: 1.0000, red: 1.0000, green: 1.0000, blue: 1.0000, colorSpace: ColorSpace.sRGB), shadowColor: Color(alpha: 0.0000, red: 0.0000, green: 0.0000, blue: 0.0000, colorSpace: ColorSpace.sRGB), surfaceTintColor: Color(alpha: 1.0000, red: 0.4039, green: 0.3137, blue: 0.6431, colorSpace: ColorSpace.sRGB), dependencies: [InheritedCupertinoTheme, _InheritedTheme, _LocalizationsScope-[GlobalKey#a7717]], state: _MaterialState#8a008)
                                                                                                                                                                   │       └AnimatedPhysicalModel(duration: 200ms, shape: rectangle, borderRadius: null, elevation: 0.0, color: Color(alpha: 1.0000, red: 1.0000, green: 1.0000, blue: 1.0000, colorSpace: ColorSpace.sRGB), animateColor: false, shadowColor: Color(alpha: 0.0000, red: 0.0000, green: 0.0000, blue: 0.0000, colorSpace: ColorSpace.sRGB), animateShadowColor: true, state: _AnimatedPhysicalModelState#85747(ticker inactive))
                                                                                                                                                                   │        └PhysicalModel(shape: rectangle, borderRadius: BorderRadius.zero, elevation: 0.0, color: Color(alpha: 1.0000, red: 1.0000, green: 1.0000, blue: 1.0000, colorSpace: ColorSpace.sRGB), shadowColor: Color(alpha: 0.0000, red: 0.0000, green: 0.0000, blue: 0.0000, colorSpace: ColorSpace.sRGB), renderObject: RenderPhysicalModel#b9824 relayoutBoundary=up4)
                                                                                                                                                                   │         └NotificationListener<LayoutChangedNotification>
                                                                                                                                                                   │          └_InkFeatures-[GlobalKey#7eeed ink renderer](renderObject: _RenderInkFeatures#7ebc4 relayoutBoundary=up5)
                                                                                                                                                                   │           └AnimatedDefaultTextStyle(duration: 200ms, debugLabel: (englishLike bodyMedium 2021).merge((blackMountainView bodyMedium).apply), inherit: false, color: Color(alpha: 1.0000, red: 0.1137, green: 0.1059, blue: 0.1255, colorSpace: ColorSpace.sRGB), family: Roboto, size: 14.0, weight: 400, letterSpacing: 0.3, baseline: alphabetic, height: 1.4x, leadingDistribution: even, decoration: Color(alpha: 1.0000, red: 0.1137, green: 0.1059, blue: 0.1255, colorSpace: ColorSpace.sRGB) TextDecoration.none, softWrap: wrapping at box width, overflow: clip, state: _AnimatedDefaultTextStyleState#2939a(ticker inactive))
                                                                                                                                                                   │            └DefaultTextStyle(debugLabel: (englishLike bodyMedium 2021).merge((blackMountainView bodyMedium).apply), inherit: false, color: Color(alpha: 1.0000, red: 0.1137, green: 0.1059, blue: 0.1255, colorSpace: ColorSpace.sRGB), family: Roboto, size: 14.0, weight: 400, letterSpacing: 0.3, baseline: alphabetic, height: 1.4x, leadingDistribution: even, decoration: Color(alpha: 1.0000, red: 0.1137, green: 0.1059, blue: 0.1255, colorSpace: ColorSpace.sRGB) TextDecoration.none, softWrap: wrapping at box width, overflow: clip)
                                                                                                                                                                   │             └Semantics(container: false, properties: SemanticsProperties, renderObject: RenderSemanticsAnnotations#cba65 relayoutBoundary=up6)
                                                                                                                                                                   │              └Align(alignment: Alignment.topCenter, dependencies: [Directionality], renderObject: RenderPositionedBox#f7c53 relayoutBoundary=up7)
                                                                                                                                                                   │               └SafeArea(avoid left padding, avoid top padding, avoid right padding, dependencies: [MediaQuery])
                                                                                                                                                                   │                └Padding(padding: EdgeInsets.zero, dependencies: [Directionality], renderObject: RenderPadding#67bdd relayoutBoundary=up8)
                                                                                                                                                                   │                 └MediaQuery(MediaQueryData(size: Size(1080.0, 4000.0), devicePixelRatio: 1.0, textScaler: SystemTextScaler (no scaling), platformBrightness: Brightness.light, padding: EdgeInsets.zero, viewPadding: EdgeInsets.zero, viewInsets: EdgeInsets.zero, systemGestureInsets: EdgeInsets.zero, alwaysUse24HourFormat: false, accessibleNavigation: false, highContrast: false, onOffSwitchLabels: false, disableAnimations: false, invertColors: false, boldText: false, navigationMode: traditional, gestureSettings: DeviceGestureSettings(touchSlop: null), displayFeatures: [], supportsShowingSystemContextMenu: false, lineHeightScaleFactorOverride: null, letterSpacingOverride: null, wordSpacingOverride: null, paragraphSpacingOverride: null))
                                                                                                                                                                   │                  └Column(direction: vertical, mainAxisAlignment: spaceBetween, crossAxisAlignment: center, renderObject: RenderFlex#18462 relayoutBoundary=up9)
                                                                                                                                                                   │                   ├Flexible(flex: 1)
                                                                                                                                                                   │                   │└ConstrainedBox(BoxConstraints(0.0<=w<=Infinity, 0.0<=h<=56.0), renderObject: RenderConstrainedBox#30de3 relayoutBoundary=up10)
                                                                                                                                                                   │                   │ └ClipRect(renderObject: RenderClipRect#9f14e relayoutBoundary=up11)
                                                                                                                                                                   │                   │  └CustomSingleChildLayout(renderObject: RenderCustomSingleChildLayoutBox#5cc83 relayoutBoundary=up12)
                                                                                                                                                                   │                   │   └Builder(dependencies: [IconTheme])
                                                                                                                                                                   │                   │    └IconTheme(size: 24.0, color: Color(alpha: 1.0000, red: 0.1137, green: 0.1059, blue: 0.1255, colorSpace: ColorSpace.sRGB))
                                                                                                                                                                   │                   │     └DefaultTextStyle(debugLabel: ((englishLike bodyMedium 2021).merge((blackMountainView bodyMedium).apply)).copyWith, inherit: false, color: Color(alpha: 1.0000, red: 0.1137, green: 0.1059, blue: 0.1255, colorSpace: ColorSpace.sRGB), family: Roboto, size: 14.0, weight: 400, letterSpacing: 0.3, baseline: alphabetic, height: 1.4x, leadingDistribution: even, decoration: Color(alpha: 1.0000, red: 0.1137, green: 0.1059, blue: 0.1255, colorSpace: ColorSpace.sRGB) TextDecoration.none, softWrap: wrapping at box width, overflow: clip)
                                                                                                                                                                   │                   │      └NavigationToolbar(dependencies: [Directionality])
                                                                                                                                                                   │                   │       └CustomMultiChildLayout(renderObject: RenderCustomMultiChildLayoutBox#0f740 relayoutBoundary=up13)
                                                                                                                                                                   │                   │        ├LayoutId-[<_ToolbarSlot.leading>](id: _ToolbarSlot.leading)
                                                                                                                                                                   │                   │        │└ConstrainedBox(BoxConstraints(w=56.0, 0.0<=h<=Infinity), renderObject: RenderConstrainedBox#9c9f1 relayoutBoundary=up14)
                                                                                                                                                                   │                   │        │ └IconButtonTheme
                                                                                                                                                                   │                   │        │  └Center(alignment: Alignment.center, dependencies: [Directionality], renderObject: RenderPositionedBox#fdd17)
                                                                                                                                                                   │                   │        │   └IconButton(disabled, disabled, dependencies: [InheritedCupertinoTheme, _InheritedTheme, _LocalizationsScope-[GlobalKey#a7717]])
                                                                                                                                                                   │                   │        │    └_SelectableIconButton(state: _SelectableIconButtonState#249ac)
                                                                                                                                                                   │                   │        │     └_IconButtonM3(style: ButtonStyle#8ba09, dependencies: [IconButtonTheme, IconTheme, InheritedCupertinoTheme, _InheritedTheme, _LocalizationsScope-[GlobalKey#a7717]], state: _ButtonStyleState#e3a07)
                                                                                                                                                                   │                   │        │      └Semantics(container: true, properties: SemanticsProperties, renderObject: RenderSemanticsAnnotations#acb1a relayoutBoundary=up1)
                                                                                                                                                                   │                   │        │       └_InputPadding(renderObject: _RenderInputPadding#93bbc relayoutBoundary=up2)
                                                                                                                                                                   │                   │        │        └ConstrainedBox(BoxConstraints(40.0<=w<=Infinity, 40.0<=h<=Infinity), renderObject: RenderConstrainedBox#fe846 relayoutBoundary=up3)
                                                                                                                                                                   │                   │        │         └Material(type: button, color: Color(alpha: 0.0000, red: 0.0000, green: 0.0000, blue: 0.0000, colorSpace: ColorSpace.sRGB), shadowColor: Color(alpha: 0.0000, red: 0.0000, green: 0.0000, blue: 0.0000, colorSpace: ColorSpace.sRGB), surfaceTintColor: Color(alpha: 0.0000, red: 0.0000, green: 0.0000, blue: 0.0000, colorSpace: ColorSpace.sRGB), shape: StadiumBorder(BorderSide(width: 0.0, style: none)), borderOnForeground: false, dependencies: [InheritedCupertinoTheme, _InheritedTheme, _LocalizationsScope-[GlobalKey#a7717]], state: _MaterialState#5bbf1)
                                                                                                                                                                   │                   │        │          └_MaterialInterior(duration: 200ms, shape: StadiumBorder(BorderSide(width: 0.0, style: none)), elevation: 0.0, color: Color(alpha: 0.0000, red: 0.0000, green: 0.0000, blue: 0.0000, colorSpace: ColorSpace.sRGB), shadowColor: Color(alpha: 0.0000, red: 0.0000, green: 0.0000, blue: 0.0000, colorSpace: ColorSpace.sRGB), dependencies: [Directionality, InheritedCupertinoTheme, _InheritedTheme, _LocalizationsScope-[GlobalKey#a7717]], state: _MaterialInteriorState#60405(ticker inactive))
                                                                                                                                                                   │                   │        │           └PhysicalShape(clipper: ShapeBorderClipper, elevation: 0.0, color: Color(alpha: 0.0000, red: 0.0000, green: 0.0000, blue: 0.0000, colorSpace: ColorSpace.sRGB), shadowColor: Color(alpha: 0.0000, red: 0.0000, green: 0.0000, blue: 0.0000, colorSpace: ColorSpace.sRGB), renderObject: RenderPhysicalShape#6419a relayoutBoundary=up4)
                                                                                                                                                                   │                   │        │            └_ShapeBorderPaint(dependencies: [Directionality])
                                                                                                                                                                   │                   │        │             └CustomPaint(renderObject: RenderCustomPaint#7a9a1 relayoutBoundary=up5)
                                                                                                                                                                   │                   │        │              └NotificationListener<LayoutChangedNotification>
                                                                                                                                                                   │                   │        │               └_InkFeatures-[GlobalKey#c575d ink renderer](renderObject: _RenderInkFeatures#f9ab7 relayoutBoundary=up6)
                                                                                                                                                                   │                   │        │                └AnimatedDefaultTextStyle(duration: 200ms, debugLabel: (englishLike bodyMedium 2021).merge((blackMountainView bodyMedium).apply), inherit: false, color: Color(alpha: 1.0000, red: 0.1137, green: 0.1059, blue: 0.1255, colorSpace: ColorSpace.sRGB), family: Roboto, size: 14.0, weight: 400, letterSpacing: 0.3, baseline: alphabetic, height: 1.4x, leadingDistribution: even, decoration: Color(alpha: 1.0000, red: 0.1137, green: 0.1059, blue: 0.1255, colorSpace: ColorSpace.sRGB) TextDecoration.none, softWrap: wrapping at box width, overflow: clip, state: _AnimatedDefaultTextStyleState#e1257(ticker inactive))
                                                                                                                                                                   │                   │        │                 └DefaultTextStyle(debugLabel: (englishLike bodyMedium 2021).merge((blackMountainView bodyMedium).apply), inherit: false, color: Color(alpha: 1.0000, red: 0.1137, green: 0.1059, blue: 0.1255, colorSpace: ColorSpace.sRGB), family: Roboto, size: 14.0, weight: 400, letterSpacing: 0.3, baseline: alphabetic, height: 1.4x, leadingDistribution: even, decoration: Color(alpha: 1.0000, red: 0.1137, green: 0.1059, blue: 0.1255, colorSpace: ColorSpace.sRGB) TextDecoration.none, softWrap: wrapping at box width, overflow: clip)
                                                                                                                                                                   │                   │        │                  └AnimatedTheme(duration: 200ms, state: _AnimatedThemeState#84715(ticker inactive, ThemeDataTween(ThemeData#59cef → ThemeData#59cef)))
                                                                                                                                                                   │                   │        │                   └Theme(ThemeData#59cef, dependencies: [DefaultSelectionStyle, InheritedCupertinoTheme])
                                                                                                                                                                   │                   │        │                    └_InheritedTheme
                                                                                                                                                                   │                   │        │                     └CupertinoTheme(brightness: light, primaryColor: Color(alpha: 1.0000, red: 0.4039, green: 0.3137, blue: 0.6431, colorSpace: ColorSpace.sRGB), scaffoldBackgroundColor: Color(alpha: 1.0000, red: 0.9961, green: 0.9686, blue: 1.0000, colorSpace: ColorSpace.sRGB), actionTextStyle: TextStyle(inherit: false, color: Color(alpha: 1.0000, red: 0.4039, green: 0.3137, blue: 0.6431, colorSpace: ColorSpace.sRGB), family: CupertinoSystemText, size: 17.0, letterSpacing: -0.4, decoration: TextDecoration.none), actionSmallTextStyle: TextStyle(inherit: false, color: Color(alpha: 1.0000, red: 0.4039, green: 0.3137, blue: 0.6431, colorSpace: ColorSpace.sRGB), family: CupertinoSystemText, size: 15.0, letterSpacing: -0.2, decoration: TextDecoration.none), navActionTextStyle: TextStyle(inherit: false, color: Color(alpha: 1.0000, red: 0.4039, green: 0.3137, blue: 0.6431, colorSpace: ColorSpace.sRGB), family: CupertinoSystemText, size: 17.0, letterSpacing: -0.4, decoration: TextDecoration.none))
                                                                                                                                                                   │                   │        │                      └InheritedCupertinoTheme
                                                                                                                                                                   │                   │        │                       └IconTheme(color: Color(alpha: 1.0000, red: 0.4039, green: 0.3137, blue: 0.6431, colorSpace: ColorSpace.sRGB))
                                                                                                                                                                   │                   │        │                        └IconTheme(size: 24.0, fill: 0.0, weight: 400.0, grade: 0.0, opticalSize: 48.0, color: Color(alpha: 1.0000, red: 0.1137, green: 0.1059, blue: 0.1255, colorSpace: ColorSpace.sRGB), opacity: 1.0, applyTextScaling: false)
                                                                                                                                                                   │                   │        │                         └DefaultSelectionStyle
                                                                                                                                                                   │                   │        │                          └InkWell
                                                                                                                                                                   │                   │        │                           └_InkResponseStateWidget(gestures: [tap], mouseCursor: ButtonStyleButton_MouseCursor, clipped to BoxShape.rectangle, dependencies: [InheritedCupertinoTheme, MediaQuery, _InheritedTheme, _LocalizationsScope-[GlobalKey#a7717]], state: _InkResponseState#a14f3)
                                                                                                                                                                   │                   │        │                            └_ParentInkResponseProvider
                                                                                                                                                                   │                   │        │                             └Actions(dispatcher: null, actions: {ActivateIntent: CallbackAction<ActivateIntent>#59dd6, ButtonActivateIntent: CallbackAction<ButtonActivateIntent>#550c6}, state: _ActionsState#a1ca8)
                                                                                                                                                                   │                   │        │                              └_ActionsScope
                                                                                                                                                                   │                   │        │                               └Focus(dependencies: [_FocusInheritedScope], state: _FocusState#36568)
                                                                                                                                                                   │                   │        │                                └_FocusInheritedScope
                                                                                                                                                                   │                   │        │                                 └Semantics(container: false, properties: SemanticsProperties, renderObject: RenderSemanticsAnnotations#6101d relayoutBoundary=up7)
                                                                                                                                                                   │                   │        │                                  └MouseRegion(listeners: [enter, exit], cursor: SystemMouseCursor(basic), renderObject: RenderMouseRegion#b2aa4 relayoutBoundary=up8)
                                                                                                                                                                   │                   │        │                                   └Builder(dependencies: [DefaultSelectionStyle])
                                                                                                                                                                   │                   │        │                                    └DefaultSelectionStyle
                                                                                                                                                                   │                   │        │                                     └Semantics(container: false, properties: SemanticsProperties, renderObject: RenderSemanticsAnnotations#cd7be relayoutBoundary=up9)
                                                                                                                                                                   │                   │        │                                      └GestureDetector(startBehavior: start, dependencies: [MediaQuery, ScrollConfiguration])
                                                                                                                                                                   │                   │        │                                       └RawGestureDetector(state: RawGestureDetectorState#2903a(gestures: [tap], excludeFromSemantics: true, behavior: opaque))
                                                                                                                                                                   │                   │        │                                        └Listener(listeners: [down, panZoomStart], behavior: opaque, renderObject: RenderPointerListener#ce117 relayoutBoundary=up10)
                                                                                                                                                                   │                   │        │                                         └Padding(padding: EdgeInsets.all(8.0), dependencies: [Directionality], renderObject: RenderPadding#a67c3 relayoutBoundary=up11)
                                                                                                                                                                   │                   │        │                                          └Align(alignment: Alignment.center, widthFactor: 1.0, heightFactor: 1.0, dependencies: [Directionality], renderObject: RenderPositionedBox#71b9b relayoutBoundary=up12)
                                                                                                                                                                   │                   │        │                                           └Semantics(container: false, properties: SemanticsProperties, renderObject: RenderSemanticsAnnotations#2ca5e relayoutBoundary=up13)
                                                                                                                                                                   │                   │        │                                            └Icon(IconData(U+0E094), size: 20.0, color: Color(alpha: 1.0000, red: 0.1020, green: 0.1373, blue: 0.4941, colorSpace: ColorSpace.sRGB), dependencies: [Directionality, IconTheme])
                                                                                                                                                                   │                   │        │                                             └Semantics(container: false, properties: SemanticsProperties, renderObject: RenderSemanticsAnnotations#bbf65 relayoutBoundary=up14)
                                                                                                                                                                   │                   │        │                                              └ExcludeSemantics(excluding: true, renderObject: RenderExcludeSemantics#d381f relayoutBoundary=up15)
                                                                                                                                                                   │                   │        │                                               └SizedBox(width: 20.0, height: 20.0, renderObject: RenderConstrainedBox#96154 relayoutBoundary=up16)
                                                                                                                                                                   │                   │        │                                                └Center(alignment: Alignment.center, dependencies: [Directionality], renderObject: RenderPositionedBox#8947c)
                                                                                                                                                                   │                   │        │                                                 └RichText(textDirection: ltr, softWrap: wrapping at box width, overflow: visible, maxLines: unlimited, text: "", dependencies: [_LocalizationsScope-[GlobalKey#a7717]], renderObject: RenderParagraph#1432e relayoutBoundary=up1)
                                                                                                                                                                   │                   │        └LayoutId-[<_ToolbarSlot.middle>](id: _ToolbarSlot.middle)
                                                                                                                                                                   │                   │         └Builder(dependencies: [MediaQuery])
                                                                                                                                                                   │                   │          └MediaQuery(MediaQueryData(size: Size(1080.0, 4000.0), devicePixelRatio: 1.0, textScaler: SystemTextScaler (no scaling) clamped [0.0, 1.34], platformBrightness: Brightness.light, padding: EdgeInsets.zero, viewPadding: EdgeInsets.zero, viewInsets: EdgeInsets.zero, systemGestureInsets: EdgeInsets.zero, alwaysUse24HourFormat: false, accessibleNavigation: false, highContrast: false, onOffSwitchLabels: false, disableAnimations: false, invertColors: false, boldText: false, navigationMode: traditional, gestureSettings: DeviceGestureSettings(touchSlop: null), displayFeatures: [], supportsShowingSystemContextMenu: false, lineHeightScaleFactorOverride: null, letterSpacingOverride: null, wordSpacingOverride: null, paragraphSpacingOverride: null))
                                                                                                                                                                   │                   │           └DefaultTextStyle(debugLabel: ((englishLike titleLarge 2021).merge((blackMountainView titleLarge).apply)).copyWith, inherit: false, color: Color(alpha: 1.0000, red: 0.1137, green: 0.1059, blue: 0.1255, colorSpace: ColorSpace.sRGB), family: Roboto, size: 22.0, weight: 400, letterSpacing: 0.0, baseline: alphabetic, height: 1.3x, leadingDistribution: even, decoration: Color(alpha: 1.0000, red: 0.1137, green: 0.1059, blue: 0.1255, colorSpace: ColorSpace.sRGB) TextDecoration.none, softWrap: no wrapping except at line break characters, overflow: ellipsis)
                                                                                                                                                                   │                   │            └Semantics(container: false, properties: SemanticsProperties, renderObject: RenderSemanticsAnnotations#4c38d relayoutBoundary=up14)
                                                                                                                                                                   │                   │             └_AppBarTitleBox(dependencies: [Directionality], renderObject: _RenderAppBarTitleBox#f1b4e relayoutBoundary=up15)
                                                                                                                                                                   │                   │              └Text("大会 公式記録", inherit: true, color: Color(alpha: 1.0000, red: 0.1020, green: 0.1373, blue: 0.4941, colorSpace: ColorSpace.sRGB), size: 16.0, weight: 700, dependencies: [DefaultSelectionStyle, DefaultTextStyle, MediaQuery])
                                                                                                                                                                   │                   │               └RichText(softWrap: no wrapping except at line break characters, overflow: ellipsis, textScaler: SystemTextScaler (no scaling) clamped [0.0, 1.34], maxLines: unlimited, text: "大会 公式記録", dependencies: [Directionality, _LocalizationsScope-[GlobalKey#a7717]], renderObject: RenderParagraph#2f6a1 relayoutBoundary=up16)
                                                                                                                                                                   │                   └TabBar(dependencies: [Directionality, InheritedCupertinoTheme, MediaQuery, ScrollConfiguration, _InheritedTheme, _LocalizationsScope-[GlobalKey#a7717], _TabControllerScope], state: _TabBarState#6bfd5)
                                                                                                                                                                   │                    └Material(type: transparency, dependencies: [Directionality, InheritedCupertinoTheme, _InheritedTheme, _LocalizationsScope-[GlobalKey#a7717]], state: _MaterialState#43ffd)
                                                                                                                                                                   │                     └ClipPath(clipper: ShapeBorderClipper, renderObject: RenderClipPath#bb6ad relayoutBoundary=up10)
                                                                                                                                                                   │                      └_ShapeBorderPaint(dependencies: [Directionality])
                                                                                                                                                                   │                       └CustomPaint(renderObject: RenderCustomPaint#6aebf relayoutBoundary=up11)
                                                                                                                                                                   │                        └NotificationListener<LayoutChangedNotification>
                                                                                                                                                                   │                         └_InkFeatures-[GlobalKey#7a51f ink renderer](renderObject: _RenderInkFeatures#38d5d relayoutBoundary=up12)
                                                                                                                                                                   │                          └AnimatedDefaultTextStyle(duration: 200ms, debugLabel: (englishLike bodyMedium 2021).merge((blackMountainView bodyMedium).apply), inherit: false, color: Color(alpha: 1.0000, red: 0.1137, green: 0.1059, blue: 0.1255, colorSpace: ColorSpace.sRGB), family: Roboto, size: 14.0, weight: 400, letterSpacing: 0.3, baseline: alphabetic, height: 1.4x, leadingDistribution: even, decoration: Color(alpha: 1.0000, red: 0.1137, green: 0.1059, blue: 0.1255, colorSpace: ColorSpace.sRGB) TextDecoration.none, softWrap: wrapping at box width, overflow: clip, state: _AnimatedDefaultTextStyleState#9f43e(ticker inactive))
                                                                                                                                                                   │                           └DefaultTextStyle(debugLabel: (englishLike bodyMedium 2021).merge((blackMountainView bodyMedium).apply), inherit: false, color: Color(alpha: 1.0000, red: 0.1137, green: 0.1059, blue: 0.1255, colorSpace: ColorSpace.sRGB), family: Roboto, size: 14.0, weight: 400, letterSpacing: 0.3, baseline: alphabetic, height: 1.4x, leadingDistribution: even, decoration: Color(alpha: 1.0000, red: 0.1137, green: 0.1059, blue: 0.1255, colorSpace: ColorSpace.sRGB) TextDecoration.none, softWrap: wrapping at box width, overflow: clip)
                                                                                                                                                                   │                            └MediaQuery(MediaQueryData(size: Size(1080.0, 4000.0), devicePixelRatio: 1.0, textScaler: SystemTextScaler (no scaling), platformBrightness: Brightness.light, padding: EdgeInsets.zero, viewPadding: EdgeInsets.zero, viewInsets: EdgeInsets.zero, systemGestureInsets: EdgeInsets.zero, alwaysUse24HourFormat: false, accessibleNavigation: false, highContrast: false, onOffSwitchLabels: false, disableAnimations: false, invertColors: false, boldText: false, navigationMode: traditional, gestureSettings: DeviceGestureSettings(touchSlop: null), displayFeatures: [], supportsShowingSystemContextMenu: false, lineHeightScaleFactorOverride: null, letterSpacingOverride: null, wordSpacingOverride: null, paragraphSpacingOverride: null))
                                                                                                                                                                   │                             └CustomPaint(renderObject: RenderCustomPaint#35006 relayoutBoundary=up13)
                                                                                                                                                                   │                              └Align(alignment: AlignmentDirectional.centerStart, heightFactor: 1.0, dependencies: [Directionality], renderObject: RenderPositionedBox#3e39c relayoutBoundary=up14)
                                                                                                                                                                   │                               └ScrollConfiguration(behavior: _WrappedScrollBehavior)
                                                                                                                                                                   │                                └SingleChildScrollView(dependencies: [Directionality, ScrollConfiguration])
                                                                                                                                                                   │                                 └Scrollable(axisDirection: right, physics: null, restorationId: null, dependencies: [InheritedCupertinoTheme, MediaQuery, ScrollConfiguration, UnmanagedRestorationScope, _InheritedTheme, _LocalizationsScope-[GlobalKey#a7717]], state: ScrollableState#35aa7(position: _TabBarScrollPosition#ac207(offset: 0.0, range: 0.0..0.0, viewport: 154.5, ScrollableState, ClampingScrollPhysics -> RangeMaintainingScrollPhysics, IdleScrollActivity#472bd, ScrollDirection.idle), effective physics: ClampingScrollPhysics -> RangeMaintainingScrollPhysics))
                                                                                                                                                                   │                                  └NotificationListener<ScrollMetricsNotification>
                                                                                                                                                                   │                                   └_ScrollSemantics-[GlobalKey#792b5](renderObject: _RenderScrollSemantics#8abaa relayoutBoundary=up15)
                                                                                                                                                                   │                                    └_ScrollableScope
                                                                                                                                                                   │                                     └Listener(listeners: [signal], behavior: deferToChild, renderObject: RenderPointerListener#ad893 relayoutBoundary=up16)
                                                                                                                                                                   │                                      └RawGestureDetector-[LabeledGlobalKey<RawGestureDetectorState>#bc7a9](state: RawGestureDetectorState#0f1c0(gestures: <none>, behavior: opaque))
                                                                                                                                                                   │                                       └_GestureSemantics(renderObject: RenderSemanticsGestureHandler#3db1b relayoutBoundary=up17)
                                                                                                                                                                   │                                        └Listener(listeners: [down, panZoomStart], behavior: opaque, renderObject: RenderPointerListener#0cf82 relayoutBoundary=up18)
                                                                                                                                                                   │                                         └Semantics(container: false, properties: SemanticsProperties, renderObject: RenderSemanticsAnnotations#52ba0 relayoutBoundary=up19)
                                                                                                                                                                   │                                          └IgnorePointer-[GlobalKey#b2284](ignoring: false, renderObject: RenderIgnorePointer#c8678 relayoutBoundary=up20)
                                                                                                                                                                   │                                           └_SingleChildViewport(renderObject: _RenderSingleChildViewport#e352e relayoutBoundary=up21)
                                                                                                                                                                   │                                            └Padding(padding: EdgeInsetsDirectional(52.0, 0.0, 0.0, 0.0), dependencies: [Directionality], renderObject: RenderPadding#9c1cd relayoutBoundary=up22)
                                                                                                                                                                   │                                             └Semantics(container: true, properties: SemanticsProperties, role: tabBar, renderObject: RenderSemanticsAnnotations#6ebe5 relayoutBoundary=up23)
                                                                                                                                                                   │                                              └CustomPaint(renderObject: RenderCustomPaint#42ad5 relayoutBoundary=up24)
                                                                                                                                                                   │                                               └_TabStyle(listenable: kAlwaysDismissedAnimation, dependencies: [IconTheme, InheritedCupertinoTheme, _InheritedTheme, _LocalizationsScope-[GlobalKey#a7717]], state: _AnimatedState#c1e03)
                                                                                                                                                                   │                                                └DefaultTextStyle(debugLabel: (lerp(((englishLike titleSmall 2021).merge((blackMountainView titleSmall).apply)).copyWith ⎯0.0→ ((englishLike titleSmall 2021).merge((blackMountainView titleSmall).apply)).copyWith)).copyWith, inherit: true, color: Color(alpha: 1.0000, red: 0.6196, green: 0.6196, blue: 0.6196, colorSpace: ColorSpace.sRGB), family: Roboto, size: 14.0, weight: 500, letterSpacing: 0.1, baseline: alphabetic, height: 1.4x, leadingDistribution: even, decoration: Color(alpha: 1.0000, red: 0.1137, green: 0.1059, blue: 0.1255, colorSpace: ColorSpace.sRGB) TextDecoration.none, softWrap: wrapping at box width, overflow: clip)
                                                                                                                                                                   │                                                 └Builder(dependencies: [IconTheme])
                                                                                                                                                                   │                                                  └IconTheme(size: 24.0, color: Color(alpha: 1.0000, red: 0.6196, green: 0.6196, blue: 0.6196, colorSpace: ColorSpace.sRGB))
                                                                                                                                                                   │                                                   └_TabLabelBar(direction: horizontal, mainAxisAlignment: start, mainAxisSize: min, crossAxisAlignment: center, dependencies: [Directionality], renderObject: _TabLabelBarRenderer#c8ec7 relayoutBoundary=up25)
                                                                                                                                                                   │                                                    └MergeSemantics(renderObject: RenderMergeSemantics#5790d relayoutBoundary=up26)
                                                                                                                                                                   │                                                     └InkWell
                                                                                                                                                                   │                                                      └_InkResponseStateWidget(gestures: [tap], mouseCursor: SystemMouseCursor(click), clipped to BoxShape.rectangle, dependencies: [InheritedCupertinoTheme, MediaQuery, _InheritedTheme, _LocalizationsScope-[GlobalKey#a7717]], state: _InkResponseState#429b9)
                                                                                                                                                                   │                                                       └_ParentInkResponseProvider
                                                                                                                                                                   │                                                        └Actions(dispatcher: null, actions: {ActivateIntent: CallbackAction<ActivateIntent>#94cb7, ButtonActivateIntent: CallbackAction<ButtonActivateIntent>#e84e0}, state: _ActionsState#ca49a)
                                                                                                                                                                   │                                                         └_ActionsScope
                                                                                                                                                                   │                                                          └Focus(dependencies: [_FocusInheritedScope], state: _FocusState#80b1d)
                                                                                                                                                                   │                                                           └_FocusInheritedScope
                                                                                                                                                                   │                                                            └Semantics(container: false, properties: SemanticsProperties, renderObject: RenderSemanticsAnnotations#27503 relayoutBoundary=up27)
                                                                                                                                                                   │                                                             └MouseRegion(listeners: [enter, exit], cursor: SystemMouseCursor(click), renderObject: RenderMouseRegion#7d071 relayoutBoundary=up28)
                                                                                                                                                                   │                                                              └Builder(dependencies: [DefaultSelectionStyle])
                                                                                                                                                                   │                                                               └DefaultSelectionStyle
                                                                                                                                                                   │                                                                └Semantics(container: false, properties: SemanticsProperties, renderObject: RenderSemanticsAnnotations#7a535 relayoutBoundary=up29)
                                                                                                                                                                   │                                                                 └GestureDetector(startBehavior: start, dependencies: [MediaQuery, ScrollConfiguration])
                                                                                                                                                                   │                                                                  └RawGestureDetector(state: RawGestureDetectorState#76f81(gestures: [tap], excludeFromSemantics: true, behavior: opaque))
                                                                                                                                                                   │                                                                   └Listener(listeners: [down, panZoomStart], behavior: opaque, renderObject: RenderPointerListener#bae07 relayoutBoundary=up30)
                                                                                                                                                                   │                                                                    └Padding(padding: EdgeInsets(0.0, 0.0, 0.0, 2.0), dependencies: [Directionality], renderObject: RenderPadding#f4dc4 relayoutBoundary=up31)
                                                                                                                                                                   │                                                                     └Semantics(container: false, properties: SemanticsProperties, role: tab, renderObject: RenderSemanticsAnnotations#cf674 relayoutBoundary=up32)
                                                                                                                                                                   │                                                                      └Stack(alignment: AlignmentDirectional.topStart, fit: loose, dependencies: [Directionality], renderObject: RenderStack#372dc relayoutBoundary=up33)
                                                                                                                                                                   │                                                                       ├_TabStyle(listenable: _DragAnimation#eb362(▶), dependencies: [IconTheme, InheritedCupertinoTheme, _InheritedTheme, _LocalizationsScope-[GlobalKey#a7717]], state: _AnimatedState#d5d9f)
                                                                                                                                                                   │                                                                       │└DefaultTextStyle(debugLabel: (lerp(((englishLike titleSmall 2021).merge((blackMountainView titleSmall).apply)).copyWith ⎯0.0→ ((englishLike titleSmall 2021).merge((blackMountainView titleSmall).apply)).copyWith)).copyWith, inherit: true, color: Color(alpha: 1.0000, red: 0.1020, green: 0.1373, blue: 0.4941, colorSpace: ColorSpace.sRGB), family: Roboto, size: 14.0, weight: 500, letterSpacing: 0.1, baseline: alphabetic, height: 1.4x, leadingDistribution: even, decoration: Color(alpha: 1.0000, red: 0.1137, green: 0.1059, blue: 0.1255, colorSpace: ColorSpace.sRGB) TextDecoration.none, softWrap: wrapping at box width, overflow: clip)
                                                                                                                                                                   │                                                                       │ └Builder(dependencies: [IconTheme])
                                                                                                                                                                   │                                                                       │  └IconTheme(size: 24.0, color: Color(alpha: 1.0000, red: 0.1020, green: 0.1373, blue: 0.4941, colorSpace: ColorSpace.sRGB))
                                                                                                                                                                   │                                                                       │   └Center(alignment: Alignment.center, heightFactor: 1.0, dependencies: [Directionality], renderObject: RenderPositionedBox#4dc59 relayoutBoundary=up34)
                                                                                                                                                                   │                                                                       │    └Padding(padding: EdgeInsets(16.0, 0.0, 16.0, 0.0), dependencies: [Directionality], renderObject: RenderPadding#0f480 relayoutBoundary=up35)
                                                                                                                                                                   │                                                                       │     └KeyedSubtree-[GlobalKey#bd335]
                                                                                                                                                                   │                                                                       │      └Tab-[<'viewer_tab_全カテゴリ'>](text: "全カテゴリ")
                                                                                                                                                                   │                                                                       │       └SizedBox(height: 46.0, renderObject: RenderConstrainedBox#667e3 relayoutBoundary=up36)
                                                                                                                                                                   │                                                                       │        └Center(alignment: Alignment.center, widthFactor: 1.0, dependencies: [Directionality], renderObject: RenderPositionedBox#27c8e relayoutBoundary=up37)
                                                                                                                                                                   │                                                                       │         └Text("全カテゴリ", softWrap: no wrapping except at line break characters, overflow: fade, dependencies: [DefaultSelectionStyle, DefaultTextStyle, MediaQuery])
                                                                                                                                                                   │                                                                       │          └RichText(softWrap: no wrapping except at line break characters, overflow: fade, maxLines: unlimited, text: "全カテゴリ", dependencies: [Directionality, _LocalizationsScope-[GlobalKey#a7717]], renderObject: RenderParagraph#df3ba relayoutBoundary=up38)
                                                                                                                                                                   │                                                                       └Semantics(container: false, properties: SemanticsProperties, selected: true, label: "Tab 1 of 1", dependencies: [Directionality], renderObject: RenderSemanticsAnnotations#a7671 relayoutBoundary=up34)
                                                                                                                                                                   └LayoutId-[<_ScaffoldSlot.floatingActionButton>](id: _ScaffoldSlot.floatingActionButton)
                                                                                                                                                                    └MediaQuery(MediaQueryData(size: Size(1080.0, 4000.0), devicePixelRatio: 1.0, textScaler: SystemTextScaler (no scaling), platformBrightness: Brightness.light, padding: EdgeInsets.zero, viewPadding: EdgeInsets.zero, viewInsets: EdgeInsets.zero, systemGestureInsets: EdgeInsets.zero, alwaysUse24HourFormat: false, accessibleNavigation: false, highContrast: false, onOffSwitchLabels: false, disableAnimations: false, invertColors: false, boldText: false, navigationMode: traditional, gestureSettings: DeviceGestureSettings(touchSlop: null), displayFeatures: [], supportsShowingSystemContextMenu: false, lineHeightScaleFactorOverride: null, letterSpacingOverride: null, wordSpacingOverride: null, paragraphSpacingOverride: null))
                                                                                                                                                                     └_FloatingActionButtonTransition(state: _FloatingActionButtonTransitionState#3206f(tickers: tracking 1 ticker))
                                                                                                                                                                      └Stack(alignment: Alignment.centerRight, fit: loose, dependencies: [Directionality], renderObject: RenderStack#90f14 relayoutBoundary=up1)
                                                                                                                                                                       └ScaleTransition(listenable: AnimationMin<double>(_AnimationSwap<double>(AnimationController#43587(⏭ 1.000; paused)➩CurveTween(curve: FlippedCurve(Interval(0.5⋯1.0)➩Cubic(0.25, 0.10, 0.25, 1.00)))➩1.0➪ReverseAnimation, AnimationController#43587(⏭ 1.000; paused)➩CurveTween(curve: Interval(0.5⋯1.0)➩Cubic(0.25, 0.10, 0.25, 1.00))➩1.0), AnimationController#4794c(⏮ 0.000; paused)➩Cubic(0.42, 0.00, 1.00, 1.00)), state: _AnimatedState#d7c86)
                                                                                                                                                                        └Transform(dependencies: [Directionality], renderObject: RenderTransform#b0541 relayoutBoundary=up2)
                                                                                                                                                                         └RotationTransition(listenable: AnimationController#4794c(⏮ 0.000; paused)➩CurveTween(curve: Cubic(0.42, 0.00, 1.00, 1.00))➩Tween<double>(0.875 → 1.0)➩0.875➩TrainHoppingAnimation(next: _AnimationSwap<double>(AnimationController#43587(⏭ 1.000; paused)➩Tween<double>(0.75 → 1.0)➩1.0, AnimationController#43587(⏭ 1.000; paused)➩CurveTween(curve: Threshold)➩1.0➪ReverseAnimation)), state: _AnimatedState#8b291)
                                                                                                                                                                          └Transform(dependencies: [Directionality], renderObject: RenderTransform#9c6f5 relayoutBoundary=up3 NEEDS-PAINT)


[ +936 ms] test 28: connected to test device, now awaiting test result
[        ] test 28: Waiting for test harness or tests to finish
00:14 +109 -1: /Users/saradafumiaki/Documents/Apps/kendo_os/test/widget/match_timeline_list_test.dart: MatchTimelineList Sorting Tests 3. リーグ個人戦の並び替え (_onReorderInnerTimeline)
00:14 +110 -1: /Users/saradafumiaki/Documents/Apps/kendo_os/test/widget/match_timeline_list_test.dart: MatchTimelineList Sorting Tests 3. リーグ個人戦の並び替え (_onReorderInnerTimeline)
00:14 +111 -1: /Users/saradafumiaki/Documents/Apps/kendo_os/test/widget/match_timeline_list_test.dart: MatchTimelineList Sorting Tests 3. リーグ個人戦の並び替え (_onReorderInnerTimeline)
00:14 +112 -1: /Users/saradafumiaki/Documents/Apps/kendo_os/test/widget/viewer_mode_test.dart: Viewer Mode Tests (Read-Only & Drawing) 4-2. Renders Kachinuki Match
00:14 +113 -1: /Users/saradafumiaki/Documents/Apps/kendo_os/test/widget/viewer_mode_test.dart: Viewer Mode Tests (Read-Only & Drawing) 4-2. Renders Kachinuki Match
[ +374 ms] test 27: Test harness is no longer needed by test process
[        ] test 27: finished
[        ] test 27: cleaning up...
[        ] test 27: ensuring test device is terminated.
[        ] test 27: Terminating flutter_tester process
[        ] test 27: Shutting down DevTools server
[        ] test 27: Test process is no longer needed by test harness
[        ] test 27: Shutting down test harness socket server
[   +9 ms] test 27: flutter_tester process at pid 33503 exited with code=-9
[        ] test 27: deleting temporary directory
[   +5 ms] test 27: finished
[        ] test 29: starting test /Users/saradafumiaki/Documents/Apps/kendo_os/test/widget/internal_metrics_hidden_test.dart
[   +2 ms] Stopping scan for flutter_test_config.dart; found project root at /Users/saradafumiaki/Documents/Apps/kendo_os
[   +1 ms] Compiling file:///var/folders/hh/1g2yms7d3890gm5lz8l0jmj80000gn/T/flutter_tools.X3xqwV/flutter_test_listener.clGH3U/listener.dart
[  +69 ms] Found plugin integration_test at /Users/saradafumiaki/development/flutter/packages/integration_test/
[  +17 ms] Found plugin firebase_core at /Users/saradafumiaki/.pub-cache/hosted/pub.dev/firebase_core-4.7.0/
[   +1 ms] Found plugin firebase_core_web at /Users/saradafumiaki/.pub-cache/hosted/pub.dev/firebase_core_web-3.6.0/
[   +3 ms] Found plugin cloud_firestore at /Users/saradafumiaki/.pub-cache/hosted/pub.dev/cloud_firestore-6.3.0/
[        ] Found plugin cloud_firestore_web at /Users/saradafumiaki/.pub-cache/hosted/pub.dev/cloud_firestore_web-5.3.0/
[   +3 ms] Found plugin wakelock_plus at /Users/saradafumiaki/.pub-cache/hosted/pub.dev/wakelock_plus-1.5.2/
[   +2 ms] Found plugin package_info_plus at /Users/saradafumiaki/.pub-cache/hosted/pub.dev/package_info_plus-9.0.1/
[   +4 ms] Found plugin url_launcher at /Users/saradafumiaki/.pub-cache/hosted/pub.dev/url_launcher-6.3.2/
[        ] Found plugin url_launcher_windows at /Users/saradafumiaki/.pub-cache/hosted/pub.dev/url_launcher_windows-3.1.5/
[   +1 ms] Found plugin url_launcher_web at /Users/saradafumiaki/.pub-cache/hosted/pub.dev/url_launcher_web-2.4.2/
[   +1 ms] Found plugin url_launcher_macos at /Users/saradafumiaki/.pub-cache/hosted/pub.dev/url_launcher_macos-3.2.5/
[        ] Found plugin url_launcher_linux at /Users/saradafumiaki/.pub-cache/hosted/pub.dev/url_launcher_linux-3.2.2/
[        ] Found plugin url_launcher_ios at /Users/saradafumiaki/.pub-cache/hosted/pub.dev/url_launcher_ios-6.4.1/
[   +1 ms] Found plugin url_launcher_android at /Users/saradafumiaki/.pub-cache/hosted/pub.dev/url_launcher_android-6.3.29/
[   +1 ms] Found plugin syncfusion_flutter_pdfviewer at /Users/saradafumiaki/.pub-cache/hosted/pub.dev/syncfusion_flutter_pdfviewer-28.2.12/
[   +1 ms] Found plugin syncfusion_pdfviewer_windows at /Users/saradafumiaki/.pub-cache/hosted/pub.dev/syncfusion_pdfviewer_windows-28.2.12/
[   +1 ms] Found plugin syncfusion_pdfviewer_web at /Users/saradafumiaki/.pub-cache/hosted/pub.dev/syncfusion_pdfviewer_web-28.2.12/
[   +1 ms] Found plugin syncfusion_pdfviewer_macos at /Users/saradafumiaki/.pub-cache/hosted/pub.dev/syncfusion_pdfviewer_macos-28.2.12/
[   +4 ms] Found plugin device_info_plus at /Users/saradafumiaki/.pub-cache/hosted/pub.dev/device_info_plus-11.5.0/
[   +2 ms] Found plugin shared_preferences at /Users/saradafumiaki/.pub-cache/hosted/pub.dev/shared_preferences-2.5.5/
[   +1 ms] Found plugin shared_preferences_windows at /Users/saradafumiaki/.pub-cache/hosted/pub.dev/shared_preferences_windows-2.4.1/
[   +3 ms] Found plugin path_provider_windows at /Users/saradafumiaki/.pub-cache/hosted/pub.dev/path_provider_windows-2.3.0/
[   +1 ms] Found plugin shared_preferences_web at /Users/saradafumiaki/.pub-cache/hosted/pub.dev/shared_preferences_web-2.4.3/
[        ] Found plugin shared_preferences_linux at /Users/saradafumiaki/.pub-cache/hosted/pub.dev/shared_preferences_linux-2.4.1/
[   +1 ms] Found plugin path_provider_linux at /Users/saradafumiaki/.pub-cache/hosted/pub.dev/path_provider_linux-2.2.1/
[   +2 ms] Found plugin shared_preferences_foundation at /Users/saradafumiaki/.pub-cache/hosted/pub.dev/shared_preferences_foundation-2.5.6/
[   +1 ms] Found plugin shared_preferences_android at /Users/saradafumiaki/.pub-cache/hosted/pub.dev/shared_preferences_android-2.4.23/
[   +1 ms] Found plugin share_plus at /Users/saradafumiaki/.pub-cache/hosted/pub.dev/share_plus-12.0.2/
[   +1 ms] Found plugin path_provider at /Users/saradafumiaki/.pub-cache/hosted/pub.dev/path_provider-2.1.5/
[        ] Found plugin path_provider_foundation at /Users/saradafumiaki/.pub-cache/hosted/pub.dev/path_provider_foundation-2.6.0/
[   +5 ms] Found plugin path_provider_android at /Users/saradafumiaki/.pub-cache/hosted/pub.dev/path_provider_android-2.3.1/
[   +1 ms] Found plugin jni_flutter at /Users/saradafumiaki/.pub-cache/hosted/pub.dev/jni_flutter-1.0.1/
[        ] Found plugin jni at /Users/saradafumiaki/.pub-cache/hosted/pub.dev/jni-1.0.0/
[   +2 ms] Found plugin printing at /Users/saradafumiaki/.pub-cache/hosted/pub.dev/printing-5.14.3/
[   +7 ms] Found plugin isar_community_flutter_libs at /Users/saradafumiaki/.pub-cache/hosted/pub.dev/isar_community_flutter_libs-3.3.2/
[   +1 ms] Found plugin google_sign_in at /Users/saradafumiaki/.pub-cache/hosted/pub.dev/google_sign_in-6.3.0/
[   +1 ms] Found plugin google_sign_in_web at /Users/saradafumiaki/.pub-cache/hosted/pub.dev/google_sign_in_web-0.12.4+4/
[   +3 ms] Found plugin google_sign_in_ios at /Users/saradafumiaki/.pub-cache/hosted/pub.dev/google_sign_in_ios-5.9.0/
[   +1 ms] Found plugin google_sign_in_android at /Users/saradafumiaki/.pub-cache/hosted/pub.dev/google_sign_in_android-6.2.1/
[   +8 ms] Found plugin flutter_tts at /Users/saradafumiaki/.pub-cache/hosted/pub.dev/flutter_tts-4.2.5/
[   +6 ms] Found plugin flutter_image_compress at /Users/saradafumiaki/.pub-cache/hosted/pub.dev/flutter_image_compress-2.4.0/
[   +3 ms] Found plugin flutter_image_compress_web at /Users/saradafumiaki/.pub-cache/hosted/pub.dev/flutter_image_compress_web-0.1.5/
[   +1 ms] Found plugin flutter_image_compress_ohos at /Users/saradafumiaki/.pub-cache/hosted/pub.dev/flutter_image_compress_ohos-0.0.3/
[   +1 ms] Found plugin flutter_image_compress_macos at /Users/saradafumiaki/.pub-cache/hosted/pub.dev/flutter_image_compress_macos-1.0.3/
[   +1 ms] Found plugin flutter_image_compress_common at /Users/saradafumiaki/.pub-cache/hosted/pub.dev/flutter_image_compress_common-1.0.6/
[   +1 ms] Found plugin firebase_storage at /Users/saradafumiaki/.pub-cache/hosted/pub.dev/firebase_storage-13.3.0/
[        ] Found plugin firebase_storage_web at /Users/saradafumiaki/.pub-cache/hosted/pub.dev/firebase_storage_web-3.11.5/
[   +1 ms] Found plugin firebase_crashlytics at /Users/saradafumiaki/.pub-cache/hosted/pub.dev/firebase_crashlytics-5.2.0/
[   +1 ms] Found plugin firebase_auth at /Users/saradafumiaki/.pub-cache/hosted/pub.dev/firebase_auth-6.4.0/
[        ] Found plugin firebase_auth_web at /Users/saradafumiaki/.pub-cache/hosted/pub.dev/firebase_auth_web-6.1.5/
[   +1 ms] Found plugin file_picker at /Users/saradafumiaki/.pub-cache/hosted/pub.dev/file_picker-8.3.7/
[        ] Found plugin flutter_plugin_android_lifecycle at /Users/saradafumiaki/.pub-cache/hosted/pub.dev/flutter_plugin_android_lifecycle-2.0.34/
[   +1 ms] Found plugin connectivity_plus at /Users/saradafumiaki/.pub-cache/hosted/pub.dev/connectivity_plus-6.1.5/
[   +2 ms] Found plugin audioplayers at /Users/saradafumiaki/.pub-cache/hosted/pub.dev/audioplayers-6.6.0/
[   +1 ms] Found plugin audioplayers_windows at /Users/saradafumiaki/.pub-cache/hosted/pub.dev/audioplayers_windows-4.3.0/
[   +1 ms] Found plugin audioplayers_web at /Users/saradafumiaki/.pub-cache/hosted/pub.dev/audioplayers_web-5.2.0/
[        ] Found plugin audioplayers_linux at /Users/saradafumiaki/.pub-cache/hosted/pub.dev/audioplayers_linux-4.2.1/
[        ] Found plugin audioplayers_darwin at /Users/saradafumiaki/.pub-cache/hosted/pub.dev/audioplayers_darwin-6.4.0/
[   +1 ms] Found plugin audioplayers_android at /Users/saradafumiaki/.pub-cache/hosted/pub.dev/audioplayers_android-5.2.1/
[   +3 ms] Skipping generating dart_plugin_registrant.dart because it is up-to-date.
[        ] <- recompile file:///var/folders/hh/1g2yms7d3890gm5lz8l0jmj80000gn/T/flutter_tools.X3xqwV/flutter_test_listener.clGH3U/listener.dart 2e723054-fd8c-4844-a64e-378e0bc71e06
[        ] file:///var/folders/hh/1g2yms7d3890gm5lz8l0jmj80000gn/T/flutter_tools.X3xqwV/flutter_test_listener.clGH3U/listener.dart
[        ] file:///Users/saradafumiaki/Documents/Apps/kendo_os/.dart_tool/flutter_build/dart_plugin_registrant.dart
[        ] <- 2e723054-fd8c-4844-a64e-378e0bc71e06
00:14 +114 -1: /Users/saradafumiaki/Documents/Apps/kendo_os/test/widget/viewer_mode_test.dart: Viewer Mode Tests (Read-Only & Drawing) 4-2. Renders Kachinuki Match
[  +82 ms] test 26: Test harness is no longer needed by test process
[        ] test 26: finished
[        ] test 26: cleaning up...
[        ] test 26: ensuring test device is terminated.
[        ] test 26: Terminating flutter_tester process
[        ] test 26: Shutting down DevTools server
[        ] test 26: Test process is no longer needed by test harness
[        ] test 26: Shutting down test harness socket server
[  +13 ms] test 26: flutter_tester process at pid 33502 exited with code=-9
[        ] test 26: deleting temporary directory
[   +6 ms] test 26: finished
[        ] test 30: starting test /Users/saradafumiaki/Documents/Apps/kendo_os/test/widget/presentation/operate/screens/bunaiksen_official_record_screen_test.dart
[   +2 ms] Stopping scan for flutter_test_config.dart; found project root at /Users/saradafumiaki/Documents/Apps/kendo_os
AutomatedTestWidgetsFlutterBinding - DEBUG MODE
[root]
└View(state: _ViewState#e0442)
 └RawView
  └_RawViewInternal-[_DeprecatedRawViewKey TestFlutterView#6188d](renderObject: _ReusableRenderView#9c613)
   └_ViewScope
    └_PipelineOwnerScope
     └_MediaQueryFromView(state: _MediaQueryFromViewState#fa791)
      └MediaQuery(MediaQueryData(size: Size(1080.0, 4000.0), devicePixelRatio: 1.0, textScaler: SystemTextScaler (no scaling), platformBrightness: Brightness.light, padding: EdgeInsets.zero, viewPadding: EdgeInsets.zero, viewInsets: EdgeInsets.zero, systemGestureInsets: EdgeInsets.zero, alwaysUse24HourFormat: false, accessibleNavigation: false, highContrast: false, onOffSwitchLabels: false, disableAnimations: false, invertColors: false, boldText: false, navigationMode: traditional, gestureSettings: DeviceGestureSettings(touchSlop: null), displayFeatures: [], supportsShowingSystemContextMenu: false, lineHeightScaleFactorOverride: null, letterSpacingOverride: null, wordSpacingOverride: null, paragraphSpacingOverride: null))
       └FocusTraversalGroup(policy: ReadingOrderTraversalPolicy#cdfa3, state: _FocusTraversalGroupState#e255a)
        └Focus(debugLabel: "FocusTraversalGroup", focusNode: _FocusTraversalGroupNode#7fd00(FocusTraversalGroup [IN FOCUS PATH]), state: _FocusState#d9bcc)
         └_FocusInheritedScope
          └_FocusScopeWithExternalFocusNode(debugLabel: "View Scope", focusNode: FocusScopeNode#ecb81(View Scope [IN FOCUS PATH]), dependencies: [_FocusInheritedScope], state: _FocusScopeState#5ddc5)
           └_FocusInheritedScope
            └ProviderScope(state: ProviderScopeState#ad02f)
             └UncontrolledProviderScope
              └MaterialApp(state: _MaterialAppState#165cc)
               └ScrollConfiguration(behavior: MaterialScrollBehavior)
                └HeroControllerScope
                 └WidgetsApp-[GlobalObjectKey _MaterialAppState#165cc](state: _WidgetsAppState#bdebf)
                  └RootRestorationScope(state: _RootRestorationScopeState#9d47a)
                   └UnmanagedRestorationScope
                    └RestorationScope(dependencies: [UnmanagedRestorationScope], state: _RestorationScopeState#b41ab)
                     └UnmanagedRestorationScope
                      └SharedAppData(state: _SharedAppDataState#e4736)
                       └_SharedAppModel
                        └NotificationListener<NavigationNotification>
                         └Shortcuts(shortcuts: <Default WidgetsApp Shortcuts>, state: _ShortcutsState#22955)
                          └Focus(debugLabel: "Shortcuts", dependencies: [_FocusInheritedScope], state: _FocusState#d3534)
                           └_FocusInheritedScope
                            └Semantics(container: false, properties: SemanticsProperties, renderObject: RenderSemanticsAnnotations#d952d)
                             └DefaultTextEditingShortcuts
                              └Shortcuts(shortcuts: <Default Text Editing Shortcuts>, state: _ShortcutsState#df63f)
                               └Focus(debugLabel: "Shortcuts", dependencies: [_FocusInheritedScope], state: _FocusState#a76ba)
                                └_FocusInheritedScope
                                 └Semantics(container: false, properties: SemanticsProperties, renderObject: RenderSemanticsAnnotations#55377)
                                  └Actions(dispatcher: null, actions: {DoNothingIntent: DoNothingAction#6e886, DoNothingAndStopPropagationIntent: DoNothingAction#da00e, RequestFocusIntent: RequestFocusAction#e6b46, NextFocusIntent: NextFocusAction#7c5ef, PreviousFocusIntent: PreviousFocusAction#ee6c4, DirectionalFocusIntent: DirectionalFocusAction#bfb81, ScrollIntent: _OverridableContextAction<ScrollIntent>#b608d(defaultAction: ScrollAction#b6a3d), PrioritizedIntents: PrioritizedAction#93f82, VoidCallbackIntent: VoidCallbackAction#7c6c5}, state: _ActionsState#37fd0)
                                   └_ActionsScope
                                    └FocusTraversalGroup(policy: ReadingOrderTraversalPolicy#5dd22, state: _FocusTraversalGroupState#93873)
                                     └Focus(debugLabel: "FocusTraversalGroup", focusNode: _FocusTraversalGroupNode#4ff61(FocusTraversalGroup [IN FOCUS PATH]), dependencies: [_FocusInheritedScope], state: _FocusState#31831)
                                      └_FocusInheritedScope
                                       └TapRegionSurface(renderObject: RenderTapRegionSurface#e15a0)
                                        └ShortcutRegistrar(state: _ShortcutRegistrarState#36c57)
                                         └_ShortcutRegistrarScope
                                          └Shortcuts(manager: ShortcutManager#52b02(shortcuts: {}), shortcuts: {}, state: _ShortcutsState#65a99)
                                           └Focus(debugLabel: "Shortcuts", dependencies: [_FocusInheritedScope], state: _FocusState#ab28a)
                                            └_FocusInheritedScope
                                             └Semantics(container: false, properties: SemanticsProperties, renderObject: RenderSemanticsAnnotations#37486)
                                              └ListenableBuilder(listenable: LocalizationsResolver, state: _AnimatedState#dd104)
                                               └Localizations(locale: en_US, delegates: [DefaultMaterialLocalizations.delegate(en_US), DefaultCupertinoLocalizations.delegate(en_US), DefaultWidgetsLocalizations.delegate(en_US)], state: _LocalizationsState#8f0cb)
                                                └Semantics(container: false, properties: SemanticsProperties, textDirection: ltr, renderObject: RenderSemanticsAnnotations#2d6a8)
                                                 └_LocalizationsScope-[GlobalKey#98331]
                                                  └Directionality(textDirection: ltr)
                                                   └Title(state: _TitleState#f51ed(color: Color(alpha: 1.0000, red: 0.1294, green: 0.5882, blue: 0.9529, colorSpace: ColorSpace.sRGB)))
                                                    └Focus(dependencies: [_FocusInheritedScope], state: _FocusState#7a44a)
                                                     └_FocusInheritedScope
                                                      └Semantics(container: false, properties: SemanticsProperties, renderObject: RenderSemanticsAnnotations#17c83)
                                                       └CheckedModeBanner("DEBUG")
                                                        └Banner(dependencies: [Directionality], state: _BannerState#c3a4f("DEBUG", textDirection: ltr, location: topEnd, Color(alpha: 0.6275, red: 0.7176, green: 0.1098, blue: 0.1098, colorSpace: ColorSpace.sRGB), text inherit: true, text color: Color(alpha: 1.0000, red: 1.0000, green: 1.0000, blue: 1.0000, colorSpace: ColorSpace.sRGB), text size: 10.2, text weight: 900, text height: 1.0x))
                                                         └CustomPaint(renderObject: RenderCustomPaint#97d49)
                                                          └ValueListenableBuilder<bool>(state: _ValueListenableBuilderState<bool>#bb868)
                                                           └DefaultTextStyle(debugLabel: fallback style; consider putting your text in a Material, inherit: true, color: Color(alpha: 0.8157, red: 1.0000, green: 0.0000, blue: 0.0000, colorSpace: ColorSpace.sRGB), family: monospace, size: 48.0, weight: 900, decoration: double Color(alpha: 1.0000, red: 1.0000, green: 1.0000, blue: 0.0000, colorSpace: ColorSpace.sRGB) TextDecoration.underline, softWrap: wrapping at box width, overflow: clip)
                                                            └Builder(dependencies: [MediaQuery])
                                                             └AnimatedTheme(duration: 200ms, state: _AnimatedThemeState#410bf(ticker inactive, ThemeDataTween(ThemeData#e0d86 → ThemeData#e0d86)))
                                                              └Theme(ThemeData#e0d86, dependencies: [MediaQuery])
                                                               └_InheritedTheme
                                                                └CupertinoTheme(brightness: light, primaryColor: Color(alpha: 1.0000, red: 0.4039, green: 0.3137, blue: 0.6431, colorSpace: ColorSpace.sRGB), scaffoldBackgroundColor: Color(alpha: 1.0000, red: 0.9961, green: 0.9686, blue: 1.0000, colorSpace: ColorSpace.sRGB), actionTextStyle: TextStyle(inherit: false, color: Color(alpha: 1.0000, red: 0.4039, green: 0.3137, blue: 0.6431, colorSpace: ColorSpace.sRGB), family: CupertinoSystemText, size: 17.0, letterSpacing: -0.4, decoration: TextDecoration.none), actionSmallTextStyle: TextStyle(inherit: false, color: Color(alpha: 1.0000, red: 0.4039, green: 0.3137, blue: 0.6431, colorSpace: ColorSpace.sRGB), family: CupertinoSystemText, size: 15.0, letterSpacing: -0.2, decoration: TextDecoration.none), navActionTextStyle: TextStyle(inherit: false, color: Color(alpha: 1.0000, red: 0.4039, green: 0.3137, blue: 0.6431, colorSpace: ColorSpace.sRGB), family: CupertinoSystemText, size: 17.0, letterSpacing: -0.4, decoration: TextDecoration.none))
                                                                 └InheritedCupertinoTheme
                                                                  └IconTheme(color: Color(alpha: 1.0000, red: 0.4039, green: 0.3137, blue: 0.6431, colorSpace: ColorSpace.sRGB))
                                                                   └IconTheme(color: Color(alpha: 0.8667, red: 0.0000, green: 0.0000, blue: 0.0000, colorSpace: ColorSpace.sRGB))
                                                                    └DefaultSelectionStyle
                                                                     └ScaffoldMessenger(dependencies: [MediaQuery], state: ScaffoldMessengerState#d8bc9)
                                                                      └_ScaffoldMessengerScope
                                                                       └DefaultSelectionStyle
                                                                        └Router<Object>(dependencies: [UnmanagedRestorationScope], state: _RouterState<Object>#dc648)
                                                                         └UnmanagedRestorationScope
                                                                          └_RouterScope
                                                                           └Builder
                                                                            └InheritedGoRouter(goRouter: Instance of 'GoRouter')
                                                                             └_CustomNavigator-[GlobalObjectKey int#b35c3](state: _CustomNavigatorState#6e463)
                                                                              └GoRouterStateRegistryScope
                                                                               └HeroControllerScope
                                                                                └Navigator-[LabeledGlobalKey<NavigatorState>#6fe54 root](dependencies: [HeroControllerScope, InheritedCupertinoTheme, UnmanagedRestorationScope, _InheritedTheme, _LocalizationsScope-[GlobalKey#98331]], state: NavigatorState#87538(tickers: tracking 1 ticker))
                                                                                 └HeroControllerScope
                                                                                  └NotificationListener<NavigationNotification>
                                                                                   └Listener(listeners: [down, up, cancel], behavior: deferToChild, renderObject: RenderPointerListener#37ca8)
                                                                                    └AbsorbPointer(absorbing: false, renderObject: RenderAbsorbPointer#82001)
                                                                                     └FocusTraversalGroup(policy: ReadingOrderTraversalPolicy#5dd22, state: _FocusTraversalGroupState#76580)
                                                                                      └Focus(debugLabel: "FocusTraversalGroup", focusNode: _FocusTraversalGroupNode#fac36(FocusTraversalGroup [IN FOCUS PATH]), dependencies: [_FocusInheritedScope], state: _FocusState#48c34)
                                                                                       └_FocusInheritedScope
                                                                                        └Focus(debugLabel: "Navigator", AUTOFOCUS, focusNode: FocusNode#c42d5(Navigator [IN FOCUS PATH]), dependencies: [_FocusInheritedScope], state: _FocusState#0b171)
                                                                                         └_FocusInheritedScope
                                                                                          └UnmanagedRestorationScope
                                                                                           └Overlay-[LabeledGlobalKey<OverlayState>#96dd5](state: OverlayState#0f01b(entries: [OverlayEntry#78419(opaque: true; maintainState: false), OverlayEntry#e42a8(opaque: false; maintainState: true)]))
                                                                                            └_Theater(skipCount: 0, dependencies: [Directionality], renderObject: _RenderTheater#2cd39)
                                                                                             ├_OverlayEntryWidget-[LabeledGlobalKey<_OverlayEntryWidgetState>#1f41d](state: _OverlayEntryWidgetState#750fd)
                                                                                             │└TickerMode(state: _TickerModeState#2c9c7(requested mode: enabled))
                                                                                             │ └_EffectiveTickerMode(effective mode: enabled)
                                                                                             │  └_RenderTheaterMarker
                                                                                             │   └Builder
                                                                                             │    └IgnorePointer(ignoring: false, renderObject: RenderIgnorePointer#22f9f)
                                                                                             │     └ModalBarrier
                                                                                             │      └BlockSemantics(blocking: true, renderObject: RenderBlockSemantics#51a00)
                                                                                             │       └ExcludeSemantics(excluding: true, renderObject: RenderExcludeSemantics#4e740)
                                                                                             │        └_ModalBarrierGestureDetector
                                                                                             │         └RawGestureDetector(state: RawGestureDetectorState#d1685(gestures: [any tap], behavior: opaque))
                                                                                             │          └_GestureSemantics(renderObject: RenderSemanticsGestureHandler#29274)
                                                                                             │           └Listener(listeners: [down, panZoomStart], behavior: opaque, renderObject: RenderPointerListener#957c1)
                                                                                             │            └Semantics(container: false, properties: SemanticsProperties, renderObject: RenderSemanticsAnnotations#61305)
                                                                                             │             └MouseRegion(listeners: <none>, cursor: SystemMouseCursor(basic), renderObject: RenderMouseRegion#3cd94)
                                                                                             │              └ConstrainedBox(BoxConstraints(biggest), renderObject: RenderConstrainedBox#2eb45)
                                                                                             └_OverlayEntryWidget-[LabeledGlobalKey<_OverlayEntryWidgetState>#2d064](state: _OverlayEntryWidgetState#29a7f)
                                                                                              └TickerMode(state: _TickerModeState#0767f(requested mode: enabled))
                                                                                               └_EffectiveTickerMode(effective mode: enabled)
                                                                                                └_RenderTheaterMarker
                                                                                                 └Builder
                                                                                                  └Semantics(container: false, properties: SemanticsProperties, sortKey: OrdinalSortKey#4f382(order: 0.0), renderObject: RenderSemanticsAnnotations#8a5c8)
                                                                                                   └_ModalScope<void>-[LabeledGlobalKey<_ModalScopeState<void>>#4462e](state: _ModalScopeState<void>#b7fa5)
                                                                                                    └AnimatedBuilder(listenable: ValueNotifier<String?>#184d9(null), state: _AnimatedState#69a7f)
                                                                                                     └RestorationScope(dependencies: [UnmanagedRestorationScope], state: _RestorationScopeState#32f3c)
                                                                                                      └UnmanagedRestorationScope
                                                                                                       └_ModalScopeStatus(active)
                                                                                                        └Offstage(offstage: false, renderObject: RenderOffstage#87e03)
                                                                                                         └PageStorage
                                                                                                          └Builder
                                                                                                           └Actions(dispatcher: null, actions: {DismissIntent: _DismissModalAction#f6ab7}, state: _ActionsState#668d5)
                                                                                                            └_ActionsScope
                                                                                                             └PrimaryScrollController(ScrollController#6740c(one client, offset 0.0))
                                                                                                              └_FocusScopeWithExternalFocusNode(debugLabel: "_ModalScopeState<dynamic> Focus Scope", focusNode: FocusScopeNode#c38b5(_ModalScopeState<dynamic> Focus Scope [PRIMARY FOCUS]), dependencies: [_FocusInheritedScope], state: _FocusScopeState#e7af7)
                                                                                                               └Semantics(container: false, properties: SemanticsProperties, renderObject: RenderSemanticsAnnotations#242e0)
                                                                                                                └_FocusInheritedScope
                                                                                                                 └RepaintBoundary(renderObject: RenderRepaintBoundary#c86bf)
                                                                                                                  └ListenableBuilder(listenable: Listenable.merge([AnimationController#0ded9(⏭ 1.000; paused; for _PageBasedMaterialPageRoute<void>(/))➩ProxyAnimation, kAlwaysDismissedAnimation➩ProxyAnimation➩ProxyAnimation]), dependencies: [InheritedCupertinoTheme, _InheritedTheme, _LocalizationsScope-[GlobalKey#98331]], state: _AnimatedState#a3998)
                                                                                                                   └_PageTransitionsThemeTransitions<void>(dependencies: [InheritedCupertinoTheme, _InheritedTheme, _LocalizationsScope-[GlobalKey#98331]], state: _PageTransitionsThemeTransitionsState<void>#ca094)
                                                                                                                    └_PredictiveBackGestureDetector(state: _PredictiveBackGestureDetectorState#3bcb4)
                                                                                                                     └_FadeForwardsPageTransition(dependencies: [_ModalScopeStatus])
                                                                                                                      └DualTransitionBuilder(state: _DualTransitionBuilderState#44dea)
                                                                                                                       └FadeTransition(opacity: kAlwaysCompleteAnimation➩ProxyAnimation➩CurveTween(curve: Interval(0.0⋯0.75))➩Tween<double>(0.0 → 1.0)➩1.0, renderObject: RenderAnimatedOpacity#fb3a8)
                                                                                                                        └SlideTransition(listenable: kAlwaysCompleteAnimation➩ProxyAnimation➩CurveTween(curve: ThreePointCubic )➩Tween<Offset>(Offset(0.3, 0.0) → Offset(0.0, 0.0))➩Offset(0.0, 0.0), state: _AnimatedState#c26ed)
                                                                                                                         └FractionalTranslation(renderObject: RenderFractionalTranslation#462af)
                                                                                                                          └IgnorePointer(ignoring: false, renderObject: RenderIgnorePointer#7ad33)
                                                                                                                           └FadeTransition(opacity: AnimationController#0ded9(⏭ 1.000; paused; for _PageBasedMaterialPageRoute<void>(/))➩ProxyAnimation➪ReverseAnimation➩ProxyAnimation➩CurveTween(curve: Interval(0.0⋯0.25))➩Tween<double>(1.0 → 0.0)➩1.0, renderObject: RenderAnimatedOpacity#9043a)
                                                                                                                            └SlideTransition(listenable: AnimationController#0ded9(⏭ 1.000; paused; for _PageBasedMaterialPageRoute<void>(/))➩ProxyAnimation➪ReverseAnimation➩ProxyAnimation➩CurveTween(curve: ThreePointCubic )➩Tween<Offset>(Offset(0.0, 0.0) → Offset(0.3, 0.0))➩Offset(0.0, 0.0), state: _AnimatedState#d2764)
                                                                                                                             └FractionalTranslation(renderObject: RenderFractionalTranslation#75565)
                                                                                                                              └ColoredBox(color: Color(alpha: 0.0000, red: 0.0000, green: 0.0000, blue: 0.0000, colorSpace: ColorSpace.sRGB), renderObject: _RenderColoredBox#1f471)
                                                                                                                               └DualTransitionBuilder(state: _DualTransitionBuilderState#c28c7)
                                                                                                                                └FadeTransition(opacity: kAlwaysCompleteAnimation➩ProxyAnimation➩CurveTween(curve: Interval(0.0⋯0.75))➩Tween<double>(0.0 → 1.0)➩1.0, renderObject: RenderAnimatedOpacity#bf5c7)
                                                                                                                                 └SlideTransition(listenable: kAlwaysCompleteAnimation➩ProxyAnimation➩CurveTween(curve: ThreePointCubic )➩Tween<Offset>(Offset(-0.3, 0.0) → Offset(0.0, 0.0))➩Offset(0.0, 0.0), state: _AnimatedState#9a992)
                                                                                                                                  └FractionalTranslation(renderObject: RenderFractionalTranslation#fbcc9)
                                                                                                                                   └FadeTransition(opacity: kAlwaysDismissedAnimation➩ProxyAnimation➩ProxyAnimation➪ReverseAnimation➪ReverseAnimation➩ProxyAnimation➩CurveTween(curve: Interval(0.0⋯0.25))➩Tween<double>(1.0 → 0.0)➩1.0, renderObject: RenderAnimatedOpacity#32fc6)
                                                                                                                                    └SlideTransition(listenable: kAlwaysDismissedAnimation➩ProxyAnimation➩ProxyAnimation➪ReverseAnimation➪ReverseAnimation➩ProxyAnimation➩CurveTween(curve: ThreePointCubic )➩Tween<Offset>(Offset(0.0, 0.0) → Offset(-0.3, 0.0))➩Offset(0.0, 0.0), state: _AnimatedState#704d0)
                                                                                                                                     └FractionalTranslation(renderObject: RenderFractionalTranslation#cc98c)
                                                                                                                                      └ListenableBuilder(listenable: ValueNotifier<bool>#d5119(false), state: _AnimatedState#eca31)
                                                                                                                                       └IgnorePointer(ignoring: false, renderObject: RenderIgnorePointer#4a6f7)
                                                                                                                                        └RepaintBoundary-[GlobalKey#517f1](renderObject: RenderRepaintBoundary#945d6)
                                                                                                                                         └Builder
                                                                                                                                          └Semantics(container: false, properties: SemanticsProperties, renderObject: RenderSemanticsAnnotations#321f4)
                                                                                                                                           └Builder
                                                                                                                                            └ViewerOfficialRecordScreen(dependencies: [InheritedCupertinoTheme, UncontrolledProviderScope, _InheritedTheme, _LocalizationsScope-[GlobalKey#98331]], state: _ConsumerState#a3740)
                                                                                                                                             └DefaultTabController(dependencies: [_EffectiveTickerMode], state: _DefaultTabControllerState#d6dd1(ticker inactive))
                                                                                                                                              └_TabControllerScope
                                                                                                                                               └LiquidBackground(dependencies: [InheritedCupertinoTheme, UncontrolledProviderScope, _InheritedTheme, _LocalizationsScope-[GlobalKey#98331]], state: _ConsumerState#4ab48)
                                                                                                                                                └Container(bg: Color(alpha: 1.0000, red: 0.9490, green: 0.9490, blue: 0.9686, colorSpace: ColorSpace.sRGB))
                                                                                                                                                 └ColoredBox(color: Color(alpha: 1.0000, red: 0.9490, green: 0.9490, blue: 0.9686, colorSpace: ColorSpace.sRGB), renderObject: _RenderColoredBox#253fb)
                                                                                                                                                  └Scaffold(dependencies: [Directionality, InheritedCupertinoTheme, MediaQuery, UnmanagedRestorationScope, _InheritedTheme, _LocalizationsScope-[GlobalKey#98331], _ScaffoldMessengerScope], state: ScaffoldState#5d631(tickers: tracking 3 tickers))
                                                                                                                                                   └_ScaffoldScope
                                                                                                                                                    └ScrollNotificationObserver(state: ScrollNotificationObserverState#f1f6f)
                                                                                                                                                     └NotificationListener<ScrollMetricsNotification>
                                                                                                                                                      └NotificationListener<ScrollNotification>
                                                                                                                                                       └_ScrollNotificationObserverScope
                                                                                                                                                        └Material(type: canvas, color: Color(alpha: 0.0000, red: 0.0000, green: 0.0000, blue: 0.0000, colorSpace: ColorSpace.sRGB), dependencies: [InheritedCupertinoTheme, _InheritedTheme, _LocalizationsScope-[GlobalKey#98331]], state: _MaterialState#2a002)
                                                                                                                                                         └AnimatedPhysicalModel(duration: 200ms, shape: rectangle, borderRadius: null, elevation: 0.0, color: Color(alpha: 0.0000, red: 0.0000, green: 0.0000, blue: 0.0000, colorSpace: ColorSpace.sRGB), animateColor: false, shadowColor: Color(alpha: 1.0000, red: 0.0000, green: 0.0000, blue: 0.0000, colorSpace: ColorSpace.sRGB), animateShadowColor: true, state: _AnimatedPhysicalModelState#6ad23(ticker inactive))
                                                                                                                                                          └PhysicalModel(shape: rectangle, borderRadius: BorderRadius.zero, elevation: 0.0, color: Color(alpha: 0.0000, red: 0.0000, green: 0.0000, blue: 0.0000, colorSpace: ColorSpace.sRGB), shadowColor: Color(alpha: 1.0000, red: 0.0000, green: 0.0000, blue: 0.0000, colorSpace: ColorSpace.sRGB), renderObject: RenderPhysicalModel#d6269)
                                                                                                                                                           └NotificationListener<LayoutChangedNotification>
                                                                                                                                                            └_InkFeatures-[GlobalKey#3c225 ink renderer](renderObject: _RenderInkFeatures#931a4)
                                                                                                                                                             └AnimatedDefaultTextStyle(duration: 200ms, debugLabel: (englishLike bodyMedium 2021).merge((blackMountainView bodyMedium).apply), inherit: false, color: Color(alpha: 1.0000, red: 0.1137, green: 0.1059, blue: 0.1255, colorSpace: ColorSpace.sRGB), family: Roboto, size: 14.0, weight: 400, letterSpacing: 0.3, baseline: alphabetic, height: 1.4x, leadingDistribution: even, decoration: Color(alpha: 1.0000, red: 0.1137, green: 0.1059, blue: 0.1255, colorSpace: ColorSpace.sRGB) TextDecoration.none, softWrap: wrapping at box width, overflow: clip, state: _AnimatedDefaultTextStyleState#1ba21(ticker inactive))
                                                                                                                                                              └DefaultTextStyle(debugLabel: (englishLike bodyMedium 2021).merge((blackMountainView bodyMedium).apply), inherit: false, color: Color(alpha: 1.0000, red: 0.1137, green: 0.1059, blue: 0.1255, colorSpace: ColorSpace.sRGB), family: Roboto, size: 14.0, weight: 400, letterSpacing: 0.3, baseline: alphabetic, height: 1.4x, leadingDistribution: even, decoration: Color(alpha: 1.0000, red: 0.1137, green: 0.1059, blue: 0.1255, colorSpace: ColorSpace.sRGB) TextDecoration.none, softWrap: wrapping at box width, overflow: clip)
                                                                                                                                                               └AnimatedBuilder(listenable: AnimationController#ab840(⏭ 1.000; paused), state: _AnimatedState#a44bd)
                                                                                                                                                                └Actions(dispatcher: null, actions: {DismissIntent: _DismissDrawerAction#f5306}, state: _ActionsState#f7267)
                                                                                                                                                                 └_ActionsScope
                                                                                                                                                                  └CustomMultiChildLayout(renderObject: RenderCustomMultiChildLayoutBox#9bf53)
                                                                                                                                                                   ├LayoutId-[<_ScaffoldSlot.body>](id: _ScaffoldSlot.body)
                                                                                                                                                                   │└MediaQuery(MediaQueryData(size: Size(1080.0, 4000.0), devicePixelRatio: 1.0, textScaler: SystemTextScaler (no scaling), platformBrightness: Brightness.light, padding: EdgeInsets.zero, viewPadding: EdgeInsets.zero, viewInsets: EdgeInsets.zero, systemGestureInsets: EdgeInsets.zero, alwaysUse24HourFormat: false, accessibleNavigation: false, highContrast: false, onOffSwitchLabels: false, disableAnimations: false, invertColors: false, boldText: false, navigationMode: traditional, gestureSettings: DeviceGestureSettings(touchSlop: null), displayFeatures: [], supportsShowingSystemContextMenu: false, lineHeightScaleFactorOverride: null, letterSpacingOverride: null, wordSpacingOverride: null, paragraphSpacingOverride: null))
                                                                                                                                                                   │ └_BodyBuilder
                                                                                                                                                                   │  └KeyedSubtree-[GlobalKey#962b0]
                                                                                                                                                                   │   └TabBarView(dependencies: [_TabControllerScope], state: _TabBarViewState#9a267)
                                                                                                                                                                   │    └NotificationListener<ScrollNotification>
                                                                                                                                                                   │     └PageView(dependencies: [Directionality, ScrollConfiguration], state: _PageViewState#a7b42(scrollDirection: horizontal, PageController#68432(one client, offset 0.0), PageScrollPhysics -> ClampingScrollPhysics))
                                                                                                                                                                   │      └NotificationListener<ScrollNotification>
                                                                                                                                                                   │       └Scrollable(axisDirection: right, physics: _ForceImplicitScrollPhysics -> PageScrollPhysics -> PageScrollPhysics -> ClampingScrollPhysics, restorationId: null, dependencies: [InheritedCupertinoTheme, MediaQuery, UnmanagedRestorationScope, _InheritedTheme, _LocalizationsScope-[GlobalKey#98331]], state: ScrollableState#30b16(position: _PagePosition#bc20e(offset: 0.0, range: 0.0..0.0, viewport: 1080.0, ScrollableState, _ForceImplicitScrollPhysics -> PageScrollPhysics -> PageScrollPhysics -> ClampingScrollPhysics -> ClampingScrollPhysics -> RangeMaintainingScrollPhysics, IdleScrollActivity#8682d, ScrollDirection.idle), effective physics: _ForceImplicitScrollPhysics -> PageScrollPhysics -> PageScrollPhysics -> ClampingScrollPhysics -> ClampingScrollPhysics -> RangeMaintainingScrollPhysics))
                                                                                                                                                                   │        └StretchingOverscrollIndicator(axisDirection: right, state: _StretchingOverscrollIndicatorState#ebaa6)
                                                                                                                                                                   │         └NotificationListener<ScrollNotification>
                                                                                                                                                                   │          └AnimatedBuilder(listenable: _StretchController(), dependencies: [MediaQuery], state: _AnimatedState#bbd21)
                                                                                                                                                                   │           └ClipRect(renderObject: RenderClipRect#15920 relayoutBoundary=up1)
                                                                                                                                                                   │            └StretchEffect(dependencies: [Directionality])
                                                                                                                                                                   │             └Transform(dependencies: [Directionality], renderObject: RenderTransform#e6800 relayoutBoundary=up2)
                                                                                                                                                                   │              └NotificationListener<ScrollMetricsNotification>
                                                                                                                                                                   │               └_ScrollSemantics-[GlobalKey#f4a3f](renderObject: _RenderScrollSemantics#96b7e relayoutBoundary=up3)
                                                                                                                                                                   │                └_ScrollableScope
                                                                                                                                                                   │                 └Listener(listeners: [signal], behavior: deferToChild, renderObject: RenderPointerListener#11292 relayoutBoundary=up4)
                                                                                                                                                                   │                  └RawGestureDetector-[LabeledGlobalKey<RawGestureDetectorState>#b76db](state: RawGestureDetectorState#4bdc5(gestures: <none>, behavior: opaque))
                                                                                                                                                                   │                   └_GestureSemantics(renderObject: RenderSemanticsGestureHandler#198b4 relayoutBoundary=up5)
                                                                                                                                                                   │                    └Listener(listeners: [down, panZoomStart], behavior: opaque, renderObject: RenderPointerListener#4c223 relayoutBoundary=up6)
                                                                                                                                                                   │                     └Semantics(container: false, properties: SemanticsProperties, renderObject: RenderSemanticsAnnotations#de03c relayoutBoundary=up7)
                                                                                                                                                                   │                      └IgnorePointer-[GlobalKey#2c0f6](ignoring: false, renderObject: RenderIgnorePointer#dc21c relayoutBoundary=up8)
                                                                                                                                                                   │                       └Viewport(axisDirection: right, anchor: 0.0, offset: _PagePosition#bc20e(offset: 0.0, range: 0.0..0.0, viewport: 1080.0, ScrollableState, _ForceImplicitScrollPhysics -> PageScrollPhysics -> PageScrollPhysics -> ClampingScrollPhysics -> ClampingScrollPhysics -> RangeMaintainingScrollPhysics, IdleScrollActivity#8682d, ScrollDirection.idle), cacheExtent: 0.0, cacheExtentStyle: CacheExtentStyle.viewport, renderObject: RenderViewport#43930)
                                                                                                                                                                   │                        └SliverFillViewport
                                                                                                                                                                   │                         └_SliverFractionalPadding(renderObject: _RenderSliverFractionalPadding#a2c22 relayoutBoundary=up1)
                                                                                                                                                                   │                          └_SliverFillViewportRenderObjectWidget(delegate: SliverChildListDelegate#1e4ff(estimated child count: 1), renderObject: RenderSliverFillViewport#410dc relayoutBoundary=up2)
                                                                                                                                                                   │                           └KeyedSubtree-[Key <[<0>]>]
                                                                                                                                                                   │                            └AutomaticKeepAlive(state: _AutomaticKeepAliveState#b939d(handles: no notifications ever received))
                                                                                                                                                                   │                             └KeepAlive(keepAlive: false)
                                                                                                                                                                   │                              └NotificationListener<KeepAliveNotification>
                                                                                                                                                                   │                               └_SelectionKeepAlive(state: _SelectionKeepAliveState#d9ac9)
                                                                                                                                                                   │                                └IndexedSemantics(index: 0, renderObject: RenderIndexedSemantics#941cb)
                                                                                                                                                                   │                                 └RepaintBoundary(renderObject: RenderRepaintBoundary#b58b8)
                                                                                                                                                                   │                                  └KeyedSubtree-[<0>]
                                                                                                                                                                   │                                   └Semantics(container: false, properties: SemanticsProperties, role: tabPanel, renderObject: RenderSemanticsAnnotations#a8816)
                                                                                                                                                                   │                                    └Column(direction: vertical, mainAxisAlignment: start, crossAxisAlignment: center, renderObject: RenderFlex#59f8e)
                                                                                                                                                                   │                                     ├Container(padding: EdgeInsets(16.0, 12.0, 16.0, 12.0), bg: BoxDecoration(color: Color(alpha: 1.0000, red: 1.0000, green: 1.0000, blue: 1.0000, colorSpace: ColorSpace.sRGB), border: Border(bottom: BorderSide(color: Color(alpha: 1.0000, red: 0.9333, green: 0.9333, blue: 0.9333, colorSpace: ColorSpace.sRGB)))), constraints: BoxConstraints(w=Infinity, 0.0<=h<=Infinity))
                                                                                                                                                                   │                                     │└ConstrainedBox(BoxConstraints(w=Infinity, 0.0<=h<=Infinity), renderObject: RenderConstrainedBox#cd847 relayoutBoundary=up1)
                                                                                                                                                                   │                                     │ └DecoratedBox(bg: BoxDecoration(color: Color(alpha: 1.0000, red: 1.0000, green: 1.0000, blue: 1.0000, colorSpace: ColorSpace.sRGB), border: Border(bottom: BorderSide(color: Color(alpha: 1.0000, red: 0.9333, green: 0.9333, blue: 0.9333, colorSpace: ColorSpace.sRGB)))), dependencies: [Directionality, MediaQuery, _LocalizationsScope-[GlobalKey#98331]], renderObject: RenderDecoratedBox#8f8d9 relayoutBoundary=up2)
                                                                                                                                                                   │                                     │  └Padding(padding: EdgeInsets(16.0, 12.0, 16.0, 13.0), dependencies: [Directionality], renderObject: RenderPadding#2d137 relayoutBoundary=up3)
                                                                                                                                                                   │                                     │   └Row(direction: horizontal, mainAxisAlignment: start, crossAxisAlignment: center, dependencies: [Directionality], renderObject: RenderFlex#c107c relayoutBoundary=up4)
                                                                                                                                                                   │                                     │    ├Expanded(flex: 1)
                                                                                                                                                                   │                                     │    │└ElevatedButton-[<'viewer_export_pdf_button'>](style: ButtonStyle#f0a95(textStyle: WidgetStatePropertyAll(null), backgroundColor: WidgetStateMapper<Color?>({WidgetState.disabled: null, WidgetState.any: Color(alpha: 1.0000, red: 0.2588, green: 0.2588, blue: 0.2588, colorSpace: ColorSpace.sRGB)}), foregroundColor: WidgetStateMapper<Color?>({WidgetState.disabled: null, WidgetState.any: Color(alpha: 1.0000, red: 1.0000, green: 1.0000, blue: 1.0000, colorSpace: ColorSpace.sRGB)}), overlayColor: WidgetStateMapper<Color?>({WidgetState.pressed: Color(alpha: 0.1020, red: 1.0000, green: 1.0000, blue: 1.0000, colorSpace: ColorSpace.sRGB), WidgetState.hovered: Color(alpha: 0.0784, red: 1.0000, green: 1.0000, blue: 1.0000, colorSpace: ColorSpace.sRGB), WidgetState.focused: Color(alpha: 0.1020, red: 1.0000, green: 1.0000, blue: 1.0000, colorSpace: ColorSpace.sRGB)}), elevation: WidgetStateMapper<double>({WidgetState.disabled: 0.0, WidgetState.pressed: 6.0, WidgetState.hovered: 2.0, WidgetState.focused: 2.0, WidgetState.any: 0.0}), padding: WidgetStatePropertyAll(EdgeInsets(0.0, 12.0, 0.0, 12.0)), shape: WidgetStatePropertyAll(RoundedRectangleBorder(BorderSide(width: 0.0, style: none), BorderRadius.circular(12.0))), mouseCursor: WidgetStateMapper<MouseCursor?>({WidgetState.disabled: null, WidgetState.any: null})), dependencies: [IconTheme, InheritedCupertinoTheme, MediaQuery, _InheritedTheme, _LocalizationsScope-[GlobalKey#98331]], state: _ButtonStyleState#2880f)
                                                                                                                                                                   │                                     │    │ └Semantics(container: true, properties: SemanticsProperties, renderObject: RenderSemanticsAnnotations#e1ba7 relayoutBoundary=up5)
                                                                                                                                                                   │                                     │    │  └_InputPadding(renderObject: _RenderInputPadding#f53d0 relayoutBoundary=up6)
                                                                                                                                                                   │                                     │    │   └ConstrainedBox(BoxConstraints(64.0<=w<=Infinity, 40.0<=h<=Infinity), renderObject: RenderConstrainedBox#04e3b relayoutBoundary=up7)
                                                                                                                                                                   │                                     │    │    └Material(type: button, color: Color(alpha: 1.0000, red: 0.2588, green: 0.2588, blue: 0.2588, colorSpace: ColorSpace.sRGB), shadowColor: Color(alpha: 1.0000, red: 0.0000, green: 0.0000, blue: 0.0000, colorSpace: ColorSpace.sRGB), surfaceTintColor: Color(alpha: 0.0000, red: 0.0000, green: 0.0000, blue: 0.0000, colorSpace: ColorSpace.sRGB), textStyle.debugLabel: ((englishLike labelLarge 2021).merge((blackMountainView labelLarge).apply)).copyWith, textStyle.inherit: false, textStyle.color: Color(alpha: 1.0000, red: 1.0000, green: 1.0000, blue: 1.0000, colorSpace: ColorSpace.sRGB), textStyle.family: Roboto, textStyle.size: 14.0, textStyle.weight: 500, textStyle.letterSpacing: 0.1, textStyle.baseline: alphabetic, textStyle.height: 1.4x, textStyle.leadingDistribution: even, textStyle.decoration: Color(alpha: 1.0000, red: 0.1137, green: 0.1059, blue: 0.1255, colorSpace: ColorSpace.sRGB) TextDecoration.none, shape: RoundedRectangleBorder(BorderSide(width: 0.0, style: none), BorderRadius.circular(12.0)), borderOnForeground: false, dependencies: [InheritedCupertinoTheme, _InheritedTheme, _LocalizationsScope-[GlobalKey#98331]], state: _MaterialState#01296)
                                                                                                                                                                   │                                     │    │     └_MaterialInterior(duration: 200ms, shape: RoundedRectangleBorder(BorderSide(width: 0.0, style: none), BorderRadius.circular(12.0)), elevation: 0.0, color: Color(alpha: 1.0000, red: 0.2588, green: 0.2588, blue: 0.2588, colorSpace: ColorSpace.sRGB), shadowColor: Color(alpha: 1.0000, red: 0.0000, green: 0.0000, blue: 0.0000, colorSpace: ColorSpace.sRGB), dependencies: [Directionality, InheritedCupertinoTheme, _InheritedTheme, _LocalizationsScope-[GlobalKey#98331]], state: _MaterialInteriorState#31d0b(ticker inactive))
                                                                                                                                                                   │                                     │    │      └PhysicalShape(clipper: ShapeBorderClipper, elevation: 0.0, color: Color(alpha: 1.0000, red: 0.2588, green: 0.2588, blue: 0.2588, colorSpace: ColorSpace.sRGB), shadowColor: Color(alpha: 1.0000, red: 0.0000, green: 0.0000, blue: 0.0000, colorSpace: ColorSpace.sRGB), renderObject: RenderPhysicalShape#4f5fd relayoutBoundary=up8)
                                                                                                                                                                   │                                     │    │       └_ShapeBorderPaint(dependencies: [Directionality])
                                                                                                                                                                   │                                     │    │        └CustomPaint(renderObject: RenderCustomPaint#db7f6 relayoutBoundary=up9)
                                                                                                                                                                   │                                     │    │         └NotificationListener<LayoutChangedNotification>
                                                                                                                                                                   │                                     │    │          └_InkFeatures-[GlobalKey#8777e ink renderer](renderObject: _RenderInkFeatures#90444 relayoutBoundary=up10)
                                                                                                                                                                   │                                     │    │           └AnimatedDefaultTextStyle(duration: 200ms, debugLabel: ((englishLike labelLarge 2021).merge((blackMountainView labelLarge).apply)).copyWith, inherit: false, color: Color(alpha: 1.0000, red: 1.0000, green: 1.0000, blue: 1.0000, colorSpace: ColorSpace.sRGB), family: Roboto, size: 14.0, weight: 500, letterSpacing: 0.1, baseline: alphabetic, height: 1.4x, leadingDistribution: even, decoration: Color(alpha: 1.0000, red: 0.1137, green: 0.1059, blue: 0.1255, colorSpace: ColorSpace.sRGB) TextDecoration.none, softWrap: wrapping at box width, overflow: clip, state: _AnimatedDefaultTextStyleState#e989c(ticker inactive))
                                                                                                                                                                   │                                     │    │            └DefaultTextStyle(debugLabel: ((englishLike labelLarge 2021).merge((blackMountainView labelLarge).apply)).copyWith, inherit: false, color: Color(alpha: 1.0000, red: 1.0000, green: 1.0000, blue: 1.0000, colorSpace: ColorSpace.sRGB), family: Roboto, size: 14.0, weight: 500, letterSpacing: 0.1, baseline: alphabetic, height: 1.4x, leadingDistribution: even, decoration: Color(alpha: 1.0000, red: 0.1137, green: 0.1059, blue: 0.1255, colorSpace: ColorSpace.sRGB) TextDecoration.none, softWrap: wrapping at box width, overflow: clip)
                                                                                                                                                                   │                                     │    │             └AnimatedTheme(duration: 200ms, state: _AnimatedThemeState#90dde(ticker inactive, ThemeDataTween(ThemeData#27df6 → ThemeData#27df6)))
                                                                                                                                                                   │                                     │    │              └Theme(ThemeData#27df6, dependencies: [DefaultSelectionStyle, InheritedCupertinoTheme])
                                                                                                                                                                   │                                     │    │               └_InheritedTheme
                                                                                                                                                                   │                                     │    │                └CupertinoTheme(brightness: light, primaryColor: Color(alpha: 1.0000, red: 0.4039, green: 0.3137, blue: 0.6431, colorSpace: ColorSpace.sRGB), scaffoldBackgroundColor: Color(alpha: 1.0000, red: 0.9961, green: 0.9686, blue: 1.0000, colorSpace: ColorSpace.sRGB), actionTextStyle: TextStyle(inherit: false, color: Color(alpha: 1.0000, red: 0.4039, green: 0.3137, blue: 0.6431, colorSpace: ColorSpace.sRGB), family: CupertinoSystemText, size: 17.0, letterSpacing: -0.4, decoration: TextDecoration.none), actionSmallTextStyle: TextStyle(inherit: false, color: Color(alpha: 1.0000, red: 0.4039, green: 0.3137, blue: 0.6431, colorSpace: ColorSpace.sRGB), family: CupertinoSystemText, size: 15.0, letterSpacing: -0.2, decoration: TextDecoration.none), navActionTextStyle: TextStyle(inherit: false, color: Color(alpha: 1.0000, red: 0.4039, green: 0.3137, blue: 0.6431, colorSpace: ColorSpace.sRGB), family: CupertinoSystemText, size: 17.0, letterSpacing: -0.4, decoration: TextDecoration.none))
                                                                                                                                                                   │                                     │    │                 └InheritedCupertinoTheme
                                                                                                                                                                   │                                     │    │                  └IconTheme(color: Color(alpha: 1.0000, red: 0.4039, green: 0.3137, blue: 0.6431, colorSpace: ColorSpace.sRGB))
                                                                                                                                                                   │                                     │    │                   └IconTheme(size: 18.0, fill: 0.0, weight: 400.0, grade: 0.0, opticalSize: 48.0, color: Color(alpha: 1.0000, red: 1.0000, green: 1.0000, blue: 1.0000, colorSpace: ColorSpace.sRGB), opacity: 1.0, applyTextScaling: false)
                                                                                                                                                                   │                                     │    │                    └DefaultSelectionStyle
                                                                                                                                                                   │                                     │    │                     └InkWell
                                                                                                                                                                   │                                     │    │                      └_InkResponseStateWidget(gestures: [tap], mouseCursor: ButtonStyleButton_MouseCursor, clipped to BoxShape.rectangle, dependencies: [InheritedCupertinoTheme, MediaQuery, _InheritedTheme, _LocalizationsScope-[GlobalKey#98331]], state: _InkResponseState#6eded)
                                                                                                                                                                   │                                     │    │                       └_ParentInkResponseProvider
                                                                                                                                                                   │                                     │    │                        └Actions(dispatcher: null, actions: {ActivateIntent: CallbackAction<ActivateIntent>#e8833, ButtonActivateIntent: CallbackAction<ButtonActivateIntent>#795d3}, state: _ActionsState#62965)
                                                                                                                                                                   │                                     │    │                         └_ActionsScope
                                                                                                                                                                   │                                     │    │                          └Focus(dependencies: [_FocusInheritedScope], state: _FocusState#9a5cc)
                                                                                                                                                                   │                                     │    │                           └_FocusInheritedScope
                                                                                                                                                                   │                                     │    │                            └Semantics(container: false, properties: SemanticsProperties, renderObject: RenderSemanticsAnnotations#1a460 relayoutBoundary=up11)
                                                                                                                                                                   │                                     │    │                             └MouseRegion(listeners: [enter, exit], cursor: SystemMouseCursor(basic), renderObject: RenderMouseRegion#28da0 relayoutBoundary=up12)
                                                                                                                                                                   │                                     │    │                              └Builder(dependencies: [DefaultSelectionStyle])
                                                                                                                                                                   │                                     │    │                               └DefaultSelectionStyle
                                                                                                                                                                   │                                     │    │                                └Semantics(container: false, properties: SemanticsProperties, renderObject: RenderSemanticsAnnotations#383e8 relayoutBoundary=up13)
                                                                                                                                                                   │                                     │    │                                 └GestureDetector(startBehavior: start, dependencies: [MediaQuery, ScrollConfiguration])
                                                                                                                                                                   │                                     │    │                                  └RawGestureDetector(state: RawGestureDetectorState#304c8(gestures: [tap], excludeFromSemantics: true, behavior: opaque))
                                                                                                                                                                   │                                     │    │                                   └Listener(listeners: [down, panZoomStart], behavior: opaque, renderObject: RenderPointerListener#28eac relayoutBoundary=up14)
                                                                                                                                                                   │                                     │    │                                    └Padding(padding: EdgeInsets(0.0, 12.0, 0.0, 12.0), dependencies: [Directionality], renderObject: RenderPadding#d84bb relayoutBoundary=up15)
                                                                                                                                                                   │                                     │    │                                     └Align(alignment: Alignment.center, widthFactor: 1.0, heightFactor: 1.0, dependencies: [Directionality], renderObject: RenderPositionedBox#df2b4 relayoutBoundary=up16)
                                                                                                                                                                   │                                     │    │                                      └_ElevatedButtonWithIconChild(dependencies: [InheritedCupertinoTheme, MediaQuery, _InheritedTheme, _LocalizationsScope-[GlobalKey#98331]])
                                                                                                                                                                   │                                     │    │                                       └Row(direction: horizontal, mainAxisAlignment: start, mainAxisSize: min, crossAxisAlignment: center, spacing: 8.0, dependencies: [Directionality], renderObject: RenderFlex#fb49c relayoutBoundary=up17)
                                                                                                                                                                   │                                     │    │                                        ├Icon(IconData(U+0E4EA), dependencies: [Directionality, IconTheme])
                                                                                                                                                                   │                                     │    │                                        │└Semantics(container: false, properties: SemanticsProperties, renderObject: RenderSemanticsAnnotations#22f05 relayoutBoundary=up18)
                                                                                                                                                                   │                                     │    │                                        │ └ExcludeSemantics(excluding: true, renderObject: RenderExcludeSemantics#8a646 relayoutBoundary=up19)
                                                                                                                                                                   │                                     │    │                                        │  └SizedBox(width: 18.0, height: 18.0, renderObject: RenderConstrainedBox#ac1c1 relayoutBoundary=up20)
                                                                                                                                                                   │                                     │    │                                        │   └Center(alignment: Alignment.center, dependencies: [Directionality], renderObject: RenderPositionedBox#96842)
                                                                                                                                                                   │                                     │    │                                        │    └RichText(textDirection: ltr, softWrap: wrapping at box width, overflow: visible, maxLines: unlimited, text: "", dependencies: [_LocalizationsScope-[GlobalKey#98331]], renderObject: RenderParagraph#bf880 relayoutBoundary=up1)
                                                                                                                                                                   │                                     │    │                                        └Flexible(flex: 1)
                                                                                                                                                                   │                                     │    │                                         └Text("PDF印刷", inherit: true, weight: 700, dependencies: [DefaultSelectionStyle, DefaultTextStyle, MediaQuery])
                                                                                                                                                                   │                                     │    │                                          └RichText(softWrap: wrapping at box width, maxLines: unlimited, text: "PDF印刷", dependencies: [Directionality, _LocalizationsScope-[GlobalKey#98331]], renderObject: RenderParagraph#c34ca relayoutBoundary=up18)
                                                                                                                                                                   │                                     │    ├SizedBox(width: 12.0, renderObject: RenderConstrainedBox#171cb relayoutBoundary=up5)
                                                                                                                                                                   │                                     │    └Expanded(flex: 1)
                                                                                                                                                                   │                                     │     └ElevatedButton-[<'viewer_export_image_button'>](style: ButtonStyle#321f4(textStyle: WidgetStatePropertyAll(null), backgroundColor: WidgetStateMapper<Color?>({WidgetState.disabled: null, WidgetState.any: Color(alpha: 1.0000, red: 0.0000, green: 0.5373, blue: 0.4824, colorSpace: ColorSpace.sRGB)}), foregroundColor: WidgetStateMapper<Color?>({WidgetState.disabled: null, WidgetState.any: Color(alpha: 1.0000, red: 1.0000, green: 1.0000, blue: 1.0000, colorSpace: ColorSpace.sRGB)}), overlayColor: WidgetStateMapper<Color?>({WidgetState.pressed: Color(alpha: 0.1020, red: 1.0000, green: 1.0000, blue: 1.0000, colorSpace: ColorSpace.sRGB), WidgetState.hovered: Color(alpha: 0.0784, red: 1.0000, green: 1.0000, blue: 1.0000, colorSpace: ColorSpace.sRGB), WidgetState.focused: Color(alpha: 0.1020, red: 1.0000, green: 1.0000, blue: 1.0000, colorSpace: ColorSpace.sRGB)}), elevation: WidgetStateMapper<double>({WidgetState.disabled: 0.0, WidgetState.pressed: 6.0, WidgetState.hovered: 2.0, WidgetState.focused: 2.0, WidgetState.any: 0.0}), padding: WidgetStatePropertyAll(EdgeInsets(0.0, 12.0, 0.0, 12.0)), shape: WidgetStatePropertyAll(RoundedRectangleBorder(BorderSide(width: 0.0, style: none), BorderRadius.circular(12.0))), mouseCursor: WidgetStateMapper<MouseCursor?>({WidgetState.disabled: null, WidgetState.any: null})), dependencies: [IconTheme, InheritedCupertinoTheme, MediaQuery, _InheritedTheme, _LocalizationsScope-[GlobalKey#98331]], state: _ButtonStyleState#1476c)
                                                                                                                                                                   │                                     │      └Semantics(container: true, properties: SemanticsProperties, renderObject: RenderSemanticsAnnotations#0de9b relayoutBoundary=up5)
                                                                                                                                                                   │                                     │       └_InputPadding(renderObject: _RenderInputPadding#37516 relayoutBoundary=up6)
                                                                                                                                                                   │                                     │        └ConstrainedBox(BoxConstraints(64.0<=w<=Infinity, 40.0<=h<=Infinity), renderObject: RenderConstrainedBox#f4e6a relayoutBoundary=up7)
                                                                                                                                                                   │                                     │         └Material(type: button, color: Color(alpha: 1.0000, red: 0.0000, green: 0.5373, blue: 0.4824, colorSpace: ColorSpace.sRGB), shadowColor: Color(alpha: 1.0000, red: 0.0000, green: 0.0000, blue: 0.0000, colorSpace: ColorSpace.sRGB), surfaceTintColor: Color(alpha: 0.0000, red: 0.0000, green: 0.0000, blue: 0.0000, colorSpace: ColorSpace.sRGB), textStyle.debugLabel: ((englishLike labelLarge 2021).merge((blackMountainView labelLarge).apply)).copyWith, textStyle.inherit: false, textStyle.color: Color(alpha: 1.0000, red: 1.0000, green: 1.0000, blue: 1.0000, colorSpace: ColorSpace.sRGB), textStyle.family: Roboto, textStyle.size: 14.0, textStyle.weight: 500, textStyle.letterSpacing: 0.1, textStyle.baseline: alphabetic, textStyle.height: 1.4x, textStyle.leadingDistribution: even, textStyle.decoration: Color(alpha: 1.0000, red: 0.1137, green: 0.1059, blue: 0.1255, colorSpace: ColorSpace.sRGB) TextDecoration.none, shape: RoundedRectangleBorder(BorderSide(width: 0.0, style: none), BorderRadius.circular(12.0)), borderOnForeground: false, dependencies: [InheritedCupertinoTheme, _InheritedTheme, _LocalizationsScope-[GlobalKey#98331]], state: _MaterialState#c61ff)
                                                                                                                                                                   │                                     │          └_MaterialInterior(duration: 200ms, shape: RoundedRectangleBorder(BorderSide(width: 0.0, style: none), BorderRadius.circular(12.0)), elevation: 0.0, color: Color(alpha: 1.0000, red: 0.0000, green: 0.5373, blue: 0.4824, colorSpace: ColorSpace.sRGB), shadowColor: Color(alpha: 1.0000, red: 0.0000, green: 0.0000, blue: 0.0000, colorSpace: ColorSpace.sRGB), dependencies: [Directionality, InheritedCupertinoTheme, _InheritedTheme, _LocalizationsScope-[GlobalKey#98331]], state: _MaterialInteriorState#9fea3(ticker inactive))
                                                                                                                                                                   │                                     │           └PhysicalShape(clipper: ShapeBorderClipper, elevation: 0.0, color: Color(alpha: 1.0000, red: 0.0000, green: 0.5373, blue: 0.4824, colorSpace: ColorSpace.sRGB), shadowColor: Color(alpha: 1.0000, red: 0.0000, green: 0.0000, blue: 0.0000, colorSpace: ColorSpace.sRGB), renderObject: RenderPhysicalShape#49504 relayoutBoundary=up8)
                                                                                                                                                                   │                                     │            └_ShapeBorderPaint(dependencies: [Directionality])
                                                                                                                                                                   │                                     │             └CustomPaint(renderObject: RenderCustomPaint#a2f48 relayoutBoundary=up9)
                                                                                                                                                                   │                                     │              └NotificationListener<LayoutChangedNotification>
                                                                                                                                                                   │                                     │               └_InkFeatures-[GlobalKey#bf6ec ink renderer](renderObject: _RenderInkFeatures#bbd09 relayoutBoundary=up10)
                                                                                                                                                                   │                                     │                └AnimatedDefaultTextStyle(duration: 200ms, debugLabel: ((englishLike labelLarge 2021).merge((blackMountainView labelLarge).apply)).copyWith, inherit: false, color: Color(alpha: 1.0000, red: 1.0000, green: 1.0000, blue: 1.0000, colorSpace: ColorSpace.sRGB), family: Roboto, size: 14.0, weight: 500, letterSpacing: 0.1, baseline: alphabetic, height: 1.4x, leadingDistribution: even, decoration: Color(alpha: 1.0000, red: 0.1137, green: 0.1059, blue: 0.1255, colorSpace: ColorSpace.sRGB) TextDecoration.none, softWrap: wrapping at box width, overflow: clip, state: _AnimatedDefaultTextStyleState#da46d(ticker inactive))
                                                                                                                                                                   │                                     │                 └DefaultTextStyle(debugLabel: ((englishLike labelLarge 2021).merge((blackMountainView labelLarge).apply)).copyWith, inherit: false, color: Color(alpha: 1.0000, red: 1.0000, green: 1.0000, blue: 1.0000, colorSpace: ColorSpace.sRGB), family: Roboto, size: 14.0, weight: 500, letterSpacing: 0.1, baseline: alphabetic, height: 1.4x, leadingDistribution: even, decoration: Color(alpha: 1.0000, red: 0.1137, green: 0.1059, blue: 0.1255, colorSpace: ColorSpace.sRGB) TextDecoration.none, softWrap: wrapping at box width, overflow: clip)
                                                                                                                                                                   │                                     │                  └AnimatedTheme(duration: 200ms, state: _AnimatedThemeState#f0358(ticker inactive, ThemeDataTween(ThemeData#27df6 → ThemeData#27df6)))
                                                                                                                                                                   │                                     │                   └Theme(ThemeData#27df6, dependencies: [DefaultSelectionStyle, InheritedCupertinoTheme])
                                                                                                                                                                   │                                     │                    └_InheritedTheme
                                                                                                                                                                   │                                     │                     └CupertinoTheme(brightness: light, primaryColor: Color(alpha: 1.0000, red: 0.4039, green: 0.3137, blue: 0.6431, colorSpace: ColorSpace.sRGB), scaffoldBackgroundColor: Color(alpha: 1.0000, red: 0.9961, green: 0.9686, blue: 1.0000, colorSpace: ColorSpace.sRGB), actionTextStyle: TextStyle(inherit: false, color: Color(alpha: 1.0000, red: 0.4039, green: 0.3137, blue: 0.6431, colorSpace: ColorSpace.sRGB), family: CupertinoSystemText, size: 17.0, letterSpacing: -0.4, decoration: TextDecoration.none), actionSmallTextStyle: TextStyle(inherit: false, color: Color(alpha: 1.0000, red: 0.4039, green: 0.3137, blue: 0.6431, colorSpace: ColorSpace.sRGB), family: CupertinoSystemText, size: 15.0, letterSpacing: -0.2, decoration: TextDecoration.none), navActionTextStyle: TextStyle(inherit: false, color: Color(alpha: 1.0000, red: 0.4039, green: 0.3137, blue: 0.6431, colorSpace: ColorSpace.sRGB), family: CupertinoSystemText, size: 17.0, letterSpacing: -0.4, decoration: TextDecoration.none))
                                                                                                                                                                   │                                     │                      └InheritedCupertinoTheme
                                                                                                                                                                   │                                     │                       └IconTheme(color: Color(alpha: 1.0000, red: 0.4039, green: 0.3137, blue: 0.6431, colorSpace: ColorSpace.sRGB))
                                                                                                                                                                   │                                     │                        └IconTheme(size: 18.0, fill: 0.0, weight: 400.0, grade: 0.0, opticalSize: 48.0, color: Color(alpha: 1.0000, red: 1.0000, green: 1.0000, blue: 1.0000, colorSpace: ColorSpace.sRGB), opacity: 1.0, applyTextScaling: false)
                                                                                                                                                                   │                                     │                         └DefaultSelectionStyle
                                                                                                                                                                   │                                     │                          └InkWell
                                                                                                                                                                   │                                     │                           └_InkResponseStateWidget(gestures: [tap], mouseCursor: ButtonStyleButton_MouseCursor, clipped to BoxShape.rectangle, dependencies: [InheritedCupertinoTheme, MediaQuery, _InheritedTheme, _LocalizationsScope-[GlobalKey#98331]], state: _InkResponseState#11b92)
                                                                                                                                                                   │                                     │                            └_ParentInkResponseProvider
                                                                                                                                                                   │                                     │                             └Actions(dispatcher: null, actions: {ActivateIntent: CallbackAction<ActivateIntent>#8d102, ButtonActivateIntent: CallbackAction<ButtonActivateIntent>#dab4f}, state: _ActionsState#d6c02)
                                                                                                                                                                   │                                     │                              └_ActionsScope
                                                                                                                                                                   │                                     │                               └Focus(dependencies: [_FocusInheritedScope], state: _FocusState#93cd9)
                                                                                                                                                                   │                                     │                                └_FocusInheritedScope
                                                                                                                                                                   │                                     │                                 └Semantics(container: false, properties: SemanticsProperties, renderObject: RenderSemanticsAnnotations#525b9 relayoutBoundary=up11)
                                                                                                                                                                   │                                     │                                  └MouseRegion(listeners: [enter, exit], cursor: SystemMouseCursor(basic), renderObject: RenderMouseRegion#30b5d relayoutBoundary=up12)
                                                                                                                                                                   │                                     │                                   └Builder(dependencies: [DefaultSelectionStyle])
                                                                                                                                                                   │                                     │                                    └DefaultSelectionStyle
                                                                                                                                                                   │                                     │                                     └Semantics(container: false, properties: SemanticsProperties, renderObject: RenderSemanticsAnnotations#c83be relayoutBoundary=up13)
                                                                                                                                                                   │                                     │                                      └GestureDetector(startBehavior: start, dependencies: [MediaQuery, ScrollConfiguration])
                                                                                                                                                                   │                                     │                                       └RawGestureDetector(state: RawGestureDetectorState#2a5db(gestures: [tap], excludeFromSemantics: true, behavior: opaque))
                                                                                                                                                                   │                                     │                                        └Listener(listeners: [down, panZoomStart], behavior: opaque, renderObject: RenderPointerListener#ecda3 relayoutBoundary=up14)
                                                                                                                                                                   │                                     │                                         └Padding(padding: EdgeInsets(0.0, 12.0, 0.0, 12.0), dependencies: [Directionality], renderObject: RenderPadding#83b72 relayoutBoundary=up15)
                                                                                                                                                                   │                                     │                                          └Align(alignment: Alignment.center, widthFactor: 1.0, heightFactor: 1.0, dependencies: [Directionality], renderObject: RenderPositionedBox#a4c37 relayoutBoundary=up16)
                                                                                                                                                                   │                                     │                                           └_ElevatedButtonWithIconChild(dependencies: [InheritedCupertinoTheme, MediaQuery, _InheritedTheme, _LocalizationsScope-[GlobalKey#98331]])
                                                                                                                                                                   │                                     │                                            └Row(direction: horizontal, mainAxisAlignment: start, mainAxisSize: min, crossAxisAlignment: center, spacing: 8.0, dependencies: [Directionality], renderObject: RenderFlex#ed816 relayoutBoundary=up17)
                                                                                                                                                                   │                                     │                                             ├Icon(IconData(U+0E593), dependencies: [Directionality, IconTheme])
                                                                                                                                                                   │                                     │                                             │└Semantics(container: false, properties: SemanticsProperties, renderObject: RenderSemanticsAnnotations#6d352 relayoutBoundary=up18)
                                                                                                                                                                   │                                     │                                             │ └ExcludeSemantics(excluding: true, renderObject: RenderExcludeSemantics#6b362 relayoutBoundary=up19)
                                                                                                                                                                   │                                     │                                             │  └SizedBox(width: 18.0, height: 18.0, renderObject: RenderConstrainedBox#02775 relayoutBoundary=up20)
                                                                                                                                                                   │                                     │                                             │   └Center(alignment: Alignment.center, dependencies: [Directionality], renderObject: RenderPositionedBox#a30a6)
                                                                                                                                                                   │                                     │                                             │    └RichText(textDirection: ltr, softWrap: wrapping at box width, overflow: visible, maxLines: unlimited, text: "", dependencies: [_LocalizationsScope-[GlobalKey#98331]], renderObject: RenderParagraph#85dbf relayoutBoundary=up1)
                                                                                                                                                                   │                                     │                                             └Flexible(flex: 1)
                                                                                                                                                                   │                                     │                                              └Text("画像シェア", inherit: true, weight: 700, dependencies: [DefaultSelectionStyle, DefaultTextStyle, MediaQuery])
                                                                                                                                                                   │                                     │                                               └RichText(softWrap: wrapping at box width, maxLines: unlimited, text: "画像シェア", dependencies: [Directionality, _LocalizationsScope-[GlobalKey#98331]], renderObject: RenderParagraph#4fa56 relayoutBoundary=up18)
                                                                                                                                                                   │                                     └Expanded(flex: 1)
                                                                                                                                                                   │                                      └ListView(scrollDirection: vertical, ClampingScrollPhysics, shrinkWrap: shrink-wrapping, padding: EdgeInsets.all(8.0), dependencies: [InheritedCupertinoTheme, PrimaryScrollController, ScrollConfiguration, _InheritedTheme, _LocalizationsScope-[GlobalKey#98331]])
                                                                                                                                                                   │                                       └PrimaryScrollController(no controller)
                                                                                                                                                                   │                                        └Scrollable(axisDirection: down, physics: ClampingScrollPhysics, restorationId: null, dependencies: [InheritedCupertinoTheme, MediaQuery, ScrollConfiguration, UnmanagedRestorationScope, _InheritedTheme, _LocalizationsScope-[GlobalKey#98331]], state: ScrollableState#3eadf(position: ScrollPositionWithSingleContext#f96d3(offset: 0.0, range: 0.0..0.0, viewport: 3823.0, ScrollableState, ClampingScrollPhysics -> ClampingScrollPhysics -> RangeMaintainingScrollPhysics, IdleScrollActivity#90a22, ScrollDirection.idle), effective physics: ClampingScrollPhysics -> ClampingScrollPhysics -> RangeMaintainingScrollPhysics))
                                                                                                                                                                   │                                         └StretchingOverscrollIndicator(axisDirection: down, state: _StretchingOverscrollIndicatorState#dbeef)
                                                                                                                                                                   │                                          └NotificationListener<ScrollNotification>
                                                                                                                                                                   │                                           └AnimatedBuilder(listenable: _StretchController(), dependencies: [MediaQuery], state: _AnimatedState#d6edf)
                                                                                                                                                                   │                                            └ClipRect(renderObject: RenderClipRect#f8931 relayoutBoundary=up1)
                                                                                                                                                                   │                                             └StretchEffect(dependencies: [Directionality])
                                                                                                                                                                   │                                              └Transform(dependencies: [Directionality], renderObject: RenderTransform#30029 relayoutBoundary=up2)
                                                                                                                                                                   │                                               └NotificationListener<ScrollMetricsNotification>
                                                                                                                                                                   │                                                └_ScrollSemantics-[GlobalKey#d5298](renderObject: _RenderScrollSemantics#ff8af relayoutBoundary=up3)
                                                                                                                                                                   │                                                 └_ScrollableScope
                                                                                                                                                                   │                                                  └Listener(listeners: [signal], behavior: deferToChild, renderObject: RenderPointerListener#c70eb relayoutBoundary=up4)
                                                                                                                                                                   │                                                   └RawGestureDetector-[LabeledGlobalKey<RawGestureDetectorState>#1270d](state: RawGestureDetectorState#6c81f(gestures: <none>, behavior: opaque))
                                                                                                                                                                   │                                                    └_GestureSemantics(renderObject: RenderSemanticsGestureHandler#9a43b relayoutBoundary=up5)
                                                                                                                                                                   │                                                     └Listener(listeners: [down, panZoomStart], behavior: opaque, renderObject: RenderPointerListener#d3da7 relayoutBoundary=up6)
                                                                                                                                                                   │                                                      └Semantics(container: false, properties: SemanticsProperties, renderObject: RenderSemanticsAnnotations#72a7a relayoutBoundary=up7)
                                                                                                                                                                   │                                                       └IgnorePointer-[GlobalKey#1226c](ignoring: false, renderObject: RenderIgnorePointer#61c71 relayoutBoundary=up8)
                                                                                                                                                                   │                                                        └ShrinkWrappingViewport(axisDirection: down, offset: ScrollPositionWithSingleContext#f96d3(offset: 0.0, range: 0.0..0.0, viewport: 3823.0, ScrollableState, ClampingScrollPhysics -> ClampingScrollPhysics -> RangeMaintainingScrollPhysics, IdleScrollActivity#90a22, ScrollDirection.idle), dependencies: [Directionality], renderObject: RenderShrinkWrappingViewport#f0f15 relayoutBoundary=up9)
                                                                                                                                                                   │                                                         └SliverPadding(padding: EdgeInsets.all(8.0), dependencies: [Directionality], renderObject: RenderSliverPadding#d9626 relayoutBoundary=up10)
                                                                                                                                                                   │                                                          └SliverList(delegate: SliverChildBuilderDelegate#b3666(estimated child count: 4), dependencies: [MediaQuery], renderObject: RenderSliverList#9fb4a relayoutBoundary=up11)
                                                                                                                                                                   │                                                           ├KeyedSubtree-[Key <[<'viewer_match_card_団体戦A'>]>]
                                                                                                                                                                   │                                                           │└AutomaticKeepAlive(state: _AutomaticKeepAliveState#6528b(handles: no notifications ever received))
                                                                                                                                                                   │                                                           │ └KeepAlive(keepAlive: false)
                                                                                                                                                                   │                                                           │  └NotificationListener<KeepAliveNotification>
                                                                                                                                                                   │                                                           │   └_SelectionKeepAlive(state: _SelectionKeepAliveState#e9165)
                                                                                                                                                                   │                                                           │    └IndexedSemantics(index: 0, renderObject: RenderIndexedSemantics#ceadb relayoutBoundary=up12)
                                                                                                                                                                   │                                                           │     └RepaintBoundary(renderObject: RenderRepaintBoundary#65872 relayoutBoundary=up13)
                                                                                                                                                                   │                                                           │      └InkWell-[<'viewer_match_card_団体戦A'>]
                                                                                                                                                                   │                                                           │       └_InkResponseStateWidget(gestures: [tap], mouseCursor: null, clipped to BoxShape.rectangle, dependencies: [InheritedCupertinoTheme, MediaQuery, _InheritedTheme, _LocalizationsScope-[GlobalKey#98331]], state: _InkResponseState#f428a)
                                                                                                                                                                   │                                                           │        └_ParentInkResponseProvider
                                                                                                                                                                   │                                                           │         └Actions(dispatcher: null, actions: {ActivateIntent: CallbackAction<ActivateIntent>#533ff, ButtonActivateIntent: CallbackAction<ButtonActivateIntent>#58b50}, state: _ActionsState#50786)
                                                                                                                                                                   │                                                           │          └_ActionsScope
                                                                                                                                                                   │                                                           │           └Focus(dependencies: [_FocusInheritedScope], state: _FocusState#02963)
                                                                                                                                                                   │                                                           │            └_FocusInheritedScope
                                                                                                                                                                   │                                                           │             └Semantics(container: false, properties: SemanticsProperties, renderObject: RenderSemanticsAnnotations#ffe07 relayoutBoundary=up14)
                                                                                                                                                                   │                                                           │              └MouseRegion(listeners: [enter, exit], cursor: SystemMouseCursor(basic), renderObject: RenderMouseRegion#a4e10 relayoutBoundary=up15)
                                                                                                                                                                   │                                                           │               └Builder(dependencies: [DefaultSelectionStyle])
                                                                                                                                                                   │                                                           │                └DefaultSelectionStyle
                                                                                                                                                                   │                                                           │                 └Semantics(container: false, properties: SemanticsProperties, renderObject: RenderSemanticsAnnotations#11b4b relayoutBoundary=up16)
                                                                                                                                                                   │                                                           │                  └GestureDetector(startBehavior: start, dependencies: [MediaQuery, ScrollConfiguration])
                                                                                                                                                                   │                                                           │                   └RawGestureDetector(state: RawGestureDetectorState#8706b(gestures: [tap], excludeFromSemantics: true, behavior: opaque))
                                                                                                                                                                   │                                                           │                    └Listener(listeners: [down, panZoomStart], behavior: opaque, renderObject: RenderPointerListener#3cdd9 relayoutBoundary=up17)
                                                                                                                                                                   │                                                           │                     └Card(dependencies: [InheritedCupertinoTheme, _InheritedTheme, _LocalizationsScope-[GlobalKey#98331]])
                                                                                                                                                                   │                                                           │                      └Semantics(container: true, properties: SemanticsProperties, renderObject: RenderSemanticsAnnotations#9ca51 relayoutBoundary=up18)
                                                                                                                                                                   │                                                           │                       └Padding(padding: EdgeInsets(4.0, 8.0, 4.0, 8.0), dependencies: [Directionality], renderObject: RenderPadding#b18d6 relayoutBoundary=up19)
                                                                                                                                                                   │                                                           │                        └Material(type: card, color: Color(alpha: 1.0000, red: 1.0000, green: 1.0000, blue: 1.0000, colorSpace: ColorSpace.sRGB), shadowColor: Color(alpha: 1.0000, red: 0.0000, green: 0.0000, blue: 0.0000, colorSpace: ColorSpace.sRGB), surfaceTintColor: Color(alpha: 0.0000, red: 0.0000, green: 0.0000, blue: 0.0000, colorSpace: ColorSpace.sRGB), shape: RoundedRectangleBorder(BorderSide(color: Color(alpha: 1.0000, red: 0.8784, green: 0.8784, blue: 0.8784, colorSpace: ColorSpace.sRGB)), BorderRadius.circular(12.0)), dependencies: [InheritedCupertinoTheme, _InheritedTheme, _LocalizationsScope-[GlobalKey#98331]], state: _MaterialState#8675a)
                                                                                                                                                                   │                                                           │                         └_MaterialInterior(duration: 200ms, shape: RoundedRectangleBorder(BorderSide(color: Color(alpha: 1.0000, red: 0.8784, green: 0.8784, blue: 0.8784, colorSpace: ColorSpace.sRGB)), BorderRadius.circular(12.0)), elevation: 0.0, color: Color(alpha: 1.0000, red: 1.0000, green: 1.0000, blue: 1.0000, colorSpace: ColorSpace.sRGB), shadowColor: Color(alpha: 1.0000, red: 0.0000, green: 0.0000, blue: 0.0000, colorSpace: ColorSpace.sRGB), dependencies: [Directionality, InheritedCupertinoTheme, _InheritedTheme, _LocalizationsScope-[GlobalKey#98331]], state: _MaterialInteriorState#34c22(ticker inactive))
                                                                                                                                                                   │                                                           │                          └PhysicalShape(clipper: ShapeBorderClipper, elevation: 0.0, color: Color(alpha: 1.0000, red: 1.0000, green: 1.0000, blue: 1.0000, colorSpace: ColorSpace.sRGB), shadowColor: Color(alpha: 1.0000, red: 0.0000, green: 0.0000, blue: 0.0000, colorSpace: ColorSpace.sRGB), renderObject: RenderPhysicalShape#2daa2 relayoutBoundary=up20)
                                                                                                                                                                   │                                                           │                           └_ShapeBorderPaint(dependencies: [Directionality])
                                                                                                                                                                   │                                                           │                            └CustomPaint(renderObject: RenderCustomPaint#91dd5 relayoutBoundary=up21)
                                                                                                                                                                   │                                                           │                             └NotificationListener<LayoutChangedNotification>
                                                                                                                                                                   │                                                           │                              └_InkFeatures-[GlobalKey#8ce7d ink renderer](renderObject: _RenderInkFeatures#96ba2 relayoutBoundary=up22)
                                                                                                                                                                   │                                                           │                               └AnimatedDefaultTextStyle(duration: 200ms, debugLabel: (englishLike bodyMedium 2021).merge((blackMountainView bodyMedium).apply), inherit: false, color: Color(alpha: 1.0000, red: 0.1137, green: 0.1059, blue: 0.1255, colorSpace: ColorSpace.sRGB), family: Roboto, size: 14.0, weight: 400, letterSpacing: 0.3, baseline: alphabetic, height: 1.4x, leadingDistribution: even, decoration: Color(alpha: 1.0000, red: 0.1137, green: 0.1059, blue: 0.1255, colorSpace: ColorSpace.sRGB) TextDecoration.none, softWrap: wrapping at box width, overflow: clip, state: _AnimatedDefaultTextStyleState#bc00d(ticker inactive))
                                                                                                                                                                   │                                                           │                                └DefaultTextStyle(debugLabel: (englishLike bodyMedium 2021).merge((blackMountainView bodyMedium).apply), inherit: false, color: Color(alpha: 1.0000, red: 0.1137, green: 0.1059, blue: 0.1255, colorSpace: ColorSpace.sRGB), family: Roboto, size: 14.0, weight: 400, letterSpacing: 0.3, baseline: alphabetic, height: 1.4x, leadingDistribution: even, decoration: Color(alpha: 1.0000, red: 0.1137, green: 0.1059, blue: 0.1255, colorSpace: ColorSpace.sRGB) TextDecoration.none, softWrap: wrapping at box width, overflow: clip)
                                                                                                                                                                   │                                                           │                                 └Semantics(container: false, properties: SemanticsProperties, renderObject: RenderSemanticsAnnotations#0c0ad relayoutBoundary=up23)
                                                                                                                                                                   │                                                           │                                  └Stack(alignment: AlignmentDirectional.topStart, fit: loose, dependencies: [Directionality], renderObject: RenderStack#8a0a8 relayoutBoundary=up24)
                                                                                                                                                                   │                                                           │                                   └Column(direction: vertical, mainAxisAlignment: start, crossAxisAlignment: center, renderObject: RenderFlex#c8fd9 relayoutBoundary=up25)
                                                                                                                                                                   │                                                           │                                    ├Container(padding: EdgeInsets.all(12.0), bg: Color(alpha: 1.0000, red: 0.9608, green: 0.9608, blue: 0.9608, colorSpace: ColorSpace.sRGB), constraints: BoxConstraints(w=Infinity, 0.0<=h<=Infinity))
                                                                                                                                                                   │                                                           │                                    │└ConstrainedBox(BoxConstraints(w=Infinity, 0.0<=h<=Infinity), renderObject: RenderConstrainedBox#0e894 relayoutBoundary=up26)
                                                                                                                                                                   │                                                           │                                    │ └ColoredBox(color: Color(alpha: 1.0000, red: 0.9608, green: 0.9608, blue: 0.9608, colorSpace: ColorSpace.sRGB), renderObject: _RenderColoredBox#ea627 relayoutBoundary=up27)
                                                                                                                                                                   │                                                           │                                    │  └Padding(padding: EdgeInsets.all(12.0), dependencies: [Directionality], renderObject: RenderPadding#3f58f relayoutBoundary=up28)
                                                                                                                                                                   │                                                           │                                    │   └Text("【団体戦】 青龍道場 vs 白虎剣友会", inherit: true, color: Color(alpha: 1.0000, red: 0.2588, green: 0.2588, blue: 0.2588, colorSpace: ColorSpace.sRGB), weight: 700, dependencies: [DefaultSelectionStyle, DefaultTextStyle, MediaQuery])
                                                                                                                                                                   │                                                           │                                    │    └RichText(softWrap: wrapping at box width, maxLines: unlimited, text: "【団体戦】 青龍道場 vs 白虎剣友会", dependencies: [Directionality, _LocalizationsScope-[GlobalKey#98331]], renderObject: RenderParagraph#82c71 relayoutBoundary=up29)
                                                                                                                                                                   │                                                           │                                    └Table(dependencies: [Directionality, MediaQuery, _LocalizationsScope-[GlobalKey#98331]], renderObject: RenderTable#52899 relayoutBoundary=up26)
                                                                                                                                                                   │                                                           │                                     ├SizedBox.shrink(renderObject: RenderConstrainedBox#54bc2 relayoutBoundary=up27)
                                                                                                                                                                   │                                                           │                                     ├Container(bg: Color(alpha: 0.0000, red: 0.0000, green: 0.0000, blue: 0.0000, colorSpace: ColorSpace.sRGB))
                                                                                                                                                                   │                                                           │                                     │└ColoredBox(color: Color(alpha: 0.0000, red: 0.0000, green: 0.0000, blue: 0.0000, colorSpace: ColorSpace.sRGB), renderObject: _RenderColoredBox#2ccde relayoutBoundary=up27)
                                                                                                                                                                   │                                                           │                                     │ └Center(alignment: Alignment.center, dependencies: [Directionality], renderObject: RenderPositionedBox#b5e6e relayoutBoundary=up28)
                                                                                                                                                                   │                                                           │                                     │  └Padding(padding: EdgeInsets.all(8.0), dependencies: [Directionality], renderObject: RenderPadding#e6125 relayoutBoundary=up29)
                                                                                                                                                                   │                                                           │                                     │   └Text("先鋒", inherit: true, color: Color(alpha: 1.0000, red: 0.2588, green: 0.2588, blue: 0.2588, colorSpace: ColorSpace.sRGB), size: 10.0, weight: 700, dependencies: [DefaultSelectionStyle, DefaultTextStyle, MediaQuery])
                                                                                                                                                                   │                                                           │                                     │    └RichText(softWrap: wrapping at box width, maxLines: unlimited, text: "先鋒", dependencies: [Directionality, _LocalizationsScope-[GlobalKey#98331]], renderObject: RenderParagraph#bec8a relayoutBoundary=up30)
                                                                                                                                                                   │                                                           │                                     ├Container(bg: Color(alpha: 0.0000, red: 0.0000, green: 0.0000, blue: 0.0000, colorSpace: ColorSpace.sRGB))
                                                                                                                                                                   │                                                           │                                     │└ColoredBox(color: Color(alpha: 0.0000, red: 0.0000, green: 0.0000, blue: 0.0000, colorSpace: ColorSpace.sRGB), renderObject: _RenderColoredBox#addba relayoutBoundary=up27)
                                                                                                                                                                   │                                                           │                                     │ └Center(alignment: Alignment.center, dependencies: [Directionality], renderObject: RenderPositionedBox#29a0d relayoutBoundary=up28)
                                                                                                                                                                   │                                                           │                                     │  └Padding(padding: EdgeInsets.all(8.0), dependencies: [Directionality], renderObject: RenderPadding#cc5e2 relayoutBoundary=up29)
                                                                                                                                                                   │                                                           │                                     │   └Text("次鋒", inherit: true, color: Color(alpha: 1.0000, red: 0.2588, green: 0.2588, blue: 0.2588, colorSpace: ColorSpace.sRGB), size: 10.0, weight: 700, dependencies: [DefaultSelectionStyle, DefaultTextStyle, MediaQuery])
                                                                                                                                                                   │                                                           │                                     │    └RichText(softWrap: wrapping at box width, maxLines: unlimited, text: "次鋒", dependencies: [Directionality, _LocalizationsScope-[GlobalKey#98331]], renderObject: RenderParagraph#033fb relayoutBoundary=up30)
                                                                                                                                                                   │                                                           │                                     ├Center(alignment: Alignment.center, dependencies: [Directionality], renderObject: RenderPositionedBox#732dc relayoutBoundary=up27)
                                                                                                                                                                   │                                                           │                                     │└Padding(padding: EdgeInsets.all(8.0), dependencies: [Directionality], renderObject: RenderPadding#9f1d4 relayoutBoundary=up28)
                                                                                                                                                                   │                                                           │                                     │ └Text("本/勝", inherit: true, color: Color(alpha: 1.0000, red: 0.3804, green: 0.3804, blue: 0.3804, colorSpace: ColorSpace.sRGB), size: 10.0, dependencies: [DefaultSelectionStyle, DefaultTextStyle, MediaQuery])
                                                                                                                                                                   │                                                           │                                     │  └RichText(softWrap: wrapping at box width, maxLines: unlimited, text: "本/勝", dependencies: [Directionality, _LocalizationsScope-[GlobalKey#98331]], renderObject: RenderParagraph#db3d9 relayoutBoundary=up29)
                                                                                                                                                                   │                                                           │                                     ├Center(alignment: Alignment.center, dependencies: [Directionality], renderObject: RenderPositionedBox#60b5d relayoutBoundary=up27)
                                                                                                                                                                   │                                                           │                                     │└Padding(padding: EdgeInsets.all(4.0), dependencies: [Directionality], renderObject: RenderPadding#bcecd relayoutBoundary=up28)
                                                                                                                                                                   │                                                           │                                     │ └Text("青龍道場", inherit: true, color: Color(alpha: 1.0000, red: 0.8275, green: 0.1843, blue: 0.1843, colorSpace: ColorSpace.sRGB), size: 11.0, weight: 700, textAlign: center, dependencies: [DefaultSelectionStyle, DefaultTextStyle, MediaQuery])
                                                                                                                                                                   │                                                           │                                     │  └RichText(textAlign: center, softWrap: wrapping at box width, maxLines: unlimited, text: "青龍道場", dependencies: [Directionality, _LocalizationsScope-[GlobalKey#98331]], renderObject: RenderParagraph#811a3 relayoutBoundary=up29)
                                                                                                                                                                   │                                                           │                                     ├Container(bg: Color(alpha: 0.0000, red: 0.0000, green: 0.0000, blue: 0.0000, colorSpace: ColorSpace.sRGB))
                                                                                                                                                                   │                                                           │                                     │└ColoredBox(color: Color(alpha: 0.0000, red: 0.0000, green: 0.0000, blue: 0.0000, colorSpace: ColorSpace.sRGB), renderObject: _RenderColoredBox#6829f relayoutBoundary=up27)
                                                                                                                                                                   │                                                           │                                     │ └Center(alignment: Alignment.center, dependencies: [Directionality], renderObject: RenderPositionedBox#0d500 relayoutBoundary=up28)
                                                                                                                                                                   │                                                           │                                     │  └Padding(padding: EdgeInsets(4.0, 12.0, 4.0, 12.0), dependencies: [Directionality], renderObject: RenderPadding#e6414 relayoutBoundary=up29)
                                                                                                                                                                   │                                                           │                                     │   └Column(direction: vertical, mainAxisAlignment: start, mainAxisSize: min, crossAxisAlignment: center, renderObject: RenderFlex#9b7f7 relayoutBoundary=up30)
                                                                                                                                                                   │                                                           │                                     │    ├Text("先", inherit: true, color: Color(alpha: 1.0000, red: 0.2588, green: 0.2588, blue: 0.2588, colorSpace: ColorSpace.sRGB), size: 11.0, weight: 700, height: 1.1x, dependencies: [DefaultSelectionStyle, DefaultTextStyle, MediaQuery])
                                                                                                                                                                   │                                                           │                                     │    │└RichText(softWrap: wrapping at box width, maxLines: unlimited, text: "先", dependencies: [Directionality, _LocalizationsScope-[GlobalKey#98331]], renderObject: RenderParagraph#bdfc5 relayoutBoundary=up31)
                                                                                                                                                                   │                                                           │                                     │    └Text("鋒", inherit: true, color: Color(alpha: 1.0000, red: 0.2588, green: 0.2588, blue: 0.2588, colorSpace: ColorSpace.sRGB), size: 11.0, weight: 700, height: 1.1x, dependencies: [DefaultSelectionStyle, DefaultTextStyle, MediaQuery])
                                                                                                                                                                   │                                                           │                                     │     └RichText(softWrap: wrapping at box width, maxLines: unlimited, text: "鋒", dependencies: [Directionality, _LocalizationsScope-[GlobalKey#98331]], renderObject: RenderParagraph#f0194 relayoutBoundary=up31)
                                                                                                                                                                   │                                                           │                                     ├Container(bg: Color(alpha: 0.0000, red: 0.0000, green: 0.0000, blue: 0.0000, colorSpace: ColorSpace.sRGB))
                                                                                                                                                                   │                                                           │                                     │└ColoredBox(color: Color(alpha: 0.0000, red: 0.0000, green: 0.0000, blue: 0.0000, colorSpace: ColorSpace.sRGB), renderObject: _RenderColoredBox#f6f87 relayoutBoundary=up27)
                                                                                                                                                                   │                                                           │                                     │ └Center(alignment: Alignment.center, dependencies: [Directionality], renderObject: RenderPositionedBox#e67ab relayoutBoundary=up28)
                                                                                                                                                                   │                                                           │                                     │  └Padding(padding: EdgeInsets(4.0, 12.0, 4.0, 12.0), dependencies: [Directionality], renderObject: RenderPadding#b7922 relayoutBoundary=up29)
                                                                                                                                                                   │                                                           │                                     │   └Column(direction: vertical, mainAxisAlignment: start, mainAxisSize: min, crossAxisAlignment: center, renderObject: RenderFlex#c3f9e relayoutBoundary=up30)
                                                                                                                                                                   │                                                           │                                     │    ├Text("次", inherit: true, color: Color(alpha: 1.0000, red: 0.2588, green: 0.2588, blue: 0.2588, colorSpace: ColorSpace.sRGB), size: 11.0, weight: 700, height: 1.1x, dependencies: [DefaultSelectionStyle, DefaultTextStyle, MediaQuery])
                                                                                                                                                                   │                                                           │                                     │    │└RichText(softWrap: wrapping at box width, maxLines: unlimited, text: "次", dependencies: [Directionality, _LocalizationsScope-[GlobalKey#98331]], renderObject: RenderParagraph#a2c4b relayoutBoundary=up31)
                                                                                                                                                                   │                                                           │                                     │    └Text("鋒", inherit: true, color: Color(alpha: 1.0000, red: 0.2588, green: 0.2588, blue: 0.2588, colorSpace: ColorSpace.sRGB), size: 11.0, weight: 700, height: 1.1x, dependencies: [DefaultSelectionStyle, DefaultTextStyle, MediaQuery])
                                                                                                                                                                   │                                                           │                                     │     └RichText(softWrap: wrapping at box width, maxLines: unlimited, text: "鋒", dependencies: [Directionality, _LocalizationsScope-[GlobalKey#98331]], renderObject: RenderParagraph#6fe55 relayoutBoundary=up31)
                                                                                                                                                                   │                                                           │                                     ├Center(alignment: Alignment.center, dependencies: [Directionality], renderObject: RenderPositionedBox#fe4f4 relayoutBoundary=up27)
                                                                                                                                                                   │                                                           │                                     │└Text("1\n--\n1", inherit: true, color: Color(alpha: 1.0000, red: 0.2588, green: 0.2588, blue: 0.2588, colorSpace: ColorSpace.sRGB), size: 12.0, weight: 700, textAlign: center, dependencies: [DefaultSelectionStyle, DefaultTextStyle, MediaQuery])
                                                                                                                                                                   │                                                           │                                     │ └RichText(textAlign: center, softWrap: wrapping at box width, maxLines: unlimited, text: "1\n--\n1", dependencies: [Directionality, _LocalizationsScope-[GlobalKey#98331]], renderObject: RenderParagraph#06c70 relayoutBoundary=up28)
                                                                                                                                                                   │                                                           │                                     ├SizedBox.shrink(renderObject: RenderConstrainedBox#04521 relayoutBoundary=up27)
                                                                                                                                                                   │                                                           │                                     ├Container(Alignment.center, constraints: BoxConstraints(0.0<=w<=Infinity, h=70.0))
                                                                                                                                                                   │                                                           │                                     │└ConstrainedBox(BoxConstraints(0.0<=w<=Infinity, h=70.0), renderObject: RenderConstrainedBox#7b36c relayoutBoundary=up27)
                                                                                                                                                                   │                                                           │                                     │ └Align(alignment: Alignment.center, dependencies: [Directionality], renderObject: RenderPositionedBox#e1cff)
                                                                                                                                                                   │                                                           │                                     │  └Stack(alignment: Alignment.center, fit: loose, dependencies: [Directionality], renderObject: RenderStack#742cd relayoutBoundary=up1)
                                                                                                                                                                   │                                                           │                                     │   ├Divider(dependencies: [InheritedCupertinoTheme, _InheritedTheme, _LocalizationsScope-[GlobalKey#98331]])
                                                                                                                                                                   │                                                           │                                     │   │└SizedBox(height: 0.0, renderObject: RenderConstrainedBox#3fc1a relayoutBoundary=up2)
                                                                                                                                                                   │                                                           │                                     │   │ └Center(alignment: Alignment.center, dependencies: [Directionality], renderObject: RenderPositionedBox#dd0ab relayoutBoundary=up3)
                                                                                                                                                                   │                                                           │                                     │   │  └Container(bg: BoxDecoration(border: Border(bottom: BorderSide(color: Color(alpha: 1.0000, red: 0.8784, green: 0.8784, blue: 0.8784, colorSpace: ColorSpace.sRGB)))), constraints: BoxConstraints(0.0<=w<=Infinity, h=1.0), margin: EdgeInsets.zero)
                                                                                                                                                                   │                                                           │                                     │   │   └Padding(padding: EdgeInsets.zero, dependencies: [Directionality], renderObject: RenderPadding#68994 relayoutBoundary=up4)
                                                                                                                                                                   │                                                           │                                     │   │    └ConstrainedBox(BoxConstraints(0.0<=w<=Infinity, h=1.0), renderObject: RenderConstrainedBox#bd6e4 relayoutBoundary=up5)
                                                                                                                                                                   │                                                           │                                     │   │     └DecoratedBox(bg: BoxDecoration(border: Border(bottom: BorderSide(color: Color(alpha: 1.0000, red: 0.8784, green: 0.8784, blue: 0.8784, colorSpace: ColorSpace.sRGB)))), dependencies: [Directionality, MediaQuery, _LocalizationsScope-[GlobalKey#98331]], renderObject: RenderDecoratedBox#cfa1a relayoutBoundary=up6)
                                                                                                                                                                   │                                                           │                                     │   │      └Padding(padding: EdgeInsets(0.0, 0.0, 0.0, 1.0), dependencies: [Directionality], renderObject: RenderPadding#6bc34 relayoutBoundary=up7)
                                                                                                                                                                   │                                                           │                                     │   │       └LimitedBox(maxWidth: 0.0, maxHeight: 0.0, renderObject: RenderLimitedBox#a8869 relayoutBoundary=up8)
                                                                                                                                                                   │                                                           │                                     │   │        └ConstrainedBox(BoxConstraints(biggest), renderObject: RenderConstrainedBox#4d1bb relayoutBoundary=up9)
                                                                                                                                                                   │                                                           │                                     │   └Column(direction: vertical, mainAxisAlignment: start, crossAxisAlignment: center, renderObject: RenderFlex#c27b6 relayoutBoundary=up2)
                                                                                                                                                                   │                                                           │                                     │    ├Expanded(flex: 1)
                                                                                                                                                                   │                                                           │                                     │    │└SizedBox(width: 36.0, height: 36.0, renderObject: RenderConstrainedBox#ad6bb relayoutBoundary=up3)
                                                                                                                                                                   │                                                           │                                     │    │ └Stack(alignment: Alignment.center, fit: loose, dependencies: [Directionality], renderObject: RenderStack#7a5b8)
                                                                                                                                                                   │                                                           │                                     │    │  └Container(bg: BoxDecoration(border: Border.all(BorderSide(color: Color(alpha: 0.4000, red: 0.8275, green: 0.1843, blue: 0.1843, colorSpace: ColorSpace.sRGB), width: 1.5)), shape: circle), constraints: BoxConstraints(w=32.0, h=32.0))
                                                                                                                                                                   │                                                           │                                     │    │   └ConstrainedBox(BoxConstraints(w=32.0, h=32.0), renderObject: RenderConstrainedBox#74bb4 relayoutBoundary=up1)
                                                                                                                                                                   │                                                           │                                     │    │    └DecoratedBox(bg: BoxDecoration(border: Border.all(BorderSide(color: Color(alpha: 0.4000, red: 0.8275, green: 0.1843, blue: 0.1843, colorSpace: ColorSpace.sRGB), width: 1.5)), shape: circle), dependencies: [Directionality, MediaQuery, _LocalizationsScope-[GlobalKey#98331]], renderObject: RenderDecoratedBox#e8659)
                                                                                                                                                                   │                                                           │                                     │    │     └Padding(padding: EdgeInsets.all(1.5), dependencies: [Directionality], renderObject: RenderPadding#6ddd6)
                                                                                                                                                                   │                                                           │                                     │    └Expanded(flex: 1)
                                                                                                                                                                   │                                                           │                                     │     └SizedBox(width: 36.0, height: 36.0, renderObject: RenderConstrainedBox#ac37f relayoutBoundary=up3)
                                                                                                                                                                   │                                                           │                                     │      └Stack(alignment: Alignment.center, fit: loose, dependencies: [Directionality], renderObject: RenderStack#6151e)
                                                                                                                                                                   │                                                           │                                     ├Container(Alignment.center, constraints: BoxConstraints(0.0<=w<=Infinity, h=70.0))
                                                                                                                                                                   │                                                           │                                     │└ConstrainedBox(BoxConstraints(0.0<=w<=Infinity, h=70.0), renderObject: RenderConstrainedBox#91f6f relayoutBoundary=up27)
                                                                                                                                                                   │                                                           │                                     │ └Align(alignment: Alignment.center, dependencies: [Directionality], renderObject: RenderPositionedBox#64d2f)
                                                                                                                                                                   │                                                           │                                     │  └Stack(alignment: Alignment.center, fit: loose, dependencies: [Directionality], renderObject: RenderStack#45124 relayoutBoundary=up1)
                                                                                                                                                                   │                                                           │                                     │   ├Divider(dependencies: [InheritedCupertinoTheme, _InheritedTheme, _LocalizationsScope-[GlobalKey#98331]])
                                                                                                                                                                   │                                                           │                                     │   │└SizedBox(height: 0.0, renderObject: RenderConstrainedBox#da7e6 relayoutBoundary=up2)
                                                                                                                                                                   │                                                           │                                     │   │ └Center(alignment: Alignment.center, dependencies: [Directionality], renderObject: RenderPositionedBox#4c025 relayoutBoundary=up3)
                                                                                                                                                                   │                                                           │                                     │   │  └Container(bg: BoxDecoration(border: Border(bottom: BorderSide(color: Color(alpha: 1.0000, red: 0.8784, green: 0.8784, blue: 0.8784, colorSpace: ColorSpace.sRGB)))), constraints: BoxConstraints(0.0<=w<=Infinity, h=1.0), margin: EdgeInsets.zero)
                                                                                                                                                                   │                                                           │                                     │   │   └Padding(padding: EdgeInsets.zero, dependencies: [Directionality], renderObject: RenderPadding#4e3da relayoutBoundary=up4)
                                                                                                                                                                   │                                                           │                                     │   │    └ConstrainedBox(BoxConstraints(0.0<=w<=Infinity, h=1.0), renderObject: RenderConstrainedBox#cb95e relayoutBoundary=up5)
                                                                                                                                                                   │                                                           │                                     │   │     └DecoratedBox(bg: BoxDecoration(border: Border(bottom: BorderSide(color: Color(alpha: 1.0000, red: 0.8784, green: 0.8784, blue: 0.8784, colorSpace: ColorSpace.sRGB)))), dependencies: [Directionality, MediaQuery, _LocalizationsScope-[GlobalKey#98331]], renderObject: RenderDecoratedBox#31c3e relayoutBoundary=up6)
                                                                                                                                                                   │                                                           │                                     │   │      └Padding(padding: EdgeInsets(0.0, 0.0, 0.0, 1.0), dependencies: [Directionality], renderObject: RenderPadding#91862 relayoutBoundary=up7)
                                                                                                                                                                   │                                                           │                                     │   │       └LimitedBox(maxWidth: 0.0, maxHeight: 0.0, renderObject: RenderLimitedBox#6b4e3 relayoutBoundary=up8)
                                                                                                                                                                   │                                                           │                                     │   │        └ConstrainedBox(BoxConstraints(biggest), renderObject: RenderConstrainedBox#9d29f relayoutBoundary=up9)
                                                                                                                                                                   │                                                           │                                     │   ├Container(padding: EdgeInsets(2.0, 0.0, 2.0, 0.0), bg: Color(alpha: 1.0000, red: 1.0000, green: 1.0000, blue: 1.0000, colorSpace: ColorSpace.sRGB))
                                                                                                                                                                   │                                                           │                                     │   │└ColoredBox(color: Color(alpha: 1.0000, red: 1.0000, green: 1.0000, blue: 1.0000, colorSpace: ColorSpace.sRGB), renderObject: _RenderColoredBox#bcf1e relayoutBoundary=up2)
                                                                                                                                                                   │                                                           │                                     │   │ └Padding(padding: EdgeInsets(2.0, 0.0, 2.0, 0.0), dependencies: [Directionality], renderObject: RenderPadding#4b82d relayoutBoundary=up3)
                                                                                                                                                                   │                                                           │                                     │   │  └Text("✕", inherit: true, color: Color(alpha: 1.0000, red: 0.7412, green: 0.7412, blue: 0.7412, colorSpace: ColorSpace.sRGB), size: 16.0, weight: 900, dependencies: [DefaultSelectionStyle, DefaultTextStyle, MediaQuery])
                                                                                                                                                                   │                                                           │                                     │   │   └RichText(softWrap: wrapping at box width, maxLines: unlimited, text: "✕", dependencies: [Directionality, _LocalizationsScope-[GlobalKey#98331]], renderObject: RenderParagraph#218f1 relayoutBoundary=up4)
                                                                                                                                                                   │                                                           │                                     │   └Column(direction: vertical, mainAxisAlignment: start, crossAxisAlignment: center, renderObject: RenderFlex#edd6c relayoutBoundary=up2)
                                                                                                                                                                   │                                                           │                                     │    ├Expanded(flex: 1)
                                                                                                                                                                   │                                                           │                                     │    │└SizedBox(width: 36.0, height: 36.0, renderObject: RenderConstrainedBox#875cf relayoutBoundary=up3)
                                                                                                                                                                   │                                                           │                                     │    │ └Stack(alignment: Alignment.center, fit: loose, dependencies: [Directionality], renderObject: RenderStack#6aa38)
                                                                                                                                                                   │                                                           │                                     │    └Expanded(flex: 1)
                                                                                                                                                                   │                                                           │                                     │     └SizedBox(width: 36.0, height: 36.0, renderObject: RenderConstrainedBox#a8dea relayoutBoundary=up3)
                                                                                                                                                                   │                                                           │                                     │      └Stack(alignment: Alignment.center, fit: loose, dependencies: [Directionality], renderObject: RenderStack#59d47)
                                                                                                                                                                   │                                                           │                                     ├Container(Alignment.center, constraints: BoxConstraints(0.0<=w<=Infinity, h=70.0))
                                                                                                                                                                   │                                                           │                                     │└ConstrainedBox(BoxConstraints(0.0<=w<=Infinity, h=70.0), renderObject: RenderConstrainedBox#0ab9d relayoutBoundary=up27)
                                                                                                                                                                   │                                                           │                                     │ └Align(alignment: Alignment.center, dependencies: [Directionality], renderObject: RenderPositionedBox#29a4c)
                                                                                                                                                                   │                                                           │                                     │  └Stack(alignment: Alignment.center, fit: loose, dependencies: [Directionality], renderObject: RenderStack#ac8f9 relayoutBoundary=up1)
                                                                                                                                                                   │                                                           │                                     │   ├Divider(dependencies: [InheritedCupertinoTheme, _InheritedTheme, _LocalizationsScope-[GlobalKey#98331]])
                                                                                                                                                                   │                                                           │                                     │   │└SizedBox(height: 0.0, renderObject: RenderConstrainedBox#3abc1 relayoutBoundary=up2)
                                                                                                                                                                   │                                                           │                                     │   │ └Center(alignment: Alignment.center, dependencies: [Directionality], renderObject: RenderPositionedBox#02ef8 relayoutBoundary=up3)
                                                                                                                                                                   │                                                           │                                     │   │  └Container(bg: BoxDecoration(border: Border(bottom: BorderSide(color: Color(alpha: 1.0000, red: 0.8784, green: 0.8784, blue: 0.8784, colorSpace: ColorSpace.sRGB)))), constraints: BoxConstraints(0.0<=w<=Infinity, h=1.0), margin: EdgeInsets.zero)
                                                                                                                                                                   │                                                           │                                     │   │   └Padding(padding: EdgeInsets.zero, dependencies: [Directionality], renderObject: RenderPadding#c9bb5 relayoutBoundary=up4)
                                                                                                                                                                   │                                                           │                                     │   │    └ConstrainedBox(BoxConstraints(0.0<=w<=Infinity, h=1.0), renderObject: RenderConstrainedBox#a4ad2 relayoutBoundary=up5)
                                                                                                                                                                   │                                                           │                                     │   │     └DecoratedBox(bg: BoxDecoration(border: Border(bottom: BorderSide(color: Color(alpha: 1.0000, red: 0.8784, green: 0.8784, blue: 0.8784, colorSpace: ColorSpace.sRGB)))), dependencies: [Directionality, MediaQuery, _LocalizationsScope-[GlobalKey#98331]], renderObject: RenderDecoratedBox#7c6a7 relayoutBoundary=up6)
                                                                                                                                                                   │                                                           │                                     │   │      └Padding(padding: EdgeInsets(0.0, 0.0, 0.0, 1.0), dependencies: [Directionality], renderObject: RenderPadding#fbf8f relayoutBoundary=up7)
                                                                                                                                                                   │                                                           │                                     │   │       └LimitedBox(maxWidth: 0.0, maxHeight: 0.0, renderObject: RenderLimitedBox#004df relayoutBoundary=up8)
                                                                                                                                                                   │                                                           │                                     │   │        └ConstrainedBox(BoxConstraints(biggest), renderObject: RenderConstrainedBox#871dc relayoutBoundary=up9)
                                                                                                                                                                   │                                                           │                                     │   └Column(direction: vertical, mainAxisAlignment: start, crossAxisAlignment: center, renderObject: RenderFlex#c7798 relayoutBoundary=up2)
                                                                                                                                                                   │                                                           │                                     │    ├Expanded(flex: 1)
                                                                                                                                                                   │                                                           │                                     │    │└Center(alignment: Alignment.center, dependencies: [Directionality], renderObject: RenderPositionedBox#114ca relayoutBoundary=up3)
                                                                                                                                                                   │                                                           │                                     │    │ └Text("勝", inherit: true, color: Color(alpha: 1.0000, red: 0.8980, green: 0.2235, blue: 0.2078, colorSpace: ColorSpace.sRGB), size: 14.0, weight: 700, dependencies: [DefaultSelectionStyle, DefaultTextStyle, MediaQuery])
                                                                                                                                                                   │                                                           │                                     │    │  └RichText(softWrap: wrapping at box width, maxLines: unlimited, text: "勝", dependencies: [Directionality, _LocalizationsScope-[GlobalKey#98331]], renderObject: RenderParagraph#9b6d0 relayoutBoundary=up4)
                                                                                                                                                                   │                                                           │                                     │    └Expanded(flex: 1)
                                                                                                                                                                   │                                                           │                                     │     └Center(alignment: Alignment.center, dependencies: [Directionality], renderObject: RenderPositionedBox#f4542 relayoutBoundary=up3)
                                                                                                                                                                   │                                                           │                                     │      └Text("負", inherit: true, color: Color(alpha: 1.0000, red: 0.0000, green: 0.0000, blue: 0.0000, colorSpace: ColorSpace.sRGB), size: 14.0, weight: 700, dependencies: [DefaultSelectionStyle, DefaultTextStyle, MediaQuery])
                                                                                                                                                                   │                                                           │                                     │       └RichText(softWrap: wrapping at box width, maxLines: unlimited, text: "負", dependencies: [Directionality, _LocalizationsScope-[GlobalKey#98331]], renderObject: RenderParagraph#bff6d relayoutBoundary=up4)
                                                                                                                                                                   │                                                           │                                     ├Center(alignment: Alignment.center, dependencies: [Directionality], renderObject: RenderPositionedBox#b451f relayoutBoundary=up27)
                                                                                                                                                                   │                                                           │                                     │└Padding(padding: EdgeInsets.all(4.0), dependencies: [Directionality], renderObject: RenderPadding#28044 relayoutBoundary=up28)
                                                                                                                                                                   │                                                           │                                     │ └Text("白虎剣友会", inherit: true, color: Color(alpha: 1.0000, red: 0.2706, green: 0.3529, blue: 0.3922, colorSpace: ColorSpace.sRGB), size: 11.0, weight: 700, textAlign: center, dependencies: [DefaultSelectionStyle, DefaultTextStyle, MediaQuery])
                                                                                                                                                                   │                                                           │                                     │  └RichText(textAlign: center, softWrap: wrapping at box width, maxLines: unlimited, text: "白虎剣友会", dependencies: [Directionality, _LocalizationsScope-[GlobalKey#98331]], renderObject: RenderParagraph#e8155 relayoutBoundary=up29)
                                                                                                                                                                   │                                                           │                                     ├Container(bg: Color(alpha: 0.0000, red: 0.0000, green: 0.0000, blue: 0.0000, colorSpace: ColorSpace.sRGB))
                                                                                                                                                                   │                                                           │                                     │└ColoredBox(color: Color(alpha: 0.0000, red: 0.0000, green: 0.0000, blue: 0.0000, colorSpace: ColorSpace.sRGB), renderObject: _RenderColoredBox#78b87 relayoutBoundary=up27)
                                                                                                                                                                   │                                                           │                                     │ └Center(alignment: Alignment.center, dependencies: [Directionality], renderObject: RenderPositionedBox#7ae1f relayoutBoundary=up28)
                                                                                                                                                                   │                                                           │                                     │  └Padding(padding: EdgeInsets(4.0, 12.0, 4.0, 12.0), dependencies: [Directionality], renderObject: RenderPadding#2bfc8 relayoutBoundary=up29)
                                                                                                                                                                   │                                                           │                                     │   └Column(direction: vertical, mainAxisAlignment: start, mainAxisSize: min, crossAxisAlignment: center, renderObject: RenderFlex#a9569 relayoutBoundary=up30)
                                                                                                                                                                   │                                                           │                                     │    ├Text("先", inherit: true, color: Color(alpha: 1.0000, red: 0.2588, green: 0.2588, blue: 0.2588, colorSpace: ColorSpace.sRGB), size: 11.0, weight: 700, height: 1.1x, dependencies: [DefaultSelectionStyle, DefaultTextStyle, MediaQuery])
                                                                                                                                                                   │                                                           │                                     │    │└RichText(softWrap: wrapping at box width, maxLines: unlimited, text: "先", dependencies: [Directionality, _LocalizationsScope-[GlobalKey#98331]], renderObject: RenderParagraph#44220 relayoutBoundary=up31)
                                                                                                                                                                   │                                                           │                                     │    └Text("鋒", inherit: true, color: Color(alpha: 1.0000, red: 0.2588, green: 0.2588, blue: 0.2588, colorSpace: ColorSpace.sRGB), size: 11.0, weight: 700, height: 1.1x, dependencies: [DefaultSelectionStyle, DefaultTextStyle, MediaQuery])
                                                                                                                                                                   │                                                           │                                     │     └RichText(softWrap: wrapping at box width, maxLines: unlimited, text: "鋒", dependencies: [Directionality, _LocalizationsScope-[GlobalKey#98331]], renderObject: RenderParagraph#3ca60 relayoutBoundary=up31)
                                                                                                                                                                   │                                                           │                                     ├Container(bg: Color(alpha: 0.0000, red: 0.0000, green: 0.0000, blue: 0.0000, colorSpace: ColorSpace.sRGB))
                                                                                                                                                                   │                                                           │                                     │└ColoredBox(color: Color(alpha: 0.0000, red: 0.0000, green: 0.0000, blue: 0.0000, colorSpace: ColorSpace.sRGB), renderObject: _RenderColoredBox#9aa5a relayoutBoundary=up27)
                                                                                                                                                                   │                                                           │                                     │ └Center(alignment: Alignment.center, dependencies: [Directionality], renderObject: RenderPositionedBox#7bde5 relayoutBoundary=up28)
                                                                                                                                                                   │                                                           │                                     │  └Padding(padding: EdgeInsets(4.0, 12.0, 4.0, 12.0), dependencies: [Directionality], renderObject: RenderPadding#97983 relayoutBoundary=up29)
                                                                                                                                                                   │                                                           │                                     │   └Column(direction: vertical, mainAxisAlignment: start, mainAxisSize: min, crossAxisAlignment: center, renderObject: RenderFlex#55326 relayoutBoundary=up30)
                                                                                                                                                                   │                                                           │                                     │    ├Text("次", inherit: true, color: Color(alpha: 1.0000, red: 0.2588, green: 0.2588, blue: 0.2588, colorSpace: ColorSpace.sRGB), size: 11.0, weight: 700, height: 1.1x, dependencies: [DefaultSelectionStyle, DefaultTextStyle, MediaQuery])
                                                                                                                                                                   │                                                           │                                     │    │└RichText(softWrap: wrapping at box width, maxLines: unlimited, text: "次", dependencies: [Directionality, _LocalizationsScope-[GlobalKey#98331]], renderObject: RenderParagraph#3de52 relayoutBoundary=up31)
                                                                                                                                                                   │                                                           │                                     │    └Text("鋒", inherit: true, color: Color(alpha: 1.0000, red: 0.2588, green: 0.2588, blue: 0.2588, colorSpace: ColorSpace.sRGB), size: 11.0, weight: 700, height: 1.1x, dependencies: [DefaultSelectionStyle, DefaultTextStyle, MediaQuery])
                                                                                                                                                                   │                                                           │                                     │     └RichText(softWrap: wrapping at box width, maxLines: unlimited, text: "鋒", dependencies: [Directionality, _LocalizationsScope-[GlobalKey#98331]], renderObject: RenderParagraph#09cbd relayoutBoundary=up31)
                                                                                                                                                                   │                                                           │                                     └Center(alignment: Alignment.center, dependencies: [Directionality], renderObject: RenderPositionedBox#b1126 relayoutBoundary=up27)
                                                                                                                                                                   │                                                           │                                      └Text("0\n--\n0", inherit: true, color: Color(alpha: 1.0000, red: 0.2588, green: 0.2588, blue: 0.2588, colorSpace: ColorSpace.sRGB), size: 12.0, weight: 700, textAlign: center, dependencies: [DefaultSelectionStyle, DefaultTextStyle, MediaQuery])
                                                                                                                                                                   │                                                           │                                       └RichText(textAlign: center, softWrap: wrapping at box width, maxLines: unlimited, text: "0\n--\n0", dependencies: [Directionality, _LocalizationsScope-[GlobalKey#98331]], renderObject: RenderParagraph#659e0 relayoutBoundary=up28)
                                                                                                                                                                   │                                                           ├KeyedSubtree
                                                                                                                                                                   │                                                           │└AutomaticKeepAlive(state: _AutomaticKeepAliveState#65526(handles: no notifications ever received))
                                                                                                                                                                   │                                                           │ └KeepAlive(keepAlive: false)
                                                                                                                                                                   │                                                           │  └NotificationListener<KeepAliveNotification>
                                                                                                                                                                   │                                                           │   └_SelectionKeepAlive(state: _SelectionKeepAliveState#7dc22)
                                                                                                                                                                   │                                                           │    └IndexedSemantics(index: 1, renderObject: RenderIndexedSemantics#3c34c relayoutBoundary=up12)
                                                                                                                                                                   │                                                           │     └RepaintBoundary(renderObject: RenderRepaintBoundary#3b03f relayoutBoundary=up13)
                                                                                                                                                                   │                                                           │      └Column(direction: vertical, mainAxisAlignment: start, crossAxisAlignment: start, dependencies: [Directionality], renderObject: RenderFlex#436d7 relayoutBoundary=up14)
                                                                                                                                                                   │                                                           │       ├Padding(padding: EdgeInsets(8.0, 24.0, 0.0, 12.0), dependencies: [Directionality], renderObject: RenderPadding#88c1f relayoutBoundary=up15)
                                                                                                                                                                   │                                                           │       │└Text("【リーグ戦】 青龍道場 : 2チームリーグ（全1試合）", inherit: true, color: Color(alpha: 1.0000, red: 0.1020, green: 0.1373, blue: 0.4941, colorSpace: ColorSpace.sRGB), size: 16.0, weight: 700, dependencies: [DefaultSelectionStyle, DefaultTextStyle, MediaQuery])
                                                                                                                                                                   │                                                           │       │ └RichText(softWrap: wrapping at box width, maxLines: unlimited, text: "【リーグ戦】 青龍道場 : 2チームリーグ（全1試合）", dependencies: [Directionality, _LocalizationsScope-[GlobalKey#98331]], renderObject: RenderParagraph#33f18 relayoutBoundary=up16)
                                                                                                                                                                   │                                                           │       ├SingleChildScrollView(dependencies: [Directionality, InheritedCupertinoTheme, ScrollConfiguration, _InheritedTheme, _LocalizationsScope-[GlobalKey#98331]])
                                                                                                                                                                   │                                                           │       │└Scrollable(axisDirection: right, physics: null, restorationId: null, dependencies: [InheritedCupertinoTheme, MediaQuery, ScrollConfiguration, UnmanagedRestorationScope, _InheritedTheme, _LocalizationsScope-[GlobalKey#98331]], state: ScrollableState#4ad77(position: ScrollPositionWithSingleContext#3e649(offset: 0.0, range: 0.0..0.0, viewport: 463.0, ScrollableState, ClampingScrollPhysics -> RangeMaintainingScrollPhysics, IdleScrollActivity#e9685, ScrollDirection.idle), effective physics: ClampingScrollPhysics -> RangeMaintainingScrollPhysics))
                                                                                                                                                                   │                                                           │       │ └StretchingOverscrollIndicator(axisDirection: right, state: _StretchingOverscrollIndicatorState#9f370)
                                                                                                                                                                   │                                                           │       │  └NotificationListener<ScrollNotification>
                                                                                                                                                                   │                                                           │       │   └AnimatedBuilder(listenable: _StretchController(), dependencies: [MediaQuery], state: _AnimatedState#6654d)
                                                                                                                                                                   │                                                           │       │    └ClipRect(renderObject: RenderClipRect#cde1f relayoutBoundary=up15)
                                                                                                                                                                   │                                                           │       │     └StretchEffect(dependencies: [Directionality])
                                                                                                                                                                   │                                                           │       │      └Transform(dependencies: [Directionality], renderObject: RenderTransform#de4b4 relayoutBoundary=up16)
                                                                                                                                                                   │                                                           │       │       └NotificationListener<ScrollMetricsNotification>
                                                                                                                                                                   │                                                           │       │        └_ScrollSemantics-[GlobalKey#829eb](renderObject: _RenderScrollSemantics#bb162 relayoutBoundary=up17)
                                                                                                                                                                   │                                                           │       │         └_ScrollableScope
                                                                                                                                                                   │                                                           │       │          └Listener(listeners: [signal], behavior: deferToChild, renderObject: RenderPointerListener#dc265 relayoutBoundary=up18)
                                                                                                                                                                   │                                                           │       │           └RawGestureDetector-[LabeledGlobalKey<RawGestureDetectorState>#5ff61](state: RawGestureDetectorState#97af3(gestures: <none>, behavior: opaque))
                                                                                                                                                                   │                                                           │       │            └_GestureSemantics(renderObject: RenderSemanticsGestureHandler#52a27 relayoutBoundary=up19)
                                                                                                                                                                   │                                                           │       │             └Listener(listeners: [down, panZoomStart], behavior: opaque, renderObject: RenderPointerListener#c8da0 relayoutBoundary=up20)
                                                                                                                                                                   │                                                           │       │              └Semantics(container: false, properties: SemanticsProperties, renderObject: RenderSemanticsAnnotations#0fa53 relayoutBoundary=up21)
                                                                                                                                                                   │                                                           │       │               └IgnorePointer-[GlobalKey#574ba](ignoring: false, renderObject: RenderIgnorePointer#302d6 relayoutBoundary=up22)
                                                                                                                                                                   │                                                           │       │                └_SingleChildViewport(renderObject: _RenderSingleChildViewport#937ec relayoutBoundary=up23)
                                                                                                                                                                   │                                                           │       │                 └InkWell-[<'viewer_match_card_予選リーグA'>]
                                                                                                                                                                   │                                                           │       │                  └_InkResponseStateWidget(gestures: [tap], mouseCursor: null, clipped to BoxShape.rectangle, dependencies: [InheritedCupertinoTheme, MediaQuery, _InheritedTheme, _LocalizationsScope-[GlobalKey#98331]], state: _InkResponseState#37cd7)
                                                                                                                                                                   │                                                           │       │                   └_ParentInkResponseProvider
                                                                                                                                                                   │                                                           │       │                    └Actions(dispatcher: null, actions: {ActivateIntent: CallbackAction<ActivateIntent>#da902, ButtonActivateIntent: CallbackAction<ButtonActivateIntent>#65fe5}, state: _ActionsState#41b0b)
                                                                                                                                                                   │                                                           │       │                     └_ActionsScope
                                                                                                                                                                   │                                                           │       │                      └Focus(dependencies: [_FocusInheritedScope], state: _FocusState#3b185)
                                                                                                                                                                   │                                                           │       │                       └_FocusInheritedScope
                                                                                                                                                                   │                                                           │       │                        └Semantics(container: false, properties: SemanticsProperties, renderObject: RenderSemanticsAnnotations#b99af relayoutBoundary=up24)
                                                                                                                                                                   │                                                           │       │                         └MouseRegion(listeners: [enter, exit], cursor: SystemMouseCursor(basic), renderObject: RenderMouseRegion#0836a relayoutBoundary=up25)
                                                                                                                                                                   │                                                           │       │                          └Builder(dependencies: [DefaultSelectionStyle])
                                                                                                                                                                   │                                                           │       │                           └DefaultSelectionStyle
                                                                                                                                                                   │                                                           │       │                            └Semantics(container: false, properties: SemanticsProperties, renderObject: RenderSemanticsAnnotations#3ba0f relayoutBoundary=up26)
                                                                                                                                                                   │                                                           │       │                             └GestureDetector(startBehavior: start, dependencies: [MediaQuery, ScrollConfiguration])
                                                                                                                                                                   │                                                           │       │                              └RawGestureDetector(state: RawGestureDetectorState#ba62d(gestures: [tap], excludeFromSemantics: true, behavior: opaque))
                                                                                                                                                                   │                                                           │       │                               └Listener(listeners: [down, panZoomStart], behavior: opaque, renderObject: RenderPointerListener#2f481 relayoutBoundary=up27)
                                                                                                                                                                   │                                                           │       │                                └Card(dependencies: [InheritedCupertinoTheme, _InheritedTheme, _LocalizationsScope-[GlobalKey#98331]])
                                                                                                                                                                   │                                                           │       │                                 └Semantics(container: true, properties: SemanticsProperties, renderObject: RenderSemanticsAnnotations#2c11c relayoutBoundary=up28)
                                                                                                                                                                   │                                                           │       │                                  └Padding(padding: EdgeInsets(4.0, 0.0, 4.0, 0.0), dependencies: [Directionality], renderObject: RenderPadding#f078c relayoutBoundary=up29)
                                                                                                                                                                   │                                                           │       │                                   └Material(type: card, color: Color(alpha: 1.0000, red: 1.0000, green: 1.0000, blue: 1.0000, colorSpace: ColorSpace.sRGB), shadowColor: Color(alpha: 1.0000, red: 0.0000, green: 0.0000, blue: 0.0000, colorSpace: ColorSpace.sRGB), surfaceTintColor: Color(alpha: 0.0000, red: 0.0000, green: 0.0000, blue: 0.0000, colorSpace: ColorSpace.sRGB), shape: RoundedRectangleBorder(BorderSide(color: Color(alpha: 1.0000, red: 0.7412, green: 0.7412, blue: 0.7412, colorSpace: ColorSpace.sRGB)), BorderRadius.circular(8.0)), dependencies: [InheritedCupertinoTheme, _InheritedTheme, _LocalizationsScope-[GlobalKey#98331]], state: _MaterialState#5ff75)
                                                                                                                                                                   │                                                           │       │                                    └_MaterialInterior(duration: 200ms, shape: RoundedRectangleBorder(BorderSide(color: Color(alpha: 1.0000, red: 0.7412, green: 0.7412, blue: 0.7412, colorSpace: ColorSpace.sRGB)), BorderRadius.circular(8.0)), elevation: 0.0, color: Color(alpha: 1.0000, red: 1.0000, green: 1.0000, blue: 1.0000, colorSpace: ColorSpace.sRGB), shadowColor: Color(alpha: 1.0000, red: 0.0000, green: 0.0000, blue: 0.0000, colorSpace: ColorSpace.sRGB), dependencies: [Directionality, InheritedCupertinoTheme, _InheritedTheme, _LocalizationsScope-[GlobalKey#98331]], state: _MaterialInteriorState#5608e(ticker inactive))
                                                                                                                                                                   │                                                           │       │                                     └PhysicalShape(clipper: ShapeBorderClipper, elevation: 0.0, color: Color(alpha: 1.0000, red: 1.0000, green: 1.0000, blue: 1.0000, colorSpace: ColorSpace.sRGB), shadowColor: Color(alpha: 1.0000, red: 0.0000, green: 0.0000, blue: 0.0000, colorSpace: ColorSpace.sRGB), renderObject: RenderPhysicalShape#96061 relayoutBoundary=up30)
                                                                                                                                                                   │                                                           │       │                                      └_ShapeBorderPaint(dependencies: [Directionality])
                                                                                                                                                                   │                                                           │       │                                       └CustomPaint(renderObject: RenderCustomPaint#5151d relayoutBoundary=up31)
                                                                                                                                                                   │                                                           │       │                                        └NotificationListener<LayoutChangedNotification>
                                                                                                                                                                   │                                                           │       │                                         └_InkFeatures-[GlobalKey#19aff ink renderer](renderObject: _RenderInkFeatures#3f213 relayoutBoundary=up32)
                                                                                                                                                                   │                                                           │       │                                          └AnimatedDefaultTextStyle(duration: 200ms, debugLabel: (englishLike bodyMedium 2021).merge((blackMountainView bodyMedium).apply), inherit: false, color: Color(alpha: 1.0000, red: 0.1137, green: 0.1059, blue: 0.1255, colorSpace: ColorSpace.sRGB), family: Roboto, size: 14.0, weight: 400, letterSpacing: 0.3, baseline: alphabetic, height: 1.4x, leadingDistribution: even, decoration: Color(alpha: 1.0000, red: 0.1137, green: 0.1059, blue: 0.1255, colorSpace: ColorSpace.sRGB) TextDecoration.none, softWrap: wrapping at box width, overflow: clip, state: _AnimatedDefaultTextStyleState#b1da1(ticker inactive))
                                                                                                                                                                   │                                                           │       │                                           └DefaultTextStyle(debugLabel: (englishLike bodyMedium 2021).merge((blackMountainView bodyMedium).apply), inherit: false, color: Color(alpha: 1.0000, red: 0.1137, green: 0.1059, blue: 0.1255, colorSpace: ColorSpace.sRGB), family: Roboto, size: 14.0, weight: 400, letterSpacing: 0.3, baseline: alphabetic, height: 1.4x, leadingDistribution: even, decoration: Color(alpha: 1.0000, red: 0.1137, green: 0.1059, blue: 0.1255, colorSpace: ColorSpace.sRGB) TextDecoration.none, softWrap: wrapping at box width, overflow: clip)
                                                                                                                                                                   │                                                           │       │                                            └Semantics(container: false, properties: SemanticsProperties, renderObject: RenderSemanticsAnnotations#4d774 relayoutBoundary=up33)
                                                                                                                                                                   │                                                           │       │                                             └Table(dependencies: [Directionality, MediaQuery, _LocalizationsScope-[GlobalKey#98331]], renderObject: RenderTable#d8edf relayoutBoundary=up34)
                                                                                                                                                                   │                                                           │       │                                              ├SizedBox(height: 50.0, renderObject: RenderConstrainedBox#0fa57 relayoutBoundary=up35)
                                                                                                                                                                   │                                                           │       │                                              ├Center(alignment: Alignment.center, dependencies: [Directionality], renderObject: RenderPositionedBox#2fd25 relayoutBoundary=up35)
                                                                                                                                                                   │                                                           │       │                                              │└Padding(padding: EdgeInsets.all(4.0), dependencies: [Directionality], renderObject: RenderPadding#e52d7 relayoutBoundary=up36)
                                                                                                                                                                   │                                                           │       │                                              │ └Column(direction: vertical, mainAxisAlignment: start, mainAxisSize: min, crossAxisAlignment: center, renderObject: RenderFlex#63346 relayoutBoundary=up37)
                                                                                                                                                                   │                                                           │       │                                              │  ├Text("朱", inherit: true, color: Color(alpha: 1.0000, red: 0.2588, green: 0.2588, blue: 0.2588, colorSpace: ColorSpace.sRGB), size: 11.0, weight: 700, height: 1.1x, dependencies: [DefaultSelectionStyle, DefaultTextStyle, MediaQuery])
                                                                                                                                                                   │                                                           │       │                                              │  │└RichText(softWrap: wrapping at box width, maxLines: unlimited, text: "朱", dependencies: [Directionality, _LocalizationsScope-[GlobalKey#98331]], renderObject: RenderParagraph#f4404 relayoutBoundary=up38)
                                                                                                                                                                   │                                                           │       │                                              │  ├Text("雀", inherit: true, color: Color(alpha: 1.0000, red: 0.2588, green: 0.2588, blue: 0.2588, colorSpace: ColorSpace.sRGB), size: 11.0, weight: 700, height: 1.1x, dependencies: [DefaultSelectionStyle, DefaultTextStyle, MediaQuery])
                                                                                                                                                                   │                                                           │       │                                              │  │└RichText(softWrap: wrapping at box width, maxLines: unlimited, text: "雀", dependencies: [Directionality, _LocalizationsScope-[GlobalKey#98331]], renderObject: RenderParagraph#318f8 relayoutBoundary=up38)
                                                                                                                                                                   │                                                           │       │                                              │  └Text("会", inherit: true, color: Color(alpha: 1.0000, red: 0.2588, green: 0.2588, blue: 0.2588, colorSpace: ColorSpace.sRGB), size: 11.0, weight: 700, height: 1.1x, dependencies: [DefaultSelectionStyle, DefaultTextStyle, MediaQuery])
                                                                                                                                                                   │                                                           │       │                                              │   └RichText(softWrap: wrapping at box width, maxLines: unlimited, text: "会", dependencies: [Directionality, _LocalizationsScope-[GlobalKey#98331]], renderObject: RenderParagraph#6c997 relayoutBoundary=up38)
                                                                                                                                                                   │                                                           │       │                                              ├Center(alignment: Alignment.center, dependencies: [Directionality], renderObject: RenderPositionedBox#8ff31 relayoutBoundary=up35)
                                                                                                                                                                   │                                                           │       │                                              │└Padding(padding: EdgeInsets.all(4.0), dependencies: [Directionality], renderObject: RenderPadding#b3c33 relayoutBoundary=up36)
                                                                                                                                                                   │                                                           │       │                                              │ └Column(direction: vertical, mainAxisAlignment: start, mainAxisSize: min, crossAxisAlignment: center, renderObject: RenderFlex#8559c relayoutBoundary=up37)
                                                                                                                                                                   │                                                           │       │                                              │  ├Text("青", inherit: true, color: Color(alpha: 1.0000, red: 0.2588, green: 0.2588, blue: 0.2588, colorSpace: ColorSpace.sRGB), size: 11.0, weight: 700, height: 1.1x, dependencies: [DefaultSelectionStyle, DefaultTextStyle, MediaQuery])
                                                                                                                                                                   │                                                           │       │                                              │  │└RichText(softWrap: wrapping at box width, maxLines: unlimited, text: "青", dependencies: [Directionality, _LocalizationsScope-[GlobalKey#98331]], renderObject: RenderParagraph#e2ea4 relayoutBoundary=up38)
                                                                                                                                                                   │                                                           │       │                                              │  ├Text("龍", inherit: true, color: Color(alpha: 1.0000, red: 0.2588, green: 0.2588, blue: 0.2588, colorSpace: ColorSpace.sRGB), size: 11.0, weight: 700, height: 1.1x, dependencies: [DefaultSelectionStyle, DefaultTextStyle, MediaQuery])
                                                                                                                                                                   │                                                           │       │                                              │  │└RichText(softWrap: wrapping at box width, maxLines: unlimited, text: "龍", dependencies: [Directionality, _LocalizationsScope-[GlobalKey#98331]], renderObject: RenderParagraph#c446e relayoutBoundary=up38)
                                                                                                                                                                   │                                                           │       │                                              │  ├Text("道", inherit: true, color: Color(alpha: 1.0000, red: 0.2588, green: 0.2588, blue: 0.2588, colorSpace: ColorSpace.sRGB), size: 11.0, weight: 700, height: 1.1x, dependencies: [DefaultSelectionStyle, DefaultTextStyle, MediaQuery])
                                                                                                                                                                   │                                                           │       │                                              │  │└RichText(softWrap: wrapping at box width, maxLines: unlimited, text: "道", dependencies: [Directionality, _LocalizationsScope-[GlobalKey#98331]], renderObject: RenderParagraph#bc7d8 relayoutBoundary=up38)
                                                                                                                                                                   │                                                           │       │                                              │  └Text("場", inherit: true, color: Color(alpha: 1.0000, red: 0.2588, green: 0.2588, blue: 0.2588, colorSpace: ColorSpace.sRGB), size: 11.0, weight: 700, height: 1.1x, dependencies: [DefaultSelectionStyle, DefaultTextStyle, MediaQuery])
                                                                                                                                                                   │                                                           │       │                                              │   └RichText(softWrap: wrapping at box width, maxLines: unlimited, text: "場", dependencies: [Directionality, _LocalizationsScope-[GlobalKey#98331]], renderObject: RenderParagraph#8de6c relayoutBoundary=up38)
                                                                                                                                                                   │                                                           │       │                                              ├Center(alignment: Alignment.center, dependencies: [Directionality], renderObject: RenderPositionedBox#3f4bb relayoutBoundary=up35)
                                                                                                                                                                   │                                                           │       │                                              │└Padding(padding: EdgeInsets(0.0, 12.0, 0.0, 12.0), dependencies: [Directionality], renderObject: RenderPadding#e6753 relayoutBoundary=up36)
                                                                                                                                                                   │                                                           │       │                                              │ └Text("勝数", inherit: true, color: Color(alpha: 1.0000, red: 0.4588, green: 0.4588, blue: 0.4588, colorSpace: ColorSpace.sRGB), size: 10.0, dependencies: [DefaultSelectionStyle, DefaultTextStyle, MediaQuery])
                                                                                                                                                                   │                                                           │       │                                              │  └RichText(softWrap: wrapping at box width, maxLines: unlimited, text: "勝数", dependencies: [Directionality, _LocalizationsScope-[GlobalKey#98331]], renderObject: RenderParagraph#4d651 relayoutBoundary=up37)
                                                                                                                                                                   │                                                           │       │                                              ├Center(alignment: Alignment.center, dependencies: [Directionality], renderObject: RenderPositionedBox#90b62 relayoutBoundary=up35)
                                                                                                                                                                   │                                                           │       │                                              │└Padding(padding: EdgeInsets(0.0, 12.0, 0.0, 12.0), dependencies: [Directionality], renderObject: RenderPadding#71159 relayoutBoundary=up36)
                                                                                                                                                                   │                                                           │       │                                              │ └Text("勝者", inherit: true, color: Color(alpha: 1.0000, red: 0.4588, green: 0.4588, blue: 0.4588, colorSpace: ColorSpace.sRGB), size: 10.0, dependencies: [DefaultSelectionStyle, DefaultTextStyle, MediaQuery])
                                                                                                                                                                   │                                                           │       │                                              │  └RichText(softWrap: wrapping at box width, maxLines: unlimited, text: "勝者", dependencies: [Directionality, _LocalizationsScope-[GlobalKey#98331]], renderObject: RenderParagraph#198cb relayoutBoundary=up37)
                                                                                                                                                                   │                                                           │       │                                              ├Center(alignment: Alignment.center, dependencies: [Directionality], renderObject: RenderPositionedBox#5b44f relayoutBoundary=up35)
                                                                                                                                                                   │                                                           │       │                                              │└Padding(padding: EdgeInsets(0.0, 12.0, 0.0, 12.0), dependencies: [Directionality], renderObject: RenderPadding#8b144 relayoutBoundary=up36)
                                                                                                                                                                   │                                                           │       │                                              │ └Text("本数", inherit: true, color: Color(alpha: 1.0000, red: 0.4588, green: 0.4588, blue: 0.4588, colorSpace: ColorSpace.sRGB), size: 10.0, dependencies: [DefaultSelectionStyle, DefaultTextStyle, MediaQuery])
                                                                                                                                                                   │                                                           │       │                                              │  └RichText(softWrap: wrapping at box width, maxLines: unlimited, text: "本数", dependencies: [Directionality, _LocalizationsScope-[GlobalKey#98331]], renderObject: RenderParagraph#7114e relayoutBoundary=up37)
                                                                                                                                                                   │                                                           │       │                                              ├Center(alignment: Alignment.center, dependencies: [Directionality], renderObject: RenderPositionedBox#19871 relayoutBoundary=up35)
                                                                                                                                                                   │                                                           │       │                                              │└Padding(padding: EdgeInsets(0.0, 12.0, 0.0, 12.0), dependencies: [Directionality], renderObject: RenderPadding#2135b relayoutBoundary=up36)
                                                                                                                                                                   │                                                           │       │                                              │ └Text("勝点", inherit: true, color: Color(alpha: 1.0000, red: 0.4588, green: 0.4588, blue: 0.4588, colorSpace: ColorSpace.sRGB), size: 10.0, dependencies: [DefaultSelectionStyle, DefaultTextStyle, MediaQuery])
                                                                                                                                                                   │                                                           │       │                                              │  └RichText(softWrap: wrapping at box width, maxLines: unlimited, text: "勝点", dependencies: [Directionality, _LocalizationsScope-[GlobalKey#98331]], renderObject: RenderParagraph#0fdfd relayoutBoundary=up37)
                                                                                                                                                                   │                                                           │       │                                              ├Center(alignment: Alignment.center, dependencies: [Directionality], renderObject: RenderPositionedBox#e2f23 relayoutBoundary=up35)
                                                                                                                                                                   │                                                           │       │                                              │└Padding(padding: EdgeInsets(0.0, 12.0, 0.0, 12.0), dependencies: [Directionality], renderObject: RenderPadding#26c12 relayoutBoundary=up36)
                                                                                                                                                                   │                                                           │       │                                              │ └Text("順位", inherit: true, color: Color(alpha: 1.0000, red: 0.4588, green: 0.4588, blue: 0.4588, colorSpace: ColorSpace.sRGB), size: 10.0, dependencies: [DefaultSelectionStyle, DefaultTextStyle, MediaQuery])
                                                                                                                                                                   │                                                           │       │                                              │  └RichText(softWrap: wrapping at box width, maxLines: unlimited, text: "順位", dependencies: [Directionality, _LocalizationsScope-[GlobalKey#98331]], renderObject: RenderParagraph#1874e relayoutBoundary=up37)
                                                                                                                                                                   │                                                           │       │                                              ├Container(Alignment.center, bg: BoxDecoration(color: Color(alpha: 1.0000, red: 0.9098, green: 0.9176, blue: 0.9647, colorSpace: ColorSpace.sRGB)), constraints: BoxConstraints(0.0<=w<=Infinity, h=65.0))
                                                                                                                                                                   │                                                           │       │                                              │└ConstrainedBox(BoxConstraints(0.0<=w<=Infinity, h=65.0), renderObject: RenderConstrainedBox#cd3bf relayoutBoundary=up35)
                                                                                                                                                                   │                                                           │       │                                              │ └DecoratedBox(bg: BoxDecoration(color: Color(alpha: 1.0000, red: 0.9098, green: 0.9176, blue: 0.9647, colorSpace: ColorSpace.sRGB)), dependencies: [Directionality, MediaQuery, _LocalizationsScope-[GlobalKey#98331]], renderObject: RenderDecoratedBox#2465b)
                                                                                                                                                                   │                                                           │       │                                              │  └Padding(padding: EdgeInsets.zero, dependencies: [Directionality], renderObject: RenderPadding#d8acf)
                                                                                                                                                                   │                                                           │       │                                              │   └Align(alignment: Alignment.center, dependencies: [Directionality], renderObject: RenderPositionedBox#9246e)
                                                                                                                                                                   │                                                           │       │                                              │    └Padding(padding: EdgeInsets.all(4.0), dependencies: [Directionality], renderObject: RenderPadding#bfe16 relayoutBoundary=up1)
                                                                                                                                                                   │                                                           │       │                                              │     └Text("朱雀会", inherit: true, color: Color(alpha: 0.8667, red: 0.0000, green: 0.0000, blue: 0.0000, colorSpace: ColorSpace.sRGB), size: 11.0, weight: 700, textAlign: center, maxLines: 2, dependencies: [DefaultSelectionStyle, DefaultTextStyle, MediaQuery])
                                                                                                                                                                   │                                                           │       │                                              │      └RichText(textAlign: center, softWrap: wrapping at box width, maxLines: 2, text: "朱雀会", dependencies: [Directionality, _LocalizationsScope-[GlobalKey#98331]], renderObject: RenderParagraph#f65c3 relayoutBoundary=up2)
                                                                                                                                                                   │                                                           │       │                                              ├Container(bg: Color(alpha: 1.0000, red: 0.9333, green: 0.9333, blue: 0.9333, colorSpace: ColorSpace.sRGB), constraints: BoxConstraints(0.0<=w<=Infinity, h=65.0))
                                                                                                                                                                   │                                                           │       │                                              │└ConstrainedBox(BoxConstraints(0.0<=w<=Infinity, h=65.0), renderObject: RenderConstrainedBox#7555b relayoutBoundary=up35)
                                                                                                                                                                   │                                                           │       │                                              │ └ColoredBox(color: Color(alpha: 1.0000, red: 0.9333, green: 0.9333, blue: 0.9333, colorSpace: ColorSpace.sRGB), renderObject: _RenderColoredBox#d13e2)
                                                                                                                                                                   │                                                           │       │                                              │  └CustomPaint(renderObject: RenderCustomPaint#cda16)
                                                                                                                                                                   │                                                           │       │                                              ├SizedBox(height: 65.0, renderObject: RenderConstrainedBox#b366c relayoutBoundary=up35)
                                                                                                                                                                   │                                                           │       │                                              ├Container(Alignment.center, constraints: BoxConstraints(0.0<=w<=Infinity, h=65.0))
                                                                                                                                                                   │                                                           │       │                                              │└ConstrainedBox(BoxConstraints(0.0<=w<=Infinity, h=65.0), renderObject: RenderConstrainedBox#2de4d relayoutBoundary=up35)
                                                                                                                                                                   │                                                           │       │                                              │ └Align(alignment: Alignment.center, dependencies: [Directionality], renderObject: RenderPositionedBox#c51fe)
                                                                                                                                                                   │                                                           │       │                                              │  └Text("0", inherit: true, color: Color(alpha: 0.8667, red: 0.0000, green: 0.0000, blue: 0.0000, colorSpace: ColorSpace.sRGB), size: 13.0, weight: 700, dependencies: [DefaultSelectionStyle, DefaultTextStyle, MediaQuery])
                                                                                                                                                                   │                                                           │       │                                              │   └RichText(softWrap: wrapping at box width, maxLines: unlimited, text: "0", dependencies: [Directionality, _LocalizationsScope-[GlobalKey#98331]], renderObject: RenderParagraph#1e971 relayoutBoundary=up1)
                                                                                                                                                                   │                                                           │       │                                              ├Container(Alignment.center, constraints: BoxConstraints(0.0<=w<=Infinity, h=65.0))
                                                                                                                                                                   │                                                           │       │                                              │└ConstrainedBox(BoxConstraints(0.0<=w<=Infinity, h=65.0), renderObject: RenderConstrainedBox#5788b relayoutBoundary=up35)
                                                                                                                                                                   │                                                           │       │                                              │ └Align(alignment: Alignment.center, dependencies: [Directionality], renderObject: RenderPositionedBox#c23bd)
                                                                                                                                                                   │                                                           │       │                                              │  └Text("0", inherit: true, color: Color(alpha: 0.8667, red: 0.0000, green: 0.0000, blue: 0.0000, colorSpace: ColorSpace.sRGB), size: 13.0, weight: 700, dependencies: [DefaultSelectionStyle, DefaultTextStyle, MediaQuery])
                                                                                                                                                                   │                                                           │       │                                              │   └RichText(softWrap: wrapping at box width, maxLines: unlimited, text: "0", dependencies: [Directionality, _LocalizationsScope-[GlobalKey#98331]], renderObject: RenderParagraph#fdd00 relayoutBoundary=up1)
                                                                                                                                                                   │                                                           │       │                                              ├Container(Alignment.center, constraints: BoxConstraints(0.0<=w<=Infinity, h=65.0))
                                                                                                                                                                   │                                                           │       │                                              │└ConstrainedBox(BoxConstraints(0.0<=w<=Infinity, h=65.0), renderObject: RenderConstrainedBox#a296b relayoutBoundary=up35)
                                                                                                                                                                   │                                                           │       │                                              │ └Align(alignment: Alignment.center, dependencies: [Directionality], renderObject: RenderPositionedBox#7aa98)
                                                                                                                                                                   │                                                           │       │                                              │  └Text("0", inherit: true, color: Color(alpha: 0.8667, red: 0.0000, green: 0.0000, blue: 0.0000, colorSpace: ColorSpace.sRGB), size: 13.0, weight: 700, dependencies: [DefaultSelectionStyle, DefaultTextStyle, MediaQuery])
                                                                                                                                                                   │                                                           │       │                                              │   └RichText(softWrap: wrapping at box width, maxLines: unlimited, text: "0", dependencies: [Directionality, _LocalizationsScope-[GlobalKey#98331]], renderObject: RenderParagraph#3a9e8 relayoutBoundary=up1)
                                                                                                                                                                   │                                                           │       │                                              ├Container(Alignment.center, constraints: BoxConstraints(0.0<=w<=Infinity, h=65.0))
                                                                                                                                                                   │                                                           │       │                                              │└ConstrainedBox(BoxConstraints(0.0<=w<=Infinity, h=65.0), renderObject: RenderConstrainedBox#506fc relayoutBoundary=up35)
                                                                                                                                                                   │                                                           │       │                                              │ └Align(alignment: Alignment.center, dependencies: [Directionality], renderObject: RenderPositionedBox#122f0)
                                                                                                                                                                   │                                                           │       │                                              │  └Text("0", inherit: true, color: Color(alpha: 0.8667, red: 0.0000, green: 0.0000, blue: 0.0000, colorSpace: ColorSpace.sRGB), size: 13.0, weight: 700, dependencies: [DefaultSelectionStyle, DefaultTextStyle, MediaQuery])
                                                                                                                                                                   │                                                           │       │                                              │   └RichText(softWrap: wrapping at box width, maxLines: unlimited, text: "0", dependencies: [Directionality, _LocalizationsScope-[GlobalKey#98331]], renderObject: RenderParagraph#1e573 relayoutBoundary=up1)
                                                                                                                                                                   │                                                           │       │                                              ├Container(Alignment.center, bg: Color(alpha: 1.0000, red: 1.0000, green: 0.9529, blue: 0.8784, colorSpace: ColorSpace.sRGB), constraints: BoxConstraints(0.0<=w<=Infinity, h=65.0))
                                                                                                                                                                   │                                                           │       │                                              │└ConstrainedBox(BoxConstraints(0.0<=w<=Infinity, h=65.0), renderObject: RenderConstrainedBox#dc5ac relayoutBoundary=up35)
                                                                                                                                                                   │                                                           │       │                                              │ └ColoredBox(color: Color(alpha: 1.0000, red: 1.0000, green: 0.9529, blue: 0.8784, colorSpace: ColorSpace.sRGB), renderObject: _RenderColoredBox#63e42)
                                                                                                                                                                   │                                                           │       │                                              │  └Align(alignment: Alignment.center, dependencies: [Directionality], renderObject: RenderPositionedBox#0cac2)
                                                                                                                                                                   │                                                           │       │                                              │   └Text("-", inherit: true, color: Color(alpha: 1.0000, red: 0.9373, green: 0.4235, blue: 0.0000, colorSpace: ColorSpace.sRGB), size: 16.0, weight: 700, dependencies: [DefaultSelectionStyle, DefaultTextStyle, MediaQuery])
                                                                                                                                                                   │                                                           │       │                                              │    └RichText(softWrap: wrapping at box width, maxLines: unlimited, text: "-", dependencies: [Directionality, _LocalizationsScope-[GlobalKey#98331]], renderObject: RenderParagraph#22243 relayoutBoundary=up1)
                                                                                                                                                                   │                                                           │       │                                              ├Container(Alignment.center, bg: BoxDecoration(color: Color(alpha: 1.0000, red: 0.9098, green: 0.9176, blue: 0.9647, colorSpace: ColorSpace.sRGB)), constraints: BoxConstraints(0.0<=w<=Infinity, h=65.0))
                                                                                                                                                                   │                                                           │       │                                              │└ConstrainedBox(BoxConstraints(0.0<=w<=Infinity, h=65.0), renderObject: RenderConstrainedBox#6b938 relayoutBoundary=up35)
                                                                                                                                                                   │                                                           │       │                                              │ └DecoratedBox(bg: BoxDecoration(color: Color(alpha: 1.0000, red: 0.9098, green: 0.9176, blue: 0.9647, colorSpace: ColorSpace.sRGB)), dependencies: [Directionality, MediaQuery, _LocalizationsScope-[GlobalKey#98331]], renderObject: RenderDecoratedBox#a3f0a)
                                                                                                                                                                   │                                                           │       │                                              │  └Padding(padding: EdgeInsets.zero, dependencies: [Directionality], renderObject: RenderPadding#71176)
                                                                                                                                                                   │                                                           │       │                                              │   └Align(alignment: Alignment.center, dependencies: [Directionality], renderObject: RenderPositionedBox#0369d)
                                                                                                                                                                   │                                                           │       │                                              │    └Padding(padding: EdgeInsets.all(4.0), dependencies: [Directionality], renderObject: RenderPadding#0550c relayoutBoundary=up1)
                                                                                                                                                                   │                                                           │       │                                              │     └Text("青龍道場", inherit: true, color: Color(alpha: 0.8667, red: 0.0000, green: 0.0000, blue: 0.0000, colorSpace: ColorSpace.sRGB), size: 11.0, weight: 700, textAlign: center, maxLines: 2, dependencies: [DefaultSelectionStyle, DefaultTextStyle, MediaQuery])
                                                                                                                                                                   │                                                           │       │                                              │      └RichText(textAlign: center, softWrap: wrapping at box width, maxLines: 2, text: "青龍道場", dependencies: [Directionality, _LocalizationsScope-[GlobalKey#98331]], renderObject: RenderParagraph#fe32c relayoutBoundary=up2)
                                                                                                                                                                   │                                                           │       │                                              ├SizedBox(height: 65.0, renderObject: RenderConstrainedBox#33cfd relayoutBoundary=up35)
                                                                                                                                                                   │                                                           │       │                                              ├Container(bg: Color(alpha: 1.0000, red: 0.9333, green: 0.9333, blue: 0.9333, colorSpace: ColorSpace.sRGB), constraints: BoxConstraints(0.0<=w<=Infinity, h=65.0))
                                                                                                                                                                   │                                                           │       │                                              │└ConstrainedBox(BoxConstraints(0.0<=w<=Infinity, h=65.0), renderObject: RenderConstrainedBox#c584f relayoutBoundary=up35)
                                                                                                                                                                   │                                                           │       │                                              │ └ColoredBox(color: Color(alpha: 1.0000, red: 0.9333, green: 0.9333, blue: 0.9333, colorSpace: ColorSpace.sRGB), renderObject: _RenderColoredBox#08c52)
                                                                                                                                                                   │                                                           │       │                                              │  └CustomPaint(renderObject: RenderCustomPaint#12f99)
                                                                                                                                                                   │                                                           │       │                                              ├Container(Alignment.center, constraints: BoxConstraints(0.0<=w<=Infinity, h=65.0))
                                                                                                                                                                   │                                                           │       │                                              │└ConstrainedBox(BoxConstraints(0.0<=w<=Infinity, h=65.0), renderObject: RenderConstrainedBox#4e6f5 relayoutBoundary=up35)
                                                                                                                                                                   │                                                           │       │                                              │ └Align(alignment: Alignment.center, dependencies: [Directionality], renderObject: RenderPositionedBox#2bf57)
                                                                                                                                                                   │                                                           │       │                                              │  └Text("0", inherit: true, color: Color(alpha: 0.8667, red: 0.0000, green: 0.0000, blue: 0.0000, colorSpace: ColorSpace.sRGB), size: 13.0, weight: 700, dependencies: [DefaultSelectionStyle, DefaultTextStyle, MediaQuery])
                                                                                                                                                                   │                                                           │       │                                              │   └RichText(softWrap: wrapping at box width, maxLines: unlimited, text: "0", dependencies: [Directionality, _LocalizationsScope-[GlobalKey#98331]], renderObject: RenderParagraph#f7d0b relayoutBoundary=up1)
                                                                                                                                                                   │                                                           │       │                                              ├Container(Alignment.center, constraints: BoxConstraints(0.0<=w<=Infinity, h=65.0))
                                                                                                                                                                   │                                                           │       │                                              │└ConstrainedBox(BoxConstraints(0.0<=w<=Infinity, h=65.0), renderObject: RenderConstrainedBox#3a079 relayoutBoundary=up35)
                                                                                                                                                                   │                                                           │       │                                              │ └Align(alignment: Alignment.center, dependencies: [Directionality], renderObject: RenderPositionedBox#4acfa)
                                                                                                                                                                   │                                                           │       │                                              │  └Text("0", inherit: true, color: Color(alpha: 0.8667, red: 0.0000, green: 0.0000, blue: 0.0000, colorSpace: ColorSpace.sRGB), size: 13.0, weight: 700, dependencies: [DefaultSelectionStyle, DefaultTextStyle, MediaQuery])
                                                                                                                                                                   │                                                           │       │                                              │   └RichText(softWrap: wrapping at box width, maxLines: unlimited, text: "0", dependencies: [Directionality, _LocalizationsScope-[GlobalKey#98331]], renderObject: RenderParagraph#d4c8f relayoutBoundary=up1)
                                                                                                                                                                   │                                                           │       │                                              ├Container(Alignment.center, constraints: BoxConstraints(0.0<=w<=Infinity, h=65.0))
                                                                                                                                                                   │                                                           │       │                                              │└ConstrainedBox(BoxConstraints(0.0<=w<=Infinity, h=65.0), renderObject: RenderConstrainedBox#052d9 relayoutBoundary=up35)
                                                                                                                                                                   │                                                           │       │                                              │ └Align(alignment: Alignment.center, dependencies: [Directionality], renderObject: RenderPositionedBox#b26b3)
                                                                                                                                                                   │                                                           │       │                                              │  └Text("0", inherit: true, color: Color(alpha: 0.8667, red: 0.0000, green: 0.0000, blue: 0.0000, colorSpace: ColorSpace.sRGB), size: 13.0, weight: 700, dependencies: [DefaultSelectionStyle, DefaultTextStyle, MediaQuery])
                                                                                                                                                                   │                                                           │       │                                              │   └RichText(softWrap: wrapping at box width, maxLines: unlimited, text: "0", dependencies: [Directionality, _LocalizationsScope-[GlobalKey#98331]], renderObject: RenderParagraph#06201 relayoutBoundary=up1)
                                                                                                                                                                   │                                                           │       │                                              ├Container(Alignment.center, constraints: BoxConstraints(0.0<=w<=Infinity, h=65.0))
                                                                                                                                                                   │                                                           │       │                                              │└ConstrainedBox(BoxConstraints(0.0<=w<=Infinity, h=65.0), renderObject: RenderConstrainedBox#94aba relayoutBoundary=up35)
                                                                                                                                                                   │                                                           │       │                                              │ └Align(alignment: Alignment.center, dependencies: [Directionality], renderObject: RenderPositionedBox#fb245)
                                                                                                                                                                   │                                                           │       │                                              │  └Text("0", inherit: true, color: Color(alpha: 0.8667, red: 0.0000, green: 0.0000, blue: 0.0000, colorSpace: ColorSpace.sRGB), size: 13.0, weight: 700, dependencies: [DefaultSelectionStyle, DefaultTextStyle, MediaQuery])
                                                                                                                                                                   │                                                           │       │                                              │   └RichText(softWrap: wrapping at box width, maxLines: unlimited, text: "0", dependencies: [Directionality, _LocalizationsScope-[GlobalKey#98331]], renderObject: RenderParagraph#e04fb relayoutBoundary=up1)
                                                                                                                                                                   │                                                           │       │                                              └Container(Alignment.center, bg: Color(alpha: 1.0000, red: 1.0000, green: 0.9529, blue: 0.8784, colorSpace: ColorSpace.sRGB), constraints: BoxConstraints(0.0<=w<=Infinity, h=65.0))
                                                                                                                                                                   │                                                           │       │                                               └ConstrainedBox(BoxConstraints(0.0<=w<=Infinity, h=65.0), renderObject: RenderConstrainedBox#bcdaa relayoutBoundary=up35)
                                                                                                                                                                   │                                                           │       │                                                └ColoredBox(color: Color(alpha: 1.0000, red: 1.0000, green: 0.9529, blue: 0.8784, colorSpace: ColorSpace.sRGB), renderObject: _RenderColoredBox#75300)
                                                                                                                                                                   │                                                           │       │                                                 └Align(alignment: Alignment.center, dependencies: [Directionality], renderObject: RenderPositionedBox#40ed0)
                                                                                                                                                                   │                                                           │       │                                                  └Text("-", inherit: true, color: Color(alpha: 1.0000, red: 0.9373, green: 0.4235, blue: 0.0000, colorSpace: ColorSpace.sRGB), size: 16.0, weight: 700, dependencies: [DefaultSelectionStyle, DefaultTextStyle, MediaQuery])
                                                                                                                                                                   │                                                           │       │                                                   └RichText(softWrap: wrapping at box width, maxLines: unlimited, text: "-", dependencies: [Directionality, _LocalizationsScope-[GlobalKey#98331]], renderObject: RenderParagraph#fa879 relayoutBoundary=up1)
                                                                                                                                                                   │                                                           │       ├SizedBox(height: 32.0, renderObject: RenderConstrainedBox#deb4a relayoutBoundary=up15)
                                                                                                                                                                   │                                                           │       ├Padding(padding: EdgeInsets(8.0, 0.0, 0.0, 12.0), dependencies: [Directionality], renderObject: RenderPadding#d2051 relayoutBoundary=up15)
                                                                                                                                                                   │                                                           │       │└Text("▼ 対戦カード別 スコア詳細", inherit: true, color: MaterialColor(primary value: Color(alpha: 1.0000, red: 0.6196, green: 0.6196, blue: 0.6196, colorSpace: ColorSpace.sRGB)), size: 14.0, weight: 700, dependencies: [DefaultSelectionStyle, DefaultTextStyle, MediaQuery])
                                                                                                                                                                   │                                                           │       │ └RichText(softWrap: wrapping at box width, maxLines: unlimited, text: "▼ 対戦カード別 スコア詳細", dependencies: [Directionality, _LocalizationsScope-[GlobalKey#98331]], renderObject: RenderParagraph#cdcfa relayoutBoundary=up16)
                                                                                                                                                                   │                                                           │       ├Padding(padding: EdgeInsets(0.0, 0.0, 0.0, 24.0), dependencies: [Directionality], renderObject: RenderPadding#b094b relayoutBoundary=up15)
                                                                                                                                                                   │                                                           │       │└InkWell-[<'viewer_match_card_青龍道場 vs 朱雀会'>]
                                                                                                                                                                   │                                                           │       │ └_InkResponseStateWidget(gestures: [tap], mouseCursor: null, clipped to BoxShape.rectangle, dependencies: [InheritedCupertinoTheme, MediaQuery, _InheritedTheme, _LocalizationsScope-[GlobalKey#98331]], state: _InkResponseState#f2af3)
                                                                                                                                                                   │                                                           │       │  └_ParentInkResponseProvider
                                                                                                                                                                   │                                                           │       │   └Actions(dispatcher: null, actions: {ActivateIntent: CallbackAction<ActivateIntent>#a7036, ButtonActivateIntent: CallbackAction<ButtonActivateIntent>#852cb}, state: _ActionsState#a81ba)
                                                                                                                                                                   │                                                           │       │    └_ActionsScope
                                                                                                                                                                   │                                                           │       │     └Focus(dependencies: [_FocusInheritedScope], state: _FocusState#48d81)
                                                                                                                                                                   │                                                           │       │      └_FocusInheritedScope
                                                                                                                                                                   │                                                           │       │       └Semantics(container: false, properties: SemanticsProperties, renderObject: RenderSemanticsAnnotations#2d81f relayoutBoundary=up16)
                                                                                                                                                                   │                                                           │       │        └MouseRegion(listeners: [enter, exit], cursor: SystemMouseCursor(basic), renderObject: RenderMouseRegion#3d3bb relayoutBoundary=up17)
                                                                                                                                                                   │                                                           │       │         └Builder(dependencies: [DefaultSelectionStyle])
                                                                                                                                                                   │                                                           │       │          └DefaultSelectionStyle
                                                                                                                                                                   │                                                           │       │           └Semantics(container: false, properties: SemanticsProperties, renderObject: RenderSemanticsAnnotations#836eb relayoutBoundary=up18)
                                                                                                                                                                   │                                                           │       │            └GestureDetector(startBehavior: start, dependencies: [MediaQuery, ScrollConfiguration])
                                                                                                                                                                   │                                                           │       │             └RawGestureDetector(state: RawGestureDetectorState#9b646(gestures: [tap], excludeFromSemantics: true, behavior: opaque))
                                                                                                                                                                   │                                                           │       │              └Listener(listeners: [down, panZoomStart], behavior: opaque, renderObject: RenderPointerListener#7cedf relayoutBoundary=up19)
                                                                                                                                                                   │                                                           │       │               └Card(dependencies: [InheritedCupertinoTheme, _InheritedTheme, _LocalizationsScope-[GlobalKey#98331]])
                                                                                                                                                                   │                                                           │       │                └Semantics(container: true, properties: SemanticsProperties, renderObject: RenderSemanticsAnnotations#4df01 relayoutBoundary=up20)
                                                                                                                                                                   │                                                           │       │                 └Padding(padding: EdgeInsets(4.0, 8.0, 4.0, 8.0), dependencies: [Directionality], renderObject: RenderPadding#9ed15 relayoutBoundary=up21)
                                                                                                                                                                   │                                                           │       │                  └Material(type: card, color: Color(alpha: 1.0000, red: 1.0000, green: 1.0000, blue: 1.0000, colorSpace: ColorSpace.sRGB), shadowColor: Color(alpha: 1.0000, red: 0.0000, green: 0.0000, blue: 0.0000, colorSpace: ColorSpace.sRGB), surfaceTintColor: Color(alpha: 0.0000, red: 0.0000, green: 0.0000, blue: 0.0000, colorSpace: ColorSpace.sRGB), shape: RoundedRectangleBorder(BorderSide(color: Color(alpha: 1.0000, red: 0.8784, green: 0.8784, blue: 0.8784, colorSpace: ColorSpace.sRGB)), BorderRadius.circular(12.0)), dependencies: [InheritedCupertinoTheme, _InheritedTheme, _LocalizationsScope-[GlobalKey#98331]], state: _MaterialState#9668a)
                                                                                                                                                                   │                                                           │       │                   └_MaterialInterior(duration: 200ms, shape: RoundedRectangleBorder(BorderSide(color: Color(alpha: 1.0000, red: 0.8784, green: 0.8784, blue: 0.8784, colorSpace: ColorSpace.sRGB)), BorderRadius.circular(12.0)), elevation: 0.0, color: Color(alpha: 1.0000, red: 1.0000, green: 1.0000, blue: 1.0000, colorSpace: ColorSpace.sRGB), shadowColor: Color(alpha: 1.0000, red: 0.0000, green: 0.0000, blue: 0.0000, colorSpace: ColorSpace.sRGB), dependencies: [Directionality, InheritedCupertinoTheme, _InheritedTheme, _LocalizationsScope-[GlobalKey#98331]], state: _MaterialInteriorState#c1615(ticker inactive))
                                                                                                                                                                   │                                                           │       │                    └PhysicalShape(clipper: ShapeBorderClipper, elevation: 0.0, color: Color(alpha: 1.0000, red: 1.0000, green: 1.0000, blue: 1.0000, colorSpace: ColorSpace.sRGB), shadowColor: Color(alpha: 1.0000, red: 0.0000, green: 0.0000, blue: 0.0000, colorSpace: ColorSpace.sRGB), renderObject: RenderPhysicalShape#12fd2 relayoutBoundary=up22)
                                                                                                                                                                   │                                                           │       │                     └_ShapeBorderPaint(dependencies: [Directionality])
                                                                                                                                                                   │                                                           │       │                      └CustomPaint(renderObject: RenderCustomPaint#33c2c relayoutBoundary=up23)
                                                                                                                                                                   │                                                           │       │                       └NotificationListener<LayoutChangedNotification>
                                                                                                                                                                   │                                                           │       │                        └_InkFeatures-[GlobalKey#1229f ink renderer](renderObject: _RenderInkFeatures#c5a3c relayoutBoundary=up24)
                                                                                                                                                                   │                                                           │       │                         └AnimatedDefaultTextStyle(duration: 200ms, debugLabel: (englishLike bodyMedium 2021).merge((blackMountainView bodyMedium).apply), inherit: false, color: Color(alpha: 1.0000, red: 0.1137, green: 0.1059, blue: 0.1255, colorSpace: ColorSpace.sRGB), family: Roboto, size: 14.0, weight: 400, letterSpacing: 0.3, baseline: alphabetic, height: 1.4x, leadingDistribution: even, decoration: Color(alpha: 1.0000, red: 0.1137, green: 0.1059, blue: 0.1255, colorSpace: ColorSpace.sRGB) TextDecoration.none, softWrap: wrapping at box width, overflow: clip, state: _AnimatedDefaultTextStyleState#e74e2(ticker inactive))
                                                                                                                                                                   │                                                           │       │                          └DefaultTextStyle(debugLabel: (englishLike bodyMedium 2021).merge((blackMountainView bodyMedium).apply), inherit: false, color: Color(alpha: 1.0000, red: 0.1137, green: 0.1059, blue: 0.1255, colorSpace: ColorSpace.sRGB), family: Roboto, size: 14.0, weight: 400, letterSpacing: 0.3, baseline: alphabetic, height: 1.4x, leadingDistribution: even, decoration: Color(alpha: 1.0000, red: 0.1137, green: 0.1059, blue: 0.1255, colorSpace: ColorSpace.sRGB) TextDecoration.none, softWrap: wrapping at box width, overflow: clip)
                                                                                                                                                                   │                                                           │       │                           └Semantics(container: false, properties: SemanticsProperties, renderObject: RenderSemanticsAnnotations#c7e4d relayoutBoundary=up25)
                                                                                                                                                                   │                                                           │       │                            └Stack(alignment: AlignmentDirectional.topStart, fit: loose, dependencies: [Directionality], renderObject: RenderStack#8afe8 relayoutBoundary=up26)
                                                                                                                                                                   │                                                           │       │                             └Column(direction: vertical, mainAxisAlignment: start, crossAxisAlignment: center, renderObject: RenderFlex#a9b54 relayoutBoundary=up27)
                                                                                                                                                                   │                                                           │       │                              ├Container(padding: EdgeInsets.all(12.0), bg: Color(alpha: 1.0000, red: 0.9608, green: 0.9608, blue: 0.9608, colorSpace: ColorSpace.sRGB), constraints: BoxConstraints(w=Infinity, 0.0<=h<=Infinity))
                                                                                                                                                                   │                                                           │       │                              │└ConstrainedBox(BoxConstraints(w=Infinity, 0.0<=h<=Infinity), renderObject: RenderConstrainedBox#f0e09 relayoutBoundary=up28)
                                                                                                                                                                   │                                                           │       │                              │ └ColoredBox(color: Color(alpha: 1.0000, red: 0.9608, green: 0.9608, blue: 0.9608, colorSpace: ColorSpace.sRGB), renderObject: _RenderColoredBox#97558 relayoutBoundary=up29)
                                                                                                                                                                   │                                                           │       │                              │  └Padding(padding: EdgeInsets.all(12.0), dependencies: [Directionality], renderObject: RenderPadding#960ac relayoutBoundary=up30)
                                                                                                                                                                   │                                                           │       │                              │   └Text("【リーグ戦】 青龍道場 vs 朱雀会", inherit: true, color: Color(alpha: 1.0000, red: 0.2588, green: 0.2588, blue: 0.2588, colorSpace: ColorSpace.sRGB), weight: 700, dependencies: [DefaultSelectionStyle, DefaultTextStyle, MediaQuery])
                                                                                                                                                                   │                                                           │       │                              │    └RichText(softWrap: wrapping at box width, maxLines: unlimited, text: "【リーグ戦】 青龍道場 vs 朱雀会", dependencies: [Directionality, _LocalizationsScope-[GlobalKey#98331]], renderObject: RenderParagraph#27e47 relayoutBoundary=up31)
                                                                                                                                                                   │                                                           │       │                              └Table(dependencies: [Directionality, MediaQuery, _LocalizationsScope-[GlobalKey#98331]], renderObject: RenderTable#ace5e relayoutBoundary=up28)
                                                                                                                                                                   │                                                           │       │                               ├SizedBox.shrink(renderObject: RenderConstrainedBox#35e90 relayoutBoundary=up29)
                                                                                                                                                                   │                                                           │       │                               ├Container(bg: Color(alpha: 0.0000, red: 0.0000, green: 0.0000, blue: 0.0000, colorSpace: ColorSpace.sRGB))
                                                                                                                                                                   │                                                           │       │                               │└ColoredBox(color: Color(alpha: 0.0000, red: 0.0000, green: 0.0000, blue: 0.0000, colorSpace: ColorSpace.sRGB), renderObject: _RenderColoredBox#6fcd4 relayoutBoundary=up29)
                                                                                                                                                                   │                                                           │       │                               │ └Center(alignment: Alignment.center, dependencies: [Directionality], renderObject: RenderPositionedBox#d8adb relayoutBoundary=up30)
                                                                                                                                                                   │                                                           │       │                               │  └Padding(padding: EdgeInsets.all(8.0), dependencies: [Directionality], renderObject: RenderPadding#e7004 relayoutBoundary=up31)
                                                                                                                                                                   │                                                           │       │                               │   └Text("先鋒", inherit: true, color: Color(alpha: 1.0000, red: 0.2588, green: 0.2588, blue: 0.2588, colorSpace: ColorSpace.sRGB), size: 10.0, weight: 700, dependencies: [DefaultSelectionStyle, DefaultTextStyle, MediaQuery])
                                                                                                                                                                   │                                                           │       │                               │    └RichText(softWrap: wrapping at box width, maxLines: unlimited, text: "先鋒", dependencies: [Directionality, _LocalizationsScope-[GlobalKey#98331]], renderObject: RenderParagraph#18d88 relayoutBoundary=up32)
                                                                                                                                                                   │                                                           │       │                               ├Center(alignment: Alignment.center, dependencies: [Directionality], renderObject: RenderPositionedBox#b4851 relayoutBoundary=up29)
                                                                                                                                                                   │                                                           │       │                               │└Padding(padding: EdgeInsets.all(8.0), dependencies: [Directionality], renderObject: RenderPadding#540a0 relayoutBoundary=up30)
                                                                                                                                                                   │                                                           │       │                               │ └Text("本/勝", inherit: true, color: Color(alpha: 1.0000, red: 0.3804, green: 0.3804, blue: 0.3804, colorSpace: ColorSpace.sRGB), size: 10.0, dependencies: [DefaultSelectionStyle, DefaultTextStyle, MediaQuery])
                                                                                                                                                                   │                                                           │       │                               │  └RichText(softWrap: wrapping at box width, maxLines: unlimited, text: "本/勝", dependencies: [Directionality, _LocalizationsScope-[GlobalKey#98331]], renderObject: RenderParagraph#bea7f relayoutBoundary=up31)
                                                                                                                                                                   │                                                           │       │                               ├Center(alignment: Alignment.center, dependencies: [Directionality], renderObject: RenderPositionedBox#043e0 relayoutBoundary=up29)
                                                                                                                                                                   │                                                           │       │                               │└Padding(padding: EdgeInsets.all(4.0), dependencies: [Directionality], renderObject: RenderPadding#41fe0 relayoutBoundary=up30)
                                                                                                                                                                   │                                                           │       │                               │ └Text("青龍道場", inherit: true, color: Color(alpha: 1.0000, red: 0.8275, green: 0.1843, blue: 0.1843, colorSpace: ColorSpace.sRGB), size: 11.0, weight: 700, textAlign: center, dependencies: [DefaultSelectionStyle, DefaultTextStyle, MediaQuery])
                                                                                                                                                                   │                                                           │       │                               │  └RichText(textAlign: center, softWrap: wrapping at box width, maxLines: unlimited, text: "青龍道場", dependencies: [Directionality, _LocalizationsScope-[GlobalKey#98331]], renderObject: RenderParagraph#25b54 relayoutBoundary=up31)
                                                                                                                                                                   │                                                           │       │                               ├Container(bg: Color(alpha: 0.0000, red: 0.0000, green: 0.0000, blue: 0.0000, colorSpace: ColorSpace.sRGB))
                                                                                                                                                                   │                                                           │       │                               │└ColoredBox(color: Color(alpha: 0.0000, red: 0.0000, green: 0.0000, blue: 0.0000, colorSpace: ColorSpace.sRGB), renderObject: _RenderColoredBox#65ce9 relayoutBoundary=up29)
                                                                                                                                                                   │                                                           │       │                               │ └Center(alignment: Alignment.center, dependencies: [Directionality], renderObject: RenderPositionedBox#9f4a0 relayoutBoundary=up30)
                                                                                                                                                                   │                                                           │       │                               │  └Padding(padding: EdgeInsets(4.0, 12.0, 4.0, 12.0), dependencies: [Directionality], renderObject: RenderPadding#9fdf7 relayoutBoundary=up31)
                                                                                                                                                                   │                                                           │       │                               │   └Column(direction: vertical, mainAxisAlignment: start, mainAxisSize: min, crossAxisAlignment: center, renderObject: RenderFlex#07aa8 relayoutBoundary=up32)
                                                                                                                                                                   │                                                           │       │                               │    ├Text("先", inherit: true, color: Color(alpha: 1.0000, red: 0.2588, green: 0.2588, blue: 0.2588, colorSpace: ColorSpace.sRGB), size: 11.0, weight: 700, height: 1.1x, dependencies: [DefaultSelectionStyle, DefaultTextStyle, MediaQuery])
                                                                                                                                                                   │                                                           │       │                               │    │└RichText(softWrap: wrapping at box width, maxLines: unlimited, text: "先", dependencies: [Directionality, _LocalizationsScope-[GlobalKey#98331]], renderObject: RenderParagraph#0e16d relayoutBoundary=up33)
                                                                                                                                                                   │                                                           │       │                               │    └Text("鋒", inherit: true, color: Color(alpha: 1.0000, red: 0.2588, green: 0.2588, blue: 0.2588, colorSpace: ColorSpace.sRGB), size: 11.0, weight: 700, height: 1.1x, dependencies: [DefaultSelectionStyle, DefaultTextStyle, MediaQuery])
                                                                                                                                                                   │                                                           │       │                               │     └RichText(softWrap: wrapping at box width, maxLines: unlimited, text: "鋒", dependencies: [Directionality, _LocalizationsScope-[GlobalKey#98331]], renderObject: RenderParagraph#577a1 relayoutBoundary=up33)
                                                                                                                                                                   │                                                           │       │                               ├Center(alignment: Alignment.center, dependencies: [Directionality], renderObject: RenderPositionedBox#1449a relayoutBoundary=up29)
                                                                                                                                                                   │                                                           │       │                               │└Text("0\n--\n0", inherit: true, color: Color(alpha: 1.0000, red: 0.2588, green: 0.2588, blue: 0.2588, colorSpace: ColorSpace.sRGB), size: 12.0, weight: 700, textAlign: center, dependencies: [DefaultSelectionStyle, DefaultTextStyle, MediaQuery])
                                                                                                                                                                   │                                                           │       │                               │ └RichText(textAlign: center, softWrap: wrapping at box width, maxLines: unlimited, text: "0\n--\n0", dependencies: [Directionality, _LocalizationsScope-[GlobalKey#98331]], renderObject: RenderParagraph#184f4 relayoutBoundary=up30)
                                                                                                                                                                   │                                                           │       │                               ├SizedBox.shrink(renderObject: RenderConstrainedBox#86124 relayoutBoundary=up29)
                                                                                                                                                                   │                                                           │       │                               ├Container(Alignment.center, constraints: BoxConstraints(0.0<=w<=Infinity, h=70.0))
                                                                                                                                                                   │                                                           │       │                               │└ConstrainedBox(BoxConstraints(0.0<=w<=Infinity, h=70.0), renderObject: RenderConstrainedBox#2e0c8 relayoutBoundary=up29)
                                                                                                                                                                   │                                                           │       │                               │ └Align(alignment: Alignment.center, dependencies: [Directionality], renderObject: RenderPositionedBox#379e4)
                                                                                                                                                                   │                                                           │       │                               │  └Stack(alignment: Alignment.center, fit: loose, dependencies: [Directionality], renderObject: RenderStack#9ae95 relayoutBoundary=up1)
                                                                                                                                                                   │                                                           │       │                               │   ├Divider(dependencies: [InheritedCupertinoTheme, _InheritedTheme, _LocalizationsScope-[GlobalKey#98331]])
                                                                                                                                                                   │                                                           │       │                               │   │└SizedBox(height: 0.0, renderObject: RenderConstrainedBox#46236 relayoutBoundary=up2)
                                                                                                                                                                   │                                                           │       │                               │   │ └Center(alignment: Alignment.center, dependencies: [Directionality], renderObject: RenderPositionedBox#edab1 relayoutBoundary=up3)
                                                                                                                                                                   │                                                           │       │                               │   │  └Container(bg: BoxDecoration(border: Border(bottom: BorderSide(color: Color(alpha: 1.0000, red: 0.8784, green: 0.8784, blue: 0.8784, colorSpace: ColorSpace.sRGB)))), constraints: BoxConstraints(0.0<=w<=Infinity, h=1.0), margin: EdgeInsets.zero)
                                                                                                                                                                   │                                                           │       │                               │   │   └Padding(padding: EdgeInsets.zero, dependencies: [Directionality], renderObject: RenderPadding#ee00d relayoutBoundary=up4)
                                                                                                                                                                   │                                                           │       │                               │   │    └ConstrainedBox(BoxConstraints(0.0<=w<=Infinity, h=1.0), renderObject: RenderConstrainedBox#fb35b relayoutBoundary=up5)
                                                                                                                                                                   │                                                           │       │                               │   │     └DecoratedBox(bg: BoxDecoration(border: Border(bottom: BorderSide(color: Color(alpha: 1.0000, red: 0.8784, green: 0.8784, blue: 0.8784, colorSpace: ColorSpace.sRGB)))), dependencies: [Directionality, MediaQuery, _LocalizationsScope-[GlobalKey#98331]], renderObject: RenderDecoratedBox#24a52 relayoutBoundary=up6)
                                                                                                                                                                   │                                                           │       │                               │   │      └Padding(padding: EdgeInsets(0.0, 0.0, 0.0, 1.0), dependencies: [Directionality], renderObject: RenderPadding#599f3 relayoutBoundary=up7)
                                                                                                                                                                   │                                                           │       │                               │   │       └LimitedBox(maxWidth: 0.0, maxHeight: 0.0, renderObject: RenderLimitedBox#77657 relayoutBoundary=up8)
                                                                                                                                                                   │                                                           │       │                               │   │        └ConstrainedBox(BoxConstraints(biggest), renderObject: RenderConstrainedBox#875eb relayoutBoundary=up9)
                                                                                                                                                                   │                                                           │       │                               │   └Column(direction: vertical, mainAxisAlignment: start, crossAxisAlignment: center, renderObject: RenderFlex#b2261 relayoutBoundary=up2)
                                                                                                                                                                   │                                                           │       │                               │    ├Expanded(flex: 1)
                                                                                                                                                                   │                                                           │       │                               │    │└SizedBox(width: 36.0, height: 36.0, renderObject: RenderConstrainedBox#6090e relayoutBoundary=up3)
                                                                                                                                                                   │                                                           │       │                               │    │ └Stack(alignment: Alignment.center, fit: loose, dependencies: [Directionality], renderObject: RenderStack#c58cf)
                                                                                                                                                                   │                                                           │       │                               │    └Expanded(flex: 1)
                                                                                                                                                                   │                                                           │       │                               │     └SizedBox(width: 36.0, height: 36.0, renderObject: RenderConstrainedBox#4d65c relayoutBoundary=up3)
                                                                                                                                                                   │                                                           │       │                               │      └Stack(alignment: Alignment.center, fit: loose, dependencies: [Directionality], renderObject: RenderStack#fd8ca)
                                                                                                                                                                   │                                                           │       │                               ├Container(Alignment.center, constraints: BoxConstraints(0.0<=w<=Infinity, h=70.0))
                                                                                                                                                                   │                                                           │       │                               │└ConstrainedBox(BoxConstraints(0.0<=w<=Infinity, h=70.0), renderObject: RenderConstrainedBox#1c689 relayoutBoundary=up29)
                                                                                                                                                                   │                                                           │       │                               │ └Align(alignment: Alignment.center, dependencies: [Directionality], renderObject: RenderPositionedBox#7e6c7)
                                                                                                                                                                   │                                                           │       │                               │  └Stack(alignment: Alignment.center, fit: loose, dependencies: [Directionality], renderObject: RenderStack#cb994 relayoutBoundary=up1)
                                                                                                                                                                   │                                                           │       │                               │   └Divider(dependencies: [InheritedCupertinoTheme, _InheritedTheme, _LocalizationsScope-[GlobalKey#98331]])
                                                                                                                                                                   │                                                           │       │                               │    └SizedBox(height: 0.0, renderObject: RenderConstrainedBox#e24fa relayoutBoundary=up2)
                                                                                                                                                                   │                                                           │       │                               │     └Center(alignment: Alignment.center, dependencies: [Directionality], renderObject: RenderPositionedBox#b9e28 relayoutBoundary=up3)
                                                                                                                                                                   │                                                           │       │                               │      └Container(bg: BoxDecoration(border: Border(bottom: BorderSide(color: Color(alpha: 1.0000, red: 0.8784, green: 0.8784, blue: 0.8784, colorSpace: ColorSpace.sRGB)))), constraints: BoxConstraints(0.0<=w<=Infinity, h=1.0), margin: EdgeInsets.zero)
                                                                                                                                                                   │                                                           │       │                               │       └Padding(padding: EdgeInsets.zero, dependencies: [Directionality], renderObject: RenderPadding#afcfd relayoutBoundary=up4)
                                                                                                                                                                   │                                                           │       │                               │        └ConstrainedBox(BoxConstraints(0.0<=w<=Infinity, h=1.0), renderObject: RenderConstrainedBox#7d583 relayoutBoundary=up5)
                                                                                                                                                                   │                                                           │       │                               │         └DecoratedBox(bg: BoxDecoration(border: Border(bottom: BorderSide(color: Color(alpha: 1.0000, red: 0.8784, green: 0.8784, blue: 0.8784, colorSpace: ColorSpace.sRGB)))), dependencies: [Directionality, MediaQuery, _LocalizationsScope-[GlobalKey#98331]], renderObject: RenderDecoratedBox#15cef relayoutBoundary=up6)
                                                                                                                                                                   │                                                           │       │                               │          └Padding(padding: EdgeInsets(0.0, 0.0, 0.0, 1.0), dependencies: [Directionality], renderObject: RenderPadding#0736d relayoutBoundary=up7)
                                                                                                                                                                   │                                                           │       │                               │           └LimitedBox(maxWidth: 0.0, maxHeight: 0.0, renderObject: RenderLimitedBox#adc2a relayoutBoundary=up8)
                                                                                                                                                                   │                                                           │       │                               │            └ConstrainedBox(BoxConstraints(biggest), renderObject: RenderConstrainedBox#f9f8c relayoutBoundary=up9)
                                                                                                                                                                   │                                                           │       │                               ├Center(alignment: Alignment.center, dependencies: [Directionality], renderObject: RenderPositionedBox#6b8b7 relayoutBoundary=up29)
                                                                                                                                                                   │                                                           │       │                               │└Padding(padding: EdgeInsets.all(4.0), dependencies: [Directionality], renderObject: RenderPadding#77f2f relayoutBoundary=up30)
                                                                                                                                                                   │                                                           │       │                               │ └Text("朱雀会", inherit: true, color: Color(alpha: 1.0000, red: 0.2706, green: 0.3529, blue: 0.3922, colorSpace: ColorSpace.sRGB), size: 11.0, weight: 700, textAlign: center, dependencies: [DefaultSelectionStyle, DefaultTextStyle, MediaQuery])
                                                                                                                                                                   │                                                           │       │                               │  └RichText(textAlign: center, softWrap: wrapping at box width, maxLines: unlimited, text: "朱雀会", dependencies: [Directionality, _LocalizationsScope-[GlobalKey#98331]], renderObject: RenderParagraph#297e1 relayoutBoundary=up31)
                                                                                                                                                                   │                                                           │       │                               ├Container(bg: Color(alpha: 0.0000, red: 0.0000, green: 0.0000, blue: 0.0000, colorSpace: ColorSpace.sRGB))
                                                                                                                                                                   │                                                           │       │                               │└ColoredBox(color: Color(alpha: 0.0000, red: 0.0000, green: 0.0000, blue: 0.0000, colorSpace: ColorSpace.sRGB), renderObject: _RenderColoredBox#6c011 relayoutBoundary=up29)
                                                                                                                                                                   │                                                           │       │                               │ └Center(alignment: Alignment.center, dependencies: [Directionality], renderObject: RenderPositionedBox#5c329 relayoutBoundary=up30)
                                                                                                                                                                   │                                                           │       │                               │  └Padding(padding: EdgeInsets(4.0, 12.0, 4.0, 12.0), dependencies: [Directionality], renderObject: RenderPadding#e5a38 relayoutBoundary=up31)
                                                                                                                                                                   │                                                           │       │                               │   └Column(direction: vertical, mainAxisAlignment: start, mainAxisSize: min, crossAxisAlignment: center, renderObject: RenderFlex#19cf9 relayoutBoundary=up32)
                                                                                                                                                                   │                                                           │       │                               │    ├Text("先", inherit: true, color: Color(alpha: 1.0000, red: 0.2588, green: 0.2588, blue: 0.2588, colorSpace: ColorSpace.sRGB), size: 11.0, weight: 700, height: 1.1x, dependencies: [DefaultSelectionStyle, DefaultTextStyle, MediaQuery])
                                                                                                                                                                   │                                                           │       │                               │    │└RichText(softWrap: wrapping at box width, maxLines: unlimited, text: "先", dependencies: [Directionality, _LocalizationsScope-[GlobalKey#98331]], renderObject: RenderParagraph#ecfa9 relayoutBoundary=up33)
                                                                                                                                                                   │                                                           │       │                               │    └Text("鋒", inherit: true, color: Color(alpha: 1.0000, red: 0.2588, green: 0.2588, blue: 0.2588, colorSpace: ColorSpace.sRGB), size: 11.0, weight: 700, height: 1.1x, dependencies: [DefaultSelectionStyle, DefaultTextStyle, MediaQuery])
                                                                                                                                                                   │                                                           │       │                               │     └RichText(softWrap: wrapping at box width, maxLines: unlimited, text: "鋒", dependencies: [Directionality, _LocalizationsScope-[GlobalKey#98331]], renderObject: RenderParagraph#05391 relayoutBoundary=up33)
                                                                                                                                                                   │                                                           │       │                               └Center(alignment: Alignment.center, dependencies: [Directionality], renderObject: RenderPositionedBox#6d796 relayoutBoundary=up29)
                                                                                                                                                                   │                                                           │       │                                └Text("0\n--\n0", inherit: true, color: Color(alpha: 1.0000, red: 0.2588, green: 0.2588, blue: 0.2588, colorSpace: ColorSpace.sRGB), size: 12.0, weight: 700, textAlign: center, dependencies: [DefaultSelectionStyle, DefaultTextStyle, MediaQuery])
                                                                                                                                                                   │                                                           │       │                                 └RichText(textAlign: center, softWrap: wrapping at box width, maxLines: unlimited, text: "0\n--\n0", dependencies: [Directionality, _LocalizationsScope-[GlobalKey#98331]], renderObject: RenderParagraph#7a147 relayoutBoundary=up30)
                                                                                                                                                                   │                                                           │       └SizedBox(height: 48.0, renderObject: RenderConstrainedBox#dc752 relayoutBoundary=up15)
                                                                                                                                                                   │                                                           ├KeyedSubtree
                                                                                                                                                                   │                                                           │└AutomaticKeepAlive(state: _AutomaticKeepAliveState#3ef8f(handles: no notifications ever received))
                                                                                                                                                                   │                                                           │ └KeepAlive(keepAlive: false)
                                                                                                                                                                   │                                                           │  └NotificationListener<KeepAliveNotification>
                                                                                                                                                                   │                                                           │   └_SelectionKeepAlive(state: _SelectionKeepAliveState#c5062)
                                                                                                                                                                   │                                                           │    └IndexedSemantics(index: 2, renderObject: RenderIndexedSemantics#dd7da relayoutBoundary=up12)
                                                                                                                                                                   │                                                           │     └RepaintBoundary(renderObject: RenderRepaintBoundary#fcabc relayoutBoundary=up13)
                                                                                                                                                                   │                                                           │      └Column(direction: vertical, mainAxisAlignment: start, crossAxisAlignment: start, dependencies: [Directionality], renderObject: RenderFlex#01a91 relayoutBoundary=up14)
                                                                                                                                                                   │                                                           │       ├Padding(padding: EdgeInsets(8.0, 24.0, 0.0, 12.0), dependencies: [Directionality], renderObject: RenderPadding#851b8 relayoutBoundary=up15)
                                                                                                                                                                   │                                                           │       │└Text("【リーグ戦】 佐藤（朱雀会） : 2人リーグ（全1試合）", inherit: true, color: Color(alpha: 1.0000, red: 0.1020, green: 0.1373, blue: 0.4941, colorSpace: ColorSpace.sRGB), size: 16.0, weight: 700, dependencies: [DefaultSelectionStyle, DefaultTextStyle, MediaQuery])
                                                                                                                                                                   │                                                           │       │ └RichText(softWrap: wrapping at box width, maxLines: unlimited, text: "【リーグ戦】 佐藤（朱雀会） : 2人リーグ（全1試合）", dependencies: [Directionality, _LocalizationsScope-[GlobalKey#98331]], renderObject: RenderParagraph#bf4d0 relayoutBoundary=up16)
                                                                                                                                                                   │                                                           │       ├SingleChildScrollView(dependencies: [Directionality, InheritedCupertinoTheme, ScrollConfiguration, _InheritedTheme, _LocalizationsScope-[GlobalKey#98331]])
                                                                                                                                                                   │                                                           │       │└Scrollable(axisDirection: right, physics: null, restorationId: null, dependencies: [InheritedCupertinoTheme, MediaQuery, ScrollConfiguration, UnmanagedRestorationScope, _InheritedTheme, _LocalizationsScope-[GlobalKey#98331]], state: ScrollableState#5b0d1(position: ScrollPositionWithSingleContext#dbdb0(offset: 0.0, range: 0.0..0.0, viewport: 463.0, ScrollableState, ClampingScrollPhysics -> RangeMaintainingScrollPhysics, IdleScrollActivity#14448, ScrollDirection.idle), effective physics: ClampingScrollPhysics -> RangeMaintainingScrollPhysics))
                                                                                                                                                                   │                                                           │       │ └StretchingOverscrollIndicator(axisDirection: right, state: _StretchingOverscrollIndicatorState#df8a3)
                                                                                                                                                                   │                                                           │       │  └NotificationListener<ScrollNotification>
                                                                                                                                                                   │                                                           │       │   └AnimatedBuilder(listenable: _StretchController(), dependencies: [MediaQuery], state: _AnimatedState#0b9dd)
                                                                                                                                                                   │                                                           │       │    └ClipRect(renderObject: RenderClipRect#d86a9 relayoutBoundary=up15)
                                                                                                                                                                   │                                                           │       │     └StretchEffect(dependencies: [Directionality])
                                                                                                                                                                   │                                                           │       │      └Transform(dependencies: [Directionality], renderObject: RenderTransform#3a61f relayoutBoundary=up16)
                                                                                                                                                                   │                                                           │       │       └NotificationListener<ScrollMetricsNotification>
                                                                                                                                                                   │                                                           │       │        └_ScrollSemantics-[GlobalKey#c3b6a](renderObject: _RenderScrollSemantics#ed1c7 relayoutBoundary=up17)
                                                                                                                                                                   │                                                           │       │         └_ScrollableScope
                                                                                                                                                                   │                                                           │       │          └Listener(listeners: [signal], behavior: deferToChild, renderObject: RenderPointerListener#6bad3 relayoutBoundary=up18)
                                                                                                                                                                   │                                                           │       │           └RawGestureDetector-[LabeledGlobalKey<RawGestureDetectorState>#9a8e6](state: RawGestureDetectorState#50ce5(gestures: <none>, behavior: opaque))
                                                                                                                                                                   │                                                           │       │            └_GestureSemantics(renderObject: RenderSemanticsGestureHandler#68ee2 relayoutBoundary=up19)
                                                                                                                                                                   │                                                           │       │             └Listener(listeners: [down, panZoomStart], behavior: opaque, renderObject: RenderPointerListener#b94bf relayoutBoundary=up20)
                                                                                                                                                                   │                                                           │       │              └Semantics(container: false, properties: SemanticsProperties, renderObject: RenderSemanticsAnnotations#58c19 relayoutBoundary=up21)
                                                                                                                                                                   │                                                           │       │               └IgnorePointer-[GlobalKey#2f85f](ignoring: false, renderObject: RenderIgnorePointer#9e671 relayoutBoundary=up22)
                                                                                                                                                                   │                                                           │       │                └_SingleChildViewport(renderObject: _RenderSingleChildViewport#0f87b relayoutBoundary=up23)
                                                                                                                                                                   │                                                           │       │                 └InkWell-[<'viewer_match_card_個人リーグA'>]
                                                                                                                                                                   │                                                           │       │                  └_InkResponseStateWidget(gestures: [tap], mouseCursor: null, clipped to BoxShape.rectangle, dependencies: [InheritedCupertinoTheme, MediaQuery, _InheritedTheme, _LocalizationsScope-[GlobalKey#98331]], state: _InkResponseState#b88ab)
                                                                                                                                                                   │                                                           │       │                   └_ParentInkResponseProvider
                                                                                                                                                                   │                                                           │       │                    └Actions(dispatcher: null, actions: {ActivateIntent: CallbackAction<ActivateIntent>#3d2cb, ButtonActivateIntent: CallbackAction<ButtonActivateIntent>#10111}, state: _ActionsState#5b33a)
                                                                                                                                                                   │                                                           │       │                     └_ActionsScope
                                                                                                                                                                   │                                                           │       │                      └Focus(dependencies: [_FocusInheritedScope], state: _FocusState#f36f4)
                                                                                                                                                                   │                                                           │       │                       └_FocusInheritedScope
                                                                                                                                                                   │                                                           │       │                        └Semantics(container: false, properties: SemanticsProperties, renderObject: RenderSemanticsAnnotations#d0ac0 relayoutBoundary=up24)
                                                                                                                                                                   │                                                           │       │                         └MouseRegion(listeners: [enter, exit], cursor: SystemMouseCursor(basic), renderObject: RenderMouseRegion#13121 relayoutBoundary=up25)
                                                                                                                                                                   │                                                           │       │                          └Builder(dependencies: [DefaultSelectionStyle])
                                                                                                                                                                   │                                                           │       │                           └DefaultSelectionStyle
                                                                                                                                                                   │                                                           │       │                            └Semantics(container: false, properties: SemanticsProperties, renderObject: RenderSemanticsAnnotations#7d5fd relayoutBoundary=up26)
                                                                                                                                                                   │                                                           │       │                             └GestureDetector(startBehavior: start, dependencies: [MediaQuery, ScrollConfiguration])
                                                                                                                                                                   │                                                           │       │                              └RawGestureDetector(state: RawGestureDetectorState#593cb(gestures: [tap], excludeFromSemantics: true, behavior: opaque))
                                                                                                                                                                   │                                                           │       │                               └Listener(listeners: [down, panZoomStart], behavior: opaque, renderObject: RenderPointerListener#490f0 relayoutBoundary=up27)
                                                                                                                                                                   │                                                           │       │                                └Card(dependencies: [InheritedCupertinoTheme, _InheritedTheme, _LocalizationsScope-[GlobalKey#98331]])
                                                                                                                                                                   │                                                           │       │                                 └Semantics(container: true, properties: SemanticsProperties, renderObject: RenderSemanticsAnnotations#70804 relayoutBoundary=up28)
                                                                                                                                                                   │                                                           │       │                                  └Padding(padding: EdgeInsets(4.0, 0.0, 4.0, 0.0), dependencies: [Directionality], renderObject: RenderPadding#cd1e1 relayoutBoundary=up29)
                                                                                                                                                                   │                                                           │       │                                   └Material(type: card, color: Color(alpha: 1.0000, red: 1.0000, green: 1.0000, blue: 1.0000, colorSpace: ColorSpace.sRGB), shadowColor: Color(alpha: 1.0000, red: 0.0000, green: 0.0000, blue: 0.0000, colorSpace: ColorSpace.sRGB), surfaceTintColor: Color(alpha: 0.0000, red: 0.0000, green: 0.0000, blue: 0.0000, colorSpace: ColorSpace.sRGB), shape: RoundedRectangleBorder(BorderSide(color: Color(alpha: 1.0000, red: 0.7412, green: 0.7412, blue: 0.7412, colorSpace: ColorSpace.sRGB)), BorderRadius.circular(8.0)), dependencies: [InheritedCupertinoTheme, _InheritedTheme, _LocalizationsScope-[GlobalKey#98331]], state: _MaterialState#89a08)
                                                                                                                                                                   │                                                           │       │                                    └_MaterialInterior(duration: 200ms, shape: RoundedRectangleBorder(BorderSide(color: Color(alpha: 1.0000, red: 0.7412, green: 0.7412, blue: 0.7412, colorSpace: ColorSpace.sRGB)), BorderRadius.circular(8.0)), elevation: 0.0, color: Color(alpha: 1.0000, red: 1.0000, green: 1.0000, blue: 1.0000, colorSpace: ColorSpace.sRGB), shadowColor: Color(alpha: 1.0000, red: 0.0000, green: 0.0000, blue: 0.0000, colorSpace: ColorSpace.sRGB), dependencies: [Directionality, InheritedCupertinoTheme, _InheritedTheme, _LocalizationsScope-[GlobalKey#98331]], state: _MaterialInteriorState#6eea2(ticker inactive))
                                                                                                                                                                   │                                                           │       │                                     └PhysicalShape(clipper: ShapeBorderClipper, elevation: 0.0, color: Color(alpha: 1.0000, red: 1.0000, green: 1.0000, blue: 1.0000, colorSpace: ColorSpace.sRGB), shadowColor: Color(alpha: 1.0000, red: 0.0000, green: 0.0000, blue: 0.0000, colorSpace: ColorSpace.sRGB), renderObject: RenderPhysicalShape#1d967 relayoutBoundary=up30)
                                                                                                                                                                   │                                                           │       │                                      └_ShapeBorderPaint(dependencies: [Directionality])
                                                                                                                                                                   │                                                           │       │                                       └CustomPaint(renderObject: RenderCustomPaint#6a4d3 relayoutBoundary=up31)
                                                                                                                                                                   │                                                           │       │                                        └NotificationListener<LayoutChangedNotification>
                                                                                                                                                                   │                                                           │       │                                         └_InkFeatures-[GlobalKey#45e31 ink renderer](renderObject: _RenderInkFeatures#ef8b2 relayoutBoundary=up32)
                                                                                                                                                                   │                                                           │       │                                          └AnimatedDefaultTextStyle(duration: 200ms, debugLabel: (englishLike bodyMedium 2021).merge((blackMountainView bodyMedium).apply), inherit: false, color: Color(alpha: 1.0000, red: 0.1137, green: 0.1059, blue: 0.1255, colorSpace: ColorSpace.sRGB), family: Roboto, size: 14.0, weight: 400, letterSpacing: 0.3, baseline: alphabetic, height: 1.4x, leadingDistribution: even, decoration: Color(alpha: 1.0000, red: 0.1137, green: 0.1059, blue: 0.1255, colorSpace: ColorSpace.sRGB) TextDecoration.none, softWrap: wrapping at box width, overflow: clip, state: _AnimatedDefaultTextStyleState#dc0d1(ticker inactive))
                                                                                                                                                                   │                                                           │       │                                           └DefaultTextStyle(debugLabel: (englishLike bodyMedium 2021).merge((blackMountainView bodyMedium).apply), inherit: false, color: Color(alpha: 1.0000, red: 0.1137, green: 0.1059, blue: 0.1255, colorSpace: ColorSpace.sRGB), family: Roboto, size: 14.0, weight: 400, letterSpacing: 0.3, baseline: alphabetic, height: 1.4x, leadingDistribution: even, decoration: Color(alpha: 1.0000, red: 0.1137, green: 0.1059, blue: 0.1255, colorSpace: ColorSpace.sRGB) TextDecoration.none, softWrap: wrapping at box width, overflow: clip)
                                                                                                                                                                   │                                                           │       │                                            └Semantics(container: false, properties: SemanticsProperties, renderObject: RenderSemanticsAnnotations#8619c relayoutBoundary=up33)
                                                                                                                                                                   │                                                           │       │                                             └Table(dependencies: [Directionality, MediaQuery, _LocalizationsScope-[GlobalKey#98331]], renderObject: RenderTable#a6cdf relayoutBoundary=up34)
                                                                                                                                                                   │                                                           │       │                                              ├SizedBox(height: 50.0, renderObject: RenderConstrainedBox#6c87e relayoutBoundary=up35)
                                                                                                                                                                   │                                                           │       │                                              ├Center(alignment: Alignment.center, dependencies: [Directionality], renderObject: RenderPositionedBox#b9a28 relayoutBoundary=up35)
                                                                                                                                                                   │                                                           │       │                                              │└Padding(padding: EdgeInsets.all(4.0), dependencies: [Directionality], renderObject: RenderPadding#eb77d relayoutBoundary=up36)
                                                                                                                                                                   │                                                           │       │                                              │ └Column(direction: vertical, mainAxisAlignment: start, mainAxisSize: min, crossAxisAlignment: center, renderObject: RenderFlex#f510d relayoutBoundary=up37)
                                                                                                                                                                   │                                                           │       │                                              │  ├Text("朱", inherit: true, color: Color(alpha: 1.0000, red: 0.2588, green: 0.2588, blue: 0.2588, colorSpace: ColorSpace.sRGB), size: 11.0, weight: 700, height: 1.1x, dependencies: [DefaultSelectionStyle, DefaultTextStyle, MediaQuery])
                                                                                                                                                                   │                                                           │       │                                              │  │└RichText(softWrap: wrapping at box width, maxLines: unlimited, text: "朱", dependencies: [Directionality, _LocalizationsScope-[GlobalKey#98331]], renderObject: RenderParagraph#a3cc5 relayoutBoundary=up38)
                                                                                                                                                                   │                                                           │       │                                              │  ├Text("雀", inherit: true, color: Color(alpha: 1.0000, red: 0.2588, green: 0.2588, blue: 0.2588, colorSpace: ColorSpace.sRGB), size: 11.0, weight: 700, height: 1.1x, dependencies: [DefaultSelectionStyle, DefaultTextStyle, MediaQuery])
                                                                                                                                                                   │                                                           │       │                                              │  │└RichText(softWrap: wrapping at box width, maxLines: unlimited, text: "雀", dependencies: [Directionality, _LocalizationsScope-[GlobalKey#98331]], renderObject: RenderParagraph#75be0 relayoutBoundary=up38)
                                                                                                                                                                   │                                                           │       │                                              │  └Text("会", inherit: true, color: Color(alpha: 1.0000, red: 0.2588, green: 0.2588, blue: 0.2588, colorSpace: ColorSpace.sRGB), size: 11.0, weight: 700, height: 1.1x, dependencies: [DefaultSelectionStyle, DefaultTextStyle, MediaQuery])
                                                                                                                                                                   │                                                           │       │                                              │   └RichText(softWrap: wrapping at box width, maxLines: unlimited, text: "会", dependencies: [Directionality, _LocalizationsScope-[GlobalKey#98331]], renderObject: RenderParagraph#0ab76 relayoutBoundary=up38)
                                                                                                                                                                   │                                                           │       │                                              ├Center(alignment: Alignment.center, dependencies: [Directionality], renderObject: RenderPositionedBox#4b497 relayoutBoundary=up35)
                                                                                                                                                                   │                                                           │       │                                              │└Padding(padding: EdgeInsets.all(4.0), dependencies: [Directionality], renderObject: RenderPadding#477b5 relayoutBoundary=up36)
                                                                                                                                                                   │                                                           │       │                                              │ └Column(direction: vertical, mainAxisAlignment: start, mainAxisSize: min, crossAxisAlignment: center, renderObject: RenderFlex#bb570 relayoutBoundary=up37)
                                                                                                                                                                   │                                                           │       │                                              │  ├Text("青", inherit: true, color: Color(alpha: 1.0000, red: 0.2588, green: 0.2588, blue: 0.2588, colorSpace: ColorSpace.sRGB), size: 11.0, weight: 700, height: 1.1x, dependencies: [DefaultSelectionStyle, DefaultTextStyle, MediaQuery])
                                                                                                                                                                   │                                                           │       │                                              │  │└RichText(softWrap: wrapping at box width, maxLines: unlimited, text: "青", dependencies: [Directionality, _LocalizationsScope-[GlobalKey#98331]], renderObject: RenderParagraph#aa44c relayoutBoundary=up38)
                                                                                                                                                                   │                                                           │       │                                              │  ├Text("龍", inherit: true, color: Color(alpha: 1.0000, red: 0.2588, green: 0.2588, blue: 0.2588, colorSpace: ColorSpace.sRGB), size: 11.0, weight: 700, height: 1.1x, dependencies: [DefaultSelectionStyle, DefaultTextStyle, MediaQuery])
                                                                                                                                                                   │                                                           │       │                                              │  │└RichText(softWrap: wrapping at box width, maxLines: unlimited, text: "龍", dependencies: [Directionality, _LocalizationsScope-[GlobalKey#98331]], renderObject: RenderParagraph#995b4 relayoutBoundary=up38)
                                                                                                                                                                   │                                                           │       │                                              │  ├Text("道", inherit: true, color: Color(alpha: 1.0000, red: 0.2588, green: 0.2588, blue: 0.2588, colorSpace: ColorSpace.sRGB), size: 11.0, weight: 700, height: 1.1x, dependencies: [DefaultSelectionStyle, DefaultTextStyle, MediaQuery])
                                                                                                                                                                   │                                                           │       │                                              │  │└RichText(softWrap: wrapping at box width, maxLines: unlimited, text: "道", dependencies: [Directionality, _LocalizationsScope-[GlobalKey#98331]], renderObject: RenderParagraph#3842e relayoutBoundary=up38)
                                                                                                                                                                   │                                                           │       │                                              │  └Text("場", inherit: true, color: Color(alpha: 1.0000, red: 0.2588, green: 0.2588, blue: 0.2588, colorSpace: ColorSpace.sRGB), size: 11.0, weight: 700, height: 1.1x, dependencies: [DefaultSelectionStyle, DefaultTextStyle, MediaQuery])
                                                                                                                                                                   │                                                           │       │                                              │   └RichText(softWrap: wrapping at box width, maxLines: unlimited, text: "場", dependencies: [Directionality, _LocalizationsScope-[GlobalKey#98331]], renderObject: RenderParagraph#fb7c3 relayoutBoundary=up38)
                                                                                                                                                                   │                                                           │       │                                              ├Center(alignment: Alignment.center, dependencies: [Directionality], renderObject: RenderPositionedBox#117cc relayoutBoundary=up35)
                                                                                                                                                                   │                                                           │       │                                              │└Padding(padding: EdgeInsets(0.0, 12.0, 0.0, 12.0), dependencies: [Directionality], renderObject: RenderPadding#57f1b relayoutBoundary=up36)
                                                                                                                                                                   │                                                           │       │                                              │ └Text("勝数", inherit: true, color: Color(alpha: 1.0000, red: 0.4588, green: 0.4588, blue: 0.4588, colorSpace: ColorSpace.sRGB), size: 10.0, dependencies: [DefaultSelectionStyle, DefaultTextStyle, MediaQuery])
                                                                                                                                                                   │                                                           │       │                                              │  └RichText(softWrap: wrapping at box width, maxLines: unlimited, text: "勝数", dependencies: [Directionality, _LocalizationsScope-[GlobalKey#98331]], renderObject: RenderParagraph#16a8b relayoutBoundary=up37)
                                                                                                                                                                   │                                                           │       │                                              ├Center(alignment: Alignment.center, dependencies: [Directionality], renderObject: RenderPositionedBox#9b659 relayoutBoundary=up35)
                                                                                                                                                                   │                                                           │       │                                              │└Padding(padding: EdgeInsets(0.0, 12.0, 0.0, 12.0), dependencies: [Directionality], renderObject: RenderPadding#2c59c relayoutBoundary=up36)
                                                                                                                                                                   │                                                           │       │                                              │ └Text("勝者", inherit: true, color: Color(alpha: 1.0000, red: 0.4588, green: 0.4588, blue: 0.4588, colorSpace: ColorSpace.sRGB), size: 10.0, dependencies: [DefaultSelectionStyle, DefaultTextStyle, MediaQuery])
                                                                                                                                                                   │                                                           │       │                                              │  └RichText(softWrap: wrapping at box width, maxLines: unlimited, text: "勝者", dependencies: [Directionality, _LocalizationsScope-[GlobalKey#98331]], renderObject: RenderParagraph#e47c6 relayoutBoundary=up37)
                                                                                                                                                                   │                                                           │       │                                              ├Center(alignment: Alignment.center, dependencies: [Directionality], renderObject: RenderPositionedBox#b665b relayoutBoundary=up35)
                                                                                                                                                                   │                                                           │       │                                              │└Padding(padding: EdgeInsets(0.0, 12.0, 0.0, 12.0), dependencies: [Directionality], renderObject: RenderPadding#d331b relayoutBoundary=up36)
                                                                                                                                                                   │                                                           │       │                                              │ └Text("本数", inherit: true, color: Color(alpha: 1.0000, red: 0.4588, green: 0.4588, blue: 0.4588, colorSpace: ColorSpace.sRGB), size: 10.0, dependencies: [DefaultSelectionStyle, DefaultTextStyle, MediaQuery])
                                                                                                                                                                   │                                                           │       │                                              │  └RichText(softWrap: wrapping at box width, maxLines: unlimited, text: "本数", dependencies: [Directionality, _LocalizationsScope-[GlobalKey#98331]], renderObject: RenderParagraph#e6b14 relayoutBoundary=up37)
                                                                                                                                                                   │                                                           │       │                                              ├Center(alignment: Alignment.center, dependencies: [Directionality], renderObject: RenderPositionedBox#cee15 relayoutBoundary=up35)
                                                                                                                                                                   │                                                           │       │                                              │└Padding(padding: EdgeInsets(0.0, 12.0, 0.0, 12.0), dependencies: [Directionality], renderObject: RenderPadding#d0406 relayoutBoundary=up36)
                                                                                                                                                                   │                                                           │       │                                              │ └Text("勝点", inherit: true, color: Color(alpha: 1.0000, red: 0.4588, green: 0.4588, blue: 0.4588, colorSpace: ColorSpace.sRGB), size: 10.0, dependencies: [DefaultSelectionStyle, DefaultTextStyle, MediaQuery])
                                                                                                                                                                   │                                                           │       │                                              │  └RichText(softWrap: wrapping at box width, maxLines: unlimited, text: "勝点", dependencies: [Directionality, _LocalizationsScope-[GlobalKey#98331]], renderObject: RenderParagraph#d75b3 relayoutBoundary=up37)
                                                                                                                                                                   │                                                           │       │                                              ├Center(alignment: Alignment.center, dependencies: [Directionality], renderObject: RenderPositionedBox#ddd9b relayoutBoundary=up35)
                                                                                                                                                                   │                                                           │       │                                              │└Padding(padding: EdgeInsets(0.0, 12.0, 0.0, 12.0), dependencies: [Directionality], renderObject: RenderPadding#2be33 relayoutBoundary=up36)
                                                                                                                                                                   │                                                           │       │                                              │ └Text("順位", inherit: true, color: Color(alpha: 1.0000, red: 0.4588, green: 0.4588, blue: 0.4588, colorSpace: ColorSpace.sRGB), size: 10.0, dependencies: [DefaultSelectionStyle, DefaultTextStyle, MediaQuery])
                                                                                                                                                                   │                                                           │       │                                              │  └RichText(softWrap: wrapping at box width, maxLines: unlimited, text: "順位", dependencies: [Directionality, _LocalizationsScope-[GlobalKey#98331]], renderObject: RenderParagraph#95835 relayoutBoundary=up37)
                                                                                                                                                                   │                                                           │       │                                              ├Container(Alignment.center, bg: BoxDecoration(color: Color(alpha: 1.0000, red: 0.9098, green: 0.9176, blue: 0.9647, colorSpace: ColorSpace.sRGB)), constraints: BoxConstraints(0.0<=w<=Infinity, h=65.0))
                                                                                                                                                                   │                                                           │       │                                              │└ConstrainedBox(BoxConstraints(0.0<=w<=Infinity, h=65.0), renderObject: RenderConstrainedBox#051fb relayoutBoundary=up35)
                                                                                                                                                                   │                                                           │       │                                              │ └DecoratedBox(bg: BoxDecoration(color: Color(alpha: 1.0000, red: 0.9098, green: 0.9176, blue: 0.9647, colorSpace: ColorSpace.sRGB)), dependencies: [Directionality, MediaQuery, _LocalizationsScope-[GlobalKey#98331]], renderObject: RenderDecoratedBox#b726c)
                                                                                                                                                                   │                                                           │       │                                              │  └Padding(padding: EdgeInsets.zero, dependencies: [Directionality], renderObject: RenderPadding#cfb7d)
                                                                                                                                                                   │                                                           │       │                                              │   └Align(alignment: Alignment.center, dependencies: [Directionality], renderObject: RenderPositionedBox#214c0)
                                                                                                                                                                   │                                                           │       │                                              │    └Padding(padding: EdgeInsets.all(4.0), dependencies: [Directionality], renderObject: RenderPadding#24e96 relayoutBoundary=up1)
                                                                                                                                                                   │                                                           │       │                                              │     └Text("朱雀会", inherit: true, color: Color(alpha: 0.8667, red: 0.0000, green: 0.0000, blue: 0.0000, colorSpace: ColorSpace.sRGB), size: 11.0, weight: 700, textAlign: center, maxLines: 2, dependencies: [DefaultSelectionStyle, DefaultTextStyle, MediaQuery])
                                                                                                                                                                   │                                                           │       │                                              │      └RichText(textAlign: center, softWrap: wrapping at box width, maxLines: 2, text: "朱雀会", dependencies: [Directionality, _LocalizationsScope-[GlobalKey#98331]], renderObject: RenderParagraph#d1416 relayoutBoundary=up2)
                                                                                                                                                                   │                                                           │       │                                              ├Container(bg: Color(alpha: 1.0000, red: 0.9333, green: 0.9333, blue: 0.9333, colorSpace: ColorSpace.sRGB), constraints: BoxConstraints(0.0<=w<=Infinity, h=65.0))
                                                                                                                                                                   │                                                           │       │                                              │└ConstrainedBox(BoxConstraints(0.0<=w<=Infinity, h=65.0), renderObject: RenderConstrainedBox#99f3d relayoutBoundary=up35)
                                                                                                                                                                   │                                                           │       │                                              │ └ColoredBox(color: Color(alpha: 1.0000, red: 0.9333, green: 0.9333, blue: 0.9333, colorSpace: ColorSpace.sRGB), renderObject: _RenderColoredBox#775ba)
                                                                                                                                                                   │                                                           │       │                                              │  └CustomPaint(renderObject: RenderCustomPaint#c28c6)
                                                                                                                                                                   │                                                           │       │                                              ├GestureDetector(startBehavior: start, dependencies: [MediaQuery, ScrollConfiguration])
                                                                                                                                                                   │                                                           │       │                                              │└RawGestureDetector(state: RawGestureDetectorState#57cea(gestures: [tap], behavior: opaque))
                                                                                                                                                                   │                                                           │       │                                              │ └_GestureSemantics(renderObject: RenderSemanticsGestureHandler#f4013 relayoutBoundary=up35)
                                                                                                                                                                   │                                                           │       │                                              │  └Listener(listeners: [down, panZoomStart], behavior: opaque, renderObject: RenderPointerListener#5b925 relayoutBoundary=up36)
                                                                                                                                                                   │                                                           │       │                                              │   └Container(Alignment.center, constraints: BoxConstraints(0.0<=w<=Infinity, h=65.0))
                                                                                                                                                                   │                                                           │       │                                              │    └ConstrainedBox(BoxConstraints(0.0<=w<=Infinity, h=65.0), renderObject: RenderConstrainedBox#511e8 relayoutBoundary=up37)
                                                                                                                                                                   │                                                           │       │                                              │     └Align(alignment: Alignment.center, dependencies: [Directionality], renderObject: RenderPositionedBox#8fdbd)
                                                                                                                                                                   │                                                           │       │                                              │      └Stack(alignment: Alignment.center, fit: loose, dependencies: [Directionality], renderObject: RenderStack#305ab relayoutBoundary=up1)
                                                                                                                                                                   │                                                           │       │                                              │       ├CustomPaint(renderObject: RenderCustomPaint#69ff0 relayoutBoundary=up2)
                                                                                                                                                                   │                                                           │       │                                              │       └Column(direction: vertical, mainAxisAlignment: center, crossAxisAlignment: center, renderObject: RenderFlex#7e03d relayoutBoundary=up2)
                                                                                                                                                                   │                                                           │       │                                              │        ├SizedBox(height: 12.0, renderObject: RenderConstrainedBox#96ed8 relayoutBoundary=up3)
                                                                                                                                                                   │                                                           │       │                                              │        ├Container(bg: Color(alpha: 0.5000, red: 0.0000, green: 0.0000, blue: 0.0000, colorSpace: ColorSpace.sRGB), constraints: BoxConstraints(w=18.0, h=0.5), margin: EdgeInsets(0.0, 2.0, 0.0, 2.0))
                                                                                                                                                                   │                                                           │       │                                              │        │└Padding(padding: EdgeInsets(0.0, 2.0, 0.0, 2.0), dependencies: [Directionality], renderObject: RenderPadding#6bb6e relayoutBoundary=up3)
                                                                                                                                                                   │                                                           │       │                                              │        │ └ConstrainedBox(BoxConstraints(w=18.0, h=0.5), renderObject: RenderConstrainedBox#40259 relayoutBoundary=up4)
                                                                                                                                                                   │                                                           │       │                                              │        │  └ColoredBox(color: Color(alpha: 0.5000, red: 0.0000, green: 0.0000, blue: 0.0000, colorSpace: ColorSpace.sRGB), renderObject: _RenderColoredBox#25b06)
                                                                                                                                                                   │                                                           │       │                                              │        └SizedBox(height: 12.0, renderObject: RenderConstrainedBox#58a5f relayoutBoundary=up3)
                                                                                                                                                                   │                                                           │       │                                              ├Container(Alignment.center, constraints: BoxConstraints(0.0<=w<=Infinity, h=65.0))
                                                                                                                                                                   │                                                           │       │                                              │└ConstrainedBox(BoxConstraints(0.0<=w<=Infinity, h=65.0), renderObject: RenderConstrainedBox#def4f relayoutBoundary=up35)
                                                                                                                                                                   │                                                           │       │                                              │ └Align(alignment: Alignment.center, dependencies: [Directionality], renderObject: RenderPositionedBox#1aea0)
                                                                                                                                                                   │                                                           │       │                                              │  └Text("0", inherit: true, color: Color(alpha: 0.8667, red: 0.0000, green: 0.0000, blue: 0.0000, colorSpace: ColorSpace.sRGB), size: 13.0, weight: 700, dependencies: [DefaultSelectionStyle, DefaultTextStyle, MediaQuery])
                                                                                                                                                                   │                                                           │       │                                              │   └RichText(softWrap: wrapping at box width, maxLines: unlimited, text: "0", dependencies: [Directionality, _LocalizationsScope-[GlobalKey#98331]], renderObject: RenderParagraph#1278c relayoutBoundary=up1)
                                                                                                                                                                   │                                                           │       │                                              ├Container(Alignment.center, constraints: BoxConstraints(0.0<=w<=Infinity, h=65.0))
                                                                                                                                                                   │                                                           │       │                                              │└ConstrainedBox(BoxConstraints(0.0<=w<=Infinity, h=65.0), renderObject: RenderConstrainedBox#f0ad5 relayoutBoundary=up35)
                                                                                                                                                                   │                                                           │       │                                              │ └Align(alignment: Alignment.center, dependencies: [Directionality], renderObject: RenderPositionedBox#cf4c8)
                                                                                                                                                                   │                                                           │       │                                              │  └Text("0", inherit: true, color: Color(alpha: 0.8667, red: 0.0000, green: 0.0000, blue: 0.0000, colorSpace: ColorSpace.sRGB), size: 13.0, weight: 700, dependencies: [DefaultSelectionStyle, DefaultTextStyle, MediaQuery])
                                                                                                                                                                   │                                                           │       │                                              │   └RichText(softWrap: wrapping at box width, maxLines: unlimited, text: "0", dependencies: [Directionality, _LocalizationsScope-[GlobalKey#98331]], renderObject: RenderParagraph#88e21 relayoutBoundary=up1)
                                                                                                                                                                   │                                                           │       │                                              ├Container(Alignment.center, constraints: BoxConstraints(0.0<=w<=Infinity, h=65.0))
                                                                                                                                                                   │                                                           │       │                                              │└ConstrainedBox(BoxConstraints(0.0<=w<=Infinity, h=65.0), renderObject: RenderConstrainedBox#3f975 relayoutBoundary=up35)
                                                                                                                                                                   │                                                           │       │                                              │ └Align(alignment: Alignment.center, dependencies: [Directionality], renderObject: RenderPositionedBox#4ba0a)
                                                                                                                                                                   │                                                           │       │                                              │  └Text("0", inherit: true, color: Color(alpha: 0.8667, red: 0.0000, green: 0.0000, blue: 0.0000, colorSpace: ColorSpace.sRGB), size: 13.0, weight: 700, dependencies: [DefaultSelectionStyle, DefaultTextStyle, MediaQuery])
                                                                                                                                                                   │                                                           │       │                                              │   └RichText(softWrap: wrapping at box width, maxLines: unlimited, text: "0", dependencies: [Directionality, _LocalizationsScope-[GlobalKey#98331]], renderObject: RenderParagraph#29429 relayoutBoundary=up1)
                                                                                                                                                                   │                                                           │       │                                              ├Container(Alignment.center, constraints: BoxConstraints(0.0<=w<=Infinity, h=65.0))
                                                                                                                                                                   │                                                           │       │                                              │└ConstrainedBox(BoxConstraints(0.0<=w<=Infinity, h=65.0), renderObject: RenderConstrainedBox#ff914 relayoutBoundary=up35)
                                                                                                                                                                   │                                                           │       │                                              │ └Align(alignment: Alignment.center, dependencies: [Directionality], renderObject: RenderPositionedBox#9d560)
                                                                                                                                                                   │                                                           │       │                                              │  └Text("0", inherit: true, color: Color(alpha: 0.8667, red: 0.0000, green: 0.0000, blue: 0.0000, colorSpace: ColorSpace.sRGB), size: 13.0, weight: 700, dependencies: [DefaultSelectionStyle, DefaultTextStyle, MediaQuery])
                                                                                                                                                                   │                                                           │       │                                              │   └RichText(softWrap: wrapping at box width, maxLines: unlimited, text: "0", dependencies: [Directionality, _LocalizationsScope-[GlobalKey#98331]], renderObject: RenderParagraph#6fab7 relayoutBoundary=up1)
                                                                                                                                                                   │                                                           │       │                                              ├Container(Alignment.center, bg: Color(alpha: 1.0000, red: 1.0000, green: 0.9529, blue: 0.8784, colorSpace: ColorSpace.sRGB), constraints: BoxConstraints(0.0<=w<=Infinity, h=65.0))
                                                                                                                                                                   │                                                           │       │                                              │└ConstrainedBox(BoxConstraints(0.0<=w<=Infinity, h=65.0), renderObject: RenderConstrainedBox#db40c relayoutBoundary=up35)
                                                                                                                                                                   │                                                           │       │                                              │ └ColoredBox(color: Color(alpha: 1.0000, red: 1.0000, green: 0.9529, blue: 0.8784, colorSpace: ColorSpace.sRGB), renderObject: _RenderColoredBox#2319a)
                                                                                                                                                                   │                                                           │       │                                              │  └Align(alignment: Alignment.center, dependencies: [Directionality], renderObject: RenderPositionedBox#19fae)
                                                                                                                                                                   │                                                           │       │                                              │   └Text("0", inherit: true, color: Color(alpha: 1.0000, red: 0.9373, green: 0.4235, blue: 0.0000, colorSpace: ColorSpace.sRGB), size: 16.0, weight: 700, dependencies: [DefaultSelectionStyle, DefaultTextStyle, MediaQuery])
                                                                                                                                                                   │                                                           │       │                                              │    └RichText(softWrap: wrapping at box width, maxLines: unlimited, text: "0", dependencies: [Directionality, _LocalizationsScope-[GlobalKey#98331]], renderObject: RenderParagraph#e5b5c relayoutBoundary=up1)
                                                                                                                                                                   │                                                           │       │                                              ├Container(Alignment.center, bg: BoxDecoration(color: Color(alpha: 1.0000, red: 0.9098, green: 0.9176, blue: 0.9647, colorSpace: ColorSpace.sRGB)), constraints: BoxConstraints(0.0<=w<=Infinity, h=65.0))
                                                                                                                                                                   │                                                           │       │                                              │└ConstrainedBox(BoxConstraints(0.0<=w<=Infinity, h=65.0), renderObject: RenderConstrainedBox#e9579 relayoutBoundary=up35)
                                                                                                                                                                   │                                                           │       │                                              │ └DecoratedBox(bg: BoxDecoration(color: Color(alpha: 1.0000, red: 0.9098, green: 0.9176, blue: 0.9647, colorSpace: ColorSpace.sRGB)), dependencies: [Directionality, MediaQuery, _LocalizationsScope-[GlobalKey#98331]], renderObject: RenderDecoratedBox#bc876)
                                                                                                                                                                   │                                                           │       │                                              │  └Padding(padding: EdgeInsets.zero, dependencies: [Directionality], renderObject: RenderPadding#6ffac)
                                                                                                                                                                   │                                                           │       │                                              │   └Align(alignment: Alignment.center, dependencies: [Directionality], renderObject: RenderPositionedBox#efcf1)
                                                                                                                                                                   │                                                           │       │                                              │    └Padding(padding: EdgeInsets.all(4.0), dependencies: [Directionality], renderObject: RenderPadding#8f15a relayoutBoundary=up1)
                                                                                                                                                                   │                                                           │       │                                              │     └Text("青龍道場", inherit: true, color: Color(alpha: 0.8667, red: 0.0000, green: 0.0000, blue: 0.0000, colorSpace: ColorSpace.sRGB), size: 11.0, weight: 700, textAlign: center, maxLines: 2, dependencies: [DefaultSelectionStyle, DefaultTextStyle, MediaQuery])
                                                                                                                                                                   │                                                           │       │                                              │      └RichText(textAlign: center, softWrap: wrapping at box width, maxLines: 2, text: "青龍道場", dependencies: [Directionality, _LocalizationsScope-[GlobalKey#98331]], renderObject: RenderParagraph#50551 relayoutBoundary=up2)
                                                                                                                                                                   │                                                           │       │                                              ├GestureDetector(startBehavior: start, dependencies: [MediaQuery, ScrollConfiguration])
                                                                                                                                                                   │                                                           │       │                                              │└RawGestureDetector(state: RawGestureDetectorState#eef30(gestures: [tap], behavior: opaque))
                                                                                                                                                                   │                                                           │       │                                              │ └_GestureSemantics(renderObject: RenderSemanticsGestureHandler#b8eac relayoutBoundary=up35)
                                                                                                                                                                   │                                                           │       │                                              │  └Listener(listeners: [down, panZoomStart], behavior: opaque, renderObject: RenderPointerListener#06cef relayoutBoundary=up36)
                                                                                                                                                                   │                                                           │       │                                              │   └Container(Alignment.center, constraints: BoxConstraints(0.0<=w<=Infinity, h=65.0))
                                                                                                                                                                   │                                                           │       │                                              │    └ConstrainedBox(BoxConstraints(0.0<=w<=Infinity, h=65.0), renderObject: RenderConstrainedBox#cae27 relayoutBoundary=up37)
                                                                                                                                                                   │                                                           │       │                                              │     └Align(alignment: Alignment.center, dependencies: [Directionality], renderObject: RenderPositionedBox#49260)
                                                                                                                                                                   │                                                           │       │                                              │      └Stack(alignment: Alignment.center, fit: loose, dependencies: [Directionality], renderObject: RenderStack#ddd96 relayoutBoundary=up1)
                                                                                                                                                                   │                                                           │       │                                              │       ├CustomPaint(renderObject: RenderCustomPaint#13af8 relayoutBoundary=up2)
                                                                                                                                                                   │                                                           │       │                                              │       └Column(direction: vertical, mainAxisAlignment: center, crossAxisAlignment: center, renderObject: RenderFlex#4624e relayoutBoundary=up2)
                                                                                                                                                                   │                                                           │       │                                              │        ├Text("◯", inherit: true, color: Color(alpha: 0.8667, red: 0.0000, green: 0.0000, blue: 0.0000, colorSpace: ColorSpace.sRGB), size: 10.0, weight: 700, height: 1.1x, dependencies: [DefaultSelectionStyle, DefaultTextStyle, MediaQuery])
                                                                                                                                                                   │                                                           │       │                                              │        │└RichText(softWrap: wrapping at box width, maxLines: unlimited, text: "◯", dependencies: [Directionality, _LocalizationsScope-[GlobalKey#98331]], renderObject: RenderParagraph#87a0a relayoutBoundary=up3)
                                                                                                                                                                   │                                                           │       │                                              │        ├Container(bg: Color(alpha: 0.5000, red: 0.0000, green: 0.0000, blue: 0.0000, colorSpace: ColorSpace.sRGB), constraints: BoxConstraints(w=18.0, h=0.5), margin: EdgeInsets(0.0, 2.0, 0.0, 2.0))
                                                                                                                                                                   │                                                           │       │                                              │        │└Padding(padding: EdgeInsets(0.0, 2.0, 0.0, 2.0), dependencies: [Directionality], renderObject: RenderPadding#2df46 relayoutBoundary=up3)
                                                                                                                                                                   │                                                           │       │                                              │        │ └ConstrainedBox(BoxConstraints(w=18.0, h=0.5), renderObject: RenderConstrainedBox#67cea relayoutBoundary=up4)
                                                                                                                                                                   │                                                           │       │                                              │        │  └ColoredBox(color: Color(alpha: 0.5000, red: 0.0000, green: 0.0000, blue: 0.0000, colorSpace: ColorSpace.sRGB), renderObject: _RenderColoredBox#d70f5)
                                                                                                                                                                   │                                                           │       │                                              │        └SizedBox(height: 12.0, renderObject: RenderConstrainedBox#9e0c9 relayoutBoundary=up3)
                                                                                                                                                                   │                                                           │       │                                              ├Container(bg: Color(alpha: 1.0000, red: 0.9333, green: 0.9333, blue: 0.9333, colorSpace: ColorSpace.sRGB), constraints: BoxConstraints(0.0<=w<=Infinity, h=65.0))
                                                                                                                                                                   │                                                           │       │                                              │└ConstrainedBox(BoxConstraints(0.0<=w<=Infinity, h=65.0), renderObject: RenderConstrainedBox#42d50 relayoutBoundary=up35)
                                                                                                                                                                   │                                                           │       │                                              │ └ColoredBox(color: Color(alpha: 1.0000, red: 0.9333, green: 0.9333, blue: 0.9333, colorSpace: ColorSpace.sRGB), renderObject: _RenderColoredBox#dc301)
                                                                                                                                                                   │                                                           │       │                                              │  └CustomPaint(renderObject: RenderCustomPaint#e93c0)
                                                                                                                                                                   │                                                           │       │                                              ├Container(Alignment.center, constraints: BoxConstraints(0.0<=w<=Infinity, h=65.0))
                                                                                                                                                                   │                                                           │       │                                              │└ConstrainedBox(BoxConstraints(0.0<=w<=Infinity, h=65.0), renderObject: RenderConstrainedBox#3acfb relayoutBoundary=up35)
                                                                                                                                                                   │                                                           │       │                                              │ └Align(alignment: Alignment.center, dependencies: [Directionality], renderObject: RenderPositionedBox#527a8)
                                                                                                                                                                   │                                                           │       │                                              │  └Text("0", inherit: true, color: Color(alpha: 0.8667, red: 0.0000, green: 0.0000, blue: 0.0000, colorSpace: ColorSpace.sRGB), size: 13.0, weight: 700, dependencies: [DefaultSelectionStyle, DefaultTextStyle, MediaQuery])
                                                                                                                                                                   │                                                           │       │                                              │   └RichText(softWrap: wrapping at box width, maxLines: unlimited, text: "0", dependencies: [Directionality, _LocalizationsScope-[GlobalKey#98331]], renderObject: RenderParagraph#b5e4e relayoutBoundary=up1)
                                                                                                                                                                   │                                                           │       │                                              ├Container(Alignment.center, constraints: BoxConstraints(0.0<=w<=Infinity, h=65.0))
                                                                                                                                                                   │                                                           │       │                                              │└ConstrainedBox(BoxConstraints(0.0<=w<=Infinity, h=65.0), renderObject: RenderConstrainedBox#2b590 relayoutBoundary=up35)
                                                                                                                                                                   │                                                           │       │                                              │ └Align(alignment: Alignment.center, dependencies: [Directionality], renderObject: RenderPositionedBox#fa8e7)
                                                                                                                                                                   │                                                           │       │                                              │  └Text("0", inherit: true, color: Color(alpha: 0.8667, red: 0.0000, green: 0.0000, blue: 0.0000, colorSpace: ColorSpace.sRGB), size: 13.0, weight: 700, dependencies: [DefaultSelectionStyle, DefaultTextStyle, MediaQuery])
                                                                                                                                                                   │                                                           │       │                                              │   └RichText(softWrap: wrapping at box width, maxLines: unlimited, text: "0", dependencies: [Directionality, _LocalizationsScope-[GlobalKey#98331]], renderObject: RenderParagraph#eb8be relayoutBoundary=up1)
                                                                                                                                                                   │                                                           │       │                                              ├Container(Alignment.center, constraints: BoxConstraints(0.0<=w<=Infinity, h=65.0))
                                                                                                                                                                   │                                                           │       │                                              │└ConstrainedBox(BoxConstraints(0.0<=w<=Infinity, h=65.0), renderObject: RenderConstrainedBox#a7673 relayoutBoundary=up35)
                                                                                                                                                                   │                                                           │       │                                              │ └Align(alignment: Alignment.center, dependencies: [Directionality], renderObject: RenderPositionedBox#1d566)
                                                                                                                                                                   │                                                           │       │                                              │  └Text("0", inherit: true, color: Color(alpha: 0.8667, red: 0.0000, green: 0.0000, blue: 0.0000, colorSpace: ColorSpace.sRGB), size: 13.0, weight: 700, dependencies: [DefaultSelectionStyle, DefaultTextStyle, MediaQuery])
                                                                                                                                                                   │                                                           │       │                                              │   └RichText(softWrap: wrapping at box width, maxLines: unlimited, text: "0", dependencies: [Directionality, _LocalizationsScope-[GlobalKey#98331]], renderObject: RenderParagraph#07c88 relayoutBoundary=up1)
                                                                                                                                                                   │                                                           │       │                                              ├Container(Alignment.center, constraints: BoxConstraints(0.0<=w<=Infinity, h=65.0))
                                                                                                                                                                   │                                                           │       │                                              │└ConstrainedBox(BoxConstraints(0.0<=w<=Infinity, h=65.0), renderObject: RenderConstrainedBox#d5a14 relayoutBoundary=up35)
                                                                                                                                                                   │                                                           │       │                                              │ └Align(alignment: Alignment.center, dependencies: [Directionality], renderObject: RenderPositionedBox#4459f)
                                                                                                                                                                   │                                                           │       │                                              │  └Text("0", inherit: true, color: Color(alpha: 0.8667, red: 0.0000, green: 0.0000, blue: 0.0000, colorSpace: ColorSpace.sRGB), size: 13.0, weight: 700, dependencies: [DefaultSelectionStyle, DefaultTextStyle, MediaQuery])
                                                                                                                                                                   │                                                           │       │                                              │   └RichText(softWrap: wrapping at box width, maxLines: unlimited, text: "0", dependencies: [Directionality, _LocalizationsScope-[GlobalKey#98331]], renderObject: RenderParagraph#08732 relayoutBoundary=up1)
                                                                                                                                                                   │                                                           │       │                                              └Container(Alignment.center, bg: Color(alpha: 1.0000, red: 1.0000, green: 0.9529, blue: 0.8784, colorSpace: ColorSpace.sRGB), constraints: BoxConstraints(0.0<=w<=Infinity, h=65.0))
                                                                                                                                                                   │                                                           │       │                                               └ConstrainedBox(BoxConstraints(0.0<=w<=Infinity, h=65.0), renderObject: RenderConstrainedBox#f230a relayoutBoundary=up35)
                                                                                                                                                                   │                                                           │       │                                                └ColoredBox(color: Color(alpha: 1.0000, red: 1.0000, green: 0.9529, blue: 0.8784, colorSpace: ColorSpace.sRGB), renderObject: _RenderColoredBox#a9572)
                                                                                                                                                                   │                                                           │       │                                                 └Align(alignment: Alignment.center, dependencies: [Directionality], renderObject: RenderPositionedBox#7f956)
                                                                                                                                                                   │                                                           │       │                                                  └Text("0", inherit: true, color: Color(alpha: 1.0000, red: 0.9373, green: 0.4235, blue: 0.0000, colorSpace: ColorSpace.sRGB), size: 16.0, weight: 700, dependencies: [DefaultSelectionStyle, DefaultTextStyle, MediaQuery])
                                                                                                                                                                   │                                                           │       │                                                   └RichText(softWrap: wrapping at box width, maxLines: unlimited, text: "0", dependencies: [Directionality, _LocalizationsScope-[GlobalKey#98331]], renderObject: RenderParagraph#9413d relayoutBoundary=up1)
                                                                                                                                                                   │                                                           │       ├SizedBox(height: 32.0, renderObject: RenderConstrainedBox#d3fee relayoutBoundary=up15)
                                                                                                                                                                   │                                                           │       ├Padding(padding: EdgeInsets(8.0, 0.0, 0.0, 12.0), dependencies: [Directionality], renderObject: RenderPadding#fdc14 relayoutBoundary=up15)
                                                                                                                                                                   │                                                           │       │└Text("▼ 対戦カード別 スコア詳細", inherit: true, color: MaterialColor(primary value: Color(alpha: 1.0000, red: 0.6196, green: 0.6196, blue: 0.6196, colorSpace: ColorSpace.sRGB)), size: 14.0, weight: 700, dependencies: [DefaultSelectionStyle, DefaultTextStyle, MediaQuery])
                                                                                                                                                                   │                                                           │       │ └RichText(softWrap: wrapping at box width, maxLines: unlimited, text: "▼ 対戦カード別 スコア詳細", dependencies: [Directionality, _LocalizationsScope-[GlobalKey#98331]], renderObject: RenderParagraph#7f92c relayoutBoundary=up16)
                                                                                                                                                                   │                                                           │       ├Padding(padding: EdgeInsets(0.0, 0.0, 0.0, 24.0), dependencies: [Directionality], renderObject: RenderPadding#4aa9c relayoutBoundary=up15)
                                                                                                                                                                   │                                                           │       │└InkWell-[<'viewer_match_card_対戦スコア詳細'>]
                                                                                                                                                                   │                                                           │       │ └_InkResponseStateWidget(gestures: [tap], mouseCursor: null, clipped to BoxShape.rectangle, dependencies: [InheritedCupertinoTheme, MediaQuery, _InheritedTheme, _LocalizationsScope-[GlobalKey#98331]], state: _InkResponseState#493f3)
                                                                                                                                                                   │                                                           │       │  └_ParentInkResponseProvider
                                                                                                                                                                   │                                                           │       │   └Actions(dispatcher: null, actions: {ActivateIntent: CallbackAction<ActivateIntent>#0611a, ButtonActivateIntent: CallbackAction<ButtonActivateIntent>#8cd57}, state: _ActionsState#157b0)
                                                                                                                                                                   │                                                           │       │    └_ActionsScope
                                                                                                                                                                   │                                                           │       │     └Focus(dependencies: [_FocusInheritedScope], state: _FocusState#2a6f7)
                                                                                                                                                                   │                                                           │       │      └_FocusInheritedScope
                                                                                                                                                                   │                                                           │       │       └Semantics(container: false, properties: SemanticsProperties, renderObject: RenderSemanticsAnnotations#9daea relayoutBoundary=up16)
                                                                                                                                                                   │                                                           │       │        └MouseRegion(listeners: [enter, exit], cursor: SystemMouseCursor(basic), renderObject: RenderMouseRegion#fd909 relayoutBoundary=up17)
                                                                                                                                                                   │                                                           │       │         └Builder(dependencies: [DefaultSelectionStyle])
                                                                                                                                                                   │                                                           │       │          └DefaultSelectionStyle
                                                                                                                                                                   │                                                           │       │           └Semantics(container: false, properties: SemanticsProperties, renderObject: RenderSemanticsAnnotations#3accc relayoutBoundary=up18)
                                                                                                                                                                   │                                                           │       │            └GestureDetector(startBehavior: start, dependencies: [MediaQuery, ScrollConfiguration])
                                                                                                                                                                   │                                                           │       │             └RawGestureDetector(state: RawGestureDetectorState#deb29(gestures: [tap], excludeFromSemantics: true, behavior: opaque))
                                                                                                                                                                   │                                                           │       │              └Listener(listeners: [down, panZoomStart], behavior: opaque, renderObject: RenderPointerListener#1aa0f relayoutBoundary=up19)
                                                                                                                                                                   │                                                           │       │               └Card(dependencies: [InheritedCupertinoTheme, _InheritedTheme, _LocalizationsScope-[GlobalKey#98331]])
                                                                                                                                                                   │                                                           │       │                └Semantics(container: true, properties: SemanticsProperties, renderObject: RenderSemanticsAnnotations#3d3f2 relayoutBoundary=up20)
                                                                                                                                                                   │                                                           │       │                 └Padding(padding: EdgeInsets(4.0, 8.0, 4.0, 8.0), dependencies: [Directionality], renderObject: RenderPadding#11f2c relayoutBoundary=up21)
                                                                                                                                                                   │                                                           │       │                  └Material(type: card, color: Color(alpha: 1.0000, red: 1.0000, green: 1.0000, blue: 1.0000, colorSpace: ColorSpace.sRGB), shadowColor: Color(alpha: 1.0000, red: 0.0000, green: 0.0000, blue: 0.0000, colorSpace: ColorSpace.sRGB), surfaceTintColor: Color(alpha: 0.0000, red: 0.0000, green: 0.0000, blue: 0.0000, colorSpace: ColorSpace.sRGB), shape: RoundedRectangleBorder(BorderSide(color: Color(alpha: 1.0000, red: 0.8784, green: 0.8784, blue: 0.8784, colorSpace: ColorSpace.sRGB)), BorderRadius.circular(12.0)), dependencies: [InheritedCupertinoTheme, _InheritedTheme, _LocalizationsScope-[GlobalKey#98331]], state: _MaterialState#ddcaf)
                                                                                                                                                                   │                                                           │       │                   └_MaterialInterior(duration: 200ms, shape: RoundedRectangleBorder(BorderSide(color: Color(alpha: 1.0000, red: 0.8784, green: 0.8784, blue: 0.8784, colorSpace: ColorSpace.sRGB)), BorderRadius.circular(12.0)), elevation: 0.0, color: Color(alpha: 1.0000, red: 1.0000, green: 1.0000, blue: 1.0000, colorSpace: ColorSpace.sRGB), shadowColor: Color(alpha: 1.0000, red: 0.0000, green: 0.0000, blue: 0.0000, colorSpace: ColorSpace.sRGB), dependencies: [Directionality, InheritedCupertinoTheme, _InheritedTheme, _LocalizationsScope-[GlobalKey#98331]], state: _MaterialInteriorState#a1e82(ticker inactive))
                                                                                                                                                                   │                                                           │       │                    └PhysicalShape(clipper: ShapeBorderClipper, elevation: 0.0, color: Color(alpha: 1.0000, red: 1.0000, green: 1.0000, blue: 1.0000, colorSpace: ColorSpace.sRGB), shadowColor: Color(alpha: 1.0000, red: 0.0000, green: 0.0000, blue: 0.0000, colorSpace: ColorSpace.sRGB), renderObject: RenderPhysicalShape#fa083 relayoutBoundary=up22)
                                                                                                                                                                   │                                                           │       │                     └_ShapeBorderPaint(dependencies: [Directionality])
                                                                                                                                                                   │                                                           │       │                      └CustomPaint(renderObject: RenderCustomPaint#61981 relayoutBoundary=up23)
                                                                                                                                                                   │                                                           │       │                       └NotificationListener<LayoutChangedNotification>
                                                                                                                                                                   │                                                           │       │                        └_InkFeatures-[GlobalKey#295de ink renderer](renderObject: _RenderInkFeatures#61581 relayoutBoundary=up24)
                                                                                                                                                                   │                                                           │       │                         └AnimatedDefaultTextStyle(duration: 200ms, debugLabel: (englishLike bodyMedium 2021).merge((blackMountainView bodyMedium).apply), inherit: false, color: Color(alpha: 1.0000, red: 0.1137, green: 0.1059, blue: 0.1255, colorSpace: ColorSpace.sRGB), family: Roboto, size: 14.0, weight: 400, letterSpacing: 0.3, baseline: alphabetic, height: 1.4x, leadingDistribution: even, decoration: Color(alpha: 1.0000, red: 0.1137, green: 0.1059, blue: 0.1255, colorSpace: ColorSpace.sRGB) TextDecoration.none, softWrap: wrapping at box width, overflow: clip, state: _AnimatedDefaultTextStyleState#b5120(ticker inactive))
                                                                                                                                                                   │                                                           │       │                          └DefaultTextStyle(debugLabel: (englishLike bodyMedium 2021).merge((blackMountainView bodyMedium).apply), inherit: false, color: Color(alpha: 1.0000, red: 0.1137, green: 0.1059, blue: 0.1255, colorSpace: ColorSpace.sRGB), family: Roboto, size: 14.0, weight: 400, letterSpacing: 0.3, baseline: alphabetic, height: 1.4x, leadingDistribution: even, decoration: Color(alpha: 1.0000, red: 0.1137, green: 0.1059, blue: 0.1255, colorSpace: ColorSpace.sRGB) TextDecoration.none, softWrap: wrapping at box width, overflow: clip)
                                                                                                                                                                   │                                                           │       │                           └Semantics(container: false, properties: SemanticsProperties, renderObject: RenderSemanticsAnnotations#306d3 relayoutBoundary=up25)
                                                                                                                                                                   │                                                           │       │                            └Column(direction: vertical, mainAxisAlignment: start, crossAxisAlignment: center, renderObject: RenderFlex#839fe relayoutBoundary=up26)
                                                                                                                                                                   │                                                           │       │                             ├Container(padding: EdgeInsets.all(12.0), bg: Color(alpha: 1.0000, red: 0.9804, green: 0.9804, blue: 0.9804, colorSpace: ColorSpace.sRGB), constraints: BoxConstraints(w=Infinity, 0.0<=h<=Infinity))
                                                                                                                                                                   │                                                           │       │                             │└ConstrainedBox(BoxConstraints(w=Infinity, 0.0<=h<=Infinity), renderObject: RenderConstrainedBox#53f83 relayoutBoundary=up27)
                                                                                                                                                                   │                                                           │       │                             │ └ColoredBox(color: Color(alpha: 1.0000, red: 0.9804, green: 0.9804, blue: 0.9804, colorSpace: ColorSpace.sRGB), renderObject: _RenderColoredBox#7d363 relayoutBoundary=up28)
                                                                                                                                                                   │                                                           │       │                             │  └Padding(padding: EdgeInsets.all(12.0), dependencies: [Directionality], renderObject: RenderPadding#b852a relayoutBoundary=up29)
                                                                                                                                                                   │                                                           │       │                             │   └Text("【個人戦】 対戦スコア詳細", inherit: true, color: Color(alpha: 1.0000, red: 0.2588, green: 0.2588, blue: 0.2588, colorSpace: ColorSpace.sRGB), weight: 700, dependencies: [DefaultSelectionStyle, DefaultTextStyle, MediaQuery])
                                                                                                                                                                   │                                                           │       │                             │    └RichText(softWrap: wrapping at box width, maxLines: unlimited, text: "【個人戦】 対戦スコア詳細", dependencies: [Directionality, _LocalizationsScope-[GlobalKey#98331]], renderObject: RenderParagraph#4a0f8 relayoutBoundary=up30)
                                                                                                                                                                   │                                                           │       │                             └ListView(scrollDirection: vertical, NeverScrollableScrollPhysics, shrinkWrap: shrink-wrapping, dependencies: [InheritedCupertinoTheme, MediaQuery, ScrollConfiguration, _InheritedTheme, _LocalizationsScope-[GlobalKey#98331]])
                                                                                                                                                                   │                                                           │       │                              └Scrollable(axisDirection: down, physics: NeverScrollableScrollPhysics, restorationId: null, dependencies: [InheritedCupertinoTheme, MediaQuery, ScrollConfiguration, UnmanagedRestorationScope, _InheritedTheme, _LocalizationsScope-[GlobalKey#98331]], state: ScrollableState#0f1e2(position: ScrollPositionWithSingleContext#99b00(offset: 0.0, range: 0.0..0.0, viewport: 80.0, ScrollableState, NeverScrollableScrollPhysics -> ClampingScrollPhysics -> RangeMaintainingScrollPhysics, IdleScrollActivity#f9351, ScrollDirection.idle), effective physics: NeverScrollableScrollPhysics -> ClampingScrollPhysics -> RangeMaintainingScrollPhysics))
                                                                                                                                                                   │                                                           │       │                               └StretchingOverscrollIndicator(axisDirection: down, state: _StretchingOverscrollIndicatorState#12f12)
                                                                                                                                                                   │                                                           │       │                                └NotificationListener<ScrollNotification>
                                                                                                                                                                   │                                                           │       │                                 └AnimatedBuilder(listenable: _StretchController(), dependencies: [MediaQuery], state: _AnimatedState#fa6dd)
                                                                                                                                                                   │                                                           │       │                                  └ClipRect(renderObject: RenderClipRect#a7dd9 relayoutBoundary=up27)
                                                                                                                                                                   │                                                           │       │                                   └StretchEffect(dependencies: [Directionality])
                                                                                                                                                                   │                                                           │       │                                    └Transform(dependencies: [Directionality], renderObject: RenderTransform#afda5 relayoutBoundary=up28)
                                                                                                                                                                   │                                                           │       │                                     └NotificationListener<ScrollMetricsNotification>
                                                                                                                                                                   │                                                           │       │                                      └_ScrollSemantics-[GlobalKey#60fd0](renderObject: _RenderScrollSemantics#9e11f relayoutBoundary=up29)
                                                                                                                                                                   │                                                           │       │                                       └_ScrollableScope
                                                                                                                                                                   │                                                           │       │                                        └Listener(listeners: [signal], behavior: deferToChild, renderObject: RenderPointerListener#e0d2e relayoutBoundary=up30)
                                                                                                                                                                   │                                                           │       │                                         └RawGestureDetector-[LabeledGlobalKey<RawGestureDetectorState>#e0c49](state: RawGestureDetectorState#904c7(gestures: <none>, behavior: opaque))
                                                                                                                                                                   │                                                           │       │                                          └_GestureSemantics(renderObject: RenderSemanticsGestureHandler#32d15 relayoutBoundary=up31)
                                                                                                                                                                   │                                                           │       │                                           └Listener(listeners: [down, panZoomStart], behavior: opaque, renderObject: RenderPointerListener#bddf4 relayoutBoundary=up32)
                                                                                                                                                                   │                                                           │       │                                            └Semantics(container: false, properties: SemanticsProperties, renderObject: RenderSemanticsAnnotations#ff44d relayoutBoundary=up33)
                                                                                                                                                                   │                                                           │       │                                             └IgnorePointer-[GlobalKey#5d4fa](ignoring: false, renderObject: RenderIgnorePointer#3dd07 relayoutBoundary=up34)
                                                                                                                                                                   │                                                           │       │                                              └ShrinkWrappingViewport(axisDirection: down, offset: ScrollPositionWithSingleContext#99b00(offset: 0.0, range: 0.0..0.0, viewport: 80.0, ScrollableState, NeverScrollableScrollPhysics -> ClampingScrollPhysics -> RangeMaintainingScrollPhysics, IdleScrollActivity#f9351, ScrollDirection.idle), dependencies: [Directionality], renderObject: RenderShrinkWrappingViewport#79fb7 relayoutBoundary=up35)
                                                                                                                                                                   │                                                           │       │                                               └SliverPadding(padding: EdgeInsets.zero, dependencies: [Directionality], renderObject: RenderSliverPadding#22e19 relayoutBoundary=up36)
                                                                                                                                                                   │                                                           │       │                                                └MediaQuery(MediaQueryData(size: Size(1080.0, 4000.0), devicePixelRatio: 1.0, textScaler: SystemTextScaler (no scaling), platformBrightness: Brightness.light, padding: EdgeInsets.zero, viewPadding: EdgeInsets.zero, viewInsets: EdgeInsets.zero, systemGestureInsets: EdgeInsets.zero, alwaysUse24HourFormat: false, accessibleNavigation: false, highContrast: false, onOffSwitchLabels: false, disableAnimations: false, invertColors: false, boldText: false, navigationMode: traditional, gestureSettings: DeviceGestureSettings(touchSlop: null), displayFeatures: [], supportsShowingSystemContextMenu: false, lineHeightScaleFactorOverride: null, letterSpacingOverride: null, wordSpacingOverride: null, paragraphSpacingOverride: null))
                                                                                                                                                                   │                                                           │       │                                                 └SliverList(delegate: SliverChildBuilderDelegate#358c0(estimated child count: 1), renderObject: RenderSliverList#a37ae relayoutBoundary=up37)
                                                                                                                                                                   │                                                           │       │                                                  └KeyedSubtree
                                                                                                                                                                   │                                                           │       │                                                   └AutomaticKeepAlive(state: _AutomaticKeepAliveState#e7c9d(handles: no notifications ever received))
                                                                                                                                                                   │                                                           │       │                                                    └KeepAlive(keepAlive: false)
                                                                                                                                                                   │                                                           │       │                                                     └NotificationListener<KeepAliveNotification>
                                                                                                                                                                   │                                                           │       │                                                      └_SelectionKeepAlive(state: _SelectionKeepAliveState#812f4)
                                                                                                                                                                   │                                                           │       │                                                       └IndexedSemantics(index: 0, renderObject: RenderIndexedSemantics#d51a9 relayoutBoundary=up38)
                                                                                                                                                                   │                                                           │       │                                                        └RepaintBoundary(renderObject: RenderRepaintBoundary#4cdd0 relayoutBoundary=up39)
                                                                                                                                                                   │                                                           │       │                                                         └Container(bg: Color(alpha: 0.0500, red: 0.6196, green: 0.6196, blue: 0.6196, colorSpace: ColorSpace.sRGB))
                                                                                                                                                                   │                                                           │       │                                                          └ColoredBox(color: Color(alpha: 0.0500, red: 0.6196, green: 0.6196, blue: 0.6196, colorSpace: ColorSpace.sRGB), renderObject: _RenderColoredBox#26c3a relayoutBoundary=up40)
                                                                                                                                                                   │                                                           │       │                                                           └Stack(alignment: Alignment.center, fit: loose, dependencies: [Directionality], renderObject: RenderStack#f221b relayoutBoundary=up41)
                                                                                                                                                                   │                                                           │       │                                                            ├Opacity(opacity: 0.2, renderObject: RenderOpacity#e54fa relayoutBoundary=up42)
                                                                                                                                                                   │                                                           │       │                                                            │└Padding(padding: EdgeInsets.all(12.0), dependencies: [Directionality], renderObject: RenderPadding#02413 relayoutBoundary=up43)
                                                                                                                                                                   │                                                           │       │                                                            │ └Row(direction: horizontal, mainAxisAlignment: start, crossAxisAlignment: center, dependencies: [Directionality], renderObject: RenderFlex#12722 relayoutBoundary=up44)
                                                                                                                                                                   │                                                           │       │                                                            │  ├SizedBox(width: 55.0, renderObject: RenderConstrainedBox#0df54 relayoutBoundary=up45)
                                                                                                                                                                   │                                                           │       │                                                            │  │└Text("[リーグ戦] [SUMMARY]", inherit: true, color: Color(alpha: 1.0000, red: 0.6196, green: 0.6196, blue: 0.6196, colorSpace: ColorSpace.sRGB), size: 10.0, weight: 700, textAlign: center, dependencies: [DefaultSelectionStyle, DefaultTextStyle, MediaQuery])
                                                                                                                                                                   │                                                           │       │                                                            │  │ └RichText(textAlign: center, softWrap: wrapping at box width, maxLines: unlimited, text: "[リーグ戦] [SUMMARY]", dependencies: [Directionality, _LocalizationsScope-[GlobalKey#98331]], renderObject: RenderParagraph#86573 relayoutBoundary=up46)
                                                                                                                                                                   │                                                           │       │                                                            │  ├Expanded(flex: 1)
                                                                                                                                                                   │                                                           │       │                                                            │  │└Column(direction: vertical, mainAxisAlignment: start, crossAxisAlignment: end, dependencies: [Directionality], renderObject: RenderFlex#f4a0e relayoutBoundary=up45)
                                                                                                                                                                   │                                                           │       │                                                            │  │ ├Text("青龍道場", inherit: true, color: Color(alpha: 1.0000, red: 0.6196, green: 0.6196, blue: 0.6196, colorSpace: ColorSpace.sRGB), size: 9.0, overflow: ellipsis, dependencies: [DefaultSelectionStyle, DefaultTextStyle, MediaQuery])
                                                                                                                                                                   │                                                           │       │                                                            │  │ │└RichText(softWrap: wrapping at box width, overflow: ellipsis, maxLines: unlimited, text: "青龍道場", dependencies: [Directionality, _LocalizationsScope-[GlobalKey#98331]], renderObject: RenderParagraph#39c87 relayoutBoundary=up46)
                                                                                                                                                                   │                                                           │       │                                                            │  │ └Text("山田", inherit: true, color: Color(alpha: 1.0000, red: 0.8275, green: 0.1843, blue: 0.1843, colorSpace: ColorSpace.sRGB), weight: 900, overflow: ellipsis, dependencies: [DefaultSelectionStyle, DefaultTextStyle, MediaQuery])
                                                                                                                                                                   │                                                           │       │                                                            │  │  └RichText(softWrap: wrapping at box width, overflow: ellipsis, maxLines: unlimited, text: "山田", dependencies: [Directionality, _LocalizationsScope-[GlobalKey#98331]], renderObject: RenderParagraph#d8998 relayoutBoundary=up46)
                                                                                                                                                                   │                                                           │       │                                                            │  ├SizedBox(width: 12.0, renderObject: RenderConstrainedBox#dba6e relayoutBoundary=up45)
                                                                                                                                                                   │                                                           │       │                                                            │  ├SizedBox(width: 36.0, height: 36.0, renderObject: RenderConstrainedBox#69034 relayoutBoundary=up45)
                                                                                                                                                                   │                                                           │       │                                                            │  │└Stack(alignment: Alignment.center, fit: loose, dependencies: [Directionality], renderObject: RenderStack#29b26)
                                                                                                                                                                   │                                                           │       │                                                            │  │ └Container(bg: BoxDecoration(border: Border.all(BorderSide(color: Color(alpha: 0.4000, red: 0.8275, green: 0.1843, blue: 0.1843, colorSpace: ColorSpace.sRGB), width: 1.5)), shape: circle), constraints: BoxConstraints(w=32.0, h=32.0))
                                                                                                                                                                   │                                                           │       │                                                            │  │  └ConstrainedBox(BoxConstraints(w=32.0, h=32.0), renderObject: RenderConstrainedBox#ba628 relayoutBoundary=up1)
                                                                                                                                                                   │                                                           │       │                                                            │  │   └DecoratedBox(bg: BoxDecoration(border: Border.all(BorderSide(color: Color(alpha: 0.4000, red: 0.8275, green: 0.1843, blue: 0.1843, colorSpace: ColorSpace.sRGB), width: 1.5)), shape: circle), dependencies: [Directionality, MediaQuery, _LocalizationsScope-[GlobalKey#98331]], renderObject: RenderDecoratedBox#283aa)
                                                                                                                                                                   │                                                           │       │                                                            │  │    └Padding(padding: EdgeInsets.all(1.5), dependencies: [Directionality], renderObject: RenderPadding#4365d)
                                                                                                                                                                   │                                                           │       │                                                            │  ├Padding(padding: EdgeInsets(8.0, 0.0, 8.0, 0.0), dependencies: [Directionality], renderObject: RenderPadding#9379c relayoutBoundary=up45)
                                                                                                                                                                   │                                                           │       │                                                            │  │└Text("-", inherit: true, color: Color(alpha: 1.0000, red: 0.7412, green: 0.7412, blue: 0.7412, colorSpace: ColorSpace.sRGB), size: 16.0, weight: 300, dependencies: [DefaultSelectionStyle, DefaultTextStyle, MediaQuery])
                                                                                                                                                                   │                                                           │       │                                                            │  │ └RichText(softWrap: wrapping at box width, maxLines: unlimited, text: "-", dependencies: [Directionality, _LocalizationsScope-[GlobalKey#98331]], renderObject: RenderParagraph#47b18 relayoutBoundary=up46)
                                                                                                                                                                   │                                                           │       │                                                            │  ├SizedBox(width: 36.0, height: 36.0, renderObject: RenderConstrainedBox#11509 relayoutBoundary=up45)
                                                                                                                                                                   │                                                           │       │                                                            │  │└Stack(alignment: Alignment.center, fit: loose, dependencies: [Directionality], renderObject: RenderStack#2c31e)
                                                                                                                                                                   │                                                           │       │                                                            │  ├SizedBox(width: 12.0, renderObject: RenderConstrainedBox#68b29 relayoutBoundary=up45)
                                                                                                                                                                   │                                                           │       │                                                            │  └Expanded(flex: 1)
                                                                                                                                                                   │                                                           │       │                                                            │   └Column(direction: vertical, mainAxisAlignment: start, crossAxisAlignment: start, dependencies: [Directionality], renderObject: RenderFlex#5625c relayoutBoundary=up45)
                                                                                                                                                                   │                                                           │       │                                                            │    ├Text("朱雀会", inherit: true, color: Color(alpha: 1.0000, red: 0.6196, green: 0.6196, blue: 0.6196, colorSpace: ColorSpace.sRGB), size: 9.0, overflow: ellipsis, dependencies: [DefaultSelectionStyle, DefaultTextStyle, MediaQuery])
                                                                                                                                                                   │                                                           │       │                                                            │    │└RichText(softWrap: wrapping at box width, overflow: ellipsis, maxLines: unlimited, text: "朱雀会", dependencies: [Directionality, _LocalizationsScope-[GlobalKey#98331]], renderObject: RenderParagraph#8a157 relayoutBoundary=up46)
                                                                                                                                                                   │                                                           │       │                                                            │    └Text("佐藤", inherit: true, color: Color(alpha: 0.8667, red: 0.0000, green: 0.0000, blue: 0.0000, colorSpace: ColorSpace.sRGB), weight: 700, overflow: ellipsis, dependencies: [DefaultSelectionStyle, DefaultTextStyle, MediaQuery])
                                                                                                                                                                   │                                                           │       │                                                            │     └RichText(softWrap: wrapping at box width, overflow: ellipsis, maxLines: unlimited, text: "佐藤", dependencies: [Directionality, _LocalizationsScope-[GlobalKey#98331]], renderObject: RenderParagraph#4dbad relayoutBoundary=up46)
                                                                                                                                                                   │                                                           │       │                                                            └Container(padding: EdgeInsets(12.0, 6.0, 12.0, 6.0), bg:
                                                                                                                                                                   │                                                           │       │                                                             │  BoxDecoration(color: Color(alpha: 1.0000, red: 1.0000, green: 1.0000, blue: 1.0000, colorSpace: ColorSpace.sRGB), border: Border.all(BorderSide(color: Color(alpha: 1.0000, red: 0.7412, green: 0.7412, blue: 0.7412, colorSpace: ColorSpace.sRGB), width: 0.5)), borderRadius: BorderRadius.circular(8.0),
                                                                                                                                                                   │                                                           │       │                                                             │    boxShadow: [BoxShadow(Color(alpha: 0.1000, red: 0.0000, green:
                                                                                                                                                                   │                                                           │       │                                                             │      0.0000, blue: 0.0000, colorSpace: ColorSpace.sRGB), Offset(0.0,
                                                                                                                                                                   │                                                           │       │                                                             │      0.0), 4.0, 0.0, BlurStyle.normal)]
                                                                                                                                                                   │                                                           │       │                                                             │    )
                                                                                                                                                                   │                                                           │       │                                                             │)
                                                                                                                                                                   │                                                           │       │                                                             └DecoratedBox(bg:
                                                                                                                                                                   │                                                           │       │                                                              │  BoxDecoration(color: Color(alpha: 1.0000, red: 1.0000, green: 1.0000, blue: 1.0000, colorSpace: ColorSpace.sRGB), border: Border.all(BorderSide(color: Color(alpha: 1.0000, red: 0.7412, green: 0.7412, blue: 0.7412, colorSpace: ColorSpace.sRGB), width: 0.5)), borderRadius: BorderRadius.circular(8.0),
                                                                                                                                                                   │                                                           │       │                                                              │    boxShadow: [BoxShadow(Color(alpha: 0.1000, red: 0.0000, green:
                                                                                                                                                                   │                                                           │       │                                                              │      0.0000, blue: 0.0000, colorSpace: ColorSpace.sRGB), Offset(0.0,
                                                                                                                                                                   │                                                           │       │                                                              │      0.0), 4.0, 0.0, BlurStyle.normal)]
                                                                                                                                                                   │                                                           │       │                                                              │    )
                                                                                                                                                                   │                                                           │       │                                                              │, dependencies: [Directionality, MediaQuery, _LocalizationsScope-[GlobalKey#98331]], renderObject: RenderDecoratedBox#71af2 relayoutBoundary=up42)
                                                                                                                                                                   │                                                           │       │                                                              └Padding(padding: EdgeInsets(12.5, 6.5, 12.5, 6.5), dependencies: [Directionality], renderObject: RenderPadding#6a289 relayoutBoundary=up43)
                                                                                                                                                                   │                                                           │       │                                                               └Text("※簡易入力された結果です\n（詳細スコアはありません）", inherit: true, color: Color(alpha: 1.0000, red: 0.3804, green: 0.3804, blue: 0.3804, colorSpace: ColorSpace.sRGB), size: 11.0, weight: 700, textAlign: center, dependencies: [DefaultSelectionStyle, DefaultTextStyle, MediaQuery])
                                                                                                                                                                   │                                                           │       │                                                                └RichText(textAlign: center, softWrap: wrapping at box width, maxLines: unlimited, text: "※簡易入力された結果です\n（詳細スコアはありません）", dependencies: [Directionality, _LocalizationsScope-[GlobalKey#98331]], renderObject: RenderParagraph#374c9 relayoutBoundary=up44)
                                                                                                                                                                   │                                                           │       └SizedBox(height: 48.0, renderObject: RenderConstrainedBox#a44a4 relayoutBoundary=up15)
                                                                                                                                                                   │                                                           └KeyedSubtree-[Key <[<'viewer_match_card_勝ち抜き戦A'>]>]
                                                                                                                                                                   │                                                            └AutomaticKeepAlive(state: _AutomaticKeepAliveState#a318d(handles: no notifications ever received))
                                                                                                                                                                   │                                                             └KeepAlive(keepAlive: false)
                                                                                                                                                                   │                                                              └NotificationListener<KeepAliveNotification>
                                                                                                                                                                   │                                                               └_SelectionKeepAlive(state: _SelectionKeepAliveState#c1696)
                                                                                                                                                                   │                                                                └IndexedSemantics(index: 3, renderObject: RenderIndexedSemantics#46859 relayoutBoundary=up12)
                                                                                                                                                                   │                                                                 └RepaintBoundary(renderObject: RenderRepaintBoundary#a596c relayoutBoundary=up13)
                                                                                                                                                                   │                                                                  └InkWell-[<'viewer_match_card_勝ち抜き戦A'>]
                                                                                                                                                                   │                                                                   └_InkResponseStateWidget(gestures: [tap], mouseCursor: null, clipped to BoxShape.rectangle, dependencies: [InheritedCupertinoTheme, MediaQuery, _InheritedTheme, _LocalizationsScope-[GlobalKey#98331]], state: _InkResponseState#53653)
                                                                                                                                                                   │                                                                    └_ParentInkResponseProvider
                                                                                                                                                                   │                                                                     └Actions(dispatcher: null, actions: {ActivateIntent: CallbackAction<ActivateIntent>#49d01, ButtonActivateIntent: CallbackAction<ButtonActivateIntent>#b7c24}, state: _ActionsState#a4107)
                                                                                                                                                                   │                                                                      └_ActionsScope
                                                                                                                                                                   │                                                                       └Focus(dependencies: [_FocusInheritedScope], state: _FocusState#5e508)
                                                                                                                                                                   │                                                                        └_FocusInheritedScope
                                                                                                                                                                   │                                                                         └Semantics(container: false, properties: SemanticsProperties, renderObject: RenderSemanticsAnnotations#6bed0 relayoutBoundary=up14)
                                                                                                                                                                   │                                                                          └MouseRegion(listeners: [enter, exit], cursor: SystemMouseCursor(basic), renderObject: RenderMouseRegion#14c36 relayoutBoundary=up15)
                                                                                                                                                                   │                                                                           └Builder(dependencies: [DefaultSelectionStyle])
                                                                                                                                                                   │                                                                            └DefaultSelectionStyle
                                                                                                                                                                   │                                                                             └Semantics(container: false, properties: SemanticsProperties, renderObject: RenderSemanticsAnnotations#48978 relayoutBoundary=up16)
                                                                                                                                                                   │                                                                              └GestureDetector(startBehavior: start, dependencies: [MediaQuery, ScrollConfiguration])
                                                                                                                                                                   │                                                                               └RawGestureDetector(state: RawGestureDetectorState#18743(gestures: [tap], excludeFromSemantics: true, behavior: opaque))
                                                                                                                                                                   │                                                                                └Listener(listeners: [down, panZoomStart], behavior: opaque, renderObject: RenderPointerListener#4c184 relayoutBoundary=up17)
                                                                                                                                                                   │                                                                                 └Card(dependencies: [InheritedCupertinoTheme, _InheritedTheme, _LocalizationsScope-[GlobalKey#98331]])
                                                                                                                                                                   │                                                                                  └Semantics(container: true, properties: SemanticsProperties, renderObject: RenderSemanticsAnnotations#24d04 relayoutBoundary=up18)
                                                                                                                                                                   │                                                                                   └Padding(padding: EdgeInsets(4.0, 8.0, 4.0, 8.0), dependencies: [Directionality], renderObject: RenderPadding#5399b relayoutBoundary=up19)
                                                                                                                                                                   │                                                                                    └Material(type: card, color: Color(alpha: 1.0000, red: 0.9686, green: 0.9490, blue: 0.9804, colorSpace: ColorSpace.sRGB), shadowColor: Color(alpha: 1.0000, red: 0.0000, green: 0.0000, blue: 0.0000, colorSpace: ColorSpace.sRGB), surfaceTintColor: Color(alpha: 0.0000, red: 0.0000, green: 0.0000, blue: 0.0000, colorSpace: ColorSpace.sRGB), shape: RoundedRectangleBorder(BorderSide(color: Color(alpha: 1.0000, red: 0.8784, green: 0.8784, blue: 0.8784, colorSpace: ColorSpace.sRGB)), BorderRadius.circular(12.0)), dependencies: [InheritedCupertinoTheme, _InheritedTheme, _LocalizationsScope-[GlobalKey#98331]], state: _MaterialState#277fb)
                                                                                                                                                                   │                                                                                     └_MaterialInterior(duration: 200ms, shape: RoundedRectangleBorder(BorderSide(color: Color(alpha: 1.0000, red: 0.8784, green: 0.8784, blue: 0.8784, colorSpace: ColorSpace.sRGB)), BorderRadius.circular(12.0)), elevation: 0.0, color: Color(alpha: 1.0000, red: 0.9686, green: 0.9490, blue: 0.9804, colorSpace: ColorSpace.sRGB), shadowColor: Color(alpha: 1.0000, red: 0.0000, green: 0.0000, blue: 0.0000, colorSpace: ColorSpace.sRGB), dependencies: [Directionality, InheritedCupertinoTheme, _InheritedTheme, _LocalizationsScope-[GlobalKey#98331]], state: _MaterialInteriorState#10a87(ticker inactive))
                                                                                                                                                                   │                                                                                      └PhysicalShape(clipper: ShapeBorderClipper, elevation: 0.0, color: Color(alpha: 1.0000, red: 0.9686, green: 0.9490, blue: 0.9804, colorSpace: ColorSpace.sRGB), shadowColor: Color(alpha: 1.0000, red: 0.0000, green: 0.0000, blue: 0.0000, colorSpace: ColorSpace.sRGB), renderObject: RenderPhysicalShape#54ee9 relayoutBoundary=up20)
                                                                                                                                                                   │                                                                                       └_ShapeBorderPaint(dependencies: [Directionality])
                                                                                                                                                                   │                                                                                        └CustomPaint(renderObject: RenderCustomPaint#ea329 relayoutBoundary=up21)
                                                                                                                                                                   │                                                                                         └NotificationListener<LayoutChangedNotification>
                                                                                                                                                                   │                                                                                          └_InkFeatures-[GlobalKey#3e641 ink renderer](renderObject: _RenderInkFeatures#90691 relayoutBoundary=up22)
                                                                                                                                                                   │                                                                                           └AnimatedDefaultTextStyle(duration: 200ms, debugLabel: (englishLike bodyMedium 2021).merge((blackMountainView bodyMedium).apply), inherit: false, color: Color(alpha: 1.0000, red: 0.1137, green: 0.1059, blue: 0.1255, colorSpace: ColorSpace.sRGB), family: Roboto, size: 14.0, weight: 400, letterSpacing: 0.3, baseline: alphabetic, height: 1.4x, leadingDistribution: even, decoration: Color(alpha: 1.0000, red: 0.1137, green: 0.1059, blue: 0.1255, colorSpace: ColorSpace.sRGB) TextDecoration.none, softWrap: wrapping at box width, overflow: clip, state: _AnimatedDefaultTextStyleState#e3171(ticker inactive))
                                                                                                                                                                   │                                                                                            └DefaultTextStyle(debugLabel: (englishLike bodyMedium 2021).merge((blackMountainView bodyMedium).apply), inherit: false, color: Color(alpha: 1.0000, red: 0.1137, green: 0.1059, blue: 0.1255, colorSpace: ColorSpace.sRGB), family: Roboto, size: 14.0, weight: 400, letterSpacing: 0.3, baseline: alphabetic, height: 1.4x, leadingDistribution: even, decoration: Color(alpha: 1.0000, red: 0.1137, green: 0.1059, blue: 0.1255, colorSpace: ColorSpace.sRGB) TextDecoration.none, softWrap: wrapping at box width, overflow: clip)
                                                                                                                                                                   │                                                                                             └Semantics(container: false, properties: SemanticsProperties, renderObject: RenderSemanticsAnnotations#08169 relayoutBoundary=up23)
                                                                                                                                                                   │                                                                                              └Column(direction: vertical, mainAxisAlignment: start, crossAxisAlignment: start, dependencies: [Directionality], renderObject: RenderFlex#45440 relayoutBoundary=up24)
                                                                                                                                                                   │                                                                                               ├Container(padding: EdgeInsets.all(12.0), bg: Color(alpha: 1.0000, red: 0.9098, green: 0.9176, blue: 0.9647, colorSpace: ColorSpace.sRGB), constraints: BoxConstraints(w=Infinity, 0.0<=h<=Infinity))
                                                                                                                                                                   │                                                                                               │└ConstrainedBox(BoxConstraints(w=Infinity, 0.0<=h<=Infinity), renderObject: RenderConstrainedBox#2e04f relayoutBoundary=up25)
                                                                                                                                                                   │                                                                                               │ └ColoredBox(color: Color(alpha: 1.0000, red: 0.9098, green: 0.9176, blue: 0.9647, colorSpace: ColorSpace.sRGB), renderObject: _RenderColoredBox#f949c relayoutBoundary=up26)
                                                                                                                                                                   │                                                                                               │  └Padding(padding: EdgeInsets.all(12.0), dependencies: [Directionality], renderObject: RenderPadding#b0550 relayoutBoundary=up27)
                                                                                                                                                                   │                                                                                               │   └Text("【勝ち抜き戦】 青龍道場 vs 玄武館", inherit: true, color: Color(alpha: 1.0000, red: 0.1020, green: 0.1373, blue: 0.4941, colorSpace: ColorSpace.sRGB), weight: 700, dependencies: [DefaultSelectionStyle, DefaultTextStyle, MediaQuery])
                                                                                                                                                                   │                                                                                               │    └RichText(softWrap: wrapping at box width, maxLines: unlimited, text: "【勝ち抜き戦】 青龍道場 vs 玄武館", dependencies: [Directionality, _LocalizationsScope-[GlobalKey#98331]], renderObject: RenderParagraph#1cb61 relayoutBoundary=up28)
                                                                                                                                                                   │                                                                                               └SingleChildScrollView(dependencies: [Directionality, InheritedCupertinoTheme, ScrollConfiguration, _InheritedTheme, _LocalizationsScope-[GlobalKey#98331]])
                                                                                                                                                                   │                                                                                                └Scrollable(axisDirection: right, physics: null, restorationId: null, dependencies: [InheritedCupertinoTheme, MediaQuery, ScrollConfiguration, UnmanagedRestorationScope, _InheritedTheme, _LocalizationsScope-[GlobalKey#98331]], state: ScrollableState#2afa0(position: ScrollPositionWithSingleContext#4a089(offset: 0.0, range: 0.0..24.0, viewport: 1056.0, ScrollableState, ClampingScrollPhysics -> RangeMaintainingScrollPhysics, IdleScrollActivity#daff0, ScrollDirection.idle), effective physics: ClampingScrollPhysics -> RangeMaintainingScrollPhysics))
                                                                                                                                                                   │                                                                                                 └StretchingOverscrollIndicator(axisDirection: right, state: _StretchingOverscrollIndicatorState#a2896)
                                                                                                                                                                   │                                                                                                  └NotificationListener<ScrollNotification>
                                                                                                                                                                   │                                                                                                   └AnimatedBuilder(listenable: _StretchController(), dependencies: [MediaQuery], state: _AnimatedState#7a30b)
                                                                                                                                                                   │                                                                                                    └ClipRect(renderObject: RenderClipRect#b37e1 relayoutBoundary=up25)
                                                                                                                                                                   │                                                                                                     └StretchEffect(dependencies: [Directionality])
                                                                                                                                                                   │                                                                                                      └Transform(dependencies: [Directionality], renderObject: RenderTransform#c4e4a relayoutBoundary=up26)
                                                                                                                                                                   │                                                                                                       └NotificationListener<ScrollMetricsNotification>
                                                                                                                                                                   │                                                                                                        └_ScrollSemantics-[GlobalKey#7a84f](renderObject: _RenderScrollSemantics#26b3d relayoutBoundary=up27)
                                                                                                                                                                   │                                                                                                         └_ScrollableScope
                                                                                                                                                                   │                                                                                                          └Listener(listeners: [signal], behavior: deferToChild, renderObject: RenderPointerListener#5cffb relayoutBoundary=up28)
                                                                                                                                                                   │                                                                                                           └RawGestureDetector-[LabeledGlobalKey<RawGestureDetectorState>#00be9](state: RawGestureDetectorState#0d5d7(gestures: [horizontal drag], behavior: opaque))
                                                                                                                                                                   │                                                                                                            └_GestureSemantics(renderObject: RenderSemanticsGestureHandler#8cba2 relayoutBoundary=up29)
                                                                                                                                                                   │                                                                                                             └Listener(listeners: [down, panZoomStart], behavior: opaque, renderObject: RenderPointerListener#be4c5 relayoutBoundary=up30)
                                                                                                                                                                   │                                                                                                              └Semantics(container: false, properties: SemanticsProperties, renderObject: RenderSemanticsAnnotations#539b8 relayoutBoundary=up31)
                                                                                                                                                                   │                                                                                                               └IgnorePointer-[GlobalKey#7841e](ignoring: false, renderObject: RenderIgnorePointer#5647d relayoutBoundary=up32)
                                                                                                                                                                   │                                                                                                                └_SingleChildViewport(renderObject: _RenderSingleChildViewport#59aa4 relayoutBoundary=up33)
                                                                                                                                                                   │                                                                                                                 └Container(padding: EdgeInsets.all(16.0), bg: Color(alpha: 1.0000, red: 1.0000, green: 1.0000, blue: 1.0000, colorSpace: ColorSpace.sRGB), constraints: BoxConstraints(w=1080.0, h=520.0))
                                                                                                                                                                   │                                                                                                                  └ConstrainedBox(BoxConstraints(w=1080.0, h=520.0), renderObject: RenderConstrainedBox#080dd relayoutBoundary=up34)
                                                                                                                                                                   │                                                                                                                   └ColoredBox(color: Color(alpha: 1.0000, red: 1.0000, green: 1.0000, blue: 1.0000, colorSpace: ColorSpace.sRGB), renderObject: _RenderColoredBox#59b06)
                                                                                                                                                                   │                                                                                                                    └Padding(padding: EdgeInsets.all(16.0), dependencies: [Directionality], renderObject: RenderPadding#d4e87)
                                                                                                                                                                   │                                                                                                                     └Center(alignment: Alignment.center, dependencies: [Directionality], renderObject: RenderPositionedBox#85219)
                                                                                                                                                                   │                                                                                                                      └Text("※ 勝ち抜き戦のトーナメント表は公式記録出力画面ではサポートされていません。\n各試合のスコアボードからご確認ください", inherit: true, color: MaterialColor(primary value: Color(alpha: 1.0000, red: 0.6196, green: 0.6196, blue: 0.6196, colorSpace: ColorSpace.sRGB)), textAlign: center, dependencies: [DefaultSelectionStyle, DefaultTextStyle, MediaQuery])
                                                                                                                                                                   │                                                                                                                       └RichText(textAlign: center, softWrap: wrapping at box width, maxLines: unlimited, text: "※ 勝ち抜き戦のトーナメント表は公式記録出力画面ではサポートされていません。\n各試合のスコアボードからご確認ください", dependencies: [Directionality, _LocalizationsScope-[GlobalKey#98331]], renderObject: RenderParagraph#5af9a relayoutBoundary=up1)
                                                                                                                                                                   ├LayoutId-[<_ScaffoldSlot.appBar>](id: _ScaffoldSlot.appBar)
                                                                                                                                                                   │└MediaQuery(MediaQueryData(size: Size(1080.0, 4000.0), devicePixelRatio: 1.0, textScaler: SystemTextScaler (no scaling), platformBrightness: Brightness.light, padding: EdgeInsets.zero, viewPadding: EdgeInsets.zero, viewInsets: EdgeInsets.zero, systemGestureInsets: EdgeInsets.zero, alwaysUse24HourFormat: false, accessibleNavigation: false, highContrast: false, onOffSwitchLabels: false, disableAnimations: false, invertColors: false, boldText: false, navigationMode: traditional, gestureSettings: DeviceGestureSettings(touchSlop: null), displayFeatures: [], supportsShowingSystemContextMenu: false, lineHeightScaleFactorOverride: null, letterSpacingOverride: null, wordSpacingOverride: null, paragraphSpacingOverride: null))
                                                                                                                                                                   │ └ConstrainedBox(BoxConstraints(0.0<=w<=Infinity, 0.0<=h<=104.0), renderObject: RenderConstrainedBox#aaf5b relayoutBoundary=up1)
                                                                                                                                                                   │  └FlexibleSpaceBarSettings
                                                                                                                                                                   │   └AppBar(dependencies: [FlexibleSpaceBarSettings, InheritedCupertinoTheme, _InheritedTheme, _LocalizationsScope-[GlobalKey#98331], _ModalScopeStatus, _ScrollNotificationObserverScope], state: _AppBarState#49aa2)
                                                                                                                                                                   │    └Semantics(container: true, properties: SemanticsProperties, renderObject: RenderSemanticsAnnotations#5e764 relayoutBoundary=up2)
                                                                                                                                                                   │     └AnnotatedRegion<SystemUiOverlayStyle>(renderObject: RenderAnnotatedRegion<SystemUiOverlayStyle>#2db5b relayoutBoundary=up3)
                                                                                                                                                                   │      └Material(type: canvas, color: Color(alpha: 1.0000, red: 1.0000, green: 1.0000, blue: 1.0000, colorSpace: ColorSpace.sRGB), shadowColor: Color(alpha: 0.0000, red: 0.0000, green: 0.0000, blue: 0.0000, colorSpace: ColorSpace.sRGB), surfaceTintColor: Color(alpha: 1.0000, red: 0.4039, green: 0.3137, blue: 0.6431, colorSpace: ColorSpace.sRGB), dependencies: [InheritedCupertinoTheme, _InheritedTheme, _LocalizationsScope-[GlobalKey#98331]], state: _MaterialState#a2af1)
                                                                                                                                                                   │       └AnimatedPhysicalModel(duration: 200ms, shape: rectangle, borderRadius: null, elevation: 0.0, color: Color(alpha: 1.0000, red: 1.0000, green: 1.0000, blue: 1.0000, colorSpace: ColorSpace.sRGB), animateColor: false, shadowColor: Color(alpha: 0.0000, red: 0.0000, green: 0.0000, blue: 0.0000, colorSpace: ColorSpace.sRGB), animateShadowColor: true, state: _AnimatedPhysicalModelState#a2db0(ticker inactive))
                                                                                                                                                                   │        └PhysicalModel(shape: rectangle, borderRadius: BorderRadius.zero, elevation: 0.0, color: Color(alpha: 1.0000, red: 1.0000, green: 1.0000, blue: 1.0000, colorSpace: ColorSpace.sRGB), shadowColor: Color(alpha: 0.0000, red: 0.0000, green: 0.0000, blue: 0.0000, colorSpace: ColorSpace.sRGB), renderObject: RenderPhysicalModel#d5405 relayoutBoundary=up4)
                                                                                                                                                                   │         └NotificationListener<LayoutChangedNotification>
                                                                                                                                                                   │          └_InkFeatures-[GlobalKey#30438 ink renderer](renderObject: _RenderInkFeatures#e2f2c relayoutBoundary=up5)
                                                                                                                                                                   │           └AnimatedDefaultTextStyle(duration: 200ms, debugLabel: (englishLike bodyMedium 2021).merge((blackMountainView bodyMedium).apply), inherit: false, color: Color(alpha: 1.0000, red: 0.1137, green: 0.1059, blue: 0.1255, colorSpace: ColorSpace.sRGB), family: Roboto, size: 14.0, weight: 400, letterSpacing: 0.3, baseline: alphabetic, height: 1.4x, leadingDistribution: even, decoration: Color(alpha: 1.0000, red: 0.1137, green: 0.1059, blue: 0.1255, colorSpace: ColorSpace.sRGB) TextDecoration.none, softWrap: wrapping at box width, overflow: clip, state: _AnimatedDefaultTextStyleState#e595b(ticker inactive))
                                                                                                                                                                   │            └DefaultTextStyle(debugLabel: (englishLike bodyMedium 2021).merge((blackMountainView bodyMedium).apply), inherit: false, color: Color(alpha: 1.0000, red: 0.1137, green: 0.1059, blue: 0.1255, colorSpace: ColorSpace.sRGB), family: Roboto, size: 14.0, weight: 400, letterSpacing: 0.3, baseline: alphabetic, height: 1.4x, leadingDistribution: even, decoration: Color(alpha: 1.0000, red: 0.1137, green: 0.1059, blue: 0.1255, colorSpace: ColorSpace.sRGB) TextDecoration.none, softWrap: wrapping at box width, overflow: clip)
                                                                                                                                                                   │             └Semantics(container: false, properties: SemanticsProperties, renderObject: RenderSemanticsAnnotations#c8b4a relayoutBoundary=up6)
                                                                                                                                                                   │              └Align(alignment: Alignment.topCenter, dependencies: [Directionality], renderObject: RenderPositionedBox#1e8c1 relayoutBoundary=up7)
                                                                                                                                                                   │               └SafeArea(avoid left padding, avoid top padding, avoid right padding, dependencies: [MediaQuery])
                                                                                                                                                                   │                └Padding(padding: EdgeInsets.zero, dependencies: [Directionality], renderObject: RenderPadding#90c30 relayoutBoundary=up8)
                                                                                                                                                                   │                 └MediaQuery(MediaQueryData(size: Size(1080.0, 4000.0), devicePixelRatio: 1.0, textScaler: SystemTextScaler (no scaling), platformBrightness: Brightness.light, padding: EdgeInsets.zero, viewPadding: EdgeInsets.zero, viewInsets: EdgeInsets.zero, systemGestureInsets: EdgeInsets.zero, alwaysUse24HourFormat: false, accessibleNavigation: false, highContrast: false, onOffSwitchLabels: false, disableAnimations: false, invertColors: false, boldText: false, navigationMode: traditional, gestureSettings: DeviceGestureSettings(touchSlop: null), displayFeatures: [], supportsShowingSystemContextMenu: false, lineHeightScaleFactorOverride: null, letterSpacingOverride: null, wordSpacingOverride: null, paragraphSpacingOverride: null))
                                                                                                                                                                   │                  └Column(direction: vertical, mainAxisAlignment: spaceBetween, crossAxisAlignment: center, renderObject: RenderFlex#0503e relayoutBoundary=up9)
                                                                                                                                                                   │                   ├Flexible(flex: 1)
                                                                                                                                                                   │                   │└ConstrainedBox(BoxConstraints(0.0<=w<=Infinity, 0.0<=h<=56.0), renderObject: RenderConstrainedBox#e1e6f relayoutBoundary=up10)
                                                                                                                                                                   │                   │ └ClipRect(renderObject: RenderClipRect#53e3b relayoutBoundary=up11)
                                                                                                                                                                   │                   │  └CustomSingleChildLayout(renderObject: RenderCustomSingleChildLayoutBox#def84 relayoutBoundary=up12)
                                                                                                                                                                   │                   │   └Builder(dependencies: [IconTheme])
                                                                                                                                                                   │                   │    └IconTheme(size: 24.0, color: Color(alpha: 1.0000, red: 0.1137, green: 0.1059, blue: 0.1255, colorSpace: ColorSpace.sRGB))
                                                                                                                                                                   │                   │     └DefaultTextStyle(debugLabel: ((englishLike bodyMedium 2021).merge((blackMountainView bodyMedium).apply)).copyWith, inherit: false, color: Color(alpha: 1.0000, red: 0.1137, green: 0.1059, blue: 0.1255, colorSpace: ColorSpace.sRGB), family: Roboto, size: 14.0, weight: 400, letterSpacing: 0.3, baseline: alphabetic, height: 1.4x, leadingDistribution: even, decoration: Color(alpha: 1.0000, red: 0.1137, green: 0.1059, blue: 0.1255, colorSpace: ColorSpace.sRGB) TextDecoration.none, softWrap: wrapping at box width, overflow: clip)
                                                                                                                                                                   │                   │      └NavigationToolbar(dependencies: [Directionality])
                                                                                                                                                                   │                   │       └CustomMultiChildLayout(renderObject: RenderCustomMultiChildLayoutBox#f5c1e relayoutBoundary=up13)
                                                                                                                                                                   │                   │        ├LayoutId-[<_ToolbarSlot.leading>](id: _ToolbarSlot.leading)
                                                                                                                                                                   │                   │        │└ConstrainedBox(BoxConstraints(w=56.0, 0.0<=h<=Infinity), renderObject: RenderConstrainedBox#84cce relayoutBoundary=up14)
                                                                                                                                                                   │                   │        │ └IconButtonTheme
                                                                                                                                                                   │                   │        │  └Center(alignment: Alignment.center, dependencies: [Directionality], renderObject: RenderPositionedBox#34427)
                                                                                                                                                                   │                   │        │   └IconButton(disabled, disabled, dependencies: [InheritedCupertinoTheme, _InheritedTheme, _LocalizationsScope-[GlobalKey#98331]])
                                                                                                                                                                   │                   │        │    └_SelectableIconButton(state: _SelectableIconButtonState#e6197)
                                                                                                                                                                   │                   │        │     └_IconButtonM3(style: ButtonStyle#8ba09, dependencies: [IconButtonTheme, IconTheme, InheritedCupertinoTheme, _InheritedTheme, _LocalizationsScope-[GlobalKey#98331]], state: _ButtonStyleState#9c3f3)
                                                                                                                                                                   │                   │        │      └Semantics(container: true, properties: SemanticsProperties, renderObject: RenderSemanticsAnnotations#e802e relayoutBoundary=up1)
                                                                                                                                                                   │                   │        │       └_InputPadding(renderObject: _RenderInputPadding#b707e relayoutBoundary=up2)
                                                                                                                                                                   │                   │        │        └ConstrainedBox(BoxConstraints(40.0<=w<=Infinity, 40.0<=h<=Infinity), renderObject: RenderConstrainedBox#c995e relayoutBoundary=up3)
                                                                                                                                                                   │                   │        │         └Material(type: button, color: Color(alpha: 0.0000, red: 0.0000, green: 0.0000, blue: 0.0000, colorSpace: ColorSpace.sRGB), shadowColor: Color(alpha: 0.0000, red: 0.0000, green: 0.0000, blue: 0.0000, colorSpace: ColorSpace.sRGB), surfaceTintColor: Color(alpha: 0.0000, red: 0.0000, green: 0.0000, blue: 0.0000, colorSpace: ColorSpace.sRGB), shape: StadiumBorder(BorderSide(width: 0.0, style: none)), borderOnForeground: false, dependencies: [InheritedCupertinoTheme, _InheritedTheme, _LocalizationsScope-[GlobalKey#98331]], state: _MaterialState#d8028)
                                                                                                                                                                   │                   │        │          └_MaterialInterior(duration: 200ms, shape: StadiumBorder(BorderSide(width: 0.0, style: none)), elevation: 0.0, color: Color(alpha: 0.0000, red: 0.0000, green: 0.0000, blue: 0.0000, colorSpace: ColorSpace.sRGB), shadowColor: Color(alpha: 0.0000, red: 0.0000, green: 0.0000, blue: 0.0000, colorSpace: ColorSpace.sRGB), dependencies: [Directionality, InheritedCupertinoTheme, _InheritedTheme, _LocalizationsScope-[GlobalKey#98331]], state: _MaterialInteriorState#1fb64(ticker inactive))
                                                                                                                                                                   │                   │        │           └PhysicalShape(clipper: ShapeBorderClipper, elevation: 0.0, color: Color(alpha: 0.0000, red: 0.0000, green: 0.0000, blue: 0.0000, colorSpace: ColorSpace.sRGB), shadowColor: Color(alpha: 0.0000, red: 0.0000, green: 0.0000, blue: 0.0000, colorSpace: ColorSpace.sRGB), renderObject: RenderPhysicalShape#41d00 relayoutBoundary=up4)
                                                                                                                                                                   │                   │        │            └_ShapeBorderPaint(dependencies: [Directionality])
                                                                                                                                                                   │                   │        │             └CustomPaint(renderObject: RenderCustomPaint#e734e relayoutBoundary=up5)
                                                                                                                                                                   │                   │        │              └NotificationListener<LayoutChangedNotification>
                                                                                                                                                                   │                   │        │               └_InkFeatures-[GlobalKey#0e911 ink renderer](renderObject: _RenderInkFeatures#03480 relayoutBoundary=up6)
                                                                                                                                                                   │                   │        │                └AnimatedDefaultTextStyle(duration: 200ms, debugLabel: (englishLike bodyMedium 2021).merge((blackMountainView bodyMedium).apply), inherit: false, color: Color(alpha: 1.0000, red: 0.1137, green: 0.1059, blue: 0.1255, colorSpace: ColorSpace.sRGB), family: Roboto, size: 14.0, weight: 400, letterSpacing: 0.3, baseline: alphabetic, height: 1.4x, leadingDistribution: even, decoration: Color(alpha: 1.0000, red: 0.1137, green: 0.1059, blue: 0.1255, colorSpace: ColorSpace.sRGB) TextDecoration.none, softWrap: wrapping at box width, overflow: clip, state: _AnimatedDefaultTextStyleState#cc52a(ticker inactive))
                                                                                                                                                                   │                   │        │                 └DefaultTextStyle(debugLabel: (englishLike bodyMedium 2021).merge((blackMountainView bodyMedium).apply), inherit: false, color: Color(alpha: 1.0000, red: 0.1137, green: 0.1059, blue: 0.1255, colorSpace: ColorSpace.sRGB), family: Roboto, size: 14.0, weight: 400, letterSpacing: 0.3, baseline: alphabetic, height: 1.4x, leadingDistribution: even, decoration: Color(alpha: 1.0000, red: 0.1137, green: 0.1059, blue: 0.1255, colorSpace: ColorSpace.sRGB) TextDecoration.none, softWrap: wrapping at box width, overflow: clip)
                                                                                                                                                                   │                   │        │                  └AnimatedTheme(duration: 200ms, state: _AnimatedThemeState#33f55(ticker inactive, ThemeDataTween(ThemeData#59cef → ThemeData#59cef)))
                                                                                                                                                                   │                   │        │                   └Theme(ThemeData#59cef, dependencies: [DefaultSelectionStyle, InheritedCupertinoTheme])
                                                                                                                                                                   │                   │        │                    └_InheritedTheme
                                                                                                                                                                   │                   │        │                     └CupertinoTheme(brightness: light, primaryColor: Color(alpha: 1.0000, red: 0.4039, green: 0.3137, blue: 0.6431, colorSpace: ColorSpace.sRGB), scaffoldBackgroundColor: Color(alpha: 1.0000, red: 0.9961, green: 0.9686, blue: 1.0000, colorSpace: ColorSpace.sRGB), actionTextStyle: TextStyle(inherit: false, color: Color(alpha: 1.0000, red: 0.4039, green: 0.3137, blue: 0.6431, colorSpace: ColorSpace.sRGB), family: CupertinoSystemText, size: 17.0, letterSpacing: -0.4, decoration: TextDecoration.none), actionSmallTextStyle: TextStyle(inherit: false, color: Color(alpha: 1.0000, red: 0.4039, green: 0.3137, blue: 0.6431, colorSpace: ColorSpace.sRGB), family: CupertinoSystemText, size: 15.0, letterSpacing: -0.2, decoration: TextDecoration.none), navActionTextStyle: TextStyle(inherit: false, color: Color(alpha: 1.0000, red: 0.4039, green: 0.3137, blue: 0.6431, colorSpace: ColorSpace.sRGB), family: CupertinoSystemText, size: 17.0, letterSpacing: -0.4, decoration: TextDecoration.none))
                                                                                                                                                                   │                   │        │                      └InheritedCupertinoTheme
                                                                                                                                                                   │                   │        │                       └IconTheme(color: Color(alpha: 1.0000, red: 0.4039, green: 0.3137, blue: 0.6431, colorSpace: ColorSpace.sRGB))
                                                                                                                                                                   │                   │        │                        └IconTheme(size: 24.0, fill: 0.0, weight: 400.0, grade: 0.0, opticalSize: 48.0, color: Color(alpha: 1.0000, red: 0.1137, green: 0.1059, blue: 0.1255, colorSpace: ColorSpace.sRGB), opacity: 1.0, applyTextScaling: false)
                                                                                                                                                                   │                   │        │                         └DefaultSelectionStyle
                                                                                                                                                                   │                   │        │                          └InkWell
                                                                                                                                                                   │                   │        │                           └_InkResponseStateWidget(gestures: [tap], mouseCursor: ButtonStyleButton_MouseCursor, clipped to BoxShape.rectangle, dependencies: [InheritedCupertinoTheme, MediaQuery, _InheritedTheme, _LocalizationsScope-[GlobalKey#98331]], state: _InkResponseState#4be42)
                                                                                                                                                                   │                   │        │                            └_ParentInkResponseProvider
                                                                                                                                                                   │                   │        │                             └Actions(dispatcher: null, actions: {ActivateIntent: CallbackAction<ActivateIntent>#58920, ButtonActivateIntent: CallbackAction<ButtonActivateIntent>#ee5ad}, state: _ActionsState#7478a)
                                                                                                                                                                   │                   │        │                              └_ActionsScope
                                                                                                                                                                   │                   │        │                               └Focus(dependencies: [_FocusInheritedScope], state: _FocusState#3cd1f)
                                                                                                                                                                   │                   │        │                                └_FocusInheritedScope
                                                                                                                                                                   │                   │        │                                 └Semantics(container: false, properties: SemanticsProperties, renderObject: RenderSemanticsAnnotations#5594d relayoutBoundary=up7)
                                                                                                                                                                   │                   │        │                                  └MouseRegion(listeners: [enter, exit], cursor: SystemMouseCursor(basic), renderObject: RenderMouseRegion#91b2a relayoutBoundary=up8)
                                                                                                                                                                   │                   │        │                                   └Builder(dependencies: [DefaultSelectionStyle])
                                                                                                                                                                   │                   │        │                                    └DefaultSelectionStyle
                                                                                                                                                                   │                   │        │                                     └Semantics(container: false, properties: SemanticsProperties, renderObject: RenderSemanticsAnnotations#05d77 relayoutBoundary=up9)
                                                                                                                                                                   │                   │        │                                      └GestureDetector(startBehavior: start, dependencies: [MediaQuery, ScrollConfiguration])
                                                                                                                                                                   │                   │        │                                       └RawGestureDetector(state: RawGestureDetectorState#cbaab(gestures: [tap], excludeFromSemantics: true, behavior: opaque))
                                                                                                                                                                   │                   │        │                                        └Listener(listeners: [down, panZoomStart], behavior: opaque, renderObject: RenderPointerListener#d975c relayoutBoundary=up10)
                                                                                                                                                                   │                   │        │                                         └Padding(padding: EdgeInsets.all(8.0), dependencies: [Directionality], renderObject: RenderPadding#b47c1 relayoutBoundary=up11)
                                                                                                                                                                   │                   │        │                                          └Align(alignment: Alignment.center, widthFactor: 1.0, heightFactor: 1.0, dependencies: [Directionality], renderObject: RenderPositionedBox#d0a0b relayoutBoundary=up12)
                                                                                                                                                                   │                   │        │                                           └Semantics(container: false, properties: SemanticsProperties, renderObject: RenderSemanticsAnnotations#e6449 relayoutBoundary=up13)
                                                                                                                                                                   │                   │        │                                            └Icon(IconData(U+0E094), size: 20.0, color: Color(alpha: 1.0000, red: 0.1020, green: 0.1373, blue: 0.4941, colorSpace: ColorSpace.sRGB), dependencies: [Directionality, IconTheme])
                                                                                                                                                                   │                   │        │                                             └Semantics(container: false, properties: SemanticsProperties, renderObject: RenderSemanticsAnnotations#e32e3 relayoutBoundary=up14)
                                                                                                                                                                   │                   │        │                                              └ExcludeSemantics(excluding: true, renderObject: RenderExcludeSemantics#1e458 relayoutBoundary=up15)
                                                                                                                                                                   │                   │        │                                               └SizedBox(width: 20.0, height: 20.0, renderObject: RenderConstrainedBox#09164 relayoutBoundary=up16)
                                                                                                                                                                   │                   │        │                                                └Center(alignment: Alignment.center, dependencies: [Directionality], renderObject: RenderPositionedBox#41ebe)
                                                                                                                                                                   │                   │        │                                                 └RichText(textDirection: ltr, softWrap: wrapping at box width, overflow: visible, maxLines: unlimited, text: "", dependencies: [_LocalizationsScope-[GlobalKey#98331]], renderObject: RenderParagraph#7c73f relayoutBoundary=up1)
                                                                                                                                                                   │                   │        └LayoutId-[<_ToolbarSlot.middle>](id: _ToolbarSlot.middle)
                                                                                                                                                                   │                   │         └Builder(dependencies: [MediaQuery])
                                                                                                                                                                   │                   │          └MediaQuery(MediaQueryData(size: Size(1080.0, 4000.0), devicePixelRatio: 1.0, textScaler: SystemTextScaler (no scaling) clamped [0.0, 1.34], platformBrightness: Brightness.light, padding: EdgeInsets.zero, viewPadding: EdgeInsets.zero, viewInsets: EdgeInsets.zero, systemGestureInsets: EdgeInsets.zero, alwaysUse24HourFormat: false, accessibleNavigation: false, highContrast: false, onOffSwitchLabels: false, disableAnimations: false, invertColors: false, boldText: false, navigationMode: traditional, gestureSettings: DeviceGestureSettings(touchSlop: null), displayFeatures: [], supportsShowingSystemContextMenu: false, lineHeightScaleFactorOverride: null, letterSpacingOverride: null, wordSpacingOverride: null, paragraphSpacingOverride: null))
                                                                                                                                                                   │                   │           └DefaultTextStyle(debugLabel: ((englishLike titleLarge 2021).merge((blackMountainView titleLarge).apply)).copyWith, inherit: false, color: Color(alpha: 1.0000, red: 0.1137, green: 0.1059, blue: 0.1255, colorSpace: ColorSpace.sRGB), family: Roboto, size: 22.0, weight: 400, letterSpacing: 0.0, baseline: alphabetic, height: 1.3x, leadingDistribution: even, decoration: Color(alpha: 1.0000, red: 0.1137, green: 0.1059, blue: 0.1255, colorSpace: ColorSpace.sRGB) TextDecoration.none, softWrap: no wrapping except at line break characters, overflow: ellipsis)
                                                                                                                                                                   │                   │            └Semantics(container: false, properties: SemanticsProperties, renderObject: RenderSemanticsAnnotations#4b5b4 relayoutBoundary=up14)
                                                                                                                                                                   │                   │             └_AppBarTitleBox(dependencies: [Directionality], renderObject: _RenderAppBarTitleBox#fef47 relayoutBoundary=up15)
                                                                                                                                                                   │                   │              └Text("大会 公式記録", inherit: true, color: Color(alpha: 1.0000, red: 0.1020, green: 0.1373, blue: 0.4941, colorSpace: ColorSpace.sRGB), size: 16.0, weight: 700, dependencies: [DefaultSelectionStyle, DefaultTextStyle, MediaQuery])
                                                                                                                                                                   │                   │               └RichText(softWrap: no wrapping except at line break characters, overflow: ellipsis, textScaler: SystemTextScaler (no scaling) clamped [0.0, 1.34], maxLines: unlimited, text: "大会 公式記録", dependencies: [Directionality, _LocalizationsScope-[GlobalKey#98331]], renderObject: RenderParagraph#d0c3c relayoutBoundary=up16)
                                                                                                                                                                   │                   └TabBar(dependencies: [Directionality, InheritedCupertinoTheme, MediaQuery, ScrollConfiguration, _InheritedTheme, _LocalizationsScope-[GlobalKey#98331], _TabControllerScope], state: _TabBarState#a06cb)
                                                                                                                                                                   │                    └Material(type: transparency, dependencies: [Directionality, InheritedCupertinoTheme, _InheritedTheme, _LocalizationsScope-[GlobalKey#98331]], state: _MaterialState#93ea4)
                                                                                                                                                                   │                     └ClipPath(clipper: ShapeBorderClipper, renderObject: RenderClipPath#43078 relayoutBoundary=up10)
                                                                                                                                                                   │                      └_ShapeBorderPaint(dependencies: [Directionality])
                                                                                                                                                                   │                       └CustomPaint(renderObject: RenderCustomPaint#dc2f5 relayoutBoundary=up11)
                                                                                                                                                                   │                        └NotificationListener<LayoutChangedNotification>
                                                                                                                                                                   │                         └_InkFeatures-[GlobalKey#d343c ink renderer](renderObject: _RenderInkFeatures#a9892 relayoutBoundary=up12)
                                                                                                                                                                   │                          └AnimatedDefaultTextStyle(duration: 200ms, debugLabel: (englishLike bodyMedium 2021).merge((blackMountainView bodyMedium).apply), inherit: false, color: Color(alpha: 1.0000, red: 0.1137, green: 0.1059, blue: 0.1255, colorSpace: ColorSpace.sRGB), family: Roboto, size: 14.0, weight: 400, letterSpacing: 0.3, baseline: alphabetic, height: 1.4x, leadingDistribution: even, decoration: Color(alpha: 1.0000, red: 0.1137, green: 0.1059, blue: 0.1255, colorSpace: ColorSpace.sRGB) TextDecoration.none, softWrap: wrapping at box width, overflow: clip, state: _AnimatedDefaultTextStyleState#ba6d4(ticker inactive))
                                                                                                                                                                   │                           └DefaultTextStyle(debugLabel: (englishLike bodyMedium 2021).merge((blackMountainView bodyMedium).apply), inherit: false, color: Color(alpha: 1.0000, red: 0.1137, green: 0.1059, blue: 0.1255, colorSpace: ColorSpace.sRGB), family: Roboto, size: 14.0, weight: 400, letterSpacing: 0.3, baseline: alphabetic, height: 1.4x, leadingDistribution: even, decoration: Color(alpha: 1.0000, red: 0.1137, green: 0.1059, blue: 0.1255, colorSpace: ColorSpace.sRGB) TextDecoration.none, softWrap: wrapping at box width, overflow: clip)
                                                                                                                                                                   │                            └MediaQuery(MediaQueryData(size: Size(1080.0, 4000.0), devicePixelRatio: 1.0, textScaler: SystemTextScaler (no scaling), platformBrightness: Brightness.light, padding: EdgeInsets.zero, viewPadding: EdgeInsets.zero, viewInsets: EdgeInsets.zero, systemGestureInsets: EdgeInsets.zero, alwaysUse24HourFormat: false, accessibleNavigation: false, highContrast: false, onOffSwitchLabels: false, disableAnimations: false, invertColors: false, boldText: false, navigationMode: traditional, gestureSettings: DeviceGestureSettings(touchSlop: null), displayFeatures: [], supportsShowingSystemContextMenu: false, lineHeightScaleFactorOverride: null, letterSpacingOverride: null, wordSpacingOverride: null, paragraphSpacingOverride: null))
                                                                                                                                                                   │                             └CustomPaint(renderObject: RenderCustomPaint#bc539 relayoutBoundary=up13)
                                                                                                                                                                   │                              └Align(alignment: AlignmentDirectional.centerStart, heightFactor: 1.0, dependencies: [Directionality], renderObject: RenderPositionedBox#9c6eb relayoutBoundary=up14)
                                                                                                                                                                   │                               └ScrollConfiguration(behavior: _WrappedScrollBehavior)
                                                                                                                                                                   │                                └SingleChildScrollView(dependencies: [Directionality, ScrollConfiguration])
                                                                                                                                                                   │                                 └Scrollable(axisDirection: right, physics: null, restorationId: null, dependencies: [InheritedCupertinoTheme, MediaQuery, ScrollConfiguration, UnmanagedRestorationScope, _InheritedTheme, _LocalizationsScope-[GlobalKey#98331]], state: ScrollableState#93226(position: _TabBarScrollPosition#380b5(offset: 0.0, range: 0.0..0.0, viewport: 154.5, ScrollableState, ClampingScrollPhysics -> RangeMaintainingScrollPhysics, IdleScrollActivity#40ae3, ScrollDirection.idle), effective physics: ClampingScrollPhysics -> RangeMaintainingScrollPhysics))
                                                                                                                                                                   │                                  └NotificationListener<ScrollMetricsNotification>
                                                                                                                                                                   │                                   └_ScrollSemantics-[GlobalKey#1d087](renderObject: _RenderScrollSemantics#65ffb relayoutBoundary=up15)
                                                                                                                                                                   │                                    └_ScrollableScope
                                                                                                                                                                   │                                     └Listener(listeners: [signal], behavior: deferToChild, renderObject: RenderPointerListener#ce307 relayoutBoundary=up16)
                                                                                                                                                                   │                                      └RawGestureDetector-[LabeledGlobalKey<RawGestureDetectorState>#90dc3](state: RawGestureDetectorState#257e2(gestures: <none>, behavior: opaque))
                                                                                                                                                                   │                                       └_GestureSemantics(renderObject: RenderSemanticsGestureHandler#4862c relayoutBoundary=up17)
                                                                                                                                                                   │                                        └Listener(listeners: [down, panZoomStart], behavior: opaque, renderObject: RenderPointerListener#e999f relayoutBoundary=up18)
                                                                                                                                                                   │                                         └Semantics(container: false, properties: SemanticsProperties, renderObject: RenderSemanticsAnnotations#f03f3 relayoutBoundary=up19)
                                                                                                                                                                   │                                          └IgnorePointer-[GlobalKey#51229](ignoring: false, renderObject: RenderIgnorePointer#8ee42 relayoutBoundary=up20)
                                                                                                                                                                   │                                           └_SingleChildViewport(renderObject: _RenderSingleChildViewport#37a09 relayoutBoundary=up21)
                                                                                                                                                                   │                                            └Padding(padding: EdgeInsetsDirectional(52.0, 0.0, 0.0, 0.0), dependencies: [Directionality], renderObject: RenderPadding#cc352 relayoutBoundary=up22)
                                                                                                                                                                   │                                             └Semantics(container: true, properties: SemanticsProperties, role: tabBar, renderObject: RenderSemanticsAnnotations#5a08c relayoutBoundary=up23)
                                                                                                                                                                   │                                              └CustomPaint(renderObject: RenderCustomPaint#2ba09 relayoutBoundary=up24)
                                                                                                                                                                   │                                               └_TabStyle(listenable: kAlwaysDismissedAnimation, dependencies: [IconTheme, InheritedCupertinoTheme, _InheritedTheme, _LocalizationsScope-[GlobalKey#98331]], state: _AnimatedState#b473d)
                                                                                                                                                                   │                                                └DefaultTextStyle(debugLabel: (lerp(((englishLike titleSmall 2021).merge((blackMountainView titleSmall).apply)).copyWith ⎯0.0→ ((englishLike titleSmall 2021).merge((blackMountainView titleSmall).apply)).copyWith)).copyWith, inherit: true, color: Color(alpha: 1.0000, red: 0.6196, green: 0.6196, blue: 0.6196, colorSpace: ColorSpace.sRGB), family: Roboto, size: 14.0, weight: 500, letterSpacing: 0.1, baseline: alphabetic, height: 1.4x, leadingDistribution: even, decoration: Color(alpha: 1.0000, red: 0.1137, green: 0.1059, blue: 0.1255, colorSpace: ColorSpace.sRGB) TextDecoration.none, softWrap: wrapping at box width, overflow: clip)
                                                                                                                                                                   │                                                 └Builder(dependencies: [IconTheme])
                                                                                                                                                                   │                                                  └IconTheme(size: 24.0, color: Color(alpha: 1.0000, red: 0.6196, green: 0.6196, blue: 0.6196, colorSpace: ColorSpace.sRGB))
                                                                                                                                                                   │                                                   └_TabLabelBar(direction: horizontal, mainAxisAlignment: start, mainAxisSize: min, crossAxisAlignment: center, dependencies: [Directionality], renderObject: _TabLabelBarRenderer#f8f86 relayoutBoundary=up25)
                                                                                                                                                                   │                                                    └MergeSemantics(renderObject: RenderMergeSemantics#eb273 relayoutBoundary=up26)
                                                                                                                                                                   │                                                     └InkWell
                                                                                                                                                                   │                                                      └_InkResponseStateWidget(gestures: [tap], mouseCursor: SystemMouseCursor(click), clipped to BoxShape.rectangle, dependencies: [InheritedCupertinoTheme, MediaQuery, _InheritedTheme, _LocalizationsScope-[GlobalKey#98331]], state: _InkResponseState#693f5)
                                                                                                                                                                   │                                                       └_ParentInkResponseProvider
                                                                                                                                                                   │                                                        └Actions(dispatcher: null, actions: {ActivateIntent: CallbackAction<ActivateIntent>#c09be, ButtonActivateIntent: CallbackAction<ButtonActivateIntent>#889a4}, state: _ActionsState#2c2e3)
                                                                                                                                                                   │                                                         └_ActionsScope
                                                                                                                                                                   │                                                          └Focus(dependencies: [_FocusInheritedScope], state: _FocusState#db02b)
                                                                                                                                                                   │                                                           └_FocusInheritedScope
                                                                                                                                                                   │                                                            └Semantics(container: false, properties: SemanticsProperties, renderObject: RenderSemanticsAnnotations#bfd65 relayoutBoundary=up27)
                                                                                                                                                                   │                                                             └MouseRegion(listeners: [enter, exit], cursor: SystemMouseCursor(click), renderObject: RenderMouseRegion#bb56c relayoutBoundary=up28)
                                                                                                                                                                   │                                                              └Builder(dependencies: [DefaultSelectionStyle])
                                                                                                                                                                   │                                                               └DefaultSelectionStyle
                                                                                                                                                                   │                                                                └Semantics(container: false, properties: SemanticsProperties, renderObject: RenderSemanticsAnnotations#d9d2e relayoutBoundary=up29)
                                                                                                                                                                   │                                                                 └GestureDetector(startBehavior: start, dependencies: [MediaQuery, ScrollConfiguration])
                                                                                                                                                                   │                                                                  └RawGestureDetector(state: RawGestureDetectorState#f4d85(gestures: [tap], excludeFromSemantics: true, behavior: opaque))
                                                                                                                                                                   │                                                                   └Listener(listeners: [down, panZoomStart], behavior: opaque, renderObject: RenderPointerListener#8194c relayoutBoundary=up30)
                                                                                                                                                                   │                                                                    └Padding(padding: EdgeInsets(0.0, 0.0, 0.0, 2.0), dependencies: [Directionality], renderObject: RenderPadding#f9177 relayoutBoundary=up31)
                                                                                                                                                                   │                                                                     └Semantics(container: false, properties: SemanticsProperties, role: tab, renderObject: RenderSemanticsAnnotations#6888a relayoutBoundary=up32)
                                                                                                                                                                   │                                                                      └Stack(alignment: AlignmentDirectional.topStart, fit: loose, dependencies: [Directionality], renderObject: RenderStack#4aee1 relayoutBoundary=up33)
                                                                                                                                                                   │                                                                       ├_TabStyle(listenable: _DragAnimation#75ce6(▶), dependencies: [IconTheme, InheritedCupertinoTheme, _InheritedTheme, _LocalizationsScope-[GlobalKey#98331]], state: _AnimatedState#67df9)
                                                                                                                                                                   │                                                                       │└DefaultTextStyle(debugLabel: (lerp(((englishLike titleSmall 2021).merge((blackMountainView titleSmall).apply)).copyWith ⎯0.0→ ((englishLike titleSmall 2021).merge((blackMountainView titleSmall).apply)).copyWith)).copyWith, inherit: true, color: Color(alpha: 1.0000, red: 0.1020, green: 0.1373, blue: 0.4941, colorSpace: ColorSpace.sRGB), family: Roboto, size: 14.0, weight: 500, letterSpacing: 0.1, baseline: alphabetic, height: 1.4x, leadingDistribution: even, decoration: Color(alpha: 1.0000, red: 0.1137, green: 0.1059, blue: 0.1255, colorSpace: ColorSpace.sRGB) TextDecoration.none, softWrap: wrapping at box width, overflow: clip)
                                                                                                                                                                   │                                                                       │ └Builder(dependencies: [IconTheme])
                                                                                                                                                                   │                                                                       │  └IconTheme(size: 24.0, color: Color(alpha: 1.0000, red: 0.1020, green: 0.1373, blue: 0.4941, colorSpace: ColorSpace.sRGB))
                                                                                                                                                                   │                                                                       │   └Center(alignment: Alignment.center, heightFactor: 1.0, dependencies: [Directionality], renderObject: RenderPositionedBox#49c84 relayoutBoundary=up34)
                                                                                                                                                                   │                                                                       │    └Padding(padding: EdgeInsets(16.0, 0.0, 16.0, 0.0), dependencies: [Directionality], renderObject: RenderPadding#aef98 relayoutBoundary=up35)
                                                                                                                                                                   │                                                                       │     └KeyedSubtree-[GlobalKey#9a104]
                                                                                                                                                                   │                                                                       │      └Tab-[<'viewer_tab_全カテゴリ'>](text: "全カテゴリ")
                                                                                                                                                                   │                                                                       │       └SizedBox(height: 46.0, renderObject: RenderConstrainedBox#8afe2 relayoutBoundary=up36)
                                                                                                                                                                   │                                                                       │        └Center(alignment: Alignment.center, widthFactor: 1.0, dependencies: [Directionality], renderObject: RenderPositionedBox#9fa64 relayoutBoundary=up37)
                                                                                                                                                                   │                                                                       │         └Text("全カテゴリ", softWrap: no wrapping except at line break characters, overflow: fade, dependencies: [DefaultSelectionStyle, DefaultTextStyle, MediaQuery])
                                                                                                                                                                   │                                                                       │          └RichText(softWrap: no wrapping except at line break characters, overflow: fade, maxLines: unlimited, text: "全カテゴリ", dependencies: [Directionality, _LocalizationsScope-[GlobalKey#98331]], renderObject: RenderParagraph#39339 relayoutBoundary=up38)
                                                                                                                                                                   │                                                                       └Semantics(container: false, properties: SemanticsProperties, selected: true, label: "Tab 1 of 1", dependencies: [Directionality], renderObject: RenderSemanticsAnnotations#5ac99 relayoutBoundary=up34)
                                                                                                                                                                   └LayoutId-[<_ScaffoldSlot.floatingActionButton>](id: _ScaffoldSlot.floatingActionButton)
                                                                                                                                                                    └MediaQuery(MediaQueryData(size: Size(1080.0, 4000.0), devicePixelRatio: 1.0, textScaler: SystemTextScaler (no scaling), platformBrightness: Brightness.light, padding: EdgeInsets.zero, viewPadding: EdgeInsets.zero, viewInsets: EdgeInsets.zero, systemGestureInsets: EdgeInsets.zero, alwaysUse24HourFormat: false, accessibleNavigation: false, highContrast: false, onOffSwitchLabels: false, disableAnimations: false, invertColors: false, boldText: false, navigationMode: traditional, gestureSettings: DeviceGestureSettings(touchSlop: null), displayFeatures: [], supportsShowingSystemContextMenu: false, lineHeightScaleFactorOverride: null, letterSpacingOverride: null, wordSpacingOverride: null, paragraphSpacingOverride: null))
                                                                                                                                                                     └_FloatingActionButtonTransition(state: _FloatingActionButtonTransitionState#5cfde(tickers: tracking 1 ticker))
                                                                                                                                                                      └Stack(alignment: Alignment.centerRight, fit: loose, dependencies: [Directionality], renderObject: RenderStack#636a9 relayoutBoundary=up1)
                                                                                                                                                                       └ScaleTransition(listenable: AnimationMin<double>(_AnimationSwap<double>(AnimationController#ab840(⏭ 1.000; paused)➩CurveTween(curve: FlippedCurve(Interval(0.5⋯1.0)➩Cubic(0.25, 0.10, 0.25, 1.00)))➩1.0➪ReverseAnimation, AnimationController#ab840(⏭ 1.000; paused)➩CurveTween(curve: Interval(0.5⋯1.0)➩Cubic(0.25, 0.10, 0.25, 1.00))➩1.0), AnimationController#188f4(⏮ 0.000; paused)➩Cubic(0.42, 0.00, 1.00, 1.00)), state: _AnimatedState#cf5ed)
                                                                                                                                                                        └Transform(dependencies: [Directionality], renderObject: RenderTransform#655d3 relayoutBoundary=up2)
                                                                                                                                                                         └RotationTransition(listenable: AnimationController#188f4(⏮ 0.000; paused)➩CurveTween(curve: Cubic(0.42, 0.00, 1.00, 1.00))➩Tween<double>(0.875 → 1.0)➩0.875➩TrainHoppingAnimation(next: _AnimationSwap<double>(AnimationController#ab840(⏭ 1.000; paused)➩Tween<double>(0.75 → 1.0)➩1.0, AnimationController#ab840(⏭ 1.000; paused)➩CurveTween(curve: Threshold)➩1.0➪ReverseAnimation)), state: _AnimatedState#fbd98)
                                                                                                                                                                          └Transform(dependencies: [Directionality], renderObject: RenderTransform#aa001 relayoutBoundary=up3 NEEDS-PAINT)


[ +235 ms] <- accept
[        ] <- reset
[        ] Compiling file:///var/folders/hh/1g2yms7d3890gm5lz8l0jmj80000gn/T/flutter_tools.X3xqwV/flutter_test_listener.clGH3U/listener.dart took 546ms
[        ] Compiling file:///var/folders/hh/1g2yms7d3890gm5lz8l0jmj80000gn/T/flutter_tools.X3xqwV/flutter_test_listener.BDiv0t/listener.dart
[        ] test 29: starting test device
[        ] test 29: awaiting connection to test device
[   +6 ms] test 29: VM Service uri is not available
[        ] test 29: test harness socket server is running at port:54015
[        ] test 29: Starting flutter_tester process with command=[/Users/saradafumiaki/development/flutter/bin/cache/artifacts/engine/darwin-x64/flutter_tester, --disable-vm-service, --enable-checked-mode, --verify-entry-points, --enable-software-rendering, --skia-deterministic-rendering, --enable-dart-profiling, --non-interactive, --use-test-fonts, --disable-asset-fonts, --packages=/Users/saradafumiaki/Documents/Apps/kendo_os/.dart_tool/package_config.json, --flutter-assets-dir=/Users/saradafumiaki/Documents/Apps/kendo_os/build/unit_test_assets, /var/folders/hh/1g2yms7d3890gm5lz8l0jmj80000gn/T/flutter_tools.X3xqwV/flutter_test_listener.clGH3U/listener.dart.dill], environment={FLUTTER_TEST: true, FONTCONFIG_FILE: /var/folders/hh/1g2yms7d3890gm5lz8l0jmj80000gn/T/flutter_tools.X3xqwV/flutter_test_fonts.hib7TY/fonts.conf, SERVER_PORT: 54015, APP_NAME: kendo_os, UNIT_TEST_ASSETS: /Users/saradafumiaki/Documents/Apps/kendo_os/build/unit_test_assets}
[   +7 ms] test 29: Started flutter_tester process at pid 33525
00:14 +115 -1: /Users/saradafumiaki/Documents/Apps/kendo_os/test/widget/bunaiksen_mode_test.dart: 部内戦 成績一覧 UIの表示テスト (Widget Test) 団体戦の場合、チーム名が「赤」「白」に固定されていること
[  +56 ms] Found plugin integration_test at /Users/saradafumiaki/development/flutter/packages/integration_test/
[  +19 ms] Found plugin firebase_core at /Users/saradafumiaki/.pub-cache/hosted/pub.dev/firebase_core-4.7.0/
[        ] Found plugin firebase_core_web at /Users/saradafumiaki/.pub-cache/hosted/pub.dev/firebase_core_web-3.6.0/
[   +2 ms] Found plugin cloud_firestore at /Users/saradafumiaki/.pub-cache/hosted/pub.dev/cloud_firestore-6.3.0/
[   +1 ms] Found plugin cloud_firestore_web at /Users/saradafumiaki/.pub-cache/hosted/pub.dev/cloud_firestore_web-5.3.0/
[   +3 ms] Found plugin wakelock_plus at /Users/saradafumiaki/.pub-cache/hosted/pub.dev/wakelock_plus-1.5.2/
[   +2 ms] Found plugin package_info_plus at /Users/saradafumiaki/.pub-cache/hosted/pub.dev/package_info_plus-9.0.1/
[   +4 ms] Found plugin url_launcher at /Users/saradafumiaki/.pub-cache/hosted/pub.dev/url_launcher-6.3.2/
[   +1 ms] Found plugin url_launcher_windows at /Users/saradafumiaki/.pub-cache/hosted/pub.dev/url_launcher_windows-3.1.5/
[   +1 ms] Found plugin url_launcher_web at /Users/saradafumiaki/.pub-cache/hosted/pub.dev/url_launcher_web-2.4.2/
[   +1 ms] Found plugin url_launcher_macos at /Users/saradafumiaki/.pub-cache/hosted/pub.dev/url_launcher_macos-3.2.5/
[        ] Found plugin url_launcher_linux at /Users/saradafumiaki/.pub-cache/hosted/pub.dev/url_launcher_linux-3.2.2/
[        ] Found plugin url_launcher_ios at /Users/saradafumiaki/.pub-cache/hosted/pub.dev/url_launcher_ios-6.4.1/
[   +1 ms] Found plugin url_launcher_android at /Users/saradafumiaki/.pub-cache/hosted/pub.dev/url_launcher_android-6.3.29/
[   +1 ms] Found plugin syncfusion_flutter_pdfviewer at /Users/saradafumiaki/.pub-cache/hosted/pub.dev/syncfusion_flutter_pdfviewer-28.2.12/
[        ] Found plugin syncfusion_pdfviewer_windows at /Users/saradafumiaki/.pub-cache/hosted/pub.dev/syncfusion_pdfviewer_windows-28.2.12/
[        ] Found plugin syncfusion_pdfviewer_web at /Users/saradafumiaki/.pub-cache/hosted/pub.dev/syncfusion_pdfviewer_web-28.2.12/
[   +1 ms] Found plugin syncfusion_pdfviewer_macos at /Users/saradafumiaki/.pub-cache/hosted/pub.dev/syncfusion_pdfviewer_macos-28.2.12/
[   +3 ms] Found plugin device_info_plus at /Users/saradafumiaki/.pub-cache/hosted/pub.dev/device_info_plus-11.5.0/
[   +2 ms] Found plugin shared_preferences at /Users/saradafumiaki/.pub-cache/hosted/pub.dev/shared_preferences-2.5.5/
[        ] Found plugin shared_preferences_windows at /Users/saradafumiaki/.pub-cache/hosted/pub.dev/shared_preferences_windows-2.4.1/
[   +1 ms] Found plugin path_provider_windows at /Users/saradafumiaki/.pub-cache/hosted/pub.dev/path_provider_windows-2.3.0/
[   +1 ms] Found plugin shared_preferences_web at /Users/saradafumiaki/.pub-cache/hosted/pub.dev/shared_preferences_web-2.4.3/
[   +1 ms] Found plugin shared_preferences_linux at /Users/saradafumiaki/.pub-cache/hosted/pub.dev/shared_preferences_linux-2.4.1/
[   +1 ms] Found plugin path_provider_linux at /Users/saradafumiaki/.pub-cache/hosted/pub.dev/path_provider_linux-2.2.1/
[   +1 ms] Found plugin shared_preferences_foundation at /Users/saradafumiaki/.pub-cache/hosted/pub.dev/shared_preferences_foundation-2.5.6/
[        ] Found plugin shared_preferences_android at /Users/saradafumiaki/.pub-cache/hosted/pub.dev/shared_preferences_android-2.4.23/
[   +1 ms] Found plugin share_plus at /Users/saradafumiaki/.pub-cache/hosted/pub.dev/share_plus-12.0.2/
[   +3 ms] Found plugin path_provider at /Users/saradafumiaki/.pub-cache/hosted/pub.dev/path_provider-2.1.5/
[   +1 ms] Found plugin path_provider_foundation at /Users/saradafumiaki/.pub-cache/hosted/pub.dev/path_provider_foundation-2.6.0/
[   +5 ms] Found plugin path_provider_android at /Users/saradafumiaki/.pub-cache/hosted/pub.dev/path_provider_android-2.3.1/
[   +1 ms] Found plugin jni_flutter at /Users/saradafumiaki/.pub-cache/hosted/pub.dev/jni_flutter-1.0.1/
[   +1 ms] Found plugin jni at /Users/saradafumiaki/.pub-cache/hosted/pub.dev/jni-1.0.0/
[   +3 ms] Found plugin printing at /Users/saradafumiaki/.pub-cache/hosted/pub.dev/printing-5.14.3/
[   +6 ms] Found plugin isar_community_flutter_libs at /Users/saradafumiaki/.pub-cache/hosted/pub.dev/isar_community_flutter_libs-3.3.2/
[   +1 ms] Found plugin google_sign_in at /Users/saradafumiaki/.pub-cache/hosted/pub.dev/google_sign_in-6.3.0/
[        ] Found plugin google_sign_in_web at /Users/saradafumiaki/.pub-cache/hosted/pub.dev/google_sign_in_web-0.12.4+4/
[   +4 ms] Found plugin google_sign_in_ios at /Users/saradafumiaki/.pub-cache/hosted/pub.dev/google_sign_in_ios-5.9.0/
[   +1 ms] Found plugin google_sign_in_android at /Users/saradafumiaki/.pub-cache/hosted/pub.dev/google_sign_in_android-6.2.1/
[   +2 ms] Found plugin flutter_tts at /Users/saradafumiaki/.pub-cache/hosted/pub.dev/flutter_tts-4.2.5/
[   +5 ms] Found plugin flutter_image_compress at /Users/saradafumiaki/.pub-cache/hosted/pub.dev/flutter_image_compress-2.4.0/
[   +1 ms] Found plugin flutter_image_compress_web at /Users/saradafumiaki/.pub-cache/hosted/pub.dev/flutter_image_compress_web-0.1.5/
[   +2 ms] Found plugin flutter_image_compress_ohos at /Users/saradafumiaki/.pub-cache/hosted/pub.dev/flutter_image_compress_ohos-0.0.3/
[   +2 ms] Found plugin flutter_image_compress_macos at /Users/saradafumiaki/.pub-cache/hosted/pub.dev/flutter_image_compress_macos-1.0.3/
[   +1 ms] Found plugin flutter_image_compress_common at /Users/saradafumiaki/.pub-cache/hosted/pub.dev/flutter_image_compress_common-1.0.6/
[   +1 ms] Found plugin firebase_storage at /Users/saradafumiaki/.pub-cache/hosted/pub.dev/firebase_storage-13.3.0/
[   +1 ms] Found plugin firebase_storage_web at /Users/saradafumiaki/.pub-cache/hosted/pub.dev/firebase_storage_web-3.11.5/
[   +1 ms] Found plugin firebase_crashlytics at /Users/saradafumiaki/.pub-cache/hosted/pub.dev/firebase_crashlytics-5.2.0/
[   +6 ms] Found plugin firebase_auth at /Users/saradafumiaki/.pub-cache/hosted/pub.dev/firebase_auth-6.4.0/
[   +1 ms] Found plugin firebase_auth_web at /Users/saradafumiaki/.pub-cache/hosted/pub.dev/firebase_auth_web-6.1.5/
[   +1 ms] Found plugin file_picker at /Users/saradafumiaki/.pub-cache/hosted/pub.dev/file_picker-8.3.7/
[        ] Found plugin flutter_plugin_android_lifecycle at /Users/saradafumiaki/.pub-cache/hosted/pub.dev/flutter_plugin_android_lifecycle-2.0.34/
[   +2 ms] Found plugin connectivity_plus at /Users/saradafumiaki/.pub-cache/hosted/pub.dev/connectivity_plus-6.1.5/
[   +2 ms] Found plugin audioplayers at /Users/saradafumiaki/.pub-cache/hosted/pub.dev/audioplayers-6.6.0/
[   +1 ms] Found plugin audioplayers_windows at /Users/saradafumiaki/.pub-cache/hosted/pub.dev/audioplayers_windows-4.3.0/
[   +1 ms] Found plugin audioplayers_web at /Users/saradafumiaki/.pub-cache/hosted/pub.dev/audioplayers_web-5.2.0/
[   +1 ms] Found plugin audioplayers_linux at /Users/saradafumiaki/.pub-cache/hosted/pub.dev/audioplayers_linux-4.2.1/
[   +1 ms] Found plugin audioplayers_darwin at /Users/saradafumiaki/.pub-cache/hosted/pub.dev/audioplayers_darwin-6.4.0/
[        ] Found plugin audioplayers_android at /Users/saradafumiaki/.pub-cache/hosted/pub.dev/audioplayers_android-5.2.1/
[   +3 ms] Skipping generating dart_plugin_registrant.dart because it is up-to-date.
[        ] <- recompile file:///var/folders/hh/1g2yms7d3890gm5lz8l0jmj80000gn/T/flutter_tools.X3xqwV/flutter_test_listener.BDiv0t/listener.dart 95068cd2-a22a-43ca-8dc7-f22a30d786dc
[        ] file:///var/folders/hh/1g2yms7d3890gm5lz8l0jmj80000gn/T/flutter_tools.X3xqwV/flutter_test_listener.BDiv0t/listener.dart
[        ] file:///Users/saradafumiaki/Documents/Apps/kendo_os/.dart_tool/flutter_build/dart_plugin_registrant.dart
[        ] <- 95068cd2-a22a-43ca-8dc7-f22a30d786dc
[ +228 ms] <- accept
[        ] <- reset
[        ] Compiling file:///var/folders/hh/1g2yms7d3890gm5lz8l0jmj80000gn/T/flutter_tools.X3xqwV/flutter_test_listener.BDiv0t/listener.dart took 435ms
[        ] test 30: starting test device
[        ] test 30: awaiting connection to test device
[        ] test 30: VM Service uri is not available
[        ] test 30: test harness socket server is running at port:54016
[        ] test 30: Starting flutter_tester process with command=[/Users/saradafumiaki/development/flutter/bin/cache/artifacts/engine/darwin-x64/flutter_tester, --disable-vm-service, --enable-checked-mode, --verify-entry-points, --enable-software-rendering, --skia-deterministic-rendering, --enable-dart-profiling, --non-interactive, --use-test-fonts, --disable-asset-fonts, --packages=/Users/saradafumiaki/Documents/Apps/kendo_os/.dart_tool/package_config.json, --flutter-assets-dir=/Users/saradafumiaki/Documents/Apps/kendo_os/build/unit_test_assets, /var/folders/hh/1g2yms7d3890gm5lz8l0jmj80000gn/T/flutter_tools.X3xqwV/flutter_test_listener.BDiv0t/listener.dart.dill], environment={FLUTTER_TEST: true, FONTCONFIG_FILE: /var/folders/hh/1g2yms7d3890gm5lz8l0jmj80000gn/T/flutter_tools.X3xqwV/flutter_test_fonts.hib7TY/fonts.conf, SERVER_PORT: 54016, APP_NAME: kendo_os, UNIT_TEST_ASSETS: /Users/saradafumiaki/Documents/Apps/kendo_os/build/unit_test_assets}
[  +10 ms] test 30: Started flutter_tester process at pid 33526
00:15 +115 -1: /Users/saradafumiaki/Documents/Apps/kendo_os/test/widget/viewer_mode_test.dart: Viewer Mode Tests (Read-Only & Drawing) 4-3. Renders Individual League with SUMMARY (Flat List & Star Table)
AutomatedTestWidgetsFlutterBinding - DEBUG MODE
[root]
└View(state: _ViewState#e0442)
 └RawView
  └_RawViewInternal-[_DeprecatedRawViewKey TestFlutterView#6188d](renderObject: _ReusableRenderView#9c613)
   └_ViewScope
    └_PipelineOwnerScope
     └_MediaQueryFromView(state: _MediaQueryFromViewState#fa791)
      └MediaQuery(MediaQueryData(size: Size(1080.0, 4000.0), devicePixelRatio: 1.0, textScaler: SystemTextScaler (no scaling), platformBrightness: Brightness.light, padding: EdgeInsets.zero, viewPadding: EdgeInsets.zero, viewInsets: EdgeInsets.zero, systemGestureInsets: EdgeInsets.zero, alwaysUse24HourFormat: false, accessibleNavigation: false, highContrast: false, onOffSwitchLabels: false, disableAnimations: false, invertColors: false, boldText: false, navigationMode: traditional, gestureSettings: DeviceGestureSettings(touchSlop: null), displayFeatures: [], supportsShowingSystemContextMenu: false, lineHeightScaleFactorOverride: null, letterSpacingOverride: null, wordSpacingOverride: null, paragraphSpacingOverride: null))
       └FocusTraversalGroup(policy: ReadingOrderTraversalPolicy#cdfa3, state: _FocusTraversalGroupState#e255a)
        └Focus(debugLabel: "FocusTraversalGroup", focusNode: _FocusTraversalGroupNode#7fd00(FocusTraversalGroup [IN FOCUS PATH]), state: _FocusState#d9bcc)
         └_FocusInheritedScope
          └_FocusScopeWithExternalFocusNode(debugLabel: "View Scope", focusNode: FocusScopeNode#ecb81(View Scope [IN FOCUS PATH]), dependencies: [_FocusInheritedScope], state: _FocusScopeState#5ddc5)
           └_FocusInheritedScope
            └ProviderScope(state: ProviderScopeState#fe794)
             └UncontrolledProviderScope
              └MaterialApp(state: _MaterialAppState#ee208)
               └ScrollConfiguration(behavior: MaterialScrollBehavior)
                └HeroControllerScope
                 └WidgetsApp-[GlobalObjectKey _MaterialAppState#ee208](state: _WidgetsAppState#4f12e)
                  └RootRestorationScope(state: _RootRestorationScopeState#273a8)
                   └UnmanagedRestorationScope
                    └RestorationScope(dependencies: [UnmanagedRestorationScope], state: _RestorationScopeState#7bde6)
                     └UnmanagedRestorationScope
                      └SharedAppData(state: _SharedAppDataState#13535)
                       └_SharedAppModel
                        └NotificationListener<NavigationNotification>
                         └Shortcuts(shortcuts: <Default WidgetsApp Shortcuts>, state: _ShortcutsState#6e431)
                          └Focus(debugLabel: "Shortcuts", dependencies: [_FocusInheritedScope], state: _FocusState#e5d7d)
                           └_FocusInheritedScope
                            └Semantics(container: false, properties: SemanticsProperties, renderObject: RenderSemanticsAnnotations#7a046)
                             └DefaultTextEditingShortcuts
                              └Shortcuts(shortcuts: <Default Text Editing Shortcuts>, state: _ShortcutsState#7b0ba)
                               └Focus(debugLabel: "Shortcuts", dependencies: [_FocusInheritedScope], state: _FocusState#5ec79)
                                └_FocusInheritedScope
                                 └Semantics(container: false, properties: SemanticsProperties, renderObject: RenderSemanticsAnnotations#c53e6)
                                  └Actions(dispatcher: null, actions: {DoNothingIntent: DoNothingAction#6e886, DoNothingAndStopPropagationIntent: DoNothingAction#da00e, RequestFocusIntent: RequestFocusAction#e6b46, NextFocusIntent: NextFocusAction#7c5ef, PreviousFocusIntent: PreviousFocusAction#ee6c4, DirectionalFocusIntent: DirectionalFocusAction#bfb81, ScrollIntent: _OverridableContextAction<ScrollIntent>#a3ea6(defaultAction: ScrollAction#d7bee), PrioritizedIntents: PrioritizedAction#93f82, VoidCallbackIntent: VoidCallbackAction#7c6c5}, state: _ActionsState#2e65e)
                                   └_ActionsScope
                                    └FocusTraversalGroup(policy: ReadingOrderTraversalPolicy#4c51a, state: _FocusTraversalGroupState#f9df7)
                                     └Focus(debugLabel: "FocusTraversalGroup", focusNode: _FocusTraversalGroupNode#def66(FocusTraversalGroup [IN FOCUS PATH]), dependencies: [_FocusInheritedScope], state: _FocusState#ce143)
                                      └_FocusInheritedScope
                                       └TapRegionSurface(renderObject: RenderTapRegionSurface#0ec57)
                                        └ShortcutRegistrar(state: _ShortcutRegistrarState#16b2f)
                                         └_ShortcutRegistrarScope
                                          └Shortcuts(manager: ShortcutManager#18b35(shortcuts: {}), shortcuts: {}, state: _ShortcutsState#d2d9f)
                                           └Focus(debugLabel: "Shortcuts", dependencies: [_FocusInheritedScope], state: _FocusState#a18aa)
                                            └_FocusInheritedScope
                                             └Semantics(container: false, properties: SemanticsProperties, renderObject: RenderSemanticsAnnotations#746c0)
                                              └ListenableBuilder(listenable: LocalizationsResolver, state: _AnimatedState#b5310)
                                               └Localizations(locale: en_US, delegates: [DefaultMaterialLocalizations.delegate(en_US), DefaultCupertinoLocalizations.delegate(en_US), DefaultWidgetsLocalizations.delegate(en_US)], state: _LocalizationsState#d4f81)
                                                └Semantics(container: false, properties: SemanticsProperties, textDirection: ltr, renderObject: RenderSemanticsAnnotations#92bc7)
                                                 └_LocalizationsScope-[GlobalKey#12c5f]
                                                  └Directionality(textDirection: ltr)
                                                   └Title(state: _TitleState#748b9(color: Color(alpha: 1.0000, red: 0.1294, green: 0.5882, blue: 0.9529, colorSpace: ColorSpace.sRGB)))
                                                    └Focus(dependencies: [_FocusInheritedScope], state: _FocusState#035db)
                                                     └_FocusInheritedScope
                                                      └Semantics(container: false, properties: SemanticsProperties, renderObject: RenderSemanticsAnnotations#d2cce)
                                                       └CheckedModeBanner("DEBUG")
                                                        └Banner(dependencies: [Directionality], state: _BannerState#778e5("DEBUG", textDirection: ltr, location: topEnd, Color(alpha: 0.6275, red: 0.7176, green: 0.1098, blue: 0.1098, colorSpace: ColorSpace.sRGB), text inherit: true, text color: Color(alpha: 1.0000, red: 1.0000, green: 1.0000, blue: 1.0000, colorSpace: ColorSpace.sRGB), text size: 10.2, text weight: 900, text height: 1.0x))
                                                         └CustomPaint(renderObject: RenderCustomPaint#0881c)
                                                          └ValueListenableBuilder<bool>(state: _ValueListenableBuilderState<bool>#fdfb5)
                                                           └DefaultTextStyle(debugLabel: fallback style; consider putting your text in a Material, inherit: true, color: Color(alpha: 0.8157, red: 1.0000, green: 0.0000, blue: 0.0000, colorSpace: ColorSpace.sRGB), family: monospace, size: 48.0, weight: 900, decoration: double Color(alpha: 1.0000, red: 1.0000, green: 1.0000, blue: 0.0000, colorSpace: ColorSpace.sRGB) TextDecoration.underline, softWrap: wrapping at box width, overflow: clip)
                                                            └Builder(dependencies: [MediaQuery])
                                                             └AnimatedTheme(duration: 200ms, state: _AnimatedThemeState#887ea(ticker inactive, ThemeDataTween(ThemeData#e0d86 → ThemeData#e0d86)))
                                                              └Theme(ThemeData#e0d86, dependencies: [MediaQuery])
                                                               └_InheritedTheme
                                                                └CupertinoTheme(brightness: light, primaryColor: Color(alpha: 1.0000, red: 0.4039, green: 0.3137, blue: 0.6431, colorSpace: ColorSpace.sRGB), scaffoldBackgroundColor: Color(alpha: 1.0000, red: 0.9961, green: 0.9686, blue: 1.0000, colorSpace: ColorSpace.sRGB), actionTextStyle: TextStyle(inherit: false, color: Color(alpha: 1.0000, red: 0.4039, green: 0.3137, blue: 0.6431, colorSpace: ColorSpace.sRGB), family: CupertinoSystemText, size: 17.0, letterSpacing: -0.4, decoration: TextDecoration.none), actionSmallTextStyle: TextStyle(inherit: false, color: Color(alpha: 1.0000, red: 0.4039, green: 0.3137, blue: 0.6431, colorSpace: ColorSpace.sRGB), family: CupertinoSystemText, size: 15.0, letterSpacing: -0.2, decoration: TextDecoration.none), navActionTextStyle: TextStyle(inherit: false, color: Color(alpha: 1.0000, red: 0.4039, green: 0.3137, blue: 0.6431, colorSpace: ColorSpace.sRGB), family: CupertinoSystemText, size: 17.0, letterSpacing: -0.4, decoration: TextDecoration.none))
                                                                 └InheritedCupertinoTheme
                                                                  └IconTheme(color: Color(alpha: 1.0000, red: 0.4039, green: 0.3137, blue: 0.6431, colorSpace: ColorSpace.sRGB))
                                                                   └IconTheme(color: Color(alpha: 0.8667, red: 0.0000, green: 0.0000, blue: 0.0000, colorSpace: ColorSpace.sRGB))
                                                                    └DefaultSelectionStyle
                                                                     └ScaffoldMessenger(dependencies: [MediaQuery], state: ScaffoldMessengerState#63e2e)
                                                                      └_ScaffoldMessengerScope
                                                                       └DefaultSelectionStyle
                                                                        └Router<Object>(dependencies: [UnmanagedRestorationScope], state: _RouterState<Object>#289d1)
                                                                         └UnmanagedRestorationScope
                                                                          └_RouterScope
                                                                           └Builder
                                                                            └InheritedGoRouter(goRouter: Instance of 'GoRouter')
                                                                             └_CustomNavigator-[GlobalObjectKey int#8833c](state: _CustomNavigatorState#76570)
                                                                              └GoRouterStateRegistryScope
                                                                               └HeroControllerScope
                                                                                └Navigator-[LabeledGlobalKey<NavigatorState>#66f46 root](dependencies: [HeroControllerScope, InheritedCupertinoTheme, UnmanagedRestorationScope, _InheritedTheme, _LocalizationsScope-[GlobalKey#12c5f]], state: NavigatorState#fe5d2(tickers: tracking 1 ticker))
                                                                                 └HeroControllerScope
                                                                                  └NotificationListener<NavigationNotification>
                                                                                   └Listener(listeners: [down, up, cancel], behavior: deferToChild, renderObject: RenderPointerListener#1476a)
                                                                                    └AbsorbPointer(absorbing: false, renderObject: RenderAbsorbPointer#99fdf)
                                                                                     └FocusTraversalGroup(policy: ReadingOrderTraversalPolicy#4c51a, state: _FocusTraversalGroupState#ba8e7)
                                                                                      └Focus(debugLabel: "FocusTraversalGroup", focusNode: _FocusTraversalGroupNode#14797(FocusTraversalGroup [IN FOCUS PATH]), dependencies: [_FocusInheritedScope], state: _FocusState#250c4)
                                                                                       └_FocusInheritedScope
                                                                                        └Focus(debugLabel: "Navigator", AUTOFOCUS, focusNode: FocusNode#60de8(Navigator [IN FOCUS PATH]), dependencies: [_FocusInheritedScope], state: _FocusState#f252c)
                                                                                         └_FocusInheritedScope
                                                                                          └UnmanagedRestorationScope
                                                                                           └Overlay-[LabeledGlobalKey<OverlayState>#340d8](state: OverlayState#ad144(entries: [OverlayEntry#856dd(opaque: true; maintainState: false), OverlayEntry#edf07(opaque: false; maintainState: true)]))
                                                                                            └_Theater(skipCount: 0, dependencies: [Directionality], renderObject: _RenderTheater#a4b13)
                                                                                             ├_OverlayEntryWidget-[LabeledGlobalKey<_OverlayEntryWidgetState>#9df8d](state: _OverlayEntryWidgetState#c7311)
                                                                                             │└TickerMode(state: _TickerModeState#d428d(requested mode: enabled))
                                                                                             │ └_EffectiveTickerMode(effective mode: enabled)
                                                                                             │  └_RenderTheaterMarker
                                                                                             │   └Builder
                                                                                             │    └IgnorePointer(ignoring: false, renderObject: RenderIgnorePointer#1b85d)
                                                                                             │     └ModalBarrier
                                                                                             │      └BlockSemantics(blocking: true, renderObject: RenderBlockSemantics#64953)
                                                                                             │       └ExcludeSemantics(excluding: true, renderObject: RenderExcludeSemantics#127e0)
                                                                                             │        └_ModalBarrierGestureDetector
                                                                                             │         └RawGestureDetector(state: RawGestureDetectorState#b0bda(gestures: [any tap], behavior: opaque))
                                                                                             │          └_GestureSemantics(renderObject: RenderSemanticsGestureHandler#e24de)
                                                                                             │           └Listener(listeners: [down, panZoomStart], behavior: opaque, renderObject: RenderPointerListener#e0a5f)
                                                                                             │            └Semantics(container: false, properties: SemanticsProperties, renderObject: RenderSemanticsAnnotations#5e9ee)
                                                                                             │             └MouseRegion(listeners: <none>, cursor: SystemMouseCursor(basic), renderObject: RenderMouseRegion#252db)
                                                                                             │              └ConstrainedBox(BoxConstraints(biggest), renderObject: RenderConstrainedBox#ab752)
                                                                                             └_OverlayEntryWidget-[LabeledGlobalKey<_OverlayEntryWidgetState>#a8bb6](state: _OverlayEntryWidgetState#b8230)
                                                                                              └TickerMode(state: _TickerModeState#3d705(requested mode: enabled))
                                                                                               └_EffectiveTickerMode(effective mode: enabled)
                                                                                                └_RenderTheaterMarker
                                                                                                 └Builder
                                                                                                  └Semantics(container: false, properties: SemanticsProperties, sortKey: OrdinalSortKey#4f382(order: 0.0), renderObject: RenderSemanticsAnnotations#522e6)
                                                                                                   └_ModalScope<void>-[LabeledGlobalKey<_ModalScopeState<void>>#22f25](state: _ModalScopeState<void>#7d5bf)
                                                                                                    └AnimatedBuilder(listenable: ValueNotifier<String?>#2b111(null), state: _AnimatedState#441a0)
                                                                                                     └RestorationScope(dependencies: [UnmanagedRestorationScope], state: _RestorationScopeState#1ade9)
                                                                                                      └UnmanagedRestorationScope
                                                                                                       └_ModalScopeStatus(active)
                                                                                                        └Offstage(offstage: false, renderObject: RenderOffstage#674c9)
                                                                                                         └PageStorage
                                                                                                          └Builder
                                                                                                           └Actions(dispatcher: null, actions: {DismissIntent: _DismissModalAction#1f5f1}, state: _ActionsState#e04ec)
                                                                                                            └_ActionsScope
                                                                                                             └PrimaryScrollController(ScrollController#b4a21(one client, offset 0.0))
                                                                                                              └_FocusScopeWithExternalFocusNode(debugLabel: "_ModalScopeState<dynamic> Focus Scope", focusNode: FocusScopeNode#9bd23(_ModalScopeState<dynamic> Focus Scope [PRIMARY FOCUS]), dependencies: [_FocusInheritedScope], state: _FocusScopeState#41938)
                                                                                                               └Semantics(container: false, properties: SemanticsProperties, renderObject: RenderSemanticsAnnotations#a7982)
                                                                                                                └_FocusInheritedScope
                                                                                                                 └RepaintBoundary(renderObject: RenderRepaintBoundary#2bcb6)
                                                                                                                  └ListenableBuilder(listenable: Listenable.merge([AnimationController#0f492(⏭ 1.000; paused; for _PageBasedMaterialPageRoute<void>(/))➩ProxyAnimation, kAlwaysDismissedAnimation➩ProxyAnimation➩ProxyAnimation]), dependencies: [InheritedCupertinoTheme, _InheritedTheme, _LocalizationsScope-[GlobalKey#12c5f]], state: _AnimatedState#0b81b)
                                                                                                                   └_PageTransitionsThemeTransitions<void>(dependencies: [InheritedCupertinoTheme, _InheritedTheme, _LocalizationsScope-[GlobalKey#12c5f]], state: _PageTransitionsThemeTransitionsState<void>#19de9)
                                                                                                                    └_PredictiveBackGestureDetector(state: _PredictiveBackGestureDetectorState#d1a73)
                                                                                                                     └_FadeForwardsPageTransition(dependencies: [_ModalScopeStatus])
                                                                                                                      └DualTransitionBuilder(state: _DualTransitionBuilderState#b6f1d)
                                                                                                                       └FadeTransition(opacity: kAlwaysCompleteAnimation➩ProxyAnimation➩CurveTween(curve: Interval(0.0⋯0.75))➩Tween<double>(0.0 → 1.0)➩1.0, renderObject: RenderAnimatedOpacity#56afd)
                                                                                                                        └SlideTransition(listenable: kAlwaysCompleteAnimation➩ProxyAnimation➩CurveTween(curve: ThreePointCubic )➩Tween<Offset>(Offset(0.3, 0.0) → Offset(0.0, 0.0))➩Offset(0.0, 0.0), state: _AnimatedState#68648)
                                                                                                                         └FractionalTranslation(renderObject: RenderFractionalTranslation#3c82d)
                                                                                                                          └IgnorePointer(ignoring: false, renderObject: RenderIgnorePointer#37e20)
                                                                                                                           └FadeTransition(opacity: AnimationController#0f492(⏭ 1.000; paused; for _PageBasedMaterialPageRoute<void>(/))➩ProxyAnimation➪ReverseAnimation➩ProxyAnimation➩CurveTween(curve: Interval(0.0⋯0.25))➩Tween<double>(1.0 → 0.0)➩1.0, renderObject: RenderAnimatedOpacity#aa91c)
                                                                                                                            └SlideTransition(listenable: AnimationController#0f492(⏭ 1.000; paused; for _PageBasedMaterialPageRoute<void>(/))➩ProxyAnimation➪ReverseAnimation➩ProxyAnimation➩CurveTween(curve: ThreePointCubic )➩Tween<Offset>(Offset(0.0, 0.0) → Offset(0.3, 0.0))➩Offset(0.0, 0.0), state: _AnimatedState#f53c5)
                                                                                                                             └FractionalTranslation(renderObject: RenderFractionalTranslation#db06d)
                                                                                                                              └ColoredBox(color: Color(alpha: 0.0000, red: 0.0000, green: 0.0000, blue: 0.0000, colorSpace: ColorSpace.sRGB), renderObject: _RenderColoredBox#31596)
                                                                                                                               └DualTransitionBuilder(state: _DualTransitionBuilderState#485f7)
                                                                                                                                └FadeTransition(opacity: kAlwaysCompleteAnimation➩ProxyAnimation➩CurveTween(curve: Interval(0.0⋯0.75))➩Tween<double>(0.0 → 1.0)➩1.0, renderObject: RenderAnimatedOpacity#a1c2a)
                                                                                                                                 └SlideTransition(listenable: kAlwaysCompleteAnimation➩ProxyAnimation➩CurveTween(curve: ThreePointCubic )➩Tween<Offset>(Offset(-0.3, 0.0) → Offset(0.0, 0.0))➩Offset(0.0, 0.0), state: _AnimatedState#5ab6f)
                                                                                                                                  └FractionalTranslation(renderObject: RenderFractionalTranslation#71d1e)
                                                                                                                                   └FadeTransition(opacity: kAlwaysDismissedAnimation➩ProxyAnimation➩ProxyAnimation➪ReverseAnimation➪ReverseAnimation➩ProxyAnimation➩CurveTween(curve: Interval(0.0⋯0.25))➩Tween<double>(1.0 → 0.0)➩1.0, renderObject: RenderAnimatedOpacity#e49d1)
                                                                                                                                    └SlideTransition(listenable: kAlwaysDismissedAnimation➩ProxyAnimation➩ProxyAnimation➪ReverseAnimation➪ReverseAnimation➩ProxyAnimation➩CurveTween(curve: ThreePointCubic )➩Tween<Offset>(Offset(0.0, 0.0) → Offset(-0.3, 0.0))➩Offset(0.0, 0.0), state: _AnimatedState#25f35)
                                                                                                                                     └FractionalTranslation(renderObject: RenderFractionalTranslation#40072)
                                                                                                                                      └ListenableBuilder(listenable: ValueNotifier<bool>#a3f36(false), state: _AnimatedState#3d6d9)
                                                                                                                                       └IgnorePointer(ignoring: false, renderObject: RenderIgnorePointer#a53c1)
                                                                                                                                        └RepaintBoundary-[GlobalKey#27669](renderObject: RenderRepaintBoundary#eeb13)
                                                                                                                                         └Builder
                                                                                                                                          └Semantics(container: false, properties: SemanticsProperties, renderObject: RenderSemanticsAnnotations#6cc9c)
                                                                                                                                           └Builder
                                                                                                                                            └ViewerOfficialRecordScreen(dependencies: [InheritedCupertinoTheme, UncontrolledProviderScope, _InheritedTheme, _LocalizationsScope-[GlobalKey#12c5f]], state: _ConsumerState#c8112)
                                                                                                                                             └DefaultTabController(dependencies: [_EffectiveTickerMode], state: _DefaultTabControllerState#23f71(ticker inactive))
                                                                                                                                              └_TabControllerScope
                                                                                                                                               └LiquidBackground(dependencies: [InheritedCupertinoTheme, UncontrolledProviderScope, _InheritedTheme, _LocalizationsScope-[GlobalKey#12c5f]], state: _ConsumerState#31150)
                                                                                                                                                └Container(bg: Color(alpha: 1.0000, red: 0.9490, green: 0.9490, blue: 0.9686, colorSpace: ColorSpace.sRGB))
                                                                                                                                                 └ColoredBox(color: Color(alpha: 1.0000, red: 0.9490, green: 0.9490, blue: 0.9686, colorSpace: ColorSpace.sRGB), renderObject: _RenderColoredBox#42e06)
                                                                                                                                                  └Scaffold(dependencies: [Directionality, InheritedCupertinoTheme, MediaQuery, UnmanagedRestorationScope, _InheritedTheme, _LocalizationsScope-[GlobalKey#12c5f], _ScaffoldMessengerScope], state: ScaffoldState#38b5a(tickers: tracking 3 tickers))
                                                                                                                                                   └_ScaffoldScope
                                                                                                                                                    └ScrollNotificationObserver(state: ScrollNotificationObserverState#37f8a)
                                                                                                                                                     └NotificationListener<ScrollMetricsNotification>
                                                                                                                                                      └NotificationListener<ScrollNotification>
                                                                                                                                                       └_ScrollNotificationObserverScope
                                                                                                                                                        └Material(type: canvas, color: Color(alpha: 0.0000, red: 0.0000, green: 0.0000, blue: 0.0000, colorSpace: ColorSpace.sRGB), dependencies: [InheritedCupertinoTheme, _InheritedTheme, _LocalizationsScope-[GlobalKey#12c5f]], state: _MaterialState#8f467)
                                                                                                                                                         └AnimatedPhysicalModel(duration: 200ms, shape: rectangle, borderRadius: null, elevation: 0.0, color: Color(alpha: 0.0000, red: 0.0000, green: 0.0000, blue: 0.0000, colorSpace: ColorSpace.sRGB), animateColor: false, shadowColor: Color(alpha: 1.0000, red: 0.0000, green: 0.0000, blue: 0.0000, colorSpace: ColorSpace.sRGB), animateShadowColor: true, state: _AnimatedPhysicalModelState#80307(ticker inactive))
                                                                                                                                                          └PhysicalModel(shape: rectangle, borderRadius: BorderRadius.zero, elevation: 0.0, color: Color(alpha: 0.0000, red: 0.0000, green: 0.0000, blue: 0.0000, colorSpace: ColorSpace.sRGB), shadowColor: Color(alpha: 1.0000, red: 0.0000, green: 0.0000, blue: 0.0000, colorSpace: ColorSpace.sRGB), renderObject: RenderPhysicalModel#0c13e)
                                                                                                                                                           └NotificationListener<LayoutChangedNotification>
                                                                                                                                                            └_InkFeatures-[GlobalKey#df2ec ink renderer](renderObject: _RenderInkFeatures#2d5aa)
                                                                                                                                                             └AnimatedDefaultTextStyle(duration: 200ms, debugLabel: (englishLike bodyMedium 2021).merge((blackMountainView bodyMedium).apply), inherit: false, color: Color(alpha: 1.0000, red: 0.1137, green: 0.1059, blue: 0.1255, colorSpace: ColorSpace.sRGB), family: Roboto, size: 14.0, weight: 400, letterSpacing: 0.3, baseline: alphabetic, height: 1.4x, leadingDistribution: even, decoration: Color(alpha: 1.0000, red: 0.1137, green: 0.1059, blue: 0.1255, colorSpace: ColorSpace.sRGB) TextDecoration.none, softWrap: wrapping at box width, overflow: clip, state: _AnimatedDefaultTextStyleState#1efc2(ticker inactive))
                                                                                                                                                              └DefaultTextStyle(debugLabel: (englishLike bodyMedium 2021).merge((blackMountainView bodyMedium).apply), inherit: false, color: Color(alpha: 1.0000, red: 0.1137, green: 0.1059, blue: 0.1255, colorSpace: ColorSpace.sRGB), family: Roboto, size: 14.0, weight: 400, letterSpacing: 0.3, baseline: alphabetic, height: 1.4x, leadingDistribution: even, decoration: Color(alpha: 1.0000, red: 0.1137, green: 0.1059, blue: 0.1255, colorSpace: ColorSpace.sRGB) TextDecoration.none, softWrap: wrapping at box width, overflow: clip)
                                                                                                                                                               └AnimatedBuilder(listenable: AnimationController#c5d1c(⏭ 1.000; paused), state: _AnimatedState#2f87d)
                                                                                                                                                                └Actions(dispatcher: null, actions: {DismissIntent: _DismissDrawerAction#57680}, state: _ActionsState#fdd69)
                                                                                                                                                                 └_ActionsScope
                                                                                                                                                                  └CustomMultiChildLayout(renderObject: RenderCustomMultiChildLayoutBox#193ad)
                                                                                                                                                                   ├LayoutId-[<_ScaffoldSlot.body>](id: _ScaffoldSlot.body)
                                                                                                                                                                   │└MediaQuery(MediaQueryData(size: Size(1080.0, 4000.0), devicePixelRatio: 1.0, textScaler: SystemTextScaler (no scaling), platformBrightness: Brightness.light, padding: EdgeInsets.zero, viewPadding: EdgeInsets.zero, viewInsets: EdgeInsets.zero, systemGestureInsets: EdgeInsets.zero, alwaysUse24HourFormat: false, accessibleNavigation: false, highContrast: false, onOffSwitchLabels: false, disableAnimations: false, invertColors: false, boldText: false, navigationMode: traditional, gestureSettings: DeviceGestureSettings(touchSlop: null), displayFeatures: [], supportsShowingSystemContextMenu: false, lineHeightScaleFactorOverride: null, letterSpacingOverride: null, wordSpacingOverride: null, paragraphSpacingOverride: null))
                                                                                                                                                                   │ └_BodyBuilder
                                                                                                                                                                   │  └KeyedSubtree-[GlobalKey#f1202]
                                                                                                                                                                   │   └TabBarView(dependencies: [_TabControllerScope], state: _TabBarViewState#2e113)
                                                                                                                                                                   │    └NotificationListener<ScrollNotification>
                                                                                                                                                                   │     └PageView(dependencies: [Directionality, ScrollConfiguration], state: _PageViewState#d080a(scrollDirection: horizontal, PageController#00acb(one client, offset 0.0), PageScrollPhysics -> ClampingScrollPhysics))
                                                                                                                                                                   │      └NotificationListener<ScrollNotification>
                                                                                                                                                                   │       └Scrollable(axisDirection: right, physics: _ForceImplicitScrollPhysics -> PageScrollPhysics -> PageScrollPhysics -> ClampingScrollPhysics, restorationId: null, dependencies: [InheritedCupertinoTheme, MediaQuery, UnmanagedRestorationScope, _InheritedTheme, _LocalizationsScope-[GlobalKey#12c5f]], state: ScrollableState#6dc41(position: _PagePosition#d1ec8(offset: 0.0, range: 0.0..0.0, viewport: 1080.0, ScrollableState, _ForceImplicitScrollPhysics -> PageScrollPhysics -> PageScrollPhysics -> ClampingScrollPhysics -> ClampingScrollPhysics -> RangeMaintainingScrollPhysics, IdleScrollActivity#7d7a4, ScrollDirection.idle), effective physics: _ForceImplicitScrollPhysics -> PageScrollPhysics -> PageScrollPhysics -> ClampingScrollPhysics -> ClampingScrollPhysics -> RangeMaintainingScrollPhysics))
                                                                                                                                                                   │        └StretchingOverscrollIndicator(axisDirection: right, state: _StretchingOverscrollIndicatorState#ec745)
                                                                                                                                                                   │         └NotificationListener<ScrollNotification>
                                                                                                                                                                   │          └AnimatedBuilder(listenable: _StretchController(), dependencies: [MediaQuery], state: _AnimatedState#254d4)
                                                                                                                                                                   │           └ClipRect(renderObject: RenderClipRect#d9b8d relayoutBoundary=up1)
                                                                                                                                                                   │            └StretchEffect(dependencies: [Directionality])
                                                                                                                                                                   │             └Transform(dependencies: [Directionality], renderObject: RenderTransform#958c5 relayoutBoundary=up2)
                                                                                                                                                                   │              └NotificationListener<ScrollMetricsNotification>
                                                                                                                                                                   │               └_ScrollSemantics-[GlobalKey#7dca2](renderObject: _RenderScrollSemantics#5b6bd relayoutBoundary=up3)
                                                                                                                                                                   │                └_ScrollableScope
                                                                                                                                                                   │                 └Listener(listeners: [signal], behavior: deferToChild, renderObject: RenderPointerListener#fad2f relayoutBoundary=up4)
                                                                                                                                                                   │                  └RawGestureDetector-[LabeledGlobalKey<RawGestureDetectorState>#73f74](state: RawGestureDetectorState#4f20c(gestures: <none>, behavior: opaque))
                                                                                                                                                                   │                   └_GestureSemantics(renderObject: RenderSemanticsGestureHandler#199e7 relayoutBoundary=up5)
                                                                                                                                                                   │                    └Listener(listeners: [down, panZoomStart], behavior: opaque, renderObject: RenderPointerListener#7e7f4 relayoutBoundary=up6)
                                                                                                                                                                   │                     └Semantics(container: false, properties: SemanticsProperties, renderObject: RenderSemanticsAnnotations#227c0 relayoutBoundary=up7)
                                                                                                                                                                   │                      └IgnorePointer-[GlobalKey#bad4b](ignoring: false, renderObject: RenderIgnorePointer#25592 relayoutBoundary=up8)
                                                                                                                                                                   │                       └Viewport(axisDirection: right, anchor: 0.0, offset: _PagePosition#d1ec8(offset: 0.0, range: 0.0..0.0, viewport: 1080.0, ScrollableState, _ForceImplicitScrollPhysics -> PageScrollPhysics -> PageScrollPhysics -> ClampingScrollPhysics -> ClampingScrollPhysics -> RangeMaintainingScrollPhysics, IdleScrollActivity#7d7a4, ScrollDirection.idle), cacheExtent: 0.0, cacheExtentStyle: CacheExtentStyle.viewport, renderObject: RenderViewport#0e355)
                                                                                                                                                                   │                        └SliverFillViewport
                                                                                                                                                                   │                         └_SliverFractionalPadding(renderObject: _RenderSliverFractionalPadding#9cf1a relayoutBoundary=up1)
                                                                                                                                                                   │                          └_SliverFillViewportRenderObjectWidget(delegate: SliverChildListDelegate#a7680(estimated child count: 1), renderObject: RenderSliverFillViewport#9941b relayoutBoundary=up2)
                                                                                                                                                                   │                           └KeyedSubtree-[Key <[<0>]>]
                                                                                                                                                                   │                            └AutomaticKeepAlive(state: _AutomaticKeepAliveState#f7088(handles: no notifications ever received))
                                                                                                                                                                   │                             └KeepAlive(keepAlive: false)
                                                                                                                                                                   │                              └NotificationListener<KeepAliveNotification>
                                                                                                                                                                   │                               └_SelectionKeepAlive(state: _SelectionKeepAliveState#ef8cd)
                                                                                                                                                                   │                                └IndexedSemantics(index: 0, renderObject: RenderIndexedSemantics#d439b)
                                                                                                                                                                   │                                 └RepaintBoundary(renderObject: RenderRepaintBoundary#c82fd)
                                                                                                                                                                   │                                  └KeyedSubtree-[<0>]
                                                                                                                                                                   │                                   └Semantics(container: false, properties: SemanticsProperties, role: tabPanel, renderObject: RenderSemanticsAnnotations#94ddd)
                                                                                                                                                                   │                                    └Column(direction: vertical, mainAxisAlignment: start, crossAxisAlignment: center, renderObject: RenderFlex#42714)
                                                                                                                                                                   │                                     ├Container(padding: EdgeInsets(16.0, 12.0, 16.0, 12.0), bg: BoxDecoration(color: Color(alpha: 1.0000, red: 1.0000, green: 1.0000, blue: 1.0000, colorSpace: ColorSpace.sRGB), border: Border(bottom: BorderSide(color: Color(alpha: 1.0000, red: 0.9333, green: 0.9333, blue: 0.9333, colorSpace: ColorSpace.sRGB)))), constraints: BoxConstraints(w=Infinity, 0.0<=h<=Infinity))
                                                                                                                                                                   │                                     │└ConstrainedBox(BoxConstraints(w=Infinity, 0.0<=h<=Infinity), renderObject: RenderConstrainedBox#f14d2 relayoutBoundary=up1)
                                                                                                                                                                   │                                     │ └DecoratedBox(bg: BoxDecoration(color: Color(alpha: 1.0000, red: 1.0000, green: 1.0000, blue: 1.0000, colorSpace: ColorSpace.sRGB), border: Border(bottom: BorderSide(color: Color(alpha: 1.0000, red: 0.9333, green: 0.9333, blue: 0.9333, colorSpace: ColorSpace.sRGB)))), dependencies: [Directionality, MediaQuery, _LocalizationsScope-[GlobalKey#12c5f]], renderObject: RenderDecoratedBox#3c146 relayoutBoundary=up2)
                                                                                                                                                                   │                                     │  └Padding(padding: EdgeInsets(16.0, 12.0, 16.0, 13.0), dependencies: [Directionality], renderObject: RenderPadding#ae17b relayoutBoundary=up3)
                                                                                                                                                                   │                                     │   └Row(direction: horizontal, mainAxisAlignment: start, crossAxisAlignment: center, dependencies: [Directionality], renderObject: RenderFlex#ae35c relayoutBoundary=up4)
                                                                                                                                                                   │                                     │    ├Expanded(flex: 1)
                                                                                                                                                                   │                                     │    │└ElevatedButton-[<'viewer_export_pdf_button'>](style: ButtonStyle#f0a95(textStyle: WidgetStatePropertyAll(null), backgroundColor: WidgetStateMapper<Color?>({WidgetState.disabled: null, WidgetState.any: Color(alpha: 1.0000, red: 0.2588, green: 0.2588, blue: 0.2588, colorSpace: ColorSpace.sRGB)}), foregroundColor: WidgetStateMapper<Color?>({WidgetState.disabled: null, WidgetState.any: Color(alpha: 1.0000, red: 1.0000, green: 1.0000, blue: 1.0000, colorSpace: ColorSpace.sRGB)}), overlayColor: WidgetStateMapper<Color?>({WidgetState.pressed: Color(alpha: 0.1020, red: 1.0000, green: 1.0000, blue: 1.0000, colorSpace: ColorSpace.sRGB), WidgetState.hovered: Color(alpha: 0.0784, red: 1.0000, green: 1.0000, blue: 1.0000, colorSpace: ColorSpace.sRGB), WidgetState.focused: Color(alpha: 0.1020, red: 1.0000, green: 1.0000, blue: 1.0000, colorSpace: ColorSpace.sRGB)}), elevation: WidgetStateMapper<double>({WidgetState.disabled: 0.0, WidgetState.pressed: 6.0, WidgetState.hovered: 2.0, WidgetState.focused: 2.0, WidgetState.any: 0.0}), padding: WidgetStatePropertyAll(EdgeInsets(0.0, 12.0, 0.0, 12.0)), shape: WidgetStatePropertyAll(RoundedRectangleBorder(BorderSide(width: 0.0, style: none), BorderRadius.circular(12.0))), mouseCursor: WidgetStateMapper<MouseCursor?>({WidgetState.disabled: null, WidgetState.any: null})), dependencies: [IconTheme, InheritedCupertinoTheme, MediaQuery, _InheritedTheme, _LocalizationsScope-[GlobalKey#12c5f]], state: _ButtonStyleState#b586d)
                                                                                                                                                                   │                                     │    │ └Semantics(container: true, properties: SemanticsProperties, renderObject: RenderSemanticsAnnotations#682a5 relayoutBoundary=up5)
                                                                                                                                                                   │                                     │    │  └_InputPadding(renderObject: _RenderInputPadding#72341 relayoutBoundary=up6)
                                                                                                                                                                   │                                     │    │   └ConstrainedBox(BoxConstraints(64.0<=w<=Infinity, 40.0<=h<=Infinity), renderObject: RenderConstrainedBox#3f782 relayoutBoundary=up7)
                                                                                                                                                                   │                                     │    │    └Material(type: button, color: Color(alpha: 1.0000, red: 0.2588, green: 0.2588, blue: 0.2588, colorSpace: ColorSpace.sRGB), shadowColor: Color(alpha: 1.0000, red: 0.0000, green: 0.0000, blue: 0.0000, colorSpace: ColorSpace.sRGB), surfaceTintColor: Color(alpha: 0.0000, red: 0.0000, green: 0.0000, blue: 0.0000, colorSpace: ColorSpace.sRGB), textStyle.debugLabel: ((englishLike labelLarge 2021).merge((blackMountainView labelLarge).apply)).copyWith, textStyle.inherit: false, textStyle.color: Color(alpha: 1.0000, red: 1.0000, green: 1.0000, blue: 1.0000, colorSpace: ColorSpace.sRGB), textStyle.family: Roboto, textStyle.size: 14.0, textStyle.weight: 500, textStyle.letterSpacing: 0.1, textStyle.baseline: alphabetic, textStyle.height: 1.4x, textStyle.leadingDistribution: even, textStyle.decoration: Color(alpha: 1.0000, red: 0.1137, green: 0.1059, blue: 0.1255, colorSpace: ColorSpace.sRGB) TextDecoration.none, shape: RoundedRectangleBorder(BorderSide(width: 0.0, style: none), BorderRadius.circular(12.0)), borderOnForeground: false, dependencies: [InheritedCupertinoTheme, _InheritedTheme, _LocalizationsScope-[GlobalKey#12c5f]], state: _MaterialState#a84ae)
                                                                                                                                                                   │                                     │    │     └_MaterialInterior(duration: 200ms, shape: RoundedRectangleBorder(BorderSide(width: 0.0, style: none), BorderRadius.circular(12.0)), elevation: 0.0, color: Color(alpha: 1.0000, red: 0.2588, green: 0.2588, blue: 0.2588, colorSpace: ColorSpace.sRGB), shadowColor: Color(alpha: 1.0000, red: 0.0000, green: 0.0000, blue: 0.0000, colorSpace: ColorSpace.sRGB), dependencies: [Directionality, InheritedCupertinoTheme, _InheritedTheme, _LocalizationsScope-[GlobalKey#12c5f]], state: _MaterialInteriorState#3d306(ticker inactive))
                                                                                                                                                                   │                                     │    │      └PhysicalShape(clipper: ShapeBorderClipper, elevation: 0.0, color: Color(alpha: 1.0000, red: 0.2588, green: 0.2588, blue: 0.2588, colorSpace: ColorSpace.sRGB), shadowColor: Color(alpha: 1.0000, red: 0.0000, green: 0.0000, blue: 0.0000, colorSpace: ColorSpace.sRGB), renderObject: RenderPhysicalShape#e5c4b relayoutBoundary=up8)
                                                                                                                                                                   │                                     │    │       └_ShapeBorderPaint(dependencies: [Directionality])
                                                                                                                                                                   │                                     │    │        └CustomPaint(renderObject: RenderCustomPaint#84c49 relayoutBoundary=up9)
                                                                                                                                                                   │                                     │    │         └NotificationListener<LayoutChangedNotification>
                                                                                                                                                                   │                                     │    │          └_InkFeatures-[GlobalKey#9bdc9 ink renderer](renderObject: _RenderInkFeatures#05bf4 relayoutBoundary=up10)
                                                                                                                                                                   │                                     │    │           └AnimatedDefaultTextStyle(duration: 200ms, debugLabel: ((englishLike labelLarge 2021).merge((blackMountainView labelLarge).apply)).copyWith, inherit: false, color: Color(alpha: 1.0000, red: 1.0000, green: 1.0000, blue: 1.0000, colorSpace: ColorSpace.sRGB), family: Roboto, size: 14.0, weight: 500, letterSpacing: 0.1, baseline: alphabetic, height: 1.4x, leadingDistribution: even, decoration: Color(alpha: 1.0000, red: 0.1137, green: 0.1059, blue: 0.1255, colorSpace: ColorSpace.sRGB) TextDecoration.none, softWrap: wrapping at box width, overflow: clip, state: _AnimatedDefaultTextStyleState#a7203(ticker inactive))
                                                                                                                                                                   │                                     │    │            └DefaultTextStyle(debugLabel: ((englishLike labelLarge 2021).merge((blackMountainView labelLarge).apply)).copyWith, inherit: false, color: Color(alpha: 1.0000, red: 1.0000, green: 1.0000, blue: 1.0000, colorSpace: ColorSpace.sRGB), family: Roboto, size: 14.0, weight: 500, letterSpacing: 0.1, baseline: alphabetic, height: 1.4x, leadingDistribution: even, decoration: Color(alpha: 1.0000, red: 0.1137, green: 0.1059, blue: 0.1255, colorSpace: ColorSpace.sRGB) TextDecoration.none, softWrap: wrapping at box width, overflow: clip)
                                                                                                                                                                   │                                     │    │             └AnimatedTheme(duration: 200ms, state: _AnimatedThemeState#25b91(ticker inactive, ThemeDataTween(ThemeData#27df6 → ThemeData#27df6)))
                                                                                                                                                                   │                                     │    │              └Theme(ThemeData#27df6, dependencies: [DefaultSelectionStyle, InheritedCupertinoTheme])
                                                                                                                                                                   │                                     │    │               └_InheritedTheme
                                                                                                                                                                   │                                     │    │                └CupertinoTheme(brightness: light, primaryColor: Color(alpha: 1.0000, red: 0.4039, green: 0.3137, blue: 0.6431, colorSpace: ColorSpace.sRGB), scaffoldBackgroundColor: Color(alpha: 1.0000, red: 0.9961, green: 0.9686, blue: 1.0000, colorSpace: ColorSpace.sRGB), actionTextStyle: TextStyle(inherit: false, color: Color(alpha: 1.0000, red: 0.4039, green: 0.3137, blue: 0.6431, colorSpace: ColorSpace.sRGB), family: CupertinoSystemText, size: 17.0, letterSpacing: -0.4, decoration: TextDecoration.none), actionSmallTextStyle: TextStyle(inherit: false, color: Color(alpha: 1.0000, red: 0.4039, green: 0.3137, blue: 0.6431, colorSpace: ColorSpace.sRGB), family: CupertinoSystemText, size: 15.0, letterSpacing: -0.2, decoration: TextDecoration.none), navActionTextStyle: TextStyle(inherit: false, color: Color(alpha: 1.0000, red: 0.4039, green: 0.3137, blue: 0.6431, colorSpace: ColorSpace.sRGB), family: CupertinoSystemText, size: 17.0, letterSpacing: -0.4, decoration: TextDecoration.none))
                                                                                                                                                                   │                                     │    │                 └InheritedCupertinoTheme
                                                                                                                                                                   │                                     │    │                  └IconTheme(color: Color(alpha: 1.0000, red: 0.4039, green: 0.3137, blue: 0.6431, colorSpace: ColorSpace.sRGB))
                                                                                                                                                                   │                                     │    │                   └IconTheme(size: 18.0, fill: 0.0, weight: 400.0, grade: 0.0, opticalSize: 48.0, color: Color(alpha: 1.0000, red: 1.0000, green: 1.0000, blue: 1.0000, colorSpace: ColorSpace.sRGB), opacity: 1.0, applyTextScaling: false)
                                                                                                                                                                   │                                     │    │                    └DefaultSelectionStyle
                                                                                                                                                                   │                                     │    │                     └InkWell
                                                                                                                                                                   │                                     │    │                      └_InkResponseStateWidget(gestures: [tap], mouseCursor: ButtonStyleButton_MouseCursor, clipped to BoxShape.rectangle, dependencies: [InheritedCupertinoTheme, MediaQuery, _InheritedTheme, _LocalizationsScope-[GlobalKey#12c5f]], state: _InkResponseState#101ab)
                                                                                                                                                                   │                                     │    │                       └_ParentInkResponseProvider
                                                                                                                                                                   │                                     │    │                        └Actions(dispatcher: null, actions: {ActivateIntent: CallbackAction<ActivateIntent>#db330, ButtonActivateIntent: CallbackAction<ButtonActivateIntent>#bd65a}, state: _ActionsState#4e9d5)
                                                                                                                                                                   │                                     │    │                         └_ActionsScope
                                                                                                                                                                   │                                     │    │                          └Focus(dependencies: [_FocusInheritedScope], state: _FocusState#7437d)
                                                                                                                                                                   │                                     │    │                           └_FocusInheritedScope
                                                                                                                                                                   │                                     │    │                            └Semantics(container: false, properties: SemanticsProperties, renderObject: RenderSemanticsAnnotations#0db48 relayoutBoundary=up11)
                                                                                                                                                                   │                                     │    │                             └MouseRegion(listeners: [enter, exit], cursor: SystemMouseCursor(basic), renderObject: RenderMouseRegion#d98db relayoutBoundary=up12)
                                                                                                                                                                   │                                     │    │                              └Builder(dependencies: [DefaultSelectionStyle])
                                                                                                                                                                   │                                     │    │                               └DefaultSelectionStyle
                                                                                                                                                                   │                                     │    │                                └Semantics(container: false, properties: SemanticsProperties, renderObject: RenderSemanticsAnnotations#72b80 relayoutBoundary=up13)
                                                                                                                                                                   │                                     │    │                                 └GestureDetector(startBehavior: start, dependencies: [MediaQuery, ScrollConfiguration])
                                                                                                                                                                   │                                     │    │                                  └RawGestureDetector(state: RawGestureDetectorState#00dfc(gestures: [tap], excludeFromSemantics: true, behavior: opaque))
                                                                                                                                                                   │                                     │    │                                   └Listener(listeners: [down, panZoomStart], behavior: opaque, renderObject: RenderPointerListener#90898 relayoutBoundary=up14)
                                                                                                                                                                   │                                     │    │                                    └Padding(padding: EdgeInsets(0.0, 12.0, 0.0, 12.0), dependencies: [Directionality], renderObject: RenderPadding#5a6e8 relayoutBoundary=up15)
                                                                                                                                                                   │                                     │    │                                     └Align(alignment: Alignment.center, widthFactor: 1.0, heightFactor: 1.0, dependencies: [Directionality], renderObject: RenderPositionedBox#6c1ea relayoutBoundary=up16)
                                                                                                                                                                   │                                     │    │                                      └_ElevatedButtonWithIconChild(dependencies: [InheritedCupertinoTheme, MediaQuery, _InheritedTheme, _LocalizationsScope-[GlobalKey#12c5f]])
                                                                                                                                                                   │                                     │    │                                       └Row(direction: horizontal, mainAxisAlignment: start, mainAxisSize: min, crossAxisAlignment: center, spacing: 8.0, dependencies: [Directionality], renderObject: RenderFlex#c63ad relayoutBoundary=up17)
                                                                                                                                                                   │                                     │    │                                        ├Icon(IconData(U+0E4EA), dependencies: [Directionality, IconTheme])
                                                                                                                                                                   │                                     │    │                                        │└Semantics(container: false, properties: SemanticsProperties, renderObject: RenderSemanticsAnnotations#cc06e relayoutBoundary=up18)
                                                                                                                                                                   │                                     │    │                                        │ └ExcludeSemantics(excluding: true, renderObject: RenderExcludeSemantics#0d46b relayoutBoundary=up19)
                                                                                                                                                                   │                                     │    │                                        │  └SizedBox(width: 18.0, height: 18.0, renderObject: RenderConstrainedBox#554b2 relayoutBoundary=up20)
                                                                                                                                                                   │                                     │    │                                        │   └Center(alignment: Alignment.center, dependencies: [Directionality], renderObject: RenderPositionedBox#379f0)
                                                                                                                                                                   │                                     │    │                                        │    └RichText(textDirection: ltr, softWrap: wrapping at box width, overflow: visible, maxLines: unlimited, text: "", dependencies: [_LocalizationsScope-[GlobalKey#12c5f]], renderObject: RenderParagraph#0d28f relayoutBoundary=up1)
                                                                                                                                                                   │                                     │    │                                        └Flexible(flex: 1)
                                                                                                                                                                   │                                     │    │                                         └Text("PDF印刷", inherit: true, weight: 700, dependencies: [DefaultSelectionStyle, DefaultTextStyle, MediaQuery])
                                                                                                                                                                   │                                     │    │                                          └RichText(softWrap: wrapping at box width, maxLines: unlimited, text: "PDF印刷", dependencies: [Directionality, _LocalizationsScope-[GlobalKey#12c5f]], renderObject: RenderParagraph#5fc43 relayoutBoundary=up18)
                                                                                                                                                                   │                                     │    ├SizedBox(width: 12.0, renderObject: RenderConstrainedBox#cd7e7 relayoutBoundary=up5)
                                                                                                                                                                   │                                     │    └Expanded(flex: 1)
                                                                                                                                                                   │                                     │     └ElevatedButton-[<'viewer_export_image_button'>](style: ButtonStyle#321f4(textStyle: WidgetStatePropertyAll(null), backgroundColor: WidgetStateMapper<Color?>({WidgetState.disabled: null, WidgetState.any: Color(alpha: 1.0000, red: 0.0000, green: 0.5373, blue: 0.4824, colorSpace: ColorSpace.sRGB)}), foregroundColor: WidgetStateMapper<Color?>({WidgetState.disabled: null, WidgetState.any: Color(alpha: 1.0000, red: 1.0000, green: 1.0000, blue: 1.0000, colorSpace: ColorSpace.sRGB)}), overlayColor: WidgetStateMapper<Color?>({WidgetState.pressed: Color(alpha: 0.1020, red: 1.0000, green: 1.0000, blue: 1.0000, colorSpace: ColorSpace.sRGB), WidgetState.hovered: Color(alpha: 0.0784, red: 1.0000, green: 1.0000, blue: 1.0000, colorSpace: ColorSpace.sRGB), WidgetState.focused: Color(alpha: 0.1020, red: 1.0000, green: 1.0000, blue: 1.0000, colorSpace: ColorSpace.sRGB)}), elevation: WidgetStateMapper<double>({WidgetState.disabled: 0.0, WidgetState.pressed: 6.0, WidgetState.hovered: 2.0, WidgetState.focused: 2.0, WidgetState.any: 0.0}), padding: WidgetStatePropertyAll(EdgeInsets(0.0, 12.0, 0.0, 12.0)), shape: WidgetStatePropertyAll(RoundedRectangleBorder(BorderSide(width: 0.0, style: none), BorderRadius.circular(12.0))), mouseCursor: WidgetStateMapper<MouseCursor?>({WidgetState.disabled: null, WidgetState.any: null})), dependencies: [IconTheme, InheritedCupertinoTheme, MediaQuery, _InheritedTheme, _LocalizationsScope-[GlobalKey#12c5f]], state: _ButtonStyleState#4e704)
                                                                                                                                                                   │                                     │      └Semantics(container: true, properties: SemanticsProperties, renderObject: RenderSemanticsAnnotations#55582 relayoutBoundary=up5)
                                                                                                                                                                   │                                     │       └_InputPadding(renderObject: _RenderInputPadding#dc7be relayoutBoundary=up6)
                                                                                                                                                                   │                                     │        └ConstrainedBox(BoxConstraints(64.0<=w<=Infinity, 40.0<=h<=Infinity), renderObject: RenderConstrainedBox#75ea2 relayoutBoundary=up7)
                                                                                                                                                                   │                                     │         └Material(type: button, color: Color(alpha: 1.0000, red: 0.0000, green: 0.5373, blue: 0.4824, colorSpace: ColorSpace.sRGB), shadowColor: Color(alpha: 1.0000, red: 0.0000, green: 0.0000, blue: 0.0000, colorSpace: ColorSpace.sRGB), surfaceTintColor: Color(alpha: 0.0000, red: 0.0000, green: 0.0000, blue: 0.0000, colorSpace: ColorSpace.sRGB), textStyle.debugLabel: ((englishLike labelLarge 2021).merge((blackMountainView labelLarge).apply)).copyWith, textStyle.inherit: false, textStyle.color: Color(alpha: 1.0000, red: 1.0000, green: 1.0000, blue: 1.0000, colorSpace: ColorSpace.sRGB), textStyle.family: Roboto, textStyle.size: 14.0, textStyle.weight: 500, textStyle.letterSpacing: 0.1, textStyle.baseline: alphabetic, textStyle.height: 1.4x, textStyle.leadingDistribution: even, textStyle.decoration: Color(alpha: 1.0000, red: 0.1137, green: 0.1059, blue: 0.1255, colorSpace: ColorSpace.sRGB) TextDecoration.none, shape: RoundedRectangleBorder(BorderSide(width: 0.0, style: none), BorderRadius.circular(12.0)), borderOnForeground: false, dependencies: [InheritedCupertinoTheme, _InheritedTheme, _LocalizationsScope-[GlobalKey#12c5f]], state: _MaterialState#c8970)
                                                                                                                                                                   │                                     │          └_MaterialInterior(duration: 200ms, shape: RoundedRectangleBorder(BorderSide(width: 0.0, style: none), BorderRadius.circular(12.0)), elevation: 0.0, color: Color(alpha: 1.0000, red: 0.0000, green: 0.5373, blue: 0.4824, colorSpace: ColorSpace.sRGB), shadowColor: Color(alpha: 1.0000, red: 0.0000, green: 0.0000, blue: 0.0000, colorSpace: ColorSpace.sRGB), dependencies: [Directionality, InheritedCupertinoTheme, _InheritedTheme, _LocalizationsScope-[GlobalKey#12c5f]], state: _MaterialInteriorState#38f3c(ticker inactive))
                                                                                                                                                                   │                                     │           └PhysicalShape(clipper: ShapeBorderClipper, elevation: 0.0, color: Color(alpha: 1.0000, red: 0.0000, green: 0.5373, blue: 0.4824, colorSpace: ColorSpace.sRGB), shadowColor: Color(alpha: 1.0000, red: 0.0000, green: 0.0000, blue: 0.0000, colorSpace: ColorSpace.sRGB), renderObject: RenderPhysicalShape#0ae46 relayoutBoundary=up8)
                                                                                                                                                                   │                                     │            └_ShapeBorderPaint(dependencies: [Directionality])
                                                                                                                                                                   │                                     │             └CustomPaint(renderObject: RenderCustomPaint#026b3 relayoutBoundary=up9)
                                                                                                                                                                   │                                     │              └NotificationListener<LayoutChangedNotification>
                                                                                                                                                                   │                                     │               └_InkFeatures-[GlobalKey#b7cec ink renderer](renderObject: _RenderInkFeatures#0b0be relayoutBoundary=up10)
                                                                                                                                                                   │                                     │                └AnimatedDefaultTextStyle(duration: 200ms, debugLabel: ((englishLike labelLarge 2021).merge((blackMountainView labelLarge).apply)).copyWith, inherit: false, color: Color(alpha: 1.0000, red: 1.0000, green: 1.0000, blue: 1.0000, colorSpace: ColorSpace.sRGB), family: Roboto, size: 14.0, weight: 500, letterSpacing: 0.1, baseline: alphabetic, height: 1.4x, leadingDistribution: even, decoration: Color(alpha: 1.0000, red: 0.1137, green: 0.1059, blue: 0.1255, colorSpace: ColorSpace.sRGB) TextDecoration.none, softWrap: wrapping at box width, overflow: clip, state: _AnimatedDefaultTextStyleState#f14e0(ticker inactive))
                                                                                                                                                                   │                                     │                 └DefaultTextStyle(debugLabel: ((englishLike labelLarge 2021).merge((blackMountainView labelLarge).apply)).copyWith, inherit: false, color: Color(alpha: 1.0000, red: 1.0000, green: 1.0000, blue: 1.0000, colorSpace: ColorSpace.sRGB), family: Roboto, size: 14.0, weight: 500, letterSpacing: 0.1, baseline: alphabetic, height: 1.4x, leadingDistribution: even, decoration: Color(alpha: 1.0000, red: 0.1137, green: 0.1059, blue: 0.1255, colorSpace: ColorSpace.sRGB) TextDecoration.none, softWrap: wrapping at box width, overflow: clip)
                                                                                                                                                                   │                                     │                  └AnimatedTheme(duration: 200ms, state: _AnimatedThemeState#911bd(ticker inactive, ThemeDataTween(ThemeData#27df6 → ThemeData#27df6)))
                                                                                                                                                                   │                                     │                   └Theme(ThemeData#27df6, dependencies: [DefaultSelectionStyle, InheritedCupertinoTheme])
                                                                                                                                                                   │                                     │                    └_InheritedTheme
                                                                                                                                                                   │                                     │                     └CupertinoTheme(brightness: light, primaryColor: Color(alpha: 1.0000, red: 0.4039, green: 0.3137, blue: 0.6431, colorSpace: ColorSpace.sRGB), scaffoldBackgroundColor: Color(alpha: 1.0000, red: 0.9961, green: 0.9686, blue: 1.0000, colorSpace: ColorSpace.sRGB), actionTextStyle: TextStyle(inherit: false, color: Color(alpha: 1.0000, red: 0.4039, green: 0.3137, blue: 0.6431, colorSpace: ColorSpace.sRGB), family: CupertinoSystemText, size: 17.0, letterSpacing: -0.4, decoration: TextDecoration.none), actionSmallTextStyle: TextStyle(inherit: false, color: Color(alpha: 1.0000, red: 0.4039, green: 0.3137, blue: 0.6431, colorSpace: ColorSpace.sRGB), family: CupertinoSystemText, size: 15.0, letterSpacing: -0.2, decoration: TextDecoration.none), navActionTextStyle: TextStyle(inherit: false, color: Color(alpha: 1.0000, red: 0.4039, green: 0.3137, blue: 0.6431, colorSpace: ColorSpace.sRGB), family: CupertinoSystemText, size: 17.0, letterSpacing: -0.4, decoration: TextDecoration.none))
                                                                                                                                                                   │                                     │                      └InheritedCupertinoTheme
                                                                                                                                                                   │                                     │                       └IconTheme(color: Color(alpha: 1.0000, red: 0.4039, green: 0.3137, blue: 0.6431, colorSpace: ColorSpace.sRGB))
                                                                                                                                                                   │                                     │                        └IconTheme(size: 18.0, fill: 0.0, weight: 400.0, grade: 0.0, opticalSize: 48.0, color: Color(alpha: 1.0000, red: 1.0000, green: 1.0000, blue: 1.0000, colorSpace: ColorSpace.sRGB), opacity: 1.0, applyTextScaling: false)
                                                                                                                                                                   │                                     │                         └DefaultSelectionStyle
                                                                                                                                                                   │                                     │                          └InkWell
                                                                                                                                                                   │                                     │                           └_InkResponseStateWidget(gestures: [tap], mouseCursor: ButtonStyleButton_MouseCursor, clipped to BoxShape.rectangle, dependencies: [InheritedCupertinoTheme, MediaQuery, _InheritedTheme, _LocalizationsScope-[GlobalKey#12c5f]], state: _InkResponseState#784e9)
                                                                                                                                                                   │                                     │                            └_ParentInkResponseProvider
                                                                                                                                                                   │                                     │                             └Actions(dispatcher: null, actions: {ActivateIntent: CallbackAction<ActivateIntent>#f91f1, ButtonActivateIntent: CallbackAction<ButtonActivateIntent>#48b61}, state: _ActionsState#6e03d)
                                                                                                                                                                   │                                     │                              └_ActionsScope
                                                                                                                                                                   │                                     │                               └Focus(dependencies: [_FocusInheritedScope], state: _FocusState#27dd2)
                                                                                                                                                                   │                                     │                                └_FocusInheritedScope
                                                                                                                                                                   │                                     │                                 └Semantics(container: false, properties: SemanticsProperties, renderObject: RenderSemanticsAnnotations#b3cf7 relayoutBoundary=up11)
                                                                                                                                                                   │                                     │                                  └MouseRegion(listeners: [enter, exit], cursor: SystemMouseCursor(basic), renderObject: RenderMouseRegion#7cbea relayoutBoundary=up12)
                                                                                                                                                                   │                                     │                                   └Builder(dependencies: [DefaultSelectionStyle])
                                                                                                                                                                   │                                     │                                    └DefaultSelectionStyle
                                                                                                                                                                   │                                     │                                     └Semantics(container: false, properties: SemanticsProperties, renderObject: RenderSemanticsAnnotations#ab845 relayoutBoundary=up13)
                                                                                                                                                                   │                                     │                                      └GestureDetector(startBehavior: start, dependencies: [MediaQuery, ScrollConfiguration])
                                                                                                                                                                   │                                     │                                       └RawGestureDetector(state: RawGestureDetectorState#d4522(gestures: [tap], excludeFromSemantics: true, behavior: opaque))
                                                                                                                                                                   │                                     │                                        └Listener(listeners: [down, panZoomStart], behavior: opaque, renderObject: RenderPointerListener#ecc85 relayoutBoundary=up14)
                                                                                                                                                                   │                                     │                                         └Padding(padding: EdgeInsets(0.0, 12.0, 0.0, 12.0), dependencies: [Directionality], renderObject: RenderPadding#ce165 relayoutBoundary=up15)
                                                                                                                                                                   │                                     │                                          └Align(alignment: Alignment.center, widthFactor: 1.0, heightFactor: 1.0, dependencies: [Directionality], renderObject: RenderPositionedBox#b1851 relayoutBoundary=up16)
                                                                                                                                                                   │                                     │                                           └_ElevatedButtonWithIconChild(dependencies: [InheritedCupertinoTheme, MediaQuery, _InheritedTheme, _LocalizationsScope-[GlobalKey#12c5f]])
                                                                                                                                                                   │                                     │                                            └Row(direction: horizontal, mainAxisAlignment: start, mainAxisSize: min, crossAxisAlignment: center, spacing: 8.0, dependencies: [Directionality], renderObject: RenderFlex#4f5a2 relayoutBoundary=up17)
                                                                                                                                                                   │                                     │                                             ├Icon(IconData(U+0E593), dependencies: [Directionality, IconTheme])
                                                                                                                                                                   │                                     │                                             │└Semantics(container: false, properties: SemanticsProperties, renderObject: RenderSemanticsAnnotations#5fe70 relayoutBoundary=up18)
                                                                                                                                                                   │                                     │                                             │ └ExcludeSemantics(excluding: true, renderObject: RenderExcludeSemantics#5b2f2 relayoutBoundary=up19)
                                                                                                                                                                   │                                     │                                             │  └SizedBox(width: 18.0, height: 18.0, renderObject: RenderConstrainedBox#ec677 relayoutBoundary=up20)
                                                                                                                                                                   │                                     │                                             │   └Center(alignment: Alignment.center, dependencies: [Directionality], renderObject: RenderPositionedBox#91cc2)
                                                                                                                                                                   │                                     │                                             │    └RichText(textDirection: ltr, softWrap: wrapping at box width, overflow: visible, maxLines: unlimited, text: "", dependencies: [_LocalizationsScope-[GlobalKey#12c5f]], renderObject: RenderParagraph#c9d5d relayoutBoundary=up1)
                                                                                                                                                                   │                                     │                                             └Flexible(flex: 1)
                                                                                                                                                                   │                                     │                                              └Text("画像シェア", inherit: true, weight: 700, dependencies: [DefaultSelectionStyle, DefaultTextStyle, MediaQuery])
                                                                                                                                                                   │                                     │                                               └RichText(softWrap: wrapping at box width, maxLines: unlimited, text: "画像シェア", dependencies: [Directionality, _LocalizationsScope-[GlobalKey#12c5f]], renderObject: RenderParagraph#dccbf relayoutBoundary=up18)
                                                                                                                                                                   │                                     └Expanded(flex: 1)
                                                                                                                                                                   │                                      └ListView(scrollDirection: vertical, ClampingScrollPhysics, shrinkWrap: shrink-wrapping, padding: EdgeInsets.all(8.0), dependencies: [InheritedCupertinoTheme, PrimaryScrollController, ScrollConfiguration, _InheritedTheme, _LocalizationsScope-[GlobalKey#12c5f]])
                                                                                                                                                                   │                                       └PrimaryScrollController(no controller)
                                                                                                                                                                   │                                        └Scrollable(axisDirection: down, physics: ClampingScrollPhysics, restorationId: null, dependencies: [InheritedCupertinoTheme, MediaQuery, ScrollConfiguration, UnmanagedRestorationScope, _InheritedTheme, _LocalizationsScope-[GlobalKey#12c5f]], state: ScrollableState#dc930(position: ScrollPositionWithSingleContext#2b1af(offset: 0.0, range: 0.0..0.0, viewport: 3823.0, ScrollableState, ClampingScrollPhysics -> ClampingScrollPhysics -> RangeMaintainingScrollPhysics, IdleScrollActivity#52941, ScrollDirection.idle), effective physics: ClampingScrollPhysics -> ClampingScrollPhysics -> RangeMaintainingScrollPhysics))
                                                                                                                                                                   │                                         └StretchingOverscrollIndicator(axisDirection: down, state: _StretchingOverscrollIndicatorState#a5ff6)
                                                                                                                                                                   │                                          └NotificationListener<ScrollNotification>
                                                                                                                                                                   │                                           └AnimatedBuilder(listenable: _StretchController(), dependencies: [MediaQuery], state: _AnimatedState#27d57)
                                                                                                                                                                   │                                            └ClipRect(renderObject: RenderClipRect#0e9b5 relayoutBoundary=up1)
                                                                                                                                                                   │                                             └StretchEffect(dependencies: [Directionality])
                                                                                                                                                                   │                                              └Transform(dependencies: [Directionality], renderObject: RenderTransform#a278a relayoutBoundary=up2)
                                                                                                                                                                   │                                               └NotificationListener<ScrollMetricsNotification>
                                                                                                                                                                   │                                                └_ScrollSemantics-[GlobalKey#00f9b](renderObject: _RenderScrollSemantics#2333c relayoutBoundary=up3)
                                                                                                                                                                   │                                                 └_ScrollableScope
                                                                                                                                                                   │                                                  └Listener(listeners: [signal], behavior: deferToChild, renderObject: RenderPointerListener#b67bf relayoutBoundary=up4)
                                                                                                                                                                   │                                                   └RawGestureDetector-[LabeledGlobalKey<RawGestureDetectorState>#e6994](state: RawGestureDetectorState#61445(gestures: <none>, behavior: opaque))
                                                                                                                                                                   │                                                    └_GestureSemantics(renderObject: RenderSemanticsGestureHandler#6cc8a relayoutBoundary=up5)
                                                                                                                                                                   │                                                     └Listener(listeners: [down, panZoomStart], behavior: opaque, renderObject: RenderPointerListener#cff26 relayoutBoundary=up6)
                                                                                                                                                                   │                                                      └Semantics(container: false, properties: SemanticsProperties, renderObject: RenderSemanticsAnnotations#3bd0b relayoutBoundary=up7)
                                                                                                                                                                   │                                                       └IgnorePointer-[GlobalKey#a0e40](ignoring: false, renderObject: RenderIgnorePointer#7e79d relayoutBoundary=up8)
                                                                                                                                                                   │                                                        └ShrinkWrappingViewport(axisDirection: down, offset: ScrollPositionWithSingleContext#2b1af(offset: 0.0, range: 0.0..0.0, viewport: 3823.0, ScrollableState, ClampingScrollPhysics -> ClampingScrollPhysics -> RangeMaintainingScrollPhysics, IdleScrollActivity#52941, ScrollDirection.idle), dependencies: [Directionality], renderObject: RenderShrinkWrappingViewport#1194d relayoutBoundary=up9)
                                                                                                                                                                   │                                                         └SliverPadding(padding: EdgeInsets.all(8.0), dependencies: [Directionality], renderObject: RenderSliverPadding#10566 relayoutBoundary=up10)
                                                                                                                                                                   │                                                          └SliverList(delegate: SliverChildBuilderDelegate#6fba1(estimated child count: 4), dependencies: [MediaQuery], renderObject: RenderSliverList#c5d03 relayoutBoundary=up11)
                                                                                                                                                                   │                                                           ├KeyedSubtree-[Key <[<'viewer_match_card_団体戦A'>]>]
                                                                                                                                                                   │                                                           │└AutomaticKeepAlive(state: _AutomaticKeepAliveState#7af2d(handles: no notifications ever received))
                                                                                                                                                                   │                                                           │ └KeepAlive(keepAlive: false)
                                                                                                                                                                   │                                                           │  └NotificationListener<KeepAliveNotification>
                                                                                                                                                                   │                                                           │   └_SelectionKeepAlive(state: _SelectionKeepAliveState#507b1)
                                                                                                                                                                   │                                                           │    └IndexedSemantics(index: 0, renderObject: RenderIndexedSemantics#aad8a relayoutBoundary=up12)
                                                                                                                                                                   │                                                           │     └RepaintBoundary(renderObject: RenderRepaintBoundary#b5040 relayoutBoundary=up13)
                                                                                                                                                                   │                                                           │      └InkWell-[<'viewer_match_card_団体戦A'>]
                                                                                                                                                                   │                                                           │       └_InkResponseStateWidget(gestures: [tap], mouseCursor: null, clipped to BoxShape.rectangle, dependencies: [InheritedCupertinoTheme, MediaQuery, _InheritedTheme, _LocalizationsScope-[GlobalKey#12c5f]], state: _InkResponseState#9eaf3)
                                                                                                                                                                   │                                                           │        └_ParentInkResponseProvider
                                                                                                                                                                   │                                                           │         └Actions(dispatcher: null, actions: {ActivateIntent: CallbackAction<ActivateIntent>#b0ed0, ButtonActivateIntent: CallbackAction<ButtonActivateIntent>#11db5}, state: _ActionsState#4ce86)
                                                                                                                                                                   │                                                           │          └_ActionsScope
                                                                                                                                                                   │                                                           │           └Focus(dependencies: [_FocusInheritedScope], state: _FocusState#5a3d8)
                                                                                                                                                                   │                                                           │            └_FocusInheritedScope
                                                                                                                                                                   │                                                           │             └Semantics(container: false, properties: SemanticsProperties, renderObject: RenderSemanticsAnnotations#5c9a3 relayoutBoundary=up14)
                                                                                                                                                                   │                                                           │              └MouseRegion(listeners: [enter, exit], cursor: SystemMouseCursor(basic), renderObject: RenderMouseRegion#8c61d relayoutBoundary=up15)
                                                                                                                                                                   │                                                           │               └Builder(dependencies: [DefaultSelectionStyle])
                                                                                                                                                                   │                                                           │                └DefaultSelectionStyle
                                                                                                                                                                   │                                                           │                 └Semantics(container: false, properties: SemanticsProperties, renderObject: RenderSemanticsAnnotations#08420 relayoutBoundary=up16)
                                                                                                                                                                   │                                                           │                  └GestureDetector(startBehavior: start, dependencies: [MediaQuery, ScrollConfiguration])
                                                                                                                                                                   │                                                           │                   └RawGestureDetector(state: RawGestureDetectorState#dfcf9(gestures: [tap], excludeFromSemantics: true, behavior: opaque))
                                                                                                                                                                   │                                                           │                    └Listener(listeners: [down, panZoomStart], behavior: opaque, renderObject: RenderPointerListener#049f6 relayoutBoundary=up17)
                                                                                                                                                                   │                                                           │                     └Card(dependencies: [InheritedCupertinoTheme, _InheritedTheme, _LocalizationsScope-[GlobalKey#12c5f]])
                                                                                                                                                                   │                                                           │                      └Semantics(container: true, properties: SemanticsProperties, renderObject: RenderSemanticsAnnotations#cc577 relayoutBoundary=up18)
                                                                                                                                                                   │                                                           │                       └Padding(padding: EdgeInsets(4.0, 8.0, 4.0, 8.0), dependencies: [Directionality], renderObject: RenderPadding#f6bc5 relayoutBoundary=up19)
                                                                                                                                                                   │                                                           │                        └Material(type: card, color: Color(alpha: 1.0000, red: 1.0000, green: 1.0000, blue: 1.0000, colorSpace: ColorSpace.sRGB), shadowColor: Color(alpha: 1.0000, red: 0.0000, green: 0.0000, blue: 0.0000, colorSpace: ColorSpace.sRGB), surfaceTintColor: Color(alpha: 0.0000, red: 0.0000, green: 0.0000, blue: 0.0000, colorSpace: ColorSpace.sRGB), shape: RoundedRectangleBorder(BorderSide(color: Color(alpha: 1.0000, red: 0.8784, green: 0.8784, blue: 0.8784, colorSpace: ColorSpace.sRGB)), BorderRadius.circular(12.0)), dependencies: [InheritedCupertinoTheme, _InheritedTheme, _LocalizationsScope-[GlobalKey#12c5f]], state: _MaterialState#8d1d1)
                                                                                                                                                                   │                                                           │                         └_MaterialInterior(duration: 200ms, shape: RoundedRectangleBorder(BorderSide(color: Color(alpha: 1.0000, red: 0.8784, green: 0.8784, blue: 0.8784, colorSpace: ColorSpace.sRGB)), BorderRadius.circular(12.0)), elevation: 0.0, color: Color(alpha: 1.0000, red: 1.0000, green: 1.0000, blue: 1.0000, colorSpace: ColorSpace.sRGB), shadowColor: Color(alpha: 1.0000, red: 0.0000, green: 0.0000, blue: 0.0000, colorSpace: ColorSpace.sRGB), dependencies: [Directionality, InheritedCupertinoTheme, _InheritedTheme, _LocalizationsScope-[GlobalKey#12c5f]], state: _MaterialInteriorState#c2d30(ticker inactive))
                                                                                                                                                                   │                                                           │                          └PhysicalShape(clipper: ShapeBorderClipper, elevation: 0.0, color: Color(alpha: 1.0000, red: 1.0000, green: 1.0000, blue: 1.0000, colorSpace: ColorSpace.sRGB), shadowColor: Color(alpha: 1.0000, red: 0.0000, green: 0.0000, blue: 0.0000, colorSpace: ColorSpace.sRGB), renderObject: RenderPhysicalShape#1d0fe relayoutBoundary=up20)
                                                                                                                                                                   │                                                           │                           └_ShapeBorderPaint(dependencies: [Directionality])
                                                                                                                                                                   │                                                           │                            └CustomPaint(renderObject: RenderCustomPaint#33d52 relayoutBoundary=up21)
                                                                                                                                                                   │                                                           │                             └NotificationListener<LayoutChangedNotification>
                                                                                                                                                                   │                                                           │                              └_InkFeatures-[GlobalKey#06650 ink renderer](renderObject: _RenderInkFeatures#1db13 relayoutBoundary=up22)
                                                                                                                                                                   │                                                           │                               └AnimatedDefaultTextStyle(duration: 200ms, debugLabel: (englishLike bodyMedium 2021).merge((blackMountainView bodyMedium).apply), inherit: false, color: Color(alpha: 1.0000, red: 0.1137, green: 0.1059, blue: 0.1255, colorSpace: ColorSpace.sRGB), family: Roboto, size: 14.0, weight: 400, letterSpacing: 0.3, baseline: alphabetic, height: 1.4x, leadingDistribution: even, decoration: Color(alpha: 1.0000, red: 0.1137, green: 0.1059, blue: 0.1255, colorSpace: ColorSpace.sRGB) TextDecoration.none, softWrap: wrapping at box width, overflow: clip, state: _AnimatedDefaultTextStyleState#e076a(ticker inactive))
                                                                                                                                                                   │                                                           │                                └DefaultTextStyle(debugLabel: (englishLike bodyMedium 2021).merge((blackMountainView bodyMedium).apply), inherit: false, color: Color(alpha: 1.0000, red: 0.1137, green: 0.1059, blue: 0.1255, colorSpace: ColorSpace.sRGB), family: Roboto, size: 14.0, weight: 400, letterSpacing: 0.3, baseline: alphabetic, height: 1.4x, leadingDistribution: even, decoration: Color(alpha: 1.0000, red: 0.1137, green: 0.1059, blue: 0.1255, colorSpace: ColorSpace.sRGB) TextDecoration.none, softWrap: wrapping at box width, overflow: clip)
                                                                                                                                                                   │                                                           │                                 └Semantics(container: false, properties: SemanticsProperties, renderObject: RenderSemanticsAnnotations#26910 relayoutBoundary=up23)
                                                                                                                                                                   │                                                           │                                  └Stack(alignment: AlignmentDirectional.topStart, fit: loose, dependencies: [Directionality], renderObject: RenderStack#33f16 relayoutBoundary=up24)
                                                                                                                                                                   │                                                           │                                   └Column(direction: vertical, mainAxisAlignment: start, crossAxisAlignment: center, renderObject: RenderFlex#00482 relayoutBoundary=up25)
                                                                                                                                                                   │                                                           │                                    ├Container(padding: EdgeInsets.all(12.0), bg: Color(alpha: 1.0000, red: 0.9608, green: 0.9608, blue: 0.9608, colorSpace: ColorSpace.sRGB), constraints: BoxConstraints(w=Infinity, 0.0<=h<=Infinity))
                                                                                                                                                                   │                                                           │                                    │└ConstrainedBox(BoxConstraints(w=Infinity, 0.0<=h<=Infinity), renderObject: RenderConstrainedBox#9a26f relayoutBoundary=up26)
                                                                                                                                                                   │                                                           │                                    │ └ColoredBox(color: Color(alpha: 1.0000, red: 0.9608, green: 0.9608, blue: 0.9608, colorSpace: ColorSpace.sRGB), renderObject: _RenderColoredBox#9f727 relayoutBoundary=up27)
                                                                                                                                                                   │                                                           │                                    │  └Padding(padding: EdgeInsets.all(12.0), dependencies: [Directionality], renderObject: RenderPadding#065ec relayoutBoundary=up28)
                                                                                                                                                                   │                                                           │                                    │   └Text("【団体戦】 青龍道場 vs 白虎剣友会", inherit: true, color: Color(alpha: 1.0000, red: 0.2588, green: 0.2588, blue: 0.2588, colorSpace: ColorSpace.sRGB), weight: 700, dependencies: [DefaultSelectionStyle, DefaultTextStyle, MediaQuery])
                                                                                                                                                                   │                                                           │                                    │    └RichText(softWrap: wrapping at box width, maxLines: unlimited, text: "【団体戦】 青龍道場 vs 白虎剣友会", dependencies: [Directionality, _LocalizationsScope-[GlobalKey#12c5f]], renderObject: RenderParagraph#edbb2 relayoutBoundary=up29)
                                                                                                                                                                   │                                                           │                                    └Table(dependencies: [Directionality, MediaQuery, _LocalizationsScope-[GlobalKey#12c5f]], renderObject: RenderTable#4ddb6 relayoutBoundary=up26)
                                                                                                                                                                   │                                                           │                                     ├SizedBox.shrink(renderObject: RenderConstrainedBox#994bd relayoutBoundary=up27)
                                                                                                                                                                   │                                                           │                                     ├Container(bg: Color(alpha: 0.0000, red: 0.0000, green: 0.0000, blue: 0.0000, colorSpace: ColorSpace.sRGB))
                                                                                                                                                                   │                                                           │                                     │└ColoredBox(color: Color(alpha: 0.0000, red: 0.0000, green: 0.0000, blue: 0.0000, colorSpace: ColorSpace.sRGB), renderObject: _RenderColoredBox#4a141 relayoutBoundary=up27)
                                                                                                                                                                   │                                                           │                                     │ └Center(alignment: Alignment.center, dependencies: [Directionality], renderObject: RenderPositionedBox#f7982 relayoutBoundary=up28)
                                                                                                                                                                   │                                                           │                                     │  └Padding(padding: EdgeInsets.all(8.0), dependencies: [Directionality], renderObject: RenderPadding#40240 relayoutBoundary=up29)
                                                                                                                                                                   │                                                           │                                     │   └Text("先鋒", inherit: true, color: Color(alpha: 1.0000, red: 0.2588, green: 0.2588, blue: 0.2588, colorSpace: ColorSpace.sRGB), size: 10.0, weight: 700, dependencies: [DefaultSelectionStyle, DefaultTextStyle, MediaQuery])
                                                                                                                                                                   │                                                           │                                     │    └RichText(softWrap: wrapping at box width, maxLines: unlimited, text: "先鋒", dependencies: [Directionality, _LocalizationsScope-[GlobalKey#12c5f]], renderObject: RenderParagraph#ae3c1 relayoutBoundary=up30)
                                                                                                                                                                   │                                                           │                                     ├Container(bg: Color(alpha: 0.0000, red: 0.0000, green: 0.0000, blue: 0.0000, colorSpace: ColorSpace.sRGB))
                                                                                                                                                                   │                                                           │                                     │└ColoredBox(color: Color(alpha: 0.0000, red: 0.0000, green: 0.0000, blue: 0.0000, colorSpace: ColorSpace.sRGB), renderObject: _RenderColoredBox#64614 relayoutBoundary=up27)
                                                                                                                                                                   │                                                           │                                     │ └Center(alignment: Alignment.center, dependencies: [Directionality], renderObject: RenderPositionedBox#eb93e relayoutBoundary=up28)
                                                                                                                                                                   │                                                           │                                     │  └Padding(padding: EdgeInsets.all(8.0), dependencies: [Directionality], renderObject: RenderPadding#8e38b relayoutBoundary=up29)
                                                                                                                                                                   │                                                           │                                     │   └Text("次鋒", inherit: true, color: Color(alpha: 1.0000, red: 0.2588, green: 0.2588, blue: 0.2588, colorSpace: ColorSpace.sRGB), size: 10.0, weight: 700, dependencies: [DefaultSelectionStyle, DefaultTextStyle, MediaQuery])
                                                                                                                                                                   │                                                           │                                     │    └RichText(softWrap: wrapping at box width, maxLines: unlimited, text: "次鋒", dependencies: [Directionality, _LocalizationsScope-[GlobalKey#12c5f]], renderObject: RenderParagraph#46a11 relayoutBoundary=up30)
                                                                                                                                                                   │                                                           │                                     ├Center(alignment: Alignment.center, dependencies: [Directionality], renderObject: RenderPositionedBox#3cedd relayoutBoundary=up27)
                                                                                                                                                                   │                                                           │                                     │└Padding(padding: EdgeInsets.all(8.0), dependencies: [Directionality], renderObject: RenderPadding#62e7b relayoutBoundary=up28)
                                                                                                                                                                   │                                                           │                                     │ └Text("本/勝", inherit: true, color: Color(alpha: 1.0000, red: 0.3804, green: 0.3804, blue: 0.3804, colorSpace: ColorSpace.sRGB), size: 10.0, dependencies: [DefaultSelectionStyle, DefaultTextStyle, MediaQuery])
                                                                                                                                                                   │                                                           │                                     │  └RichText(softWrap: wrapping at box width, maxLines: unlimited, text: "本/勝", dependencies: [Directionality, _LocalizationsScope-[GlobalKey#12c5f]], renderObject: RenderParagraph#0f447 relayoutBoundary=up29)
                                                                                                                                                                   │                                                           │                                     ├Center(alignment: Alignment.center, dependencies: [Directionality], renderObject: RenderPositionedBox#db0d3 relayoutBoundary=up27)
                                                                                                                                                                   │                                                           │                                     │└Padding(padding: EdgeInsets.all(4.0), dependencies: [Directionality], renderObject: RenderPadding#a2ee6 relayoutBoundary=up28)
                                                                                                                                                                   │                                                           │                                     │ └Text("青龍道場", inherit: true, color: Color(alpha: 1.0000, red: 0.8275, green: 0.1843, blue: 0.1843, colorSpace: ColorSpace.sRGB), size: 11.0, weight: 700, textAlign: center, dependencies: [DefaultSelectionStyle, DefaultTextStyle, MediaQuery])
                                                                                                                                                                   │                                                           │                                     │  └RichText(textAlign: center, softWrap: wrapping at box width, maxLines: unlimited, text: "青龍道場", dependencies: [Directionality, _LocalizationsScope-[GlobalKey#12c5f]], renderObject: RenderParagraph#197bf relayoutBoundary=up29)
                                                                                                                                                                   │                                                           │                                     ├Container(bg: Color(alpha: 0.0000, red: 0.0000, green: 0.0000, blue: 0.0000, colorSpace: ColorSpace.sRGB))
                                                                                                                                                                   │                                                           │                                     │└ColoredBox(color: Color(alpha: 0.0000, red: 0.0000, green: 0.0000, blue: 0.0000, colorSpace: ColorSpace.sRGB), renderObject: _RenderColoredBox#1b30c relayoutBoundary=up27)
                                                                                                                                                                   │                                                           │                                     │ └Center(alignment: Alignment.center, dependencies: [Directionality], renderObject: RenderPositionedBox#bc1d0 relayoutBoundary=up28)
                                                                                                                                                                   │                                                           │                                     │  └Padding(padding: EdgeInsets(4.0, 12.0, 4.0, 12.0), dependencies: [Directionality], renderObject: RenderPadding#9ba6a relayoutBoundary=up29)
                                                                                                                                                                   │                                                           │                                     │   └Column(direction: vertical, mainAxisAlignment: start, mainAxisSize: min, crossAxisAlignment: center, renderObject: RenderFlex#f89b0 relayoutBoundary=up30)
                                                                                                                                                                   │                                                           │                                     │    ├Text("先", inherit: true, color: Color(alpha: 1.0000, red: 0.2588, green: 0.2588, blue: 0.2588, colorSpace: ColorSpace.sRGB), size: 11.0, weight: 700, height: 1.1x, dependencies: [DefaultSelectionStyle, DefaultTextStyle, MediaQuery])
                                                                                                                                                                   │                                                           │                                     │    │└RichText(softWrap: wrapping at box width, maxLines: unlimited, text: "先", dependencies: [Directionality, _LocalizationsScope-[GlobalKey#12c5f]], renderObject: RenderParagraph#2a2af relayoutBoundary=up31)
                                                                                                                                                                   │                                                           │                                     │    └Text("鋒", inherit: true, color: Color(alpha: 1.0000, red: 0.2588, green: 0.2588, blue: 0.2588, colorSpace: ColorSpace.sRGB), size: 11.0, weight: 700, height: 1.1x, dependencies: [DefaultSelectionStyle, DefaultTextStyle, MediaQuery])
                                                                                                                                                                   │                                                           │                                     │     └RichText(softWrap: wrapping at box width, maxLines: unlimited, text: "鋒", dependencies: [Directionality, _LocalizationsScope-[GlobalKey#12c5f]], renderObject: RenderParagraph#b509f relayoutBoundary=up31)
                                                                                                                                                                   │                                                           │                                     ├Container(bg: Color(alpha: 0.0000, red: 0.0000, green: 0.0000, blue: 0.0000, colorSpace: ColorSpace.sRGB))
                                                                                                                                                                   │                                                           │                                     │└ColoredBox(color: Color(alpha: 0.0000, red: 0.0000, green: 0.0000, blue: 0.0000, colorSpace: ColorSpace.sRGB), renderObject: _RenderColoredBox#4715b relayoutBoundary=up27)
                                                                                                                                                                   │                                                           │                                     │ └Center(alignment: Alignment.center, dependencies: [Directionality], renderObject: RenderPositionedBox#cc2ba relayoutBoundary=up28)
                                                                                                                                                                   │                                                           │                                     │  └Padding(padding: EdgeInsets(4.0, 12.0, 4.0, 12.0), dependencies: [Directionality], renderObject: RenderPadding#da58c relayoutBoundary=up29)
                                                                                                                                                                   │                                                           │                                     │   └Column(direction: vertical, mainAxisAlignment: start, mainAxisSize: min, crossAxisAlignment: center, renderObject: RenderFlex#59d58 relayoutBoundary=up30)
                                                                                                                                                                   │                                                           │                                     │    ├Text("次", inherit: true, color: Color(alpha: 1.0000, red: 0.2588, green: 0.2588, blue: 0.2588, colorSpace: ColorSpace.sRGB), size: 11.0, weight: 700, height: 1.1x, dependencies: [DefaultSelectionStyle, DefaultTextStyle, MediaQuery])
                                                                                                                                                                   │                                                           │                                     │    │└RichText(softWrap: wrapping at box width, maxLines: unlimited, text: "次", dependencies: [Directionality, _LocalizationsScope-[GlobalKey#12c5f]], renderObject: RenderParagraph#6b700 relayoutBoundary=up31)
                                                                                                                                                                   │                                                           │                                     │    └Text("鋒", inherit: true, color: Color(alpha: 1.0000, red: 0.2588, green: 0.2588, blue: 0.2588, colorSpace: ColorSpace.sRGB), size: 11.0, weight: 700, height: 1.1x, dependencies: [DefaultSelectionStyle, DefaultTextStyle, MediaQuery])
                                                                                                                                                                   │                                                           │                                     │     └RichText(softWrap: wrapping at box width, maxLines: unlimited, text: "鋒", dependencies: [Directionality, _LocalizationsScope-[GlobalKey#12c5f]], renderObject: RenderParagraph#5a6dd relayoutBoundary=up31)
                                                                                                                                                                   │                                                           │                                     ├Center(alignment: Alignment.center, dependencies: [Directionality], renderObject: RenderPositionedBox#60712 relayoutBoundary=up27)
                                                                                                                                                                   │                                                           │                                     │└Text("1\n--\n1", inherit: true, color: Color(alpha: 1.0000, red: 0.2588, green: 0.2588, blue: 0.2588, colorSpace: ColorSpace.sRGB), size: 12.0, weight: 700, textAlign: center, dependencies: [DefaultSelectionStyle, DefaultTextStyle, MediaQuery])
                                                                                                                                                                   │                                                           │                                     │ └RichText(textAlign: center, softWrap: wrapping at box width, maxLines: unlimited, text: "1\n--\n1", dependencies: [Directionality, _LocalizationsScope-[GlobalKey#12c5f]], renderObject: RenderParagraph#18d20 relayoutBoundary=up28)
                                                                                                                                                                   │                                                           │                                     ├SizedBox.shrink(renderObject: RenderConstrainedBox#99c77 relayoutBoundary=up27)
                                                                                                                                                                   │                                                           │                                     ├Container(Alignment.center, constraints: BoxConstraints(0.0<=w<=Infinity, h=70.0))
                                                                                                                                                                   │                                                           │                                     │└ConstrainedBox(BoxConstraints(0.0<=w<=Infinity, h=70.0), renderObject: RenderConstrainedBox#c2401 relayoutBoundary=up27)
                                                                                                                                                                   │                                                           │                                     │ └Align(alignment: Alignment.center, dependencies: [Directionality], renderObject: RenderPositionedBox#31963)
                                                                                                                                                                   │                                                           │                                     │  └Stack(alignment: Alignment.center, fit: loose, dependencies: [Directionality], renderObject: RenderStack#d8775 relayoutBoundary=up1)
                                                                                                                                                                   │                                                           │                                     │   ├Divider(dependencies: [InheritedCupertinoTheme, _InheritedTheme, _LocalizationsScope-[GlobalKey#12c5f]])
                                                                                                                                                                   │                                                           │                                     │   │└SizedBox(height: 0.0, renderObject: RenderConstrainedBox#807be relayoutBoundary=up2)
                                                                                                                                                                   │                                                           │                                     │   │ └Center(alignment: Alignment.center, dependencies: [Directionality], renderObject: RenderPositionedBox#21e6b relayoutBoundary=up3)
                                                                                                                                                                   │                                                           │                                     │   │  └Container(bg: BoxDecoration(border: Border(bottom: BorderSide(color: Color(alpha: 1.0000, red: 0.8784, green: 0.8784, blue: 0.8784, colorSpace: ColorSpace.sRGB)))), constraints: BoxConstraints(0.0<=w<=Infinity, h=1.0), margin: EdgeInsets.zero)
                                                                                                                                                                   │                                                           │                                     │   │   └Padding(padding: EdgeInsets.zero, dependencies: [Directionality], renderObject: RenderPadding#1a001 relayoutBoundary=up4)
                                                                                                                                                                   │                                                           │                                     │   │    └ConstrainedBox(BoxConstraints(0.0<=w<=Infinity, h=1.0), renderObject: RenderConstrainedBox#f965a relayoutBoundary=up5)
                                                                                                                                                                   │                                                           │                                     │   │     └DecoratedBox(bg: BoxDecoration(border: Border(bottom: BorderSide(color: Color(alpha: 1.0000, red: 0.8784, green: 0.8784, blue: 0.8784, colorSpace: ColorSpace.sRGB)))), dependencies: [Directionality, MediaQuery, _LocalizationsScope-[GlobalKey#12c5f]], renderObject: RenderDecoratedBox#826de relayoutBoundary=up6)
                                                                                                                                                                   │                                                           │                                     │   │      └Padding(padding: EdgeInsets(0.0, 0.0, 0.0, 1.0), dependencies: [Directionality], renderObject: RenderPadding#146b8 relayoutBoundary=up7)
                                                                                                                                                                   │                                                           │                                     │   │       └LimitedBox(maxWidth: 0.0, maxHeight: 0.0, renderObject: RenderLimitedBox#48821 relayoutBoundary=up8)
                                                                                                                                                                   │                                                           │                                     │   │        └ConstrainedBox(BoxConstraints(biggest), renderObject: RenderConstrainedBox#3df48 relayoutBoundary=up9)
                                                                                                                                                                   │                                                           │                                     │   └Column(direction: vertical, mainAxisAlignment: start, crossAxisAlignment: center, renderObject: RenderFlex#76a48 relayoutBoundary=up2)
                                                                                                                                                                   │                                                           │                                     │    ├Expanded(flex: 1)
                                                                                                                                                                   │                                                           │                                     │    │└SizedBox(width: 36.0, height: 36.0, renderObject: RenderConstrainedBox#c748a relayoutBoundary=up3)
                                                                                                                                                                   │                                                           │                                     │    │ └Stack(alignment: Alignment.center, fit: loose, dependencies: [Directionality], renderObject: RenderStack#2f30a)
                                                                                                                                                                   │                                                           │                                     │    │  └Container(bg: BoxDecoration(border: Border.all(BorderSide(color: Color(alpha: 0.4000, red: 0.8275, green: 0.1843, blue: 0.1843, colorSpace: ColorSpace.sRGB), width: 1.5)), shape: circle), constraints: BoxConstraints(w=32.0, h=32.0))
                                                                                                                                                                   │                                                           │                                     │    │   └ConstrainedBox(BoxConstraints(w=32.0, h=32.0), renderObject: RenderConstrainedBox#70ee6 relayoutBoundary=up1)
                                                                                                                                                                   │                                                           │                                     │    │    └DecoratedBox(bg: BoxDecoration(border: Border.all(BorderSide(color: Color(alpha: 0.4000, red: 0.8275, green: 0.1843, blue: 0.1843, colorSpace: ColorSpace.sRGB), width: 1.5)), shape: circle), dependencies: [Directionality, MediaQuery, _LocalizationsScope-[GlobalKey#12c5f]], renderObject: RenderDecoratedBox#95051)
                                                                                                                                                                   │                                                           │                                     │    │     └Padding(padding: EdgeInsets.all(1.5), dependencies: [Directionality], renderObject: RenderPadding#25e04)
                                                                                                                                                                   │                                                           │                                     │    └Expanded(flex: 1)
                                                                                                                                                                   │                                                           │                                     │     └SizedBox(width: 36.0, height: 36.0, renderObject: RenderConstrainedBox#a3803 relayoutBoundary=up3)
                                                                                                                                                                   │                                                           │                                     │      └Stack(alignment: Alignment.center, fit: loose, dependencies: [Directionality], renderObject: RenderStack#11834)
                                                                                                                                                                   │                                                           │                                     ├Container(Alignment.center, constraints: BoxConstraints(0.0<=w<=Infinity, h=70.0))
                                                                                                                                                                   │                                                           │                                     │└ConstrainedBox(BoxConstraints(0.0<=w<=Infinity, h=70.0), renderObject: RenderConstrainedBox#b02a5 relayoutBoundary=up27)
                                                                                                                                                                   │                                                           │                                     │ └Align(alignment: Alignment.center, dependencies: [Directionality], renderObject: RenderPositionedBox#ca67b)
                                                                                                                                                                   │                                                           │                                     │  └Stack(alignment: Alignment.center, fit: loose, dependencies: [Directionality], renderObject: RenderStack#5c75a relayoutBoundary=up1)
                                                                                                                                                                   │                                                           │                                     │   ├Divider(dependencies: [InheritedCupertinoTheme, _InheritedTheme, _LocalizationsScope-[GlobalKey#12c5f]])
                                                                                                                                                                   │                                                           │                                     │   │└SizedBox(height: 0.0, renderObject: RenderConstrainedBox#5b220 relayoutBoundary=up2)
                                                                                                                                                                   │                                                           │                                     │   │ └Center(alignment: Alignment.center, dependencies: [Directionality], renderObject: RenderPositionedBox#d6f96 relayoutBoundary=up3)
                                                                                                                                                                   │                                                           │                                     │   │  └Container(bg: BoxDecoration(border: Border(bottom: BorderSide(color: Color(alpha: 1.0000, red: 0.8784, green: 0.8784, blue: 0.8784, colorSpace: ColorSpace.sRGB)))), constraints: BoxConstraints(0.0<=w<=Infinity, h=1.0), margin: EdgeInsets.zero)
                                                                                                                                                                   │                                                           │                                     │   │   └Padding(padding: EdgeInsets.zero, dependencies: [Directionality], renderObject: RenderPadding#c960a relayoutBoundary=up4)
                                                                                                                                                                   │                                                           │                                     │   │    └ConstrainedBox(BoxConstraints(0.0<=w<=Infinity, h=1.0), renderObject: RenderConstrainedBox#cab02 relayoutBoundary=up5)
                                                                                                                                                                   │                                                           │                                     │   │     └DecoratedBox(bg: BoxDecoration(border: Border(bottom: BorderSide(color: Color(alpha: 1.0000, red: 0.8784, green: 0.8784, blue: 0.8784, colorSpace: ColorSpace.sRGB)))), dependencies: [Directionality, MediaQuery, _LocalizationsScope-[GlobalKey#12c5f]], renderObject: RenderDecoratedBox#6ff87 relayoutBoundary=up6)
                                                                                                                                                                   │                                                           │                                     │   │      └Padding(padding: EdgeInsets(0.0, 0.0, 0.0, 1.0), dependencies: [Directionality], renderObject: RenderPadding#5618c relayoutBoundary=up7)
                                                                                                                                                                   │                                                           │                                     │   │       └LimitedBox(maxWidth: 0.0, maxHeight: 0.0, renderObject: RenderLimitedBox#6240e relayoutBoundary=up8)
                                                                                                                                                                   │                                                           │                                     │   │        └ConstrainedBox(BoxConstraints(biggest), renderObject: RenderConstrainedBox#ee505 relayoutBoundary=up9)
                                                                                                                                                                   │                                                           │                                     │   ├Container(padding: EdgeInsets(2.0, 0.0, 2.0, 0.0), bg: Color(alpha: 1.0000, red: 1.0000, green: 1.0000, blue: 1.0000, colorSpace: ColorSpace.sRGB))
                                                                                                                                                                   │                                                           │                                     │   │└ColoredBox(color: Color(alpha: 1.0000, red: 1.0000, green: 1.0000, blue: 1.0000, colorSpace: ColorSpace.sRGB), renderObject: _RenderColoredBox#c1822 relayoutBoundary=up2)
                                                                                                                                                                   │                                                           │                                     │   │ └Padding(padding: EdgeInsets(2.0, 0.0, 2.0, 0.0), dependencies: [Directionality], renderObject: RenderPadding#eebb1 relayoutBoundary=up3)
                                                                                                                                                                   │                                                           │                                     │   │  └Text("✕", inherit: true, color: Color(alpha: 1.0000, red: 0.7412, green: 0.7412, blue: 0.7412, colorSpace: ColorSpace.sRGB), size: 16.0, weight: 900, dependencies: [DefaultSelectionStyle, DefaultTextStyle, MediaQuery])
                                                                                                                                                                   │                                                           │                                     │   │   └RichText(softWrap: wrapping at box width, maxLines: unlimited, text: "✕", dependencies: [Directionality, _LocalizationsScope-[GlobalKey#12c5f]], renderObject: RenderParagraph#39639 relayoutBoundary=up4)
                                                                                                                                                                   │                                                           │                                     │   └Column(direction: vertical, mainAxisAlignment: start, crossAxisAlignment: center, renderObject: RenderFlex#71e43 relayoutBoundary=up2)
                                                                                                                                                                   │                                                           │                                     │    ├Expanded(flex: 1)
                                                                                                                                                                   │                                                           │                                     │    │└SizedBox(width: 36.0, height: 36.0, renderObject: RenderConstrainedBox#34e18 relayoutBoundary=up3)
                                                                                                                                                                   │                                                           │                                     │    │ └Stack(alignment: Alignment.center, fit: loose, dependencies: [Directionality], renderObject: RenderStack#023e9)
                                                                                                                                                                   │                                                           │                                     │    └Expanded(flex: 1)
                                                                                                                                                                   │                                                           │                                     │     └SizedBox(width: 36.0, height: 36.0, renderObject: RenderConstrainedBox#c3808 relayoutBoundary=up3)
                                                                                                                                                                   │                                                           │                                     │      └Stack(alignment: Alignment.center, fit: loose, dependencies: [Directionality], renderObject: RenderStack#01570)
                                                                                                                                                                   │                                                           │                                     ├Container(Alignment.center, constraints: BoxConstraints(0.0<=w<=Infinity, h=70.0))
                                                                                                                                                                   │                                                           │                                     │└ConstrainedBox(BoxConstraints(0.0<=w<=Infinity, h=70.0), renderObject: RenderConstrainedBox#a60e8 relayoutBoundary=up27)
                                                                                                                                                                   │                                                           │                                     │ └Align(alignment: Alignment.center, dependencies: [Directionality], renderObject: RenderPositionedBox#5b3e4)
                                                                                                                                                                   │                                                           │                                     │  └Stack(alignment: Alignment.center, fit: loose, dependencies: [Directionality], renderObject: RenderStack#55e92 relayoutBoundary=up1)
                                                                                                                                                                   │                                                           │                                     │   ├Divider(dependencies: [InheritedCupertinoTheme, _InheritedTheme, _LocalizationsScope-[GlobalKey#12c5f]])
                                                                                                                                                                   │                                                           │                                     │   │└SizedBox(height: 0.0, renderObject: RenderConstrainedBox#4d3e5 relayoutBoundary=up2)
                                                                                                                                                                   │                                                           │                                     │   │ └Center(alignment: Alignment.center, dependencies: [Directionality], renderObject: RenderPositionedBox#5a4e6 relayoutBoundary=up3)
                                                                                                                                                                   │                                                           │                                     │   │  └Container(bg: BoxDecoration(border: Border(bottom: BorderSide(color: Color(alpha: 1.0000, red: 0.8784, green: 0.8784, blue: 0.8784, colorSpace: ColorSpace.sRGB)))), constraints: BoxConstraints(0.0<=w<=Infinity, h=1.0), margin: EdgeInsets.zero)
                                                                                                                                                                   │                                                           │                                     │   │   └Padding(padding: EdgeInsets.zero, dependencies: [Directionality], renderObject: RenderPadding#e190e relayoutBoundary=up4)
                                                                                                                                                                   │                                                           │                                     │   │    └ConstrainedBox(BoxConstraints(0.0<=w<=Infinity, h=1.0), renderObject: RenderConstrainedBox#4fa5e relayoutBoundary=up5)
                                                                                                                                                                   │                                                           │                                     │   │     └DecoratedBox(bg: BoxDecoration(border: Border(bottom: BorderSide(color: Color(alpha: 1.0000, red: 0.8784, green: 0.8784, blue: 0.8784, colorSpace: ColorSpace.sRGB)))), dependencies: [Directionality, MediaQuery, _LocalizationsScope-[GlobalKey#12c5f]], renderObject: RenderDecoratedBox#6e25f relayoutBoundary=up6)
                                                                                                                                                                   │                                                           │                                     │   │      └Padding(padding: EdgeInsets(0.0, 0.0, 0.0, 1.0), dependencies: [Directionality], renderObject: RenderPadding#69d16 relayoutBoundary=up7)
                                                                                                                                                                   │                                                           │                                     │   │       └LimitedBox(maxWidth: 0.0, maxHeight: 0.0, renderObject: RenderLimitedBox#71897 relayoutBoundary=up8)
                                                                                                                                                                   │                                                           │                                     │   │        └ConstrainedBox(BoxConstraints(biggest), renderObject: RenderConstrainedBox#07f0b relayoutBoundary=up9)
                                                                                                                                                                   │                                                           │                                     │   └Column(direction: vertical, mainAxisAlignment: start, crossAxisAlignment: center, renderObject: RenderFlex#b8bdb relayoutBoundary=up2)
                                                                                                                                                                   │                                                           │                                     │    ├Expanded(flex: 1)
                                                                                                                                                                   │                                                           │                                     │    │└Center(alignment: Alignment.center, dependencies: [Directionality], renderObject: RenderPositionedBox#de63f relayoutBoundary=up3)
                                                                                                                                                                   │                                                           │                                     │    │ └Text("勝", inherit: true, color: Color(alpha: 1.0000, red: 0.8980, green: 0.2235, blue: 0.2078, colorSpace: ColorSpace.sRGB), size: 14.0, weight: 700, dependencies: [DefaultSelectionStyle, DefaultTextStyle, MediaQuery])
                                                                                                                                                                   │                                                           │                                     │    │  └RichText(softWrap: wrapping at box width, maxLines: unlimited, text: "勝", dependencies: [Directionality, _LocalizationsScope-[GlobalKey#12c5f]], renderObject: RenderParagraph#fcc93 relayoutBoundary=up4)
                                                                                                                                                                   │                                                           │                                     │    └Expanded(flex: 1)
                                                                                                                                                                   │                                                           │                                     │     └Center(alignment: Alignment.center, dependencies: [Directionality], renderObject: RenderPositionedBox#2589c relayoutBoundary=up3)
                                                                                                                                                                   │                                                           │                                     │      └Text("負", inherit: true, color: Color(alpha: 1.0000, red: 0.0000, green: 0.0000, blue: 0.0000, colorSpace: ColorSpace.sRGB), size: 14.0, weight: 700, dependencies: [DefaultSelectionStyle, DefaultTextStyle, MediaQuery])
                                                                                                                                                                   │                                                           │                                     │       └RichText(softWrap: wrapping at box width, maxLines: unlimited, text: "負", dependencies: [Directionality, _LocalizationsScope-[GlobalKey#12c5f]], renderObject: RenderParagraph#8f760 relayoutBoundary=up4)
                                                                                                                                                                   │                                                           │                                     ├Center(alignment: Alignment.center, dependencies: [Directionality], renderObject: RenderPositionedBox#d301b relayoutBoundary=up27)
                                                                                                                                                                   │                                                           │                                     │└Padding(padding: EdgeInsets.all(4.0), dependencies: [Directionality], renderObject: RenderPadding#a2e0d relayoutBoundary=up28)
                                                                                                                                                                   │                                                           │                                     │ └Text("白虎剣友会", inherit: true, color: Color(alpha: 1.0000, red: 0.2706, green: 0.3529, blue: 0.3922, colorSpace: ColorSpace.sRGB), size: 11.0, weight: 700, textAlign: center, dependencies: [DefaultSelectionStyle, DefaultTextStyle, MediaQuery])
                                                                                                                                                                   │                                                           │                                     │  └RichText(textAlign: center, softWrap: wrapping at box width, maxLines: unlimited, text: "白虎剣友会", dependencies: [Directionality, _LocalizationsScope-[GlobalKey#12c5f]], renderObject: RenderParagraph#4141c relayoutBoundary=up29)
                                                                                                                                                                   │                                                           │                                     ├Container(bg: Color(alpha: 0.0000, red: 0.0000, green: 0.0000, blue: 0.0000, colorSpace: ColorSpace.sRGB))
                                                                                                                                                                   │                                                           │                                     │└ColoredBox(color: Color(alpha: 0.0000, red: 0.0000, green: 0.0000, blue: 0.0000, colorSpace: ColorSpace.sRGB), renderObject: _RenderColoredBox#c87db relayoutBoundary=up27)
                                                                                                                                                                   │                                                           │                                     │ └Center(alignment: Alignment.center, dependencies: [Directionality], renderObject: RenderPositionedBox#7cc68 relayoutBoundary=up28)
                                                                                                                                                                   │                                                           │                                     │  └Padding(padding: EdgeInsets(4.0, 12.0, 4.0, 12.0), dependencies: [Directionality], renderObject: RenderPadding#722fa relayoutBoundary=up29)
                                                                                                                                                                   │                                                           │                                     │   └Column(direction: vertical, mainAxisAlignment: start, mainAxisSize: min, crossAxisAlignment: center, renderObject: RenderFlex#ae68a relayoutBoundary=up30)
                                                                                                                                                                   │                                                           │                                     │    ├Text("先", inherit: true, color: Color(alpha: 1.0000, red: 0.2588, green: 0.2588, blue: 0.2588, colorSpace: ColorSpace.sRGB), size: 11.0, weight: 700, height: 1.1x, dependencies: [DefaultSelectionStyle, DefaultTextStyle, MediaQuery])
                                                                                                                                                                   │                                                           │                                     │    │└RichText(softWrap: wrapping at box width, maxLines: unlimited, text: "先", dependencies: [Directionality, _LocalizationsScope-[GlobalKey#12c5f]], renderObject: RenderParagraph#8f137 relayoutBoundary=up31)
                                                                                                                                                                   │                                                           │                                     │    └Text("鋒", inherit: true, color: Color(alpha: 1.0000, red: 0.2588, green: 0.2588, blue: 0.2588, colorSpace: ColorSpace.sRGB), size: 11.0, weight: 700, height: 1.1x, dependencies: [DefaultSelectionStyle, DefaultTextStyle, MediaQuery])
                                                                                                                                                                   │                                                           │                                     │     └RichText(softWrap: wrapping at box width, maxLines: unlimited, text: "鋒", dependencies: [Directionality, _LocalizationsScope-[GlobalKey#12c5f]], renderObject: RenderParagraph#1b9ca relayoutBoundary=up31)
                                                                                                                                                                   │                                                           │                                     ├Container(bg: Color(alpha: 0.0000, red: 0.0000, green: 0.0000, blue: 0.0000, colorSpace: ColorSpace.sRGB))
                                                                                                                                                                   │                                                           │                                     │└ColoredBox(color: Color(alpha: 0.0000, red: 0.0000, green: 0.0000, blue: 0.0000, colorSpace: ColorSpace.sRGB), renderObject: _RenderColoredBox#c550b relayoutBoundary=up27)
                                                                                                                                                                   │                                                           │                                     │ └Center(alignment: Alignment.center, dependencies: [Directionality], renderObject: RenderPositionedBox#ffaea relayoutBoundary=up28)
                                                                                                                                                                   │                                                           │                                     │  └Padding(padding: EdgeInsets(4.0, 12.0, 4.0, 12.0), dependencies: [Directionality], renderObject: RenderPadding#a2b73 relayoutBoundary=up29)
                                                                                                                                                                   │                                                           │                                     │   └Column(direction: vertical, mainAxisAlignment: start, mainAxisSize: min, crossAxisAlignment: center, renderObject: RenderFlex#740a5 relayoutBoundary=up30)
                                                                                                                                                                   │                                                           │                                     │    ├Text("次", inherit: true, color: Color(alpha: 1.0000, red: 0.2588, green: 0.2588, blue: 0.2588, colorSpace: ColorSpace.sRGB), size: 11.0, weight: 700, height: 1.1x, dependencies: [DefaultSelectionStyle, DefaultTextStyle, MediaQuery])
                                                                                                                                                                   │                                                           │                                     │    │└RichText(softWrap: wrapping at box width, maxLines: unlimited, text: "次", dependencies: [Directionality, _LocalizationsScope-[GlobalKey#12c5f]], renderObject: RenderParagraph#e3397 relayoutBoundary=up31)
                                                                                                                                                                   │                                                           │                                     │    └Text("鋒", inherit: true, color: Color(alpha: 1.0000, red: 0.2588, green: 0.2588, blue: 0.2588, colorSpace: ColorSpace.sRGB), size: 11.0, weight: 700, height: 1.1x, dependencies: [DefaultSelectionStyle, DefaultTextStyle, MediaQuery])
                                                                                                                                                                   │                                                           │                                     │     └RichText(softWrap: wrapping at box width, maxLines: unlimited, text: "鋒", dependencies: [Directionality, _LocalizationsScope-[GlobalKey#12c5f]], renderObject: RenderParagraph#55bab relayoutBoundary=up31)
                                                                                                                                                                   │                                                           │                                     └Center(alignment: Alignment.center, dependencies: [Directionality], renderObject: RenderPositionedBox#a694c relayoutBoundary=up27)
                                                                                                                                                                   │                                                           │                                      └Text("0\n--\n0", inherit: true, color: Color(alpha: 1.0000, red: 0.2588, green: 0.2588, blue: 0.2588, colorSpace: ColorSpace.sRGB), size: 12.0, weight: 700, textAlign: center, dependencies: [DefaultSelectionStyle, DefaultTextStyle, MediaQuery])
                                                                                                                                                                   │                                                           │                                       └RichText(textAlign: center, softWrap: wrapping at box width, maxLines: unlimited, text: "0\n--\n0", dependencies: [Directionality, _LocalizationsScope-[GlobalKey#12c5f]], renderObject: RenderParagraph#5e058 relayoutBoundary=up28)
                                                                                                                                                                   │                                                           ├KeyedSubtree
                                                                                                                                                                   │                                                           │└AutomaticKeepAlive(state: _AutomaticKeepAliveState#10fd7(handles: no notifications ever received))
                                                                                                                                                                   │                                                           │ └KeepAlive(keepAlive: false)
                                                                                                                                                                   │                                                           │  └NotificationListener<KeepAliveNotification>
                                                                                                                                                                   │                                                           │   └_SelectionKeepAlive(state: _SelectionKeepAliveState#440f9)
                                                                                                                                                                   │                                                           │    └IndexedSemantics(index: 1, renderObject: RenderIndexedSemantics#dbbc3 relayoutBoundary=up12)
                                                                                                                                                                   │                                                           │     └RepaintBoundary(renderObject: RenderRepaintBoundary#8b803 relayoutBoundary=up13)
                                                                                                                                                                   │                                                           │      └Column(direction: vertical, mainAxisAlignment: start, crossAxisAlignment: start, dependencies: [Directionality], renderObject: RenderFlex#16b9d relayoutBoundary=up14)
                                                                                                                                                                   │                                                           │       ├Padding(padding: EdgeInsets(8.0, 24.0, 0.0, 12.0), dependencies: [Directionality], renderObject: RenderPadding#91a4e relayoutBoundary=up15)
                                                                                                                                                                   │                                                           │       │└Text("【リーグ戦】 青龍道場 : 2チームリーグ（全1試合）", inherit: true, color: Color(alpha: 1.0000, red: 0.1020, green: 0.1373, blue: 0.4941, colorSpace: ColorSpace.sRGB), size: 16.0, weight: 700, dependencies: [DefaultSelectionStyle, DefaultTextStyle, MediaQuery])
                                                                                                                                                                   │                                                           │       │ └RichText(softWrap: wrapping at box width, maxLines: unlimited, text: "【リーグ戦】 青龍道場 : 2チームリーグ（全1試合）", dependencies: [Directionality, _LocalizationsScope-[GlobalKey#12c5f]], renderObject: RenderParagraph#0b321 relayoutBoundary=up16)
                                                                                                                                                                   │                                                           │       ├SingleChildScrollView(dependencies: [Directionality, InheritedCupertinoTheme, ScrollConfiguration, _InheritedTheme, _LocalizationsScope-[GlobalKey#12c5f]])
                                                                                                                                                                   │                                                           │       │└Scrollable(axisDirection: right, physics: null, restorationId: null, dependencies: [InheritedCupertinoTheme, MediaQuery, ScrollConfiguration, UnmanagedRestorationScope, _InheritedTheme, _LocalizationsScope-[GlobalKey#12c5f]], state: ScrollableState#cb52d(position: ScrollPositionWithSingleContext#3c260(offset: 0.0, range: 0.0..0.0, viewport: 463.0, ScrollableState, ClampingScrollPhysics -> RangeMaintainingScrollPhysics, IdleScrollActivity#50cb4, ScrollDirection.idle), effective physics: ClampingScrollPhysics -> RangeMaintainingScrollPhysics))
                                                                                                                                                                   │                                                           │       │ └StretchingOverscrollIndicator(axisDirection: right, state: _StretchingOverscrollIndicatorState#756af)
                                                                                                                                                                   │                                                           │       │  └NotificationListener<ScrollNotification>
                                                                                                                                                                   │                                                           │       │   └AnimatedBuilder(listenable: _StretchController(), dependencies: [MediaQuery], state: _AnimatedState#d8929)
                                                                                                                                                                   │                                                           │       │    └ClipRect(renderObject: RenderClipRect#c2750 relayoutBoundary=up15)
                                                                                                                                                                   │                                                           │       │     └StretchEffect(dependencies: [Directionality])
                                                                                                                                                                   │                                                           │       │      └Transform(dependencies: [Directionality], renderObject: RenderTransform#26f59 relayoutBoundary=up16)
                                                                                                                                                                   │                                                           │       │       └NotificationListener<ScrollMetricsNotification>
                                                                                                                                                                   │                                                           │       │        └_ScrollSemantics-[GlobalKey#c9a64](renderObject: _RenderScrollSemantics#27e00 relayoutBoundary=up17)
                                                                                                                                                                   │                                                           │       │         └_ScrollableScope
                                                                                                                                                                   │                                                           │       │          └Listener(listeners: [signal], behavior: deferToChild, renderObject: RenderPointerListener#119c1 relayoutBoundary=up18)
                                                                                                                                                                   │                                                           │       │           └RawGestureDetector-[LabeledGlobalKey<RawGestureDetectorState>#76584](state: RawGestureDetectorState#a7889(gestures: <none>, behavior: opaque))
                                                                                                                                                                   │                                                           │       │            └_GestureSemantics(renderObject: RenderSemanticsGestureHandler#45ef7 relayoutBoundary=up19)
                                                                                                                                                                   │                                                           │       │             └Listener(listeners: [down, panZoomStart], behavior: opaque, renderObject: RenderPointerListener#9b1dd relayoutBoundary=up20)
                                                                                                                                                                   │                                                           │       │              └Semantics(container: false, properties: SemanticsProperties, renderObject: RenderSemanticsAnnotations#9f2f2 relayoutBoundary=up21)
                                                                                                                                                                   │                                                           │       │               └IgnorePointer-[GlobalKey#865dd](ignoring: false, renderObject: RenderIgnorePointer#ebcb8 relayoutBoundary=up22)
                                                                                                                                                                   │                                                           │       │                └_SingleChildViewport(renderObject: _RenderSingleChildViewport#c1a77 relayoutBoundary=up23)
                                                                                                                                                                   │                                                           │       │                 └InkWell-[<'viewer_match_card_予選リーグA'>]
                                                                                                                                                                   │                                                           │       │                  └_InkResponseStateWidget(gestures: [tap], mouseCursor: null, clipped to BoxShape.rectangle, dependencies: [InheritedCupertinoTheme, MediaQuery, _InheritedTheme, _LocalizationsScope-[GlobalKey#12c5f]], state: _InkResponseState#71db2)
                                                                                                                                                                   │                                                           │       │                   └_ParentInkResponseProvider
                                                                                                                                                                   │                                                           │       │                    └Actions(dispatcher: null, actions: {ActivateIntent: CallbackAction<ActivateIntent>#86657, ButtonActivateIntent: CallbackAction<ButtonActivateIntent>#fd6b0}, state: _ActionsState#712fa)
                                                                                                                                                                   │                                                           │       │                     └_ActionsScope
                                                                                                                                                                   │                                                           │       │                      └Focus(dependencies: [_FocusInheritedScope], state: _FocusState#92c56)
                                                                                                                                                                   │                                                           │       │                       └_FocusInheritedScope
                                                                                                                                                                   │                                                           │       │                        └Semantics(container: false, properties: SemanticsProperties, renderObject: RenderSemanticsAnnotations#bbfc8 relayoutBoundary=up24)
                                                                                                                                                                   │                                                           │       │                         └MouseRegion(listeners: [enter, exit], cursor: SystemMouseCursor(basic), renderObject: RenderMouseRegion#c08f7 relayoutBoundary=up25)
                                                                                                                                                                   │                                                           │       │                          └Builder(dependencies: [DefaultSelectionStyle])
                                                                                                                                                                   │                                                           │       │                           └DefaultSelectionStyle
                                                                                                                                                                   │                                                           │       │                            └Semantics(container: false, properties: SemanticsProperties, renderObject: RenderSemanticsAnnotations#3c383 relayoutBoundary=up26)
                                                                                                                                                                   │                                                           │       │                             └GestureDetector(startBehavior: start, dependencies: [MediaQuery, ScrollConfiguration])
                                                                                                                                                                   │                                                           │       │                              └RawGestureDetector(state: RawGestureDetectorState#39808(gestures: [tap], excludeFromSemantics: true, behavior: opaque))
                                                                                                                                                                   │                                                           │       │                               └Listener(listeners: [down, panZoomStart], behavior: opaque, renderObject: RenderPointerListener#f0d04 relayoutBoundary=up27)
                                                                                                                                                                   │                                                           │       │                                └Card(dependencies: [InheritedCupertinoTheme, _InheritedTheme, _LocalizationsScope-[GlobalKey#12c5f]])
                                                                                                                                                                   │                                                           │       │                                 └Semantics(container: true, properties: SemanticsProperties, renderObject: RenderSemanticsAnnotations#266e4 relayoutBoundary=up28)
                                                                                                                                                                   │                                                           │       │                                  └Padding(padding: EdgeInsets(4.0, 0.0, 4.0, 0.0), dependencies: [Directionality], renderObject: RenderPadding#8d5e7 relayoutBoundary=up29)
                                                                                                                                                                   │                                                           │       │                                   └Material(type: card, color: Color(alpha: 1.0000, red: 1.0000, green: 1.0000, blue: 1.0000, colorSpace: ColorSpace.sRGB), shadowColor: Color(alpha: 1.0000, red: 0.0000, green: 0.0000, blue: 0.0000, colorSpace: ColorSpace.sRGB), surfaceTintColor: Color(alpha: 0.0000, red: 0.0000, green: 0.0000, blue: 0.0000, colorSpace: ColorSpace.sRGB), shape: RoundedRectangleBorder(BorderSide(color: Color(alpha: 1.0000, red: 0.7412, green: 0.7412, blue: 0.7412, colorSpace: ColorSpace.sRGB)), BorderRadius.circular(8.0)), dependencies: [InheritedCupertinoTheme, _InheritedTheme, _LocalizationsScope-[GlobalKey#12c5f]], state: _MaterialState#7b25b)
                                                                                                                                                                   │                                                           │       │                                    └_MaterialInterior(duration: 200ms, shape: RoundedRectangleBorder(BorderSide(color: Color(alpha: 1.0000, red: 0.7412, green: 0.7412, blue: 0.7412, colorSpace: ColorSpace.sRGB)), BorderRadius.circular(8.0)), elevation: 0.0, color: Color(alpha: 1.0000, red: 1.0000, green: 1.0000, blue: 1.0000, colorSpace: ColorSpace.sRGB), shadowColor: Color(alpha: 1.0000, red: 0.0000, green: 0.0000, blue: 0.0000, colorSpace: ColorSpace.sRGB), dependencies: [Directionality, InheritedCupertinoTheme, _InheritedTheme, _LocalizationsScope-[GlobalKey#12c5f]], state: _MaterialInteriorState#3df5a(ticker inactive))
                                                                                                                                                                   │                                                           │       │                                     └PhysicalShape(clipper: ShapeBorderClipper, elevation: 0.0, color: Color(alpha: 1.0000, red: 1.0000, green: 1.0000, blue: 1.0000, colorSpace: ColorSpace.sRGB), shadowColor: Color(alpha: 1.0000, red: 0.0000, green: 0.0000, blue: 0.0000, colorSpace: ColorSpace.sRGB), renderObject: RenderPhysicalShape#9dceb relayoutBoundary=up30)
                                                                                                                                                                   │                                                           │       │                                      └_ShapeBorderPaint(dependencies: [Directionality])
                                                                                                                                                                   │                                                           │       │                                       └CustomPaint(renderObject: RenderCustomPaint#98431 relayoutBoundary=up31)
                                                                                                                                                                   │                                                           │       │                                        └NotificationListener<LayoutChangedNotification>
                                                                                                                                                                   │                                                           │       │                                         └_InkFeatures-[GlobalKey#d0326 ink renderer](renderObject: _RenderInkFeatures#5a7cd relayoutBoundary=up32)
                                                                                                                                                                   │                                                           │       │                                          └AnimatedDefaultTextStyle(duration: 200ms, debugLabel: (englishLike bodyMedium 2021).merge((blackMountainView bodyMedium).apply), inherit: false, color: Color(alpha: 1.0000, red: 0.1137, green: 0.1059, blue: 0.1255, colorSpace: ColorSpace.sRGB), family: Roboto, size: 14.0, weight: 400, letterSpacing: 0.3, baseline: alphabetic, height: 1.4x, leadingDistribution: even, decoration: Color(alpha: 1.0000, red: 0.1137, green: 0.1059, blue: 0.1255, colorSpace: ColorSpace.sRGB) TextDecoration.none, softWrap: wrapping at box width, overflow: clip, state: _AnimatedDefaultTextStyleState#5d4f1(ticker inactive))
                                                                                                                                                                   │                                                           │       │                                           └DefaultTextStyle(debugLabel: (englishLike bodyMedium 2021).merge((blackMountainView bodyMedium).apply), inherit: false, color: Color(alpha: 1.0000, red: 0.1137, green: 0.1059, blue: 0.1255, colorSpace: ColorSpace.sRGB), family: Roboto, size: 14.0, weight: 400, letterSpacing: 0.3, baseline: alphabetic, height: 1.4x, leadingDistribution: even, decoration: Color(alpha: 1.0000, red: 0.1137, green: 0.1059, blue: 0.1255, colorSpace: ColorSpace.sRGB) TextDecoration.none, softWrap: wrapping at box width, overflow: clip)
                                                                                                                                                                   │                                                           │       │                                            └Semantics(container: false, properties: SemanticsProperties, renderObject: RenderSemanticsAnnotations#59943 relayoutBoundary=up33)
                                                                                                                                                                   │                                                           │       │                                             └Table(dependencies: [Directionality, MediaQuery, _LocalizationsScope-[GlobalKey#12c5f]], renderObject: RenderTable#e14a2 relayoutBoundary=up34)
                                                                                                                                                                   │                                                           │       │                                              ├SizedBox(height: 50.0, renderObject: RenderConstrainedBox#ac5aa relayoutBoundary=up35)
                                                                                                                                                                   │                                                           │       │                                              ├Center(alignment: Alignment.center, dependencies: [Directionality], renderObject: RenderPositionedBox#fd632 relayoutBoundary=up35)
                                                                                                                                                                   │                                                           │       │                                              │└Padding(padding: EdgeInsets.all(4.0), dependencies: [Directionality], renderObject: RenderPadding#4b09e relayoutBoundary=up36)
                                                                                                                                                                   │                                                           │       │                                              │ └Column(direction: vertical, mainAxisAlignment: start, mainAxisSize: min, crossAxisAlignment: center, renderObject: RenderFlex#50b57 relayoutBoundary=up37)
                                                                                                                                                                   │                                                           │       │                                              │  ├Text("朱", inherit: true, color: Color(alpha: 1.0000, red: 0.2588, green: 0.2588, blue: 0.2588, colorSpace: ColorSpace.sRGB), size: 11.0, weight: 700, height: 1.1x, dependencies: [DefaultSelectionStyle, DefaultTextStyle, MediaQuery])
                                                                                                                                                                   │                                                           │       │                                              │  │└RichText(softWrap: wrapping at box width, maxLines: unlimited, text: "朱", dependencies: [Directionality, _LocalizationsScope-[GlobalKey#12c5f]], renderObject: RenderParagraph#f65f0 relayoutBoundary=up38)
                                                                                                                                                                   │                                                           │       │                                              │  ├Text("雀", inherit: true, color: Color(alpha: 1.0000, red: 0.2588, green: 0.2588, blue: 0.2588, colorSpace: ColorSpace.sRGB), size: 11.0, weight: 700, height: 1.1x, dependencies: [DefaultSelectionStyle, DefaultTextStyle, MediaQuery])
                                                                                                                                                                   │                                                           │       │                                              │  │└RichText(softWrap: wrapping at box width, maxLines: unlimited, text: "雀", dependencies: [Directionality, _LocalizationsScope-[GlobalKey#12c5f]], renderObject: RenderParagraph#3c430 relayoutBoundary=up38)
                                                                                                                                                                   │                                                           │       │                                              │  └Text("会", inherit: true, color: Color(alpha: 1.0000, red: 0.2588, green: 0.2588, blue: 0.2588, colorSpace: ColorSpace.sRGB), size: 11.0, weight: 700, height: 1.1x, dependencies: [DefaultSelectionStyle, DefaultTextStyle, MediaQuery])
                                                                                                                                                                   │                                                           │       │                                              │   └RichText(softWrap: wrapping at box width, maxLines: unlimited, text: "会", dependencies: [Directionality, _LocalizationsScope-[GlobalKey#12c5f]], renderObject: RenderParagraph#d9076 relayoutBoundary=up38)
                                                                                                                                                                   │                                                           │       │                                              ├Center(alignment: Alignment.center, dependencies: [Directionality], renderObject: RenderPositionedBox#5ee2e relayoutBoundary=up35)
                                                                                                                                                                   │                                                           │       │                                              │└Padding(padding: EdgeInsets.all(4.0), dependencies: [Directionality], renderObject: RenderPadding#f00c7 relayoutBoundary=up36)
                                                                                                                                                                   │                                                           │       │                                              │ └Column(direction: vertical, mainAxisAlignment: start, mainAxisSize: min, crossAxisAlignment: center, renderObject: RenderFlex#6b5ce relayoutBoundary=up37)
                                                                                                                                                                   │                                                           │       │                                              │  ├Text("青", inherit: true, color: Color(alpha: 1.0000, red: 0.2588, green: 0.2588, blue: 0.2588, colorSpace: ColorSpace.sRGB), size: 11.0, weight: 700, height: 1.1x, dependencies: [DefaultSelectionStyle, DefaultTextStyle, MediaQuery])
                                                                                                                                                                   │                                                           │       │                                              │  │└RichText(softWrap: wrapping at box width, maxLines: unlimited, text: "青", dependencies: [Directionality, _LocalizationsScope-[GlobalKey#12c5f]], renderObject: RenderParagraph#1d85b relayoutBoundary=up38)
                                                                                                                                                                   │                                                           │       │                                              │  ├Text("龍", inherit: true, color: Color(alpha: 1.0000, red: 0.2588, green: 0.2588, blue: 0.2588, colorSpace: ColorSpace.sRGB), size: 11.0, weight: 700, height: 1.1x, dependencies: [DefaultSelectionStyle, DefaultTextStyle, MediaQuery])
                                                                                                                                                                   │                                                           │       │                                              │  │└RichText(softWrap: wrapping at box width, maxLines: unlimited, text: "龍", dependencies: [Directionality, _LocalizationsScope-[GlobalKey#12c5f]], renderObject: RenderParagraph#b53ea relayoutBoundary=up38)
                                                                                                                                                                   │                                                           │       │                                              │  ├Text("道", inherit: true, color: Color(alpha: 1.0000, red: 0.2588, green: 0.2588, blue: 0.2588, colorSpace: ColorSpace.sRGB), size: 11.0, weight: 700, height: 1.1x, dependencies: [DefaultSelectionStyle, DefaultTextStyle, MediaQuery])
                                                                                                                                                                   │                                                           │       │                                              │  │└RichText(softWrap: wrapping at box width, maxLines: unlimited, text: "道", dependencies: [Directionality, _LocalizationsScope-[GlobalKey#12c5f]], renderObject: RenderParagraph#7e6ce relayoutBoundary=up38)
                                                                                                                                                                   │                                                           │       │                                              │  └Text("場", inherit: true, color: Color(alpha: 1.0000, red: 0.2588, green: 0.2588, blue: 0.2588, colorSpace: ColorSpace.sRGB), size: 11.0, weight: 700, height: 1.1x, dependencies: [DefaultSelectionStyle, DefaultTextStyle, MediaQuery])
                                                                                                                                                                   │                                                           │       │                                              │   └RichText(softWrap: wrapping at box width, maxLines: unlimited, text: "場", dependencies: [Directionality, _LocalizationsScope-[GlobalKey#12c5f]], renderObject: RenderParagraph#713de relayoutBoundary=up38)
                                                                                                                                                                   │                                                           │       │                                              ├Center(alignment: Alignment.center, dependencies: [Directionality], renderObject: RenderPositionedBox#35986 relayoutBoundary=up35)
                                                                                                                                                                   │                                                           │       │                                              │└Padding(padding: EdgeInsets(0.0, 12.0, 0.0, 12.0), dependencies: [Directionality], renderObject: RenderPadding#d3d66 relayoutBoundary=up36)
                                                                                                                                                                   │                                                           │       │                                              │ └Text("勝数", inherit: true, color: Color(alpha: 1.0000, red: 0.4588, green: 0.4588, blue: 0.4588, colorSpace: ColorSpace.sRGB), size: 10.0, dependencies: [DefaultSelectionStyle, DefaultTextStyle, MediaQuery])
                                                                                                                                                                   │                                                           │       │                                              │  └RichText(softWrap: wrapping at box width, maxLines: unlimited, text: "勝数", dependencies: [Directionality, _LocalizationsScope-[GlobalKey#12c5f]], renderObject: RenderParagraph#2055d relayoutBoundary=up37)
                                                                                                                                                                   │                                                           │       │                                              ├Center(alignment: Alignment.center, dependencies: [Directionality], renderObject: RenderPositionedBox#b72e1 relayoutBoundary=up35)
                                                                                                                                                                   │                                                           │       │                                              │└Padding(padding: EdgeInsets(0.0, 12.0, 0.0, 12.0), dependencies: [Directionality], renderObject: RenderPadding#dbc9d relayoutBoundary=up36)
                                                                                                                                                                   │                                                           │       │                                              │ └Text("勝者", inherit: true, color: Color(alpha: 1.0000, red: 0.4588, green: 0.4588, blue: 0.4588, colorSpace: ColorSpace.sRGB), size: 10.0, dependencies: [DefaultSelectionStyle, DefaultTextStyle, MediaQuery])
                                                                                                                                                                   │                                                           │       │                                              │  └RichText(softWrap: wrapping at box width, maxLines: unlimited, text: "勝者", dependencies: [Directionality, _LocalizationsScope-[GlobalKey#12c5f]], renderObject: RenderParagraph#b1851 relayoutBoundary=up37)
                                                                                                                                                                   │                                                           │       │                                              ├Center(alignment: Alignment.center, dependencies: [Directionality], renderObject: RenderPositionedBox#38df6 relayoutBoundary=up35)
                                                                                                                                                                   │                                                           │       │                                              │└Padding(padding: EdgeInsets(0.0, 12.0, 0.0, 12.0), dependencies: [Directionality], renderObject: RenderPadding#2529c relayoutBoundary=up36)
                                                                                                                                                                   │                                                           │       │                                              │ └Text("本数", inherit: true, color: Color(alpha: 1.0000, red: 0.4588, green: 0.4588, blue: 0.4588, colorSpace: ColorSpace.sRGB), size: 10.0, dependencies: [DefaultSelectionStyle, DefaultTextStyle, MediaQuery])
                                                                                                                                                                   │                                                           │       │                                              │  └RichText(softWrap: wrapping at box width, maxLines: unlimited, text: "本数", dependencies: [Directionality, _LocalizationsScope-[GlobalKey#12c5f]], renderObject: RenderParagraph#14f99 relayoutBoundary=up37)
                                                                                                                                                                   │                                                           │       │                                              ├Center(alignment: Alignment.center, dependencies: [Directionality], renderObject: RenderPositionedBox#1fefe relayoutBoundary=up35)
                                                                                                                                                                   │                                                           │       │                                              │└Padding(padding: EdgeInsets(0.0, 12.0, 0.0, 12.0), dependencies: [Directionality], renderObject: RenderPadding#bd45f relayoutBoundary=up36)
                                                                                                                                                                   │                                                           │       │                                              │ └Text("勝点", inherit: true, color: Color(alpha: 1.0000, red: 0.4588, green: 0.4588, blue: 0.4588, colorSpace: ColorSpace.sRGB), size: 10.0, dependencies: [DefaultSelectionStyle, DefaultTextStyle, MediaQuery])
                                                                                                                                                                   │                                                           │       │                                              │  └RichText(softWrap: wrapping at box width, maxLines: unlimited, text: "勝点", dependencies: [Directionality, _LocalizationsScope-[GlobalKey#12c5f]], renderObject: RenderParagraph#91dc2 relayoutBoundary=up37)
                                                                                                                                                                   │                                                           │       │                                              ├Center(alignment: Alignment.center, dependencies: [Directionality], renderObject: RenderPositionedBox#b5872 relayoutBoundary=up35)
                                                                                                                                                                   │                                                           │       │                                              │└Padding(padding: EdgeInsets(0.0, 12.0, 0.0, 12.0), dependencies: [Directionality], renderObject: RenderPadding#7ae8c relayoutBoundary=up36)
                                                                                                                                                                   │                                                           │       │                                              │ └Text("順位", inherit: true, color: Color(alpha: 1.0000, red: 0.4588, green: 0.4588, blue: 0.4588, colorSpace: ColorSpace.sRGB), size: 10.0, dependencies: [DefaultSelectionStyle, DefaultTextStyle, MediaQuery])
                                                                                                                                                                   │                                                           │       │                                              │  └RichText(softWrap: wrapping at box width, maxLines: unlimited, text: "順位", dependencies: [Directionality, _LocalizationsScope-[GlobalKey#12c5f]], renderObject: RenderParagraph#4b2c3 relayoutBoundary=up37)
                                                                                                                                                                   │                                                           │       │                                              ├Container(Alignment.center, bg: BoxDecoration(color: Color(alpha: 1.0000, red: 0.9098, green: 0.9176, blue: 0.9647, colorSpace: ColorSpace.sRGB)), constraints: BoxConstraints(0.0<=w<=Infinity, h=65.0))
                                                                                                                                                                   │                                                           │       │                                              │└ConstrainedBox(BoxConstraints(0.0<=w<=Infinity, h=65.0), renderObject: RenderConstrainedBox#9ff86 relayoutBoundary=up35)
                                                                                                                                                                   │                                                           │       │                                              │ └DecoratedBox(bg: BoxDecoration(color: Color(alpha: 1.0000, red: 0.9098, green: 0.9176, blue: 0.9647, colorSpace: ColorSpace.sRGB)), dependencies: [Directionality, MediaQuery, _LocalizationsScope-[GlobalKey#12c5f]], renderObject: RenderDecoratedBox#c2371)
                                                                                                                                                                   │                                                           │       │                                              │  └Padding(padding: EdgeInsets.zero, dependencies: [Directionality], renderObject: RenderPadding#e41bb)
                                                                                                                                                                   │                                                           │       │                                              │   └Align(alignment: Alignment.center, dependencies: [Directionality], renderObject: RenderPositionedBox#14478)
                                                                                                                                                                   │                                                           │       │                                              │    └Padding(padding: EdgeInsets.all(4.0), dependencies: [Directionality], renderObject: RenderPadding#f5711 relayoutBoundary=up1)
                                                                                                                                                                   │                                                           │       │                                              │     └Text("朱雀会", inherit: true, color: Color(alpha: 0.8667, red: 0.0000, green: 0.0000, blue: 0.0000, colorSpace: ColorSpace.sRGB), size: 11.0, weight: 700, textAlign: center, maxLines: 2, dependencies: [DefaultSelectionStyle, DefaultTextStyle, MediaQuery])
                                                                                                                                                                   │                                                           │       │                                              │      └RichText(textAlign: center, softWrap: wrapping at box width, maxLines: 2, text: "朱雀会", dependencies: [Directionality, _LocalizationsScope-[GlobalKey#12c5f]], renderObject: RenderParagraph#0974b relayoutBoundary=up2)
                                                                                                                                                                   │                                                           │       │                                              ├Container(bg: Color(alpha: 1.0000, red: 0.9333, green: 0.9333, blue: 0.9333, colorSpace: ColorSpace.sRGB), constraints: BoxConstraints(0.0<=w<=Infinity, h=65.0))
                                                                                                                                                                   │                                                           │       │                                              │└ConstrainedBox(BoxConstraints(0.0<=w<=Infinity, h=65.0), renderObject: RenderConstrainedBox#e1286 relayoutBoundary=up35)
                                                                                                                                                                   │                                                           │       │                                              │ └ColoredBox(color: Color(alpha: 1.0000, red: 0.9333, green: 0.9333, blue: 0.9333, colorSpace: ColorSpace.sRGB), renderObject: _RenderColoredBox#4b0e3)
                                                                                                                                                                   │                                                           │       │                                              │  └CustomPaint(renderObject: RenderCustomPaint#4963a)
                                                                                                                                                                   │                                                           │       │                                              ├SizedBox(height: 65.0, renderObject: RenderConstrainedBox#5a2f4 relayoutBoundary=up35)
                                                                                                                                                                   │                                                           │       │                                              ├Container(Alignment.center, constraints: BoxConstraints(0.0<=w<=Infinity, h=65.0))
                                                                                                                                                                   │                                                           │       │                                              │└ConstrainedBox(BoxConstraints(0.0<=w<=Infinity, h=65.0), renderObject: RenderConstrainedBox#09772 relayoutBoundary=up35)
                                                                                                                                                                   │                                                           │       │                                              │ └Align(alignment: Alignment.center, dependencies: [Directionality], renderObject: RenderPositionedBox#4df1b)
                                                                                                                                                                   │                                                           │       │                                              │  └Text("0", inherit: true, color: Color(alpha: 0.8667, red: 0.0000, green: 0.0000, blue: 0.0000, colorSpace: ColorSpace.sRGB), size: 13.0, weight: 700, dependencies: [DefaultSelectionStyle, DefaultTextStyle, MediaQuery])
                                                                                                                                                                   │                                                           │       │                                              │   └RichText(softWrap: wrapping at box width, maxLines: unlimited, text: "0", dependencies: [Directionality, _LocalizationsScope-[GlobalKey#12c5f]], renderObject: RenderParagraph#41296 relayoutBoundary=up1)
                                                                                                                                                                   │                                                           │       │                                              ├Container(Alignment.center, constraints: BoxConstraints(0.0<=w<=Infinity, h=65.0))
                                                                                                                                                                   │                                                           │       │                                              │└ConstrainedBox(BoxConstraints(0.0<=w<=Infinity, h=65.0), renderObject: RenderConstrainedBox#95052 relayoutBoundary=up35)
                                                                                                                                                                   │                                                           │       │                                              │ └Align(alignment: Alignment.center, dependencies: [Directionality], renderObject: RenderPositionedBox#f007f)
                                                                                                                                                                   │                                                           │       │                                              │  └Text("0", inherit: true, color: Color(alpha: 0.8667, red: 0.0000, green: 0.0000, blue: 0.0000, colorSpace: ColorSpace.sRGB), size: 13.0, weight: 700, dependencies: [DefaultSelectionStyle, DefaultTextStyle, MediaQuery])
                                                                                                                                                                   │                                                           │       │                                              │   └RichText(softWrap: wrapping at box width, maxLines: unlimited, text: "0", dependencies: [Directionality, _LocalizationsScope-[GlobalKey#12c5f]], renderObject: RenderParagraph#f5283 relayoutBoundary=up1)
                                                                                                                                                                   │                                                           │       │                                              ├Container(Alignment.center, constraints: BoxConstraints(0.0<=w<=Infinity, h=65.0))
                                                                                                                                                                   │                                                           │       │                                              │└ConstrainedBox(BoxConstraints(0.0<=w<=Infinity, h=65.0), renderObject: RenderConstrainedBox#80a91 relayoutBoundary=up35)
                                                                                                                                                                   │                                                           │       │                                              │ └Align(alignment: Alignment.center, dependencies: [Directionality], renderObject: RenderPositionedBox#121cd)
                                                                                                                                                                   │                                                           │       │                                              │  └Text("0", inherit: true, color: Color(alpha: 0.8667, red: 0.0000, green: 0.0000, blue: 0.0000, colorSpace: ColorSpace.sRGB), size: 13.0, weight: 700, dependencies: [DefaultSelectionStyle, DefaultTextStyle, MediaQuery])
                                                                                                                                                                   │                                                           │       │                                              │   └RichText(softWrap: wrapping at box width, maxLines: unlimited, text: "0", dependencies: [Directionality, _LocalizationsScope-[GlobalKey#12c5f]], renderObject: RenderParagraph#9c3bd relayoutBoundary=up1)
                                                                                                                                                                   │                                                           │       │                                              ├Container(Alignment.center, constraints: BoxConstraints(0.0<=w<=Infinity, h=65.0))
                                                                                                                                                                   │                                                           │       │                                              │└ConstrainedBox(BoxConstraints(0.0<=w<=Infinity, h=65.0), renderObject: RenderConstrainedBox#d262f relayoutBoundary=up35)
                                                                                                                                                                   │                                                           │       │                                              │ └Align(alignment: Alignment.center, dependencies: [Directionality], renderObject: RenderPositionedBox#86096)
                                                                                                                                                                   │                                                           │       │                                              │  └Text("0", inherit: true, color: Color(alpha: 0.8667, red: 0.0000, green: 0.0000, blue: 0.0000, colorSpace: ColorSpace.sRGB), size: 13.0, weight: 700, dependencies: [DefaultSelectionStyle, DefaultTextStyle, MediaQuery])
                                                                                                                                                                   │                                                           │       │                                              │   └RichText(softWrap: wrapping at box width, maxLines: unlimited, text: "0", dependencies: [Directionality, _LocalizationsScope-[GlobalKey#12c5f]], renderObject: RenderParagraph#a3c7f relayoutBoundary=up1)
                                                                                                                                                                   │                                                           │       │                                              ├Container(Alignment.center, bg: Color(alpha: 1.0000, red: 1.0000, green: 0.9529, blue: 0.8784, colorSpace: ColorSpace.sRGB), constraints: BoxConstraints(0.0<=w<=Infinity, h=65.0))
                                                                                                                                                                   │                                                           │       │                                              │└ConstrainedBox(BoxConstraints(0.0<=w<=Infinity, h=65.0), renderObject: RenderConstrainedBox#31d4d relayoutBoundary=up35)
                                                                                                                                                                   │                                                           │       │                                              │ └ColoredBox(color: Color(alpha: 1.0000, red: 1.0000, green: 0.9529, blue: 0.8784, colorSpace: ColorSpace.sRGB), renderObject: _RenderColoredBox#76fe9)
                                                                                                                                                                   │                                                           │       │                                              │  └Align(alignment: Alignment.center, dependencies: [Directionality], renderObject: RenderPositionedBox#d1821)
                                                                                                                                                                   │                                                           │       │                                              │   └Text("-", inherit: true, color: Color(alpha: 1.0000, red: 0.9373, green: 0.4235, blue: 0.0000, colorSpace: ColorSpace.sRGB), size: 16.0, weight: 700, dependencies: [DefaultSelectionStyle, DefaultTextStyle, MediaQuery])
                                                                                                                                                                   │                                                           │       │                                              │    └RichText(softWrap: wrapping at box width, maxLines: unlimited, text: "-", dependencies: [Directionality, _LocalizationsScope-[GlobalKey#12c5f]], renderObject: RenderParagraph#ecf33 relayoutBoundary=up1)
                                                                                                                                                                   │                                                           │       │                                              ├Container(Alignment.center, bg: BoxDecoration(color: Color(alpha: 1.0000, red: 0.9098, green: 0.9176, blue: 0.9647, colorSpace: ColorSpace.sRGB)), constraints: BoxConstraints(0.0<=w<=Infinity, h=65.0))
                                                                                                                                                                   │                                                           │       │                                              │└ConstrainedBox(BoxConstraints(0.0<=w<=Infinity, h=65.0), renderObject: RenderConstrainedBox#e0d57 relayoutBoundary=up35)
                                                                                                                                                                   │                                                           │       │                                              │ └DecoratedBox(bg: BoxDecoration(color: Color(alpha: 1.0000, red: 0.9098, green: 0.9176, blue: 0.9647, colorSpace: ColorSpace.sRGB)), dependencies: [Directionality, MediaQuery, _LocalizationsScope-[GlobalKey#12c5f]], renderObject: RenderDecoratedBox#89997)
                                                                                                                                                                   │                                                           │       │                                              │  └Padding(padding: EdgeInsets.zero, dependencies: [Directionality], renderObject: RenderPadding#2da9b)
                                                                                                                                                                   │                                                           │       │                                              │   └Align(alignment: Alignment.center, dependencies: [Directionality], renderObject: RenderPositionedBox#a5d05)
                                                                                                                                                                   │                                                           │       │                                              │    └Padding(padding: EdgeInsets.all(4.0), dependencies: [Directionality], renderObject: RenderPadding#13800 relayoutBoundary=up1)
                                                                                                                                                                   │                                                           │       │                                              │     └Text("青龍道場", inherit: true, color: Color(alpha: 0.8667, red: 0.0000, green: 0.0000, blue: 0.0000, colorSpace: ColorSpace.sRGB), size: 11.0, weight: 700, textAlign: center, maxLines: 2, dependencies: [DefaultSelectionStyle, DefaultTextStyle, MediaQuery])
                                                                                                                                                                   │                                                           │       │                                              │      └RichText(textAlign: center, softWrap: wrapping at box width, maxLines: 2, text: "青龍道場", dependencies: [Directionality, _LocalizationsScope-[GlobalKey#12c5f]], renderObject: RenderParagraph#6e6cd relayoutBoundary=up2)
                                                                                                                                                                   │                                                           │       │                                              ├SizedBox(height: 65.0, renderObject: RenderConstrainedBox#9076d relayoutBoundary=up35)
                                                                                                                                                                   │                                                           │       │                                              ├Container(bg: Color(alpha: 1.0000, red: 0.9333, green: 0.9333, blue: 0.9333, colorSpace: ColorSpace.sRGB), constraints: BoxConstraints(0.0<=w<=Infinity, h=65.0))
                                                                                                                                                                   │                                                           │       │                                              │└ConstrainedBox(BoxConstraints(0.0<=w<=Infinity, h=65.0), renderObject: RenderConstrainedBox#87fa8 relayoutBoundary=up35)
                                                                                                                                                                   │                                                           │       │                                              │ └ColoredBox(color: Color(alpha: 1.0000, red: 0.9333, green: 0.9333, blue: 0.9333, colorSpace: ColorSpace.sRGB), renderObject: _RenderColoredBox#08fb0)
                                                                                                                                                                   │                                                           │       │                                              │  └CustomPaint(renderObject: RenderCustomPaint#37101)
                                                                                                                                                                   │                                                           │       │                                              ├Container(Alignment.center, constraints: BoxConstraints(0.0<=w<=Infinity, h=65.0))
                                                                                                                                                                   │                                                           │       │                                              │└ConstrainedBox(BoxConstraints(0.0<=w<=Infinity, h=65.0), renderObject: RenderConstrainedBox#e70de relayoutBoundary=up35)
                                                                                                                                                                   │                                                           │       │                                              │ └Align(alignment: Alignment.center, dependencies: [Directionality], renderObject: RenderPositionedBox#81691)
                                                                                                                                                                   │                                                           │       │                                              │  └Text("0", inherit: true, color: Color(alpha: 0.8667, red: 0.0000, green: 0.0000, blue: 0.0000, colorSpace: ColorSpace.sRGB), size: 13.0, weight: 700, dependencies: [DefaultSelectionStyle, DefaultTextStyle, MediaQuery])
                                                                                                                                                                   │                                                           │       │                                              │   └RichText(softWrap: wrapping at box width, maxLines: unlimited, text: "0", dependencies: [Directionality, _LocalizationsScope-[GlobalKey#12c5f]], renderObject: RenderParagraph#0346f relayoutBoundary=up1)
                                                                                                                                                                   │                                                           │       │                                              ├Container(Alignment.center, constraints: BoxConstraints(0.0<=w<=Infinity, h=65.0))
                                                                                                                                                                   │                                                           │       │                                              │└ConstrainedBox(BoxConstraints(0.0<=w<=Infinity, h=65.0), renderObject: RenderConstrainedBox#9c726 relayoutBoundary=up35)
                                                                                                                                                                   │                                                           │       │                                              │ └Align(alignment: Alignment.center, dependencies: [Directionality], renderObject: RenderPositionedBox#a679b)
                                                                                                                                                                   │                                                           │       │                                              │  └Text("0", inherit: true, color: Color(alpha: 0.8667, red: 0.0000, green: 0.0000, blue: 0.0000, colorSpace: ColorSpace.sRGB), size: 13.0, weight: 700, dependencies: [DefaultSelectionStyle, DefaultTextStyle, MediaQuery])
                                                                                                                                                                   │                                                           │       │                                              │   └RichText(softWrap: wrapping at box width, maxLines: unlimited, text: "0", dependencies: [Directionality, _LocalizationsScope-[GlobalKey#12c5f]], renderObject: RenderParagraph#4e107 relayoutBoundary=up1)
                                                                                                                                                                   │                                                           │       │                                              ├Container(Alignment.center, constraints: BoxConstraints(0.0<=w<=Infinity, h=65.0))
                                                                                                                                                                   │                                                           │       │                                              │└ConstrainedBox(BoxConstraints(0.0<=w<=Infinity, h=65.0), renderObject: RenderConstrainedBox#bea1a relayoutBoundary=up35)
                                                                                                                                                                   │                                                           │       │                                              │ └Align(alignment: Alignment.center, dependencies: [Directionality], renderObject: RenderPositionedBox#844a6)
                                                                                                                                                                   │                                                           │       │                                              │  └Text("0", inherit: true, color: Color(alpha: 0.8667, red: 0.0000, green: 0.0000, blue: 0.0000, colorSpace: ColorSpace.sRGB), size: 13.0, weight: 700, dependencies: [DefaultSelectionStyle, DefaultTextStyle, MediaQuery])
                                                                                                                                                                   │                                                           │       │                                              │   └RichText(softWrap: wrapping at box width, maxLines: unlimited, text: "0", dependencies: [Directionality, _LocalizationsScope-[GlobalKey#12c5f]], renderObject: RenderParagraph#8a890 relayoutBoundary=up1)
                                                                                                                                                                   │                                                           │       │                                              ├Container(Alignment.center, constraints: BoxConstraints(0.0<=w<=Infinity, h=65.0))
                                                                                                                                                                   │                                                           │       │                                              │└ConstrainedBox(BoxConstraints(0.0<=w<=Infinity, h=65.0), renderObject: RenderConstrainedBox#e451d relayoutBoundary=up35)
                                                                                                                                                                   │                                                           │       │                                              │ └Align(alignment: Alignment.center, dependencies: [Directionality], renderObject: RenderPositionedBox#bb8d7)
                                                                                                                                                                   │                                                           │       │                                              │  └Text("0", inherit: true, color: Color(alpha: 0.8667, red: 0.0000, green: 0.0000, blue: 0.0000, colorSpace: ColorSpace.sRGB), size: 13.0, weight: 700, dependencies: [DefaultSelectionStyle, DefaultTextStyle, MediaQuery])
                                                                                                                                                                   │                                                           │       │                                              │   └RichText(softWrap: wrapping at box width, maxLines: unlimited, text: "0", dependencies: [Directionality, _LocalizationsScope-[GlobalKey#12c5f]], renderObject: RenderParagraph#e8784 relayoutBoundary=up1)
                                                                                                                                                                   │                                                           │       │                                              └Container(Alignment.center, bg: Color(alpha: 1.0000, red: 1.0000, green: 0.9529, blue: 0.8784, colorSpace: ColorSpace.sRGB), constraints: BoxConstraints(0.0<=w<=Infinity, h=65.0))
                                                                                                                                                                   │                                                           │       │                                               └ConstrainedBox(BoxConstraints(0.0<=w<=Infinity, h=65.0), renderObject: RenderConstrainedBox#1ea62 relayoutBoundary=up35)
                                                                                                                                                                   │                                                           │       │                                                └ColoredBox(color: Color(alpha: 1.0000, red: 1.0000, green: 0.9529, blue: 0.8784, colorSpace: ColorSpace.sRGB), renderObject: _RenderColoredBox#95030)
                                                                                                                                                                   │                                                           │       │                                                 └Align(alignment: Alignment.center, dependencies: [Directionality], renderObject: RenderPositionedBox#bf5d0)
                                                                                                                                                                   │                                                           │       │                                                  └Text("-", inherit: true, color: Color(alpha: 1.0000, red: 0.9373, green: 0.4235, blue: 0.0000, colorSpace: ColorSpace.sRGB), size: 16.0, weight: 700, dependencies: [DefaultSelectionStyle, DefaultTextStyle, MediaQuery])
                                                                                                                                                                   │                                                           │       │                                                   └RichText(softWrap: wrapping at box width, maxLines: unlimited, text: "-", dependencies: [Directionality, _LocalizationsScope-[GlobalKey#12c5f]], renderObject: RenderParagraph#dca91 relayoutBoundary=up1)
                                                                                                                                                                   │                                                           │       ├SizedBox(height: 32.0, renderObject: RenderConstrainedBox#47d11 relayoutBoundary=up15)
                                                                                                                                                                   │                                                           │       ├Padding(padding: EdgeInsets(8.0, 0.0, 0.0, 12.0), dependencies: [Directionality], renderObject: RenderPadding#eb22c relayoutBoundary=up15)
                                                                                                                                                                   │                                                           │       │└Text("▼ 対戦カード別 スコア詳細", inherit: true, color: MaterialColor(primary value: Color(alpha: 1.0000, red: 0.6196, green: 0.6196, blue: 0.6196, colorSpace: ColorSpace.sRGB)), size: 14.0, weight: 700, dependencies: [DefaultSelectionStyle, DefaultTextStyle, MediaQuery])
                                                                                                                                                                   │                                                           │       │ └RichText(softWrap: wrapping at box width, maxLines: unlimited, text: "▼ 対戦カード別 スコア詳細", dependencies: [Directionality, _LocalizationsScope-[GlobalKey#12c5f]], renderObject: RenderParagraph#c9bf8 relayoutBoundary=up16)
                                                                                                                                                                   │                                                           │       ├Padding(padding: EdgeInsets(0.0, 0.0, 0.0, 24.0), dependencies: [Directionality], renderObject: RenderPadding#35b5b relayoutBoundary=up15)
                                                                                                                                                                   │                                                           │       │└InkWell-[<'viewer_match_card_青龍道場 vs 朱雀会'>]
                                                                                                                                                                   │                                                           │       │ └_InkResponseStateWidget(gestures: [tap], mouseCursor: null, clipped to BoxShape.rectangle, dependencies: [InheritedCupertinoTheme, MediaQuery, _InheritedTheme, _LocalizationsScope-[GlobalKey#12c5f]], state: _InkResponseState#f9c9e)
                                                                                                                                                                   │                                                           │       │  └_ParentInkResponseProvider
                                                                                                                                                                   │                                                           │       │   └Actions(dispatcher: null, actions: {ActivateIntent: CallbackAction<ActivateIntent>#59fd3, ButtonActivateIntent: CallbackAction<ButtonActivateIntent>#f8e58}, state: _ActionsState#4b55a)
                                                                                                                                                                   │                                                           │       │    └_ActionsScope
                                                                                                                                                                   │                                                           │       │     └Focus(dependencies: [_FocusInheritedScope], state: _FocusState#0a900)
                                                                                                                                                                   │                                                           │       │      └_FocusInheritedScope
                                                                                                                                                                   │                                                           │       │       └Semantics(container: false, properties: SemanticsProperties, renderObject: RenderSemanticsAnnotations#eac9f relayoutBoundary=up16)
                                                                                                                                                                   │                                                           │       │        └MouseRegion(listeners: [enter, exit], cursor: SystemMouseCursor(basic), renderObject: RenderMouseRegion#05fdf relayoutBoundary=up17)
                                                                                                                                                                   │                                                           │       │         └Builder(dependencies: [DefaultSelectionStyle])
                                                                                                                                                                   │                                                           │       │          └DefaultSelectionStyle
                                                                                                                                                                   │                                                           │       │           └Semantics(container: false, properties: SemanticsProperties, renderObject: RenderSemanticsAnnotations#7dbff relayoutBoundary=up18)
                                                                                                                                                                   │                                                           │       │            └GestureDetector(startBehavior: start, dependencies: [MediaQuery, ScrollConfiguration])
                                                                                                                                                                   │                                                           │       │             └RawGestureDetector(state: RawGestureDetectorState#2c889(gestures: [tap], excludeFromSemantics: true, behavior: opaque))
                                                                                                                                                                   │                                                           │       │              └Listener(listeners: [down, panZoomStart], behavior: opaque, renderObject: RenderPointerListener#16840 relayoutBoundary=up19)
                                                                                                                                                                   │                                                           │       │               └Card(dependencies: [InheritedCupertinoTheme, _InheritedTheme, _LocalizationsScope-[GlobalKey#12c5f]])
                                                                                                                                                                   │                                                           │       │                └Semantics(container: true, properties: SemanticsProperties, renderObject: RenderSemanticsAnnotations#17ef6 relayoutBoundary=up20)
                                                                                                                                                                   │                                                           │       │                 └Padding(padding: EdgeInsets(4.0, 8.0, 4.0, 8.0), dependencies: [Directionality], renderObject: RenderPadding#1be65 relayoutBoundary=up21)
                                                                                                                                                                   │                                                           │       │                  └Material(type: card, color: Color(alpha: 1.0000, red: 1.0000, green: 1.0000, blue: 1.0000, colorSpace: ColorSpace.sRGB), shadowColor: Color(alpha: 1.0000, red: 0.0000, green: 0.0000, blue: 0.0000, colorSpace: ColorSpace.sRGB), surfaceTintColor: Color(alpha: 0.0000, red: 0.0000, green: 0.0000, blue: 0.0000, colorSpace: ColorSpace.sRGB), shape: RoundedRectangleBorder(BorderSide(color: Color(alpha: 1.0000, red: 0.8784, green: 0.8784, blue: 0.8784, colorSpace: ColorSpace.sRGB)), BorderRadius.circular(12.0)), dependencies: [InheritedCupertinoTheme, _InheritedTheme, _LocalizationsScope-[GlobalKey#12c5f]], state: _MaterialState#76b76)
                                                                                                                                                                   │                                                           │       │                   └_MaterialInterior(duration: 200ms, shape: RoundedRectangleBorder(BorderSide(color: Color(alpha: 1.0000, red: 0.8784, green: 0.8784, blue: 0.8784, colorSpace: ColorSpace.sRGB)), BorderRadius.circular(12.0)), elevation: 0.0, color: Color(alpha: 1.0000, red: 1.0000, green: 1.0000, blue: 1.0000, colorSpace: ColorSpace.sRGB), shadowColor: Color(alpha: 1.0000, red: 0.0000, green: 0.0000, blue: 0.0000, colorSpace: ColorSpace.sRGB), dependencies: [Directionality, InheritedCupertinoTheme, _InheritedTheme, _LocalizationsScope-[GlobalKey#12c5f]], state: _MaterialInteriorState#facce(ticker inactive))
                                                                                                                                                                   │                                                           │       │                    └PhysicalShape(clipper: ShapeBorderClipper, elevation: 0.0, color: Color(alpha: 1.0000, red: 1.0000, green: 1.0000, blue: 1.0000, colorSpace: ColorSpace.sRGB), shadowColor: Color(alpha: 1.0000, red: 0.0000, green: 0.0000, blue: 0.0000, colorSpace: ColorSpace.sRGB), renderObject: RenderPhysicalShape#deed4 relayoutBoundary=up22)
                                                                                                                                                                   │                                                           │       │                     └_ShapeBorderPaint(dependencies: [Directionality])
                                                                                                                                                                   │                                                           │       │                      └CustomPaint(renderObject: RenderCustomPaint#b6832 relayoutBoundary=up23)
                                                                                                                                                                   │                                                           │       │                       └NotificationListener<LayoutChangedNotification>
                                                                                                                                                                   │                                                           │       │                        └_InkFeatures-[GlobalKey#63169 ink renderer](renderObject: _RenderInkFeatures#8f57b relayoutBoundary=up24)
                                                                                                                                                                   │                                                           │       │                         └AnimatedDefaultTextStyle(duration: 200ms, debugLabel: (englishLike bodyMedium 2021).merge((blackMountainView bodyMedium).apply), inherit: false, color: Color(alpha: 1.0000, red: 0.1137, green: 0.1059, blue: 0.1255, colorSpace: ColorSpace.sRGB), family: Roboto, size: 14.0, weight: 400, letterSpacing: 0.3, baseline: alphabetic, height: 1.4x, leadingDistribution: even, decoration: Color(alpha: 1.0000, red: 0.1137, green: 0.1059, blue: 0.1255, colorSpace: ColorSpace.sRGB) TextDecoration.none, softWrap: wrapping at box width, overflow: clip, state: _AnimatedDefaultTextStyleState#d5327(ticker inactive))
                                                                                                                                                                   │                                                           │       │                          └DefaultTextStyle(debugLabel: (englishLike bodyMedium 2021).merge((blackMountainView bodyMedium).apply), inherit: false, color: Color(alpha: 1.0000, red: 0.1137, green: 0.1059, blue: 0.1255, colorSpace: ColorSpace.sRGB), family: Roboto, size: 14.0, weight: 400, letterSpacing: 0.3, baseline: alphabetic, height: 1.4x, leadingDistribution: even, decoration: Color(alpha: 1.0000, red: 0.1137, green: 0.1059, blue: 0.1255, colorSpace: ColorSpace.sRGB) TextDecoration.none, softWrap: wrapping at box width, overflow: clip)
                                                                                                                                                                   │                                                           │       │                           └Semantics(container: false, properties: SemanticsProperties, renderObject: RenderSemanticsAnnotations#01dd3 relayoutBoundary=up25)
                                                                                                                                                                   │                                                           │       │                            └Stack(alignment: AlignmentDirectional.topStart, fit: loose, dependencies: [Directionality], renderObject: RenderStack#6d33a relayoutBoundary=up26)
                                                                                                                                                                   │                                                           │       │                             └Column(direction: vertical, mainAxisAlignment: start, crossAxisAlignment: center, renderObject: RenderFlex#b84c2 relayoutBoundary=up27)
                                                                                                                                                                   │                                                           │       │                              ├Container(padding: EdgeInsets.all(12.0), bg: Color(alpha: 1.0000, red: 0.9608, green: 0.9608, blue: 0.9608, colorSpace: ColorSpace.sRGB), constraints: BoxConstraints(w=Infinity, 0.0<=h<=Infinity))
                                                                                                                                                                   │                                                           │       │                              │└ConstrainedBox(BoxConstraints(w=Infinity, 0.0<=h<=Infinity), renderObject: RenderConstrainedBox#f3e79 relayoutBoundary=up28)
                                                                                                                                                                   │                                                           │       │                              │ └ColoredBox(color: Color(alpha: 1.0000, red: 0.9608, green: 0.9608, blue: 0.9608, colorSpace: ColorSpace.sRGB), renderObject: _RenderColoredBox#c183f relayoutBoundary=up29)
                                                                                                                                                                   │                                                           │       │                              │  └Padding(padding: EdgeInsets.all(12.0), dependencies: [Directionality], renderObject: RenderPadding#aefeb relayoutBoundary=up30)
                                                                                                                                                                   │                                                           │       │                              │   └Text("【リーグ戦】 青龍道場 vs 朱雀会", inherit: true, color: Color(alpha: 1.0000, red: 0.2588, green: 0.2588, blue: 0.2588, colorSpace: ColorSpace.sRGB), weight: 700, dependencies: [DefaultSelectionStyle, DefaultTextStyle, MediaQuery])
                                                                                                                                                                   │                                                           │       │                              │    └RichText(softWrap: wrapping at box width, maxLines: unlimited, text: "【リーグ戦】 青龍道場 vs 朱雀会", dependencies: [Directionality, _LocalizationsScope-[GlobalKey#12c5f]], renderObject: RenderParagraph#23faa relayoutBoundary=up31)
                                                                                                                                                                   │                                                           │       │                              └Table(dependencies: [Directionality, MediaQuery, _LocalizationsScope-[GlobalKey#12c5f]], renderObject: RenderTable#065a7 relayoutBoundary=up28)
                                                                                                                                                                   │                                                           │       │                               ├SizedBox.shrink(renderObject: RenderConstrainedBox#631a1 relayoutBoundary=up29)
                                                                                                                                                                   │                                                           │       │                               ├Container(bg: Color(alpha: 0.0000, red: 0.0000, green: 0.0000, blue: 0.0000, colorSpace: ColorSpace.sRGB))
                                                                                                                                                                   │                                                           │       │                               │└ColoredBox(color: Color(alpha: 0.0000, red: 0.0000, green: 0.0000, blue: 0.0000, colorSpace: ColorSpace.sRGB), renderObject: _RenderColoredBox#7dc9f relayoutBoundary=up29)
                                                                                                                                                                   │                                                           │       │                               │ └Center(alignment: Alignment.center, dependencies: [Directionality], renderObject: RenderPositionedBox#4041e relayoutBoundary=up30)
                                                                                                                                                                   │                                                           │       │                               │  └Padding(padding: EdgeInsets.all(8.0), dependencies: [Directionality], renderObject: RenderPadding#40092 relayoutBoundary=up31)
                                                                                                                                                                   │                                                           │       │                               │   └Text("先鋒", inherit: true, color: Color(alpha: 1.0000, red: 0.2588, green: 0.2588, blue: 0.2588, colorSpace: ColorSpace.sRGB), size: 10.0, weight: 700, dependencies: [DefaultSelectionStyle, DefaultTextStyle, MediaQuery])
                                                                                                                                                                   │                                                           │       │                               │    └RichText(softWrap: wrapping at box width, maxLines: unlimited, text: "先鋒", dependencies: [Directionality, _LocalizationsScope-[GlobalKey#12c5f]], renderObject: RenderParagraph#12994 relayoutBoundary=up32)
                                                                                                                                                                   │                                                           │       │                               ├Center(alignment: Alignment.center, dependencies: [Directionality], renderObject: RenderPositionedBox#c92fe relayoutBoundary=up29)
                                                                                                                                                                   │                                                           │       │                               │└Padding(padding: EdgeInsets.all(8.0), dependencies: [Directionality], renderObject: RenderPadding#27e76 relayoutBoundary=up30)
                                                                                                                                                                   │                                                           │       │                               │ └Text("本/勝", inherit: true, color: Color(alpha: 1.0000, red: 0.3804, green: 0.3804, blue: 0.3804, colorSpace: ColorSpace.sRGB), size: 10.0, dependencies: [DefaultSelectionStyle, DefaultTextStyle, MediaQuery])
                                                                                                                                                                   │                                                           │       │                               │  └RichText(softWrap: wrapping at box width, maxLines: unlimited, text: "本/勝", dependencies: [Directionality, _LocalizationsScope-[GlobalKey#12c5f]], renderObject: RenderParagraph#30c71 relayoutBoundary=up31)
                                                                                                                                                                   │                                                           │       │                               ├Center(alignment: Alignment.center, dependencies: [Directionality], renderObject: RenderPositionedBox#b8211 relayoutBoundary=up29)
                                                                                                                                                                   │                                                           │       │                               │└Padding(padding: EdgeInsets.all(4.0), dependencies: [Directionality], renderObject: RenderPadding#0560a relayoutBoundary=up30)
                                                                                                                                                                   │                                                           │       │                               │ └Text("青龍道場", inherit: true, color: Color(alpha: 1.0000, red: 0.8275, green: 0.1843, blue: 0.1843, colorSpace: ColorSpace.sRGB), size: 11.0, weight: 700, textAlign: center, dependencies: [DefaultSelectionStyle, DefaultTextStyle, MediaQuery])
                                                                                                                                                                   │                                                           │       │                               │  └RichText(textAlign: center, softWrap: wrapping at box width, maxLines: unlimited, text: "青龍道場", dependencies: [Directionality, _LocalizationsScope-[GlobalKey#12c5f]], renderObject: RenderParagraph#0bccb relayoutBoundary=up31)
                                                                                                                                                                   │                                                           │       │                               ├Container(bg: Color(alpha: 0.0000, red: 0.0000, green: 0.0000, blue: 0.0000, colorSpace: ColorSpace.sRGB))
                                                                                                                                                                   │                                                           │       │                               │└ColoredBox(color: Color(alpha: 0.0000, red: 0.0000, green: 0.0000, blue: 0.0000, colorSpace: ColorSpace.sRGB), renderObject: _RenderColoredBox#cc8ea relayoutBoundary=up29)
                                                                                                                                                                   │                                                           │       │                               │ └Center(alignment: Alignment.center, dependencies: [Directionality], renderObject: RenderPositionedBox#d8bc1 relayoutBoundary=up30)
                                                                                                                                                                   │                                                           │       │                               │  └Padding(padding: EdgeInsets(4.0, 12.0, 4.0, 12.0), dependencies: [Directionality], renderObject: RenderPadding#39f80 relayoutBoundary=up31)
                                                                                                                                                                   │                                                           │       │                               │   └Column(direction: vertical, mainAxisAlignment: start, mainAxisSize: min, crossAxisAlignment: center, renderObject: RenderFlex#fd8aa relayoutBoundary=up32)
                                                                                                                                                                   │                                                           │       │                               │    ├Text("先", inherit: true, color: Color(alpha: 1.0000, red: 0.2588, green: 0.2588, blue: 0.2588, colorSpace: ColorSpace.sRGB), size: 11.0, weight: 700, height: 1.1x, dependencies: [DefaultSelectionStyle, DefaultTextStyle, MediaQuery])
                                                                                                                                                                   │                                                           │       │                               │    │└RichText(softWrap: wrapping at box width, maxLines: unlimited, text: "先", dependencies: [Directionality, _LocalizationsScope-[GlobalKey#12c5f]], renderObject: RenderParagraph#614c6 relayoutBoundary=up33)
                                                                                                                                                                   │                                                           │       │                               │    └Text("鋒", inherit: true, color: Color(alpha: 1.0000, red: 0.2588, green: 0.2588, blue: 0.2588, colorSpace: ColorSpace.sRGB), size: 11.0, weight: 700, height: 1.1x, dependencies: [DefaultSelectionStyle, DefaultTextStyle, MediaQuery])
                                                                                                                                                                   │                                                           │       │                               │     └RichText(softWrap: wrapping at box width, maxLines: unlimited, text: "鋒", dependencies: [Directionality, _LocalizationsScope-[GlobalKey#12c5f]], renderObject: RenderParagraph#52e5d relayoutBoundary=up33)
                                                                                                                                                                   │                                                           │       │                               ├Center(alignment: Alignment.center, dependencies: [Directionality], renderObject: RenderPositionedBox#ac2d6 relayoutBoundary=up29)
                                                                                                                                                                   │                                                           │       │                               │└Text("0\n--\n0", inherit: true, color: Color(alpha: 1.0000, red: 0.2588, green: 0.2588, blue: 0.2588, colorSpace: ColorSpace.sRGB), size: 12.0, weight: 700, textAlign: center, dependencies: [DefaultSelectionStyle, DefaultTextStyle, MediaQuery])
                                                                                                                                                                   │                                                           │       │                               │ └RichText(textAlign: center, softWrap: wrapping at box width, maxLines: unlimited, text: "0\n--\n0", dependencies: [Directionality, _LocalizationsScope-[GlobalKey#12c5f]], renderObject: RenderParagraph#d1bee relayoutBoundary=up30)
                                                                                                                                                                   │                                                           │       │                               ├SizedBox.shrink(renderObject: RenderConstrainedBox#ce463 relayoutBoundary=up29)
                                                                                                                                                                   │                                                           │       │                               ├Container(Alignment.center, constraints: BoxConstraints(0.0<=w<=Infinity, h=70.0))
                                                                                                                                                                   │                                                           │       │                               │└ConstrainedBox(BoxConstraints(0.0<=w<=Infinity, h=70.0), renderObject: RenderConstrainedBox#8d857 relayoutBoundary=up29)
                                                                                                                                                                   │                                                           │       │                               │ └Align(alignment: Alignment.center, dependencies: [Directionality], renderObject: RenderPositionedBox#b6c20)
                                                                                                                                                                   │                                                           │       │                               │  └Stack(alignment: Alignment.center, fit: loose, dependencies: [Directionality], renderObject: RenderStack#6ff15 relayoutBoundary=up1)
                                                                                                                                                                   │                                                           │       │                               │   ├Divider(dependencies: [InheritedCupertinoTheme, _InheritedTheme, _LocalizationsScope-[GlobalKey#12c5f]])
                                                                                                                                                                   │                                                           │       │                               │   │└SizedBox(height: 0.0, renderObject: RenderConstrainedBox#4f14d relayoutBoundary=up2)
                                                                                                                                                                   │                                                           │       │                               │   │ └Center(alignment: Alignment.center, dependencies: [Directionality], renderObject: RenderPositionedBox#4f033 relayoutBoundary=up3)
                                                                                                                                                                   │                                                           │       │                               │   │  └Container(bg: BoxDecoration(border: Border(bottom: BorderSide(color: Color(alpha: 1.0000, red: 0.8784, green: 0.8784, blue: 0.8784, colorSpace: ColorSpace.sRGB)))), constraints: BoxConstraints(0.0<=w<=Infinity, h=1.0), margin: EdgeInsets.zero)
                                                                                                                                                                   │                                                           │       │                               │   │   └Padding(padding: EdgeInsets.zero, dependencies: [Directionality], renderObject: RenderPadding#c58c9 relayoutBoundary=up4)
                                                                                                                                                                   │                                                           │       │                               │   │    └ConstrainedBox(BoxConstraints(0.0<=w<=Infinity, h=1.0), renderObject: RenderConstrainedBox#4aedc relayoutBoundary=up5)
                                                                                                                                                                   │                                                           │       │                               │   │     └DecoratedBox(bg: BoxDecoration(border: Border(bottom: BorderSide(color: Color(alpha: 1.0000, red: 0.8784, green: 0.8784, blue: 0.8784, colorSpace: ColorSpace.sRGB)))), dependencies: [Directionality, MediaQuery, _LocalizationsScope-[GlobalKey#12c5f]], renderObject: RenderDecoratedBox#dd1b9 relayoutBoundary=up6)
                                                                                                                                                                   │                                                           │       │                               │   │      └Padding(padding: EdgeInsets(0.0, 0.0, 0.0, 1.0), dependencies: [Directionality], renderObject: RenderPadding#f920d relayoutBoundary=up7)
                                                                                                                                                                   │                                                           │       │                               │   │       └LimitedBox(maxWidth: 0.0, maxHeight: 0.0, renderObject: RenderLimitedBox#63014 relayoutBoundary=up8)
                                                                                                                                                                   │                                                           │       │                               │   │        └ConstrainedBox(BoxConstraints(biggest), renderObject: RenderConstrainedBox#4b57c relayoutBoundary=up9)
                                                                                                                                                                   │                                                           │       │                               │   └Column(direction: vertical, mainAxisAlignment: start, crossAxisAlignment: center, renderObject: RenderFlex#e6a08 relayoutBoundary=up2)
                                                                                                                                                                   │                                                           │       │                               │    ├Expanded(flex: 1)
                                                                                                                                                                   │                                                           │       │                               │    │└SizedBox(width: 36.0, height: 36.0, renderObject: RenderConstrainedBox#daad6 relayoutBoundary=up3)
                                                                                                                                                                   │                                                           │       │                               │    │ └Stack(alignment: Alignment.center, fit: loose, dependencies: [Directionality], renderObject: RenderStack#04de9)
                                                                                                                                                                   │                                                           │       │                               │    └Expanded(flex: 1)
                                                                                                                                                                   │                                                           │       │                               │     └SizedBox(width: 36.0, height: 36.0, renderObject: RenderConstrainedBox#a7ae0 relayoutBoundary=up3)
                                                                                                                                                                   │                                                           │       │                               │      └Stack(alignment: Alignment.center, fit: loose, dependencies: [Directionality], renderObject: RenderStack#b83a6)
                                                                                                                                                                   │                                                           │       │                               ├Container(Alignment.center, constraints: BoxConstraints(0.0<=w<=Infinity, h=70.0))
                                                                                                                                                                   │                                                           │       │                               │└ConstrainedBox(BoxConstraints(0.0<=w<=Infinity, h=70.0), renderObject: RenderConstrainedBox#9df99 relayoutBoundary=up29)
                                                                                                                                                                   │                                                           │       │                               │ └Align(alignment: Alignment.center, dependencies: [Directionality], renderObject: RenderPositionedBox#cb038)
                                                                                                                                                                   │                                                           │       │                               │  └Stack(alignment: Alignment.center, fit: loose, dependencies: [Directionality], renderObject: RenderStack#1f6f5 relayoutBoundary=up1)
                                                                                                                                                                   │                                                           │       │                               │   └Divider(dependencies: [InheritedCupertinoTheme, _InheritedTheme, _LocalizationsScope-[GlobalKey#12c5f]])
                                                                                                                                                                   │                                                           │       │                               │    └SizedBox(height: 0.0, renderObject: RenderConstrainedBox#2c67c relayoutBoundary=up2)
                                                                                                                                                                   │                                                           │       │                               │     └Center(alignment: Alignment.center, dependencies: [Directionality], renderObject: RenderPositionedBox#8b6c8 relayoutBoundary=up3)
                                                                                                                                                                   │                                                           │       │                               │      └Container(bg: BoxDecoration(border: Border(bottom: BorderSide(color: Color(alpha: 1.0000, red: 0.8784, green: 0.8784, blue: 0.8784, colorSpace: ColorSpace.sRGB)))), constraints: BoxConstraints(0.0<=w<=Infinity, h=1.0), margin: EdgeInsets.zero)
                                                                                                                                                                   │                                                           │       │                               │       └Padding(padding: EdgeInsets.zero, dependencies: [Directionality], renderObject: RenderPadding#e5516 relayoutBoundary=up4)
                                                                                                                                                                   │                                                           │       │                               │        └ConstrainedBox(BoxConstraints(0.0<=w<=Infinity, h=1.0), renderObject: RenderConstrainedBox#5a199 relayoutBoundary=up5)
                                                                                                                                                                   │                                                           │       │                               │         └DecoratedBox(bg: BoxDecoration(border: Border(bottom: BorderSide(color: Color(alpha: 1.0000, red: 0.8784, green: 0.8784, blue: 0.8784, colorSpace: ColorSpace.sRGB)))), dependencies: [Directionality, MediaQuery, _LocalizationsScope-[GlobalKey#12c5f]], renderObject: RenderDecoratedBox#3bef0 relayoutBoundary=up6)
                                                                                                                                                                   │                                                           │       │                               │          └Padding(padding: EdgeInsets(0.0, 0.0, 0.0, 1.0), dependencies: [Directionality], renderObject: RenderPadding#95378 relayoutBoundary=up7)
                                                                                                                                                                   │                                                           │       │                               │           └LimitedBox(maxWidth: 0.0, maxHeight: 0.0, renderObject: RenderLimitedBox#873f5 relayoutBoundary=up8)
                                                                                                                                                                   │                                                           │       │                               │            └ConstrainedBox(BoxConstraints(biggest), renderObject: RenderConstrainedBox#6c384 relayoutBoundary=up9)
                                                                                                                                                                   │                                                           │       │                               ├Center(alignment: Alignment.center, dependencies: [Directionality], renderObject: RenderPositionedBox#5c8d4 relayoutBoundary=up29)
                                                                                                                                                                   │                                                           │       │                               │└Padding(padding: EdgeInsets.all(4.0), dependencies: [Directionality], renderObject: RenderPadding#2e912 relayoutBoundary=up30)
                                                                                                                                                                   │                                                           │       │                               │ └Text("朱雀会", inherit: true, color: Color(alpha: 1.0000, red: 0.2706, green: 0.3529, blue: 0.3922, colorSpace: ColorSpace.sRGB), size: 11.0, weight: 700, textAlign: center, dependencies: [DefaultSelectionStyle, DefaultTextStyle, MediaQuery])
                                                                                                                                                                   │                                                           │       │                               │  └RichText(textAlign: center, softWrap: wrapping at box width, maxLines: unlimited, text: "朱雀会", dependencies: [Directionality, _LocalizationsScope-[GlobalKey#12c5f]], renderObject: RenderParagraph#b71e7 relayoutBoundary=up31)
                                                                                                                                                                   │                                                           │       │                               ├Container(bg: Color(alpha: 0.0000, red: 0.0000, green: 0.0000, blue: 0.0000, colorSpace: ColorSpace.sRGB))
                                                                                                                                                                   │                                                           │       │                               │└ColoredBox(color: Color(alpha: 0.0000, red: 0.0000, green: 0.0000, blue: 0.0000, colorSpace: ColorSpace.sRGB), renderObject: _RenderColoredBox#3846c relayoutBoundary=up29)
                                                                                                                                                                   │                                                           │       │                               │ └Center(alignment: Alignment.center, dependencies: [Directionality], renderObject: RenderPositionedBox#853b2 relayoutBoundary=up30)
                                                                                                                                                                   │                                                           │       │                               │  └Padding(padding: EdgeInsets(4.0, 12.0, 4.0, 12.0), dependencies: [Directionality], renderObject: RenderPadding#e2fd9 relayoutBoundary=up31)
                                                                                                                                                                   │                                                           │       │                               │   └Column(direction: vertical, mainAxisAlignment: start, mainAxisSize: min, crossAxisAlignment: center, renderObject: RenderFlex#e1c5e relayoutBoundary=up32)
                                                                                                                                                                   │                                                           │       │                               │    ├Text("先", inherit: true, color: Color(alpha: 1.0000, red: 0.2588, green: 0.2588, blue: 0.2588, colorSpace: ColorSpace.sRGB), size: 11.0, weight: 700, height: 1.1x, dependencies: [DefaultSelectionStyle, DefaultTextStyle, MediaQuery])
                                                                                                                                                                   │                                                           │       │                               │    │└RichText(softWrap: wrapping at box width, maxLines: unlimited, text: "先", dependencies: [Directionality, _LocalizationsScope-[GlobalKey#12c5f]], renderObject: RenderParagraph#88590 relayoutBoundary=up33)
                                                                                                                                                                   │                                                           │       │                               │    └Text("鋒", inherit: true, color: Color(alpha: 1.0000, red: 0.2588, green: 0.2588, blue: 0.2588, colorSpace: ColorSpace.sRGB), size: 11.0, weight: 700, height: 1.1x, dependencies: [DefaultSelectionStyle, DefaultTextStyle, MediaQuery])
                                                                                                                                                                   │                                                           │       │                               │     └RichText(softWrap: wrapping at box width, maxLines: unlimited, text: "鋒", dependencies: [Directionality, _LocalizationsScope-[GlobalKey#12c5f]], renderObject: RenderParagraph#abb7e relayoutBoundary=up33)
                                                                                                                                                                   │                                                           │       │                               └Center(alignment: Alignment.center, dependencies: [Directionality], renderObject: RenderPositionedBox#4d6c3 relayoutBoundary=up29)
                                                                                                                                                                   │                                                           │       │                                └Text("0\n--\n0", inherit: true, color: Color(alpha: 1.0000, red: 0.2588, green: 0.2588, blue: 0.2588, colorSpace: ColorSpace.sRGB), size: 12.0, weight: 700, textAlign: center, dependencies: [DefaultSelectionStyle, DefaultTextStyle, MediaQuery])
                                                                                                                                                                   │                                                           │       │                                 └RichText(textAlign: center, softWrap: wrapping at box width, maxLines: unlimited, text: "0\n--\n0", dependencies: [Directionality, _LocalizationsScope-[GlobalKey#12c5f]], renderObject: RenderParagraph#f288b relayoutBoundary=up30)
                                                                                                                                                                   │                                                           │       └SizedBox(height: 48.0, renderObject: RenderConstrainedBox#0e632 relayoutBoundary=up15)
                                                                                                                                                                   │                                                           ├KeyedSubtree
                                                                                                                                                                   │                                                           │└AutomaticKeepAlive(state: _AutomaticKeepAliveState#9d552(handles: no notifications ever received))
                                                                                                                                                                   │                                                           │ └KeepAlive(keepAlive: false)
                                                                                                                                                                   │                                                           │  └NotificationListener<KeepAliveNotification>
                                                                                                                                                                   │                                                           │   └_SelectionKeepAlive(state: _SelectionKeepAliveState#08d67)
                                                                                                                                                                   │                                                           │    └IndexedSemantics(index: 2, renderObject: RenderIndexedSemantics#872da relayoutBoundary=up12)
                                                                                                                                                                   │                                                           │     └RepaintBoundary(renderObject: RenderRepaintBoundary#21139 relayoutBoundary=up13)
                                                                                                                                                                   │                                                           │      └Column(direction: vertical, mainAxisAlignment: start, crossAxisAlignment: start, dependencies: [Directionality], renderObject: RenderFlex#a875e relayoutBoundary=up14)
                                                                                                                                                                   │                                                           │       ├Padding(padding: EdgeInsets(8.0, 24.0, 0.0, 12.0), dependencies: [Directionality], renderObject: RenderPadding#74f8c relayoutBoundary=up15)
                                                                                                                                                                   │                                                           │       │└Text("【リーグ戦】 佐藤（朱雀会） : 2人リーグ（全1試合）", inherit: true, color: Color(alpha: 1.0000, red: 0.1020, green: 0.1373, blue: 0.4941, colorSpace: ColorSpace.sRGB), size: 16.0, weight: 700, dependencies: [DefaultSelectionStyle, DefaultTextStyle, MediaQuery])
                                                                                                                                                                   │                                                           │       │ └RichText(softWrap: wrapping at box width, maxLines: unlimited, text: "【リーグ戦】 佐藤（朱雀会） : 2人リーグ（全1試合）", dependencies: [Directionality, _LocalizationsScope-[GlobalKey#12c5f]], renderObject: RenderParagraph#b9431 relayoutBoundary=up16)
                                                                                                                                                                   │                                                           │       ├SingleChildScrollView(dependencies: [Directionality, InheritedCupertinoTheme, ScrollConfiguration, _InheritedTheme, _LocalizationsScope-[GlobalKey#12c5f]])
                                                                                                                                                                   │                                                           │       │└Scrollable(axisDirection: right, physics: null, restorationId: null, dependencies: [InheritedCupertinoTheme, MediaQuery, ScrollConfiguration, UnmanagedRestorationScope, _InheritedTheme, _LocalizationsScope-[GlobalKey#12c5f]], state: ScrollableState#0e121(position: ScrollPositionWithSingleContext#a6039(offset: 0.0, range: 0.0..0.0, viewport: 463.0, ScrollableState, ClampingScrollPhysics -> RangeMaintainingScrollPhysics, IdleScrollActivity#19280, ScrollDirection.idle), effective physics: ClampingScrollPhysics -> RangeMaintainingScrollPhysics))
                                                                                                                                                                   │                                                           │       │ └StretchingOverscrollIndicator(axisDirection: right, state: _StretchingOverscrollIndicatorState#77f2a)
                                                                                                                                                                   │                                                           │       │  └NotificationListener<ScrollNotification>
                                                                                                                                                                   │                                                           │       │   └AnimatedBuilder(listenable: _StretchController(), dependencies: [MediaQuery], state: _AnimatedState#13553)
                                                                                                                                                                   │                                                           │       │    └ClipRect(renderObject: RenderClipRect#23ddd relayoutBoundary=up15)
                                                                                                                                                                   │                                                           │       │     └StretchEffect(dependencies: [Directionality])
                                                                                                                                                                   │                                                           │       │      └Transform(dependencies: [Directionality], renderObject: RenderTransform#bca89 relayoutBoundary=up16)
                                                                                                                                                                   │                                                           │       │       └NotificationListener<ScrollMetricsNotification>
                                                                                                                                                                   │                                                           │       │        └_ScrollSemantics-[GlobalKey#96595](renderObject: _RenderScrollSemantics#cf6ab relayoutBoundary=up17)
                                                                                                                                                                   │                                                           │       │         └_ScrollableScope
                                                                                                                                                                   │                                                           │       │          └Listener(listeners: [signal], behavior: deferToChild, renderObject: RenderPointerListener#99b36 relayoutBoundary=up18)
                                                                                                                                                                   │                                                           │       │           └RawGestureDetector-[LabeledGlobalKey<RawGestureDetectorState>#f46a1](state: RawGestureDetectorState#59577(gestures: <none>, behavior: opaque))
                                                                                                                                                                   │                                                           │       │            └_GestureSemantics(renderObject: RenderSemanticsGestureHandler#77fa1 relayoutBoundary=up19)
                                                                                                                                                                   │                                                           │       │             └Listener(listeners: [down, panZoomStart], behavior: opaque, renderObject: RenderPointerListener#afb4d relayoutBoundary=up20)
                                                                                                                                                                   │                                                           │       │              └Semantics(container: false, properties: SemanticsProperties, renderObject: RenderSemanticsAnnotations#33b6f relayoutBoundary=up21)
                                                                                                                                                                   │                                                           │       │               └IgnorePointer-[GlobalKey#73c1d](ignoring: false, renderObject: RenderIgnorePointer#1e5c8 relayoutBoundary=up22)
                                                                                                                                                                   │                                                           │       │                └_SingleChildViewport(renderObject: _RenderSingleChildViewport#f76da relayoutBoundary=up23)
                                                                                                                                                                   │                                                           │       │                 └InkWell-[<'viewer_match_card_個人リーグA'>]
                                                                                                                                                                   │                                                           │       │                  └_InkResponseStateWidget(gestures: [tap], mouseCursor: null, clipped to BoxShape.rectangle, dependencies: [InheritedCupertinoTheme, MediaQuery, _InheritedTheme, _LocalizationsScope-[GlobalKey#12c5f]], state: _InkResponseState#0a5b5)
                                                                                                                                                                   │                                                           │       │                   └_ParentInkResponseProvider
                                                                                                                                                                   │                                                           │       │                    └Actions(dispatcher: null, actions: {ActivateIntent: CallbackAction<ActivateIntent>#073bf, ButtonActivateIntent: CallbackAction<ButtonActivateIntent>#a7eab}, state: _ActionsState#989d0)
                                                                                                                                                                   │                                                           │       │                     └_ActionsScope
                                                                                                                                                                   │                                                           │       │                      └Focus(dependencies: [_FocusInheritedScope], state: _FocusState#7ab83)
                                                                                                                                                                   │                                                           │       │                       └_FocusInheritedScope
                                                                                                                                                                   │                                                           │       │                        └Semantics(container: false, properties: SemanticsProperties, renderObject: RenderSemanticsAnnotations#b43e1 relayoutBoundary=up24)
                                                                                                                                                                   │                                                           │       │                         └MouseRegion(listeners: [enter, exit], cursor: SystemMouseCursor(basic), renderObject: RenderMouseRegion#bf5ef relayoutBoundary=up25)
                                                                                                                                                                   │                                                           │       │                          └Builder(dependencies: [DefaultSelectionStyle])
                                                                                                                                                                   │                                                           │       │                           └DefaultSelectionStyle
                                                                                                                                                                   │                                                           │       │                            └Semantics(container: false, properties: SemanticsProperties, renderObject: RenderSemanticsAnnotations#e5007 relayoutBoundary=up26)
                                                                                                                                                                   │                                                           │       │                             └GestureDetector(startBehavior: start, dependencies: [MediaQuery, ScrollConfiguration])
                                                                                                                                                                   │                                                           │       │                              └RawGestureDetector(state: RawGestureDetectorState#71966(gestures: [tap], excludeFromSemantics: true, behavior: opaque))
                                                                                                                                                                   │                                                           │       │                               └Listener(listeners: [down, panZoomStart], behavior: opaque, renderObject: RenderPointerListener#9b6aa relayoutBoundary=up27)
                                                                                                                                                                   │                                                           │       │                                └Card(dependencies: [InheritedCupertinoTheme, _InheritedTheme, _LocalizationsScope-[GlobalKey#12c5f]])
                                                                                                                                                                   │                                                           │       │                                 └Semantics(container: true, properties: SemanticsProperties, renderObject: RenderSemanticsAnnotations#f950f relayoutBoundary=up28)
                                                                                                                                                                   │                                                           │       │                                  └Padding(padding: EdgeInsets(4.0, 0.0, 4.0, 0.0), dependencies: [Directionality], renderObject: RenderPadding#80403 relayoutBoundary=up29)
                                                                                                                                                                   │                                                           │       │                                   └Material(type: card, color: Color(alpha: 1.0000, red: 1.0000, green: 1.0000, blue: 1.0000, colorSpace: ColorSpace.sRGB), shadowColor: Color(alpha: 1.0000, red: 0.0000, green: 0.0000, blue: 0.0000, colorSpace: ColorSpace.sRGB), surfaceTintColor: Color(alpha: 0.0000, red: 0.0000, green: 0.0000, blue: 0.0000, colorSpace: ColorSpace.sRGB), shape: RoundedRectangleBorder(BorderSide(color: Color(alpha: 1.0000, red: 0.7412, green: 0.7412, blue: 0.7412, colorSpace: ColorSpace.sRGB)), BorderRadius.circular(8.0)), dependencies: [InheritedCupertinoTheme, _InheritedTheme, _LocalizationsScope-[GlobalKey#12c5f]], state: _MaterialState#ac07b)
                                                                                                                                                                   │                                                           │       │                                    └_MaterialInterior(duration: 200ms, shape: RoundedRectangleBorder(BorderSide(color: Color(alpha: 1.0000, red: 0.7412, green: 0.7412, blue: 0.7412, colorSpace: ColorSpace.sRGB)), BorderRadius.circular(8.0)), elevation: 0.0, color: Color(alpha: 1.0000, red: 1.0000, green: 1.0000, blue: 1.0000, colorSpace: ColorSpace.sRGB), shadowColor: Color(alpha: 1.0000, red: 0.0000, green: 0.0000, blue: 0.0000, colorSpace: ColorSpace.sRGB), dependencies: [Directionality, InheritedCupertinoTheme, _InheritedTheme, _LocalizationsScope-[GlobalKey#12c5f]], state: _MaterialInteriorState#b3faa(ticker inactive))
                                                                                                                                                                   │                                                           │       │                                     └PhysicalShape(clipper: ShapeBorderClipper, elevation: 0.0, color: Color(alpha: 1.0000, red: 1.0000, green: 1.0000, blue: 1.0000, colorSpace: ColorSpace.sRGB), shadowColor: Color(alpha: 1.0000, red: 0.0000, green: 0.0000, blue: 0.0000, colorSpace: ColorSpace.sRGB), renderObject: RenderPhysicalShape#8942f relayoutBoundary=up30)
                                                                                                                                                                   │                                                           │       │                                      └_ShapeBorderPaint(dependencies: [Directionality])
                                                                                                                                                                   │                                                           │       │                                       └CustomPaint(renderObject: RenderCustomPaint#bd079 relayoutBoundary=up31)
                                                                                                                                                                   │                                                           │       │                                        └NotificationListener<LayoutChangedNotification>
                                                                                                                                                                   │                                                           │       │                                         └_InkFeatures-[GlobalKey#db64c ink renderer](renderObject: _RenderInkFeatures#08d99 relayoutBoundary=up32)
                                                                                                                                                                   │                                                           │       │                                          └AnimatedDefaultTextStyle(duration: 200ms, debugLabel: (englishLike bodyMedium 2021).merge((blackMountainView bodyMedium).apply), inherit: false, color: Color(alpha: 1.0000, red: 0.1137, green: 0.1059, blue: 0.1255, colorSpace: ColorSpace.sRGB), family: Roboto, size: 14.0, weight: 400, letterSpacing: 0.3, baseline: alphabetic, height: 1.4x, leadingDistribution: even, decoration: Color(alpha: 1.0000, red: 0.1137, green: 0.1059, blue: 0.1255, colorSpace: ColorSpace.sRGB) TextDecoration.none, softWrap: wrapping at box width, overflow: clip, state: _AnimatedDefaultTextStyleState#70143(ticker inactive))
                                                                                                                                                                   │                                                           │       │                                           └DefaultTextStyle(debugLabel: (englishLike bodyMedium 2021).merge((blackMountainView bodyMedium).apply), inherit: false, color: Color(alpha: 1.0000, red: 0.1137, green: 0.1059, blue: 0.1255, colorSpace: ColorSpace.sRGB), family: Roboto, size: 14.0, weight: 400, letterSpacing: 0.3, baseline: alphabetic, height: 1.4x, leadingDistribution: even, decoration: Color(alpha: 1.0000, red: 0.1137, green: 0.1059, blue: 0.1255, colorSpace: ColorSpace.sRGB) TextDecoration.none, softWrap: wrapping at box width, overflow: clip)
                                                                                                                                                                   │                                                           │       │                                            └Semantics(container: false, properties: SemanticsProperties, renderObject: RenderSemanticsAnnotations#cac78 relayoutBoundary=up33)
                                                                                                                                                                   │                                                           │       │                                             └Table(dependencies: [Directionality, MediaQuery, _LocalizationsScope-[GlobalKey#12c5f]], renderObject: RenderTable#5936c relayoutBoundary=up34)
                                                                                                                                                                   │                                                           │       │                                              ├SizedBox(height: 50.0, renderObject: RenderConstrainedBox#500c9 relayoutBoundary=up35)
                                                                                                                                                                   │                                                           │       │                                              ├Center(alignment: Alignment.center, dependencies: [Directionality], renderObject: RenderPositionedBox#6b7b4 relayoutBoundary=up35)
                                                                                                                                                                   │                                                           │       │                                              │└Padding(padding: EdgeInsets.all(4.0), dependencies: [Directionality], renderObject: RenderPadding#400f5 relayoutBoundary=up36)
                                                                                                                                                                   │                                                           │       │                                              │ └Column(direction: vertical, mainAxisAlignment: start, mainAxisSize: min, crossAxisAlignment: center, renderObject: RenderFlex#c8b36 relayoutBoundary=up37)
                                                                                                                                                                   │                                                           │       │                                              │  ├Text("朱", inherit: true, color: Color(alpha: 1.0000, red: 0.2588, green: 0.2588, blue: 0.2588, colorSpace: ColorSpace.sRGB), size: 11.0, weight: 700, height: 1.1x, dependencies: [DefaultSelectionStyle, DefaultTextStyle, MediaQuery])
                                                                                                                                                                   │                                                           │       │                                              │  │└RichText(softWrap: wrapping at box width, maxLines: unlimited, text: "朱", dependencies: [Directionality, _LocalizationsScope-[GlobalKey#12c5f]], renderObject: RenderParagraph#bda6f relayoutBoundary=up38)
                                                                                                                                                                   │                                                           │       │                                              │  ├Text("雀", inherit: true, color: Color(alpha: 1.0000, red: 0.2588, green: 0.2588, blue: 0.2588, colorSpace: ColorSpace.sRGB), size: 11.0, weight: 700, height: 1.1x, dependencies: [DefaultSelectionStyle, DefaultTextStyle, MediaQuery])
                                                                                                                                                                   │                                                           │       │                                              │  │└RichText(softWrap: wrapping at box width, maxLines: unlimited, text: "雀", dependencies: [Directionality, _LocalizationsScope-[GlobalKey#12c5f]], renderObject: RenderParagraph#7e37c relayoutBoundary=up38)
                                                                                                                                                                   │                                                           │       │                                              │  └Text("会", inherit: true, color: Color(alpha: 1.0000, red: 0.2588, green: 0.2588, blue: 0.2588, colorSpace: ColorSpace.sRGB), size: 11.0, weight: 700, height: 1.1x, dependencies: [DefaultSelectionStyle, DefaultTextStyle, MediaQuery])
                                                                                                                                                                   │                                                           │       │                                              │   └RichText(softWrap: wrapping at box width, maxLines: unlimited, text: "会", dependencies: [Directionality, _LocalizationsScope-[GlobalKey#12c5f]], renderObject: RenderParagraph#49853 relayoutBoundary=up38)
                                                                                                                                                                   │                                                           │       │                                              ├Center(alignment: Alignment.center, dependencies: [Directionality], renderObject: RenderPositionedBox#92d8c relayoutBoundary=up35)
                                                                                                                                                                   │                                                           │       │                                              │└Padding(padding: EdgeInsets.all(4.0), dependencies: [Directionality], renderObject: RenderPadding#aa6f8 relayoutBoundary=up36)
                                                                                                                                                                   │                                                           │       │                                              │ └Column(direction: vertical, mainAxisAlignment: start, mainAxisSize: min, crossAxisAlignment: center, renderObject: RenderFlex#cdbf5 relayoutBoundary=up37)
                                                                                                                                                                   │                                                           │       │                                              │  ├Text("青", inherit: true, color: Color(alpha: 1.0000, red: 0.2588, green: 0.2588, blue: 0.2588, colorSpace: ColorSpace.sRGB), size: 11.0, weight: 700, height: 1.1x, dependencies: [DefaultSelectionStyle, DefaultTextStyle, MediaQuery])
                                                                                                                                                                   │                                                           │       │                                              │  │└RichText(softWrap: wrapping at box width, maxLines: unlimited, text: "青", dependencies: [Directionality, _LocalizationsScope-[GlobalKey#12c5f]], renderObject: RenderParagraph#bf12f relayoutBoundary=up38)
                                                                                                                                                                   │                                                           │       │                                              │  ├Text("龍", inherit: true, color: Color(alpha: 1.0000, red: 0.2588, green: 0.2588, blue: 0.2588, colorSpace: ColorSpace.sRGB), size: 11.0, weight: 700, height: 1.1x, dependencies: [DefaultSelectionStyle, DefaultTextStyle, MediaQuery])
                                                                                                                                                                   │                                                           │       │                                              │  │└RichText(softWrap: wrapping at box width, maxLines: unlimited, text: "龍", dependencies: [Directionality, _LocalizationsScope-[GlobalKey#12c5f]], renderObject: RenderParagraph#27a8a relayoutBoundary=up38)
                                                                                                                                                                   │                                                           │       │                                              │  ├Text("道", inherit: true, color: Color(alpha: 1.0000, red: 0.2588, green: 0.2588, blue: 0.2588, colorSpace: ColorSpace.sRGB), size: 11.0, weight: 700, height: 1.1x, dependencies: [DefaultSelectionStyle, DefaultTextStyle, MediaQuery])
                                                                                                                                                                   │                                                           │       │                                              │  │└RichText(softWrap: wrapping at box width, maxLines: unlimited, text: "道", dependencies: [Directionality, _LocalizationsScope-[GlobalKey#12c5f]], renderObject: RenderParagraph#bc795 relayoutBoundary=up38)
                                                                                                                                                                   │                                                           │       │                                              │  └Text("場", inherit: true, color: Color(alpha: 1.0000, red: 0.2588, green: 0.2588, blue: 0.2588, colorSpace: ColorSpace.sRGB), size: 11.0, weight: 700, height: 1.1x, dependencies: [DefaultSelectionStyle, DefaultTextStyle, MediaQuery])
                                                                                                                                                                   │                                                           │       │                                              │   └RichText(softWrap: wrapping at box width, maxLines: unlimited, text: "場", dependencies: [Directionality, _LocalizationsScope-[GlobalKey#12c5f]], renderObject: RenderParagraph#8eda1 relayoutBoundary=up38)
                                                                                                                                                                   │                                                           │       │                                              ├Center(alignment: Alignment.center, dependencies: [Directionality], renderObject: RenderPositionedBox#7c927 relayoutBoundary=up35)
                                                                                                                                                                   │                                                           │       │                                              │└Padding(padding: EdgeInsets(0.0, 12.0, 0.0, 12.0), dependencies: [Directionality], renderObject: RenderPadding#383c1 relayoutBoundary=up36)
                                                                                                                                                                   │                                                           │       │                                              │ └Text("勝数", inherit: true, color: Color(alpha: 1.0000, red: 0.4588, green: 0.4588, blue: 0.4588, colorSpace: ColorSpace.sRGB), size: 10.0, dependencies: [DefaultSelectionStyle, DefaultTextStyle, MediaQuery])
                                                                                                                                                                   │                                                           │       │                                              │  └RichText(softWrap: wrapping at box width, maxLines: unlimited, text: "勝数", dependencies: [Directionality, _LocalizationsScope-[GlobalKey#12c5f]], renderObject: RenderParagraph#03930 relayoutBoundary=up37)
                                                                                                                                                                   │                                                           │       │                                              ├Center(alignment: Alignment.center, dependencies: [Directionality], renderObject: RenderPositionedBox#030e5 relayoutBoundary=up35)
                                                                                                                                                                   │                                                           │       │                                              │└Padding(padding: EdgeInsets(0.0, 12.0, 0.0, 12.0), dependencies: [Directionality], renderObject: RenderPadding#30f32 relayoutBoundary=up36)
                                                                                                                                                                   │                                                           │       │                                              │ └Text("勝者", inherit: true, color: Color(alpha: 1.0000, red: 0.4588, green: 0.4588, blue: 0.4588, colorSpace: ColorSpace.sRGB), size: 10.0, dependencies: [DefaultSelectionStyle, DefaultTextStyle, MediaQuery])
                                                                                                                                                                   │                                                           │       │                                              │  └RichText(softWrap: wrapping at box width, maxLines: unlimited, text: "勝者", dependencies: [Directionality, _LocalizationsScope-[GlobalKey#12c5f]], renderObject: RenderParagraph#0c0e9 relayoutBoundary=up37)
                                                                                                                                                                   │                                                           │       │                                              ├Center(alignment: Alignment.center, dependencies: [Directionality], renderObject: RenderPositionedBox#692db relayoutBoundary=up35)
                                                                                                                                                                   │                                                           │       │                                              │└Padding(padding: EdgeInsets(0.0, 12.0, 0.0, 12.0), dependencies: [Directionality], renderObject: RenderPadding#ac430 relayoutBoundary=up36)
                                                                                                                                                                   │                                                           │       │                                              │ └Text("本数", inherit: true, color: Color(alpha: 1.0000, red: 0.4588, green: 0.4588, blue: 0.4588, colorSpace: ColorSpace.sRGB), size: 10.0, dependencies: [DefaultSelectionStyle, DefaultTextStyle, MediaQuery])
                                                                                                                                                                   │                                                           │       │                                              │  └RichText(softWrap: wrapping at box width, maxLines: unlimited, text: "本数", dependencies: [Directionality, _LocalizationsScope-[GlobalKey#12c5f]], renderObject: RenderParagraph#1c92a relayoutBoundary=up37)
                                                                                                                                                                   │                                                           │       │                                              ├Center(alignment: Alignment.center, dependencies: [Directionality], renderObject: RenderPositionedBox#78046 relayoutBoundary=up35)
                                                                                                                                                                   │                                                           │       │                                              │└Padding(padding: EdgeInsets(0.0, 12.0, 0.0, 12.0), dependencies: [Directionality], renderObject: RenderPadding#83def relayoutBoundary=up36)
                                                                                                                                                                   │                                                           │       │                                              │ └Text("勝点", inherit: true, color: Color(alpha: 1.0000, red: 0.4588, green: 0.4588, blue: 0.4588, colorSpace: ColorSpace.sRGB), size: 10.0, dependencies: [DefaultSelectionStyle, DefaultTextStyle, MediaQuery])
                                                                                                                                                                   │                                                           │       │                                              │  └RichText(softWrap: wrapping at box width, maxLines: unlimited, text: "勝点", dependencies: [Directionality, _LocalizationsScope-[GlobalKey#12c5f]], renderObject: RenderParagraph#efd0a relayoutBoundary=up37)
                                                                                                                                                                   │                                                           │       │                                              ├Center(alignment: Alignment.center, dependencies: [Directionality], renderObject: RenderPositionedBox#5c093 relayoutBoundary=up35)
                                                                                                                                                                   │                                                           │       │                                              │└Padding(padding: EdgeInsets(0.0, 12.0, 0.0, 12.0), dependencies: [Directionality], renderObject: RenderPadding#8ba1b relayoutBoundary=up36)
                                                                                                                                                                   │                                                           │       │                                              │ └Text("順位", inherit: true, color: Color(alpha: 1.0000, red: 0.4588, green: 0.4588, blue: 0.4588, colorSpace: ColorSpace.sRGB), size: 10.0, dependencies: [DefaultSelectionStyle, DefaultTextStyle, MediaQuery])
                                                                                                                                                                   │                                                           │       │                                              │  └RichText(softWrap: wrapping at box width, maxLines: unlimited, text: "順位", dependencies: [Directionality, _LocalizationsScope-[GlobalKey#12c5f]], renderObject: RenderParagraph#70ebf relayoutBoundary=up37)
                                                                                                                                                                   │                                                           │       │                                              ├Container(Alignment.center, bg: BoxDecoration(color: Color(alpha: 1.0000, red: 0.9098, green: 0.9176, blue: 0.9647, colorSpace: ColorSpace.sRGB)), constraints: BoxConstraints(0.0<=w<=Infinity, h=65.0))
                                                                                                                                                                   │                                                           │       │                                              │└ConstrainedBox(BoxConstraints(0.0<=w<=Infinity, h=65.0), renderObject: RenderConstrainedBox#1f1b8 relayoutBoundary=up35)
                                                                                                                                                                   │                                                           │       │                                              │ └DecoratedBox(bg: BoxDecoration(color: Color(alpha: 1.0000, red: 0.9098, green: 0.9176, blue: 0.9647, colorSpace: ColorSpace.sRGB)), dependencies: [Directionality, MediaQuery, _LocalizationsScope-[GlobalKey#12c5f]], renderObject: RenderDecoratedBox#6a6f2)
                                                                                                                                                                   │                                                           │       │                                              │  └Padding(padding: EdgeInsets.zero, dependencies: [Directionality], renderObject: RenderPadding#5f85e)
                                                                                                                                                                   │                                                           │       │                                              │   └Align(alignment: Alignment.center, dependencies: [Directionality], renderObject: RenderPositionedBox#bc7fe)
                                                                                                                                                                   │                                                           │       │                                              │    └Padding(padding: EdgeInsets.all(4.0), dependencies: [Directionality], renderObject: RenderPadding#cfa93 relayoutBoundary=up1)
                                                                                                                                                                   │                                                           │       │                                              │     └Text("朱雀会", inherit: true, color: Color(alpha: 0.8667, red: 0.0000, green: 0.0000, blue: 0.0000, colorSpace: ColorSpace.sRGB), size: 11.0, weight: 700, textAlign: center, maxLines: 2, dependencies: [DefaultSelectionStyle, DefaultTextStyle, MediaQuery])
                                                                                                                                                                   │                                                           │       │                                              │      └RichText(textAlign: center, softWrap: wrapping at box width, maxLines: 2, text: "朱雀会", dependencies: [Directionality, _LocalizationsScope-[GlobalKey#12c5f]], renderObject: RenderParagraph#2475a relayoutBoundary=up2)
                                                                                                                                                                   │                                                           │       │                                              ├Container(bg: Color(alpha: 1.0000, red: 0.9333, green: 0.9333, blue: 0.9333, colorSpace: ColorSpace.sRGB), constraints: BoxConstraints(0.0<=w<=Infinity, h=65.0))
                                                                                                                                                                   │                                                           │       │                                              │└ConstrainedBox(BoxConstraints(0.0<=w<=Infinity, h=65.0), renderObject: RenderConstrainedBox#786e2 relayoutBoundary=up35)
                                                                                                                                                                   │                                                           │       │                                              │ └ColoredBox(color: Color(alpha: 1.0000, red: 0.9333, green: 0.9333, blue: 0.9333, colorSpace: ColorSpace.sRGB), renderObject: _RenderColoredBox#4c3d6)
                                                                                                                                                                   │                                                           │       │                                              │  └CustomPaint(renderObject: RenderCustomPaint#956e1)
                                                                                                                                                                   │                                                           │       │                                              ├GestureDetector(startBehavior: start, dependencies: [MediaQuery, ScrollConfiguration])
                                                                                                                                                                   │                                                           │       │                                              │└RawGestureDetector(state: RawGestureDetectorState#9305d(gestures: [tap], behavior: opaque))
                                                                                                                                                                   │                                                           │       │                                              │ └_GestureSemantics(renderObject: RenderSemanticsGestureHandler#6c227 relayoutBoundary=up35)
                                                                                                                                                                   │                                                           │       │                                              │  └Listener(listeners: [down, panZoomStart], behavior: opaque, renderObject: RenderPointerListener#6d93d relayoutBoundary=up36)
                                                                                                                                                                   │                                                           │       │                                              │   └Container(Alignment.center, constraints: BoxConstraints(0.0<=w<=Infinity, h=65.0))
                                                                                                                                                                   │                                                           │       │                                              │    └ConstrainedBox(BoxConstraints(0.0<=w<=Infinity, h=65.0), renderObject: RenderConstrainedBox#2665b relayoutBoundary=up37)
                                                                                                                                                                   │                                                           │       │                                              │     └Align(alignment: Alignment.center, dependencies: [Directionality], renderObject: RenderPositionedBox#e1308)
                                                                                                                                                                   │                                                           │       │                                              │      └Stack(alignment: Alignment.center, fit: loose, dependencies: [Directionality], renderObject: RenderStack#466ee relayoutBoundary=up1)
                                                                                                                                                                   │                                                           │       │                                              │       ├CustomPaint(renderObject: RenderCustomPaint#1b3de relayoutBoundary=up2)
                                                                                                                                                                   │                                                           │       │                                              │       └Column(direction: vertical, mainAxisAlignment: center, crossAxisAlignment: center, renderObject: RenderFlex#6855c relayoutBoundary=up2)
                                                                                                                                                                   │                                                           │       │                                              │        ├SizedBox(height: 12.0, renderObject: RenderConstrainedBox#e8175 relayoutBoundary=up3)
                                                                                                                                                                   │                                                           │       │                                              │        ├Container(bg: Color(alpha: 0.5000, red: 0.0000, green: 0.0000, blue: 0.0000, colorSpace: ColorSpace.sRGB), constraints: BoxConstraints(w=18.0, h=0.5), margin: EdgeInsets(0.0, 2.0, 0.0, 2.0))
                                                                                                                                                                   │                                                           │       │                                              │        │└Padding(padding: EdgeInsets(0.0, 2.0, 0.0, 2.0), dependencies: [Directionality], renderObject: RenderPadding#e20d9 relayoutBoundary=up3)
                                                                                                                                                                   │                                                           │       │                                              │        │ └ConstrainedBox(BoxConstraints(w=18.0, h=0.5), renderObject: RenderConstrainedBox#8a41c relayoutBoundary=up4)
                                                                                                                                                                   │                                                           │       │                                              │        │  └ColoredBox(color: Color(alpha: 0.5000, red: 0.0000, green: 0.0000, blue: 0.0000, colorSpace: ColorSpace.sRGB), renderObject: _RenderColoredBox#80e00)
                                                                                                                                                                   │                                                           │       │                                              │        └SizedBox(height: 12.0, renderObject: RenderConstrainedBox#1ee57 relayoutBoundary=up3)
                                                                                                                                                                   │                                                           │       │                                              ├Container(Alignment.center, constraints: BoxConstraints(0.0<=w<=Infinity, h=65.0))
                                                                                                                                                                   │                                                           │       │                                              │└ConstrainedBox(BoxConstraints(0.0<=w<=Infinity, h=65.0), renderObject: RenderConstrainedBox#53a6c relayoutBoundary=up35)
                                                                                                                                                                   │                                                           │       │                                              │ └Align(alignment: Alignment.center, dependencies: [Directionality], renderObject: RenderPositionedBox#2652e)
                                                                                                                                                                   │                                                           │       │                                              │  └Text("0", inherit: true, color: Color(alpha: 0.8667, red: 0.0000, green: 0.0000, blue: 0.0000, colorSpace: ColorSpace.sRGB), size: 13.0, weight: 700, dependencies: [DefaultSelectionStyle, DefaultTextStyle, MediaQuery])
                                                                                                                                                                   │                                                           │       │                                              │   └RichText(softWrap: wrapping at box width, maxLines: unlimited, text: "0", dependencies: [Directionality, _LocalizationsScope-[GlobalKey#12c5f]], renderObject: RenderParagraph#5bf78 relayoutBoundary=up1)
                                                                                                                                                                   │                                                           │       │                                              ├Container(Alignment.center, constraints: BoxConstraints(0.0<=w<=Infinity, h=65.0))
                                                                                                                                                                   │                                                           │       │                                              │└ConstrainedBox(BoxConstraints(0.0<=w<=Infinity, h=65.0), renderObject: RenderConstrainedBox#6eea6 relayoutBoundary=up35)
                                                                                                                                                                   │                                                           │       │                                              │ └Align(alignment: Alignment.center, dependencies: [Directionality], renderObject: RenderPositionedBox#54d71)
                                                                                                                                                                   │                                                           │       │                                              │  └Text("0", inherit: true, color: Color(alpha: 0.8667, red: 0.0000, green: 0.0000, blue: 0.0000, colorSpace: ColorSpace.sRGB), size: 13.0, weight: 700, dependencies: [DefaultSelectionStyle, DefaultTextStyle, MediaQuery])
                                                                                                                                                                   │                                                           │       │                                              │   └RichText(softWrap: wrapping at box width, maxLines: unlimited, text: "0", dependencies: [Directionality, _LocalizationsScope-[GlobalKey#12c5f]], renderObject: RenderParagraph#96708 relayoutBoundary=up1)
                                                                                                                                                                   │                                                           │       │                                              ├Container(Alignment.center, constraints: BoxConstraints(0.0<=w<=Infinity, h=65.0))
                                                                                                                                                                   │                                                           │       │                                              │└ConstrainedBox(BoxConstraints(0.0<=w<=Infinity, h=65.0), renderObject: RenderConstrainedBox#bb820 relayoutBoundary=up35)
                                                                                                                                                                   │                                                           │       │                                              │ └Align(alignment: Alignment.center, dependencies: [Directionality], renderObject: RenderPositionedBox#5d4af)
                                                                                                                                                                   │                                                           │       │                                              │  └Text("0", inherit: true, color: Color(alpha: 0.8667, red: 0.0000, green: 0.0000, blue: 0.0000, colorSpace: ColorSpace.sRGB), size: 13.0, weight: 700, dependencies: [DefaultSelectionStyle, DefaultTextStyle, MediaQuery])
                                                                                                                                                                   │                                                           │       │                                              │   └RichText(softWrap: wrapping at box width, maxLines: unlimited, text: "0", dependencies: [Directionality, _LocalizationsScope-[GlobalKey#12c5f]], renderObject: RenderParagraph#54d60 relayoutBoundary=up1)
                                                                                                                                                                   │                                                           │       │                                              ├Container(Alignment.center, constraints: BoxConstraints(0.0<=w<=Infinity, h=65.0))
                                                                                                                                                                   │                                                           │       │                                              │└ConstrainedBox(BoxConstraints(0.0<=w<=Infinity, h=65.0), renderObject: RenderConstrainedBox#1c656 relayoutBoundary=up35)
                                                                                                                                                                   │                                                           │       │                                              │ └Align(alignment: Alignment.center, dependencies: [Directionality], renderObject: RenderPositionedBox#8e76f)
                                                                                                                                                                   │                                                           │       │                                              │  └Text("0", inherit: true, color: Color(alpha: 0.8667, red: 0.0000, green: 0.0000, blue: 0.0000, colorSpace: ColorSpace.sRGB), size: 13.0, weight: 700, dependencies: [DefaultSelectionStyle, DefaultTextStyle, MediaQuery])
                                                                                                                                                                   │                                                           │       │                                              │   └RichText(softWrap: wrapping at box width, maxLines: unlimited, text: "0", dependencies: [Directionality, _LocalizationsScope-[GlobalKey#12c5f]], renderObject: RenderParagraph#0a7d6 relayoutBoundary=up1)
                                                                                                                                                                   │                                                           │       │                                              ├Container(Alignment.center, bg: Color(alpha: 1.0000, red: 1.0000, green: 0.9529, blue: 0.8784, colorSpace: ColorSpace.sRGB), constraints: BoxConstraints(0.0<=w<=Infinity, h=65.0))
                                                                                                                                                                   │                                                           │       │                                              │└ConstrainedBox(BoxConstraints(0.0<=w<=Infinity, h=65.0), renderObject: RenderConstrainedBox#77e99 relayoutBoundary=up35)
                                                                                                                                                                   │                                                           │       │                                              │ └ColoredBox(color: Color(alpha: 1.0000, red: 1.0000, green: 0.9529, blue: 0.8784, colorSpace: ColorSpace.sRGB), renderObject: _RenderColoredBox#af524)
                                                                                                                                                                   │                                                           │       │                                              │  └Align(alignment: Alignment.center, dependencies: [Directionality], renderObject: RenderPositionedBox#c4de6)
                                                                                                                                                                   │                                                           │       │                                              │   └Text("0", inherit: true, color: Color(alpha: 1.0000, red: 0.9373, green: 0.4235, blue: 0.0000, colorSpace: ColorSpace.sRGB), size: 16.0, weight: 700, dependencies: [DefaultSelectionStyle, DefaultTextStyle, MediaQuery])
                                                                                                                                                                   │                                                           │       │                                              │    └RichText(softWrap: wrapping at box width, maxLines: unlimited, text: "0", dependencies: [Directionality, _LocalizationsScope-[GlobalKey#12c5f]], renderObject: RenderParagraph#ccb45 relayoutBoundary=up1)
                                                                                                                                                                   │                                                           │       │                                              ├Container(Alignment.center, bg: BoxDecoration(color: Color(alpha: 1.0000, red: 0.9098, green: 0.9176, blue: 0.9647, colorSpace: ColorSpace.sRGB)), constraints: BoxConstraints(0.0<=w<=Infinity, h=65.0))
                                                                                                                                                                   │                                                           │       │                                              │└ConstrainedBox(BoxConstraints(0.0<=w<=Infinity, h=65.0), renderObject: RenderConstrainedBox#43292 relayoutBoundary=up35)
                                                                                                                                                                   │                                                           │       │                                              │ └DecoratedBox(bg: BoxDecoration(color: Color(alpha: 1.0000, red: 0.9098, green: 0.9176, blue: 0.9647, colorSpace: ColorSpace.sRGB)), dependencies: [Directionality, MediaQuery, _LocalizationsScope-[GlobalKey#12c5f]], renderObject: RenderDecoratedBox#4372d)
                                                                                                                                                                   │                                                           │       │                                              │  └Padding(padding: EdgeInsets.zero, dependencies: [Directionality], renderObject: RenderPadding#46c80)
                                                                                                                                                                   │                                                           │       │                                              │   └Align(alignment: Alignment.center, dependencies: [Directionality], renderObject: RenderPositionedBox#64a29)
                                                                                                                                                                   │                                                           │       │                                              │    └Padding(padding: EdgeInsets.all(4.0), dependencies: [Directionality], renderObject: RenderPadding#46a9a relayoutBoundary=up1)
                                                                                                                                                                   │                                                           │       │                                              │     └Text("青龍道場", inherit: true, color: Color(alpha: 0.8667, red: 0.0000, green: 0.0000, blue: 0.0000, colorSpace: ColorSpace.sRGB), size: 11.0, weight: 700, textAlign: center, maxLines: 2, dependencies: [DefaultSelectionStyle, DefaultTextStyle, MediaQuery])
                                                                                                                                                                   │                                                           │       │                                              │      └RichText(textAlign: center, softWrap: wrapping at box width, maxLines: 2, text: "青龍道場", dependencies: [Directionality, _LocalizationsScope-[GlobalKey#12c5f]], renderObject: RenderParagraph#23571 relayoutBoundary=up2)
                                                                                                                                                                   │                                                           │       │                                              ├GestureDetector(startBehavior: start, dependencies: [MediaQuery, ScrollConfiguration])
                                                                                                                                                                   │                                                           │       │                                              │└RawGestureDetector(state: RawGestureDetectorState#fade1(gestures: [tap], behavior: opaque))
                                                                                                                                                                   │                                                           │       │                                              │ └_GestureSemantics(renderObject: RenderSemanticsGestureHandler#b9a41 relayoutBoundary=up35)
                                                                                                                                                                   │                                                           │       │                                              │  └Listener(listeners: [down, panZoomStart], behavior: opaque, renderObject: RenderPointerListener#5e0bf relayoutBoundary=up36)
                                                                                                                                                                   │                                                           │       │                                              │   └Container(Alignment.center, constraints: BoxConstraints(0.0<=w<=Infinity, h=65.0))
                                                                                                                                                                   │                                                           │       │                                              │    └ConstrainedBox(BoxConstraints(0.0<=w<=Infinity, h=65.0), renderObject: RenderConstrainedBox#d61fd relayoutBoundary=up37)
                                                                                                                                                                   │                                                           │       │                                              │     └Align(alignment: Alignment.center, dependencies: [Directionality], renderObject: RenderPositionedBox#c55e0)
                                                                                                                                                                   │                                                           │       │                                              │      └Stack(alignment: Alignment.center, fit: loose, dependencies: [Directionality], renderObject: RenderStack#a94aa relayoutBoundary=up1)
                                                                                                                                                                   │                                                           │       │                                              │       ├CustomPaint(renderObject: RenderCustomPaint#d5245 relayoutBoundary=up2)
                                                                                                                                                                   │                                                           │       │                                              │       └Column(direction: vertical, mainAxisAlignment: center, crossAxisAlignment: center, renderObject: RenderFlex#0782b relayoutBoundary=up2)
                                                                                                                                                                   │                                                           │       │                                              │        ├Text("◯", inherit: true, color: Color(alpha: 0.8667, red: 0.0000, green: 0.0000, blue: 0.0000, colorSpace: ColorSpace.sRGB), size: 10.0, weight: 700, height: 1.1x, dependencies: [DefaultSelectionStyle, DefaultTextStyle, MediaQuery])
                                                                                                                                                                   │                                                           │       │                                              │        │└RichText(softWrap: wrapping at box width, maxLines: unlimited, text: "◯", dependencies: [Directionality, _LocalizationsScope-[GlobalKey#12c5f]], renderObject: RenderParagraph#1f369 relayoutBoundary=up3)
                                                                                                                                                                   │                                                           │       │                                              │        ├Container(bg: Color(alpha: 0.5000, red: 0.0000, green: 0.0000, blue: 0.0000, colorSpace: ColorSpace.sRGB), constraints: BoxConstraints(w=18.0, h=0.5), margin: EdgeInsets(0.0, 2.0, 0.0, 2.0))
                                                                                                                                                                   │                                                           │       │                                              │        │└Padding(padding: EdgeInsets(0.0, 2.0, 0.0, 2.0), dependencies: [Directionality], renderObject: RenderPadding#46ae5 relayoutBoundary=up3)
                                                                                                                                                                   │                                                           │       │                                              │        │ └ConstrainedBox(BoxConstraints(w=18.0, h=0.5), renderObject: RenderConstrainedBox#ed885 relayoutBoundary=up4)
                                                                                                                                                                   │                                                           │       │                                              │        │  └ColoredBox(color: Color(alpha: 0.5000, red: 0.0000, green: 0.0000, blue: 0.0000, colorSpace: ColorSpace.sRGB), renderObject: _RenderColoredBox#09544)
                                                                                                                                                                   │                                                           │       │                                              │        └SizedBox(height: 12.0, renderObject: RenderConstrainedBox#f2a54 relayoutBoundary=up3)
                                                                                                                                                                   │                                                           │       │                                              ├Container(bg: Color(alpha: 1.0000, red: 0.9333, green: 0.9333, blue: 0.9333, colorSpace: ColorSpace.sRGB), constraints: BoxConstraints(0.0<=w<=Infinity, h=65.0))
                                                                                                                                                                   │                                                           │       │                                              │└ConstrainedBox(BoxConstraints(0.0<=w<=Infinity, h=65.0), renderObject: RenderConstrainedBox#72dfc relayoutBoundary=up35)
                                                                                                                                                                   │                                                           │       │                                              │ └ColoredBox(color: Color(alpha: 1.0000, red: 0.9333, green: 0.9333, blue: 0.9333, colorSpace: ColorSpace.sRGB), renderObject: _RenderColoredBox#71938)
                                                                                                                                                                   │                                                           │       │                                              │  └CustomPaint(renderObject: RenderCustomPaint#1667d)
                                                                                                                                                                   │                                                           │       │                                              ├Container(Alignment.center, constraints: BoxConstraints(0.0<=w<=Infinity, h=65.0))
                                                                                                                                                                   │                                                           │       │                                              │└ConstrainedBox(BoxConstraints(0.0<=w<=Infinity, h=65.0), renderObject: RenderConstrainedBox#6dfe7 relayoutBoundary=up35)
                                                                                                                                                                   │                                                           │       │                                              │ └Align(alignment: Alignment.center, dependencies: [Directionality], renderObject: RenderPositionedBox#842a0)
                                                                                                                                                                   │                                                           │       │                                              │  └Text("0", inherit: true, color: Color(alpha: 0.8667, red: 0.0000, green: 0.0000, blue: 0.0000, colorSpace: ColorSpace.sRGB), size: 13.0, weight: 700, dependencies: [DefaultSelectionStyle, DefaultTextStyle, MediaQuery])
                                                                                                                                                                   │                                                           │       │                                              │   └RichText(softWrap: wrapping at box width, maxLines: unlimited, text: "0", dependencies: [Directionality, _LocalizationsScope-[GlobalKey#12c5f]], renderObject: RenderParagraph#5a6d6 relayoutBoundary=up1)
                                                                                                                                                                   │                                                           │       │                                              ├Container(Alignment.center, constraints: BoxConstraints(0.0<=w<=Infinity, h=65.0))
                                                                                                                                                                   │                                                           │       │                                              │└ConstrainedBox(BoxConstraints(0.0<=w<=Infinity, h=65.0), renderObject: RenderConstrainedBox#750c8 relayoutBoundary=up35)
                                                                                                                                                                   │                                                           │       │                                              │ └Align(alignment: Alignment.center, dependencies: [Directionality], renderObject: RenderPositionedBox#ed77c)
                                                                                                                                                                   │                                                           │       │                                              │  └Text("0", inherit: true, color: Color(alpha: 0.8667, red: 0.0000, green: 0.0000, blue: 0.0000, colorSpace: ColorSpace.sRGB), size: 13.0, weight: 700, dependencies: [DefaultSelectionStyle, DefaultTextStyle, MediaQuery])
                                                                                                                                                                   │                                                           │       │                                              │   └RichText(softWrap: wrapping at box width, maxLines: unlimited, text: "0", dependencies: [Directionality, _LocalizationsScope-[GlobalKey#12c5f]], renderObject: RenderParagraph#d8b3a relayoutBoundary=up1)
                                                                                                                                                                   │                                                           │       │                                              ├Container(Alignment.center, constraints: BoxConstraints(0.0<=w<=Infinity, h=65.0))
                                                                                                                                                                   │                                                           │       │                                              │└ConstrainedBox(BoxConstraints(0.0<=w<=Infinity, h=65.0), renderObject: RenderConstrainedBox#e58db relayoutBoundary=up35)
                                                                                                                                                                   │                                                           │       │                                              │ └Align(alignment: Alignment.center, dependencies: [Directionality], renderObject: RenderPositionedBox#b77ce)
                                                                                                                                                                   │                                                           │       │                                              │  └Text("0", inherit: true, color: Color(alpha: 0.8667, red: 0.0000, green: 0.0000, blue: 0.0000, colorSpace: ColorSpace.sRGB), size: 13.0, weight: 700, dependencies: [DefaultSelectionStyle, DefaultTextStyle, MediaQuery])
                                                                                                                                                                   │                                                           │       │                                              │   └RichText(softWrap: wrapping at box width, maxLines: unlimited, text: "0", dependencies: [Directionality, _LocalizationsScope-[GlobalKey#12c5f]], renderObject: RenderParagraph#c9356 relayoutBoundary=up1)
                                                                                                                                                                   │                                                           │       │                                              ├Container(Alignment.center, constraints: BoxConstraints(0.0<=w<=Infinity, h=65.0))
                                                                                                                                                                   │                                                           │       │                                              │└ConstrainedBox(BoxConstraints(0.0<=w<=Infinity, h=65.0), renderObject: RenderConstrainedBox#34bd3 relayoutBoundary=up35)
                                                                                                                                                                   │                                                           │       │                                              │ └Align(alignment: Alignment.center, dependencies: [Directionality], renderObject: RenderPositionedBox#e9283)
                                                                                                                                                                   │                                                           │       │                                              │  └Text("0", inherit: true, color: Color(alpha: 0.8667, red: 0.0000, green: 0.0000, blue: 0.0000, colorSpace: ColorSpace.sRGB), size: 13.0, weight: 700, dependencies: [DefaultSelectionStyle, DefaultTextStyle, MediaQuery])
                                                                                                                                                                   │                                                           │       │                                              │   └RichText(softWrap: wrapping at box width, maxLines: unlimited, text: "0", dependencies: [Directionality, _LocalizationsScope-[GlobalKey#12c5f]], renderObject: RenderParagraph#aecea relayoutBoundary=up1)
                                                                                                                                                                   │                                                           │       │                                              └Container(Alignment.center, bg: Color(alpha: 1.0000, red: 1.0000, green: 0.9529, blue: 0.8784, colorSpace: ColorSpace.sRGB), constraints: BoxConstraints(0.0<=w<=Infinity, h=65.0))
                                                                                                                                                                   │                                                           │       │                                               └ConstrainedBox(BoxConstraints(0.0<=w<=Infinity, h=65.0), renderObject: RenderConstrainedBox#c4e95 relayoutBoundary=up35)
                                                                                                                                                                   │                                                           │       │                                                └ColoredBox(color: Color(alpha: 1.0000, red: 1.0000, green: 0.9529, blue: 0.8784, colorSpace: ColorSpace.sRGB), renderObject: _RenderColoredBox#165f9)
                                                                                                                                                                   │                                                           │       │                                                 └Align(alignment: Alignment.center, dependencies: [Directionality], renderObject: RenderPositionedBox#32e8f)
                                                                                                                                                                   │                                                           │       │                                                  └Text("0", inherit: true, color: Color(alpha: 1.0000, red: 0.9373, green: 0.4235, blue: 0.0000, colorSpace: ColorSpace.sRGB), size: 16.0, weight: 700, dependencies: [DefaultSelectionStyle, DefaultTextStyle, MediaQuery])
                                                                                                                                                                   │                                                           │       │                                                   └RichText(softWrap: wrapping at box width, maxLines: unlimited, text: "0", dependencies: [Directionality, _LocalizationsScope-[GlobalKey#12c5f]], renderObject: RenderParagraph#a945f relayoutBoundary=up1)
                                                                                                                                                                   │                                                           │       ├SizedBox(height: 32.0, renderObject: RenderConstrainedBox#cc60b relayoutBoundary=up15)
                                                                                                                                                                   │                                                           │       ├Padding(padding: EdgeInsets(8.0, 0.0, 0.0, 12.0), dependencies: [Directionality], renderObject: RenderPadding#485b0 relayoutBoundary=up15)
                                                                                                                                                                   │                                                           │       │└Text("▼ 対戦カード別 スコア詳細", inherit: true, color: MaterialColor(primary value: Color(alpha: 1.0000, red: 0.6196, green: 0.6196, blue: 0.6196, colorSpace: ColorSpace.sRGB)), size: 14.0, weight: 700, dependencies: [DefaultSelectionStyle, DefaultTextStyle, MediaQuery])
                                                                                                                                                                   │                                                           │       │ └RichText(softWrap: wrapping at box width, maxLines: unlimited, text: "▼ 対戦カード別 スコア詳細", dependencies: [Directionality, _LocalizationsScope-[GlobalKey#12c5f]], renderObject: RenderParagraph#936bf relayoutBoundary=up16)
                                                                                                                                                                   │                                                           │       ├Padding(padding: EdgeInsets(0.0, 0.0, 0.0, 24.0), dependencies: [Directionality], renderObject: RenderPadding#b49c1 relayoutBoundary=up15)
                                                                                                                                                                   │                                                           │       │└InkWell-[<'viewer_match_card_対戦スコア詳細'>]
                                                                                                                                                                   │                                                           │       │ └_InkResponseStateWidget(gestures: [tap], mouseCursor: null, clipped to BoxShape.rectangle, dependencies: [InheritedCupertinoTheme, MediaQuery, _InheritedTheme, _LocalizationsScope-[GlobalKey#12c5f]], state: _InkResponseState#6b0a3)
                                                                                                                                                                   │                                                           │       │  └_ParentInkResponseProvider
                                                                                                                                                                   │                                                           │       │   └Actions(dispatcher: null, actions: {ActivateIntent: CallbackAction<ActivateIntent>#95486, ButtonActivateIntent: CallbackAction<ButtonActivateIntent>#6ea1f}, state: _ActionsState#8b37c)
                                                                                                                                                                   │                                                           │       │    └_ActionsScope
                                                                                                                                                                   │                                                           │       │     └Focus(dependencies: [_FocusInheritedScope], state: _FocusState#2d526)
                                                                                                                                                                   │                                                           │       │      └_FocusInheritedScope
                                                                                                                                                                   │                                                           │       │       └Semantics(container: false, properties: SemanticsProperties, renderObject: RenderSemanticsAnnotations#7c956 relayoutBoundary=up16)
                                                                                                                                                                   │                                                           │       │        └MouseRegion(listeners: [enter, exit], cursor: SystemMouseCursor(basic), renderObject: RenderMouseRegion#3575f relayoutBoundary=up17)
                                                                                                                                                                   │                                                           │       │         └Builder(dependencies: [DefaultSelectionStyle])
                                                                                                                                                                   │                                                           │       │          └DefaultSelectionStyle
                                                                                                                                                                   │                                                           │       │           └Semantics(container: false, properties: SemanticsProperties, renderObject: RenderSemanticsAnnotations#3c0bd relayoutBoundary=up18)
                                                                                                                                                                   │                                                           │       │            └GestureDetector(startBehavior: start, dependencies: [MediaQuery, ScrollConfiguration])
                                                                                                                                                                   │                                                           │       │             └RawGestureDetector(state: RawGestureDetectorState#34aa3(gestures: [tap], excludeFromSemantics: true, behavior: opaque))
                                                                                                                                                                   │                                                           │       │              └Listener(listeners: [down, panZoomStart], behavior: opaque, renderObject: RenderPointerListener#ed663 relayoutBoundary=up19)
                                                                                                                                                                   │                                                           │       │               └Card(dependencies: [InheritedCupertinoTheme, _InheritedTheme, _LocalizationsScope-[GlobalKey#12c5f]])
                                                                                                                                                                   │                                                           │       │                └Semantics(container: true, properties: SemanticsProperties, renderObject: RenderSemanticsAnnotations#bf2c7 relayoutBoundary=up20)
                                                                                                                                                                   │                                                           │       │                 └Padding(padding: EdgeInsets(4.0, 8.0, 4.0, 8.0), dependencies: [Directionality], renderObject: RenderPadding#fc50b relayoutBoundary=up21)
                                                                                                                                                                   │                                                           │       │                  └Material(type: card, color: Color(alpha: 1.0000, red: 1.0000, green: 1.0000, blue: 1.0000, colorSpace: ColorSpace.sRGB), shadowColor: Color(alpha: 1.0000, red: 0.0000, green: 0.0000, blue: 0.0000, colorSpace: ColorSpace.sRGB), surfaceTintColor: Color(alpha: 0.0000, red: 0.0000, green: 0.0000, blue: 0.0000, colorSpace: ColorSpace.sRGB), shape: RoundedRectangleBorder(BorderSide(color: Color(alpha: 1.0000, red: 0.8784, green: 0.8784, blue: 0.8784, colorSpace: ColorSpace.sRGB)), BorderRadius.circular(12.0)), dependencies: [InheritedCupertinoTheme, _InheritedTheme, _LocalizationsScope-[GlobalKey#12c5f]], state: _MaterialState#8b9be)
                                                                                                                                                                   │                                                           │       │                   └_MaterialInterior(duration: 200ms, shape: RoundedRectangleBorder(BorderSide(color: Color(alpha: 1.0000, red: 0.8784, green: 0.8784, blue: 0.8784, colorSpace: ColorSpace.sRGB)), BorderRadius.circular(12.0)), elevation: 0.0, color: Color(alpha: 1.0000, red: 1.0000, green: 1.0000, blue: 1.0000, colorSpace: ColorSpace.sRGB), shadowColor: Color(alpha: 1.0000, red: 0.0000, green: 0.0000, blue: 0.0000, colorSpace: ColorSpace.sRGB), dependencies: [Directionality, InheritedCupertinoTheme, _InheritedTheme, _LocalizationsScope-[GlobalKey#12c5f]], state: _MaterialInteriorState#3a6cc(ticker inactive))
                                                                                                                                                                   │                                                           │       │                    └PhysicalShape(clipper: ShapeBorderClipper, elevation: 0.0, color: Color(alpha: 1.0000, red: 1.0000, green: 1.0000, blue: 1.0000, colorSpace: ColorSpace.sRGB), shadowColor: Color(alpha: 1.0000, red: 0.0000, green: 0.0000, blue: 0.0000, colorSpace: ColorSpace.sRGB), renderObject: RenderPhysicalShape#bd49e relayoutBoundary=up22)
                                                                                                                                                                   │                                                           │       │                     └_ShapeBorderPaint(dependencies: [Directionality])
                                                                                                                                                                   │                                                           │       │                      └CustomPaint(renderObject: RenderCustomPaint#4bac9 relayoutBoundary=up23)
                                                                                                                                                                   │                                                           │       │                       └NotificationListener<LayoutChangedNotification>
                                                                                                                                                                   │                                                           │       │                        └_InkFeatures-[GlobalKey#1e2c5 ink renderer](renderObject: _RenderInkFeatures#cac52 relayoutBoundary=up24)
                                                                                                                                                                   │                                                           │       │                         └AnimatedDefaultTextStyle(duration: 200ms, debugLabel: (englishLike bodyMedium 2021).merge((blackMountainView bodyMedium).apply), inherit: false, color: Color(alpha: 1.0000, red: 0.1137, green: 0.1059, blue: 0.1255, colorSpace: ColorSpace.sRGB), family: Roboto, size: 14.0, weight: 400, letterSpacing: 0.3, baseline: alphabetic, height: 1.4x, leadingDistribution: even, decoration: Color(alpha: 1.0000, red: 0.1137, green: 0.1059, blue: 0.1255, colorSpace: ColorSpace.sRGB) TextDecoration.none, softWrap: wrapping at box width, overflow: clip, state: _AnimatedDefaultTextStyleState#c0cd2(ticker inactive))
                                                                                                                                                                   │                                                           │       │                          └DefaultTextStyle(debugLabel: (englishLike bodyMedium 2021).merge((blackMountainView bodyMedium).apply), inherit: false, color: Color(alpha: 1.0000, red: 0.1137, green: 0.1059, blue: 0.1255, colorSpace: ColorSpace.sRGB), family: Roboto, size: 14.0, weight: 400, letterSpacing: 0.3, baseline: alphabetic, height: 1.4x, leadingDistribution: even, decoration: Color(alpha: 1.0000, red: 0.1137, green: 0.1059, blue: 0.1255, colorSpace: ColorSpace.sRGB) TextDecoration.none, softWrap: wrapping at box width, overflow: clip)
                                                                                                                                                                   │                                                           │       │                           └Semantics(container: false, properties: SemanticsProperties, renderObject: RenderSemanticsAnnotations#dbd14 relayoutBoundary=up25)
                                                                                                                                                                   │                                                           │       │                            └Column(direction: vertical, mainAxisAlignment: start, crossAxisAlignment: center, renderObject: RenderFlex#04e92 relayoutBoundary=up26)
                                                                                                                                                                   │                                                           │       │                             ├Container(padding: EdgeInsets.all(12.0), bg: Color(alpha: 1.0000, red: 0.9804, green: 0.9804, blue: 0.9804, colorSpace: ColorSpace.sRGB), constraints: BoxConstraints(w=Infinity, 0.0<=h<=Infinity))
                                                                                                                                                                   │                                                           │       │                             │└ConstrainedBox(BoxConstraints(w=Infinity, 0.0<=h<=Infinity), renderObject: RenderConstrainedBox#1d59e relayoutBoundary=up27)
                                                                                                                                                                   │                                                           │       │                             │ └ColoredBox(color: Color(alpha: 1.0000, red: 0.9804, green: 0.9804, blue: 0.9804, colorSpace: ColorSpace.sRGB), renderObject: _RenderColoredBox#caf6a relayoutBoundary=up28)
                                                                                                                                                                   │                                                           │       │                             │  └Padding(padding: EdgeInsets.all(12.0), dependencies: [Directionality], renderObject: RenderPadding#68ce5 relayoutBoundary=up29)
                                                                                                                                                                   │                                                           │       │                             │   └Text("【個人戦】 対戦スコア詳細", inherit: true, color: Color(alpha: 1.0000, red: 0.2588, green: 0.2588, blue: 0.2588, colorSpace: ColorSpace.sRGB), weight: 700, dependencies: [DefaultSelectionStyle, DefaultTextStyle, MediaQuery])
                                                                                                                                                                   │                                                           │       │                             │    └RichText(softWrap: wrapping at box width, maxLines: unlimited, text: "【個人戦】 対戦スコア詳細", dependencies: [Directionality, _LocalizationsScope-[GlobalKey#12c5f]], renderObject: RenderParagraph#069af relayoutBoundary=up30)
                                                                                                                                                                   │                                                           │       │                             └ListView(scrollDirection: vertical, NeverScrollableScrollPhysics, shrinkWrap: shrink-wrapping, dependencies: [InheritedCupertinoTheme, MediaQuery, ScrollConfiguration, _InheritedTheme, _LocalizationsScope-[GlobalKey#12c5f]])
                                                                                                                                                                   │                                                           │       │                              └Scrollable(axisDirection: down, physics: NeverScrollableScrollPhysics, restorationId: null, dependencies: [InheritedCupertinoTheme, MediaQuery, ScrollConfiguration, UnmanagedRestorationScope, _InheritedTheme, _LocalizationsScope-[GlobalKey#12c5f]], state: ScrollableState#df38b(position: ScrollPositionWithSingleContext#fa8dc(offset: 0.0, range: 0.0..0.0, viewport: 80.0, ScrollableState, NeverScrollableScrollPhysics -> ClampingScrollPhysics -> RangeMaintainingScrollPhysics, IdleScrollActivity#93260, ScrollDirection.idle), effective physics: NeverScrollableScrollPhysics -> ClampingScrollPhysics -> RangeMaintainingScrollPhysics))
                                                                                                                                                                   │                                                           │       │                               └StretchingOverscrollIndicator(axisDirection: down, state: _StretchingOverscrollIndicatorState#76374)
                                                                                                                                                                   │                                                           │       │                                └NotificationListener<ScrollNotification>
                                                                                                                                                                   │                                                           │       │                                 └AnimatedBuilder(listenable: _StretchController(), dependencies: [MediaQuery], state: _AnimatedState#91081)
                                                                                                                                                                   │                                                           │       │                                  └ClipRect(renderObject: RenderClipRect#37289 relayoutBoundary=up27)
                                                                                                                                                                   │                                                           │       │                                   └StretchEffect(dependencies: [Directionality])
                                                                                                                                                                   │                                                           │       │                                    └Transform(dependencies: [Directionality], renderObject: RenderTransform#717d2 relayoutBoundary=up28)
                                                                                                                                                                   │                                                           │       │                                     └NotificationListener<ScrollMetricsNotification>
                                                                                                                                                                   │                                                           │       │                                      └_ScrollSemantics-[GlobalKey#56bbd](renderObject: _RenderScrollSemantics#e271e relayoutBoundary=up29)
                                                                                                                                                                   │                                                           │       │                                       └_ScrollableScope
                                                                                                                                                                   │                                                           │       │                                        └Listener(listeners: [signal], behavior: deferToChild, renderObject: RenderPointerListener#a3a56 relayoutBoundary=up30)
                                                                                                                                                                   │                                                           │       │                                         └RawGestureDetector-[LabeledGlobalKey<RawGestureDetectorState>#74353](state: RawGestureDetectorState#e4999(gestures: <none>, behavior: opaque))
                                                                                                                                                                   │                                                           │       │                                          └_GestureSemantics(renderObject: RenderSemanticsGestureHandler#74c15 relayoutBoundary=up31)
                                                                                                                                                                   │                                                           │       │                                           └Listener(listeners: [down, panZoomStart], behavior: opaque, renderObject: RenderPointerListener#6f93f relayoutBoundary=up32)
                                                                                                                                                                   │                                                           │       │                                            └Semantics(container: false, properties: SemanticsProperties, renderObject: RenderSemanticsAnnotations#c4ba3 relayoutBoundary=up33)
                                                                                                                                                                   │                                                           │       │                                             └IgnorePointer-[GlobalKey#79547](ignoring: false, renderObject: RenderIgnorePointer#55f1b relayoutBoundary=up34)
                                                                                                                                                                   │                                                           │       │                                              └ShrinkWrappingViewport(axisDirection: down, offset: ScrollPositionWithSingleContext#fa8dc(offset: 0.0, range: 0.0..0.0, viewport: 80.0, ScrollableState, NeverScrollableScrollPhysics -> ClampingScrollPhysics -> RangeMaintainingScrollPhysics, IdleScrollActivity#93260, ScrollDirection.idle), dependencies: [Directionality], renderObject: RenderShrinkWrappingViewport#74c81 relayoutBoundary=up35)
                                                                                                                                                                   │                                                           │       │                                               └SliverPadding(padding: EdgeInsets.zero, dependencies: [Directionality], renderObject: RenderSliverPadding#e220a relayoutBoundary=up36)
                                                                                                                                                                   │                                                           │       │                                                └MediaQuery(MediaQueryData(size: Size(1080.0, 4000.0), devicePixelRatio: 1.0, textScaler: SystemTextScaler (no scaling), platformBrightness: Brightness.light, padding: EdgeInsets.zero, viewPadding: EdgeInsets.zero, viewInsets: EdgeInsets.zero, systemGestureInsets: EdgeInsets.zero, alwaysUse24HourFormat: false, accessibleNavigation: false, highContrast: false, onOffSwitchLabels: false, disableAnimations: false, invertColors: false, boldText: false, navigationMode: traditional, gestureSettings: DeviceGestureSettings(touchSlop: null), displayFeatures: [], supportsShowingSystemContextMenu: false, lineHeightScaleFactorOverride: null, letterSpacingOverride: null, wordSpacingOverride: null, paragraphSpacingOverride: null))
                                                                                                                                                                   │                                                           │       │                                                 └SliverList(delegate: SliverChildBuilderDelegate#49d2d(estimated child count: 1), renderObject: RenderSliverList#8de3c relayoutBoundary=up37)
                                                                                                                                                                   │                                                           │       │                                                  └KeyedSubtree
                                                                                                                                                                   │                                                           │       │                                                   └AutomaticKeepAlive(state: _AutomaticKeepAliveState#3db0c(handles: no notifications ever received))
                                                                                                                                                                   │                                                           │       │                                                    └KeepAlive(keepAlive: false)
                                                                                                                                                                   │                                                           │       │                                                     └NotificationListener<KeepAliveNotification>
                                                                                                                                                                   │                                                           │       │                                                      └_SelectionKeepAlive(state: _SelectionKeepAliveState#af61b)
                                                                                                                                                                   │                                                           │       │                                                       └IndexedSemantics(index: 0, renderObject: RenderIndexedSemantics#2fd35 relayoutBoundary=up38)
                                                                                                                                                                   │                                                           │       │                                                        └RepaintBoundary(renderObject: RenderRepaintBoundary#6f0df relayoutBoundary=up39)
                                                                                                                                                                   │                                                           │       │                                                         └Container(bg: Color(alpha: 0.0500, red: 0.6196, green: 0.6196, blue: 0.6196, colorSpace: ColorSpace.sRGB))
                                                                                                                                                                   │                                                           │       │                                                          └ColoredBox(color: Color(alpha: 0.0500, red: 0.6196, green: 0.6196, blue: 0.6196, colorSpace: ColorSpace.sRGB), renderObject: _RenderColoredBox#32058 relayoutBoundary=up40)
                                                                                                                                                                   │                                                           │       │                                                           └Stack(alignment: Alignment.center, fit: loose, dependencies: [Directionality], renderObject: RenderStack#90413 relayoutBoundary=up41)
                                                                                                                                                                   │                                                           │       │                                                            ├Opacity(opacity: 0.2, renderObject: RenderOpacity#2c6bb relayoutBoundary=up42)
                                                                                                                                                                   │                                                           │       │                                                            │└Padding(padding: EdgeInsets.all(12.0), dependencies: [Directionality], renderObject: RenderPadding#66f44 relayoutBoundary=up43)
                                                                                                                                                                   │                                                           │       │                                                            │ └Row(direction: horizontal, mainAxisAlignment: start, crossAxisAlignment: center, dependencies: [Directionality], renderObject: RenderFlex#ed0b3 relayoutBoundary=up44)
                                                                                                                                                                   │                                                           │       │                                                            │  ├SizedBox(width: 55.0, renderObject: RenderConstrainedBox#8dfdb relayoutBoundary=up45)
                                                                                                                                                                   │                                                           │       │                                                            │  │└Text("[リーグ戦] [SUMMARY]", inherit: true, color: Color(alpha: 1.0000, red: 0.6196, green: 0.6196, blue: 0.6196, colorSpace: ColorSpace.sRGB), size: 10.0, weight: 700, textAlign: center, dependencies: [DefaultSelectionStyle, DefaultTextStyle, MediaQuery])
                                                                                                                                                                   │                                                           │       │                                                            │  │ └RichText(textAlign: center, softWrap: wrapping at box width, maxLines: unlimited, text: "[リーグ戦] [SUMMARY]", dependencies: [Directionality, _LocalizationsScope-[GlobalKey#12c5f]], renderObject: RenderParagraph#d014c relayoutBoundary=up46)
                                                                                                                                                                   │                                                           │       │                                                            │  ├Expanded(flex: 1)
                                                                                                                                                                   │                                                           │       │                                                            │  │└Column(direction: vertical, mainAxisAlignment: start, crossAxisAlignment: end, dependencies: [Directionality], renderObject: RenderFlex#11a97 relayoutBoundary=up45)
                                                                                                                                                                   │                                                           │       │                                                            │  │ ├Text("青龍道場", inherit: true, color: Color(alpha: 1.0000, red: 0.6196, green: 0.6196, blue: 0.6196, colorSpace: ColorSpace.sRGB), size: 9.0, overflow: ellipsis, dependencies: [DefaultSelectionStyle, DefaultTextStyle, MediaQuery])
                                                                                                                                                                   │                                                           │       │                                                            │  │ │└RichText(softWrap: wrapping at box width, overflow: ellipsis, maxLines: unlimited, text: "青龍道場", dependencies: [Directionality, _LocalizationsScope-[GlobalKey#12c5f]], renderObject: RenderParagraph#2dd72 relayoutBoundary=up46)
                                                                                                                                                                   │                                                           │       │                                                            │  │ └Text("山田", inherit: true, color: Color(alpha: 1.0000, red: 0.8275, green: 0.1843, blue: 0.1843, colorSpace: ColorSpace.sRGB), weight: 900, overflow: ellipsis, dependencies: [DefaultSelectionStyle, DefaultTextStyle, MediaQuery])
                                                                                                                                                                   │                                                           │       │                                                            │  │  └RichText(softWrap: wrapping at box width, overflow: ellipsis, maxLines: unlimited, text: "山田", dependencies: [Directionality, _LocalizationsScope-[GlobalKey#12c5f]], renderObject: RenderParagraph#825cc relayoutBoundary=up46)
                                                                                                                                                                   │                                                           │       │                                                            │  ├SizedBox(width: 12.0, renderObject: RenderConstrainedBox#16e6e relayoutBoundary=up45)
                                                                                                                                                                   │                                                           │       │                                                            │  ├SizedBox(width: 36.0, height: 36.0, renderObject: RenderConstrainedBox#79cfa relayoutBoundary=up45)
                                                                                                                                                                   │                                                           │       │                                                            │  │└Stack(alignment: Alignment.center, fit: loose, dependencies: [Directionality], renderObject: RenderStack#6ccc7)
                                                                                                                                                                   │                                                           │       │                                                            │  │ └Container(bg: BoxDecoration(border: Border.all(BorderSide(color: Color(alpha: 0.4000, red: 0.8275, green: 0.1843, blue: 0.1843, colorSpace: ColorSpace.sRGB), width: 1.5)), shape: circle), constraints: BoxConstraints(w=32.0, h=32.0))
                                                                                                                                                                   │                                                           │       │                                                            │  │  └ConstrainedBox(BoxConstraints(w=32.0, h=32.0), renderObject: RenderConstrainedBox#59a93 relayoutBoundary=up1)
                                                                                                                                                                   │                                                           │       │                                                            │  │   └DecoratedBox(bg: BoxDecoration(border: Border.all(BorderSide(color: Color(alpha: 0.4000, red: 0.8275, green: 0.1843, blue: 0.1843, colorSpace: ColorSpace.sRGB), width: 1.5)), shape: circle), dependencies: [Directionality, MediaQuery, _LocalizationsScope-[GlobalKey#12c5f]], renderObject: RenderDecoratedBox#47504)
                                                                                                                                                                   │                                                           │       │                                                            │  │    └Padding(padding: EdgeInsets.all(1.5), dependencies: [Directionality], renderObject: RenderPadding#7534f)
                                                                                                                                                                   │                                                           │       │                                                            │  ├Padding(padding: EdgeInsets(8.0, 0.0, 8.0, 0.0), dependencies: [Directionality], renderObject: RenderPadding#d2d11 relayoutBoundary=up45)
                                                                                                                                                                   │                                                           │       │                                                            │  │└Text("-", inherit: true, color: Color(alpha: 1.0000, red: 0.7412, green: 0.7412, blue: 0.7412, colorSpace: ColorSpace.sRGB), size: 16.0, weight: 300, dependencies: [DefaultSelectionStyle, DefaultTextStyle, MediaQuery])
                                                                                                                                                                   │                                                           │       │                                                            │  │ └RichText(softWrap: wrapping at box width, maxLines: unlimited, text: "-", dependencies: [Directionality, _LocalizationsScope-[GlobalKey#12c5f]], renderObject: RenderParagraph#dc433 relayoutBoundary=up46)
                                                                                                                                                                   │                                                           │       │                                                            │  ├SizedBox(width: 36.0, height: 36.0, renderObject: RenderConstrainedBox#4d2f8 relayoutBoundary=up45)
                                                                                                                                                                   │                                                           │       │                                                            │  │└Stack(alignment: Alignment.center, fit: loose, dependencies: [Directionality], renderObject: RenderStack#03030)
                                                                                                                                                                   │                                                           │       │                                                            │  ├SizedBox(width: 12.0, renderObject: RenderConstrainedBox#fea3c relayoutBoundary=up45)
                                                                                                                                                                   │                                                           │       │                                                            │  └Expanded(flex: 1)
                                                                                                                                                                   │                                                           │       │                                                            │   └Column(direction: vertical, mainAxisAlignment: start, crossAxisAlignment: start, dependencies: [Directionality], renderObject: RenderFlex#2fc1e relayoutBoundary=up45)
                                                                                                                                                                   │                                                           │       │                                                            │    ├Text("朱雀会", inherit: true, color: Color(alpha: 1.0000, red: 0.6196, green: 0.6196, blue: 0.6196, colorSpace: ColorSpace.sRGB), size: 9.0, overflow: ellipsis, dependencies: [DefaultSelectionStyle, DefaultTextStyle, MediaQuery])
                                                                                                                                                                   │                                                           │       │                                                            │    │└RichText(softWrap: wrapping at box width, overflow: ellipsis, maxLines: unlimited, text: "朱雀会", dependencies: [Directionality, _LocalizationsScope-[GlobalKey#12c5f]], renderObject: RenderParagraph#b4518 relayoutBoundary=up46)
                                                                                                                                                                   │                                                           │       │                                                            │    └Text("佐藤", inherit: true, color: Color(alpha: 0.8667, red: 0.0000, green: 0.0000, blue: 0.0000, colorSpace: ColorSpace.sRGB), weight: 700, overflow: ellipsis, dependencies: [DefaultSelectionStyle, DefaultTextStyle, MediaQuery])
                                                                                                                                                                   │                                                           │       │                                                            │     └RichText(softWrap: wrapping at box width, overflow: ellipsis, maxLines: unlimited, text: "佐藤", dependencies: [Directionality, _LocalizationsScope-[GlobalKey#12c5f]], renderObject: RenderParagraph#becfe relayoutBoundary=up46)
                                                                                                                                                                   │                                                           │       │                                                            └Container(padding: EdgeInsets(12.0, 6.0, 12.0, 6.0), bg:
                                                                                                                                                                   │                                                           │       │                                                             │  BoxDecoration(color: Color(alpha: 1.0000, red: 1.0000, green: 1.0000, blue: 1.0000, colorSpace: ColorSpace.sRGB), border: Border.all(BorderSide(color: Color(alpha: 1.0000, red: 0.7412, green: 0.7412, blue: 0.7412, colorSpace: ColorSpace.sRGB), width: 0.5)), borderRadius: BorderRadius.circular(8.0),
                                                                                                                                                                   │                                                           │       │                                                             │    boxShadow: [BoxShadow(Color(alpha: 0.1000, red: 0.0000, green:
                                                                                                                                                                   │                                                           │       │                                                             │      0.0000, blue: 0.0000, colorSpace: ColorSpace.sRGB), Offset(0.0,
                                                                                                                                                                   │                                                           │       │                                                             │      0.0), 4.0, 0.0, BlurStyle.normal)]
                                                                                                                                                                   │                                                           │       │                                                             │    )
                                                                                                                                                                   │                                                           │       │                                                             │)
                                                                                                                                                                   │                                                           │       │                                                             └DecoratedBox(bg:
                                                                                                                                                                   │                                                           │       │                                                              │  BoxDecoration(color: Color(alpha: 1.0000, red: 1.0000, green: 1.0000, blue: 1.0000, colorSpace: ColorSpace.sRGB), border: Border.all(BorderSide(color: Color(alpha: 1.0000, red: 0.7412, green: 0.7412, blue: 0.7412, colorSpace: ColorSpace.sRGB), width: 0.5)), borderRadius: BorderRadius.circular(8.0),
                                                                                                                                                                   │                                                           │       │                                                              │    boxShadow: [BoxShadow(Color(alpha: 0.1000, red: 0.0000, green:
                                                                                                                                                                   │                                                           │       │                                                              │      0.0000, blue: 0.0000, colorSpace: ColorSpace.sRGB), Offset(0.0,
                                                                                                                                                                   │                                                           │       │                                                              │      0.0), 4.0, 0.0, BlurStyle.normal)]
                                                                                                                                                                   │                                                           │       │                                                              │    )
                                                                                                                                                                   │                                                           │       │                                                              │, dependencies: [Directionality, MediaQuery, _LocalizationsScope-[GlobalKey#12c5f]], renderObject: RenderDecoratedBox#4e9db relayoutBoundary=up42)
                                                                                                                                                                   │                                                           │       │                                                              └Padding(padding: EdgeInsets(12.5, 6.5, 12.5, 6.5), dependencies: [Directionality], renderObject: RenderPadding#91568 relayoutBoundary=up43)
                                                                                                                                                                   │                                                           │       │                                                               └Text("※簡易入力された結果です\n（詳細スコアはありません）", inherit: true, color: Color(alpha: 1.0000, red: 0.3804, green: 0.3804, blue: 0.3804, colorSpace: ColorSpace.sRGB), size: 11.0, weight: 700, textAlign: center, dependencies: [DefaultSelectionStyle, DefaultTextStyle, MediaQuery])
                                                                                                                                                                   │                                                           │       │                                                                └RichText(textAlign: center, softWrap: wrapping at box width, maxLines: unlimited, text: "※簡易入力された結果です\n（詳細スコアはありません）", dependencies: [Directionality, _LocalizationsScope-[GlobalKey#12c5f]], renderObject: RenderParagraph#6ee83 relayoutBoundary=up44)
                                                                                                                                                                   │                                                           │       └SizedBox(height: 48.0, renderObject: RenderConstrainedBox#87a85 relayoutBoundary=up15)
                                                                                                                                                                   │                                                           └KeyedSubtree-[Key <[<'viewer_match_card_勝ち抜き戦A'>]>]
                                                                                                                                                                   │                                                            └AutomaticKeepAlive(state: _AutomaticKeepAliveState#fb7f5(handles: no notifications ever received))
                                                                                                                                                                   │                                                             └KeepAlive(keepAlive: false)
                                                                                                                                                                   │                                                              └NotificationListener<KeepAliveNotification>
                                                                                                                                                                   │                                                               └_SelectionKeepAlive(state: _SelectionKeepAliveState#ebb8b)
                                                                                                                                                                   │                                                                └IndexedSemantics(index: 3, renderObject: RenderIndexedSemantics#e191b relayoutBoundary=up12)
                                                                                                                                                                   │                                                                 └RepaintBoundary(renderObject: RenderRepaintBoundary#c20a6 relayoutBoundary=up13)
                                                                                                                                                                   │                                                                  └InkWell-[<'viewer_match_card_勝ち抜き戦A'>]
                                                                                                                                                                   │                                                                   └_InkResponseStateWidget(gestures: [tap], mouseCursor: null, clipped to BoxShape.rectangle, dependencies: [InheritedCupertinoTheme, MediaQuery, _InheritedTheme, _LocalizationsScope-[GlobalKey#12c5f]], state: _InkResponseState#66ce9)
                                                                                                                                                                   │                                                                    └_ParentInkResponseProvider
                                                                                                                                                                   │                                                                     └Actions(dispatcher: null, actions: {ActivateIntent: CallbackAction<ActivateIntent>#da02e, ButtonActivateIntent: CallbackAction<ButtonActivateIntent>#36c46}, state: _ActionsState#db694)
                                                                                                                                                                   │                                                                      └_ActionsScope
                                                                                                                                                                   │                                                                       └Focus(dependencies: [_FocusInheritedScope], state: _FocusState#44791)
                                                                                                                                                                   │                                                                        └_FocusInheritedScope
                                                                                                                                                                   │                                                                         └Semantics(container: false, properties: SemanticsProperties, renderObject: RenderSemanticsAnnotations#d424e relayoutBoundary=up14)
                                                                                                                                                                   │                                                                          └MouseRegion(listeners: [enter, exit], cursor: SystemMouseCursor(basic), renderObject: RenderMouseRegion#2c0d9 relayoutBoundary=up15)
                                                                                                                                                                   │                                                                           └Builder(dependencies: [DefaultSelectionStyle])
                                                                                                                                                                   │                                                                            └DefaultSelectionStyle
                                                                                                                                                                   │                                                                             └Semantics(container: false, properties: SemanticsProperties, renderObject: RenderSemanticsAnnotations#7fbc8 relayoutBoundary=up16)
                                                                                                                                                                   │                                                                              └GestureDetector(startBehavior: start, dependencies: [MediaQuery, ScrollConfiguration])
                                                                                                                                                                   │                                                                               └RawGestureDetector(state: RawGestureDetectorState#9579c(gestures: [tap], excludeFromSemantics: true, behavior: opaque))
                                                                                                                                                                   │                                                                                └Listener(listeners: [down, panZoomStart], behavior: opaque, renderObject: RenderPointerListener#0e6ed relayoutBoundary=up17)
                                                                                                                                                                   │                                                                                 └Card(dependencies: [InheritedCupertinoTheme, _InheritedTheme, _LocalizationsScope-[GlobalKey#12c5f]])
                                                                                                                                                                   │                                                                                  └Semantics(container: true, properties: SemanticsProperties, renderObject: RenderSemanticsAnnotations#90f5f relayoutBoundary=up18)
                                                                                                                                                                   │                                                                                   └Padding(padding: EdgeInsets(4.0, 8.0, 4.0, 8.0), dependencies: [Directionality], renderObject: RenderPadding#99afa relayoutBoundary=up19)
                                                                                                                                                                   │                                                                                    └Material(type: card, color: Color(alpha: 1.0000, red: 0.9686, green: 0.9490, blue: 0.9804, colorSpace: ColorSpace.sRGB), shadowColor: Color(alpha: 1.0000, red: 0.0000, green: 0.0000, blue: 0.0000, colorSpace: ColorSpace.sRGB), surfaceTintColor: Color(alpha: 0.0000, red: 0.0000, green: 0.0000, blue: 0.0000, colorSpace: ColorSpace.sRGB), shape: RoundedRectangleBorder(BorderSide(color: Color(alpha: 1.0000, red: 0.8784, green: 0.8784, blue: 0.8784, colorSpace: ColorSpace.sRGB)), BorderRadius.circular(12.0)), dependencies: [InheritedCupertinoTheme, _InheritedTheme, _LocalizationsScope-[GlobalKey#12c5f]], state: _MaterialState#36fbf)
                                                                                                                                                                   │                                                                                     └_MaterialInterior(duration: 200ms, shape: RoundedRectangleBorder(BorderSide(color: Color(alpha: 1.0000, red: 0.8784, green: 0.8784, blue: 0.8784, colorSpace: ColorSpace.sRGB)), BorderRadius.circular(12.0)), elevation: 0.0, color: Color(alpha: 1.0000, red: 0.9686, green: 0.9490, blue: 0.9804, colorSpace: ColorSpace.sRGB), shadowColor: Color(alpha: 1.0000, red: 0.0000, green: 0.0000, blue: 0.0000, colorSpace: ColorSpace.sRGB), dependencies: [Directionality, InheritedCupertinoTheme, _InheritedTheme, _LocalizationsScope-[GlobalKey#12c5f]], state: _MaterialInteriorState#a26f9(ticker inactive))
                                                                                                                                                                   │                                                                                      └PhysicalShape(clipper: ShapeBorderClipper, elevation: 0.0, color: Color(alpha: 1.0000, red: 0.9686, green: 0.9490, blue: 0.9804, colorSpace: ColorSpace.sRGB), shadowColor: Color(alpha: 1.0000, red: 0.0000, green: 0.0000, blue: 0.0000, colorSpace: ColorSpace.sRGB), renderObject: RenderPhysicalShape#074d3 relayoutBoundary=up20)
                                                                                                                                                                   │                                                                                       └_ShapeBorderPaint(dependencies: [Directionality])
                                                                                                                                                                   │                                                                                        └CustomPaint(renderObject: RenderCustomPaint#84c47 relayoutBoundary=up21)
                                                                                                                                                                   │                                                                                         └NotificationListener<LayoutChangedNotification>
                                                                                                                                                                   │                                                                                          └_InkFeatures-[GlobalKey#81b2e ink renderer](renderObject: _RenderInkFeatures#2cb87 relayoutBoundary=up22)
                                                                                                                                                                   │                                                                                           └AnimatedDefaultTextStyle(duration: 200ms, debugLabel: (englishLike bodyMedium 2021).merge((blackMountainView bodyMedium).apply), inherit: false, color: Color(alpha: 1.0000, red: 0.1137, green: 0.1059, blue: 0.1255, colorSpace: ColorSpace.sRGB), family: Roboto, size: 14.0, weight: 400, letterSpacing: 0.3, baseline: alphabetic, height: 1.4x, leadingDistribution: even, decoration: Color(alpha: 1.0000, red: 0.1137, green: 0.1059, blue: 0.1255, colorSpace: ColorSpace.sRGB) TextDecoration.none, softWrap: wrapping at box width, overflow: clip, state: _AnimatedDefaultTextStyleState#b55ee(ticker inactive))
                                                                                                                                                                   │                                                                                            └DefaultTextStyle(debugLabel: (englishLike bodyMedium 2021).merge((blackMountainView bodyMedium).apply), inherit: false, color: Color(alpha: 1.0000, red: 0.1137, green: 0.1059, blue: 0.1255, colorSpace: ColorSpace.sRGB), family: Roboto, size: 14.0, weight: 400, letterSpacing: 0.3, baseline: alphabetic, height: 1.4x, leadingDistribution: even, decoration: Color(alpha: 1.0000, red: 0.1137, green: 0.1059, blue: 0.1255, colorSpace: ColorSpace.sRGB) TextDecoration.none, softWrap: wrapping at box width, overflow: clip)
                                                                                                                                                                   │                                                                                             └Semantics(container: false, properties: SemanticsProperties, renderObject: RenderSemanticsAnnotations#152cb relayoutBoundary=up23)
                                                                                                                                                                   │                                                                                              └Column(direction: vertical, mainAxisAlignment: start, crossAxisAlignment: start, dependencies: [Directionality], renderObject: RenderFlex#8f24a relayoutBoundary=up24)
                                                                                                                                                                   │                                                                                               ├Container(padding: EdgeInsets.all(12.0), bg: Color(alpha: 1.0000, red: 0.9098, green: 0.9176, blue: 0.9647, colorSpace: ColorSpace.sRGB), constraints: BoxConstraints(w=Infinity, 0.0<=h<=Infinity))
                                                                                                                                                                   │                                                                                               │└ConstrainedBox(BoxConstraints(w=Infinity, 0.0<=h<=Infinity), renderObject: RenderConstrainedBox#e0f52 relayoutBoundary=up25)
                                                                                                                                                                   │                                                                                               │ └ColoredBox(color: Color(alpha: 1.0000, red: 0.9098, green: 0.9176, blue: 0.9647, colorSpace: ColorSpace.sRGB), renderObject: _RenderColoredBox#67d88 relayoutBoundary=up26)
                                                                                                                                                                   │                                                                                               │  └Padding(padding: EdgeInsets.all(12.0), dependencies: [Directionality], renderObject: RenderPadding#1672a relayoutBoundary=up27)
                                                                                                                                                                   │                                                                                               │   └Text("【勝ち抜き戦】 青龍道場 vs 玄武館", inherit: true, color: Color(alpha: 1.0000, red: 0.1020, green: 0.1373, blue: 0.4941, colorSpace: ColorSpace.sRGB), weight: 700, dependencies: [DefaultSelectionStyle, DefaultTextStyle, MediaQuery])
                                                                                                                                                                   │                                                                                               │    └RichText(softWrap: wrapping at box width, maxLines: unlimited, text: "【勝ち抜き戦】 青龍道場 vs 玄武館", dependencies: [Directionality, _LocalizationsScope-[GlobalKey#12c5f]], renderObject: RenderParagraph#bd858 relayoutBoundary=up28)
                                                                                                                                                                   │                                                                                               └SingleChildScrollView(dependencies: [Directionality, InheritedCupertinoTheme, ScrollConfiguration, _InheritedTheme, _LocalizationsScope-[GlobalKey#12c5f]])
                                                                                                                                                                   │                                                                                                └Scrollable(axisDirection: right, physics: null, restorationId: null, dependencies: [InheritedCupertinoTheme, MediaQuery, ScrollConfiguration, UnmanagedRestorationScope, _InheritedTheme, _LocalizationsScope-[GlobalKey#12c5f]], state: ScrollableState#e43f3(position: ScrollPositionWithSingleContext#77612(offset: 0.0, range: 0.0..24.0, viewport: 1056.0, ScrollableState, ClampingScrollPhysics -> RangeMaintainingScrollPhysics, IdleScrollActivity#301f6, ScrollDirection.idle), effective physics: ClampingScrollPhysics -> RangeMaintainingScrollPhysics))
                                                                                                                                                                   │                                                                                                 └StretchingOverscrollIndicator(axisDirection: right, state: _StretchingOverscrollIndicatorState#00a27)
                                                                                                                                                                   │                                                                                                  └NotificationListener<ScrollNotification>
                                                                                                                                                                   │                                                                                                   └AnimatedBuilder(listenable: _StretchController(), dependencies: [MediaQuery], state: _AnimatedState#9638c)
                                                                                                                                                                   │                                                                                                    └ClipRect(renderObject: RenderClipRect#7e37d relayoutBoundary=up25)
                                                                                                                                                                   │                                                                                                     └StretchEffect(dependencies: [Directionality])
                                                                                                                                                                   │                                                                                                      └Transform(dependencies: [Directionality], renderObject: RenderTransform#20551 relayoutBoundary=up26)
                                                                                                                                                                   │                                                                                                       └NotificationListener<ScrollMetricsNotification>
                                                                                                                                                                   │                                                                                                        └_ScrollSemantics-[GlobalKey#7441a](renderObject: _RenderScrollSemantics#b4f9f relayoutBoundary=up27)
                                                                                                                                                                   │                                                                                                         └_ScrollableScope
                                                                                                                                                                   │                                                                                                          └Listener(listeners: [signal], behavior: deferToChild, renderObject: RenderPointerListener#1db74 relayoutBoundary=up28)
                                                                                                                                                                   │                                                                                                           └RawGestureDetector-[LabeledGlobalKey<RawGestureDetectorState>#aefde](state: RawGestureDetectorState#2f2d3(gestures: [horizontal drag], behavior: opaque))
                                                                                                                                                                   │                                                                                                            └_GestureSemantics(renderObject: RenderSemanticsGestureHandler#47121 relayoutBoundary=up29)
                                                                                                                                                                   │                                                                                                             └Listener(listeners: [down, panZoomStart], behavior: opaque, renderObject: RenderPointerListener#6c4e6 relayoutBoundary=up30)
                                                                                                                                                                   │                                                                                                              └Semantics(container: false, properties: SemanticsProperties, renderObject: RenderSemanticsAnnotations#ad01a relayoutBoundary=up31)
                                                                                                                                                                   │                                                                                                               └IgnorePointer-[GlobalKey#122d0](ignoring: false, renderObject: RenderIgnorePointer#ba976 relayoutBoundary=up32)
                                                                                                                                                                   │                                                                                                                └_SingleChildViewport(renderObject: _RenderSingleChildViewport#e7031 relayoutBoundary=up33)
                                                                                                                                                                   │                                                                                                                 └Container(padding: EdgeInsets.all(16.0), bg: Color(alpha: 1.0000, red: 1.0000, green: 1.0000, blue: 1.0000, colorSpace: ColorSpace.sRGB), constraints: BoxConstraints(w=1080.0, h=520.0))
                                                                                                                                                                   │                                                                                                                  └ConstrainedBox(BoxConstraints(w=1080.0, h=520.0), renderObject: RenderConstrainedBox#cdc73 relayoutBoundary=up34)
                                                                                                                                                                   │                                                                                                                   └ColoredBox(color: Color(alpha: 1.0000, red: 1.0000, green: 1.0000, blue: 1.0000, colorSpace: ColorSpace.sRGB), renderObject: _RenderColoredBox#4cc26)
                                                                                                                                                                   │                                                                                                                    └Padding(padding: EdgeInsets.all(16.0), dependencies: [Directionality], renderObject: RenderPadding#07a20)
                                                                                                                                                                   │                                                                                                                     └Center(alignment: Alignment.center, dependencies: [Directionality], renderObject: RenderPositionedBox#2437c)
                                                                                                                                                                   │                                                                                                                      └Text("※ 勝ち抜き戦のトーナメント表は公式記録出力画面ではサポートされていません。\n各試合のスコアボードからご確認ください", inherit: true, color: MaterialColor(primary value: Color(alpha: 1.0000, red: 0.6196, green: 0.6196, blue: 0.6196, colorSpace: ColorSpace.sRGB)), textAlign: center, dependencies: [DefaultSelectionStyle, DefaultTextStyle, MediaQuery])
                                                                                                                                                                   │                                                                                                                       └RichText(textAlign: center, softWrap: wrapping at box width, maxLines: unlimited, text: "※ 勝ち抜き戦のトーナメント表は公式記録出力画面ではサポートされていません。\n各試合のスコアボードからご確認ください", dependencies: [Directionality, _LocalizationsScope-[GlobalKey#12c5f]], renderObject: RenderParagraph#09368 relayoutBoundary=up1)
                                                                                                                                                                   ├LayoutId-[<_ScaffoldSlot.appBar>](id: _ScaffoldSlot.appBar)
                                                                                                                                                                   │└MediaQuery(MediaQueryData(size: Size(1080.0, 4000.0), devicePixelRatio: 1.0, textScaler: SystemTextScaler (no scaling), platformBrightness: Brightness.light, padding: EdgeInsets.zero, viewPadding: EdgeInsets.zero, viewInsets: EdgeInsets.zero, systemGestureInsets: EdgeInsets.zero, alwaysUse24HourFormat: false, accessibleNavigation: false, highContrast: false, onOffSwitchLabels: false, disableAnimations: false, invertColors: false, boldText: false, navigationMode: traditional, gestureSettings: DeviceGestureSettings(touchSlop: null), displayFeatures: [], supportsShowingSystemContextMenu: false, lineHeightScaleFactorOverride: null, letterSpacingOverride: null, wordSpacingOverride: null, paragraphSpacingOverride: null))
                                                                                                                                                                   │ └ConstrainedBox(BoxConstraints(0.0<=w<=Infinity, 0.0<=h<=104.0), renderObject: RenderConstrainedBox#a1283 relayoutBoundary=up1)
                                                                                                                                                                   │  └FlexibleSpaceBarSettings
                                                                                                                                                                   │   └AppBar(dependencies: [FlexibleSpaceBarSettings, InheritedCupertinoTheme, _InheritedTheme, _LocalizationsScope-[GlobalKey#12c5f], _ModalScopeStatus, _ScrollNotificationObserverScope], state: _AppBarState#797b6)
                                                                                                                                                                   │    └Semantics(container: true, properties: SemanticsProperties, renderObject: RenderSemanticsAnnotations#6ad4b relayoutBoundary=up2)
                                                                                                                                                                   │     └AnnotatedRegion<SystemUiOverlayStyle>(renderObject: RenderAnnotatedRegion<SystemUiOverlayStyle>#db9d1 relayoutBoundary=up3)
                                                                                                                                                                   │      └Material(type: canvas, color: Color(alpha: 1.0000, red: 1.0000, green: 1.0000, blue: 1.0000, colorSpace: ColorSpace.sRGB), shadowColor: Color(alpha: 0.0000, red: 0.0000, green: 0.0000, blue: 0.0000, colorSpace: ColorSpace.sRGB), surfaceTintColor: Color(alpha: 1.0000, red: 0.4039, green: 0.3137, blue: 0.6431, colorSpace: ColorSpace.sRGB), dependencies: [InheritedCupertinoTheme, _InheritedTheme, _LocalizationsScope-[GlobalKey#12c5f]], state: _MaterialState#5db4b)
                                                                                                                                                                   │       └AnimatedPhysicalModel(duration: 200ms, shape: rectangle, borderRadius: null, elevation: 0.0, color: Color(alpha: 1.0000, red: 1.0000, green: 1.0000, blue: 1.0000, colorSpace: ColorSpace.sRGB), animateColor: false, shadowColor: Color(alpha: 0.0000, red: 0.0000, green: 0.0000, blue: 0.0000, colorSpace: ColorSpace.sRGB), animateShadowColor: true, state: _AnimatedPhysicalModelState#d44f6(ticker inactive))
                                                                                                                                                                   │        └PhysicalModel(shape: rectangle, borderRadius: BorderRadius.zero, elevation: 0.0, color: Color(alpha: 1.0000, red: 1.0000, green: 1.0000, blue: 1.0000, colorSpace: ColorSpace.sRGB), shadowColor: Color(alpha: 0.0000, red: 0.0000, green: 0.0000, blue: 0.0000, colorSpace: ColorSpace.sRGB), renderObject: RenderPhysicalModel#8a2a5 relayoutBoundary=up4)
                                                                                                                                                                   │         └NotificationListener<LayoutChangedNotification>
                                                                                                                                                                   │          └_InkFeatures-[GlobalKey#22fe3 ink renderer](renderObject: _RenderInkFeatures#6eb5e relayoutBoundary=up5)
                                                                                                                                                                   │           └AnimatedDefaultTextStyle(duration: 200ms, debugLabel: (englishLike bodyMedium 2021).merge((blackMountainView bodyMedium).apply), inherit: false, color: Color(alpha: 1.0000, red: 0.1137, green: 0.1059, blue: 0.1255, colorSpace: ColorSpace.sRGB), family: Roboto, size: 14.0, weight: 400, letterSpacing: 0.3, baseline: alphabetic, height: 1.4x, leadingDistribution: even, decoration: Color(alpha: 1.0000, red: 0.1137, green: 0.1059, blue: 0.1255, colorSpace: ColorSpace.sRGB) TextDecoration.none, softWrap: wrapping at box width, overflow: clip, state: _AnimatedDefaultTextStyleState#59739(ticker inactive))
                                                                                                                                                                   │            └DefaultTextStyle(debugLabel: (englishLike bodyMedium 2021).merge((blackMountainView bodyMedium).apply), inherit: false, color: Color(alpha: 1.0000, red: 0.1137, green: 0.1059, blue: 0.1255, colorSpace: ColorSpace.sRGB), family: Roboto, size: 14.0, weight: 400, letterSpacing: 0.3, baseline: alphabetic, height: 1.4x, leadingDistribution: even, decoration: Color(alpha: 1.0000, red: 0.1137, green: 0.1059, blue: 0.1255, colorSpace: ColorSpace.sRGB) TextDecoration.none, softWrap: wrapping at box width, overflow: clip)
                                                                                                                                                                   │             └Semantics(container: false, properties: SemanticsProperties, renderObject: RenderSemanticsAnnotations#7dc41 relayoutBoundary=up6)
                                                                                                                                                                   │              └Align(alignment: Alignment.topCenter, dependencies: [Directionality], renderObject: RenderPositionedBox#f9719 relayoutBoundary=up7)
                                                                                                                                                                   │               └SafeArea(avoid left padding, avoid top padding, avoid right padding, dependencies: [MediaQuery])
                                                                                                                                                                   │                └Padding(padding: EdgeInsets.zero, dependencies: [Directionality], renderObject: RenderPadding#25982 relayoutBoundary=up8)
                                                                                                                                                                   │                 └MediaQuery(MediaQueryData(size: Size(1080.0, 4000.0), devicePixelRatio: 1.0, textScaler: SystemTextScaler (no scaling), platformBrightness: Brightness.light, padding: EdgeInsets.zero, viewPadding: EdgeInsets.zero, viewInsets: EdgeInsets.zero, systemGestureInsets: EdgeInsets.zero, alwaysUse24HourFormat: false, accessibleNavigation: false, highContrast: false, onOffSwitchLabels: false, disableAnimations: false, invertColors: false, boldText: false, navigationMode: traditional, gestureSettings: DeviceGestureSettings(touchSlop: null), displayFeatures: [], supportsShowingSystemContextMenu: false, lineHeightScaleFactorOverride: null, letterSpacingOverride: null, wordSpacingOverride: null, paragraphSpacingOverride: null))
                                                                                                                                                                   │                  └Column(direction: vertical, mainAxisAlignment: spaceBetween, crossAxisAlignment: center, renderObject: RenderFlex#a2ce1 relayoutBoundary=up9)
                                                                                                                                                                   │                   ├Flexible(flex: 1)
                                                                                                                                                                   │                   │└ConstrainedBox(BoxConstraints(0.0<=w<=Infinity, 0.0<=h<=56.0), renderObject: RenderConstrainedBox#3ef50 relayoutBoundary=up10)
                                                                                                                                                                   │                   │ └ClipRect(renderObject: RenderClipRect#1e590 relayoutBoundary=up11)
                                                                                                                                                                   │                   │  └CustomSingleChildLayout(renderObject: RenderCustomSingleChildLayoutBox#86785 relayoutBoundary=up12)
                                                                                                                                                                   │                   │   └Builder(dependencies: [IconTheme])
                                                                                                                                                                   │                   │    └IconTheme(size: 24.0, color: Color(alpha: 1.0000, red: 0.1137, green: 0.1059, blue: 0.1255, colorSpace: ColorSpace.sRGB))
                                                                                                                                                                   │                   │     └DefaultTextStyle(debugLabel: ((englishLike bodyMedium 2021).merge((blackMountainView bodyMedium).apply)).copyWith, inherit: false, color: Color(alpha: 1.0000, red: 0.1137, green: 0.1059, blue: 0.1255, colorSpace: ColorSpace.sRGB), family: Roboto, size: 14.0, weight: 400, letterSpacing: 0.3, baseline: alphabetic, height: 1.4x, leadingDistribution: even, decoration: Color(alpha: 1.0000, red: 0.1137, green: 0.1059, blue: 0.1255, colorSpace: ColorSpace.sRGB) TextDecoration.none, softWrap: wrapping at box width, overflow: clip)
                                                                                                                                                                   │                   │      └NavigationToolbar(dependencies: [Directionality])
                                                                                                                                                                   │                   │       └CustomMultiChildLayout(renderObject: RenderCustomMultiChildLayoutBox#344e8 relayoutBoundary=up13)
                                                                                                                                                                   │                   │        ├LayoutId-[<_ToolbarSlot.leading>](id: _ToolbarSlot.leading)
                                                                                                                                                                   │                   │        │└ConstrainedBox(BoxConstraints(w=56.0, 0.0<=h<=Infinity), renderObject: RenderConstrainedBox#c8ce0 relayoutBoundary=up14)
                                                                                                                                                                   │                   │        │ └IconButtonTheme
                                                                                                                                                                   │                   │        │  └Center(alignment: Alignment.center, dependencies: [Directionality], renderObject: RenderPositionedBox#af7c9)
                                                                                                                                                                   │                   │        │   └IconButton(disabled, disabled, dependencies: [InheritedCupertinoTheme, _InheritedTheme, _LocalizationsScope-[GlobalKey#12c5f]])
                                                                                                                                                                   │                   │        │    └_SelectableIconButton(state: _SelectableIconButtonState#34342)
                                                                                                                                                                   │                   │        │     └_IconButtonM3(style: ButtonStyle#8ba09, dependencies: [IconButtonTheme, IconTheme, InheritedCupertinoTheme, _InheritedTheme, _LocalizationsScope-[GlobalKey#12c5f]], state: _ButtonStyleState#b84d7)
                                                                                                                                                                   │                   │        │      └Semantics(container: true, properties: SemanticsProperties, renderObject: RenderSemanticsAnnotations#d8fc6 relayoutBoundary=up1)
                                                                                                                                                                   │                   │        │       └_InputPadding(renderObject: _RenderInputPadding#8ae25 relayoutBoundary=up2)
                                                                                                                                                                   │                   │        │        └ConstrainedBox(BoxConstraints(40.0<=w<=Infinity, 40.0<=h<=Infinity), renderObject: RenderConstrainedBox#bf6f3 relayoutBoundary=up3)
                                                                                                                                                                   │                   │        │         └Material(type: button, color: Color(alpha: 0.0000, red: 0.0000, green: 0.0000, blue: 0.0000, colorSpace: ColorSpace.sRGB), shadowColor: Color(alpha: 0.0000, red: 0.0000, green: 0.0000, blue: 0.0000, colorSpace: ColorSpace.sRGB), surfaceTintColor: Color(alpha: 0.0000, red: 0.0000, green: 0.0000, blue: 0.0000, colorSpace: ColorSpace.sRGB), shape: StadiumBorder(BorderSide(width: 0.0, style: none)), borderOnForeground: false, dependencies: [InheritedCupertinoTheme, _InheritedTheme, _LocalizationsScope-[GlobalKey#12c5f]], state: _MaterialState#92db1)
                                                                                                                                                                   │                   │        │          └_MaterialInterior(duration: 200ms, shape: StadiumBorder(BorderSide(width: 0.0, style: none)), elevation: 0.0, color: Color(alpha: 0.0000, red: 0.0000, green: 0.0000, blue: 0.0000, colorSpace: ColorSpace.sRGB), shadowColor: Color(alpha: 0.0000, red: 0.0000, green: 0.0000, blue: 0.0000, colorSpace: ColorSpace.sRGB), dependencies: [Directionality, InheritedCupertinoTheme, _InheritedTheme, _LocalizationsScope-[GlobalKey#12c5f]], state: _MaterialInteriorState#b6fe1(ticker inactive))
                                                                                                                                                                   │                   │        │           └PhysicalShape(clipper: ShapeBorderClipper, elevation: 0.0, color: Color(alpha: 0.0000, red: 0.0000, green: 0.0000, blue: 0.0000, colorSpace: ColorSpace.sRGB), shadowColor: Color(alpha: 0.0000, red: 0.0000, green: 0.0000, blue: 0.0000, colorSpace: ColorSpace.sRGB), renderObject: RenderPhysicalShape#e006b relayoutBoundary=up4)
                                                                                                                                                                   │                   │        │            └_ShapeBorderPaint(dependencies: [Directionality])
                                                                                                                                                                   │                   │        │             └CustomPaint(renderObject: RenderCustomPaint#75736 relayoutBoundary=up5)
                                                                                                                                                                   │                   │        │              └NotificationListener<LayoutChangedNotification>
                                                                                                                                                                   │                   │        │               └_InkFeatures-[GlobalKey#27afa ink renderer](renderObject: _RenderInkFeatures#3e7d1 relayoutBoundary=up6)
                                                                                                                                                                   │                   │        │                └AnimatedDefaultTextStyle(duration: 200ms, debugLabel: (englishLike bodyMedium 2021).merge((blackMountainView bodyMedium).apply), inherit: false, color: Color(alpha: 1.0000, red: 0.1137, green: 0.1059, blue: 0.1255, colorSpace: ColorSpace.sRGB), family: Roboto, size: 14.0, weight: 400, letterSpacing: 0.3, baseline: alphabetic, height: 1.4x, leadingDistribution: even, decoration: Color(alpha: 1.0000, red: 0.1137, green: 0.1059, blue: 0.1255, colorSpace: ColorSpace.sRGB) TextDecoration.none, softWrap: wrapping at box width, overflow: clip, state: _AnimatedDefaultTextStyleState#e3ece(ticker inactive))
                                                                                                                                                                   │                   │        │                 └DefaultTextStyle(debugLabel: (englishLike bodyMedium 2021).merge((blackMountainView bodyMedium).apply), inherit: false, color: Color(alpha: 1.0000, red: 0.1137, green: 0.1059, blue: 0.1255, colorSpace: ColorSpace.sRGB), family: Roboto, size: 14.0, weight: 400, letterSpacing: 0.3, baseline: alphabetic, height: 1.4x, leadingDistribution: even, decoration: Color(alpha: 1.0000, red: 0.1137, green: 0.1059, blue: 0.1255, colorSpace: ColorSpace.sRGB) TextDecoration.none, softWrap: wrapping at box width, overflow: clip)
                                                                                                                                                                   │                   │        │                  └AnimatedTheme(duration: 200ms, state: _AnimatedThemeState#5b276(ticker inactive, ThemeDataTween(ThemeData#59cef → ThemeData#59cef)))
                                                                                                                                                                   │                   │        │                   └Theme(ThemeData#59cef, dependencies: [DefaultSelectionStyle, InheritedCupertinoTheme])
                                                                                                                                                                   │                   │        │                    └_InheritedTheme
                                                                                                                                                                   │                   │        │                     └CupertinoTheme(brightness: light, primaryColor: Color(alpha: 1.0000, red: 0.4039, green: 0.3137, blue: 0.6431, colorSpace: ColorSpace.sRGB), scaffoldBackgroundColor: Color(alpha: 1.0000, red: 0.9961, green: 0.9686, blue: 1.0000, colorSpace: ColorSpace.sRGB), actionTextStyle: TextStyle(inherit: false, color: Color(alpha: 1.0000, red: 0.4039, green: 0.3137, blue: 0.6431, colorSpace: ColorSpace.sRGB), family: CupertinoSystemText, size: 17.0, letterSpacing: -0.4, decoration: TextDecoration.none), actionSmallTextStyle: TextStyle(inherit: false, color: Color(alpha: 1.0000, red: 0.4039, green: 0.3137, blue: 0.6431, colorSpace: ColorSpace.sRGB), family: CupertinoSystemText, size: 15.0, letterSpacing: -0.2, decoration: TextDecoration.none), navActionTextStyle: TextStyle(inherit: false, color: Color(alpha: 1.0000, red: 0.4039, green: 0.3137, blue: 0.6431, colorSpace: ColorSpace.sRGB), family: CupertinoSystemText, size: 17.0, letterSpacing: -0.4, decoration: TextDecoration.none))
                                                                                                                                                                   │                   │        │                      └InheritedCupertinoTheme
                                                                                                                                                                   │                   │        │                       └IconTheme(color: Color(alpha: 1.0000, red: 0.4039, green: 0.3137, blue: 0.6431, colorSpace: ColorSpace.sRGB))
                                                                                                                                                                   │                   │        │                        └IconTheme(size: 24.0, fill: 0.0, weight: 400.0, grade: 0.0, opticalSize: 48.0, color: Color(alpha: 1.0000, red: 0.1137, green: 0.1059, blue: 0.1255, colorSpace: ColorSpace.sRGB), opacity: 1.0, applyTextScaling: false)
                                                                                                                                                                   │                   │        │                         └DefaultSelectionStyle
                                                                                                                                                                   │                   │        │                          └InkWell
                                                                                                                                                                   │                   │        │                           └_InkResponseStateWidget(gestures: [tap], mouseCursor: ButtonStyleButton_MouseCursor, clipped to BoxShape.rectangle, dependencies: [InheritedCupertinoTheme, MediaQuery, _InheritedTheme, _LocalizationsScope-[GlobalKey#12c5f]], state: _InkResponseState#98c2a)
                                                                                                                                                                   │                   │        │                            └_ParentInkResponseProvider
                                                                                                                                                                   │                   │        │                             └Actions(dispatcher: null, actions: {ActivateIntent: CallbackAction<ActivateIntent>#6bd2e, ButtonActivateIntent: CallbackAction<ButtonActivateIntent>#47557}, state: _ActionsState#9105b)
                                                                                                                                                                   │                   │        │                              └_ActionsScope
                                                                                                                                                                   │                   │        │                               └Focus(dependencies: [_FocusInheritedScope], state: _FocusState#58c6b)
                                                                                                                                                                   │                   │        │                                └_FocusInheritedScope
                                                                                                                                                                   │                   │        │                                 └Semantics(container: false, properties: SemanticsProperties, renderObject: RenderSemanticsAnnotations#b4566 relayoutBoundary=up7)
                                                                                                                                                                   │                   │        │                                  └MouseRegion(listeners: [enter, exit], cursor: SystemMouseCursor(basic), renderObject: RenderMouseRegion#d9231 relayoutBoundary=up8)
                                                                                                                                                                   │                   │        │                                   └Builder(dependencies: [DefaultSelectionStyle])
                                                                                                                                                                   │                   │        │                                    └DefaultSelectionStyle
                                                                                                                                                                   │                   │        │                                     └Semantics(container: false, properties: SemanticsProperties, renderObject: RenderSemanticsAnnotations#c586f relayoutBoundary=up9)
                                                                                                                                                                   │                   │        │                                      └GestureDetector(startBehavior: start, dependencies: [MediaQuery, ScrollConfiguration])
                                                                                                                                                                   │                   │        │                                       └RawGestureDetector(state: RawGestureDetectorState#a8d79(gestures: [tap], excludeFromSemantics: true, behavior: opaque))
                                                                                                                                                                   │                   │        │                                        └Listener(listeners: [down, panZoomStart], behavior: opaque, renderObject: RenderPointerListener#bd86d relayoutBoundary=up10)
                                                                                                                                                                   │                   │        │                                         └Padding(padding: EdgeInsets.all(8.0), dependencies: [Directionality], renderObject: RenderPadding#75f6b relayoutBoundary=up11)
                                                                                                                                                                   │                   │        │                                          └Align(alignment: Alignment.center, widthFactor: 1.0, heightFactor: 1.0, dependencies: [Directionality], renderObject: RenderPositionedBox#d006e relayoutBoundary=up12)
                                                                                                                                                                   │                   │        │                                           └Semantics(container: false, properties: SemanticsProperties, renderObject: RenderSemanticsAnnotations#416bf relayoutBoundary=up13)
                                                                                                                                                                   │                   │        │                                            └Icon(IconData(U+0E094), size: 20.0, color: Color(alpha: 1.0000, red: 0.1020, green: 0.1373, blue: 0.4941, colorSpace: ColorSpace.sRGB), dependencies: [Directionality, IconTheme])
                                                                                                                                                                   │                   │        │                                             └Semantics(container: false, properties: SemanticsProperties, renderObject: RenderSemanticsAnnotations#92139 relayoutBoundary=up14)
                                                                                                                                                                   │                   │        │                                              └ExcludeSemantics(excluding: true, renderObject: RenderExcludeSemantics#b2e50 relayoutBoundary=up15)
                                                                                                                                                                   │                   │        │                                               └SizedBox(width: 20.0, height: 20.0, renderObject: RenderConstrainedBox#5a7f4 relayoutBoundary=up16)
                                                                                                                                                                   │                   │        │                                                └Center(alignment: Alignment.center, dependencies: [Directionality], renderObject: RenderPositionedBox#18121)
                                                                                                                                                                   │                   │        │                                                 └RichText(textDirection: ltr, softWrap: wrapping at box width, overflow: visible, maxLines: unlimited, text: "", dependencies: [_LocalizationsScope-[GlobalKey#12c5f]], renderObject: RenderParagraph#1c7ce relayoutBoundary=up1)
                                                                                                                                                                   │                   │        └LayoutId-[<_ToolbarSlot.middle>](id: _ToolbarSlot.middle)
                                                                                                                                                                   │                   │         └Builder(dependencies: [MediaQuery])
                                                                                                                                                                   │                   │          └MediaQuery(MediaQueryData(size: Size(1080.0, 4000.0), devicePixelRatio: 1.0, textScaler: SystemTextScaler (no scaling) clamped [0.0, 1.34], platformBrightness: Brightness.light, padding: EdgeInsets.zero, viewPadding: EdgeInsets.zero, viewInsets: EdgeInsets.zero, systemGestureInsets: EdgeInsets.zero, alwaysUse24HourFormat: false, accessibleNavigation: false, highContrast: false, onOffSwitchLabels: false, disableAnimations: false, invertColors: false, boldText: false, navigationMode: traditional, gestureSettings: DeviceGestureSettings(touchSlop: null), displayFeatures: [], supportsShowingSystemContextMenu: false, lineHeightScaleFactorOverride: null, letterSpacingOverride: null, wordSpacingOverride: null, paragraphSpacingOverride: null))
                                                                                                                                                                   │                   │           └DefaultTextStyle(debugLabel: ((englishLike titleLarge 2021).merge((blackMountainView titleLarge).apply)).copyWith, inherit: false, color: Color(alpha: 1.0000, red: 0.1137, green: 0.1059, blue: 0.1255, colorSpace: ColorSpace.sRGB), family: Roboto, size: 22.0, weight: 400, letterSpacing: 0.0, baseline: alphabetic, height: 1.3x, leadingDistribution: even, decoration: Color(alpha: 1.0000, red: 0.1137, green: 0.1059, blue: 0.1255, colorSpace: ColorSpace.sRGB) TextDecoration.none, softWrap: no wrapping except at line break characters, overflow: ellipsis)
                                                                                                                                                                   │                   │            └Semantics(container: false, properties: SemanticsProperties, renderObject: RenderSemanticsAnnotations#7190c relayoutBoundary=up14)
                                                                                                                                                                   │                   │             └_AppBarTitleBox(dependencies: [Directionality], renderObject: _RenderAppBarTitleBox#caaf2 relayoutBoundary=up15)
                                                                                                                                                                   │                   │              └Text("大会 公式記録", inherit: true, color: Color(alpha: 1.0000, red: 0.1020, green: 0.1373, blue: 0.4941, colorSpace: ColorSpace.sRGB), size: 16.0, weight: 700, dependencies: [DefaultSelectionStyle, DefaultTextStyle, MediaQuery])
                                                                                                                                                                   │                   │               └RichText(softWrap: no wrapping except at line break characters, overflow: ellipsis, textScaler: SystemTextScaler (no scaling) clamped [0.0, 1.34], maxLines: unlimited, text: "大会 公式記録", dependencies: [Directionality, _LocalizationsScope-[GlobalKey#12c5f]], renderObject: RenderParagraph#fde20 relayoutBoundary=up16)
                                                                                                                                                                   │                   └TabBar(dependencies: [Directionality, InheritedCupertinoTheme, MediaQuery, ScrollConfiguration, _InheritedTheme, _LocalizationsScope-[GlobalKey#12c5f], _TabControllerScope], state: _TabBarState#e8cb5)
                                                                                                                                                                   │                    └Material(type: transparency, dependencies: [Directionality, InheritedCupertinoTheme, _InheritedTheme, _LocalizationsScope-[GlobalKey#12c5f]], state: _MaterialState#e4e8b)
                                                                                                                                                                   │                     └ClipPath(clipper: ShapeBorderClipper, renderObject: RenderClipPath#fc49b relayoutBoundary=up10)
                                                                                                                                                                   │                      └_ShapeBorderPaint(dependencies: [Directionality])
                                                                                                                                                                   │                       └CustomPaint(renderObject: RenderCustomPaint#8aeac relayoutBoundary=up11)
                                                                                                                                                                   │                        └NotificationListener<LayoutChangedNotification>
                                                                                                                                                                   │                         └_InkFeatures-[GlobalKey#226fe ink renderer](renderObject: _RenderInkFeatures#c5b9d relayoutBoundary=up12)
                                                                                                                                                                   │                          └AnimatedDefaultTextStyle(duration: 200ms, debugLabel: (englishLike bodyMedium 2021).merge((blackMountainView bodyMedium).apply), inherit: false, color: Color(alpha: 1.0000, red: 0.1137, green: 0.1059, blue: 0.1255, colorSpace: ColorSpace.sRGB), family: Roboto, size: 14.0, weight: 400, letterSpacing: 0.3, baseline: alphabetic, height: 1.4x, leadingDistribution: even, decoration: Color(alpha: 1.0000, red: 0.1137, green: 0.1059, blue: 0.1255, colorSpace: ColorSpace.sRGB) TextDecoration.none, softWrap: wrapping at box width, overflow: clip, state: _AnimatedDefaultTextStyleState#1c24f(ticker inactive))
                                                                                                                                                                   │                           └DefaultTextStyle(debugLabel: (englishLike bodyMedium 2021).merge((blackMountainView bodyMedium).apply), inherit: false, color: Color(alpha: 1.0000, red: 0.1137, green: 0.1059, blue: 0.1255, colorSpace: ColorSpace.sRGB), family: Roboto, size: 14.0, weight: 400, letterSpacing: 0.3, baseline: alphabetic, height: 1.4x, leadingDistribution: even, decoration: Color(alpha: 1.0000, red: 0.1137, green: 0.1059, blue: 0.1255, colorSpace: ColorSpace.sRGB) TextDecoration.none, softWrap: wrapping at box width, overflow: clip)
                                                                                                                                                                   │                            └MediaQuery(MediaQueryData(size: Size(1080.0, 4000.0), devicePixelRatio: 1.0, textScaler: SystemTextScaler (no scaling), platformBrightness: Brightness.light, padding: EdgeInsets.zero, viewPadding: EdgeInsets.zero, viewInsets: EdgeInsets.zero, systemGestureInsets: EdgeInsets.zero, alwaysUse24HourFormat: false, accessibleNavigation: false, highContrast: false, onOffSwitchLabels: false, disableAnimations: false, invertColors: false, boldText: false, navigationMode: traditional, gestureSettings: DeviceGestureSettings(touchSlop: null), displayFeatures: [], supportsShowingSystemContextMenu: false, lineHeightScaleFactorOverride: null, letterSpacingOverride: null, wordSpacingOverride: null, paragraphSpacingOverride: null))
                                                                                                                                                                   │                             └CustomPaint(renderObject: RenderCustomPaint#e0554 relayoutBoundary=up13)
                                                                                                                                                                   │                              └Align(alignment: AlignmentDirectional.centerStart, heightFactor: 1.0, dependencies: [Directionality], renderObject: RenderPositionedBox#1df3b relayoutBoundary=up14)
                                                                                                                                                                   │                               └ScrollConfiguration(behavior: _WrappedScrollBehavior)
                                                                                                                                                                   │                                └SingleChildScrollView(dependencies: [Directionality, ScrollConfiguration])
                                                                                                                                                                   │                                 └Scrollable(axisDirection: right, physics: null, restorationId: null, dependencies: [InheritedCupertinoTheme, MediaQuery, ScrollConfiguration, UnmanagedRestorationScope, _InheritedTheme, _LocalizationsScope-[GlobalKey#12c5f]], state: ScrollableState#0c0b8(position: _TabBarScrollPosition#70c76(offset: 0.0, range: 0.0..0.0, viewport: 154.5, ScrollableState, ClampingScrollPhysics -> RangeMaintainingScrollPhysics, IdleScrollActivity#f715c, ScrollDirection.idle), effective physics: ClampingScrollPhysics -> RangeMaintainingScrollPhysics))
                                                                                                                                                                   │                                  └NotificationListener<ScrollMetricsNotification>
                                                                                                                                                                   │                                   └_ScrollSemantics-[GlobalKey#dbeba](renderObject: _RenderScrollSemantics#49a90 relayoutBoundary=up15)
                                                                                                                                                                   │                                    └_ScrollableScope
                                                                                                                                                                   │                                     └Listener(listeners: [signal], behavior: deferToChild, renderObject: RenderPointerListener#19bf9 relayoutBoundary=up16)
                                                                                                                                                                   │                                      └RawGestureDetector-[LabeledGlobalKey<RawGestureDetectorState>#6887a](state: RawGestureDetectorState#c0ab5(gestures: <none>, behavior: opaque))
                                                                                                                                                                   │                                       └_GestureSemantics(renderObject: RenderSemanticsGestureHandler#ac2de relayoutBoundary=up17)
                                                                                                                                                                   │                                        └Listener(listeners: [down, panZoomStart], behavior: opaque, renderObject: RenderPointerListener#2e8bb relayoutBoundary=up18)
                                                                                                                                                                   │                                         └Semantics(container: false, properties: SemanticsProperties, renderObject: RenderSemanticsAnnotations#92a08 relayoutBoundary=up19)
                                                                                                                                                                   │                                          └IgnorePointer-[GlobalKey#534d3](ignoring: false, renderObject: RenderIgnorePointer#ea374 relayoutBoundary=up20)
                                                                                                                                                                   │                                           └_SingleChildViewport(renderObject: _RenderSingleChildViewport#1cc8f relayoutBoundary=up21)
                                                                                                                                                                   │                                            └Padding(padding: EdgeInsetsDirectional(52.0, 0.0, 0.0, 0.0), dependencies: [Directionality], renderObject: RenderPadding#fd007 relayoutBoundary=up22)
                                                                                                                                                                   │                                             └Semantics(container: true, properties: SemanticsProperties, role: tabBar, renderObject: RenderSemanticsAnnotations#2303b relayoutBoundary=up23)
                                                                                                                                                                   │                                              └CustomPaint(renderObject: RenderCustomPaint#8373f relayoutBoundary=up24)
                                                                                                                                                                   │                                               └_TabStyle(listenable: kAlwaysDismissedAnimation, dependencies: [IconTheme, InheritedCupertinoTheme, _InheritedTheme, _LocalizationsScope-[GlobalKey#12c5f]], state: _AnimatedState#e7ba2)
                                                                                                                                                                   │                                                └DefaultTextStyle(debugLabel: (lerp(((englishLike titleSmall 2021).merge((blackMountainView titleSmall).apply)).copyWith ⎯0.0→ ((englishLike titleSmall 2021).merge((blackMountainView titleSmall).apply)).copyWith)).copyWith, inherit: true, color: Color(alpha: 1.0000, red: 0.6196, green: 0.6196, blue: 0.6196, colorSpace: ColorSpace.sRGB), family: Roboto, size: 14.0, weight: 500, letterSpacing: 0.1, baseline: alphabetic, height: 1.4x, leadingDistribution: even, decoration: Color(alpha: 1.0000, red: 0.1137, green: 0.1059, blue: 0.1255, colorSpace: ColorSpace.sRGB) TextDecoration.none, softWrap: wrapping at box width, overflow: clip)
                                                                                                                                                                   │                                                 └Builder(dependencies: [IconTheme])
                                                                                                                                                                   │                                                  └IconTheme(size: 24.0, color: Color(alpha: 1.0000, red: 0.6196, green: 0.6196, blue: 0.6196, colorSpace: ColorSpace.sRGB))
                                                                                                                                                                   │                                                   └_TabLabelBar(direction: horizontal, mainAxisAlignment: start, mainAxisSize: min, crossAxisAlignment: center, dependencies: [Directionality], renderObject: _TabLabelBarRenderer#29a9c relayoutBoundary=up25)
                                                                                                                                                                   │                                                    └MergeSemantics(renderObject: RenderMergeSemantics#8026f relayoutBoundary=up26)
                                                                                                                                                                   │                                                     └InkWell
                                                                                                                                                                   │                                                      └_InkResponseStateWidget(gestures: [tap], mouseCursor: SystemMouseCursor(click), clipped to BoxShape.rectangle, dependencies: [InheritedCupertinoTheme, MediaQuery, _InheritedTheme, _LocalizationsScope-[GlobalKey#12c5f]], state: _InkResponseState#c66b0)
                                                                                                                                                                   │                                                       └_ParentInkResponseProvider
                                                                                                                                                                   │                                                        └Actions(dispatcher: null, actions: {ActivateIntent: CallbackAction<ActivateIntent>#da0f3, ButtonActivateIntent: CallbackAction<ButtonActivateIntent>#15e30}, state: _ActionsState#7c8cc)
                                                                                                                                                                   │                                                         └_ActionsScope
                                                                                                                                                                   │                                                          └Focus(dependencies: [_FocusInheritedScope], state: _FocusState#75967)
                                                                                                                                                                   │                                                           └_FocusInheritedScope
                                                                                                                                                                   │                                                            └Semantics(container: false, properties: SemanticsProperties, renderObject: RenderSemanticsAnnotations#b432f relayoutBoundary=up27)
                                                                                                                                                                   │                                                             └MouseRegion(listeners: [enter, exit], cursor: SystemMouseCursor(click), renderObject: RenderMouseRegion#2cf86 relayoutBoundary=up28)
                                                                                                                                                                   │                                                              └Builder(dependencies: [DefaultSelectionStyle])
                                                                                                                                                                   │                                                               └DefaultSelectionStyle
                                                                                                                                                                   │                                                                └Semantics(container: false, properties: SemanticsProperties, renderObject: RenderSemanticsAnnotations#deecf relayoutBoundary=up29)
                                                                                                                                                                   │                                                                 └GestureDetector(startBehavior: start, dependencies: [MediaQuery, ScrollConfiguration])
                                                                                                                                                                   │                                                                  └RawGestureDetector(state: RawGestureDetectorState#77acb(gestures: [tap], excludeFromSemantics: true, behavior: opaque))
                                                                                                                                                                   │                                                                   └Listener(listeners: [down, panZoomStart], behavior: opaque, renderObject: RenderPointerListener#9520e relayoutBoundary=up30)
                                                                                                                                                                   │                                                                    └Padding(padding: EdgeInsets(0.0, 0.0, 0.0, 2.0), dependencies: [Directionality], renderObject: RenderPadding#1593e relayoutBoundary=up31)
                                                                                                                                                                   │                                                                     └Semantics(container: false, properties: SemanticsProperties, role: tab, renderObject: RenderSemanticsAnnotations#cdd65 relayoutBoundary=up32)
                                                                                                                                                                   │                                                                      └Stack(alignment: AlignmentDirectional.topStart, fit: loose, dependencies: [Directionality], renderObject: RenderStack#4243c relayoutBoundary=up33)
                                                                                                                                                                   │                                                                       ├_TabStyle(listenable: _DragAnimation#dab04(▶), dependencies: [IconTheme, InheritedCupertinoTheme, _InheritedTheme, _LocalizationsScope-[GlobalKey#12c5f]], state: _AnimatedState#6e665)
                                                                                                                                                                   │                                                                       │└DefaultTextStyle(debugLabel: (lerp(((englishLike titleSmall 2021).merge((blackMountainView titleSmall).apply)).copyWith ⎯0.0→ ((englishLike titleSmall 2021).merge((blackMountainView titleSmall).apply)).copyWith)).copyWith, inherit: true, color: Color(alpha: 1.0000, red: 0.1020, green: 0.1373, blue: 0.4941, colorSpace: ColorSpace.sRGB), family: Roboto, size: 14.0, weight: 500, letterSpacing: 0.1, baseline: alphabetic, height: 1.4x, leadingDistribution: even, decoration: Color(alpha: 1.0000, red: 0.1137, green: 0.1059, blue: 0.1255, colorSpace: ColorSpace.sRGB) TextDecoration.none, softWrap: wrapping at box width, overflow: clip)
                                                                                                                                                                   │                                                                       │ └Builder(dependencies: [IconTheme])
                                                                                                                                                                   │                                                                       │  └IconTheme(size: 24.0, color: Color(alpha: 1.0000, red: 0.1020, green: 0.1373, blue: 0.4941, colorSpace: ColorSpace.sRGB))
                                                                                                                                                                   │                                                                       │   └Center(alignment: Alignment.center, heightFactor: 1.0, dependencies: [Directionality], renderObject: RenderPositionedBox#f46e2 relayoutBoundary=up34)
                                                                                                                                                                   │                                                                       │    └Padding(padding: EdgeInsets(16.0, 0.0, 16.0, 0.0), dependencies: [Directionality], renderObject: RenderPadding#1f2a2 relayoutBoundary=up35)
                                                                                                                                                                   │                                                                       │     └KeyedSubtree-[GlobalKey#21409]
                                                                                                                                                                   │                                                                       │      └Tab-[<'viewer_tab_全カテゴリ'>](text: "全カテゴリ")
                                                                                                                                                                   │                                                                       │       └SizedBox(height: 46.0, renderObject: RenderConstrainedBox#825e0 relayoutBoundary=up36)
                                                                                                                                                                   │                                                                       │        └Center(alignment: Alignment.center, widthFactor: 1.0, dependencies: [Directionality], renderObject: RenderPositionedBox#8fddd relayoutBoundary=up37)
                                                                                                                                                                   │                                                                       │         └Text("全カテゴリ", softWrap: no wrapping except at line break characters, overflow: fade, dependencies: [DefaultSelectionStyle, DefaultTextStyle, MediaQuery])
                                                                                                                                                                   │                                                                       │          └RichText(softWrap: no wrapping except at line break characters, overflow: fade, maxLines: unlimited, text: "全カテゴリ", dependencies: [Directionality, _LocalizationsScope-[GlobalKey#12c5f]], renderObject: RenderParagraph#66186 relayoutBoundary=up38)
                                                                                                                                                                   │                                                                       └Semantics(container: false, properties: SemanticsProperties, selected: true, label: "Tab 1 of 1", dependencies: [Directionality], renderObject: RenderSemanticsAnnotations#1696d relayoutBoundary=up34)
                                                                                                                                                                   └LayoutId-[<_ScaffoldSlot.floatingActionButton>](id: _ScaffoldSlot.floatingActionButton)
                                                                                                                                                                    └MediaQuery(MediaQueryData(size: Size(1080.0, 4000.0), devicePixelRatio: 1.0, textScaler: SystemTextScaler (no scaling), platformBrightness: Brightness.light, padding: EdgeInsets.zero, viewPadding: EdgeInsets.zero, viewInsets: EdgeInsets.zero, systemGestureInsets: EdgeInsets.zero, alwaysUse24HourFormat: false, accessibleNavigation: false, highContrast: false, onOffSwitchLabels: false, disableAnimations: false, invertColors: false, boldText: false, navigationMode: traditional, gestureSettings: DeviceGestureSettings(touchSlop: null), displayFeatures: [], supportsShowingSystemContextMenu: false, lineHeightScaleFactorOverride: null, letterSpacingOverride: null, wordSpacingOverride: null, paragraphSpacingOverride: null))
                                                                                                                                                                     └_FloatingActionButtonTransition(state: _FloatingActionButtonTransitionState#04aac(tickers: tracking 1 ticker))
                                                                                                                                                                      └Stack(alignment: Alignment.centerRight, fit: loose, dependencies: [Directionality], renderObject: RenderStack#f1231 relayoutBoundary=up1)
                                                                                                                                                                       └ScaleTransition(listenable: AnimationMin<double>(_AnimationSwap<double>(AnimationController#c5d1c(⏭ 1.000; paused)➩CurveTween(curve: FlippedCurve(Interval(0.5⋯1.0)➩Cubic(0.25, 0.10, 0.25, 1.00)))➩1.0➪ReverseAnimation, AnimationController#c5d1c(⏭ 1.000; paused)➩CurveTween(curve: Interval(0.5⋯1.0)➩Cubic(0.25, 0.10, 0.25, 1.00))➩1.0), AnimationController#bb0a3(⏮ 0.000; paused)➩Cubic(0.42, 0.00, 1.00, 1.00)), state: _AnimatedState#95ec1)
                                                                                                                                                                        └Transform(dependencies: [Directionality], renderObject: RenderTransform#71df5 relayoutBoundary=up2)
                                                                                                                                                                         └RotationTransition(listenable: AnimationController#bb0a3(⏮ 0.000; paused)➩CurveTween(curve: Cubic(0.42, 0.00, 1.00, 1.00))➩Tween<double>(0.875 → 1.0)➩0.875➩TrainHoppingAnimation(next: _AnimationSwap<double>(AnimationController#c5d1c(⏭ 1.000; paused)➩Tween<double>(0.75 → 1.0)➩1.0, AnimationController#c5d1c(⏭ 1.000; paused)➩CurveTween(curve: Threshold)➩1.0➪ReverseAnimation)), state: _AnimatedState#10bb7)
                                                                                                                                                                          └Transform(dependencies: [Directionality], renderObject: RenderTransform#b8f77 relayoutBoundary=up3 NEEDS-PAINT)


00:15 +116 -1: /Users/saradafumiaki/Documents/Apps/kendo_os/test/widget/bunaiksen_mode_test.dart: 部内戦 成績一覧 UIの表示テスト (Widget Test) 団体戦の場合、チーム名が「赤」「白」に固定されていること
[ +386 ms] test 22: Test harness is no longer needed by test process
[        ] test 22: finished
[        ] test 22: cleaning up...
[        ] test 22: ensuring test device is terminated.
[        ] test 22: Terminating flutter_tester process
[        ] test 22: Shutting down DevTools server
[        ] test 22: Test process is no longer needed by test harness
[        ] test 22: Shutting down test harness socket server
[  +14 ms] test 22: flutter_tester process at pid 33484 exited with code=-9
[        ] test 22: deleting temporary directory
[   +7 ms] test 22: finished
[   +1 ms] test 31: starting test /Users/saradafumiaki/Documents/Apps/kendo_os/test/widget/presentation/operate/screens/official_record_screen_test.dart
[   +2 ms] Stopping scan for flutter_test_config.dart; found project root at /Users/saradafumiaki/Documents/Apps/kendo_os
[   +1 ms] Compiling file:///var/folders/hh/1g2yms7d3890gm5lz8l0jmj80000gn/T/flutter_tools.X3xqwV/flutter_test_listener.MvdBuf/listener.dart
[  +71 ms] Found plugin integration_test at /Users/saradafumiaki/development/flutter/packages/integration_test/
[  +16 ms] Found plugin firebase_core at /Users/saradafumiaki/.pub-cache/hosted/pub.dev/firebase_core-4.7.0/
[   +1 ms] Found plugin firebase_core_web at /Users/saradafumiaki/.pub-cache/hosted/pub.dev/firebase_core_web-3.6.0/
[   +3 ms] Found plugin cloud_firestore at /Users/saradafumiaki/.pub-cache/hosted/pub.dev/cloud_firestore-6.3.0/
[        ] Found plugin cloud_firestore_web at /Users/saradafumiaki/.pub-cache/hosted/pub.dev/cloud_firestore_web-5.3.0/
[   +3 ms] Found plugin wakelock_plus at /Users/saradafumiaki/.pub-cache/hosted/pub.dev/wakelock_plus-1.5.2/
[   +2 ms] Found plugin package_info_plus at /Users/saradafumiaki/.pub-cache/hosted/pub.dev/package_info_plus-9.0.1/
[   +4 ms] Found plugin url_launcher at /Users/saradafumiaki/.pub-cache/hosted/pub.dev/url_launcher-6.3.2/
[        ] Found plugin url_launcher_windows at /Users/saradafumiaki/.pub-cache/hosted/pub.dev/url_launcher_windows-3.1.5/
[   +3 ms] Found plugin url_launcher_web at /Users/saradafumiaki/.pub-cache/hosted/pub.dev/url_launcher_web-2.4.2/
[   +1 ms] Found plugin url_launcher_macos at /Users/saradafumiaki/.pub-cache/hosted/pub.dev/url_launcher_macos-3.2.5/
[        ] Found plugin url_launcher_linux at /Users/saradafumiaki/.pub-cache/hosted/pub.dev/url_launcher_linux-3.2.2/
[        ] Found plugin url_launcher_ios at /Users/saradafumiaki/.pub-cache/hosted/pub.dev/url_launcher_ios-6.4.1/
[        ] Found plugin url_launcher_android at /Users/saradafumiaki/.pub-cache/hosted/pub.dev/url_launcher_android-6.3.29/
[   +1 ms] Found plugin syncfusion_flutter_pdfviewer at /Users/saradafumiaki/.pub-cache/hosted/pub.dev/syncfusion_flutter_pdfviewer-28.2.12/
[   +1 ms] Found plugin syncfusion_pdfviewer_windows at /Users/saradafumiaki/.pub-cache/hosted/pub.dev/syncfusion_pdfviewer_windows-28.2.12/
[   +1 ms] Found plugin syncfusion_pdfviewer_web at /Users/saradafumiaki/.pub-cache/hosted/pub.dev/syncfusion_pdfviewer_web-28.2.12/
[   +1 ms] Found plugin syncfusion_pdfviewer_macos at /Users/saradafumiaki/.pub-cache/hosted/pub.dev/syncfusion_pdfviewer_macos-28.2.12/
[   +3 ms] Found plugin device_info_plus at /Users/saradafumiaki/.pub-cache/hosted/pub.dev/device_info_plus-11.5.0/
[   +2 ms] Found plugin shared_preferences at /Users/saradafumiaki/.pub-cache/hosted/pub.dev/shared_preferences-2.5.5/
[        ] Found plugin shared_preferences_windows at /Users/saradafumiaki/.pub-cache/hosted/pub.dev/shared_preferences_windows-2.4.1/
[   +1 ms] Found plugin path_provider_windows at /Users/saradafumiaki/.pub-cache/hosted/pub.dev/path_provider_windows-2.3.0/
[   +1 ms] Found plugin shared_preferences_web at /Users/saradafumiaki/.pub-cache/hosted/pub.dev/shared_preferences_web-2.4.3/
[        ] Found plugin shared_preferences_linux at /Users/saradafumiaki/.pub-cache/hosted/pub.dev/shared_preferences_linux-2.4.1/
[        ] Found plugin path_provider_linux at /Users/saradafumiaki/.pub-cache/hosted/pub.dev/path_provider_linux-2.2.1/
[   +1 ms] Found plugin shared_preferences_foundation at /Users/saradafumiaki/.pub-cache/hosted/pub.dev/shared_preferences_foundation-2.5.6/
[        ] Found plugin shared_preferences_android at /Users/saradafumiaki/.pub-cache/hosted/pub.dev/shared_preferences_android-2.4.23/
[   +1 ms] Found plugin share_plus at /Users/saradafumiaki/.pub-cache/hosted/pub.dev/share_plus-12.0.2/
[   +1 ms] Found plugin path_provider at /Users/saradafumiaki/.pub-cache/hosted/pub.dev/path_provider-2.1.5/
[        ] Found plugin path_provider_foundation at /Users/saradafumiaki/.pub-cache/hosted/pub.dev/path_provider_foundation-2.6.0/
[   +4 ms] Found plugin path_provider_android at /Users/saradafumiaki/.pub-cache/hosted/pub.dev/path_provider_android-2.3.1/
[   +1 ms] Found plugin jni_flutter at /Users/saradafumiaki/.pub-cache/hosted/pub.dev/jni_flutter-1.0.1/
[        ] Found plugin jni at /Users/saradafumiaki/.pub-cache/hosted/pub.dev/jni-1.0.0/
[   +2 ms] Found plugin printing at /Users/saradafumiaki/.pub-cache/hosted/pub.dev/printing-5.14.3/
[   +5 ms] Found plugin isar_community_flutter_libs at /Users/saradafumiaki/.pub-cache/hosted/pub.dev/isar_community_flutter_libs-3.3.2/
[        ] Found plugin google_sign_in at /Users/saradafumiaki/.pub-cache/hosted/pub.dev/google_sign_in-6.3.0/
[        ] Found plugin google_sign_in_web at /Users/saradafumiaki/.pub-cache/hosted/pub.dev/google_sign_in_web-0.12.4+4/
[   +1 ms] Found plugin google_sign_in_ios at /Users/saradafumiaki/.pub-cache/hosted/pub.dev/google_sign_in_ios-5.9.0/
[   +1 ms] Found plugin google_sign_in_android at /Users/saradafumiaki/.pub-cache/hosted/pub.dev/google_sign_in_android-6.2.1/
[   +2 ms] Found plugin flutter_tts at /Users/saradafumiaki/.pub-cache/hosted/pub.dev/flutter_tts-4.2.5/
[   +4 ms] Found plugin flutter_image_compress at /Users/saradafumiaki/.pub-cache/hosted/pub.dev/flutter_image_compress-2.4.0/
[   +1 ms] Found plugin flutter_image_compress_web at /Users/saradafumiaki/.pub-cache/hosted/pub.dev/flutter_image_compress_web-0.1.5/
[   +1 ms] Found plugin flutter_image_compress_ohos at /Users/saradafumiaki/.pub-cache/hosted/pub.dev/flutter_image_compress_ohos-0.0.3/
[   +1 ms] Found plugin flutter_image_compress_macos at /Users/saradafumiaki/.pub-cache/hosted/pub.dev/flutter_image_compress_macos-1.0.3/
[   +2 ms] Found plugin flutter_image_compress_common at /Users/saradafumiaki/.pub-cache/hosted/pub.dev/flutter_image_compress_common-1.0.6/
[   +1 ms] Found plugin firebase_storage at /Users/saradafumiaki/.pub-cache/hosted/pub.dev/firebase_storage-13.3.0/
[   +1 ms] Found plugin firebase_storage_web at /Users/saradafumiaki/.pub-cache/hosted/pub.dev/firebase_storage_web-3.11.5/
[   +1 ms] Found plugin firebase_crashlytics at /Users/saradafumiaki/.pub-cache/hosted/pub.dev/firebase_crashlytics-5.2.0/
[   +1 ms] Found plugin firebase_auth at /Users/saradafumiaki/.pub-cache/hosted/pub.dev/firebase_auth-6.4.0/
[   +1 ms] Found plugin firebase_auth_web at /Users/saradafumiaki/.pub-cache/hosted/pub.dev/firebase_auth_web-6.1.5/
[   +2 ms] Found plugin file_picker at /Users/saradafumiaki/.pub-cache/hosted/pub.dev/file_picker-8.3.7/
[   +1 ms] Found plugin flutter_plugin_android_lifecycle at /Users/saradafumiaki/.pub-cache/hosted/pub.dev/flutter_plugin_android_lifecycle-2.0.34/
[   +2 ms] Found plugin connectivity_plus at /Users/saradafumiaki/.pub-cache/hosted/pub.dev/connectivity_plus-6.1.5/
[   +3 ms] Found plugin audioplayers at /Users/saradafumiaki/.pub-cache/hosted/pub.dev/audioplayers-6.6.0/
[   +1 ms] Found plugin audioplayers_windows at /Users/saradafumiaki/.pub-cache/hosted/pub.dev/audioplayers_windows-4.3.0/
[   +1 ms] Found plugin audioplayers_web at /Users/saradafumiaki/.pub-cache/hosted/pub.dev/audioplayers_web-5.2.0/
[        ] Found plugin audioplayers_linux at /Users/saradafumiaki/.pub-cache/hosted/pub.dev/audioplayers_linux-4.2.1/
[   +1 ms] Found plugin audioplayers_darwin at /Users/saradafumiaki/.pub-cache/hosted/pub.dev/audioplayers_darwin-6.4.0/
[        ] Found plugin audioplayers_android at /Users/saradafumiaki/.pub-cache/hosted/pub.dev/audioplayers_android-5.2.1/
[   +3 ms] Skipping generating dart_plugin_registrant.dart because it is up-to-date.
[        ] <- recompile file:///var/folders/hh/1g2yms7d3890gm5lz8l0jmj80000gn/T/flutter_tools.X3xqwV/flutter_test_listener.MvdBuf/listener.dart 877cecb5-389a-4af2-a3e5-8b498b0c67b7
[        ] file:///var/folders/hh/1g2yms7d3890gm5lz8l0jmj80000gn/T/flutter_tools.X3xqwV/flutter_test_listener.MvdBuf/listener.dart
[        ] file:///Users/saradafumiaki/Documents/Apps/kendo_os/.dart_tool/flutter_build/dart_plugin_registrant.dart
[        ] <- 877cecb5-389a-4af2-a3e5-8b498b0c67b7
[ +159 ms] test 29: connected to test device, now awaiting test result
[        ] test 29: Waiting for test harness or tests to finish
00:16 +117 -1: /Users/saradafumiaki/Documents/Apps/kendo_os/test/widget/bunaiksen_mode_test.dart: 部内戦 成績一覧 UIの表示テスト (Widget Test) 個人戦の場合、選手名が表示されること
00:16 +118 -1: /Users/saradafumiaki/Documents/Apps/kendo_os/test/widget/bunaiksen_mode_test.dart: 部内戦 成績一覧 UIの表示テスト (Widget Test) 引き分けの場合、スコアに✕が表示されること
[ +205 ms] test 30: connected to test device, now awaiting test result
[        ] test 30: Waiting for test harness or tests to finish
[  +18 ms] <- accept
[        ] <- reset
[        ] Compiling file:///var/folders/hh/1g2yms7d3890gm5lz8l0jmj80000gn/T/flutter_tools.X3xqwV/flutter_test_listener.MvdBuf/listener.dart took 577ms
[        ] test 31: starting test device
[        ] test 31: awaiting connection to test device
[        ] test 31: VM Service uri is not available
[        ] test 31: test harness socket server is running at port:54022
[        ] test 31: Starting flutter_tester process with command=[/Users/saradafumiaki/development/flutter/bin/cache/artifacts/engine/darwin-x64/flutter_tester, --disable-vm-service, --enable-checked-mode, --verify-entry-points, --enable-software-rendering, --skia-deterministic-rendering, --enable-dart-profiling, --non-interactive, --use-test-fonts, --disable-asset-fonts, --packages=/Users/saradafumiaki/Documents/Apps/kendo_os/.dart_tool/package_config.json, --flutter-assets-dir=/Users/saradafumiaki/Documents/Apps/kendo_os/build/unit_test_assets, /var/folders/hh/1g2yms7d3890gm5lz8l0jmj80000gn/T/flutter_tools.X3xqwV/flutter_test_listener.MvdBuf/listener.dart.dill], environment={FLUTTER_TEST: true, FONTCONFIG_FILE: /var/folders/hh/1g2yms7d3890gm5lz8l0jmj80000gn/T/flutter_tools.X3xqwV/flutter_test_fonts.hib7TY/fonts.conf, SERVER_PORT: 54022, APP_NAME: kendo_os, UNIT_TEST_ASSETS: /Users/saradafumiaki/Documents/Apps/kendo_os/build/unit_test_assets}
[   +9 ms] test 31: Started flutter_tester process at pid 33527
00:16 +119 -1: /Users/saradafumiaki/Documents/Apps/kendo_os/test/widget/internal_metrics_hidden_test.dart: 🛡️ [Phase 3] Observability 統一ロケーション隔離検証テスト 同期バーが、一般ユーザー向けに定義された安心日本語表現（保存済み）を出力すること
00:16 +120 -1: /Users/saradafumiaki/Documents/Apps/kendo_os/test/widget/internal_metrics_hidden_test.dart: 🛡️ [Phase 3] Observability 統一ロケーション隔離検証テスト 同期バーが、一般ユーザー向けに定義された安心日本語表現（保存済み）を出力すること
[ +297 ms] test 28: Test harness is no longer needed by test process
[        ] test 28: finished
[        ] test 28: cleaning up...
[        ] test 28: ensuring test device is terminated.
[        ] test 28: Terminating flutter_tester process
[        ] test 28: Shutting down DevTools server
[        ] test 28: Test process is no longer needed by test harness
[        ] test 28: Shutting down test harness socket server
[   +7 ms] test 28: flutter_tester process at pid 33511 exited with code=-9
[        ] test 28: deleting temporary directory
[   +8 ms] test 28: finished
[   +1 ms] test 32: starting test /Users/saradafumiaki/Documents/Apps/kendo_os/test/widget/presentation/viewer/screens/viewer_bunaiksen_official_record_screen_test.dart
[   +2 ms] Stopping scan for flutter_test_config.dart; found project root at /Users/saradafumiaki/Documents/Apps/kendo_os
[   +3 ms] Compiling file:///var/folders/hh/1g2yms7d3890gm5lz8l0jmj80000gn/T/flutter_tools.X3xqwV/flutter_test_listener.tc2FIe/listener.dart
[ +138 ms] Found plugin integration_test at /Users/saradafumiaki/development/flutter/packages/integration_test/
[  +17 ms] Found plugin firebase_core at /Users/saradafumiaki/.pub-cache/hosted/pub.dev/firebase_core-4.7.0/
[   +1 ms] Found plugin firebase_core_web at /Users/saradafumiaki/.pub-cache/hosted/pub.dev/firebase_core_web-3.6.0/
[   +2 ms] Found plugin cloud_firestore at /Users/saradafumiaki/.pub-cache/hosted/pub.dev/cloud_firestore-6.3.0/
[   +1 ms] Found plugin cloud_firestore_web at /Users/saradafumiaki/.pub-cache/hosted/pub.dev/cloud_firestore_web-5.3.0/
[   +4 ms] Found plugin wakelock_plus at /Users/saradafumiaki/.pub-cache/hosted/pub.dev/wakelock_plus-1.5.2/
[   +2 ms] Found plugin package_info_plus at /Users/saradafumiaki/.pub-cache/hosted/pub.dev/package_info_plus-9.0.1/
[   +5 ms] Found plugin url_launcher at /Users/saradafumiaki/.pub-cache/hosted/pub.dev/url_launcher-6.3.2/
[   +1 ms] Found plugin url_launcher_windows at /Users/saradafumiaki/.pub-cache/hosted/pub.dev/url_launcher_windows-3.1.5/
[   +1 ms] Found plugin url_launcher_web at /Users/saradafumiaki/.pub-cache/hosted/pub.dev/url_launcher_web-2.4.2/
[   +1 ms] Found plugin url_launcher_macos at /Users/saradafumiaki/.pub-cache/hosted/pub.dev/url_launcher_macos-3.2.5/
[   +1 ms] Found plugin url_launcher_linux at /Users/saradafumiaki/.pub-cache/hosted/pub.dev/url_launcher_linux-3.2.2/
[   +1 ms] Found plugin url_launcher_ios at /Users/saradafumiaki/.pub-cache/hosted/pub.dev/url_launcher_ios-6.4.1/
[   +1 ms] Found plugin url_launcher_android at /Users/saradafumiaki/.pub-cache/hosted/pub.dev/url_launcher_android-6.3.29/
[   +1 ms] Found plugin syncfusion_flutter_pdfviewer at /Users/saradafumiaki/.pub-cache/hosted/pub.dev/syncfusion_flutter_pdfviewer-28.2.12/
[        ] Found plugin syncfusion_pdfviewer_windows at /Users/saradafumiaki/.pub-cache/hosted/pub.dev/syncfusion_pdfviewer_windows-28.2.12/
[        ] Found plugin syncfusion_pdfviewer_web at /Users/saradafumiaki/.pub-cache/hosted/pub.dev/syncfusion_pdfviewer_web-28.2.12/
[   +1 ms] Found plugin syncfusion_pdfviewer_macos at /Users/saradafumiaki/.pub-cache/hosted/pub.dev/syncfusion_pdfviewer_macos-28.2.12/
[   +4 ms] Found plugin device_info_plus at /Users/saradafumiaki/.pub-cache/hosted/pub.dev/device_info_plus-11.5.0/
[   +2 ms] Found plugin shared_preferences at /Users/saradafumiaki/.pub-cache/hosted/pub.dev/shared_preferences-2.5.5/
[   +1 ms] Found plugin shared_preferences_windows at /Users/saradafumiaki/.pub-cache/hosted/pub.dev/shared_preferences_windows-2.4.1/
[   +2 ms] Found plugin path_provider_windows at /Users/saradafumiaki/.pub-cache/hosted/pub.dev/path_provider_windows-2.3.0/
[   +1 ms] Found plugin shared_preferences_web at /Users/saradafumiaki/.pub-cache/hosted/pub.dev/shared_preferences_web-2.4.3/
[   +1 ms] Found plugin shared_preferences_linux at /Users/saradafumiaki/.pub-cache/hosted/pub.dev/shared_preferences_linux-2.4.1/
[        ] Found plugin path_provider_linux at /Users/saradafumiaki/.pub-cache/hosted/pub.dev/path_provider_linux-2.2.1/
[   +1 ms] Found plugin shared_preferences_foundation at /Users/saradafumiaki/.pub-cache/hosted/pub.dev/shared_preferences_foundation-2.5.6/
[   +1 ms] Found plugin shared_preferences_android at /Users/saradafumiaki/.pub-cache/hosted/pub.dev/shared_preferences_android-2.4.23/
[   +1 ms] Found plugin share_plus at /Users/saradafumiaki/.pub-cache/hosted/pub.dev/share_plus-12.0.2/
[   +2 ms] Found plugin path_provider at /Users/saradafumiaki/.pub-cache/hosted/pub.dev/path_provider-2.1.5/
[   +1 ms] Found plugin path_provider_foundation at /Users/saradafumiaki/.pub-cache/hosted/pub.dev/path_provider_foundation-2.6.0/
[   +4 ms] Found plugin path_provider_android at /Users/saradafumiaki/.pub-cache/hosted/pub.dev/path_provider_android-2.3.1/
[        ] Found plugin jni_flutter at /Users/saradafumiaki/.pub-cache/hosted/pub.dev/jni_flutter-1.0.1/
[        ] Found plugin jni at /Users/saradafumiaki/.pub-cache/hosted/pub.dev/jni-1.0.0/
[   +2 ms] Found plugin printing at /Users/saradafumiaki/.pub-cache/hosted/pub.dev/printing-5.14.3/
[   +5 ms] Found plugin isar_community_flutter_libs at /Users/saradafumiaki/.pub-cache/hosted/pub.dev/isar_community_flutter_libs-3.3.2/
[   +1 ms] Found plugin google_sign_in at /Users/saradafumiaki/.pub-cache/hosted/pub.dev/google_sign_in-6.3.0/
[   +1 ms] Found plugin google_sign_in_web at /Users/saradafumiaki/.pub-cache/hosted/pub.dev/google_sign_in_web-0.12.4+4/
[   +2 ms] Found plugin google_sign_in_ios at /Users/saradafumiaki/.pub-cache/hosted/pub.dev/google_sign_in_ios-5.9.0/
[        ] Found plugin google_sign_in_android at /Users/saradafumiaki/.pub-cache/hosted/pub.dev/google_sign_in_android-6.2.1/
[   +2 ms] Found plugin flutter_tts at /Users/saradafumiaki/.pub-cache/hosted/pub.dev/flutter_tts-4.2.5/
[   +4 ms] Found plugin flutter_image_compress at /Users/saradafumiaki/.pub-cache/hosted/pub.dev/flutter_image_compress-2.4.0/
[   +1 ms] Found plugin flutter_image_compress_web at /Users/saradafumiaki/.pub-cache/hosted/pub.dev/flutter_image_compress_web-0.1.5/
[   +1 ms] Found plugin flutter_image_compress_ohos at /Users/saradafumiaki/.pub-cache/hosted/pub.dev/flutter_image_compress_ohos-0.0.3/
[   +1 ms] Found plugin flutter_image_compress_macos at /Users/saradafumiaki/.pub-cache/hosted/pub.dev/flutter_image_compress_macos-1.0.3/
[   +1 ms] Found plugin flutter_image_compress_common at /Users/saradafumiaki/.pub-cache/hosted/pub.dev/flutter_image_compress_common-1.0.6/
[   +1 ms] Found plugin firebase_storage at /Users/saradafumiaki/.pub-cache/hosted/pub.dev/firebase_storage-13.3.0/
[   +1 ms] Found plugin firebase_storage_web at /Users/saradafumiaki/.pub-cache/hosted/pub.dev/firebase_storage_web-3.11.5/
[   +1 ms] Found plugin firebase_crashlytics at /Users/saradafumiaki/.pub-cache/hosted/pub.dev/firebase_crashlytics-5.2.0/
[   +1 ms] Found plugin firebase_auth at /Users/saradafumiaki/.pub-cache/hosted/pub.dev/firebase_auth-6.4.0/
[   +1 ms] Found plugin firebase_auth_web at /Users/saradafumiaki/.pub-cache/hosted/pub.dev/firebase_auth_web-6.1.5/
[   +1 ms] Found plugin file_picker at /Users/saradafumiaki/.pub-cache/hosted/pub.dev/file_picker-8.3.7/
[        ] Found plugin flutter_plugin_android_lifecycle at /Users/saradafumiaki/.pub-cache/hosted/pub.dev/flutter_plugin_android_lifecycle-2.0.34/
[   +2 ms] Found plugin connectivity_plus at /Users/saradafumiaki/.pub-cache/hosted/pub.dev/connectivity_plus-6.1.5/
[   +2 ms] Found plugin audioplayers at /Users/saradafumiaki/.pub-cache/hosted/pub.dev/audioplayers-6.6.0/
[   +1 ms] Found plugin audioplayers_windows at /Users/saradafumiaki/.pub-cache/hosted/pub.dev/audioplayers_windows-4.3.0/
[   +1 ms] Found plugin audioplayers_web at /Users/saradafumiaki/.pub-cache/hosted/pub.dev/audioplayers_web-5.2.0/
[        ] Found plugin audioplayers_linux at /Users/saradafumiaki/.pub-cache/hosted/pub.dev/audioplayers_linux-4.2.1/
[        ] Found plugin audioplayers_darwin at /Users/saradafumiaki/.pub-cache/hosted/pub.dev/audioplayers_darwin-6.4.0/
[   +1 ms] Found plugin audioplayers_android at /Users/saradafumiaki/.pub-cache/hosted/pub.dev/audioplayers_android-5.2.1/
[   +3 ms] Skipping generating dart_plugin_registrant.dart because it is up-to-date.
[        ] <- recompile file:///var/folders/hh/1g2yms7d3890gm5lz8l0jmj80000gn/T/flutter_tools.X3xqwV/flutter_test_listener.tc2FIe/listener.dart 55e9dcd6-216a-4c76-9279-9cbff8ef73c0
[        ] file:///var/folders/hh/1g2yms7d3890gm5lz8l0jmj80000gn/T/flutter_tools.X3xqwV/flutter_test_listener.tc2FIe/listener.dart
[        ] file:///Users/saradafumiaki/Documents/Apps/kendo_os/.dart_tool/flutter_build/dart_plugin_registrant.dart
[        ] <- 55e9dcd6-216a-4c76-9279-9cbff8ef73c0
[ +279 ms] <- accept
[        ] <- reset
[        ] Compiling file:///var/folders/hh/1g2yms7d3890gm5lz8l0jmj80000gn/T/flutter_tools.X3xqwV/flutter_test_listener.tc2FIe/listener.dart took 544ms
[        ] test 32: starting test device
[        ] test 32: awaiting connection to test device
[        ] test 32: VM Service uri is not available
[        ] test 32: test harness socket server is running at port:54029
[        ] test 32: Starting flutter_tester process with command=[/Users/saradafumiaki/development/flutter/bin/cache/artifacts/engine/darwin-x64/flutter_tester, --disable-vm-service, --enable-checked-mode, --verify-entry-points, --enable-software-rendering, --skia-deterministic-rendering, --enable-dart-profiling, --non-interactive, --use-test-fonts, --disable-asset-fonts, --packages=/Users/saradafumiaki/Documents/Apps/kendo_os/.dart_tool/package_config.json, --flutter-assets-dir=/Users/saradafumiaki/Documents/Apps/kendo_os/build/unit_test_assets, /var/folders/hh/1g2yms7d3890gm5lz8l0jmj80000gn/T/flutter_tools.X3xqwV/flutter_test_listener.tc2FIe/listener.dart.dill], environment={FLUTTER_TEST: true, FONTCONFIG_FILE: /var/folders/hh/1g2yms7d3890gm5lz8l0jmj80000gn/T/flutter_tools.X3xqwV/flutter_test_fonts.hib7TY/fonts.conf, SERVER_PORT: 54029, APP_NAME: kendo_os, UNIT_TEST_ASSETS: /Users/saradafumiaki/Documents/Apps/kendo_os/build/unit_test_assets}
[   +6 ms] test 32: Started flutter_tester process at pid 33529
[ +328 ms] test 31: connected to test device, now awaiting test result
[        ] test 31: Waiting for test harness or tests to finish
00:17 +121 -1: /Users/saradafumiaki/Documents/Apps/kendo_os/test/widget/presentation/operate/screens/bunaiksen_official_record_screen_test.dart: BunaiksenOfficialRecordScreen team score table should display "赤" and "白"
00:17 +122 -1: /Users/saradafumiaki/Documents/Apps/kendo_os/test/widget/presentation/operate/screens/bunaiksen_official_record_screen_test.dart: BunaiksenOfficialRecordScreen team score table should display "赤" and "白"
[  +33 ms] test 29: Test harness is no longer needed by test process
[        ] test 29: finished
[        ] test 29: cleaning up...
[        ] test 29: ensuring test device is terminated.
[        ] test 29: Terminating flutter_tester process
[        ] test 29: Shutting down DevTools server
[        ] test 29: Test process is no longer needed by test harness
[        ] test 29: Shutting down test harness socket server
[   +6 ms] test 29: flutter_tester process at pid 33525 exited with code=-9
[        ] test 29: deleting temporary directory
[   +7 ms] test 29: finished
[        ] test 33: starting test /Users/saradafumiaki/Documents/Apps/kendo_os/test/widget/presentation/viewer/screens/viewer_official_record_screen_test.dart
[   +1 ms] Stopping scan for flutter_test_config.dart; found project root at /Users/saradafumiaki/Documents/Apps/kendo_os
[        ] Compiling file:///var/folders/hh/1g2yms7d3890gm5lz8l0jmj80000gn/T/flutter_tools.X3xqwV/flutter_test_listener.WDRQK2/listener.dart
[  +44 ms] Found plugin integration_test at /Users/saradafumiaki/development/flutter/packages/integration_test/
[  +12 ms] Found plugin firebase_core at /Users/saradafumiaki/.pub-cache/hosted/pub.dev/firebase_core-4.7.0/
[        ] Found plugin firebase_core_web at /Users/saradafumiaki/.pub-cache/hosted/pub.dev/firebase_core_web-3.6.0/
[   +1 ms] Found plugin cloud_firestore at /Users/saradafumiaki/.pub-cache/hosted/pub.dev/cloud_firestore-6.3.0/
[        ] Found plugin cloud_firestore_web at /Users/saradafumiaki/.pub-cache/hosted/pub.dev/cloud_firestore_web-5.3.0/
[   +2 ms] Found plugin wakelock_plus at /Users/saradafumiaki/.pub-cache/hosted/pub.dev/wakelock_plus-1.5.2/
[   +1 ms] Found plugin package_info_plus at /Users/saradafumiaki/.pub-cache/hosted/pub.dev/package_info_plus-9.0.1/
[   +2 ms] Found plugin url_launcher at /Users/saradafumiaki/.pub-cache/hosted/pub.dev/url_launcher-6.3.2/
[        ] Found plugin url_launcher_windows at /Users/saradafumiaki/.pub-cache/hosted/pub.dev/url_launcher_windows-3.1.5/
[        ] Found plugin url_launcher_web at /Users/saradafumiaki/.pub-cache/hosted/pub.dev/url_launcher_web-2.4.2/
[        ] Found plugin url_launcher_macos at /Users/saradafumiaki/.pub-cache/hosted/pub.dev/url_launcher_macos-3.2.5/
[        ] Found plugin url_launcher_linux at /Users/saradafumiaki/.pub-cache/hosted/pub.dev/url_launcher_linux-3.2.2/
[        ] Found plugin url_launcher_ios at /Users/saradafumiaki/.pub-cache/hosted/pub.dev/url_launcher_ios-6.4.1/
[        ] Found plugin url_launcher_android at /Users/saradafumiaki/.pub-cache/hosted/pub.dev/url_launcher_android-6.3.29/
[        ] Found plugin syncfusion_flutter_pdfviewer at /Users/saradafumiaki/.pub-cache/hosted/pub.dev/syncfusion_flutter_pdfviewer-28.2.12/
[        ] Found plugin syncfusion_pdfviewer_windows at /Users/saradafumiaki/.pub-cache/hosted/pub.dev/syncfusion_pdfviewer_windows-28.2.12/
[        ] Found plugin syncfusion_pdfviewer_web at /Users/saradafumiaki/.pub-cache/hosted/pub.dev/syncfusion_pdfviewer_web-28.2.12/
[        ] Found plugin syncfusion_pdfviewer_macos at /Users/saradafumiaki/.pub-cache/hosted/pub.dev/syncfusion_pdfviewer_macos-28.2.12/
[   +2 ms] Found plugin device_info_plus at /Users/saradafumiaki/.pub-cache/hosted/pub.dev/device_info_plus-11.5.0/
[   +1 ms] Found plugin shared_preferences at /Users/saradafumiaki/.pub-cache/hosted/pub.dev/shared_preferences-2.5.5/
[        ] Found plugin shared_preferences_windows at /Users/saradafumiaki/.pub-cache/hosted/pub.dev/shared_preferences_windows-2.4.1/
[   +1 ms] Found plugin path_provider_windows at /Users/saradafumiaki/.pub-cache/hosted/pub.dev/path_provider_windows-2.3.0/
[   +1 ms] Found plugin shared_preferences_web at /Users/saradafumiaki/.pub-cache/hosted/pub.dev/shared_preferences_web-2.4.3/
[        ] Found plugin shared_preferences_linux at /Users/saradafumiaki/.pub-cache/hosted/pub.dev/shared_preferences_linux-2.4.1/
[        ] Found plugin path_provider_linux at /Users/saradafumiaki/.pub-cache/hosted/pub.dev/path_provider_linux-2.2.1/
[   +1 ms] Found plugin shared_preferences_foundation at /Users/saradafumiaki/.pub-cache/hosted/pub.dev/shared_preferences_foundation-2.5.6/
[        ] Found plugin shared_preferences_android at /Users/saradafumiaki/.pub-cache/hosted/pub.dev/shared_preferences_android-2.4.23/
[   +1 ms] Found plugin share_plus at /Users/saradafumiaki/.pub-cache/hosted/pub.dev/share_plus-12.0.2/
[   +1 ms] Found plugin path_provider at /Users/saradafumiaki/.pub-cache/hosted/pub.dev/path_provider-2.1.5/
[        ] Found plugin path_provider_foundation at /Users/saradafumiaki/.pub-cache/hosted/pub.dev/path_provider_foundation-2.6.0/
[   +3 ms] Found plugin path_provider_android at /Users/saradafumiaki/.pub-cache/hosted/pub.dev/path_provider_android-2.3.1/
[        ] Found plugin jni_flutter at /Users/saradafumiaki/.pub-cache/hosted/pub.dev/jni_flutter-1.0.1/
[        ] Found plugin jni at /Users/saradafumiaki/.pub-cache/hosted/pub.dev/jni-1.0.0/
[   +2 ms] Found plugin printing at /Users/saradafumiaki/.pub-cache/hosted/pub.dev/printing-5.14.3/
[   +4 ms] Found plugin isar_community_flutter_libs at /Users/saradafumiaki/.pub-cache/hosted/pub.dev/isar_community_flutter_libs-3.3.2/
[        ] Found plugin google_sign_in at /Users/saradafumiaki/.pub-cache/hosted/pub.dev/google_sign_in-6.3.0/
[        ] Found plugin google_sign_in_web at /Users/saradafumiaki/.pub-cache/hosted/pub.dev/google_sign_in_web-0.12.4+4/
[   +1 ms] Found plugin google_sign_in_ios at /Users/saradafumiaki/.pub-cache/hosted/pub.dev/google_sign_in_ios-5.9.0/
[        ] Found plugin google_sign_in_android at /Users/saradafumiaki/.pub-cache/hosted/pub.dev/google_sign_in_android-6.2.1/
[   +1 ms] Found plugin flutter_tts at /Users/saradafumiaki/.pub-cache/hosted/pub.dev/flutter_tts-4.2.5/
[   +4 ms] Found plugin flutter_image_compress at /Users/saradafumiaki/.pub-cache/hosted/pub.dev/flutter_image_compress-2.4.0/
[        ] Found plugin flutter_image_compress_web at /Users/saradafumiaki/.pub-cache/hosted/pub.dev/flutter_image_compress_web-0.1.5/
[   +1 ms] Found plugin flutter_image_compress_ohos at /Users/saradafumiaki/.pub-cache/hosted/pub.dev/flutter_image_compress_ohos-0.0.3/
[        ] Found plugin flutter_image_compress_macos at /Users/saradafumiaki/.pub-cache/hosted/pub.dev/flutter_image_compress_macos-1.0.3/
[        ] Found plugin flutter_image_compress_common at /Users/saradafumiaki/.pub-cache/hosted/pub.dev/flutter_image_compress_common-1.0.6/
[        ] Found plugin firebase_storage at /Users/saradafumiaki/.pub-cache/hosted/pub.dev/firebase_storage-13.3.0/
[        ] Found plugin firebase_storage_web at /Users/saradafumiaki/.pub-cache/hosted/pub.dev/firebase_storage_web-3.11.5/
[   +1 ms] Found plugin firebase_crashlytics at /Users/saradafumiaki/.pub-cache/hosted/pub.dev/firebase_crashlytics-5.2.0/
[   +1 ms] Found plugin firebase_auth at /Users/saradafumiaki/.pub-cache/hosted/pub.dev/firebase_auth-6.4.0/
[        ] Found plugin firebase_auth_web at /Users/saradafumiaki/.pub-cache/hosted/pub.dev/firebase_auth_web-6.1.5/
[   +1 ms] Found plugin file_picker at /Users/saradafumiaki/.pub-cache/hosted/pub.dev/file_picker-8.3.7/
[        ] Found plugin flutter_plugin_android_lifecycle at /Users/saradafumiaki/.pub-cache/hosted/pub.dev/flutter_plugin_android_lifecycle-2.0.34/
[   +2 ms] Found plugin connectivity_plus at /Users/saradafumiaki/.pub-cache/hosted/pub.dev/connectivity_plus-6.1.5/
[   +2 ms] Found plugin audioplayers at /Users/saradafumiaki/.pub-cache/hosted/pub.dev/audioplayers-6.6.0/
[   +1 ms] Found plugin audioplayers_windows at /Users/saradafumiaki/.pub-cache/hosted/pub.dev/audioplayers_windows-4.3.0/
[   +1 ms] Found plugin audioplayers_web at /Users/saradafumiaki/.pub-cache/hosted/pub.dev/audioplayers_web-5.2.0/
[        ] Found plugin audioplayers_linux at /Users/saradafumiaki/.pub-cache/hosted/pub.dev/audioplayers_linux-4.2.1/
[        ] Found plugin audioplayers_darwin at /Users/saradafumiaki/.pub-cache/hosted/pub.dev/audioplayers_darwin-6.4.0/
[        ] Found plugin audioplayers_android at /Users/saradafumiaki/.pub-cache/hosted/pub.dev/audioplayers_android-5.2.1/
[   +2 ms] Skipping generating dart_plugin_registrant.dart because it is up-to-date.
[        ] <- recompile file:///var/folders/hh/1g2yms7d3890gm5lz8l0jmj80000gn/T/flutter_tools.X3xqwV/flutter_test_listener.WDRQK2/listener.dart 834ff45d-2e2a-48e6-ba24-c9a98877cb23
[        ] file:///var/folders/hh/1g2yms7d3890gm5lz8l0jmj80000gn/T/flutter_tools.X3xqwV/flutter_test_listener.WDRQK2/listener.dart
[        ] file:///Users/saradafumiaki/Documents/Apps/kendo_os/.dart_tool/flutter_build/dart_plugin_registrant.dart
[        ] <- 834ff45d-2e2a-48e6-ba24-c9a98877cb23
[ +267 ms] <- accept
[        ] <- reset
[        ] Compiling file:///var/folders/hh/1g2yms7d3890gm5lz8l0jmj80000gn/T/flutter_tools.X3xqwV/flutter_test_listener.WDRQK2/listener.dart took 399ms
[        ] test 33: starting test device
[        ] test 33: awaiting connection to test device
[        ] test 33: VM Service uri is not available
[        ] test 33: test harness socket server is running at port:54031
[        ] test 33: Starting flutter_tester process with command=[/Users/saradafumiaki/development/flutter/bin/cache/artifacts/engine/darwin-x64/flutter_tester, --disable-vm-service, --enable-checked-mode, --verify-entry-points, --enable-software-rendering, --skia-deterministic-rendering, --enable-dart-profiling, --non-interactive, --use-test-fonts, --disable-asset-fonts, --packages=/Users/saradafumiaki/Documents/Apps/kendo_os/.dart_tool/package_config.json, --flutter-assets-dir=/Users/saradafumiaki/Documents/Apps/kendo_os/build/unit_test_assets, /var/folders/hh/1g2yms7d3890gm5lz8l0jmj80000gn/T/flutter_tools.X3xqwV/flutter_test_listener.WDRQK2/listener.dart.dill], environment={FLUTTER_TEST: true, FONTCONFIG_FILE: /var/folders/hh/1g2yms7d3890gm5lz8l0jmj80000gn/T/flutter_tools.X3xqwV/flutter_test_fonts.hib7TY/fonts.conf, SERVER_PORT: 54031, APP_NAME: kendo_os, UNIT_TEST_ASSETS: /Users/saradafumiaki/Documents/Apps/kendo_os/build/unit_test_assets}
[   +6 ms] test 33: Started flutter_tester process at pid 33530
00:18 +123 -1: /Users/saradafumiaki/Documents/Apps/kendo_os/test/widget/presentation/operate/screens/official_record_screen_test.dart: OfficialRecordScreen UI/Logic Tests 1. 代表戦のスコアがチームの合計(勝数/本数)に合算されないこと
[ +208 ms] test 32: connected to test device, now awaiting test result
[        ] test 32: Waiting for test harness or tests to finish
00:18 +124 -1: /Users/saradafumiaki/Documents/Apps/kendo_os/test/widget/presentation/operate/screens/official_record_screen_test.dart: OfficialRecordScreen UI/Logic Tests 1. 代表戦のスコアがチームの合計(勝数/本数)に合算されないこと
00:18 +125 -1: /Users/saradafumiaki/Documents/Apps/kendo_os/test/widget/presentation/operate/screens/official_record_screen_test.dart: OfficialRecordScreen UI/Logic Tests 1. 代表戦のスコアがチームの合計(勝数/本数)に合算されないこと
00:18 +126 -1: /Users/saradafumiaki/Documents/Apps/kendo_os/test/widget/presentation/operate/screens/official_record_screen_test.dart: OfficialRecordScreen UI/Logic Tests 1. 代表戦のスコアがチームの合計(勝数/本数)に合算されないこと
[ +675 ms] test 33: connected to test device, now awaiting test result
[        ] test 33: Waiting for test harness or tests to finish
00:19 +127 -1: /Users/saradafumiaki/Documents/Apps/kendo_os/test/widget/presentation/operate/screens/official_record_screen_test.dart: OfficialRecordScreen UI/Logic Tests 1. 代表戦のスコアがチームの合計(勝数/本数)に合算されないこと
[ +135 ms] test 30: Test harness is no longer needed by test process
[        ] test 30: finished
[        ] test 30: cleaning up...
[        ] test 30: ensuring test device is terminated.
[        ] test 30: Terminating flutter_tester process
[        ] test 30: Shutting down DevTools server
[        ] test 30: Test process is no longer needed by test harness
[        ] test 30: Shutting down test harness socket server
[   +8 ms] test 30: flutter_tester process at pid 33526 exited with code=-9
[        ] test 30: deleting temporary directory
[   +6 ms] test 30: finished
[        ] test 34: starting test /Users/saradafumiaki/Documents/Apps/kendo_os/test/integration/manual_screenshot_test.dart
[   +3 ms] Stopping scan for flutter_test_config.dart; found project root at /Users/saradafumiaki/Documents/Apps/kendo_os
[        ] Compiling file:///var/folders/hh/1g2yms7d3890gm5lz8l0jmj80000gn/T/flutter_tools.X3xqwV/flutter_test_listener.MT2kWf/listener.dart
[  +48 ms] Found plugin integration_test at /Users/saradafumiaki/development/flutter/packages/integration_test/
[  +13 ms] Found plugin firebase_core at /Users/saradafumiaki/.pub-cache/hosted/pub.dev/firebase_core-4.7.0/
[        ] Found plugin firebase_core_web at /Users/saradafumiaki/.pub-cache/hosted/pub.dev/firebase_core_web-3.6.0/
[   +2 ms] Found plugin cloud_firestore at /Users/saradafumiaki/.pub-cache/hosted/pub.dev/cloud_firestore-6.3.0/
[        ] Found plugin cloud_firestore_web at /Users/saradafumiaki/.pub-cache/hosted/pub.dev/cloud_firestore_web-5.3.0/
[   +2 ms] Found plugin wakelock_plus at /Users/saradafumiaki/.pub-cache/hosted/pub.dev/wakelock_plus-1.5.2/
[   +1 ms] Found plugin package_info_plus at /Users/saradafumiaki/.pub-cache/hosted/pub.dev/package_info_plus-9.0.1/
[   +3 ms] Found plugin url_launcher at /Users/saradafumiaki/.pub-cache/hosted/pub.dev/url_launcher-6.3.2/
[        ] Found plugin url_launcher_windows at /Users/saradafumiaki/.pub-cache/hosted/pub.dev/url_launcher_windows-3.1.5/
[   +1 ms] Found plugin url_launcher_web at /Users/saradafumiaki/.pub-cache/hosted/pub.dev/url_launcher_web-2.4.2/
[        ] Found plugin url_launcher_macos at /Users/saradafumiaki/.pub-cache/hosted/pub.dev/url_launcher_macos-3.2.5/
[        ] Found plugin url_launcher_linux at /Users/saradafumiaki/.pub-cache/hosted/pub.dev/url_launcher_linux-3.2.2/
[        ] Found plugin url_launcher_ios at /Users/saradafumiaki/.pub-cache/hosted/pub.dev/url_launcher_ios-6.4.1/
[        ] Found plugin url_launcher_android at /Users/saradafumiaki/.pub-cache/hosted/pub.dev/url_launcher_android-6.3.29/
[   +1 ms] Found plugin syncfusion_flutter_pdfviewer at /Users/saradafumiaki/.pub-cache/hosted/pub.dev/syncfusion_flutter_pdfviewer-28.2.12/
[        ] Found plugin syncfusion_pdfviewer_windows at /Users/saradafumiaki/.pub-cache/hosted/pub.dev/syncfusion_pdfviewer_windows-28.2.12/
[        ] Found plugin syncfusion_pdfviewer_web at /Users/saradafumiaki/.pub-cache/hosted/pub.dev/syncfusion_pdfviewer_web-28.2.12/
[   +1 ms] Found plugin syncfusion_pdfviewer_macos at /Users/saradafumiaki/.pub-cache/hosted/pub.dev/syncfusion_pdfviewer_macos-28.2.12/
[   +2 ms] Found plugin device_info_plus at /Users/saradafumiaki/.pub-cache/hosted/pub.dev/device_info_plus-11.5.0/
[   +1 ms] Found plugin shared_preferences at /Users/saradafumiaki/.pub-cache/hosted/pub.dev/shared_preferences-2.5.5/
[        ] Found plugin shared_preferences_windows at /Users/saradafumiaki/.pub-cache/hosted/pub.dev/shared_preferences_windows-2.4.1/
[   +1 ms] Found plugin path_provider_windows at /Users/saradafumiaki/.pub-cache/hosted/pub.dev/path_provider_windows-2.3.0/
[   +1 ms] Found plugin shared_preferences_web at /Users/saradafumiaki/.pub-cache/hosted/pub.dev/shared_preferences_web-2.4.3/
[        ] Found plugin shared_preferences_linux at /Users/saradafumiaki/.pub-cache/hosted/pub.dev/shared_preferences_linux-2.4.1/
[        ] Found plugin path_provider_linux at /Users/saradafumiaki/.pub-cache/hosted/pub.dev/path_provider_linux-2.2.1/
[   +1 ms] Found plugin shared_preferences_foundation at /Users/saradafumiaki/.pub-cache/hosted/pub.dev/shared_preferences_foundation-2.5.6/
[        ] Found plugin shared_preferences_android at /Users/saradafumiaki/.pub-cache/hosted/pub.dev/shared_preferences_android-2.4.23/
[        ] Found plugin share_plus at /Users/saradafumiaki/.pub-cache/hosted/pub.dev/share_plus-12.0.2/
[   +1 ms] Found plugin path_provider at /Users/saradafumiaki/.pub-cache/hosted/pub.dev/path_provider-2.1.5/
[        ] Found plugin path_provider_foundation at /Users/saradafumiaki/.pub-cache/hosted/pub.dev/path_provider_foundation-2.6.0/
[   +2 ms] Found plugin path_provider_android at /Users/saradafumiaki/.pub-cache/hosted/pub.dev/path_provider_android-2.3.1/
[        ] Found plugin jni_flutter at /Users/saradafumiaki/.pub-cache/hosted/pub.dev/jni_flutter-1.0.1/
[        ] Found plugin jni at /Users/saradafumiaki/.pub-cache/hosted/pub.dev/jni-1.0.0/
[   +2 ms] Found plugin printing at /Users/saradafumiaki/.pub-cache/hosted/pub.dev/printing-5.14.3/
[   +5 ms] Found plugin isar_community_flutter_libs at /Users/saradafumiaki/.pub-cache/hosted/pub.dev/isar_community_flutter_libs-3.3.2/
[   +1 ms] Found plugin google_sign_in at /Users/saradafumiaki/.pub-cache/hosted/pub.dev/google_sign_in-6.3.0/
[        ] Found plugin google_sign_in_web at /Users/saradafumiaki/.pub-cache/hosted/pub.dev/google_sign_in_web-0.12.4+4/
[   +1 ms] Found plugin google_sign_in_ios at /Users/saradafumiaki/.pub-cache/hosted/pub.dev/google_sign_in_ios-5.9.0/
[        ] Found plugin google_sign_in_android at /Users/saradafumiaki/.pub-cache/hosted/pub.dev/google_sign_in_android-6.2.1/
[   +1 ms] Found plugin flutter_tts at /Users/saradafumiaki/.pub-cache/hosted/pub.dev/flutter_tts-4.2.5/
[   +3 ms] Found plugin flutter_image_compress at /Users/saradafumiaki/.pub-cache/hosted/pub.dev/flutter_image_compress-2.4.0/
[        ] Found plugin flutter_image_compress_web at /Users/saradafumiaki/.pub-cache/hosted/pub.dev/flutter_image_compress_web-0.1.5/
[   +1 ms] Found plugin flutter_image_compress_ohos at /Users/saradafumiaki/.pub-cache/hosted/pub.dev/flutter_image_compress_ohos-0.0.3/
[        ] Found plugin flutter_image_compress_macos at /Users/saradafumiaki/.pub-cache/hosted/pub.dev/flutter_image_compress_macos-1.0.3/
[        ] Found plugin flutter_image_compress_common at /Users/saradafumiaki/.pub-cache/hosted/pub.dev/flutter_image_compress_common-1.0.6/
[        ] Found plugin firebase_storage at /Users/saradafumiaki/.pub-cache/hosted/pub.dev/firebase_storage-13.3.0/
[        ] Found plugin firebase_storage_web at /Users/saradafumiaki/.pub-cache/hosted/pub.dev/firebase_storage_web-3.11.5/
[   +1 ms] Found plugin firebase_crashlytics at /Users/saradafumiaki/.pub-cache/hosted/pub.dev/firebase_crashlytics-5.2.0/
[   +1 ms] Found plugin firebase_auth at /Users/saradafumiaki/.pub-cache/hosted/pub.dev/firebase_auth-6.4.0/
[        ] Found plugin firebase_auth_web at /Users/saradafumiaki/.pub-cache/hosted/pub.dev/firebase_auth_web-6.1.5/
[   +1 ms] Found plugin file_picker at /Users/saradafumiaki/.pub-cache/hosted/pub.dev/file_picker-8.3.7/
[        ] Found plugin flutter_plugin_android_lifecycle at /Users/saradafumiaki/.pub-cache/hosted/pub.dev/flutter_plugin_android_lifecycle-2.0.34/
[   +1 ms] Found plugin connectivity_plus at /Users/saradafumiaki/.pub-cache/hosted/pub.dev/connectivity_plus-6.1.5/
[   +1 ms] Found plugin audioplayers at /Users/saradafumiaki/.pub-cache/hosted/pub.dev/audioplayers-6.6.0/
[   +1 ms] Found plugin audioplayers_windows at /Users/saradafumiaki/.pub-cache/hosted/pub.dev/audioplayers_windows-4.3.0/
[   +1 ms] Found plugin audioplayers_web at /Users/saradafumiaki/.pub-cache/hosted/pub.dev/audioplayers_web-5.2.0/
[        ] Found plugin audioplayers_linux at /Users/saradafumiaki/.pub-cache/hosted/pub.dev/audioplayers_linux-4.2.1/
[        ] Found plugin audioplayers_darwin at /Users/saradafumiaki/.pub-cache/hosted/pub.dev/audioplayers_darwin-6.4.0/
[        ] Found plugin audioplayers_android at /Users/saradafumiaki/.pub-cache/hosted/pub.dev/audioplayers_android-5.2.1/
[   +2 ms] Skipping generating dart_plugin_registrant.dart because it is up-to-date.
[        ] <- recompile file:///var/folders/hh/1g2yms7d3890gm5lz8l0jmj80000gn/T/flutter_tools.X3xqwV/flutter_test_listener.MT2kWf/listener.dart 1f35adf9-f5dd-459b-9f6c-80f7f3dd10fe
[        ] file:///var/folders/hh/1g2yms7d3890gm5lz8l0jmj80000gn/T/flutter_tools.X3xqwV/flutter_test_listener.MT2kWf/listener.dart
[        ] file:///Users/saradafumiaki/Documents/Apps/kendo_os/.dart_tool/flutter_build/dart_plugin_registrant.dart
[        ] <- 1f35adf9-f5dd-459b-9f6c-80f7f3dd10fe
[ +163 ms] <- accept
[        ] <- reset
[        ] Compiling file:///var/folders/hh/1g2yms7d3890gm5lz8l0jmj80000gn/T/flutter_tools.X3xqwV/flutter_test_listener.MT2kWf/listener.dart took 303ms
[        ] test 34: starting test device
[        ] test 34: awaiting connection to test device
[        ] test 34: VM Service uri is not available
[        ] test 34: test harness socket server is running at port:54034
[        ] test 34: Starting flutter_tester process with command=[/Users/saradafumiaki/development/flutter/bin/cache/artifacts/engine/darwin-x64/flutter_tester, --disable-vm-service, --enable-checked-mode, --verify-entry-points, --enable-software-rendering, --skia-deterministic-rendering, --enable-dart-profiling, --non-interactive, --use-test-fonts, --disable-asset-fonts, --packages=/Users/saradafumiaki/Documents/Apps/kendo_os/.dart_tool/package_config.json, --flutter-assets-dir=/Users/saradafumiaki/Documents/Apps/kendo_os/build/unit_test_assets, /var/folders/hh/1g2yms7d3890gm5lz8l0jmj80000gn/T/flutter_tools.X3xqwV/flutter_test_listener.MT2kWf/listener.dart.dill], environment={FLUTTER_TEST: true, FONTCONFIG_FILE: /var/folders/hh/1g2yms7d3890gm5lz8l0jmj80000gn/T/flutter_tools.X3xqwV/flutter_test_fonts.hib7TY/fonts.conf, SERVER_PORT: 54034, APP_NAME: kendo_os, UNIT_TEST_ASSETS: /Users/saradafumiaki/Documents/Apps/kendo_os/build/unit_test_assets}
[   +6 ms] test 34: Started flutter_tester process at pid 33538
00:19 +128 -1: /Users/saradafumiaki/Documents/Apps/kendo_os/test/widget/presentation/viewer/screens/viewer_bunaiksen_official_record_screen_test.dart: ViewerBunaiksenOfficialRecordScreen team score table should display "赤" and "白"
00:19 +129 -1: /Users/saradafumiaki/Documents/Apps/kendo_os/test/widget/presentation/viewer/screens/viewer_bunaiksen_official_record_screen_test.dart: ViewerBunaiksenOfficialRecordScreen team score table should display "赤" and "白"
00:19 +130 -1: /Users/saradafumiaki/Documents/Apps/kendo_os/test/widget/presentation/viewer/screens/viewer_bunaiksen_official_record_screen_test.dart: ViewerBunaiksenOfficialRecordScreen team score table should display "赤" and "白"
[ +558 ms] test 34: connected to test device, now awaiting test result
[        ] test 34: Waiting for test harness or tests to finish
00:19 +131 -1: /Users/saradafumiaki/Documents/Apps/kendo_os/test/widget/presentation/viewer/screens/viewer_bunaiksen_official_record_screen_test.dart: ViewerBunaiksenOfficialRecordScreen team score table should display "赤" and "白"
00:20 +132 -1: /Users/saradafumiaki/Documents/Apps/kendo_os/test/widget/presentation/viewer/screens/viewer_official_record_screen_test.dart: ViewerOfficialRecordScreen should display empty cell for "欠員"
00:20 +133 -1: /Users/saradafumiaki/Documents/Apps/kendo_os/test/widget/presentation/viewer/screens/viewer_official_record_screen_test.dart: ViewerOfficialRecordScreen should display empty cell for "欠員"
00:20 +134 -1: /Users/saradafumiaki/Documents/Apps/kendo_os/test/widget/presentation/viewer/screens/viewer_official_record_screen_test.dart: ViewerOfficialRecordScreen should display empty cell for "欠員"
00:20 +135 -1: /Users/saradafumiaki/Documents/Apps/kendo_os/test/widget/presentation/viewer/screens/viewer_official_record_screen_test.dart: ViewerOfficialRecordScreen should display empty cell for "欠員"
00:20 +136 -1: /Users/saradafumiaki/Documents/Apps/kendo_os/test/widget/presentation/viewer/screens/viewer_official_record_screen_test.dart: ViewerOfficialRecordScreen should display empty cell for "欠員"
[ +476 ms] test 31: Test harness is no longer needed by test process
[        ] test 31: finished
[        ] test 31: cleaning up...
[        ] test 31: ensuring test device is terminated.
[        ] test 31: Terminating flutter_tester process
[        ] test 31: Shutting down DevTools server
[        ] test 31: Test process is no longer needed by test harness
[        ] test 31: Shutting down test harness socket server
[  +11 ms] test 31: flutter_tester process at pid 33527 exited with code=-9
[        ] test 31: deleting temporary directory
[  +11 ms] test 31: finished
[        ] test 35: starting test /Users/saradafumiaki/Documents/Apps/kendo_os/test/integration/concurrency_simulation_test.dart
[   +1 ms] Stopping scan for flutter_test_config.dart; found project root at /Users/saradafumiaki/Documents/Apps/kendo_os
[        ] Compiling file:///var/folders/hh/1g2yms7d3890gm5lz8l0jmj80000gn/T/flutter_tools.X3xqwV/flutter_test_listener.IDMN9H/listener.dart
[  +43 ms] Found plugin integration_test at /Users/saradafumiaki/development/flutter/packages/integration_test/
00:20 +137 -1: /Users/saradafumiaki/Documents/Apps/kendo_os/test/widget/presentation/viewer/screens/viewer_official_record_screen_test.dart: ViewerOfficialRecordScreen should display empty cell for "欠員"
[  +16 ms] Found plugin firebase_core at /Users/saradafumiaki/.pub-cache/hosted/pub.dev/firebase_core-4.7.0/
[        ] Found plugin firebase_core_web at /Users/saradafumiaki/.pub-cache/hosted/pub.dev/firebase_core_web-3.6.0/
[   +2 ms] Found plugin cloud_firestore at /Users/saradafumiaki/.pub-cache/hosted/pub.dev/cloud_firestore-6.3.0/
[        ] Found plugin cloud_firestore_web at /Users/saradafumiaki/.pub-cache/hosted/pub.dev/cloud_firestore_web-5.3.0/
[   +3 ms] Found plugin wakelock_plus at /Users/saradafumiaki/.pub-cache/hosted/pub.dev/wakelock_plus-1.5.2/
[   +2 ms] Found plugin package_info_plus at /Users/saradafumiaki/.pub-cache/hosted/pub.dev/package_info_plus-9.0.1/
[   +3 ms] Found plugin url_launcher at /Users/saradafumiaki/.pub-cache/hosted/pub.dev/url_launcher-6.3.2/
[        ] Found plugin url_launcher_windows at /Users/saradafumiaki/.pub-cache/hosted/pub.dev/url_launcher_windows-3.1.5/
[        ] Found plugin url_launcher_web at /Users/saradafumiaki/.pub-cache/hosted/pub.dev/url_launcher_web-2.4.2/
[        ] Found plugin url_launcher_macos at /Users/saradafumiaki/.pub-cache/hosted/pub.dev/url_launcher_macos-3.2.5/
[        ] Found plugin url_launcher_linux at /Users/saradafumiaki/.pub-cache/hosted/pub.dev/url_launcher_linux-3.2.2/
00:20 +138 -1: /Users/saradafumiaki/Documents/Apps/kendo_os/test/widget/presentation/viewer/screens/viewer_official_record_screen_test.dart: ViewerOfficialRecordScreen should display empty cell for "欠員"
00:20 +138 -1: /Users/saradafumiaki/Documents/Apps/kendo_os/test/integration/manual_screenshot_test.dart: (tearDownAll)
Warning: integration_test plugin was not detected.

If you're running the tests with `flutter drive`, please make sure your tests
[   +1 ms] test 32: Test harness is no longer needed by test process
[        ] test 32: finished
[        ] test 32: cleaning up...
[        ] test 32: ensuring test device is terminated.
[        ] test 32: Terminating flutter_tester process
[        ] test 32: Shutting down DevTools server
[        ] test 32: Test process is no longer needed by test harness
[        ] test 32: Shutting down test harness socket server
are in the `integration_test/` directory of your package and use
`flutter test $path_to_test` to run it instead.

If you're running the tests with Android instrumentation or XCTest, this means
that you are not capturing test results properly! See the following link for
how to set up the integration_test plugin:

https://docs.flutter.dev/testing/integration-tests

[        ] Found plugin url_launcher_ios at /Users/saradafumiaki/.pub-cache/hosted/pub.dev/url_launcher_ios-6.4.1/
00:20 +138 -1: /Users/saradafumiaki/Documents/Apps/kendo_os/test/widget/presentation/viewer/screens/viewer_official_record_screen_test.dart: ViewerOfficialRecordScreen should display empty cell for "欠員"
[        ] test 34: Test harness is no longer needed by test process
[        ] test 34: finished
[        ] test 34: cleaning up...
[        ] test 34: ensuring test device is terminated.
[        ] test 34: Terminating flutter_tester process
[        ] test 34: Shutting down DevTools server
[        ] test 34: Test process is no longer needed by test harness
[        ] test 34: Shutting down test harness socket server
[        ] Found plugin url_launcher_android at /Users/saradafumiaki/.pub-cache/hosted/pub.dev/url_launcher_android-6.3.29/
[   +1 ms] Found plugin syncfusion_flutter_pdfviewer at /Users/saradafumiaki/.pub-cache/hosted/pub.dev/syncfusion_flutter_pdfviewer-28.2.12/
[        ] Found plugin syncfusion_pdfviewer_windows at /Users/saradafumiaki/.pub-cache/hosted/pub.dev/syncfusion_pdfviewer_windows-28.2.12/
[        ] Found plugin syncfusion_pdfviewer_web at /Users/saradafumiaki/.pub-cache/hosted/pub.dev/syncfusion_pdfviewer_web-28.2.12/
[        ] Found plugin syncfusion_pdfviewer_macos at /Users/saradafumiaki/.pub-cache/hosted/pub.dev/syncfusion_pdfviewer_macos-28.2.12/
[   +2 ms] Found plugin device_info_plus at /Users/saradafumiaki/.pub-cache/hosted/pub.dev/device_info_plus-11.5.0/
[        ] test 34: flutter_tester process at pid 33538 exited with code=-9
[        ] test 34: deleting temporary directory
[   +2 ms] test 34: finished
[        ] test 32: flutter_tester process at pid 33529 exited with code=-9
[        ] test 32: deleting temporary directory
[   +9 ms] test 32: finished
[        ] test 36: starting test /Users/saradafumiaki/Documents/Apps/kendo_os/test/integration/chaos_network_simulation_test.dart
[   +1 ms] Stopping scan for flutter_test_config.dart; found project root at /Users/saradafumiaki/Documents/Apps/kendo_os
[        ] test 37: starting test /Users/saradafumiaki/Documents/Apps/kendo_os/test/integration/timeline_merge_test.dart
[        ] Stopping scan for flutter_test_config.dart; found project root at /Users/saradafumiaki/Documents/Apps/kendo_os
[   +1 ms] Found plugin shared_preferences at /Users/saradafumiaki/.pub-cache/hosted/pub.dev/shared_preferences-2.5.5/
[        ] Found plugin shared_preferences_windows at /Users/saradafumiaki/.pub-cache/hosted/pub.dev/shared_preferences_windows-2.4.1/
[   +1 ms] Found plugin path_provider_windows at /Users/saradafumiaki/.pub-cache/hosted/pub.dev/path_provider_windows-2.3.0/
[        ] Found plugin shared_preferences_web at /Users/saradafumiaki/.pub-cache/hosted/pub.dev/shared_preferences_web-2.4.3/
[        ] Found plugin shared_preferences_linux at /Users/saradafumiaki/.pub-cache/hosted/pub.dev/shared_preferences_linux-2.4.1/
[        ] Found plugin path_provider_linux at /Users/saradafumiaki/.pub-cache/hosted/pub.dev/path_provider_linux-2.2.1/
[        ] Found plugin shared_preferences_foundation at /Users/saradafumiaki/.pub-cache/hosted/pub.dev/shared_preferences_foundation-2.5.6/
[        ] Found plugin shared_preferences_android at /Users/saradafumiaki/.pub-cache/hosted/pub.dev/shared_preferences_android-2.4.23/
[        ] Found plugin share_plus at /Users/saradafumiaki/.pub-cache/hosted/pub.dev/share_plus-12.0.2/
[   +1 ms] Found plugin path_provider at /Users/saradafumiaki/.pub-cache/hosted/pub.dev/path_provider-2.1.5/
[        ] Found plugin path_provider_foundation at /Users/saradafumiaki/.pub-cache/hosted/pub.dev/path_provider_foundation-2.6.0/
[   +2 ms] Found plugin path_provider_android at /Users/saradafumiaki/.pub-cache/hosted/pub.dev/path_provider_android-2.3.1/
[        ] Found plugin jni_flutter at /Users/saradafumiaki/.pub-cache/hosted/pub.dev/jni_flutter-1.0.1/
[        ] Found plugin jni at /Users/saradafumiaki/.pub-cache/hosted/pub.dev/jni-1.0.0/
[   +1 ms] Found plugin printing at /Users/saradafumiaki/.pub-cache/hosted/pub.dev/printing-5.14.3/
[   +3 ms] Found plugin isar_community_flutter_libs at /Users/saradafumiaki/.pub-cache/hosted/pub.dev/isar_community_flutter_libs-3.3.2/
[        ] Found plugin google_sign_in at /Users/saradafumiaki/.pub-cache/hosted/pub.dev/google_sign_in-6.3.0/
[        ] Found plugin google_sign_in_web at /Users/saradafumiaki/.pub-cache/hosted/pub.dev/google_sign_in_web-0.12.4+4/
[   +1 ms] Found plugin google_sign_in_ios at /Users/saradafumiaki/.pub-cache/hosted/pub.dev/google_sign_in_ios-5.9.0/
[        ] Found plugin google_sign_in_android at /Users/saradafumiaki/.pub-cache/hosted/pub.dev/google_sign_in_android-6.2.1/
[   +1 ms] Found plugin flutter_tts at /Users/saradafumiaki/.pub-cache/hosted/pub.dev/flutter_tts-4.2.5/
[   +2 ms] Found plugin flutter_image_compress at /Users/saradafumiaki/.pub-cache/hosted/pub.dev/flutter_image_compress-2.4.0/
[        ] Found plugin flutter_image_compress_web at /Users/saradafumiaki/.pub-cache/hosted/pub.dev/flutter_image_compress_web-0.1.5/
[        ] Found plugin flutter_image_compress_ohos at /Users/saradafumiaki/.pub-cache/hosted/pub.dev/flutter_image_compress_ohos-0.0.3/
[        ] Found plugin flutter_image_compress_macos at /Users/saradafumiaki/.pub-cache/hosted/pub.dev/flutter_image_compress_macos-1.0.3/
[        ] Found plugin flutter_image_compress_common at /Users/saradafumiaki/.pub-cache/hosted/pub.dev/flutter_image_compress_common-1.0.6/
[        ] Found plugin firebase_storage at /Users/saradafumiaki/.pub-cache/hosted/pub.dev/firebase_storage-13.3.0/
[        ] Found plugin firebase_storage_web at /Users/saradafumiaki/.pub-cache/hosted/pub.dev/firebase_storage_web-3.11.5/
[   +1 ms] Found plugin firebase_crashlytics at /Users/saradafumiaki/.pub-cache/hosted/pub.dev/firebase_crashlytics-5.2.0/
[   +1 ms] Found plugin firebase_auth at /Users/saradafumiaki/.pub-cache/hosted/pub.dev/firebase_auth-6.4.0/
[        ] Found plugin firebase_auth_web at /Users/saradafumiaki/.pub-cache/hosted/pub.dev/firebase_auth_web-6.1.5/
[   +1 ms] Found plugin file_picker at /Users/saradafumiaki/.pub-cache/hosted/pub.dev/file_picker-8.3.7/
[        ] Found plugin flutter_plugin_android_lifecycle at /Users/saradafumiaki/.pub-cache/hosted/pub.dev/flutter_plugin_android_lifecycle-2.0.34/
[   +1 ms] Found plugin connectivity_plus at /Users/saradafumiaki/.pub-cache/hosted/pub.dev/connectivity_plus-6.1.5/
[   +1 ms] Found plugin audioplayers at /Users/saradafumiaki/.pub-cache/hosted/pub.dev/audioplayers-6.6.0/
[        ] Found plugin audioplayers_windows at /Users/saradafumiaki/.pub-cache/hosted/pub.dev/audioplayers_windows-4.3.0/
[        ] Found plugin audioplayers_web at /Users/saradafumiaki/.pub-cache/hosted/pub.dev/audioplayers_web-5.2.0/
[        ] Found plugin audioplayers_linux at /Users/saradafumiaki/.pub-cache/hosted/pub.dev/audioplayers_linux-4.2.1/
[        ] Found plugin audioplayers_darwin at /Users/saradafumiaki/.pub-cache/hosted/pub.dev/audioplayers_darwin-6.4.0/
[        ] Found plugin audioplayers_android at /Users/saradafumiaki/.pub-cache/hosted/pub.dev/audioplayers_android-5.2.1/
[   +2 ms] Skipping generating dart_plugin_registrant.dart because it is up-to-date.
[        ] <- recompile file:///var/folders/hh/1g2yms7d3890gm5lz8l0jmj80000gn/T/flutter_tools.X3xqwV/flutter_test_listener.IDMN9H/listener.dart e8cd1e2e-83c5-4946-a597-82a7d68ce049
[        ] file:///var/folders/hh/1g2yms7d3890gm5lz8l0jmj80000gn/T/flutter_tools.X3xqwV/flutter_test_listener.IDMN9H/listener.dart
[        ] file:///Users/saradafumiaki/Documents/Apps/kendo_os/.dart_tool/flutter_build/dart_plugin_registrant.dart
[        ] <- e8cd1e2e-83c5-4946-a597-82a7d68ce049
00:20 +139 -1: /Users/saradafumiaki/Documents/Apps/kendo_os/test/widget/presentation/viewer/screens/viewer_official_record_screen_test.dart: ViewerOfficialRecordScreen should display initial for same last names
[ +112 ms] <- accept
[        ] <- reset
[        ] Compiling file:///var/folders/hh/1g2yms7d3890gm5lz8l0jmj80000gn/T/flutter_tools.X3xqwV/flutter_test_listener.IDMN9H/listener.dart took 260ms
[        ] Compiling file:///var/folders/hh/1g2yms7d3890gm5lz8l0jmj80000gn/T/flutter_tools.X3xqwV/flutter_test_listener.u9tupB/listener.dart
[        ] test 35: starting test device
[        ] test 35: awaiting connection to test device
[   +3 ms] test 35: VM Service uri is not available
[        ] test 35: test harness socket server is running at port:54037
[        ] test 35: Starting flutter_tester process with command=[/Users/saradafumiaki/development/flutter/bin/cache/artifacts/engine/darwin-x64/flutter_tester, --disable-vm-service, --enable-checked-mode, --verify-entry-points, --enable-software-rendering, --skia-deterministic-rendering, --enable-dart-profiling, --non-interactive, --use-test-fonts, --disable-asset-fonts, --packages=/Users/saradafumiaki/Documents/Apps/kendo_os/.dart_tool/package_config.json, --flutter-assets-dir=/Users/saradafumiaki/Documents/Apps/kendo_os/build/unit_test_assets, /var/folders/hh/1g2yms7d3890gm5lz8l0jmj80000gn/T/flutter_tools.X3xqwV/flutter_test_listener.IDMN9H/listener.dart.dill], environment={FLUTTER_TEST: true, FONTCONFIG_FILE: /var/folders/hh/1g2yms7d3890gm5lz8l0jmj80000gn/T/flutter_tools.X3xqwV/flutter_test_fonts.hib7TY/fonts.conf, SERVER_PORT: 54037, APP_NAME: kendo_os, UNIT_TEST_ASSETS: /Users/saradafumiaki/Documents/Apps/kendo_os/build/unit_test_assets}
[   +5 ms] test 35: Started flutter_tester process at pid 33540
[  +30 ms] Found plugin integration_test at /Users/saradafumiaki/development/flutter/packages/integration_test/
[   +9 ms] Found plugin firebase_core at /Users/saradafumiaki/.pub-cache/hosted/pub.dev/firebase_core-4.7.0/
[        ] Found plugin firebase_core_web at /Users/saradafumiaki/.pub-cache/hosted/pub.dev/firebase_core_web-3.6.0/
[   +1 ms] Found plugin cloud_firestore at /Users/saradafumiaki/.pub-cache/hosted/pub.dev/cloud_firestore-6.3.0/
[        ] Found plugin cloud_firestore_web at /Users/saradafumiaki/.pub-cache/hosted/pub.dev/cloud_firestore_web-5.3.0/
[   +2 ms] Found plugin wakelock_plus at /Users/saradafumiaki/.pub-cache/hosted/pub.dev/wakelock_plus-1.5.2/
[   +1 ms] Found plugin package_info_plus at /Users/saradafumiaki/.pub-cache/hosted/pub.dev/package_info_plus-9.0.1/
[   +2 ms] Found plugin url_launcher at /Users/saradafumiaki/.pub-cache/hosted/pub.dev/url_launcher-6.3.2/
[        ] Found plugin url_launcher_windows at /Users/saradafumiaki/.pub-cache/hosted/pub.dev/url_launcher_windows-3.1.5/
[        ] Found plugin url_launcher_web at /Users/saradafumiaki/.pub-cache/hosted/pub.dev/url_launcher_web-2.4.2/
[        ] Found plugin url_launcher_macos at /Users/saradafumiaki/.pub-cache/hosted/pub.dev/url_launcher_macos-3.2.5/
[        ] Found plugin url_launcher_linux at /Users/saradafumiaki/.pub-cache/hosted/pub.dev/url_launcher_linux-3.2.2/
[        ] Found plugin url_launcher_ios at /Users/saradafumiaki/.pub-cache/hosted/pub.dev/url_launcher_ios-6.4.1/
[        ] Found plugin url_launcher_android at /Users/saradafumiaki/.pub-cache/hosted/pub.dev/url_launcher_android-6.3.29/
[        ] Found plugin syncfusion_flutter_pdfviewer at /Users/saradafumiaki/.pub-cache/hosted/pub.dev/syncfusion_flutter_pdfviewer-28.2.12/
[        ] Found plugin syncfusion_pdfviewer_windows at /Users/saradafumiaki/.pub-cache/hosted/pub.dev/syncfusion_pdfviewer_windows-28.2.12/
[        ] Found plugin syncfusion_pdfviewer_web at /Users/saradafumiaki/.pub-cache/hosted/pub.dev/syncfusion_pdfviewer_web-28.2.12/
[        ] Found plugin syncfusion_pdfviewer_macos at /Users/saradafumiaki/.pub-cache/hosted/pub.dev/syncfusion_pdfviewer_macos-28.2.12/
[   +1 ms] Found plugin device_info_plus at /Users/saradafumiaki/.pub-cache/hosted/pub.dev/device_info_plus-11.5.0/
[   +1 ms] Found plugin shared_preferences at /Users/saradafumiaki/.pub-cache/hosted/pub.dev/shared_preferences-2.5.5/
[        ] Found plugin shared_preferences_windows at /Users/saradafumiaki/.pub-cache/hosted/pub.dev/shared_preferences_windows-2.4.1/
[        ] Found plugin path_provider_windows at /Users/saradafumiaki/.pub-cache/hosted/pub.dev/path_provider_windows-2.3.0/
[        ] Found plugin shared_preferences_web at /Users/saradafumiaki/.pub-cache/hosted/pub.dev/shared_preferences_web-2.4.3/
[        ] Found plugin shared_preferences_linux at /Users/saradafumiaki/.pub-cache/hosted/pub.dev/shared_preferences_linux-2.4.1/
[        ] Found plugin path_provider_linux at /Users/saradafumiaki/.pub-cache/hosted/pub.dev/path_provider_linux-2.2.1/
[        ] Found plugin shared_preferences_foundation at /Users/saradafumiaki/.pub-cache/hosted/pub.dev/shared_preferences_foundation-2.5.6/
[        ] Found plugin shared_preferences_android at /Users/saradafumiaki/.pub-cache/hosted/pub.dev/shared_preferences_android-2.4.23/
00:20 +140 -1: /Users/saradafumiaki/Documents/Apps/kendo_os/test/widget/presentation/viewer/screens/viewer_official_record_screen_test.dart: ViewerOfficialRecordScreen should show and hide loading dialog on PDF export
[   +1 ms] Found plugin share_plus at /Users/saradafumiaki/.pub-cache/hosted/pub.dev/share_plus-12.0.2/
[   +1 ms] Found plugin path_provider at /Users/saradafumiaki/.pub-cache/hosted/pub.dev/path_provider-2.1.5/
[        ] Found plugin path_provider_foundation at /Users/saradafumiaki/.pub-cache/hosted/pub.dev/path_provider_foundation-2.6.0/
[   +2 ms] Found plugin path_provider_android at /Users/saradafumiaki/.pub-cache/hosted/pub.dev/path_provider_android-2.3.1/
[        ] Found plugin jni_flutter at /Users/saradafumiaki/.pub-cache/hosted/pub.dev/jni_flutter-1.0.1/
[        ] Found plugin jni at /Users/saradafumiaki/.pub-cache/hosted/pub.dev/jni-1.0.0/
[   +1 ms] Found plugin printing at /Users/saradafumiaki/.pub-cache/hosted/pub.dev/printing-5.14.3/
[   +3 ms] Found plugin isar_community_flutter_libs at /Users/saradafumiaki/.pub-cache/hosted/pub.dev/isar_community_flutter_libs-3.3.2/
[        ] Found plugin google_sign_in at /Users/saradafumiaki/.pub-cache/hosted/pub.dev/google_sign_in-6.3.0/
[        ] Found plugin google_sign_in_web at /Users/saradafumiaki/.pub-cache/hosted/pub.dev/google_sign_in_web-0.12.4+4/
[   +1 ms] Found plugin google_sign_in_ios at /Users/saradafumiaki/.pub-cache/hosted/pub.dev/google_sign_in_ios-5.9.0/
[        ] Found plugin google_sign_in_android at /Users/saradafumiaki/.pub-cache/hosted/pub.dev/google_sign_in_android-6.2.1/
[   +1 ms] Found plugin flutter_tts at /Users/saradafumiaki/.pub-cache/hosted/pub.dev/flutter_tts-4.2.5/
[   +2 ms] Found plugin flutter_image_compress at /Users/saradafumiaki/.pub-cache/hosted/pub.dev/flutter_image_compress-2.4.0/
[        ] Found plugin flutter_image_compress_web at /Users/saradafumiaki/.pub-cache/hosted/pub.dev/flutter_image_compress_web-0.1.5/
[        ] Found plugin flutter_image_compress_ohos at /Users/saradafumiaki/.pub-cache/hosted/pub.dev/flutter_image_compress_ohos-0.0.3/
[        ] Found plugin flutter_image_compress_macos at /Users/saradafumiaki/.pub-cache/hosted/pub.dev/flutter_image_compress_macos-1.0.3/
[        ] Found plugin flutter_image_compress_common at /Users/saradafumiaki/.pub-cache/hosted/pub.dev/flutter_image_compress_common-1.0.6/
[        ] Found plugin firebase_storage at /Users/saradafumiaki/.pub-cache/hosted/pub.dev/firebase_storage-13.3.0/
[        ] Found plugin firebase_storage_web at /Users/saradafumiaki/.pub-cache/hosted/pub.dev/firebase_storage_web-3.11.5/
[        ] Found plugin firebase_crashlytics at /Users/saradafumiaki/.pub-cache/hosted/pub.dev/firebase_crashlytics-5.2.0/
[        ] Found plugin firebase_auth at /Users/saradafumiaki/.pub-cache/hosted/pub.dev/firebase_auth-6.4.0/
[        ] Found plugin firebase_auth_web at /Users/saradafumiaki/.pub-cache/hosted/pub.dev/firebase_auth_web-6.1.5/
[        ] Found plugin file_picker at /Users/saradafumiaki/.pub-cache/hosted/pub.dev/file_picker-8.3.7/
[        ] Found plugin flutter_plugin_android_lifecycle at /Users/saradafumiaki/.pub-cache/hosted/pub.dev/flutter_plugin_android_lifecycle-2.0.34/
[   +1 ms] Found plugin connectivity_plus at /Users/saradafumiaki/.pub-cache/hosted/pub.dev/connectivity_plus-6.1.5/
[   +1 ms] Found plugin audioplayers at /Users/saradafumiaki/.pub-cache/hosted/pub.dev/audioplayers-6.6.0/
[        ] Found plugin audioplayers_windows at /Users/saradafumiaki/.pub-cache/hosted/pub.dev/audioplayers_windows-4.3.0/
[        ] Found plugin audioplayers_web at /Users/saradafumiaki/.pub-cache/hosted/pub.dev/audioplayers_web-5.2.0/
[        ] Found plugin audioplayers_linux at /Users/saradafumiaki/.pub-cache/hosted/pub.dev/audioplayers_linux-4.2.1/
[        ] Found plugin audioplayers_darwin at /Users/saradafumiaki/.pub-cache/hosted/pub.dev/audioplayers_darwin-6.4.0/
[        ] Found plugin audioplayers_android at /Users/saradafumiaki/.pub-cache/hosted/pub.dev/audioplayers_android-5.2.1/
[   +2 ms] Skipping generating dart_plugin_registrant.dart because it is up-to-date.
[        ] <- recompile file:///var/folders/hh/1g2yms7d3890gm5lz8l0jmj80000gn/T/flutter_tools.X3xqwV/flutter_test_listener.u9tupB/listener.dart 45a0d604-b164-4b43-80e1-23a89593f8d1
[        ] file:///var/folders/hh/1g2yms7d3890gm5lz8l0jmj80000gn/T/flutter_tools.X3xqwV/flutter_test_listener.u9tupB/listener.dart
[        ] file:///Users/saradafumiaki/Documents/Apps/kendo_os/.dart_tool/flutter_build/dart_plugin_registrant.dart
[        ] <- 45a0d604-b164-4b43-80e1-23a89593f8d1
[ +129 ms] <- accept
[        ] <- reset
[        ] Compiling file:///var/folders/hh/1g2yms7d3890gm5lz8l0jmj80000gn/T/flutter_tools.X3xqwV/flutter_test_listener.u9tupB/listener.dart took 233ms
[        ] Compiling file:///var/folders/hh/1g2yms7d3890gm5lz8l0jmj80000gn/T/flutter_tools.X3xqwV/flutter_test_listener.UpkWYO/listener.dart
[        ] test 36: starting test device
[        ] test 36: awaiting connection to test device
[   +4 ms] test 36: VM Service uri is not available
[        ] test 36: test harness socket server is running at port:54040
[        ] test 36: Starting flutter_tester process with command=[/Users/saradafumiaki/development/flutter/bin/cache/artifacts/engine/darwin-x64/flutter_tester, --disable-vm-service, --enable-checked-mode, --verify-entry-points, --enable-software-rendering, --skia-deterministic-rendering, --enable-dart-profiling, --non-interactive, --use-test-fonts, --disable-asset-fonts, --packages=/Users/saradafumiaki/Documents/Apps/kendo_os/.dart_tool/package_config.json, --flutter-assets-dir=/Users/saradafumiaki/Documents/Apps/kendo_os/build/unit_test_assets, /var/folders/hh/1g2yms7d3890gm5lz8l0jmj80000gn/T/flutter_tools.X3xqwV/flutter_test_listener.u9tupB/listener.dart.dill], environment={FLUTTER_TEST: true, FONTCONFIG_FILE: /var/folders/hh/1g2yms7d3890gm5lz8l0jmj80000gn/T/flutter_tools.X3xqwV/flutter_test_fonts.hib7TY/fonts.conf, SERVER_PORT: 54040, APP_NAME: kendo_os, UNIT_TEST_ASSETS: /Users/saradafumiaki/Documents/Apps/kendo_os/build/unit_test_assets}
[   +5 ms] test 36: Started flutter_tester process at pid 33542
[  +28 ms] Found plugin integration_test at /Users/saradafumiaki/development/flutter/packages/integration_test/
[   +9 ms] Found plugin firebase_core at /Users/saradafumiaki/.pub-cache/hosted/pub.dev/firebase_core-4.7.0/
[        ] Found plugin firebase_core_web at /Users/saradafumiaki/.pub-cache/hosted/pub.dev/firebase_core_web-3.6.0/
[   +1 ms] Found plugin cloud_firestore at /Users/saradafumiaki/.pub-cache/hosted/pub.dev/cloud_firestore-6.3.0/
[        ] Found plugin cloud_firestore_web at /Users/saradafumiaki/.pub-cache/hosted/pub.dev/cloud_firestore_web-5.3.0/
[   +1 ms] Found plugin wakelock_plus at /Users/saradafumiaki/.pub-cache/hosted/pub.dev/wakelock_plus-1.5.2/
[   +1 ms] Found plugin package_info_plus at /Users/saradafumiaki/.pub-cache/hosted/pub.dev/package_info_plus-9.0.1/
[   +2 ms] Found plugin url_launcher at /Users/saradafumiaki/.pub-cache/hosted/pub.dev/url_launcher-6.3.2/
[        ] Found plugin url_launcher_windows at /Users/saradafumiaki/.pub-cache/hosted/pub.dev/url_launcher_windows-3.1.5/
[        ] Found plugin url_launcher_web at /Users/saradafumiaki/.pub-cache/hosted/pub.dev/url_launcher_web-2.4.2/
[        ] Found plugin url_launcher_macos at /Users/saradafumiaki/.pub-cache/hosted/pub.dev/url_launcher_macos-3.2.5/
[        ] Found plugin url_launcher_linux at /Users/saradafumiaki/.pub-cache/hosted/pub.dev/url_launcher_linux-3.2.2/
[        ] Found plugin url_launcher_ios at /Users/saradafumiaki/.pub-cache/hosted/pub.dev/url_launcher_ios-6.4.1/
[        ] Found plugin url_launcher_android at /Users/saradafumiaki/.pub-cache/hosted/pub.dev/url_launcher_android-6.3.29/
[        ] Found plugin syncfusion_flutter_pdfviewer at /Users/saradafumiaki/.pub-cache/hosted/pub.dev/syncfusion_flutter_pdfviewer-28.2.12/
[        ] Found plugin syncfusion_pdfviewer_windows at /Users/saradafumiaki/.pub-cache/hosted/pub.dev/syncfusion_pdfviewer_windows-28.2.12/
[        ] Found plugin syncfusion_pdfviewer_web at /Users/saradafumiaki/.pub-cache/hosted/pub.dev/syncfusion_pdfviewer_web-28.2.12/
[   +1 ms] Found plugin syncfusion_pdfviewer_macos at /Users/saradafumiaki/.pub-cache/hosted/pub.dev/syncfusion_pdfviewer_macos-28.2.12/
[   +2 ms] Found plugin device_info_plus at /Users/saradafumiaki/.pub-cache/hosted/pub.dev/device_info_plus-11.5.0/
[   +1 ms] Found plugin shared_preferences at /Users/saradafumiaki/.pub-cache/hosted/pub.dev/shared_preferences-2.5.5/
[        ] Found plugin shared_preferences_windows at /Users/saradafumiaki/.pub-cache/hosted/pub.dev/shared_preferences_windows-2.4.1/
[        ] Found plugin path_provider_windows at /Users/saradafumiaki/.pub-cache/hosted/pub.dev/path_provider_windows-2.3.0/
[        ] Found plugin shared_preferences_web at /Users/saradafumiaki/.pub-cache/hosted/pub.dev/shared_preferences_web-2.4.3/
[        ] Found plugin shared_preferences_linux at /Users/saradafumiaki/.pub-cache/hosted/pub.dev/shared_preferences_linux-2.4.1/
[        ] Found plugin path_provider_linux at /Users/saradafumiaki/.pub-cache/hosted/pub.dev/path_provider_linux-2.2.1/
[   +1 ms] Found plugin shared_preferences_foundation at /Users/saradafumiaki/.pub-cache/hosted/pub.dev/shared_preferences_foundation-2.5.6/
[        ] Found plugin shared_preferences_android at /Users/saradafumiaki/.pub-cache/hosted/pub.dev/shared_preferences_android-2.4.23/
[        ] Found plugin share_plus at /Users/saradafumiaki/.pub-cache/hosted/pub.dev/share_plus-12.0.2/
[        ] Found plugin path_provider at /Users/saradafumiaki/.pub-cache/hosted/pub.dev/path_provider-2.1.5/
[        ] Found plugin path_provider_foundation at /Users/saradafumiaki/.pub-cache/hosted/pub.dev/path_provider_foundation-2.6.0/
[   +2 ms] Found plugin path_provider_android at /Users/saradafumiaki/.pub-cache/hosted/pub.dev/path_provider_android-2.3.1/
[        ] Found plugin jni_flutter at /Users/saradafumiaki/.pub-cache/hosted/pub.dev/jni_flutter-1.0.1/
[        ] Found plugin jni at /Users/saradafumiaki/.pub-cache/hosted/pub.dev/jni-1.0.0/
[   +2 ms] Found plugin printing at /Users/saradafumiaki/.pub-cache/hosted/pub.dev/printing-5.14.3/
[   +3 ms] Found plugin isar_community_flutter_libs at /Users/saradafumiaki/.pub-cache/hosted/pub.dev/isar_community_flutter_libs-3.3.2/
[        ] Found plugin google_sign_in at /Users/saradafumiaki/.pub-cache/hosted/pub.dev/google_sign_in-6.3.0/
[        ] Found plugin google_sign_in_web at /Users/saradafumiaki/.pub-cache/hosted/pub.dev/google_sign_in_web-0.12.4+4/
[   +1 ms] Found plugin google_sign_in_ios at /Users/saradafumiaki/.pub-cache/hosted/pub.dev/google_sign_in_ios-5.9.0/
[        ] Found plugin google_sign_in_android at /Users/saradafumiaki/.pub-cache/hosted/pub.dev/google_sign_in_android-6.2.1/
[   +1 ms] Found plugin flutter_tts at /Users/saradafumiaki/.pub-cache/hosted/pub.dev/flutter_tts-4.2.5/
[   +2 ms] Found plugin flutter_image_compress at /Users/saradafumiaki/.pub-cache/hosted/pub.dev/flutter_image_compress-2.4.0/
[        ] Found plugin flutter_image_compress_web at /Users/saradafumiaki/.pub-cache/hosted/pub.dev/flutter_image_compress_web-0.1.5/
[        ] Found plugin flutter_image_compress_ohos at /Users/saradafumiaki/.pub-cache/hosted/pub.dev/flutter_image_compress_ohos-0.0.3/
[        ] Found plugin flutter_image_compress_macos at /Users/saradafumiaki/.pub-cache/hosted/pub.dev/flutter_image_compress_macos-1.0.3/
[        ] Found plugin flutter_image_compress_common at /Users/saradafumiaki/.pub-cache/hosted/pub.dev/flutter_image_compress_common-1.0.6/
[        ] Found plugin firebase_storage at /Users/saradafumiaki/.pub-cache/hosted/pub.dev/firebase_storage-13.3.0/
[        ] Found plugin firebase_storage_web at /Users/saradafumiaki/.pub-cache/hosted/pub.dev/firebase_storage_web-3.11.5/
00:21 +141 -1: /Users/saradafumiaki/Documents/Apps/kendo_os/test/widget/presentation/viewer/screens/viewer_official_record_screen_test.dart: ViewerOfficialRecordScreen matches should be sorted by matchOrder
[   +2 ms] Found plugin firebase_crashlytics at /Users/saradafumiaki/.pub-cache/hosted/pub.dev/firebase_crashlytics-5.2.0/
[   +1 ms] Found plugin firebase_auth at /Users/saradafumiaki/.pub-cache/hosted/pub.dev/firebase_auth-6.4.0/
[        ] Found plugin firebase_auth_web at /Users/saradafumiaki/.pub-cache/hosted/pub.dev/firebase_auth_web-6.1.5/
[   +1 ms] Found plugin file_picker at /Users/saradafumiaki/.pub-cache/hosted/pub.dev/file_picker-8.3.7/
[        ] Found plugin flutter_plugin_android_lifecycle at /Users/saradafumiaki/.pub-cache/hosted/pub.dev/flutter_plugin_android_lifecycle-2.0.34/
[   +1 ms] Found plugin connectivity_plus at /Users/saradafumiaki/.pub-cache/hosted/pub.dev/connectivity_plus-6.1.5/
[   +1 ms] Found plugin audioplayers at /Users/saradafumiaki/.pub-cache/hosted/pub.dev/audioplayers-6.6.0/
[        ] Found plugin audioplayers_windows at /Users/saradafumiaki/.pub-cache/hosted/pub.dev/audioplayers_windows-4.3.0/
[        ] Found plugin audioplayers_web at /Users/saradafumiaki/.pub-cache/hosted/pub.dev/audioplayers_web-5.2.0/
[        ] Found plugin audioplayers_linux at /Users/saradafumiaki/.pub-cache/hosted/pub.dev/audioplayers_linux-4.2.1/
[        ] Found plugin audioplayers_darwin at /Users/saradafumiaki/.pub-cache/hosted/pub.dev/audioplayers_darwin-6.4.0/
[        ] Found plugin audioplayers_android at /Users/saradafumiaki/.pub-cache/hosted/pub.dev/audioplayers_android-5.2.1/
[   +2 ms] Skipping generating dart_plugin_registrant.dart because it is up-to-date.
[        ] <- recompile file:///var/folders/hh/1g2yms7d3890gm5lz8l0jmj80000gn/T/flutter_tools.X3xqwV/flutter_test_listener.UpkWYO/listener.dart 4a8be9f9-e03f-4082-a8a9-ab74da356c79
[        ] file:///var/folders/hh/1g2yms7d3890gm5lz8l0jmj80000gn/T/flutter_tools.X3xqwV/flutter_test_listener.UpkWYO/listener.dart
[        ] file:///Users/saradafumiaki/Documents/Apps/kendo_os/.dart_tool/flutter_build/dart_plugin_registrant.dart
[        ] <- 4a8be9f9-e03f-4082-a8a9-ab74da356c79
[ +110 ms] test 33: Test harness is no longer needed by test process
[        ] test 33: finished
[        ] test 33: cleaning up...
[        ] test 33: ensuring test device is terminated.
[        ] test 33: Terminating flutter_tester process
[        ] test 33: Shutting down DevTools server
[        ] test 33: Test process is no longer needed by test harness
[        ] test 33: Shutting down test harness socket server
[   +6 ms] test 33: flutter_tester process at pid 33530 exited with code=-9
[        ] test 33: deleting temporary directory
[   +8 ms] test 33: finished
[        ] test 38: starting test /Users/saradafumiaki/Documents/Apps/kendo_os/test/integration/chaos_sync_load_test.dart
[   +2 ms] Stopping scan for flutter_test_config.dart; found project root at /Users/saradafumiaki/Documents/Apps/kendo_os
[  +97 ms] <- accept
[        ] <- reset
[        ] Compiling file:///var/folders/hh/1g2yms7d3890gm5lz8l0jmj80000gn/T/flutter_tools.X3xqwV/flutter_test_listener.UpkWYO/listener.dart took 334ms
[        ] Compiling file:///var/folders/hh/1g2yms7d3890gm5lz8l0jmj80000gn/T/flutter_tools.X3xqwV/flutter_test_listener.8wkmDw/listener.dart
[        ] test 37: starting test device
[        ] test 37: awaiting connection to test device
[   +4 ms] test 37: VM Service uri is not available
[        ] test 37: test harness socket server is running at port:54042
[        ] test 37: Starting flutter_tester process with command=[/Users/saradafumiaki/development/flutter/bin/cache/artifacts/engine/darwin-x64/flutter_tester, --disable-vm-service, --enable-checked-mode, --verify-entry-points, --enable-software-rendering, --skia-deterministic-rendering, --enable-dart-profiling, --non-interactive, --use-test-fonts, --disable-asset-fonts, --packages=/Users/saradafumiaki/Documents/Apps/kendo_os/.dart_tool/package_config.json, --flutter-assets-dir=/Users/saradafumiaki/Documents/Apps/kendo_os/build/unit_test_assets, /var/folders/hh/1g2yms7d3890gm5lz8l0jmj80000gn/T/flutter_tools.X3xqwV/flutter_test_listener.UpkWYO/listener.dart.dill], environment={FLUTTER_TEST: true, FONTCONFIG_FILE: /var/folders/hh/1g2yms7d3890gm5lz8l0jmj80000gn/T/flutter_tools.X3xqwV/flutter_test_fonts.hib7TY/fonts.conf, SERVER_PORT: 54042, APP_NAME: kendo_os, UNIT_TEST_ASSETS: /Users/saradafumiaki/Documents/Apps/kendo_os/build/unit_test_assets}
[   +6 ms] test 37: Started flutter_tester process at pid 33543
[  +29 ms] Found plugin integration_test at /Users/saradafumiaki/development/flutter/packages/integration_test/
[   +1 ms] test 35: connected to test device, now awaiting test result
[        ] test 35: Waiting for test harness or tests to finish
[  +10 ms] Found plugin firebase_core at /Users/saradafumiaki/.pub-cache/hosted/pub.dev/firebase_core-4.7.0/
[        ] Found plugin firebase_core_web at /Users/saradafumiaki/.pub-cache/hosted/pub.dev/firebase_core_web-3.6.0/
[   +1 ms] Found plugin cloud_firestore at /Users/saradafumiaki/.pub-cache/hosted/pub.dev/cloud_firestore-6.3.0/
[   +1 ms] Found plugin cloud_firestore_web at /Users/saradafumiaki/.pub-cache/hosted/pub.dev/cloud_firestore_web-5.3.0/
[   +2 ms] Found plugin wakelock_plus at /Users/saradafumiaki/.pub-cache/hosted/pub.dev/wakelock_plus-1.5.2/
[   +1 ms] Found plugin package_info_plus at /Users/saradafumiaki/.pub-cache/hosted/pub.dev/package_info_plus-9.0.1/
[   +2 ms] Found plugin url_launcher at /Users/saradafumiaki/.pub-cache/hosted/pub.dev/url_launcher-6.3.2/
[        ] Found plugin url_launcher_windows at /Users/saradafumiaki/.pub-cache/hosted/pub.dev/url_launcher_windows-3.1.5/
[        ] Found plugin url_launcher_web at /Users/saradafumiaki/.pub-cache/hosted/pub.dev/url_launcher_web-2.4.2/
[        ] Found plugin url_launcher_macos at /Users/saradafumiaki/.pub-cache/hosted/pub.dev/url_launcher_macos-3.2.5/
[        ] Found plugin url_launcher_linux at /Users/saradafumiaki/.pub-cache/hosted/pub.dev/url_launcher_linux-3.2.2/
[        ] Found plugin url_launcher_ios at /Users/saradafumiaki/.pub-cache/hosted/pub.dev/url_launcher_ios-6.4.1/
[        ] Found plugin url_launcher_android at /Users/saradafumiaki/.pub-cache/hosted/pub.dev/url_launcher_android-6.3.29/
[        ] Found plugin syncfusion_flutter_pdfviewer at /Users/saradafumiaki/.pub-cache/hosted/pub.dev/syncfusion_flutter_pdfviewer-28.2.12/
[        ] Found plugin syncfusion_pdfviewer_windows at /Users/saradafumiaki/.pub-cache/hosted/pub.dev/syncfusion_pdfviewer_windows-28.2.12/
[        ] Found plugin syncfusion_pdfviewer_web at /Users/saradafumiaki/.pub-cache/hosted/pub.dev/syncfusion_pdfviewer_web-28.2.12/
[        ] Found plugin syncfusion_pdfviewer_macos at /Users/saradafumiaki/.pub-cache/hosted/pub.dev/syncfusion_pdfviewer_macos-28.2.12/
[   +1 ms] Found plugin device_info_plus at /Users/saradafumiaki/.pub-cache/hosted/pub.dev/device_info_plus-11.5.0/
[   +1 ms] Found plugin shared_preferences at /Users/saradafumiaki/.pub-cache/hosted/pub.dev/shared_preferences-2.5.5/
[        ] Found plugin shared_preferences_windows at /Users/saradafumiaki/.pub-cache/hosted/pub.dev/shared_preferences_windows-2.4.1/
[        ] Found plugin path_provider_windows at /Users/saradafumiaki/.pub-cache/hosted/pub.dev/path_provider_windows-2.3.0/
[        ] Found plugin shared_preferences_web at /Users/saradafumiaki/.pub-cache/hosted/pub.dev/shared_preferences_web-2.4.3/
[        ] Found plugin shared_preferences_linux at /Users/saradafumiaki/.pub-cache/hosted/pub.dev/shared_preferences_linux-2.4.1/
[        ] Found plugin path_provider_linux at /Users/saradafumiaki/.pub-cache/hosted/pub.dev/path_provider_linux-2.2.1/
[        ] Found plugin shared_preferences_foundation at /Users/saradafumiaki/.pub-cache/hosted/pub.dev/shared_preferences_foundation-2.5.6/
[        ] Found plugin shared_preferences_android at /Users/saradafumiaki/.pub-cache/hosted/pub.dev/shared_preferences_android-2.4.23/
[        ] Found plugin share_plus at /Users/saradafumiaki/.pub-cache/hosted/pub.dev/share_plus-12.0.2/
[   +1 ms] Found plugin path_provider at /Users/saradafumiaki/.pub-cache/hosted/pub.dev/path_provider-2.1.5/
[        ] Found plugin path_provider_foundation at /Users/saradafumiaki/.pub-cache/hosted/pub.dev/path_provider_foundation-2.6.0/
[   +2 ms] Found plugin path_provider_android at /Users/saradafumiaki/.pub-cache/hosted/pub.dev/path_provider_android-2.3.1/
[        ] Found plugin jni_flutter at /Users/saradafumiaki/.pub-cache/hosted/pub.dev/jni_flutter-1.0.1/
[        ] Found plugin jni at /Users/saradafumiaki/.pub-cache/hosted/pub.dev/jni-1.0.0/
[   +1 ms] Found plugin printing at /Users/saradafumiaki/.pub-cache/hosted/pub.dev/printing-5.14.3/
[   +3 ms] Found plugin isar_community_flutter_libs at /Users/saradafumiaki/.pub-cache/hosted/pub.dev/isar_community_flutter_libs-3.3.2/
[        ] Found plugin google_sign_in at /Users/saradafumiaki/.pub-cache/hosted/pub.dev/google_sign_in-6.3.0/
[        ] Found plugin google_sign_in_web at /Users/saradafumiaki/.pub-cache/hosted/pub.dev/google_sign_in_web-0.12.4+4/
[   +1 ms] Found plugin google_sign_in_ios at /Users/saradafumiaki/.pub-cache/hosted/pub.dev/google_sign_in_ios-5.9.0/
[        ] Found plugin google_sign_in_android at /Users/saradafumiaki/.pub-cache/hosted/pub.dev/google_sign_in_android-6.2.1/
[   +1 ms] Found plugin flutter_tts at /Users/saradafumiaki/.pub-cache/hosted/pub.dev/flutter_tts-4.2.5/
[   +2 ms] Found plugin flutter_image_compress at /Users/saradafumiaki/.pub-cache/hosted/pub.dev/flutter_image_compress-2.4.0/
[        ] Found plugin flutter_image_compress_web at /Users/saradafumiaki/.pub-cache/hosted/pub.dev/flutter_image_compress_web-0.1.5/
[        ] Found plugin flutter_image_compress_ohos at /Users/saradafumiaki/.pub-cache/hosted/pub.dev/flutter_image_compress_ohos-0.0.3/
[        ] Found plugin flutter_image_compress_macos at /Users/saradafumiaki/.pub-cache/hosted/pub.dev/flutter_image_compress_macos-1.0.3/
[        ] Found plugin flutter_image_compress_common at /Users/saradafumiaki/.pub-cache/hosted/pub.dev/flutter_image_compress_common-1.0.6/
[        ] Found plugin firebase_storage at /Users/saradafumiaki/.pub-cache/hosted/pub.dev/firebase_storage-13.3.0/
[        ] Found plugin firebase_storage_web at /Users/saradafumiaki/.pub-cache/hosted/pub.dev/firebase_storage_web-3.11.5/
[        ] Found plugin firebase_crashlytics at /Users/saradafumiaki/.pub-cache/hosted/pub.dev/firebase_crashlytics-5.2.0/
[        ] Found plugin firebase_auth at /Users/saradafumiaki/.pub-cache/hosted/pub.dev/firebase_auth-6.4.0/
[        ] Found plugin firebase_auth_web at /Users/saradafumiaki/.pub-cache/hosted/pub.dev/firebase_auth_web-6.1.5/
[        ] Found plugin file_picker at /Users/saradafumiaki/.pub-cache/hosted/pub.dev/file_picker-8.3.7/
[        ] Found plugin flutter_plugin_android_lifecycle at /Users/saradafumiaki/.pub-cache/hosted/pub.dev/flutter_plugin_android_lifecycle-2.0.34/
[   +1 ms] Found plugin connectivity_plus at /Users/saradafumiaki/.pub-cache/hosted/pub.dev/connectivity_plus-6.1.5/
[   +1 ms] Found plugin audioplayers at /Users/saradafumiaki/.pub-cache/hosted/pub.dev/audioplayers-6.6.0/
[        ] Found plugin audioplayers_windows at /Users/saradafumiaki/.pub-cache/hosted/pub.dev/audioplayers_windows-4.3.0/
[        ] Found plugin audioplayers_web at /Users/saradafumiaki/.pub-cache/hosted/pub.dev/audioplayers_web-5.2.0/
[        ] Found plugin audioplayers_linux at /Users/saradafumiaki/.pub-cache/hosted/pub.dev/audioplayers_linux-4.2.1/
[        ] Found plugin audioplayers_darwin at /Users/saradafumiaki/.pub-cache/hosted/pub.dev/audioplayers_darwin-6.4.0/
[        ] Found plugin audioplayers_android at /Users/saradafumiaki/.pub-cache/hosted/pub.dev/audioplayers_android-5.2.1/
[   +1 ms] Skipping generating dart_plugin_registrant.dart because it is up-to-date.
[        ] <- recompile file:///var/folders/hh/1g2yms7d3890gm5lz8l0jmj80000gn/T/flutter_tools.X3xqwV/flutter_test_listener.8wkmDw/listener.dart 02d60cd3-8848-46c5-9580-bc5fe9abcf74
[        ] file:///var/folders/hh/1g2yms7d3890gm5lz8l0jmj80000gn/T/flutter_tools.X3xqwV/flutter_test_listener.8wkmDw/listener.dart
[        ] file:///Users/saradafumiaki/Documents/Apps/kendo_os/.dart_tool/flutter_build/dart_plugin_registrant.dart
[        ] <- 02d60cd3-8848-46c5-9580-bc5fe9abcf74
00:21 +142 -1: /Users/saradafumiaki/Documents/Apps/kendo_os/test/integration/concurrency_simulation_test.dart: 🌪️ Phase 7: シミュレーションテスト (同時操作・競合の検証) 【Phase 7-2: 衝突解消検証】オフライン中の異なる入力が、同期後に正しくマージされ結果整合性が保たれること
[  +71 ms] test 35: Test harness is no longer needed by test process
[        ] test 35: finished
[        ] test 35: cleaning up...
[        ] test 35: ensuring test device is terminated.
[        ] test 35: Terminating flutter_tester process
[        ] test 35: Shutting down DevTools server
[        ] test 35: Test process is no longer needed by test harness
[        ] test 35: Shutting down test harness socket server
[   +4 ms] test 35: flutter_tester process at pid 33540 exited with code=-9
[        ] test 35: deleting temporary directory
[   +5 ms] test 35: finished
[        ] test 39: starting test /Users/saradafumiaki/Documents/Apps/kendo_os/test/integration/phase6_replay_safety_test.dart
[   +2 ms] Stopping scan for flutter_test_config.dart; found project root at /Users/saradafumiaki/Documents/Apps/kendo_os
[  +38 ms] <- accept
[        ] <- reset
[        ] Compiling file:///var/folders/hh/1g2yms7d3890gm5lz8l0jmj80000gn/T/flutter_tools.X3xqwV/flutter_test_listener.8wkmDw/listener.dart took 229ms
[        ] Compiling file:///var/folders/hh/1g2yms7d3890gm5lz8l0jmj80000gn/T/flutter_tools.X3xqwV/flutter_test_listener.8Uhsy0/listener.dart
[        ] test 38: starting test device
[        ] test 38: awaiting connection to test device
[   +4 ms] test 38: VM Service uri is not available
[        ] test 38: test harness socket server is running at port:54043
[        ] test 38: Starting flutter_tester process with command=[/Users/saradafumiaki/development/flutter/bin/cache/artifacts/engine/darwin-x64/flutter_tester, --disable-vm-service, --enable-checked-mode, --verify-entry-points, --enable-software-rendering, --skia-deterministic-rendering, --enable-dart-profiling, --non-interactive, --use-test-fonts, --disable-asset-fonts, --packages=/Users/saradafumiaki/Documents/Apps/kendo_os/.dart_tool/package_config.json, --flutter-assets-dir=/Users/saradafumiaki/Documents/Apps/kendo_os/build/unit_test_assets, /var/folders/hh/1g2yms7d3890gm5lz8l0jmj80000gn/T/flutter_tools.X3xqwV/flutter_test_listener.8wkmDw/listener.dart.dill], environment={FLUTTER_TEST: true, FONTCONFIG_FILE: /var/folders/hh/1g2yms7d3890gm5lz8l0jmj80000gn/T/flutter_tools.X3xqwV/flutter_test_fonts.hib7TY/fonts.conf, SERVER_PORT: 54043, APP_NAME: kendo_os, UNIT_TEST_ASSETS: /Users/saradafumiaki/Documents/Apps/kendo_os/build/unit_test_assets}
[   +4 ms] test 38: Started flutter_tester process at pid 33544
[  +25 ms] Found plugin integration_test at /Users/saradafumiaki/development/flutter/packages/integration_test/
[   +8 ms] Found plugin firebase_core at /Users/saradafumiaki/.pub-cache/hosted/pub.dev/firebase_core-4.7.0/
[        ] Found plugin firebase_core_web at /Users/saradafumiaki/.pub-cache/hosted/pub.dev/firebase_core_web-3.6.0/
[   +1 ms] Found plugin cloud_firestore at /Users/saradafumiaki/.pub-cache/hosted/pub.dev/cloud_firestore-6.3.0/
[        ] Found plugin cloud_firestore_web at /Users/saradafumiaki/.pub-cache/hosted/pub.dev/cloud_firestore_web-5.3.0/
[   +1 ms] Found plugin wakelock_plus at /Users/saradafumiaki/.pub-cache/hosted/pub.dev/wakelock_plus-1.5.2/
[   +1 ms] Found plugin package_info_plus at /Users/saradafumiaki/.pub-cache/hosted/pub.dev/package_info_plus-9.0.1/
[   +2 ms] Found plugin url_launcher at /Users/saradafumiaki/.pub-cache/hosted/pub.dev/url_launcher-6.3.2/
[        ] Found plugin url_launcher_windows at /Users/saradafumiaki/.pub-cache/hosted/pub.dev/url_launcher_windows-3.1.5/
[        ] Found plugin url_launcher_web at /Users/saradafumiaki/.pub-cache/hosted/pub.dev/url_launcher_web-2.4.2/
[        ] Found plugin url_launcher_macos at /Users/saradafumiaki/.pub-cache/hosted/pub.dev/url_launcher_macos-3.2.5/
[        ] Found plugin url_launcher_linux at /Users/saradafumiaki/.pub-cache/hosted/pub.dev/url_launcher_linux-3.2.2/
[   +1 ms] Found plugin url_launcher_ios at /Users/saradafumiaki/.pub-cache/hosted/pub.dev/url_launcher_ios-6.4.1/
[        ] Found plugin url_launcher_android at /Users/saradafumiaki/.pub-cache/hosted/pub.dev/url_launcher_android-6.3.29/
[        ] Found plugin syncfusion_flutter_pdfviewer at /Users/saradafumiaki/.pub-cache/hosted/pub.dev/syncfusion_flutter_pdfviewer-28.2.12/
[        ] Found plugin syncfusion_pdfviewer_windows at /Users/saradafumiaki/.pub-cache/hosted/pub.dev/syncfusion_pdfviewer_windows-28.2.12/
[        ] Found plugin syncfusion_pdfviewer_web at /Users/saradafumiaki/.pub-cache/hosted/pub.dev/syncfusion_pdfviewer_web-28.2.12/
[        ] Found plugin syncfusion_pdfviewer_macos at /Users/saradafumiaki/.pub-cache/hosted/pub.dev/syncfusion_pdfviewer_macos-28.2.12/
[   +1 ms] Found plugin device_info_plus at /Users/saradafumiaki/.pub-cache/hosted/pub.dev/device_info_plus-11.5.0/
[   +1 ms] Found plugin shared_preferences at /Users/saradafumiaki/.pub-cache/hosted/pub.dev/shared_preferences-2.5.5/
[        ] Found plugin shared_preferences_windows at /Users/saradafumiaki/.pub-cache/hosted/pub.dev/shared_preferences_windows-2.4.1/
[        ] Found plugin path_provider_windows at /Users/saradafumiaki/.pub-cache/hosted/pub.dev/path_provider_windows-2.3.0/
[        ] Found plugin shared_preferences_web at /Users/saradafumiaki/.pub-cache/hosted/pub.dev/shared_preferences_web-2.4.3/
[        ] Found plugin shared_preferences_linux at /Users/saradafumiaki/.pub-cache/hosted/pub.dev/shared_preferences_linux-2.4.1/
[        ] Found plugin path_provider_linux at /Users/saradafumiaki/.pub-cache/hosted/pub.dev/path_provider_linux-2.2.1/
[        ] Found plugin shared_preferences_foundation at /Users/saradafumiaki/.pub-cache/hosted/pub.dev/shared_preferences_foundation-2.5.6/
[        ] Found plugin shared_preferences_android at /Users/saradafumiaki/.pub-cache/hosted/pub.dev/shared_preferences_android-2.4.23/
[        ] Found plugin share_plus at /Users/saradafumiaki/.pub-cache/hosted/pub.dev/share_plus-12.0.2/
[   +1 ms] Found plugin path_provider at /Users/saradafumiaki/.pub-cache/hosted/pub.dev/path_provider-2.1.5/
[        ] Found plugin path_provider_foundation at /Users/saradafumiaki/.pub-cache/hosted/pub.dev/path_provider_foundation-2.6.0/
[   +2 ms] Found plugin path_provider_android at /Users/saradafumiaki/.pub-cache/hosted/pub.dev/path_provider_android-2.3.1/
[        ] Found plugin jni_flutter at /Users/saradafumiaki/.pub-cache/hosted/pub.dev/jni_flutter-1.0.1/
[        ] Found plugin jni at /Users/saradafumiaki/.pub-cache/hosted/pub.dev/jni-1.0.0/
[   +1 ms] Found plugin printing at /Users/saradafumiaki/.pub-cache/hosted/pub.dev/printing-5.14.3/
[   +2 ms] Found plugin isar_community_flutter_libs at /Users/saradafumiaki/.pub-cache/hosted/pub.dev/isar_community_flutter_libs-3.3.2/
[        ] Found plugin google_sign_in at /Users/saradafumiaki/.pub-cache/hosted/pub.dev/google_sign_in-6.3.0/
[        ] Found plugin google_sign_in_web at /Users/saradafumiaki/.pub-cache/hosted/pub.dev/google_sign_in_web-0.12.4+4/
[   +1 ms] Found plugin google_sign_in_ios at /Users/saradafumiaki/.pub-cache/hosted/pub.dev/google_sign_in_ios-5.9.0/
[        ] Found plugin google_sign_in_android at /Users/saradafumiaki/.pub-cache/hosted/pub.dev/google_sign_in_android-6.2.1/
[   +1 ms] Found plugin flutter_tts at /Users/saradafumiaki/.pub-cache/hosted/pub.dev/flutter_tts-4.2.5/
[   +2 ms] Found plugin flutter_image_compress at /Users/saradafumiaki/.pub-cache/hosted/pub.dev/flutter_image_compress-2.4.0/
[        ] Found plugin flutter_image_compress_web at /Users/saradafumiaki/.pub-cache/hosted/pub.dev/flutter_image_compress_web-0.1.5/
[        ] Found plugin flutter_image_compress_ohos at /Users/saradafumiaki/.pub-cache/hosted/pub.dev/flutter_image_compress_ohos-0.0.3/
[        ] Found plugin flutter_image_compress_macos at /Users/saradafumiaki/.pub-cache/hosted/pub.dev/flutter_image_compress_macos-1.0.3/
[        ] Found plugin flutter_image_compress_common at /Users/saradafumiaki/.pub-cache/hosted/pub.dev/flutter_image_compress_common-1.0.6/
[        ] Found plugin firebase_storage at /Users/saradafumiaki/.pub-cache/hosted/pub.dev/firebase_storage-13.3.0/
[        ] Found plugin firebase_storage_web at /Users/saradafumiaki/.pub-cache/hosted/pub.dev/firebase_storage_web-3.11.5/
[        ] Found plugin firebase_crashlytics at /Users/saradafumiaki/.pub-cache/hosted/pub.dev/firebase_crashlytics-5.2.0/
[        ] Found plugin firebase_auth at /Users/saradafumiaki/.pub-cache/hosted/pub.dev/firebase_auth-6.4.0/
[        ] Found plugin firebase_auth_web at /Users/saradafumiaki/.pub-cache/hosted/pub.dev/firebase_auth_web-6.1.5/
[   +1 ms] Found plugin file_picker at /Users/saradafumiaki/.pub-cache/hosted/pub.dev/file_picker-8.3.7/
[        ] Found plugin flutter_plugin_android_lifecycle at /Users/saradafumiaki/.pub-cache/hosted/pub.dev/flutter_plugin_android_lifecycle-2.0.34/
[   +1 ms] Found plugin connectivity_plus at /Users/saradafumiaki/.pub-cache/hosted/pub.dev/connectivity_plus-6.1.5/
[   +1 ms] Found plugin audioplayers at /Users/saradafumiaki/.pub-cache/hosted/pub.dev/audioplayers-6.6.0/
[   +1 ms] Found plugin audioplayers_windows at /Users/saradafumiaki/.pub-cache/hosted/pub.dev/audioplayers_windows-4.3.0/
[        ] Found plugin audioplayers_web at /Users/saradafumiaki/.pub-cache/hosted/pub.dev/audioplayers_web-5.2.0/
[        ] Found plugin audioplayers_linux at /Users/saradafumiaki/.pub-cache/hosted/pub.dev/audioplayers_linux-4.2.1/
[        ] Found plugin audioplayers_darwin at /Users/saradafumiaki/.pub-cache/hosted/pub.dev/audioplayers_darwin-6.4.0/
[        ] Found plugin audioplayers_android at /Users/saradafumiaki/.pub-cache/hosted/pub.dev/audioplayers_android-5.2.1/
[   +2 ms] Skipping generating dart_plugin_registrant.dart because it is up-to-date.
[        ] <- recompile file:///var/folders/hh/1g2yms7d3890gm5lz8l0jmj80000gn/T/flutter_tools.X3xqwV/flutter_test_listener.8Uhsy0/listener.dart 605a855e-e3f6-4f02-9c2a-da2f0d7b94a0
[        ] file:///var/folders/hh/1g2yms7d3890gm5lz8l0jmj80000gn/T/flutter_tools.X3xqwV/flutter_test_listener.8Uhsy0/listener.dart
[        ] file:///Users/saradafumiaki/Documents/Apps/kendo_os/.dart_tool/flutter_build/dart_plugin_registrant.dart
[        ] <- 605a855e-e3f6-4f02-9c2a-da2f0d7b94a0
[ +106 ms] <- accept
[        ] <- reset
[        ] Compiling file:///var/folders/hh/1g2yms7d3890gm5lz8l0jmj80000gn/T/flutter_tools.X3xqwV/flutter_test_listener.8Uhsy0/listener.dart took 202ms
[        ] test 39: starting test device
[        ] test 39: awaiting connection to test device
[        ] test 39: VM Service uri is not available
[        ] test 39: test harness socket server is running at port:54044
[        ] test 39: Starting flutter_tester process with command=[/Users/saradafumiaki/development/flutter/bin/cache/artifacts/engine/darwin-x64/flutter_tester, --disable-vm-service, --enable-checked-mode, --verify-entry-points, --enable-software-rendering, --skia-deterministic-rendering, --enable-dart-profiling, --non-interactive, --use-test-fonts, --disable-asset-fonts, --packages=/Users/saradafumiaki/Documents/Apps/kendo_os/.dart_tool/package_config.json, --flutter-assets-dir=/Users/saradafumiaki/Documents/Apps/kendo_os/build/unit_test_assets, /var/folders/hh/1g2yms7d3890gm5lz8l0jmj80000gn/T/flutter_tools.X3xqwV/flutter_test_listener.8Uhsy0/listener.dart.dill], environment={FLUTTER_TEST: true, FONTCONFIG_FILE: /var/folders/hh/1g2yms7d3890gm5lz8l0jmj80000gn/T/flutter_tools.X3xqwV/flutter_test_fonts.hib7TY/fonts.conf, SERVER_PORT: 54044, APP_NAME: kendo_os, UNIT_TEST_ASSETS: /Users/saradafumiaki/Documents/Apps/kendo_os/build/unit_test_assets}
[   +5 ms] test 39: Started flutter_tester process at pid 33545
[  +43 ms] test 36: connected to test device, now awaiting test result
[        ] test 36: Waiting for test harness or tests to finish
00:21 +143 -1: /Users/saradafumiaki/Documents/Apps/kendo_os/test/integration/chaos_network_simulation_test.dart: (setUpAll)
00:21 +143 -1: /Users/saradafumiaki/Documents/Apps/kendo_os/test/integration/chaos_network_simulation_test.dart: 🌪️ Phase 7-1: カオスネットワークシミュレーション (Offline -> Online復旧) 通信断絶中に蓄積されたデータが、通信復旧時の同期エンジンによって全て送信されること
00:21 +144 -1: /Users/saradafumiaki/Documents/Apps/kendo_os/test/integration/chaos_network_simulation_test.dart: (tearDownAll)
[ +167 ms] test 36: Test harness is no longer needed by test process
[        ] test 36: finished
[        ] test 36: cleaning up...
[        ] test 36: ensuring test device is terminated.
[        ] test 36: Terminating flutter_tester process
[        ] test 36: Shutting down DevTools server
[        ] test 36: Test process is no longer needed by test harness
[        ] test 36: Shutting down test harness socket server
[   +4 ms] test 36: flutter_tester process at pid 33542 exited with code=-9
[        ] test 36: deleting temporary directory
[   +4 ms] test 36: finished
[        ] test 40: starting test /Users/saradafumiaki/Documents/Apps/kendo_os/test/integration/route_guard_test.dart
[   +5 ms] Stopping scan for flutter_test_config.dart; found project root at /Users/saradafumiaki/Documents/Apps/kendo_os
[        ] Compiling file:///var/folders/hh/1g2yms7d3890gm5lz8l0jmj80000gn/T/flutter_tools.X3xqwV/flutter_test_listener.OYBlZ6/listener.dart
[  +39 ms] Found plugin integration_test at /Users/saradafumiaki/development/flutter/packages/integration_test/
[  +12 ms] Found plugin firebase_core at /Users/saradafumiaki/.pub-cache/hosted/pub.dev/firebase_core-4.7.0/
[        ] Found plugin firebase_core_web at /Users/saradafumiaki/.pub-cache/hosted/pub.dev/firebase_core_web-3.6.0/
[   +1 ms] Found plugin cloud_firestore at /Users/saradafumiaki/.pub-cache/hosted/pub.dev/cloud_firestore-6.3.0/
[        ] Found plugin cloud_firestore_web at /Users/saradafumiaki/.pub-cache/hosted/pub.dev/cloud_firestore_web-5.3.0/
[   +2 ms] Found plugin wakelock_plus at /Users/saradafumiaki/.pub-cache/hosted/pub.dev/wakelock_plus-1.5.2/
[   +1 ms] Found plugin package_info_plus at /Users/saradafumiaki/.pub-cache/hosted/pub.dev/package_info_plus-9.0.1/
[   +3 ms] Found plugin url_launcher at /Users/saradafumiaki/.pub-cache/hosted/pub.dev/url_launcher-6.3.2/
[        ] Found plugin url_launcher_windows at /Users/saradafumiaki/.pub-cache/hosted/pub.dev/url_launcher_windows-3.1.5/
[   +1 ms] Found plugin url_launcher_web at /Users/saradafumiaki/.pub-cache/hosted/pub.dev/url_launcher_web-2.4.2/
[        ] Found plugin url_launcher_macos at /Users/saradafumiaki/.pub-cache/hosted/pub.dev/url_launcher_macos-3.2.5/
[        ] Found plugin url_launcher_linux at /Users/saradafumiaki/.pub-cache/hosted/pub.dev/url_launcher_linux-3.2.2/
[        ] Found plugin url_launcher_ios at /Users/saradafumiaki/.pub-cache/hosted/pub.dev/url_launcher_ios-6.4.1/
[        ] Found plugin url_launcher_android at /Users/saradafumiaki/.pub-cache/hosted/pub.dev/url_launcher_android-6.3.29/
[   +1 ms] Found plugin syncfusion_flutter_pdfviewer at /Users/saradafumiaki/.pub-cache/hosted/pub.dev/syncfusion_flutter_pdfviewer-28.2.12/
[        ] Found plugin syncfusion_pdfviewer_windows at /Users/saradafumiaki/.pub-cache/hosted/pub.dev/syncfusion_pdfviewer_windows-28.2.12/
[        ] Found plugin syncfusion_pdfviewer_web at /Users/saradafumiaki/.pub-cache/hosted/pub.dev/syncfusion_pdfviewer_web-28.2.12/
[   +1 ms] Found plugin syncfusion_pdfviewer_macos at /Users/saradafumiaki/.pub-cache/hosted/pub.dev/syncfusion_pdfviewer_macos-28.2.12/
[   +2 ms] Found plugin device_info_plus at /Users/saradafumiaki/.pub-cache/hosted/pub.dev/device_info_plus-11.5.0/
[   +1 ms] Found plugin shared_preferences at /Users/saradafumiaki/.pub-cache/hosted/pub.dev/shared_preferences-2.5.5/
[        ] Found plugin shared_preferences_windows at /Users/saradafumiaki/.pub-cache/hosted/pub.dev/shared_preferences_windows-2.4.1/
[   +1 ms] Found plugin path_provider_windows at /Users/saradafumiaki/.pub-cache/hosted/pub.dev/path_provider_windows-2.3.0/
[   +1 ms] Found plugin shared_preferences_web at /Users/saradafumiaki/.pub-cache/hosted/pub.dev/shared_preferences_web-2.4.3/
[        ] Found plugin shared_preferences_linux at /Users/saradafumiaki/.pub-cache/hosted/pub.dev/shared_preferences_linux-2.4.1/
[        ] Found plugin path_provider_linux at /Users/saradafumiaki/.pub-cache/hosted/pub.dev/path_provider_linux-2.2.1/
[   +1 ms] Found plugin shared_preferences_foundation at /Users/saradafumiaki/.pub-cache/hosted/pub.dev/shared_preferences_foundation-2.5.6/
[        ] Found plugin shared_preferences_android at /Users/saradafumiaki/.pub-cache/hosted/pub.dev/shared_preferences_android-2.4.23/
[        ] Found plugin share_plus at /Users/saradafumiaki/.pub-cache/hosted/pub.dev/share_plus-12.0.2/
[   +1 ms] Found plugin path_provider at /Users/saradafumiaki/.pub-cache/hosted/pub.dev/path_provider-2.1.5/
[        ] Found plugin path_provider_foundation at /Users/saradafumiaki/.pub-cache/hosted/pub.dev/path_provider_foundation-2.6.0/
[   +2 ms] Found plugin path_provider_android at /Users/saradafumiaki/.pub-cache/hosted/pub.dev/path_provider_android-2.3.1/
[        ] Found plugin jni_flutter at /Users/saradafumiaki/.pub-cache/hosted/pub.dev/jni_flutter-1.0.1/
[        ] Found plugin jni at /Users/saradafumiaki/.pub-cache/hosted/pub.dev/jni-1.0.0/
[   +1 ms] Found plugin printing at /Users/saradafumiaki/.pub-cache/hosted/pub.dev/printing-5.14.3/
[   +3 ms] Found plugin isar_community_flutter_libs at /Users/saradafumiaki/.pub-cache/hosted/pub.dev/isar_community_flutter_libs-3.3.2/
[        ] Found plugin google_sign_in at /Users/saradafumiaki/.pub-cache/hosted/pub.dev/google_sign_in-6.3.0/
[        ] Found plugin google_sign_in_web at /Users/saradafumiaki/.pub-cache/hosted/pub.dev/google_sign_in_web-0.12.4+4/
[   +1 ms] Found plugin google_sign_in_ios at /Users/saradafumiaki/.pub-cache/hosted/pub.dev/google_sign_in_ios-5.9.0/
[        ] Found plugin google_sign_in_android at /Users/saradafumiaki/.pub-cache/hosted/pub.dev/google_sign_in_android-6.2.1/
[   +1 ms] Found plugin flutter_tts at /Users/saradafumiaki/.pub-cache/hosted/pub.dev/flutter_tts-4.2.5/
[   +2 ms] Found plugin flutter_image_compress at /Users/saradafumiaki/.pub-cache/hosted/pub.dev/flutter_image_compress-2.4.0/
[        ] Found plugin flutter_image_compress_web at /Users/saradafumiaki/.pub-cache/hosted/pub.dev/flutter_image_compress_web-0.1.5/
[        ] Found plugin flutter_image_compress_ohos at /Users/saradafumiaki/.pub-cache/hosted/pub.dev/flutter_image_compress_ohos-0.0.3/
[        ] Found plugin flutter_image_compress_macos at /Users/saradafumiaki/.pub-cache/hosted/pub.dev/flutter_image_compress_macos-1.0.3/
[        ] Found plugin flutter_image_compress_common at /Users/saradafumiaki/.pub-cache/hosted/pub.dev/flutter_image_compress_common-1.0.6/
[        ] Found plugin firebase_storage at /Users/saradafumiaki/.pub-cache/hosted/pub.dev/firebase_storage-13.3.0/
[        ] Found plugin firebase_storage_web at /Users/saradafumiaki/.pub-cache/hosted/pub.dev/firebase_storage_web-3.11.5/
[        ] Found plugin firebase_crashlytics at /Users/saradafumiaki/.pub-cache/hosted/pub.dev/firebase_crashlytics-5.2.0/
[        ] Found plugin firebase_auth at /Users/saradafumiaki/.pub-cache/hosted/pub.dev/firebase_auth-6.4.0/
[        ] Found plugin firebase_auth_web at /Users/saradafumiaki/.pub-cache/hosted/pub.dev/firebase_auth_web-6.1.5/
[   +1 ms] Found plugin file_picker at /Users/saradafumiaki/.pub-cache/hosted/pub.dev/file_picker-8.3.7/
[        ] Found plugin flutter_plugin_android_lifecycle at /Users/saradafumiaki/.pub-cache/hosted/pub.dev/flutter_plugin_android_lifecycle-2.0.34/
[   +1 ms] Found plugin connectivity_plus at /Users/saradafumiaki/.pub-cache/hosted/pub.dev/connectivity_plus-6.1.5/
[   +1 ms] Found plugin audioplayers at /Users/saradafumiaki/.pub-cache/hosted/pub.dev/audioplayers-6.6.0/
[        ] Found plugin audioplayers_windows at /Users/saradafumiaki/.pub-cache/hosted/pub.dev/audioplayers_windows-4.3.0/
[        ] Found plugin audioplayers_web at /Users/saradafumiaki/.pub-cache/hosted/pub.dev/audioplayers_web-5.2.0/
[        ] Found plugin audioplayers_linux at /Users/saradafumiaki/.pub-cache/hosted/pub.dev/audioplayers_linux-4.2.1/
[        ] Found plugin audioplayers_darwin at /Users/saradafumiaki/.pub-cache/hosted/pub.dev/audioplayers_darwin-6.4.0/
[        ] Found plugin audioplayers_android at /Users/saradafumiaki/.pub-cache/hosted/pub.dev/audioplayers_android-5.2.1/
[   +2 ms] Skipping generating dart_plugin_registrant.dart because it is up-to-date.
[        ] <- recompile file:///var/folders/hh/1g2yms7d3890gm5lz8l0jmj80000gn/T/flutter_tools.X3xqwV/flutter_test_listener.OYBlZ6/listener.dart 9f6e2ed2-12b6-4ea6-bc50-e3f26517a7ab
[        ] file:///var/folders/hh/1g2yms7d3890gm5lz8l0jmj80000gn/T/flutter_tools.X3xqwV/flutter_test_listener.OYBlZ6/listener.dart
[        ] file:///Users/saradafumiaki/Documents/Apps/kendo_os/.dart_tool/flutter_build/dart_plugin_registrant.dart
[        ] <- 9f6e2ed2-12b6-4ea6-bc50-e3f26517a7ab
[ +124 ms] <- accept
[        ] <- reset
[        ] Compiling file:///var/folders/hh/1g2yms7d3890gm5lz8l0jmj80000gn/T/flutter_tools.X3xqwV/flutter_test_listener.OYBlZ6/listener.dart took 241ms
[        ] test 40: starting test device
[        ] test 40: awaiting connection to test device
[        ] test 40: VM Service uri is not available
[        ] test 40: test harness socket server is running at port:54048
[        ] test 40: Starting flutter_tester process with command=[/Users/saradafumiaki/development/flutter/bin/cache/artifacts/engine/darwin-x64/flutter_tester, --disable-vm-service, --enable-checked-mode, --verify-entry-points, --enable-software-rendering, --skia-deterministic-rendering, --enable-dart-profiling, --non-interactive, --use-test-fonts, --disable-asset-fonts, --packages=/Users/saradafumiaki/Documents/Apps/kendo_os/.dart_tool/package_config.json, --flutter-assets-dir=/Users/saradafumiaki/Documents/Apps/kendo_os/build/unit_test_assets, /var/folders/hh/1g2yms7d3890gm5lz8l0jmj80000gn/T/flutter_tools.X3xqwV/flutter_test_listener.OYBlZ6/listener.dart.dill], environment={FLUTTER_TEST: true, FONTCONFIG_FILE: /var/folders/hh/1g2yms7d3890gm5lz8l0jmj80000gn/T/flutter_tools.X3xqwV/flutter_test_fonts.hib7TY/fonts.conf, SERVER_PORT: 54048, APP_NAME: kendo_os, UNIT_TEST_ASSETS: /Users/saradafumiaki/Documents/Apps/kendo_os/build/unit_test_assets}
[   +6 ms] test 40: Started flutter_tester process at pid 33549
[ +324 ms] test 39: connected to test device, now awaiting test result
[        ] test 39: Waiting for test harness or tests to finish
[ +160 ms] test 38: connected to test device, now awaiting test result
[        ] test 38: Waiting for test harness or tests to finish
00:22 +144 -1: /Users/saradafumiaki/Documents/Apps/kendo_os/test/integration/phase6_replay_safety_test.dart: 🛡️ Phase 6: Replay Safety Pipeline Step 6-2: Version Replay Matrix (過去の歴史の一致を証明)
00:22 +145 -1: /Users/saradafumiaki/Documents/Apps/kendo_os/test/integration/phase6_replay_safety_test.dart: 🛡️ Phase 6: Replay Safety Pipeline Step 6-3: Snapshot Compatibility Test (スナップショットとリプレイ結果の完全一致)
00:22 +146 -1: /Users/saradafumiaki/Documents/Apps/kendo_os/test/integration/phase6_replay_safety_test.dart: 🛡️ Phase 6: Replay Safety Pipeline Step 6-4: Migration Replay Test (新イベント型への移行安全性)
[  +92 ms] test 39: Test harness is no longer needed by test process
[        ] test 39: finished
[        ] test 39: cleaning up...
[        ] test 39: ensuring test device is terminated.
[        ] test 39: Terminating flutter_tester process
[        ] test 39: Shutting down DevTools server
[        ] test 39: Test process is no longer needed by test harness
[        ] test 39: Shutting down test harness socket server
[   +6 ms] test 39: flutter_tester process at pid 33545 exited with code=-9
[        ] test 39: deleting temporary directory
[   +6 ms] test 39: finished
[        ] test 41: starting test /Users/saradafumiaki/Documents/Apps/kendo_os/test/integration/phase10_historical_replay_test.dart
[   +1 ms] Stopping scan for flutter_test_config.dart; found project root at /Users/saradafumiaki/Documents/Apps/kendo_os
[        ] Compiling file:///var/folders/hh/1g2yms7d3890gm5lz8l0jmj80000gn/T/flutter_tools.X3xqwV/flutter_test_listener.nC4ZZE/listener.dart
[  +32 ms] test 37: connected to test device, now awaiting test result
[        ] test 37: Waiting for test harness or tests to finish
00:22 +147 -1: /Users/saradafumiaki/Documents/Apps/kendo_os/test/integration/chaos_sync_load_test.dart: (setUpAll)
[  +33 ms] Found plugin integration_test at /Users/saradafumiaki/development/flutter/packages/integration_test/
00:22 +147 -1: /Users/saradafumiaki/Documents/Apps/kendo_os/test/integration/chaos_sync_load_test.dart: 🌪️ Phase 7-4: カオス負荷テスト (大量データ同期) 100件の未送信データが存在しても、同期エンジンがクラッシュせずにすべて高速に処理しきれること
[  +18 ms] Found plugin firebase_core at /Users/saradafumiaki/.pub-cache/hosted/pub.dev/firebase_core-4.7.0/
[        ] Found plugin firebase_core_web at /Users/saradafumiaki/.pub-cache/hosted/pub.dev/firebase_core_web-3.6.0/
[   +4 ms] Found plugin cloud_firestore at /Users/saradafumiaki/.pub-cache/hosted/pub.dev/cloud_firestore-6.3.0/
[        ] Found plugin cloud_firestore_web at /Users/saradafumiaki/.pub-cache/hosted/pub.dev/cloud_firestore_web-5.3.0/
[   +3 ms] Found plugin wakelock_plus at /Users/saradafumiaki/.pub-cache/hosted/pub.dev/wakelock_plus-1.5.2/
[   +2 ms] Found plugin package_info_plus at /Users/saradafumiaki/.pub-cache/hosted/pub.dev/package_info_plus-9.0.1/
[   +4 ms] Found plugin url_launcher at /Users/saradafumiaki/.pub-cache/hosted/pub.dev/url_launcher-6.3.2/
[   +2 ms] Found plugin url_launcher_windows at /Users/saradafumiaki/.pub-cache/hosted/pub.dev/url_launcher_windows-3.1.5/
[   +5 ms] Found plugin url_launcher_web at /Users/saradafumiaki/.pub-cache/hosted/pub.dev/url_launcher_web-2.4.2/
[        ] Found plugin url_launcher_macos at /Users/saradafumiaki/.pub-cache/hosted/pub.dev/url_launcher_macos-3.2.5/
[        ] Found plugin url_launcher_linux at /Users/saradafumiaki/.pub-cache/hosted/pub.dev/url_launcher_linux-3.2.2/
[        ] Found plugin url_launcher_ios at /Users/saradafumiaki/.pub-cache/hosted/pub.dev/url_launcher_ios-6.4.1/
[        ] Found plugin url_launcher_android at /Users/saradafumiaki/.pub-cache/hosted/pub.dev/url_launcher_android-6.3.29/
[   +1 ms] Found plugin syncfusion_flutter_pdfviewer at /Users/saradafumiaki/.pub-cache/hosted/pub.dev/syncfusion_flutter_pdfviewer-28.2.12/
[        ] Found plugin syncfusion_pdfviewer_windows at /Users/saradafumiaki/.pub-cache/hosted/pub.dev/syncfusion_pdfviewer_windows-28.2.12/
[   +1 ms] Found plugin syncfusion_pdfviewer_web at /Users/saradafumiaki/.pub-cache/hosted/pub.dev/syncfusion_pdfviewer_web-28.2.12/
[   +1 ms] Found plugin syncfusion_pdfviewer_macos at /Users/saradafumiaki/.pub-cache/hosted/pub.dev/syncfusion_pdfviewer_macos-28.2.12/
[   +3 ms] Found plugin device_info_plus at /Users/saradafumiaki/.pub-cache/hosted/pub.dev/device_info_plus-11.5.0/
[   +2 ms] Found plugin shared_preferences at /Users/saradafumiaki/.pub-cache/hosted/pub.dev/shared_preferences-2.5.5/
[        ] Found plugin shared_preferences_windows at /Users/saradafumiaki/.pub-cache/hosted/pub.dev/shared_preferences_windows-2.4.1/
[   +1 ms] Found plugin path_provider_windows at /Users/saradafumiaki/.pub-cache/hosted/pub.dev/path_provider_windows-2.3.0/
[   +1 ms] Found plugin shared_preferences_web at /Users/saradafumiaki/.pub-cache/hosted/pub.dev/shared_preferences_web-2.4.3/
[        ] Found plugin shared_preferences_linux at /Users/saradafumiaki/.pub-cache/hosted/pub.dev/shared_preferences_linux-2.4.1/
[        ] Found plugin path_provider_linux at /Users/saradafumiaki/.pub-cache/hosted/pub.dev/path_provider_linux-2.2.1/
[   +1 ms] Found plugin shared_preferences_foundation at /Users/saradafumiaki/.pub-cache/hosted/pub.dev/shared_preferences_foundation-2.5.6/
[        ] Found plugin shared_preferences_android at /Users/saradafumiaki/.pub-cache/hosted/pub.dev/shared_preferences_android-2.4.23/
[        ] Found plugin share_plus at /Users/saradafumiaki/.pub-cache/hosted/pub.dev/share_plus-12.0.2/
[   +1 ms] Found plugin path_provider at /Users/saradafumiaki/.pub-cache/hosted/pub.dev/path_provider-2.1.5/
[        ] Found plugin path_provider_foundation at /Users/saradafumiaki/.pub-cache/hosted/pub.dev/path_provider_foundation-2.6.0/
[   +5 ms] Found plugin path_provider_android at /Users/saradafumiaki/.pub-cache/hosted/pub.dev/path_provider_android-2.3.1/
[   +1 ms] Found plugin jni_flutter at /Users/saradafumiaki/.pub-cache/hosted/pub.dev/jni_flutter-1.0.1/
[        ] Found plugin jni at /Users/saradafumiaki/.pub-cache/hosted/pub.dev/jni-1.0.0/
[   +2 ms] Found plugin printing at /Users/saradafumiaki/.pub-cache/hosted/pub.dev/printing-5.14.3/
[   +6 ms] Found plugin isar_community_flutter_libs at /Users/saradafumiaki/.pub-cache/hosted/pub.dev/isar_community_flutter_libs-3.3.2/
[   +1 ms] Found plugin google_sign_in at /Users/saradafumiaki/.pub-cache/hosted/pub.dev/google_sign_in-6.3.0/
[        ] Found plugin google_sign_in_web at /Users/saradafumiaki/.pub-cache/hosted/pub.dev/google_sign_in_web-0.12.4+4/
[   +2 ms] Found plugin google_sign_in_ios at /Users/saradafumiaki/.pub-cache/hosted/pub.dev/google_sign_in_ios-5.9.0/
[   +1 ms] Found plugin google_sign_in_android at /Users/saradafumiaki/.pub-cache/hosted/pub.dev/google_sign_in_android-6.2.1/
[   +2 ms] Found plugin flutter_tts at /Users/saradafumiaki/.pub-cache/hosted/pub.dev/flutter_tts-4.2.5/
[   +5 ms] Found plugin flutter_image_compress at /Users/saradafumiaki/.pub-cache/hosted/pub.dev/flutter_image_compress-2.4.0/
[   +1 ms] Found plugin flutter_image_compress_web at /Users/saradafumiaki/.pub-cache/hosted/pub.dev/flutter_image_compress_web-0.1.5/
[   +1 ms] Found plugin flutter_image_compress_ohos at /Users/saradafumiaki/.pub-cache/hosted/pub.dev/flutter_image_compress_ohos-0.0.3/
[        ] Found plugin flutter_image_compress_macos at /Users/saradafumiaki/.pub-cache/hosted/pub.dev/flutter_image_compress_macos-1.0.3/
[   +1 ms] Found plugin flutter_image_compress_common at /Users/saradafumiaki/.pub-cache/hosted/pub.dev/flutter_image_compress_common-1.0.6/
[   +1 ms] Found plugin firebase_storage at /Users/saradafumiaki/.pub-cache/hosted/pub.dev/firebase_storage-13.3.0/
[   +2 ms] Found plugin firebase_storage_web at /Users/saradafumiaki/.pub-cache/hosted/pub.dev/firebase_storage_web-3.11.5/
[   +1 ms] Found plugin firebase_crashlytics at /Users/saradafumiaki/.pub-cache/hosted/pub.dev/firebase_crashlytics-5.2.0/
[   +2 ms] Found plugin firebase_auth at /Users/saradafumiaki/.pub-cache/hosted/pub.dev/firebase_auth-6.4.0/
[   +1 ms] Found plugin firebase_auth_web at /Users/saradafumiaki/.pub-cache/hosted/pub.dev/firebase_auth_web-6.1.5/
[   +3 ms] Found plugin file_picker at /Users/saradafumiaki/.pub-cache/hosted/pub.dev/file_picker-8.3.7/
[   +1 ms] Found plugin flutter_plugin_android_lifecycle at /Users/saradafumiaki/.pub-cache/hosted/pub.dev/flutter_plugin_android_lifecycle-2.0.34/
[   +2 ms] Found plugin connectivity_plus at /Users/saradafumiaki/.pub-cache/hosted/pub.dev/connectivity_plus-6.1.5/
[   +2 ms] Found plugin audioplayers at /Users/saradafumiaki/.pub-cache/hosted/pub.dev/audioplayers-6.6.0/
[   +1 ms] Found plugin audioplayers_windows at /Users/saradafumiaki/.pub-cache/hosted/pub.dev/audioplayers_windows-4.3.0/
[   +1 ms] Found plugin audioplayers_web at /Users/saradafumiaki/.pub-cache/hosted/pub.dev/audioplayers_web-5.2.0/
[   +1 ms] Found plugin audioplayers_linux at /Users/saradafumiaki/.pub-cache/hosted/pub.dev/audioplayers_linux-4.2.1/
[        ] Found plugin audioplayers_darwin at /Users/saradafumiaki/.pub-cache/hosted/pub.dev/audioplayers_darwin-6.4.0/
[        ] Found plugin audioplayers_android at /Users/saradafumiaki/.pub-cache/hosted/pub.dev/audioplayers_android-5.2.1/
[   +2 ms] Skipping generating dart_plugin_registrant.dart because it is up-to-date.
[        ] <- recompile file:///var/folders/hh/1g2yms7d3890gm5lz8l0jmj80000gn/T/flutter_tools.X3xqwV/flutter_test_listener.nC4ZZE/listener.dart b85ab3a1-dcec-406e-b628-8a85ab664b49
[        ] file:///var/folders/hh/1g2yms7d3890gm5lz8l0jmj80000gn/T/flutter_tools.X3xqwV/flutter_test_listener.nC4ZZE/listener.dart
[        ] file:///Users/saradafumiaki/Documents/Apps/kendo_os/.dart_tool/flutter_build/dart_plugin_registrant.dart
[        ] <- b85ab3a1-dcec-406e-b628-8a85ab664b49
00:22 +148 -1: /Users/saradafumiaki/Documents/Apps/kendo_os/test/integration/timeline_merge_test.dart: Timeline Merge Logic Test 試合3件とコメント2件がLexical Orderingに基づいて正しくマージ・ソートされること
[   +3 ms] test 38: Test harness is no longer needed by test process
[        ] test 38: finished
[        ] test 38: cleaning up...
[        ] test 38: ensuring test device is terminated.
[        ] test 38: Terminating flutter_tester process
[        ] test 38: Shutting down DevTools server
[        ] test 38: Test process is no longer needed by test harness
[        ] test 38: Shutting down test harness socket server
[   +5 ms] test 38: flutter_tester process at pid 33544 exited with code=-9
[        ] test 38: deleting temporary directory
[   +4 ms] test 38: finished
[        ] test 42: starting test /Users/saradafumiaki/Documents/Apps/kendo_os/test/integration/match_flow_event_test.dart
[   +1 ms] Stopping scan for flutter_test_config.dart; found project root at /Users/saradafumiaki/Documents/Apps/kendo_os
[   +7 ms] test 37: Test harness is no longer needed by test process
[        ] test 37: finished
[        ] test 37: cleaning up...
[        ] test 37: ensuring test device is terminated.
[        ] test 37: Terminating flutter_tester process
[        ] test 37: Shutting down DevTools server
[        ] test 37: Test process is no longer needed by test harness
[        ] test 37: Shutting down test harness socket server
[   +6 ms] test 37: flutter_tester process at pid 33543 exited with code=-9
[        ] test 37: deleting temporary directory
[   +6 ms] test 37: finished
[        ] test 43: starting test /Users/saradafumiaki/Documents/Apps/kendo_os/test/integration/chaos_crash_recovery_test.dart
[   +1 ms] Stopping scan for flutter_test_config.dart; found project root at /Users/saradafumiaki/Documents/Apps/kendo_os
[  +60 ms] test 40: connected to test device, now awaiting test result
[        ] test 40: Waiting for test harness or tests to finish
[  +49 ms] <- accept
[        ] <- reset
[        ] Compiling file:///var/folders/hh/1g2yms7d3890gm5lz8l0jmj80000gn/T/flutter_tools.X3xqwV/flutter_test_listener.nC4ZZE/listener.dart took 346ms
[        ] Compiling file:///var/folders/hh/1g2yms7d3890gm5lz8l0jmj80000gn/T/flutter_tools.X3xqwV/flutter_test_listener.ISw8vM/listener.dart
[        ] test 41: starting test device
[        ] test 41: awaiting connection to test device
[   +4 ms] test 41: VM Service uri is not available
[        ] test 41: test harness socket server is running at port:54057
[        ] test 41: Starting flutter_tester process with command=[/Users/saradafumiaki/development/flutter/bin/cache/artifacts/engine/darwin-x64/flutter_tester, --disable-vm-service, --enable-checked-mode, --verify-entry-points, --enable-software-rendering, --skia-deterministic-rendering, --enable-dart-profiling, --non-interactive, --use-test-fonts, --disable-asset-fonts, --packages=/Users/saradafumiaki/Documents/Apps/kendo_os/.dart_tool/package_config.json, --flutter-assets-dir=/Users/saradafumiaki/Documents/Apps/kendo_os/build/unit_test_assets, /var/folders/hh/1g2yms7d3890gm5lz8l0jmj80000gn/T/flutter_tools.X3xqwV/flutter_test_listener.nC4ZZE/listener.dart.dill], environment={FLUTTER_TEST: true, FONTCONFIG_FILE: /var/folders/hh/1g2yms7d3890gm5lz8l0jmj80000gn/T/flutter_tools.X3xqwV/flutter_test_fonts.hib7TY/fonts.conf, SERVER_PORT: 54057, APP_NAME: kendo_os, UNIT_TEST_ASSETS: /Users/saradafumiaki/Documents/Apps/kendo_os/build/unit_test_assets}
[   +5 ms] test 41: Started flutter_tester process at pid 33554
[  +32 ms] Found plugin integration_test at /Users/saradafumiaki/development/flutter/packages/integration_test/
[  +11 ms] Found plugin firebase_core at /Users/saradafumiaki/.pub-cache/hosted/pub.dev/firebase_core-4.7.0/
[        ] Found plugin firebase_core_web at /Users/saradafumiaki/.pub-cache/hosted/pub.dev/firebase_core_web-3.6.0/
[   +1 ms] Found plugin cloud_firestore at /Users/saradafumiaki/.pub-cache/hosted/pub.dev/cloud_firestore-6.3.0/
[        ] Found plugin cloud_firestore_web at /Users/saradafumiaki/.pub-cache/hosted/pub.dev/cloud_firestore_web-5.3.0/
00:23 +149 -1: /Users/saradafumiaki/Documents/Apps/kendo_os/test/integration/route_guard_test.dart: 🔒 Stage2 β - ルーティングガード＆不正昇格遮断テスト Viewerロールが /settings へ直接URL直打ち遷移しようとした場合、拒絶されて選択画面へ送還されること
[   +3 ms] Found plugin wakelock_plus at /Users/saradafumiaki/.pub-cache/hosted/pub.dev/wakelock_plus-1.5.2/
[   +1 ms] Found plugin package_info_plus at /Users/saradafumiaki/.pub-cache/hosted/pub.dev/package_info_plus-9.0.1/
[   +2 ms] Found plugin url_launcher at /Users/saradafumiaki/.pub-cache/hosted/pub.dev/url_launcher-6.3.2/
[        ] Found plugin url_launcher_windows at /Users/saradafumiaki/.pub-cache/hosted/pub.dev/url_launcher_windows-3.1.5/
[        ] Found plugin url_launcher_web at /Users/saradafumiaki/.pub-cache/hosted/pub.dev/url_launcher_web-2.4.2/
[        ] Found plugin url_launcher_macos at /Users/saradafumiaki/.pub-cache/hosted/pub.dev/url_launcher_macos-3.2.5/
[        ] Found plugin url_launcher_linux at /Users/saradafumiaki/.pub-cache/hosted/pub.dev/url_launcher_linux-3.2.2/
[        ] Found plugin url_launcher_ios at /Users/saradafumiaki/.pub-cache/hosted/pub.dev/url_launcher_ios-6.4.1/
[        ] Found plugin url_launcher_android at /Users/saradafumiaki/.pub-cache/hosted/pub.dev/url_launcher_android-6.3.29/
[        ] Found plugin syncfusion_flutter_pdfviewer at /Users/saradafumiaki/.pub-cache/hosted/pub.dev/syncfusion_flutter_pdfviewer-28.2.12/
[        ] Found plugin syncfusion_pdfviewer_windows at /Users/saradafumiaki/.pub-cache/hosted/pub.dev/syncfusion_pdfviewer_windows-28.2.12/
[        ] Found plugin syncfusion_pdfviewer_web at /Users/saradafumiaki/.pub-cache/hosted/pub.dev/syncfusion_pdfviewer_web-28.2.12/
[        ] Found plugin syncfusion_pdfviewer_macos at /Users/saradafumiaki/.pub-cache/hosted/pub.dev/syncfusion_pdfviewer_macos-28.2.12/
[   +2 ms] Found plugin device_info_plus at /Users/saradafumiaki/.pub-cache/hosted/pub.dev/device_info_plus-11.5.0/
[   +1 ms] Found plugin shared_preferences at /Users/saradafumiaki/.pub-cache/hosted/pub.dev/shared_preferences-2.5.5/
[        ] Found plugin shared_preferences_windows at /Users/saradafumiaki/.pub-cache/hosted/pub.dev/shared_preferences_windows-2.4.1/
[        ] Found plugin path_provider_windows at /Users/saradafumiaki/.pub-cache/hosted/pub.dev/path_provider_windows-2.3.0/
[   +1 ms] Found plugin shared_preferences_web at /Users/saradafumiaki/.pub-cache/hosted/pub.dev/shared_preferences_web-2.4.3/
[        ] Found plugin shared_preferences_linux at /Users/saradafumiaki/.pub-cache/hosted/pub.dev/shared_preferences_linux-2.4.1/
[        ] Found plugin path_provider_linux at /Users/saradafumiaki/.pub-cache/hosted/pub.dev/path_provider_linux-2.2.1/
[        ] Found plugin shared_preferences_foundation at /Users/saradafumiaki/.pub-cache/hosted/pub.dev/shared_preferences_foundation-2.5.6/
[        ] Found plugin shared_preferences_android at /Users/saradafumiaki/.pub-cache/hosted/pub.dev/shared_preferences_android-2.4.23/
[        ] Found plugin share_plus at /Users/saradafumiaki/.pub-cache/hosted/pub.dev/share_plus-12.0.2/
[   +1 ms] Found plugin path_provider at /Users/saradafumiaki/.pub-cache/hosted/pub.dev/path_provider-2.1.5/
[        ] Found plugin path_provider_foundation at /Users/saradafumiaki/.pub-cache/hosted/pub.dev/path_provider_foundation-2.6.0/
[   +2 ms] Found plugin path_provider_android at /Users/saradafumiaki/.pub-cache/hosted/pub.dev/path_provider_android-2.3.1/
[        ] Found plugin jni_flutter at /Users/saradafumiaki/.pub-cache/hosted/pub.dev/jni_flutter-1.0.1/
[        ] Found plugin jni at /Users/saradafumiaki/.pub-cache/hosted/pub.dev/jni-1.0.0/
[   +1 ms] Found plugin printing at /Users/saradafumiaki/.pub-cache/hosted/pub.dev/printing-5.14.3/
[   +3 ms] Found plugin isar_community_flutter_libs at /Users/saradafumiaki/.pub-cache/hosted/pub.dev/isar_community_flutter_libs-3.3.2/
[        ] Found plugin google_sign_in at /Users/saradafumiaki/.pub-cache/hosted/pub.dev/google_sign_in-6.3.0/
[        ] Found plugin google_sign_in_web at /Users/saradafumiaki/.pub-cache/hosted/pub.dev/google_sign_in_web-0.12.4+4/
[   +2 ms] Found plugin google_sign_in_ios at /Users/saradafumiaki/.pub-cache/hosted/pub.dev/google_sign_in_ios-5.9.0/
[        ] Found plugin google_sign_in_android at /Users/saradafumiaki/.pub-cache/hosted/pub.dev/google_sign_in_android-6.2.1/
[   +1 ms] Found plugin flutter_tts at /Users/saradafumiaki/.pub-cache/hosted/pub.dev/flutter_tts-4.2.5/
[   +2 ms] Found plugin flutter_image_compress at /Users/saradafumiaki/.pub-cache/hosted/pub.dev/flutter_image_compress-2.4.0/
[        ] Found plugin flutter_image_compress_web at /Users/saradafumiaki/.pub-cache/hosted/pub.dev/flutter_image_compress_web-0.1.5/
[   +1 ms] Found plugin flutter_image_compress_ohos at /Users/saradafumiaki/.pub-cache/hosted/pub.dev/flutter_image_compress_ohos-0.0.3/
[        ] Found plugin flutter_image_compress_macos at /Users/saradafumiaki/.pub-cache/hosted/pub.dev/flutter_image_compress_macos-1.0.3/
[        ] Found plugin flutter_image_compress_common at /Users/saradafumiaki/.pub-cache/hosted/pub.dev/flutter_image_compress_common-1.0.6/
[        ] Found plugin firebase_storage at /Users/saradafumiaki/.pub-cache/hosted/pub.dev/firebase_storage-13.3.0/
[        ] Found plugin firebase_storage_web at /Users/saradafumiaki/.pub-cache/hosted/pub.dev/firebase_storage_web-3.11.5/
[        ] Found plugin firebase_crashlytics at /Users/saradafumiaki/.pub-cache/hosted/pub.dev/firebase_crashlytics-5.2.0/
[   +1 ms] Found plugin firebase_auth at /Users/saradafumiaki/.pub-cache/hosted/pub.dev/firebase_auth-6.4.0/
[        ] Found plugin firebase_auth_web at /Users/saradafumiaki/.pub-cache/hosted/pub.dev/firebase_auth_web-6.1.5/
[   +1 ms] Found plugin file_picker at /Users/saradafumiaki/.pub-cache/hosted/pub.dev/file_picker-8.3.7/
[        ] Found plugin flutter_plugin_android_lifecycle at /Users/saradafumiaki/.pub-cache/hosted/pub.dev/flutter_plugin_android_lifecycle-2.0.34/
[   +1 ms] Found plugin connectivity_plus at /Users/saradafumiaki/.pub-cache/hosted/pub.dev/connectivity_plus-6.1.5/
[   +1 ms] Found plugin audioplayers at /Users/saradafumiaki/.pub-cache/hosted/pub.dev/audioplayers-6.6.0/
[        ] Found plugin audioplayers_windows at /Users/saradafumiaki/.pub-cache/hosted/pub.dev/audioplayers_windows-4.3.0/
[        ] Found plugin audioplayers_web at /Users/saradafumiaki/.pub-cache/hosted/pub.dev/audioplayers_web-5.2.0/
[        ] Found plugin audioplayers_linux at /Users/saradafumiaki/.pub-cache/hosted/pub.dev/audioplayers_linux-4.2.1/
[        ] Found plugin audioplayers_darwin at /Users/saradafumiaki/.pub-cache/hosted/pub.dev/audioplayers_darwin-6.4.0/
[        ] Found plugin audioplayers_android at /Users/saradafumiaki/.pub-cache/hosted/pub.dev/audioplayers_android-5.2.1/
[   +2 ms] Skipping generating dart_plugin_registrant.dart because it is up-to-date.
[        ] <- recompile file:///var/folders/hh/1g2yms7d3890gm5lz8l0jmj80000gn/T/flutter_tools.X3xqwV/flutter_test_listener.ISw8vM/listener.dart cee5bc58-f7fd-405c-ba04-678229ae4d1e
[        ] file:///var/folders/hh/1g2yms7d3890gm5lz8l0jmj80000gn/T/flutter_tools.X3xqwV/flutter_test_listener.ISw8vM/listener.dart
[        ] file:///Users/saradafumiaki/Documents/Apps/kendo_os/.dart_tool/flutter_build/dart_plugin_registrant.dart
[        ] <- cee5bc58-f7fd-405c-ba04-678229ae4d1e
00:23 +150 -1: /Users/saradafumiaki/Documents/Apps/kendo_os/test/integration/route_guard_test.dart: 🔒 Stage2 β - ルーティングガード＆不正昇格遮断テスト URLに role=viewer を付与して特権へ裏口昇格しようとしても、Viewer権限へ強制降格・隔離されること
[  +26 ms] test 40: Test harness is no longer needed by test process
[        ] test 40: finished
[        ] test 40: cleaning up...
[        ] test 40: ensuring test device is terminated.
[        ] test 40: Terminating flutter_tester process
[        ] test 40: Shutting down DevTools server
[        ] test 40: Test process is no longer needed by test harness
[        ] test 40: Shutting down test harness socket server
[   +4 ms] test 40: flutter_tester process at pid 33549 exited with code=-9
[        ] test 40: deleting temporary directory
[   +5 ms] test 40: finished
[        ] test 44: starting test /Users/saradafumiaki/Documents/Apps/kendo_os/test/integration/phase0_golden_behavior_test.dart
[   +3 ms] Stopping scan for flutter_test_config.dart; found project root at /Users/saradafumiaki/Documents/Apps/kendo_os
[  +83 ms] <- accept
[        ] <- reset
[        ] Compiling file:///var/folders/hh/1g2yms7d3890gm5lz8l0jmj80000gn/T/flutter_tools.X3xqwV/flutter_test_listener.ISw8vM/listener.dart took 241ms
[        ] Compiling file:///var/folders/hh/1g2yms7d3890gm5lz8l0jmj80000gn/T/flutter_tools.X3xqwV/flutter_test_listener.GuhG2v/listener.dart
[        ] test 42: starting test device
[        ] test 42: awaiting connection to test device
[   +3 ms] test 42: VM Service uri is not available
[        ] test 42: test harness socket server is running at port:54060
[        ] test 42: Starting flutter_tester process with command=[/Users/saradafumiaki/development/flutter/bin/cache/artifacts/engine/darwin-x64/flutter_tester, --disable-vm-service, --enable-checked-mode, --verify-entry-points, --enable-software-rendering, --skia-deterministic-rendering, --enable-dart-profiling, --non-interactive, --use-test-fonts, --disable-asset-fonts, --packages=/Users/saradafumiaki/Documents/Apps/kendo_os/.dart_tool/package_config.json, --flutter-assets-dir=/Users/saradafumiaki/Documents/Apps/kendo_os/build/unit_test_assets, /var/folders/hh/1g2yms7d3890gm5lz8l0jmj80000gn/T/flutter_tools.X3xqwV/flutter_test_listener.ISw8vM/listener.dart.dill], environment={FLUTTER_TEST: true, FONTCONFIG_FILE: /var/folders/hh/1g2yms7d3890gm5lz8l0jmj80000gn/T/flutter_tools.X3xqwV/flutter_test_fonts.hib7TY/fonts.conf, SERVER_PORT: 54060, APP_NAME: kendo_os, UNIT_TEST_ASSETS: /Users/saradafumiaki/Documents/Apps/kendo_os/build/unit_test_assets}
[   +4 ms] test 42: Started flutter_tester process at pid 33555
[  +21 ms] Found plugin integration_test at /Users/saradafumiaki/development/flutter/packages/integration_test/
[   +8 ms] Found plugin firebase_core at /Users/saradafumiaki/.pub-cache/hosted/pub.dev/firebase_core-4.7.0/
[        ] Found plugin firebase_core_web at /Users/saradafumiaki/.pub-cache/hosted/pub.dev/firebase_core_web-3.6.0/
[   +1 ms] Found plugin cloud_firestore at /Users/saradafumiaki/.pub-cache/hosted/pub.dev/cloud_firestore-6.3.0/
[        ] Found plugin cloud_firestore_web at /Users/saradafumiaki/.pub-cache/hosted/pub.dev/cloud_firestore_web-5.3.0/
[   +1 ms] Found plugin wakelock_plus at /Users/saradafumiaki/.pub-cache/hosted/pub.dev/wakelock_plus-1.5.2/
[   +1 ms] Found plugin package_info_plus at /Users/saradafumiaki/.pub-cache/hosted/pub.dev/package_info_plus-9.0.1/
[   +2 ms] Found plugin url_launcher at /Users/saradafumiaki/.pub-cache/hosted/pub.dev/url_launcher-6.3.2/
[        ] Found plugin url_launcher_windows at /Users/saradafumiaki/.pub-cache/hosted/pub.dev/url_launcher_windows-3.1.5/
[        ] Found plugin url_launcher_web at /Users/saradafumiaki/.pub-cache/hosted/pub.dev/url_launcher_web-2.4.2/
[        ] Found plugin url_launcher_macos at /Users/saradafumiaki/.pub-cache/hosted/pub.dev/url_launcher_macos-3.2.5/
[        ] Found plugin url_launcher_linux at /Users/saradafumiaki/.pub-cache/hosted/pub.dev/url_launcher_linux-3.2.2/
[        ] Found plugin url_launcher_ios at /Users/saradafumiaki/.pub-cache/hosted/pub.dev/url_launcher_ios-6.4.1/
[        ] Found plugin url_launcher_android at /Users/saradafumiaki/.pub-cache/hosted/pub.dev/url_launcher_android-6.3.29/
[        ] Found plugin syncfusion_flutter_pdfviewer at /Users/saradafumiaki/.pub-cache/hosted/pub.dev/syncfusion_flutter_pdfviewer-28.2.12/
[        ] Found plugin syncfusion_pdfviewer_windows at /Users/saradafumiaki/.pub-cache/hosted/pub.dev/syncfusion_pdfviewer_windows-28.2.12/
[        ] Found plugin syncfusion_pdfviewer_web at /Users/saradafumiaki/.pub-cache/hosted/pub.dev/syncfusion_pdfviewer_web-28.2.12/
[        ] Found plugin syncfusion_pdfviewer_macos at /Users/saradafumiaki/.pub-cache/hosted/pub.dev/syncfusion_pdfviewer_macos-28.2.12/
[   +1 ms] Found plugin device_info_plus at /Users/saradafumiaki/.pub-cache/hosted/pub.dev/device_info_plus-11.5.0/
[        ] Found plugin shared_preferences at /Users/saradafumiaki/.pub-cache/hosted/pub.dev/shared_preferences-2.5.5/
[        ] Found plugin shared_preferences_windows at /Users/saradafumiaki/.pub-cache/hosted/pub.dev/shared_preferences_windows-2.4.1/
[        ] Found plugin path_provider_windows at /Users/saradafumiaki/.pub-cache/hosted/pub.dev/path_provider_windows-2.3.0/
[        ] Found plugin shared_preferences_web at /Users/saradafumiaki/.pub-cache/hosted/pub.dev/shared_preferences_web-2.4.3/
[        ] Found plugin shared_preferences_linux at /Users/saradafumiaki/.pub-cache/hosted/pub.dev/shared_preferences_linux-2.4.1/
[        ] Found plugin path_provider_linux at /Users/saradafumiaki/.pub-cache/hosted/pub.dev/path_provider_linux-2.2.1/
[        ] Found plugin shared_preferences_foundation at /Users/saradafumiaki/.pub-cache/hosted/pub.dev/shared_preferences_foundation-2.5.6/
[        ] Found plugin shared_preferences_android at /Users/saradafumiaki/.pub-cache/hosted/pub.dev/shared_preferences_android-2.4.23/
[        ] Found plugin share_plus at /Users/saradafumiaki/.pub-cache/hosted/pub.dev/share_plus-12.0.2/
[        ] Found plugin path_provider at /Users/saradafumiaki/.pub-cache/hosted/pub.dev/path_provider-2.1.5/
[        ] Found plugin path_provider_foundation at /Users/saradafumiaki/.pub-cache/hosted/pub.dev/path_provider_foundation-2.6.0/
[   +1 ms] Found plugin path_provider_android at /Users/saradafumiaki/.pub-cache/hosted/pub.dev/path_provider_android-2.3.1/
[        ] Found plugin jni_flutter at /Users/saradafumiaki/.pub-cache/hosted/pub.dev/jni_flutter-1.0.1/
[        ] Found plugin jni at /Users/saradafumiaki/.pub-cache/hosted/pub.dev/jni-1.0.0/
[   +1 ms] Found plugin printing at /Users/saradafumiaki/.pub-cache/hosted/pub.dev/printing-5.14.3/
[   +2 ms] Found plugin isar_community_flutter_libs at /Users/saradafumiaki/.pub-cache/hosted/pub.dev/isar_community_flutter_libs-3.3.2/
[        ] Found plugin google_sign_in at /Users/saradafumiaki/.pub-cache/hosted/pub.dev/google_sign_in-6.3.0/
[        ] Found plugin google_sign_in_web at /Users/saradafumiaki/.pub-cache/hosted/pub.dev/google_sign_in_web-0.12.4+4/
[        ] Found plugin google_sign_in_ios at /Users/saradafumiaki/.pub-cache/hosted/pub.dev/google_sign_in_ios-5.9.0/
[        ] Found plugin google_sign_in_android at /Users/saradafumiaki/.pub-cache/hosted/pub.dev/google_sign_in_android-6.2.1/
[   +1 ms] Found plugin flutter_tts at /Users/saradafumiaki/.pub-cache/hosted/pub.dev/flutter_tts-4.2.5/
[   +2 ms] Found plugin flutter_image_compress at /Users/saradafumiaki/.pub-cache/hosted/pub.dev/flutter_image_compress-2.4.0/
[        ] Found plugin flutter_image_compress_web at /Users/saradafumiaki/.pub-cache/hosted/pub.dev/flutter_image_compress_web-0.1.5/
[        ] Found plugin flutter_image_compress_ohos at /Users/saradafumiaki/.pub-cache/hosted/pub.dev/flutter_image_compress_ohos-0.0.3/
[        ] Found plugin flutter_image_compress_macos at /Users/saradafumiaki/.pub-cache/hosted/pub.dev/flutter_image_compress_macos-1.0.3/
[        ] Found plugin flutter_image_compress_common at /Users/saradafumiaki/.pub-cache/hosted/pub.dev/flutter_image_compress_common-1.0.6/
[        ] Found plugin firebase_storage at /Users/saradafumiaki/.pub-cache/hosted/pub.dev/firebase_storage-13.3.0/
[        ] Found plugin firebase_storage_web at /Users/saradafumiaki/.pub-cache/hosted/pub.dev/firebase_storage_web-3.11.5/
[   +1 ms] Found plugin firebase_crashlytics at /Users/saradafumiaki/.pub-cache/hosted/pub.dev/firebase_crashlytics-5.2.0/
[        ] Found plugin firebase_auth at /Users/saradafumiaki/.pub-cache/hosted/pub.dev/firebase_auth-6.4.0/
[        ] Found plugin firebase_auth_web at /Users/saradafumiaki/.pub-cache/hosted/pub.dev/firebase_auth_web-6.1.5/
[        ] Found plugin file_picker at /Users/saradafumiaki/.pub-cache/hosted/pub.dev/file_picker-8.3.7/
[        ] Found plugin flutter_plugin_android_lifecycle at /Users/saradafumiaki/.pub-cache/hosted/pub.dev/flutter_plugin_android_lifecycle-2.0.34/
[        ] Found plugin connectivity_plus at /Users/saradafumiaki/.pub-cache/hosted/pub.dev/connectivity_plus-6.1.5/
[        ] Found plugin audioplayers at /Users/saradafumiaki/.pub-cache/hosted/pub.dev/audioplayers-6.6.0/
[        ] Found plugin audioplayers_windows at /Users/saradafumiaki/.pub-cache/hosted/pub.dev/audioplayers_windows-4.3.0/
[        ] Found plugin audioplayers_web at /Users/saradafumiaki/.pub-cache/hosted/pub.dev/audioplayers_web-5.2.0/
[        ] Found plugin audioplayers_linux at /Users/saradafumiaki/.pub-cache/hosted/pub.dev/audioplayers_linux-4.2.1/
[        ] Found plugin audioplayers_darwin at /Users/saradafumiaki/.pub-cache/hosted/pub.dev/audioplayers_darwin-6.4.0/
[        ] Found plugin audioplayers_android at /Users/saradafumiaki/.pub-cache/hosted/pub.dev/audioplayers_android-5.2.1/
[   +1 ms] Skipping generating dart_plugin_registrant.dart because it is up-to-date.
[        ] <- recompile file:///var/folders/hh/1g2yms7d3890gm5lz8l0jmj80000gn/T/flutter_tools.X3xqwV/flutter_test_listener.GuhG2v/listener.dart 19b8a7f2-c293-4685-8998-884fe0d1a87c
[        ] file:///var/folders/hh/1g2yms7d3890gm5lz8l0jmj80000gn/T/flutter_tools.X3xqwV/flutter_test_listener.GuhG2v/listener.dart
[        ] file:///Users/saradafumiaki/Documents/Apps/kendo_os/.dart_tool/flutter_build/dart_plugin_registrant.dart
[        ] <- 19b8a7f2-c293-4685-8998-884fe0d1a87c
[ +107 ms] <- accept
[        ] <- reset
[        ] Compiling file:///var/folders/hh/1g2yms7d3890gm5lz8l0jmj80000gn/T/flutter_tools.X3xqwV/flutter_test_listener.GuhG2v/listener.dart took 188ms
[        ] Compiling file:///var/folders/hh/1g2yms7d3890gm5lz8l0jmj80000gn/T/flutter_tools.X3xqwV/flutter_test_listener.n9x3W1/listener.dart
[        ] test 43: starting test device
[        ] test 43: awaiting connection to test device
[   +3 ms] test 43: VM Service uri is not available
[        ] test 43: test harness socket server is running at port:54061
[        ] test 43: Starting flutter_tester process with command=[/Users/saradafumiaki/development/flutter/bin/cache/artifacts/engine/darwin-x64/flutter_tester, --disable-vm-service, --enable-checked-mode, --verify-entry-points, --enable-software-rendering, --skia-deterministic-rendering, --enable-dart-profiling, --non-interactive, --use-test-fonts, --disable-asset-fonts, --packages=/Users/saradafumiaki/Documents/Apps/kendo_os/.dart_tool/package_config.json, --flutter-assets-dir=/Users/saradafumiaki/Documents/Apps/kendo_os/build/unit_test_assets, /var/folders/hh/1g2yms7d3890gm5lz8l0jmj80000gn/T/flutter_tools.X3xqwV/flutter_test_listener.GuhG2v/listener.dart.dill], environment={FLUTTER_TEST: true, FONTCONFIG_FILE: /var/folders/hh/1g2yms7d3890gm5lz8l0jmj80000gn/T/flutter_tools.X3xqwV/flutter_test_fonts.hib7TY/fonts.conf, SERVER_PORT: 54061, APP_NAME: kendo_os, UNIT_TEST_ASSETS: /Users/saradafumiaki/Documents/Apps/kendo_os/build/unit_test_assets}
[   +4 ms] test 43: Started flutter_tester process at pid 33556
[  +21 ms] Found plugin integration_test at /Users/saradafumiaki/development/flutter/packages/integration_test/
[   +7 ms] Found plugin firebase_core at /Users/saradafumiaki/.pub-cache/hosted/pub.dev/firebase_core-4.7.0/
[        ] Found plugin firebase_core_web at /Users/saradafumiaki/.pub-cache/hosted/pub.dev/firebase_core_web-3.6.0/
[   +1 ms] Found plugin cloud_firestore at /Users/saradafumiaki/.pub-cache/hosted/pub.dev/cloud_firestore-6.3.0/
[        ] Found plugin cloud_firestore_web at /Users/saradafumiaki/.pub-cache/hosted/pub.dev/cloud_firestore_web-5.3.0/
[   +1 ms] Found plugin wakelock_plus at /Users/saradafumiaki/.pub-cache/hosted/pub.dev/wakelock_plus-1.5.2/
[   +1 ms] Found plugin package_info_plus at /Users/saradafumiaki/.pub-cache/hosted/pub.dev/package_info_plus-9.0.1/
[   +2 ms] Found plugin url_launcher at /Users/saradafumiaki/.pub-cache/hosted/pub.dev/url_launcher-6.3.2/
[        ] Found plugin url_launcher_windows at /Users/saradafumiaki/.pub-cache/hosted/pub.dev/url_launcher_windows-3.1.5/
[        ] Found plugin url_launcher_web at /Users/saradafumiaki/.pub-cache/hosted/pub.dev/url_launcher_web-2.4.2/
[        ] Found plugin url_launcher_macos at /Users/saradafumiaki/.pub-cache/hosted/pub.dev/url_launcher_macos-3.2.5/
[        ] Found plugin url_launcher_linux at /Users/saradafumiaki/.pub-cache/hosted/pub.dev/url_launcher_linux-3.2.2/
[        ] Found plugin url_launcher_ios at /Users/saradafumiaki/.pub-cache/hosted/pub.dev/url_launcher_ios-6.4.1/
[        ] Found plugin url_launcher_android at /Users/saradafumiaki/.pub-cache/hosted/pub.dev/url_launcher_android-6.3.29/
[        ] Found plugin syncfusion_flutter_pdfviewer at /Users/saradafumiaki/.pub-cache/hosted/pub.dev/syncfusion_flutter_pdfviewer-28.2.12/
[        ] Found plugin syncfusion_pdfviewer_windows at /Users/saradafumiaki/.pub-cache/hosted/pub.dev/syncfusion_pdfviewer_windows-28.2.12/
[        ] Found plugin syncfusion_pdfviewer_web at /Users/saradafumiaki/.pub-cache/hosted/pub.dev/syncfusion_pdfviewer_web-28.2.12/
[        ] Found plugin syncfusion_pdfviewer_macos at /Users/saradafumiaki/.pub-cache/hosted/pub.dev/syncfusion_pdfviewer_macos-28.2.12/
[   +1 ms] Found plugin device_info_plus at /Users/saradafumiaki/.pub-cache/hosted/pub.dev/device_info_plus-11.5.0/
[   +1 ms] Found plugin shared_preferences at /Users/saradafumiaki/.pub-cache/hosted/pub.dev/shared_preferences-2.5.5/
[        ] Found plugin shared_preferences_windows at /Users/saradafumiaki/.pub-cache/hosted/pub.dev/shared_preferences_windows-2.4.1/
[        ] Found plugin path_provider_windows at /Users/saradafumiaki/.pub-cache/hosted/pub.dev/path_provider_windows-2.3.0/
[        ] Found plugin shared_preferences_web at /Users/saradafumiaki/.pub-cache/hosted/pub.dev/shared_preferences_web-2.4.3/
[        ] Found plugin shared_preferences_linux at /Users/saradafumiaki/.pub-cache/hosted/pub.dev/shared_preferences_linux-2.4.1/
[        ] Found plugin path_provider_linux at /Users/saradafumiaki/.pub-cache/hosted/pub.dev/path_provider_linux-2.2.1/
[        ] Found plugin shared_preferences_foundation at /Users/saradafumiaki/.pub-cache/hosted/pub.dev/shared_preferences_foundation-2.5.6/
[        ] Found plugin shared_preferences_android at /Users/saradafumiaki/.pub-cache/hosted/pub.dev/shared_preferences_android-2.4.23/
[        ] Found plugin share_plus at /Users/saradafumiaki/.pub-cache/hosted/pub.dev/share_plus-12.0.2/
[        ] Found plugin path_provider at /Users/saradafumiaki/.pub-cache/hosted/pub.dev/path_provider-2.1.5/
[        ] Found plugin path_provider_foundation at /Users/saradafumiaki/.pub-cache/hosted/pub.dev/path_provider_foundation-2.6.0/
[   +1 ms] Found plugin path_provider_android at /Users/saradafumiaki/.pub-cache/hosted/pub.dev/path_provider_android-2.3.1/
[        ] Found plugin jni_flutter at /Users/saradafumiaki/.pub-cache/hosted/pub.dev/jni_flutter-1.0.1/
[        ] Found plugin jni at /Users/saradafumiaki/.pub-cache/hosted/pub.dev/jni-1.0.0/
[   +1 ms] Found plugin printing at /Users/saradafumiaki/.pub-cache/hosted/pub.dev/printing-5.14.3/
[   +2 ms] Found plugin isar_community_flutter_libs at /Users/saradafumiaki/.pub-cache/hosted/pub.dev/isar_community_flutter_libs-3.3.2/
[        ] Found plugin google_sign_in at /Users/saradafumiaki/.pub-cache/hosted/pub.dev/google_sign_in-6.3.0/
[        ] Found plugin google_sign_in_web at /Users/saradafumiaki/.pub-cache/hosted/pub.dev/google_sign_in_web-0.12.4+4/
[        ] Found plugin google_sign_in_ios at /Users/saradafumiaki/.pub-cache/hosted/pub.dev/google_sign_in_ios-5.9.0/
[        ] Found plugin google_sign_in_android at /Users/saradafumiaki/.pub-cache/hosted/pub.dev/google_sign_in_android-6.2.1/
[   +1 ms] Found plugin flutter_tts at /Users/saradafumiaki/.pub-cache/hosted/pub.dev/flutter_tts-4.2.5/
[   +1 ms] Found plugin flutter_image_compress at /Users/saradafumiaki/.pub-cache/hosted/pub.dev/flutter_image_compress-2.4.0/
[        ] Found plugin flutter_image_compress_web at /Users/saradafumiaki/.pub-cache/hosted/pub.dev/flutter_image_compress_web-0.1.5/
[        ] Found plugin flutter_image_compress_ohos at /Users/saradafumiaki/.pub-cache/hosted/pub.dev/flutter_image_compress_ohos-0.0.3/
[        ] Found plugin flutter_image_compress_macos at /Users/saradafumiaki/.pub-cache/hosted/pub.dev/flutter_image_compress_macos-1.0.3/
[        ] Found plugin flutter_image_compress_common at /Users/saradafumiaki/.pub-cache/hosted/pub.dev/flutter_image_compress_common-1.0.6/
[        ] Found plugin firebase_storage at /Users/saradafumiaki/.pub-cache/hosted/pub.dev/firebase_storage-13.3.0/
[        ] Found plugin firebase_storage_web at /Users/saradafumiaki/.pub-cache/hosted/pub.dev/firebase_storage_web-3.11.5/
[        ] Found plugin firebase_crashlytics at /Users/saradafumiaki/.pub-cache/hosted/pub.dev/firebase_crashlytics-5.2.0/
[        ] Found plugin firebase_auth at /Users/saradafumiaki/.pub-cache/hosted/pub.dev/firebase_auth-6.4.0/
[        ] Found plugin firebase_auth_web at /Users/saradafumiaki/.pub-cache/hosted/pub.dev/firebase_auth_web-6.1.5/
[        ] Found plugin file_picker at /Users/saradafumiaki/.pub-cache/hosted/pub.dev/file_picker-8.3.7/
[        ] Found plugin flutter_plugin_android_lifecycle at /Users/saradafumiaki/.pub-cache/hosted/pub.dev/flutter_plugin_android_lifecycle-2.0.34/
[        ] Found plugin connectivity_plus at /Users/saradafumiaki/.pub-cache/hosted/pub.dev/connectivity_plus-6.1.5/
[   +1 ms] Found plugin audioplayers at /Users/saradafumiaki/.pub-cache/hosted/pub.dev/audioplayers-6.6.0/
[        ] Found plugin audioplayers_windows at /Users/saradafumiaki/.pub-cache/hosted/pub.dev/audioplayers_windows-4.3.0/
[        ] Found plugin audioplayers_web at /Users/saradafumiaki/.pub-cache/hosted/pub.dev/audioplayers_web-5.2.0/
[        ] Found plugin audioplayers_linux at /Users/saradafumiaki/.pub-cache/hosted/pub.dev/audioplayers_linux-4.2.1/
[        ] Found plugin audioplayers_darwin at /Users/saradafumiaki/.pub-cache/hosted/pub.dev/audioplayers_darwin-6.4.0/
[        ] Found plugin audioplayers_android at /Users/saradafumiaki/.pub-cache/hosted/pub.dev/audioplayers_android-5.2.1/
[   +2 ms] Skipping generating dart_plugin_registrant.dart because it is up-to-date.
[        ] <- recompile file:///var/folders/hh/1g2yms7d3890gm5lz8l0jmj80000gn/T/flutter_tools.X3xqwV/flutter_test_listener.n9x3W1/listener.dart 326d6db2-4690-4aeb-a3d8-0d52e4154168
[        ] file:///var/folders/hh/1g2yms7d3890gm5lz8l0jmj80000gn/T/flutter_tools.X3xqwV/flutter_test_listener.n9x3W1/listener.dart
[        ] file:///Users/saradafumiaki/Documents/Apps/kendo_os/.dart_tool/flutter_build/dart_plugin_registrant.dart
[        ] <- 326d6db2-4690-4aeb-a3d8-0d52e4154168
[ +212 ms] <- accept
[        ] <- reset
[        ] Compiling file:///var/folders/hh/1g2yms7d3890gm5lz8l0jmj80000gn/T/flutter_tools.X3xqwV/flutter_test_listener.n9x3W1/listener.dart took 295ms
[        ] test 44: starting test device
[        ] test 44: awaiting connection to test device
[        ] test 44: VM Service uri is not available
[        ] test 44: test harness socket server is running at port:54063
[        ] test 44: Starting flutter_tester process with command=[/Users/saradafumiaki/development/flutter/bin/cache/artifacts/engine/darwin-x64/flutter_tester, --disable-vm-service, --enable-checked-mode, --verify-entry-points, --enable-software-rendering, --skia-deterministic-rendering, --enable-dart-profiling, --non-interactive, --use-test-fonts, --disable-asset-fonts, --packages=/Users/saradafumiaki/Documents/Apps/kendo_os/.dart_tool/package_config.json, --flutter-assets-dir=/Users/saradafumiaki/Documents/Apps/kendo_os/build/unit_test_assets, /var/folders/hh/1g2yms7d3890gm5lz8l0jmj80000gn/T/flutter_tools.X3xqwV/flutter_test_listener.n9x3W1/listener.dart.dill], environment={FLUTTER_TEST: true, FONTCONFIG_FILE: /var/folders/hh/1g2yms7d3890gm5lz8l0jmj80000gn/T/flutter_tools.X3xqwV/flutter_test_fonts.hib7TY/fonts.conf, SERVER_PORT: 54063, APP_NAME: kendo_os, UNIT_TEST_ASSETS: /Users/saradafumiaki/Documents/Apps/kendo_os/build/unit_test_assets}
[   +5 ms] test 44: Started flutter_tester process at pid 33557
[ +271 ms] test 41: connected to test device, now awaiting test result
[        ] test 41: Waiting for test harness or tests to finish
00:24 +151 -1: /Users/saradafumiaki/Documents/Apps/kendo_os/test/integration/phase10_historical_replay_test.dart: ⏪ Phase 10: Historical Replay 保証 (歴史改変防止) 1本勝負(v1)で終了した過去の試合を、3本勝負(v2)の現在ルールでリプレイしても、1本勝ちのまま終了状態が維持されること
[  +84 ms] test 43: connected to test device, now awaiting test result
[        ] test 43: Waiting for test harness or tests to finish
[  +30 ms] test 41: Test harness is no longer needed by test process
[        ] test 41: finished
[        ] test 41: cleaning up...
[        ] test 41: ensuring test device is terminated.
[        ] test 41: Terminating flutter_tester process
[        ] test 41: Shutting down DevTools server
[        ] test 41: Test process is no longer needed by test harness
[        ] test 41: Shutting down test harness socket server
[   +3 ms] test 41: flutter_tester process at pid 33554 exited with code=-9
[        ] test 41: deleting temporary directory
[   +3 ms] test 41: finished
[        ] test 45: starting test /Users/saradafumiaki/Documents/Apps/kendo_os/test/integration/stage2_rule_lock_test.dart
[   +2 ms] Stopping scan for flutter_test_config.dart; found project root at /Users/saradafumiaki/Documents/Apps/kendo_os
[        ] Compiling file:///var/folders/hh/1g2yms7d3890gm5lz8l0jmj80000gn/T/flutter_tools.X3xqwV/flutter_test_listener.gFXnr0/listener.dart
[  +29 ms] Found plugin integration_test at /Users/saradafumiaki/development/flutter/packages/integration_test/
00:24 +152 -1: /Users/saradafumiaki/Documents/Apps/kendo_os/test/integration/chaos_crash_recovery_test.dart: 💥 Phase 7-3: アプリ強制終了・クラッシュ復旧テスト 試合途中にアプリがクラッシュしても、再起動時にローカルDBから完全な状態が復元されること
[   +8 ms] Found plugin firebase_core at /Users/saradafumiaki/.pub-cache/hosted/pub.dev/firebase_core-4.7.0/
[        ] Found plugin firebase_core_web at /Users/saradafumiaki/.pub-cache/hosted/pub.dev/firebase_core_web-3.6.0/
[   +1 ms] Found plugin cloud_firestore at /Users/saradafumiaki/.pub-cache/hosted/pub.dev/cloud_firestore-6.3.0/
[        ] Found plugin cloud_firestore_web at /Users/saradafumiaki/.pub-cache/hosted/pub.dev/cloud_firestore_web-5.3.0/
[   +1 ms] Found plugin wakelock_plus at /Users/saradafumiaki/.pub-cache/hosted/pub.dev/wakelock_plus-1.5.2/
[   +1 ms] Found plugin package_info_plus at /Users/saradafumiaki/.pub-cache/hosted/pub.dev/package_info_plus-9.0.1/
[   +2 ms] Found plugin url_launcher at /Users/saradafumiaki/.pub-cache/hosted/pub.dev/url_launcher-6.3.2/
[        ] Found plugin url_launcher_windows at /Users/saradafumiaki/.pub-cache/hosted/pub.dev/url_launcher_windows-3.1.5/
[        ] Found plugin url_launcher_web at /Users/saradafumiaki/.pub-cache/hosted/pub.dev/url_launcher_web-2.4.2/
[        ] Found plugin url_launcher_macos at /Users/saradafumiaki/.pub-cache/hosted/pub.dev/url_launcher_macos-3.2.5/
[        ] Found plugin url_launcher_linux at /Users/saradafumiaki/.pub-cache/hosted/pub.dev/url_launcher_linux-3.2.2/
[        ] Found plugin url_launcher_ios at /Users/saradafumiaki/.pub-cache/hosted/pub.dev/url_launcher_ios-6.4.1/
[        ] Found plugin url_launcher_android at /Users/saradafumiaki/.pub-cache/hosted/pub.dev/url_launcher_android-6.3.29/
[        ] Found plugin syncfusion_flutter_pdfviewer at /Users/saradafumiaki/.pub-cache/hosted/pub.dev/syncfusion_flutter_pdfviewer-28.2.12/
[        ] Found plugin syncfusion_pdfviewer_windows at /Users/saradafumiaki/.pub-cache/hosted/pub.dev/syncfusion_pdfviewer_windows-28.2.12/
[        ] Found plugin syncfusion_pdfviewer_web at /Users/saradafumiaki/.pub-cache/hosted/pub.dev/syncfusion_pdfviewer_web-28.2.12/
[        ] Found plugin syncfusion_pdfviewer_macos at /Users/saradafumiaki/.pub-cache/hosted/pub.dev/syncfusion_pdfviewer_macos-28.2.12/
[   +1 ms] Found plugin device_info_plus at /Users/saradafumiaki/.pub-cache/hosted/pub.dev/device_info_plus-11.5.0/
[   +1 ms] Found plugin shared_preferences at /Users/saradafumiaki/.pub-cache/hosted/pub.dev/shared_preferences-2.5.5/
[        ] Found plugin shared_preferences_windows at /Users/saradafumiaki/.pub-cache/hosted/pub.dev/shared_preferences_windows-2.4.1/
[        ] Found plugin path_provider_windows at /Users/saradafumiaki/.pub-cache/hosted/pub.dev/path_provider_windows-2.3.0/
[        ] Found plugin shared_preferences_web at /Users/saradafumiaki/.pub-cache/hosted/pub.dev/shared_preferences_web-2.4.3/
[        ] Found plugin shared_preferences_linux at /Users/saradafumiaki/.pub-cache/hosted/pub.dev/shared_preferences_linux-2.4.1/
[        ] Found plugin path_provider_linux at /Users/saradafumiaki/.pub-cache/hosted/pub.dev/path_provider_linux-2.2.1/
[        ] Found plugin shared_preferences_foundation at /Users/saradafumiaki/.pub-cache/hosted/pub.dev/shared_preferences_foundation-2.5.6/
[        ] test 44: connected to test device, now awaiting test result
[        ] test 44: Waiting for test harness or tests to finish
[        ] Found plugin shared_preferences_android at /Users/saradafumiaki/.pub-cache/hosted/pub.dev/shared_preferences_android-2.4.23/
[        ] Found plugin share_plus at /Users/saradafumiaki/.pub-cache/hosted/pub.dev/share_plus-12.0.2/
[        ] Found plugin path_provider at /Users/saradafumiaki/.pub-cache/hosted/pub.dev/path_provider-2.1.5/
[        ] Found plugin path_provider_foundation at /Users/saradafumiaki/.pub-cache/hosted/pub.dev/path_provider_foundation-2.6.0/
[   +2 ms] Found plugin path_provider_android at /Users/saradafumiaki/.pub-cache/hosted/pub.dev/path_provider_android-2.3.1/
[        ] Found plugin jni_flutter at /Users/saradafumiaki/.pub-cache/hosted/pub.dev/jni_flutter-1.0.1/
[        ] Found plugin jni at /Users/saradafumiaki/.pub-cache/hosted/pub.dev/jni-1.0.0/
[   +1 ms] Found plugin printing at /Users/saradafumiaki/.pub-cache/hosted/pub.dev/printing-5.14.3/
[   +2 ms] Found plugin isar_community_flutter_libs at /Users/saradafumiaki/.pub-cache/hosted/pub.dev/isar_community_flutter_libs-3.3.2/
[        ] Found plugin google_sign_in at /Users/saradafumiaki/.pub-cache/hosted/pub.dev/google_sign_in-6.3.0/
[        ] Found plugin google_sign_in_web at /Users/saradafumiaki/.pub-cache/hosted/pub.dev/google_sign_in_web-0.12.4+4/
[   +1 ms] Found plugin google_sign_in_ios at /Users/saradafumiaki/.pub-cache/hosted/pub.dev/google_sign_in_ios-5.9.0/
[        ] Found plugin google_sign_in_android at /Users/saradafumiaki/.pub-cache/hosted/pub.dev/google_sign_in_android-6.2.1/
[        ] Found plugin flutter_tts at /Users/saradafumiaki/.pub-cache/hosted/pub.dev/flutter_tts-4.2.5/
[   +1 ms] Found plugin flutter_image_compress at /Users/saradafumiaki/.pub-cache/hosted/pub.dev/flutter_image_compress-2.4.0/
[        ] Found plugin flutter_image_compress_web at /Users/saradafumiaki/.pub-cache/hosted/pub.dev/flutter_image_compress_web-0.1.5/
[        ] Found plugin flutter_image_compress_ohos at /Users/saradafumiaki/.pub-cache/hosted/pub.dev/flutter_image_compress_ohos-0.0.3/
[        ] Found plugin flutter_image_compress_macos at /Users/saradafumiaki/.pub-cache/hosted/pub.dev/flutter_image_compress_macos-1.0.3/
[        ] Found plugin flutter_image_compress_common at /Users/saradafumiaki/.pub-cache/hosted/pub.dev/flutter_image_compress_common-1.0.6/
[        ] Found plugin firebase_storage at /Users/saradafumiaki/.pub-cache/hosted/pub.dev/firebase_storage-13.3.0/
[        ] Found plugin firebase_storage_web at /Users/saradafumiaki/.pub-cache/hosted/pub.dev/firebase_storage_web-3.11.5/
[        ] Found plugin firebase_crashlytics at /Users/saradafumiaki/.pub-cache/hosted/pub.dev/firebase_crashlytics-5.2.0/
[        ] Found plugin firebase_auth at /Users/saradafumiaki/.pub-cache/hosted/pub.dev/firebase_auth-6.4.0/
[        ] Found plugin firebase_auth_web at /Users/saradafumiaki/.pub-cache/hosted/pub.dev/firebase_auth_web-6.1.5/
[        ] Found plugin file_picker at /Users/saradafumiaki/.pub-cache/hosted/pub.dev/file_picker-8.3.7/
[        ] Found plugin flutter_plugin_android_lifecycle at /Users/saradafumiaki/.pub-cache/hosted/pub.dev/flutter_plugin_android_lifecycle-2.0.34/
[   +1 ms] test 43: Test harness is no longer needed by test process
[        ] test 43: finished
[        ] test 43: cleaning up...
[        ] test 43: ensuring test device is terminated.
[        ] test 43: Terminating flutter_tester process
[        ] test 43: Shutting down DevTools server
[        ] test 43: Test process is no longer needed by test harness
[        ] test 43: Shutting down test harness socket server
[        ] Found plugin connectivity_plus at /Users/saradafumiaki/.pub-cache/hosted/pub.dev/connectivity_plus-6.1.5/
[   +1 ms] Found plugin audioplayers at /Users/saradafumiaki/.pub-cache/hosted/pub.dev/audioplayers-6.6.0/
[        ] Found plugin audioplayers_windows at /Users/saradafumiaki/.pub-cache/hosted/pub.dev/audioplayers_windows-4.3.0/
[        ] Found plugin audioplayers_web at /Users/saradafumiaki/.pub-cache/hosted/pub.dev/audioplayers_web-5.2.0/
[        ] test 43: flutter_tester process at pid 33556 exited with code=-9
[        ] test 43: deleting temporary directory
[   +4 ms] test 43: finished
[        ] test 46: starting test /Users/saradafumiaki/Documents/Apps/kendo_os/test/integration/match_integration_test.dart
[   +1 ms] Stopping scan for flutter_test_config.dart; found project root at /Users/saradafumiaki/Documents/Apps/kendo_os
[        ] Found plugin audioplayers_linux at /Users/saradafumiaki/.pub-cache/hosted/pub.dev/audioplayers_linux-4.2.1/
[        ] Found plugin audioplayers_darwin at /Users/saradafumiaki/.pub-cache/hosted/pub.dev/audioplayers_darwin-6.4.0/
[        ] Found plugin audioplayers_android at /Users/saradafumiaki/.pub-cache/hosted/pub.dev/audioplayers_android-5.2.1/
[   +1 ms] Skipping generating dart_plugin_registrant.dart because it is up-to-date.
[        ] <- recompile file:///var/folders/hh/1g2yms7d3890gm5lz8l0jmj80000gn/T/flutter_tools.X3xqwV/flutter_test_listener.gFXnr0/listener.dart cf7bbcf4-1121-43d9-98ac-7fb0c76dd2c1
[        ] file:///var/folders/hh/1g2yms7d3890gm5lz8l0jmj80000gn/T/flutter_tools.X3xqwV/flutter_test_listener.gFXnr0/listener.dart
[        ] file:///Users/saradafumiaki/Documents/Apps/kendo_os/.dart_tool/flutter_build/dart_plugin_registrant.dart
[        ] <- cf7bbcf4-1121-43d9-98ac-7fb0c76dd2c1
00:24 +153 -1: /Users/saradafumiaki/Documents/Apps/kendo_os/test/integration/phase0_golden_behavior_test.dart: 🔒 Phase 0-2: Golden Behavior Snapshot (現状挙動の凍結) 1. 二本勝ちのGolden Snapshot
[  +62 ms] test 42: connected to test device, now awaiting test result
[        ] test 42: Waiting for test harness or tests to finish
00:24 +154 -1: /Users/saradafumiaki/Documents/Apps/kendo_os/test/integration/phase0_golden_behavior_test.dart: 🔒 Phase 0-2: Golden Behavior Snapshot (現状挙動の凍結) 2. 引き分けのGolden Snapshot
00:24 +155 -1: /Users/saradafumiaki/Documents/Apps/kendo_os/test/integration/phase0_golden_behavior_test.dart: 🔒 Phase 0-2: Golden Behavior Snapshot (現状挙動の凍結) 3. 延長戦突入のGolden Snapshot
00:24 +156 -1: /Users/saradafumiaki/Documents/Apps/kendo_os/test/integration/phase0_golden_behavior_test.dart: 🔒 Phase 0-2: Golden Behavior Snapshot (現状挙動の凍結) 4. 反則勝ち(累積4回)のGolden Snapshot
00:24 +157 -1: /Users/saradafumiaki/Documents/Apps/kendo_os/test/integration/phase0_golden_behavior_test.dart: 🔒 Phase 0-2: Golden Behavior Snapshot (現状挙動の凍結) 5. UndoのGolden Snapshot
00:24 +158 -1: /Users/saradafumiaki/Documents/Apps/kendo_os/test/integration/phase0_golden_behavior_test.dart: 🔒 Phase 0-2: Golden Behavior Snapshot (現状挙動の凍結) 6. 一本勝負のGolden Snapshot
[  +41 ms] <- accept
[        ] <- reset
[        ] Compiling file:///var/folders/hh/1g2yms7d3890gm5lz8l0jmj80000gn/T/flutter_tools.X3xqwV/flutter_test_listener.gFXnr0/listener.dart took 196ms
[        ] Compiling file:///var/folders/hh/1g2yms7d3890gm5lz8l0jmj80000gn/T/flutter_tools.X3xqwV/flutter_test_listener.mAgwan/listener.dart
[        ] test 45: starting test device
[        ] test 45: awaiting connection to test device
[   +3 ms] test 45: VM Service uri is not available
[        ] test 45: test harness socket server is running at port:54068
[        ] test 45: Starting flutter_tester process with command=[/Users/saradafumiaki/development/flutter/bin/cache/artifacts/engine/darwin-x64/flutter_tester, --disable-vm-service, --enable-checked-mode, --verify-entry-points, --enable-software-rendering, --skia-deterministic-rendering, --enable-dart-profiling, --non-interactive, --use-test-fonts, --disable-asset-fonts, --packages=/Users/saradafumiaki/Documents/Apps/kendo_os/.dart_tool/package_config.json, --flutter-assets-dir=/Users/saradafumiaki/Documents/Apps/kendo_os/build/unit_test_assets, /var/folders/hh/1g2yms7d3890gm5lz8l0jmj80000gn/T/flutter_tools.X3xqwV/flutter_test_listener.gFXnr0/listener.dart.dill], environment={FLUTTER_TEST: true, FONTCONFIG_FILE: /var/folders/hh/1g2yms7d3890gm5lz8l0jmj80000gn/T/flutter_tools.X3xqwV/flutter_test_fonts.hib7TY/fonts.conf, SERVER_PORT: 54068, APP_NAME: kendo_os, UNIT_TEST_ASSETS: /Users/saradafumiaki/Documents/Apps/kendo_os/build/unit_test_assets}
[   +4 ms] test 45: Started flutter_tester process at pid 33558
00:24 +159 -1: /Users/saradafumiaki/Documents/Apps/kendo_os/test/integration/phase0_golden_behavior_test.dart: 🔒 Phase 0-2: Golden Behavior Snapshot (現状挙動の凍結) 7. 判定(Hantei)のGolden Snapshot
00:24 +160 -1: /Users/saradafumiaki/Documents/Apps/kendo_os/test/integration/phase0_golden_behavior_test.dart: 🔒 Phase 0-2: Golden Behavior Snapshot (現状挙動の凍結) 8. 不戦勝(Fusen)のGolden Snapshot
00:24 +161 -1: /Users/saradafumiaki/Documents/Apps/kendo_os/test/integration/phase0_golden_behavior_test.dart: 🔒 Phase 0-2: Golden Behavior Snapshot (現状挙動の凍結) 9. 団体戦(Team)引分のGolden Snapshot
00:24 +162 -1: /Users/saradafumiaki/Documents/Apps/kendo_os/test/integration/phase0_golden_behavior_test.dart: 🔒 Phase 0-2: Golden Behavior Snapshot (現状挙動の凍結) 10. 勝ち抜き戦(Kachinuki)大将戦のGolden Snapshot
[  +11 ms] test 44: Test harness is no longer needed by test process
[        ] test 44: finished
[        ] test 44: cleaning up...
[        ] test 44: ensuring test device is terminated.
[        ] test 44: Terminating flutter_tester process
[        ] test 44: Shutting down DevTools server
[        ] test 44: Test process is no longer needed by test harness
[        ] test 44: Shutting down test harness socket server
[   +3 ms] test 44: flutter_tester process at pid 33557 exited with code=-9
[        ] test 44: deleting temporary directory
[   +2 ms] test 44: finished
[        ] test 47: starting test /Users/saradafumiaki/Documents/Apps/kendo_os/test/integration/phase11_chaos_rule_test.dart
[   +4 ms] Stopping scan for flutter_test_config.dart; found project root at /Users/saradafumiaki/Documents/Apps/kendo_os
00:24 +163 -1: /Users/saradafumiaki/Documents/Apps/kendo_os/test/integration/match_flow_event_test.dart: Event Driven Match Flow Integration 赤が2本先取して試合が終了するまでのフロー
[  +24 ms] Found plugin integration_test at /Users/saradafumiaki/development/flutter/packages/integration_test/
[   +8 ms] Found plugin firebase_core at /Users/saradafumiaki/.pub-cache/hosted/pub.dev/firebase_core-4.7.0/
[        ] Found plugin firebase_core_web at /Users/saradafumiaki/.pub-cache/hosted/pub.dev/firebase_core_web-3.6.0/
[   +1 ms] Found plugin cloud_firestore at /Users/saradafumiaki/.pub-cache/hosted/pub.dev/cloud_firestore-6.3.0/
[        ] Found plugin cloud_firestore_web at /Users/saradafumiaki/.pub-cache/hosted/pub.dev/cloud_firestore_web-5.3.0/
[   +1 ms] Found plugin wakelock_plus at /Users/saradafumiaki/.pub-cache/hosted/pub.dev/wakelock_plus-1.5.2/
[   +1 ms] Found plugin package_info_plus at /Users/saradafumiaki/.pub-cache/hosted/pub.dev/package_info_plus-9.0.1/
[   +2 ms] Found plugin url_launcher at /Users/saradafumiaki/.pub-cache/hosted/pub.dev/url_launcher-6.3.2/
[        ] Found plugin url_launcher_windows at /Users/saradafumiaki/.pub-cache/hosted/pub.dev/url_launcher_windows-3.1.5/
[        ] Found plugin url_launcher_web at /Users/saradafumiaki/.pub-cache/hosted/pub.dev/url_launcher_web-2.4.2/
[        ] Found plugin url_launcher_macos at /Users/saradafumiaki/.pub-cache/hosted/pub.dev/url_launcher_macos-3.2.5/
[        ] Found plugin url_launcher_linux at /Users/saradafumiaki/.pub-cache/hosted/pub.dev/url_launcher_linux-3.2.2/
[        ] Found plugin url_launcher_ios at /Users/saradafumiaki/.pub-cache/hosted/pub.dev/url_launcher_ios-6.4.1/
[        ] Found plugin url_launcher_android at /Users/saradafumiaki/.pub-cache/hosted/pub.dev/url_launcher_android-6.3.29/
[        ] Found plugin syncfusion_flutter_pdfviewer at /Users/saradafumiaki/.pub-cache/hosted/pub.dev/syncfusion_flutter_pdfviewer-28.2.12/
[        ] Found plugin syncfusion_pdfviewer_windows at /Users/saradafumiaki/.pub-cache/hosted/pub.dev/syncfusion_pdfviewer_windows-28.2.12/
[        ] Found plugin syncfusion_pdfviewer_web at /Users/saradafumiaki/.pub-cache/hosted/pub.dev/syncfusion_pdfviewer_web-28.2.12/
[        ] Found plugin syncfusion_pdfviewer_macos at /Users/saradafumiaki/.pub-cache/hosted/pub.dev/syncfusion_pdfviewer_macos-28.2.12/
[   +1 ms] Found plugin device_info_plus at /Users/saradafumiaki/.pub-cache/hosted/pub.dev/device_info_plus-11.5.0/
[   +1 ms] Found plugin shared_preferences at /Users/saradafumiaki/.pub-cache/hosted/pub.dev/shared_preferences-2.5.5/
[        ] Found plugin shared_preferences_windows at /Users/saradafumiaki/.pub-cache/hosted/pub.dev/shared_preferences_windows-2.4.1/
[        ] Found plugin path_provider_windows at /Users/saradafumiaki/.pub-cache/hosted/pub.dev/path_provider_windows-2.3.0/
[        ] Found plugin shared_preferences_web at /Users/saradafumiaki/.pub-cache/hosted/pub.dev/shared_preferences_web-2.4.3/
[        ] Found plugin shared_preferences_linux at /Users/saradafumiaki/.pub-cache/hosted/pub.dev/shared_preferences_linux-2.4.1/
[        ] Found plugin path_provider_linux at /Users/saradafumiaki/.pub-cache/hosted/pub.dev/path_provider_linux-2.2.1/
[   +1 ms] test 42: Test harness is no longer needed by test process
[        ] test 42: finished
[        ] test 42: cleaning up...
[        ] test 42: ensuring test device is terminated.
[        ] test 42: Terminating flutter_tester process
[        ] test 42: Shutting down DevTools server
[        ] test 42: Test process is no longer needed by test harness
[        ] test 42: Shutting down test harness socket server
[        ] Found plugin shared_preferences_foundation at /Users/saradafumiaki/.pub-cache/hosted/pub.dev/shared_preferences_foundation-2.5.6/
[        ] Found plugin shared_preferences_android at /Users/saradafumiaki/.pub-cache/hosted/pub.dev/shared_preferences_android-2.4.23/
[        ] Found plugin share_plus at /Users/saradafumiaki/.pub-cache/hosted/pub.dev/share_plus-12.0.2/
[        ] Found plugin path_provider at /Users/saradafumiaki/.pub-cache/hosted/pub.dev/path_provider-2.1.5/
[        ] Found plugin path_provider_foundation at /Users/saradafumiaki/.pub-cache/hosted/pub.dev/path_provider_foundation-2.6.0/
[        ] test 42: flutter_tester process at pid 33555 exited with code=-9
[        ] test 42: deleting temporary directory
[   +3 ms] test 42: finished
[        ] test 48: starting test /Users/saradafumiaki/Documents/Apps/kendo_os/test/replay/timeline_replay_test.dart
[   +2 ms] Stopping scan for flutter_test_config.dart; found project root at /Users/saradafumiaki/Documents/Apps/kendo_os
[   +1 ms] Found plugin path_provider_android at /Users/saradafumiaki/.pub-cache/hosted/pub.dev/path_provider_android-2.3.1/
[        ] Found plugin jni_flutter at /Users/saradafumiaki/.pub-cache/hosted/pub.dev/jni_flutter-1.0.1/
[        ] Found plugin jni at /Users/saradafumiaki/.pub-cache/hosted/pub.dev/jni-1.0.0/
[   +1 ms] Found plugin printing at /Users/saradafumiaki/.pub-cache/hosted/pub.dev/printing-5.14.3/
[   +2 ms] Found plugin isar_community_flutter_libs at /Users/saradafumiaki/.pub-cache/hosted/pub.dev/isar_community_flutter_libs-3.3.2/
[        ] Found plugin google_sign_in at /Users/saradafumiaki/.pub-cache/hosted/pub.dev/google_sign_in-6.3.0/
[        ] Found plugin google_sign_in_web at /Users/saradafumiaki/.pub-cache/hosted/pub.dev/google_sign_in_web-0.12.4+4/
[        ] Found plugin google_sign_in_ios at /Users/saradafumiaki/.pub-cache/hosted/pub.dev/google_sign_in_ios-5.9.0/
[        ] Found plugin google_sign_in_android at /Users/saradafumiaki/.pub-cache/hosted/pub.dev/google_sign_in_android-6.2.1/
[        ] Found plugin flutter_tts at /Users/saradafumiaki/.pub-cache/hosted/pub.dev/flutter_tts-4.2.5/
[   +1 ms] Found plugin flutter_image_compress at /Users/saradafumiaki/.pub-cache/hosted/pub.dev/flutter_image_compress-2.4.0/
[        ] Found plugin flutter_image_compress_web at /Users/saradafumiaki/.pub-cache/hosted/pub.dev/flutter_image_compress_web-0.1.5/
[        ] Found plugin flutter_image_compress_ohos at /Users/saradafumiaki/.pub-cache/hosted/pub.dev/flutter_image_compress_ohos-0.0.3/
[        ] Found plugin flutter_image_compress_macos at /Users/saradafumiaki/.pub-cache/hosted/pub.dev/flutter_image_compress_macos-1.0.3/
[        ] Found plugin flutter_image_compress_common at /Users/saradafumiaki/.pub-cache/hosted/pub.dev/flutter_image_compress_common-1.0.6/
[        ] Found plugin firebase_storage at /Users/saradafumiaki/.pub-cache/hosted/pub.dev/firebase_storage-13.3.0/
[        ] Found plugin firebase_storage_web at /Users/saradafumiaki/.pub-cache/hosted/pub.dev/firebase_storage_web-3.11.5/
[        ] Found plugin firebase_crashlytics at /Users/saradafumiaki/.pub-cache/hosted/pub.dev/firebase_crashlytics-5.2.0/
[        ] Found plugin firebase_auth at /Users/saradafumiaki/.pub-cache/hosted/pub.dev/firebase_auth-6.4.0/
[        ] Found plugin firebase_auth_web at /Users/saradafumiaki/.pub-cache/hosted/pub.dev/firebase_auth_web-6.1.5/
[        ] Found plugin file_picker at /Users/saradafumiaki/.pub-cache/hosted/pub.dev/file_picker-8.3.7/
[        ] Found plugin flutter_plugin_android_lifecycle at /Users/saradafumiaki/.pub-cache/hosted/pub.dev/flutter_plugin_android_lifecycle-2.0.34/
[        ] Found plugin connectivity_plus at /Users/saradafumiaki/.pub-cache/hosted/pub.dev/connectivity_plus-6.1.5/
[        ] Found plugin audioplayers at /Users/saradafumiaki/.pub-cache/hosted/pub.dev/audioplayers-6.6.0/
[        ] Found plugin audioplayers_windows at /Users/saradafumiaki/.pub-cache/hosted/pub.dev/audioplayers_windows-4.3.0/
[        ] Found plugin audioplayers_web at /Users/saradafumiaki/.pub-cache/hosted/pub.dev/audioplayers_web-5.2.0/
[        ] Found plugin audioplayers_linux at /Users/saradafumiaki/.pub-cache/hosted/pub.dev/audioplayers_linux-4.2.1/
[        ] Found plugin audioplayers_darwin at /Users/saradafumiaki/.pub-cache/hosted/pub.dev/audioplayers_darwin-6.4.0/
[        ] Found plugin audioplayers_android at /Users/saradafumiaki/.pub-cache/hosted/pub.dev/audioplayers_android-5.2.1/
[   +1 ms] Skipping generating dart_plugin_registrant.dart because it is up-to-date.
[        ] <- recompile file:///var/folders/hh/1g2yms7d3890gm5lz8l0jmj80000gn/T/flutter_tools.X3xqwV/flutter_test_listener.mAgwan/listener.dart 044bdd5b-3ff5-4780-b1bd-9f49faddd96d
[        ] file:///var/folders/hh/1g2yms7d3890gm5lz8l0jmj80000gn/T/flutter_tools.X3xqwV/flutter_test_listener.mAgwan/listener.dart
[        ] file:///Users/saradafumiaki/Documents/Apps/kendo_os/.dart_tool/flutter_build/dart_plugin_registrant.dart
[        ] <- 044bdd5b-3ff5-4780-b1bd-9f49faddd96d
[ +125 ms] <- accept
[        ] <- reset
[        ] Compiling file:///var/folders/hh/1g2yms7d3890gm5lz8l0jmj80000gn/T/flutter_tools.X3xqwV/flutter_test_listener.mAgwan/listener.dart took 240ms
[        ] Compiling file:///var/folders/hh/1g2yms7d3890gm5lz8l0jmj80000gn/T/flutter_tools.X3xqwV/flutter_test_listener.sjpcoo/listener.dart
[        ] test 46: starting test device
[        ] test 46: awaiting connection to test device
[   +3 ms] test 46: VM Service uri is not available
[        ] test 46: test harness socket server is running at port:54069
[        ] test 46: Starting flutter_tester process with command=[/Users/saradafumiaki/development/flutter/bin/cache/artifacts/engine/darwin-x64/flutter_tester, --disable-vm-service, --enable-checked-mode, --verify-entry-points, --enable-software-rendering, --skia-deterministic-rendering, --enable-dart-profiling, --non-interactive, --use-test-fonts, --disable-asset-fonts, --packages=/Users/saradafumiaki/Documents/Apps/kendo_os/.dart_tool/package_config.json, --flutter-assets-dir=/Users/saradafumiaki/Documents/Apps/kendo_os/build/unit_test_assets, /var/folders/hh/1g2yms7d3890gm5lz8l0jmj80000gn/T/flutter_tools.X3xqwV/flutter_test_listener.mAgwan/listener.dart.dill], environment={FLUTTER_TEST: true, FONTCONFIG_FILE: /var/folders/hh/1g2yms7d3890gm5lz8l0jmj80000gn/T/flutter_tools.X3xqwV/flutter_test_fonts.hib7TY/fonts.conf, SERVER_PORT: 54069, APP_NAME: kendo_os, UNIT_TEST_ASSETS: /Users/saradafumiaki/Documents/Apps/kendo_os/build/unit_test_assets}
[   +4 ms] test 46: Started flutter_tester process at pid 33559
[  +23 ms] Found plugin integration_test at /Users/saradafumiaki/development/flutter/packages/integration_test/
[   +7 ms] Found plugin firebase_core at /Users/saradafumiaki/.pub-cache/hosted/pub.dev/firebase_core-4.7.0/
[        ] Found plugin firebase_core_web at /Users/saradafumiaki/.pub-cache/hosted/pub.dev/firebase_core_web-3.6.0/
[   +1 ms] Found plugin cloud_firestore at /Users/saradafumiaki/.pub-cache/hosted/pub.dev/cloud_firestore-6.3.0/
[        ] Found plugin cloud_firestore_web at /Users/saradafumiaki/.pub-cache/hosted/pub.dev/cloud_firestore_web-5.3.0/
[   +1 ms] Found plugin wakelock_plus at /Users/saradafumiaki/.pub-cache/hosted/pub.dev/wakelock_plus-1.5.2/
[   +1 ms] Found plugin package_info_plus at /Users/saradafumiaki/.pub-cache/hosted/pub.dev/package_info_plus-9.0.1/
[   +1 ms] Found plugin url_launcher at /Users/saradafumiaki/.pub-cache/hosted/pub.dev/url_launcher-6.3.2/
[        ] Found plugin url_launcher_windows at /Users/saradafumiaki/.pub-cache/hosted/pub.dev/url_launcher_windows-3.1.5/
[        ] Found plugin url_launcher_web at /Users/saradafumiaki/.pub-cache/hosted/pub.dev/url_launcher_web-2.4.2/
[        ] Found plugin url_launcher_macos at /Users/saradafumiaki/.pub-cache/hosted/pub.dev/url_launcher_macos-3.2.5/
[        ] Found plugin url_launcher_linux at /Users/saradafumiaki/.pub-cache/hosted/pub.dev/url_launcher_linux-3.2.2/
[        ] Found plugin url_launcher_ios at /Users/saradafumiaki/.pub-cache/hosted/pub.dev/url_launcher_ios-6.4.1/
[        ] Found plugin url_launcher_android at /Users/saradafumiaki/.pub-cache/hosted/pub.dev/url_launcher_android-6.3.29/
[        ] Found plugin syncfusion_flutter_pdfviewer at /Users/saradafumiaki/.pub-cache/hosted/pub.dev/syncfusion_flutter_pdfviewer-28.2.12/
[        ] Found plugin syncfusion_pdfviewer_windows at /Users/saradafumiaki/.pub-cache/hosted/pub.dev/syncfusion_pdfviewer_windows-28.2.12/
[        ] Found plugin syncfusion_pdfviewer_web at /Users/saradafumiaki/.pub-cache/hosted/pub.dev/syncfusion_pdfviewer_web-28.2.12/
[        ] Found plugin syncfusion_pdfviewer_macos at /Users/saradafumiaki/.pub-cache/hosted/pub.dev/syncfusion_pdfviewer_macos-28.2.12/
[   +2 ms] Found plugin device_info_plus at /Users/saradafumiaki/.pub-cache/hosted/pub.dev/device_info_plus-11.5.0/
[        ] Found plugin shared_preferences at /Users/saradafumiaki/.pub-cache/hosted/pub.dev/shared_preferences-2.5.5/
[        ] Found plugin shared_preferences_windows at /Users/saradafumiaki/.pub-cache/hosted/pub.dev/shared_preferences_windows-2.4.1/
[        ] Found plugin path_provider_windows at /Users/saradafumiaki/.pub-cache/hosted/pub.dev/path_provider_windows-2.3.0/
[        ] Found plugin shared_preferences_web at /Users/saradafumiaki/.pub-cache/hosted/pub.dev/shared_preferences_web-2.4.3/
[        ] Found plugin shared_preferences_linux at /Users/saradafumiaki/.pub-cache/hosted/pub.dev/shared_preferences_linux-2.4.1/
[        ] Found plugin path_provider_linux at /Users/saradafumiaki/.pub-cache/hosted/pub.dev/path_provider_linux-2.2.1/
[        ] Found plugin shared_preferences_foundation at /Users/saradafumiaki/.pub-cache/hosted/pub.dev/shared_preferences_foundation-2.5.6/
[        ] Found plugin shared_preferences_android at /Users/saradafumiaki/.pub-cache/hosted/pub.dev/shared_preferences_android-2.4.23/
[        ] Found plugin share_plus at /Users/saradafumiaki/.pub-cache/hosted/pub.dev/share_plus-12.0.2/
[        ] Found plugin path_provider at /Users/saradafumiaki/.pub-cache/hosted/pub.dev/path_provider-2.1.5/
[        ] Found plugin path_provider_foundation at /Users/saradafumiaki/.pub-cache/hosted/pub.dev/path_provider_foundation-2.6.0/
[   +1 ms] Found plugin path_provider_android at /Users/saradafumiaki/.pub-cache/hosted/pub.dev/path_provider_android-2.3.1/
[        ] Found plugin jni_flutter at /Users/saradafumiaki/.pub-cache/hosted/pub.dev/jni_flutter-1.0.1/
[        ] Found plugin jni at /Users/saradafumiaki/.pub-cache/hosted/pub.dev/jni-1.0.0/
[   +1 ms] Found plugin printing at /Users/saradafumiaki/.pub-cache/hosted/pub.dev/printing-5.14.3/
[   +2 ms] Found plugin isar_community_flutter_libs at /Users/saradafumiaki/.pub-cache/hosted/pub.dev/isar_community_flutter_libs-3.3.2/
[        ] Found plugin google_sign_in at /Users/saradafumiaki/.pub-cache/hosted/pub.dev/google_sign_in-6.3.0/
[        ] Found plugin google_sign_in_web at /Users/saradafumiaki/.pub-cache/hosted/pub.dev/google_sign_in_web-0.12.4+4/
[        ] Found plugin google_sign_in_ios at /Users/saradafumiaki/.pub-cache/hosted/pub.dev/google_sign_in_ios-5.9.0/
[        ] Found plugin google_sign_in_android at /Users/saradafumiaki/.pub-cache/hosted/pub.dev/google_sign_in_android-6.2.1/
[        ] Found plugin flutter_tts at /Users/saradafumiaki/.pub-cache/hosted/pub.dev/flutter_tts-4.2.5/
[   +1 ms] Found plugin flutter_image_compress at /Users/saradafumiaki/.pub-cache/hosted/pub.dev/flutter_image_compress-2.4.0/
[        ] Found plugin flutter_image_compress_web at /Users/saradafumiaki/.pub-cache/hosted/pub.dev/flutter_image_compress_web-0.1.5/
[        ] Found plugin flutter_image_compress_ohos at /Users/saradafumiaki/.pub-cache/hosted/pub.dev/flutter_image_compress_ohos-0.0.3/
[        ] Found plugin flutter_image_compress_macos at /Users/saradafumiaki/.pub-cache/hosted/pub.dev/flutter_image_compress_macos-1.0.3/
[        ] Found plugin flutter_image_compress_common at /Users/saradafumiaki/.pub-cache/hosted/pub.dev/flutter_image_compress_common-1.0.6/
[        ] Found plugin firebase_storage at /Users/saradafumiaki/.pub-cache/hosted/pub.dev/firebase_storage-13.3.0/
[        ] Found plugin firebase_storage_web at /Users/saradafumiaki/.pub-cache/hosted/pub.dev/firebase_storage_web-3.11.5/
[        ] Found plugin firebase_crashlytics at /Users/saradafumiaki/.pub-cache/hosted/pub.dev/firebase_crashlytics-5.2.0/
[        ] Found plugin firebase_auth at /Users/saradafumiaki/.pub-cache/hosted/pub.dev/firebase_auth-6.4.0/
[        ] Found plugin firebase_auth_web at /Users/saradafumiaki/.pub-cache/hosted/pub.dev/firebase_auth_web-6.1.5/
[        ] Found plugin file_picker at /Users/saradafumiaki/.pub-cache/hosted/pub.dev/file_picker-8.3.7/
[        ] Found plugin flutter_plugin_android_lifecycle at /Users/saradafumiaki/.pub-cache/hosted/pub.dev/flutter_plugin_android_lifecycle-2.0.34/
[        ] Found plugin connectivity_plus at /Users/saradafumiaki/.pub-cache/hosted/pub.dev/connectivity_plus-6.1.5/
[        ] Found plugin audioplayers at /Users/saradafumiaki/.pub-cache/hosted/pub.dev/audioplayers-6.6.0/
[        ] Found plugin audioplayers_windows at /Users/saradafumiaki/.pub-cache/hosted/pub.dev/audioplayers_windows-4.3.0/
[        ] Found plugin audioplayers_web at /Users/saradafumiaki/.pub-cache/hosted/pub.dev/audioplayers_web-5.2.0/
[        ] Found plugin audioplayers_linux at /Users/saradafumiaki/.pub-cache/hosted/pub.dev/audioplayers_linux-4.2.1/
[        ] Found plugin audioplayers_darwin at /Users/saradafumiaki/.pub-cache/hosted/pub.dev/audioplayers_darwin-6.4.0/
[        ] Found plugin audioplayers_android at /Users/saradafumiaki/.pub-cache/hosted/pub.dev/audioplayers_android-5.2.1/
[   +1 ms] Skipping generating dart_plugin_registrant.dart because it is up-to-date.
[        ] <- recompile file:///var/folders/hh/1g2yms7d3890gm5lz8l0jmj80000gn/T/flutter_tools.X3xqwV/flutter_test_listener.sjpcoo/listener.dart 74f34169-869d-4836-a6be-7c2405f2c0e0
[        ] file:///var/folders/hh/1g2yms7d3890gm5lz8l0jmj80000gn/T/flutter_tools.X3xqwV/flutter_test_listener.sjpcoo/listener.dart
[        ] file:///Users/saradafumiaki/Documents/Apps/kendo_os/.dart_tool/flutter_build/dart_plugin_registrant.dart
[        ] <- 74f34169-869d-4836-a6be-7c2405f2c0e0
[ +267 ms] <- accept
[        ] <- reset
[        ] Compiling file:///var/folders/hh/1g2yms7d3890gm5lz8l0jmj80000gn/T/flutter_tools.X3xqwV/flutter_test_listener.sjpcoo/listener.dart took 348ms
[        ] Compiling file:///var/folders/hh/1g2yms7d3890gm5lz8l0jmj80000gn/T/flutter_tools.X3xqwV/flutter_test_listener.A5MBVY/listener.dart
[        ] test 47: starting test device
[        ] test 47: awaiting connection to test device
[   +2 ms] test 47: VM Service uri is not available
[        ] test 47: test harness socket server is running at port:54072
[        ] test 47: Starting flutter_tester process with command=[/Users/saradafumiaki/development/flutter/bin/cache/artifacts/engine/darwin-x64/flutter_tester, --disable-vm-service, --enable-checked-mode, --verify-entry-points, --enable-software-rendering, --skia-deterministic-rendering, --enable-dart-profiling, --non-interactive, --use-test-fonts, --disable-asset-fonts, --packages=/Users/saradafumiaki/Documents/Apps/kendo_os/.dart_tool/package_config.json, --flutter-assets-dir=/Users/saradafumiaki/Documents/Apps/kendo_os/build/unit_test_assets, /var/folders/hh/1g2yms7d3890gm5lz8l0jmj80000gn/T/flutter_tools.X3xqwV/flutter_test_listener.sjpcoo/listener.dart.dill], environment={FLUTTER_TEST: true, FONTCONFIG_FILE: /var/folders/hh/1g2yms7d3890gm5lz8l0jmj80000gn/T/flutter_tools.X3xqwV/flutter_test_fonts.hib7TY/fonts.conf, SERVER_PORT: 54072, APP_NAME: kendo_os, UNIT_TEST_ASSETS: /Users/saradafumiaki/Documents/Apps/kendo_os/build/unit_test_assets}
[   +3 ms] test 47: Started flutter_tester process at pid 33561
[  +16 ms] Found plugin integration_test at /Users/saradafumiaki/development/flutter/packages/integration_test/
[   +5 ms] Found plugin firebase_core at /Users/saradafumiaki/.pub-cache/hosted/pub.dev/firebase_core-4.7.0/
[        ] Found plugin firebase_core_web at /Users/saradafumiaki/.pub-cache/hosted/pub.dev/firebase_core_web-3.6.0/
[        ] Found plugin cloud_firestore at /Users/saradafumiaki/.pub-cache/hosted/pub.dev/cloud_firestore-6.3.0/
[        ] Found plugin cloud_firestore_web at /Users/saradafumiaki/.pub-cache/hosted/pub.dev/cloud_firestore_web-5.3.0/
[   +1 ms] Found plugin wakelock_plus at /Users/saradafumiaki/.pub-cache/hosted/pub.dev/wakelock_plus-1.5.2/
[        ] Found plugin package_info_plus at /Users/saradafumiaki/.pub-cache/hosted/pub.dev/package_info_plus-9.0.1/
[   +1 ms] Found plugin url_launcher at /Users/saradafumiaki/.pub-cache/hosted/pub.dev/url_launcher-6.3.2/
[        ] Found plugin url_launcher_windows at /Users/saradafumiaki/.pub-cache/hosted/pub.dev/url_launcher_windows-3.1.5/
[        ] Found plugin url_launcher_web at /Users/saradafumiaki/.pub-cache/hosted/pub.dev/url_launcher_web-2.4.2/
[        ] Found plugin url_launcher_macos at /Users/saradafumiaki/.pub-cache/hosted/pub.dev/url_launcher_macos-3.2.5/
[        ] Found plugin url_launcher_linux at /Users/saradafumiaki/.pub-cache/hosted/pub.dev/url_launcher_linux-3.2.2/
[        ] Found plugin url_launcher_ios at /Users/saradafumiaki/.pub-cache/hosted/pub.dev/url_launcher_ios-6.4.1/
[        ] Found plugin url_launcher_android at /Users/saradafumiaki/.pub-cache/hosted/pub.dev/url_launcher_android-6.3.29/
[        ] Found plugin syncfusion_flutter_pdfviewer at /Users/saradafumiaki/.pub-cache/hosted/pub.dev/syncfusion_flutter_pdfviewer-28.2.12/
[        ] Found plugin syncfusion_pdfviewer_windows at /Users/saradafumiaki/.pub-cache/hosted/pub.dev/syncfusion_pdfviewer_windows-28.2.12/
[        ] Found plugin syncfusion_pdfviewer_web at /Users/saradafumiaki/.pub-cache/hosted/pub.dev/syncfusion_pdfviewer_web-28.2.12/
[        ] Found plugin syncfusion_pdfviewer_macos at /Users/saradafumiaki/.pub-cache/hosted/pub.dev/syncfusion_pdfviewer_macos-28.2.12/
[        ] Found plugin device_info_plus at /Users/saradafumiaki/.pub-cache/hosted/pub.dev/device_info_plus-11.5.0/
[        ] Found plugin shared_preferences at /Users/saradafumiaki/.pub-cache/hosted/pub.dev/shared_preferences-2.5.5/
[        ] Found plugin shared_preferences_windows at /Users/saradafumiaki/.pub-cache/hosted/pub.dev/shared_preferences_windows-2.4.1/
[        ] Found plugin path_provider_windows at /Users/saradafumiaki/.pub-cache/hosted/pub.dev/path_provider_windows-2.3.0/
[        ] Found plugin shared_preferences_web at /Users/saradafumiaki/.pub-cache/hosted/pub.dev/shared_preferences_web-2.4.3/
[        ] Found plugin shared_preferences_linux at /Users/saradafumiaki/.pub-cache/hosted/pub.dev/shared_preferences_linux-2.4.1/
[        ] Found plugin path_provider_linux at /Users/saradafumiaki/.pub-cache/hosted/pub.dev/path_provider_linux-2.2.1/
[        ] Found plugin shared_preferences_foundation at /Users/saradafumiaki/.pub-cache/hosted/pub.dev/shared_preferences_foundation-2.5.6/
[        ] Found plugin shared_preferences_android at /Users/saradafumiaki/.pub-cache/hosted/pub.dev/shared_preferences_android-2.4.23/
[        ] Found plugin share_plus at /Users/saradafumiaki/.pub-cache/hosted/pub.dev/share_plus-12.0.2/
[        ] Found plugin path_provider at /Users/saradafumiaki/.pub-cache/hosted/pub.dev/path_provider-2.1.5/
[        ] Found plugin path_provider_foundation at /Users/saradafumiaki/.pub-cache/hosted/pub.dev/path_provider_foundation-2.6.0/
[   +1 ms] Found plugin path_provider_android at /Users/saradafumiaki/.pub-cache/hosted/pub.dev/path_provider_android-2.3.1/
[        ] Found plugin jni_flutter at /Users/saradafumiaki/.pub-cache/hosted/pub.dev/jni_flutter-1.0.1/
[        ] Found plugin jni at /Users/saradafumiaki/.pub-cache/hosted/pub.dev/jni-1.0.0/
[   +1 ms] Found plugin printing at /Users/saradafumiaki/.pub-cache/hosted/pub.dev/printing-5.14.3/
[   +2 ms] Found plugin isar_community_flutter_libs at /Users/saradafumiaki/.pub-cache/hosted/pub.dev/isar_community_flutter_libs-3.3.2/
[        ] Found plugin google_sign_in at /Users/saradafumiaki/.pub-cache/hosted/pub.dev/google_sign_in-6.3.0/
[        ] Found plugin google_sign_in_web at /Users/saradafumiaki/.pub-cache/hosted/pub.dev/google_sign_in_web-0.12.4+4/
[        ] Found plugin google_sign_in_ios at /Users/saradafumiaki/.pub-cache/hosted/pub.dev/google_sign_in_ios-5.9.0/
[        ] Found plugin google_sign_in_android at /Users/saradafumiaki/.pub-cache/hosted/pub.dev/google_sign_in_android-6.2.1/
[        ] Found plugin flutter_tts at /Users/saradafumiaki/.pub-cache/hosted/pub.dev/flutter_tts-4.2.5/
[   +1 ms] Found plugin flutter_image_compress at /Users/saradafumiaki/.pub-cache/hosted/pub.dev/flutter_image_compress-2.4.0/
[        ] Found plugin flutter_image_compress_web at /Users/saradafumiaki/.pub-cache/hosted/pub.dev/flutter_image_compress_web-0.1.5/
[        ] Found plugin flutter_image_compress_ohos at /Users/saradafumiaki/.pub-cache/hosted/pub.dev/flutter_image_compress_ohos-0.0.3/
[        ] Found plugin flutter_image_compress_macos at /Users/saradafumiaki/.pub-cache/hosted/pub.dev/flutter_image_compress_macos-1.0.3/
[        ] Found plugin flutter_image_compress_common at /Users/saradafumiaki/.pub-cache/hosted/pub.dev/flutter_image_compress_common-1.0.6/
[        ] Found plugin firebase_storage at /Users/saradafumiaki/.pub-cache/hosted/pub.dev/firebase_storage-13.3.0/
[        ] Found plugin firebase_storage_web at /Users/saradafumiaki/.pub-cache/hosted/pub.dev/firebase_storage_web-3.11.5/
[        ] Found plugin firebase_crashlytics at /Users/saradafumiaki/.pub-cache/hosted/pub.dev/firebase_crashlytics-5.2.0/
[        ] Found plugin firebase_auth at /Users/saradafumiaki/.pub-cache/hosted/pub.dev/firebase_auth-6.4.0/
[        ] Found plugin firebase_auth_web at /Users/saradafumiaki/.pub-cache/hosted/pub.dev/firebase_auth_web-6.1.5/
[        ] Found plugin file_picker at /Users/saradafumiaki/.pub-cache/hosted/pub.dev/file_picker-8.3.7/
[        ] Found plugin flutter_plugin_android_lifecycle at /Users/saradafumiaki/.pub-cache/hosted/pub.dev/flutter_plugin_android_lifecycle-2.0.34/
[        ] Found plugin connectivity_plus at /Users/saradafumiaki/.pub-cache/hosted/pub.dev/connectivity_plus-6.1.5/
[        ] Found plugin audioplayers at /Users/saradafumiaki/.pub-cache/hosted/pub.dev/audioplayers-6.6.0/
[        ] Found plugin audioplayers_windows at /Users/saradafumiaki/.pub-cache/hosted/pub.dev/audioplayers_windows-4.3.0/
[        ] Found plugin audioplayers_web at /Users/saradafumiaki/.pub-cache/hosted/pub.dev/audioplayers_web-5.2.0/
[        ] Found plugin audioplayers_linux at /Users/saradafumiaki/.pub-cache/hosted/pub.dev/audioplayers_linux-4.2.1/
[        ] Found plugin audioplayers_darwin at /Users/saradafumiaki/.pub-cache/hosted/pub.dev/audioplayers_darwin-6.4.0/
[        ] Found plugin audioplayers_android at /Users/saradafumiaki/.pub-cache/hosted/pub.dev/audioplayers_android-5.2.1/
[   +1 ms] Skipping generating dart_plugin_registrant.dart because it is up-to-date.
[        ] <- recompile file:///var/folders/hh/1g2yms7d3890gm5lz8l0jmj80000gn/T/flutter_tools.X3xqwV/flutter_test_listener.A5MBVY/listener.dart cfc68cec-08c3-488b-be7d-fe85f7376b03
[        ] file:///var/folders/hh/1g2yms7d3890gm5lz8l0jmj80000gn/T/flutter_tools.X3xqwV/flutter_test_listener.A5MBVY/listener.dart
[        ] file:///Users/saradafumiaki/Documents/Apps/kendo_os/.dart_tool/flutter_build/dart_plugin_registrant.dart
[        ] <- cfc68cec-08c3-488b-be7d-fe85f7376b03
[ +259 ms] test 45: connected to test device, now awaiting test result
[        ] test 45: Waiting for test harness or tests to finish
[  +33 ms] <- accept
[        ] <- reset
[        ] Compiling file:///var/folders/hh/1g2yms7d3890gm5lz8l0jmj80000gn/T/flutter_tools.X3xqwV/flutter_test_listener.A5MBVY/listener.dart took 351ms
[        ] test 48: starting test device
[        ] test 48: awaiting connection to test device
[        ] test 48: VM Service uri is not available
[        ] test 48: test harness socket server is running at port:54075
[        ] test 48: Starting flutter_tester process with command=[/Users/saradafumiaki/development/flutter/bin/cache/artifacts/engine/darwin-x64/flutter_tester, --disable-vm-service, --enable-checked-mode, --verify-entry-points, --enable-software-rendering, --skia-deterministic-rendering, --enable-dart-profiling, --non-interactive, --use-test-fonts, --disable-asset-fonts, --packages=/Users/saradafumiaki/Documents/Apps/kendo_os/.dart_tool/package_config.json, --flutter-assets-dir=/Users/saradafumiaki/Documents/Apps/kendo_os/build/unit_test_assets, /var/folders/hh/1g2yms7d3890gm5lz8l0jmj80000gn/T/flutter_tools.X3xqwV/flutter_test_listener.A5MBVY/listener.dart.dill], environment={FLUTTER_TEST: true, FONTCONFIG_FILE: /var/folders/hh/1g2yms7d3890gm5lz8l0jmj80000gn/T/flutter_tools.X3xqwV/flutter_test_fonts.hib7TY/fonts.conf, SERVER_PORT: 54075, APP_NAME: kendo_os, UNIT_TEST_ASSETS: /Users/saradafumiaki/Documents/Apps/kendo_os/build/unit_test_assets}
[   +4 ms] test 48: Started flutter_tester process at pid 33564
[  +78 ms] test 46: connected to test device, now awaiting test result
[        ] test 46: Waiting for test harness or tests to finish
00:25 +164 -1: /Users/saradafumiaki/Documents/Apps/kendo_os/test/integration/stage2_rule_lock_test.dart: 🛡️ [Phase 5] Rule DSL 完全隔離・防衛機能検証テスト 【手順 5-1】showRuleDslEditorがfalseの際、ルール設定パネルがUI上に露出せず完全隠蔽（消滅）すること
00:25 +165 -1: /Users/saradafumiaki/Documents/Apps/kendo_os/test/integration/stage2_rule_lock_test.dart: 🛡️ [Phase 5] Rule DSL 完全隔離・防衛機能検証テスト 【手順 5-1】showRuleDslEditorがfalseの際、ルール設定パネルがUI上に露出せず完全隠蔽（消滅）すること
00:25 +166 -1: /Users/saradafumiaki/Documents/Apps/kendo_os/test/integration/stage2_rule_lock_test.dart: 🛡️ [Phase 5] Rule DSL 完全隔離・防衛機能検証テスト 【手順 5-1】showRuleDslEditorがfalseの際、ルール設定パネルがUI上に露出せず完全隠蔽（消滅）すること
00:25 +167 -1: /Users/saradafumiaki/Documents/Apps/kendo_os/test/integration/stage2_rule_lock_test.dart: 🛡️ [Phase 5] Rule DSL 完全隔離・防衛機能検証テスト 【手順 5-1】showRuleDslEditorがfalseの際、ルール設定パネルがUI上に露出せず完全隠蔽（消滅）すること
00:25 +168 -1: /Users/saradafumiaki/Documents/Apps/kendo_os/test/integration/stage2_rule_lock_test.dart: 🛡️ [Phase 5] Rule DSL 完全隔離・防衛機能検証テスト 【手順 5-1】showRuleDslEditorがfalseの際、ルール設定パネルがUI上に露出せず完全隠蔽（消滅）すること
00:25 +169 -1: /Users/saradafumiaki/Documents/Apps/kendo_os/test/integration/stage2_rule_lock_test.dart: 🛡️ [Phase 5] Rule DSL 完全隔離・防衛機能検証テスト 【手順 5-1】showRuleDslEditorがfalseの際、ルール設定パネルがUI上に露出せず完全隠蔽（消滅）すること
00:25 +170 -1: /Users/saradafumiaki/Documents/Apps/kendo_os/test/integration/stage2_rule_lock_test.dart: 🛡️ [Phase 5] Rule DSL 完全隔離・防衛機能検証テスト 【手順 5-1】showRuleDslEditorがfalseの際、ルール設定パネルがUI上に露出せず完全隠蔽（消滅）すること
00:25 +171 -1: /Users/saradafumiaki/Documents/Apps/kendo_os/test/integration/stage2_rule_lock_test.dart: 🛡️ [Phase 5] Rule DSL 完全隔離・防衛機能検証テスト 【手順 5-1】showRuleDslEditorがfalseの際、ルール設定パネルがUI上に露出せず完全隠蔽（消滅）すること
00:25 +172 -1: /Users/saradafumiaki/Documents/Apps/kendo_os/test/integration/stage2_rule_lock_test.dart: 🛡️ [Phase 5] Rule DSL 完全隔離・防衛機能検証テスト 【手順 5-1】showRuleDslEditorがfalseの際、ルール設定パネルがUI上に露出せず完全隠蔽（消滅）すること
00:25 +173 -1: /Users/saradafumiaki/Documents/Apps/kendo_os/test/integration/stage2_rule_lock_test.dart: 🛡️ [Phase 5] Rule DSL 完全隔離・防衛機能検証テスト 【手順 5-1】showRuleDslEditorがfalseの際、ルール設定パネルがUI上に露出せず完全隠蔽（消滅）すること
00:25 +174 -1: /Users/saradafumiaki/Documents/Apps/kendo_os/test/integration/stage2_rule_lock_test.dart: 🛡️ [Phase 5] Rule DSL 完全隔離・防衛機能検証テスト 【手順 5-1】showRuleDslEditorがfalseの際、ルール設定パネルがUI上に露出せず完全隠蔽（消滅）すること
[ +239 ms] test 46: Test harness is no longer needed by test process
[        ] test 46: finished
[        ] test 46: cleaning up...
[        ] test 46: ensuring test device is terminated.
[        ] test 46: Terminating flutter_tester process
[        ] test 46: Shutting down DevTools server
[        ] test 46: Test process is no longer needed by test harness
[        ] test 46: Shutting down test harness socket server
[   +4 ms] test 46: flutter_tester process at pid 33559 exited with code=-9
[        ] test 46: deleting temporary directory
[   +4 ms] test 46: finished
[        ] test 49: starting test /Users/saradafumiaki/Documents/Apps/kendo_os/test/replay/replay_deterministic_test.dart
[   +1 ms] Stopping scan for flutter_test_config.dart; found project root at /Users/saradafumiaki/Documents/Apps/kendo_os
[        ] Compiling file:///var/folders/hh/1g2yms7d3890gm5lz8l0jmj80000gn/T/flutter_tools.X3xqwV/flutter_test_listener.egx6jg/listener.dart
[  +50 ms] Found plugin integration_test at /Users/saradafumiaki/development/flutter/packages/integration_test/
[  +17 ms] test 47: connected to test device, now awaiting test result
[        ] test 47: Waiting for test harness or tests to finish
[   +1 ms] Found plugin firebase_core at /Users/saradafumiaki/.pub-cache/hosted/pub.dev/firebase_core-4.7.0/
[        ] Found plugin firebase_core_web at /Users/saradafumiaki/.pub-cache/hosted/pub.dev/firebase_core_web-3.6.0/
[   +2 ms] Found plugin cloud_firestore at /Users/saradafumiaki/.pub-cache/hosted/pub.dev/cloud_firestore-6.3.0/
[        ] Found plugin cloud_firestore_web at /Users/saradafumiaki/.pub-cache/hosted/pub.dev/cloud_firestore_web-5.3.0/
[   +3 ms] Found plugin wakelock_plus at /Users/saradafumiaki/.pub-cache/hosted/pub.dev/wakelock_plus-1.5.2/
[   +1 ms] Found plugin package_info_plus at /Users/saradafumiaki/.pub-cache/hosted/pub.dev/package_info_plus-9.0.1/
[   +3 ms] Found plugin url_launcher at /Users/saradafumiaki/.pub-cache/hosted/pub.dev/url_launcher-6.3.2/
[        ] Found plugin url_launcher_windows at /Users/saradafumiaki/.pub-cache/hosted/pub.dev/url_launcher_windows-3.1.5/
[        ] Found plugin url_launcher_web at /Users/saradafumiaki/.pub-cache/hosted/pub.dev/url_launcher_web-2.4.2/
[        ] Found plugin url_launcher_macos at /Users/saradafumiaki/.pub-cache/hosted/pub.dev/url_launcher_macos-3.2.5/
[        ] Found plugin url_launcher_linux at /Users/saradafumiaki/.pub-cache/hosted/pub.dev/url_launcher_linux-3.2.2/
[        ] Found plugin url_launcher_ios at /Users/saradafumiaki/.pub-cache/hosted/pub.dev/url_launcher_ios-6.4.1/
[        ] Found plugin url_launcher_android at /Users/saradafumiaki/.pub-cache/hosted/pub.dev/url_launcher_android-6.3.29/
[        ] Found plugin syncfusion_flutter_pdfviewer at /Users/saradafumiaki/.pub-cache/hosted/pub.dev/syncfusion_flutter_pdfviewer-28.2.12/
[        ] Found plugin syncfusion_pdfviewer_windows at /Users/saradafumiaki/.pub-cache/hosted/pub.dev/syncfusion_pdfviewer_windows-28.2.12/
[        ] Found plugin syncfusion_pdfviewer_web at /Users/saradafumiaki/.pub-cache/hosted/pub.dev/syncfusion_pdfviewer_web-28.2.12/
[   +1 ms] Found plugin syncfusion_pdfviewer_macos at /Users/saradafumiaki/.pub-cache/hosted/pub.dev/syncfusion_pdfviewer_macos-28.2.12/
[   +2 ms] Found plugin device_info_plus at /Users/saradafumiaki/.pub-cache/hosted/pub.dev/device_info_plus-11.5.0/
[   +1 ms] Found plugin shared_preferences at /Users/saradafumiaki/.pub-cache/hosted/pub.dev/shared_preferences-2.5.5/
[        ] Found plugin shared_preferences_windows at /Users/saradafumiaki/.pub-cache/hosted/pub.dev/shared_preferences_windows-2.4.1/
[   +1 ms] Found plugin path_provider_windows at /Users/saradafumiaki/.pub-cache/hosted/pub.dev/path_provider_windows-2.3.0/
[   +1 ms] Found plugin shared_preferences_web at /Users/saradafumiaki/.pub-cache/hosted/pub.dev/shared_preferences_web-2.4.3/
[        ] Found plugin shared_preferences_linux at /Users/saradafumiaki/.pub-cache/hosted/pub.dev/shared_preferences_linux-2.4.1/
[        ] Found plugin path_provider_linux at /Users/saradafumiaki/.pub-cache/hosted/pub.dev/path_provider_linux-2.2.1/
[   +1 ms] Found plugin shared_preferences_foundation at /Users/saradafumiaki/.pub-cache/hosted/pub.dev/shared_preferences_foundation-2.5.6/
[        ] Found plugin shared_preferences_android at /Users/saradafumiaki/.pub-cache/hosted/pub.dev/shared_preferences_android-2.4.23/
[        ] Found plugin share_plus at /Users/saradafumiaki/.pub-cache/hosted/pub.dev/share_plus-12.0.2/
[   +1 ms] Found plugin path_provider at /Users/saradafumiaki/.pub-cache/hosted/pub.dev/path_provider-2.1.5/
[        ] Found plugin path_provider_foundation at /Users/saradafumiaki/.pub-cache/hosted/pub.dev/path_provider_foundation-2.6.0/
[   +3 ms] Found plugin path_provider_android at /Users/saradafumiaki/.pub-cache/hosted/pub.dev/path_provider_android-2.3.1/
[        ] Found plugin jni_flutter at /Users/saradafumiaki/.pub-cache/hosted/pub.dev/jni_flutter-1.0.1/
[        ] Found plugin jni at /Users/saradafumiaki/.pub-cache/hosted/pub.dev/jni-1.0.0/
[   +2 ms] Found plugin printing at /Users/saradafumiaki/.pub-cache/hosted/pub.dev/printing-5.14.3/
[   +5 ms] Found plugin isar_community_flutter_libs at /Users/saradafumiaki/.pub-cache/hosted/pub.dev/isar_community_flutter_libs-3.3.2/
[   +1 ms] Found plugin google_sign_in at /Users/saradafumiaki/.pub-cache/hosted/pub.dev/google_sign_in-6.3.0/
[   +1 ms] Found plugin google_sign_in_web at /Users/saradafumiaki/.pub-cache/hosted/pub.dev/google_sign_in_web-0.12.4+4/
[   +2 ms] Found plugin google_sign_in_ios at /Users/saradafumiaki/.pub-cache/hosted/pub.dev/google_sign_in_ios-5.9.0/
[        ] Found plugin google_sign_in_android at /Users/saradafumiaki/.pub-cache/hosted/pub.dev/google_sign_in_android-6.2.1/
[   +1 ms] Found plugin flutter_tts at /Users/saradafumiaki/.pub-cache/hosted/pub.dev/flutter_tts-4.2.5/
[   +3 ms] Found plugin flutter_image_compress at /Users/saradafumiaki/.pub-cache/hosted/pub.dev/flutter_image_compress-2.4.0/
[   +1 ms] Found plugin flutter_image_compress_web at /Users/saradafumiaki/.pub-cache/hosted/pub.dev/flutter_image_compress_web-0.1.5/
[   +1 ms] Found plugin flutter_image_compress_ohos at /Users/saradafumiaki/.pub-cache/hosted/pub.dev/flutter_image_compress_ohos-0.0.3/
[        ] Found plugin flutter_image_compress_macos at /Users/saradafumiaki/.pub-cache/hosted/pub.dev/flutter_image_compress_macos-1.0.3/
[        ] Found plugin flutter_image_compress_common at /Users/saradafumiaki/.pub-cache/hosted/pub.dev/flutter_image_compress_common-1.0.6/
[        ] Found plugin firebase_storage at /Users/saradafumiaki/.pub-cache/hosted/pub.dev/firebase_storage-13.3.0/
[        ] Found plugin firebase_storage_web at /Users/saradafumiaki/.pub-cache/hosted/pub.dev/firebase_storage_web-3.11.5/
[   +1 ms] Found plugin firebase_crashlytics at /Users/saradafumiaki/.pub-cache/hosted/pub.dev/firebase_crashlytics-5.2.0/
[   +2 ms] Found plugin firebase_auth at /Users/saradafumiaki/.pub-cache/hosted/pub.dev/firebase_auth-6.4.0/
[        ] Found plugin firebase_auth_web at /Users/saradafumiaki/.pub-cache/hosted/pub.dev/firebase_auth_web-6.1.5/
[   +1 ms] Found plugin file_picker at /Users/saradafumiaki/.pub-cache/hosted/pub.dev/file_picker-8.3.7/
[        ] Found plugin flutter_plugin_android_lifecycle at /Users/saradafumiaki/.pub-cache/hosted/pub.dev/flutter_plugin_android_lifecycle-2.0.34/
[   +2 ms] Found plugin connectivity_plus at /Users/saradafumiaki/.pub-cache/hosted/pub.dev/connectivity_plus-6.1.5/
[   +2 ms] Found plugin audioplayers at /Users/saradafumiaki/.pub-cache/hosted/pub.dev/audioplayers-6.6.0/
[   +1 ms] Found plugin audioplayers_windows at /Users/saradafumiaki/.pub-cache/hosted/pub.dev/audioplayers_windows-4.3.0/
[   +1 ms] Found plugin audioplayers_web at /Users/saradafumiaki/.pub-cache/hosted/pub.dev/audioplayers_web-5.2.0/
[        ] Found plugin audioplayers_linux at /Users/saradafumiaki/.pub-cache/hosted/pub.dev/audioplayers_linux-4.2.1/
[        ] Found plugin audioplayers_darwin at /Users/saradafumiaki/.pub-cache/hosted/pub.dev/audioplayers_darwin-6.4.0/
[   +1 ms] Found plugin audioplayers_android at /Users/saradafumiaki/.pub-cache/hosted/pub.dev/audioplayers_android-5.2.1/
[   +3 ms] Skipping generating dart_plugin_registrant.dart because it is up-to-date.
[        ] <- recompile file:///var/folders/hh/1g2yms7d3890gm5lz8l0jmj80000gn/T/flutter_tools.X3xqwV/flutter_test_listener.egx6jg/listener.dart 2a286478-6332-4e59-b82c-d2bda05e7f89
[        ] file:///var/folders/hh/1g2yms7d3890gm5lz8l0jmj80000gn/T/flutter_tools.X3xqwV/flutter_test_listener.egx6jg/listener.dart
[        ] file:///Users/saradafumiaki/Documents/Apps/kendo_os/.dart_tool/flutter_build/dart_plugin_registrant.dart
[        ] <- 2a286478-6332-4e59-b82c-d2bda05e7f89
00:25 +175 -1: /Users/saradafumiaki/Documents/Apps/kendo_os/test/integration/stage2_rule_lock_test.dart: 🛡️ [Phase 5] Rule DSL 完全隔離・防衛機能検証テスト 【手順 5-1】showRuleDslEditorがfalseの際、ルール設定パネルがUI上に露出せず完全隠蔽（消滅）すること
00:26 +176 -1: /Users/saradafumiaki/Documents/Apps/kendo_os/test/integration/stage2_rule_lock_test.dart: 🛡️ [Phase 5] Rule DSL 完全隔離・防衛機能検証テスト 【手順 5-1】showRuleDslEditorがfalseの際、ルール設定パネルがUI上に露出せず完全隠蔽（消滅）すること
[ +114 ms] test 47: Test harness is no longer needed by test process
[        ] test 47: finished
[        ] test 47: cleaning up...
[        ] test 47: ensuring test device is terminated.
[        ] test 47: Terminating flutter_tester process
[        ] test 47: Shutting down DevTools server
[        ] test 47: Test process is no longer needed by test harness
[        ] test 47: Shutting down test harness socket server
[   +4 ms] test 47: flutter_tester process at pid 33561 exited with code=-9
[        ] test 47: deleting temporary directory
[   +8 ms] test 47: finished
[        ] test 50: starting test /Users/saradafumiaki/Documents/Apps/kendo_os/test/application/services/pdf/pdf_league_table_test.dart
[   +2 ms] Stopping scan for flutter_test_config.dart; found project root at /Users/saradafumiaki/Documents/Apps/kendo_os
[  +35 ms] <- accept
[        ] <- reset
[        ] Compiling file:///var/folders/hh/1g2yms7d3890gm5lz8l0jmj80000gn/T/flutter_tools.X3xqwV/flutter_test_listener.egx6jg/listener.dart took 323ms
[        ] Compiling file:///var/folders/hh/1g2yms7d3890gm5lz8l0jmj80000gn/T/flutter_tools.X3xqwV/flutter_test_listener.5dPMj6/listener.dart
[        ] test 49: starting test device
[        ] test 49: awaiting connection to test device
[   +5 ms] test 49: VM Service uri is not available
[        ] test 49: test harness socket server is running at port:54078
[        ] test 49: Starting flutter_tester process with command=[/Users/saradafumiaki/development/flutter/bin/cache/artifacts/engine/darwin-x64/flutter_tester, --disable-vm-service, --enable-checked-mode, --verify-entry-points, --enable-software-rendering, --skia-deterministic-rendering, --enable-dart-profiling, --non-interactive, --use-test-fonts, --disable-asset-fonts, --packages=/Users/saradafumiaki/Documents/Apps/kendo_os/.dart_tool/package_config.json, --flutter-assets-dir=/Users/saradafumiaki/Documents/Apps/kendo_os/build/unit_test_assets, /var/folders/hh/1g2yms7d3890gm5lz8l0jmj80000gn/T/flutter_tools.X3xqwV/flutter_test_listener.egx6jg/listener.dart.dill], environment={FLUTTER_TEST: true, FONTCONFIG_FILE: /var/folders/hh/1g2yms7d3890gm5lz8l0jmj80000gn/T/flutter_tools.X3xqwV/flutter_test_fonts.hib7TY/fonts.conf, SERVER_PORT: 54078, APP_NAME: kendo_os, UNIT_TEST_ASSETS: /Users/saradafumiaki/Documents/Apps/kendo_os/build/unit_test_assets}
[   +7 ms] test 49: Started flutter_tester process at pid 33565
[  +49 ms] Found plugin integration_test at /Users/saradafumiaki/development/flutter/packages/integration_test/
[  +16 ms] Found plugin firebase_core at /Users/saradafumiaki/.pub-cache/hosted/pub.dev/firebase_core-4.7.0/
[        ] Found plugin firebase_core_web at /Users/saradafumiaki/.pub-cache/hosted/pub.dev/firebase_core_web-3.6.0/
[   +2 ms] Found plugin cloud_firestore at /Users/saradafumiaki/.pub-cache/hosted/pub.dev/cloud_firestore-6.3.0/
[        ] Found plugin cloud_firestore_web at /Users/saradafumiaki/.pub-cache/hosted/pub.dev/cloud_firestore_web-5.3.0/
[   +2 ms] Found plugin wakelock_plus at /Users/saradafumiaki/.pub-cache/hosted/pub.dev/wakelock_plus-1.5.2/
[   +1 ms] Found plugin package_info_plus at /Users/saradafumiaki/.pub-cache/hosted/pub.dev/package_info_plus-9.0.1/
[   +3 ms] Found plugin url_launcher at /Users/saradafumiaki/.pub-cache/hosted/pub.dev/url_launcher-6.3.2/
[        ] Found plugin url_launcher_windows at /Users/saradafumiaki/.pub-cache/hosted/pub.dev/url_launcher_windows-3.1.5/
[   +1 ms] Found plugin url_launcher_web at /Users/saradafumiaki/.pub-cache/hosted/pub.dev/url_launcher_web-2.4.2/
[        ] Found plugin url_launcher_macos at /Users/saradafumiaki/.pub-cache/hosted/pub.dev/url_launcher_macos-3.2.5/
[        ] Found plugin url_launcher_linux at /Users/saradafumiaki/.pub-cache/hosted/pub.dev/url_launcher_linux-3.2.2/
[        ] Found plugin url_launcher_ios at /Users/saradafumiaki/.pub-cache/hosted/pub.dev/url_launcher_ios-6.4.1/
[        ] Found plugin url_launcher_android at /Users/saradafumiaki/.pub-cache/hosted/pub.dev/url_launcher_android-6.3.29/
[   +1 ms] Found plugin syncfusion_flutter_pdfviewer at /Users/saradafumiaki/.pub-cache/hosted/pub.dev/syncfusion_flutter_pdfviewer-28.2.12/
[        ] Found plugin syncfusion_pdfviewer_windows at /Users/saradafumiaki/.pub-cache/hosted/pub.dev/syncfusion_pdfviewer_windows-28.2.12/
[        ] Found plugin syncfusion_pdfviewer_web at /Users/saradafumiaki/.pub-cache/hosted/pub.dev/syncfusion_pdfviewer_web-28.2.12/
[   +1 ms] Found plugin syncfusion_pdfviewer_macos at /Users/saradafumiaki/.pub-cache/hosted/pub.dev/syncfusion_pdfviewer_macos-28.2.12/
[   +3 ms] Found plugin device_info_plus at /Users/saradafumiaki/.pub-cache/hosted/pub.dev/device_info_plus-11.5.0/
[   +1 ms] Found plugin shared_preferences at /Users/saradafumiaki/.pub-cache/hosted/pub.dev/shared_preferences-2.5.5/
[        ] Found plugin shared_preferences_windows at /Users/saradafumiaki/.pub-cache/hosted/pub.dev/shared_preferences_windows-2.4.1/
[   +1 ms] Found plugin path_provider_windows at /Users/saradafumiaki/.pub-cache/hosted/pub.dev/path_provider_windows-2.3.0/
[   +1 ms] Found plugin shared_preferences_web at /Users/saradafumiaki/.pub-cache/hosted/pub.dev/shared_preferences_web-2.4.3/
[   +1 ms] Found plugin shared_preferences_linux at /Users/saradafumiaki/.pub-cache/hosted/pub.dev/shared_preferences_linux-2.4.1/
[        ] Found plugin path_provider_linux at /Users/saradafumiaki/.pub-cache/hosted/pub.dev/path_provider_linux-2.2.1/
[   +1 ms] Found plugin shared_preferences_foundation at /Users/saradafumiaki/.pub-cache/hosted/pub.dev/shared_preferences_foundation-2.5.6/
[        ] Found plugin shared_preferences_android at /Users/saradafumiaki/.pub-cache/hosted/pub.dev/shared_preferences_android-2.4.23/
[        ] Found plugin share_plus at /Users/saradafumiaki/.pub-cache/hosted/pub.dev/share_plus-12.0.2/
[   +1 ms] Found plugin path_provider at /Users/saradafumiaki/.pub-cache/hosted/pub.dev/path_provider-2.1.5/
[        ] Found plugin path_provider_foundation at /Users/saradafumiaki/.pub-cache/hosted/pub.dev/path_provider_foundation-2.6.0/
[   +3 ms] Found plugin path_provider_android at /Users/saradafumiaki/.pub-cache/hosted/pub.dev/path_provider_android-2.3.1/
[        ] Found plugin jni_flutter at /Users/saradafumiaki/.pub-cache/hosted/pub.dev/jni_flutter-1.0.1/
[        ] Found plugin jni at /Users/saradafumiaki/.pub-cache/hosted/pub.dev/jni-1.0.0/
[   +2 ms] Found plugin printing at /Users/saradafumiaki/.pub-cache/hosted/pub.dev/printing-5.14.3/
[   +6 ms] Found plugin isar_community_flutter_libs at /Users/saradafumiaki/.pub-cache/hosted/pub.dev/isar_community_flutter_libs-3.3.2/
[   +1 ms] Found plugin google_sign_in at /Users/saradafumiaki/.pub-cache/hosted/pub.dev/google_sign_in-6.3.0/
[        ] Found plugin google_sign_in_web at /Users/saradafumiaki/.pub-cache/hosted/pub.dev/google_sign_in_web-0.12.4+4/
[   +2 ms] Found plugin google_sign_in_ios at /Users/saradafumiaki/.pub-cache/hosted/pub.dev/google_sign_in_ios-5.9.0/
[        ] Found plugin google_sign_in_android at /Users/saradafumiaki/.pub-cache/hosted/pub.dev/google_sign_in_android-6.2.1/
[   +2 ms] Found plugin flutter_tts at /Users/saradafumiaki/.pub-cache/hosted/pub.dev/flutter_tts-4.2.5/
[   +4 ms] Found plugin flutter_image_compress at /Users/saradafumiaki/.pub-cache/hosted/pub.dev/flutter_image_compress-2.4.0/
[        ] Found plugin flutter_image_compress_web at /Users/saradafumiaki/.pub-cache/hosted/pub.dev/flutter_image_compress_web-0.1.5/
[   +1 ms] Found plugin flutter_image_compress_ohos at /Users/saradafumiaki/.pub-cache/hosted/pub.dev/flutter_image_compress_ohos-0.0.3/
[        ] Found plugin flutter_image_compress_macos at /Users/saradafumiaki/.pub-cache/hosted/pub.dev/flutter_image_compress_macos-1.0.3/
[        ] Found plugin flutter_image_compress_common at /Users/saradafumiaki/.pub-cache/hosted/pub.dev/flutter_image_compress_common-1.0.6/
[   +1 ms] Found plugin firebase_storage at /Users/saradafumiaki/.pub-cache/hosted/pub.dev/firebase_storage-13.3.0/
[        ] Found plugin firebase_storage_web at /Users/saradafumiaki/.pub-cache/hosted/pub.dev/firebase_storage_web-3.11.5/
[   +1 ms] Found plugin firebase_crashlytics at /Users/saradafumiaki/.pub-cache/hosted/pub.dev/firebase_crashlytics-5.2.0/
[   +1 ms] Found plugin firebase_auth at /Users/saradafumiaki/.pub-cache/hosted/pub.dev/firebase_auth-6.4.0/
[        ] Found plugin firebase_auth_web at /Users/saradafumiaki/.pub-cache/hosted/pub.dev/firebase_auth_web-6.1.5/
[   +1 ms] Found plugin file_picker at /Users/saradafumiaki/.pub-cache/hosted/pub.dev/file_picker-8.3.7/
[   +1 ms] Found plugin flutter_plugin_android_lifecycle at /Users/saradafumiaki/.pub-cache/hosted/pub.dev/flutter_plugin_android_lifecycle-2.0.34/
[   +2 ms] Found plugin connectivity_plus at /Users/saradafumiaki/.pub-cache/hosted/pub.dev/connectivity_plus-6.1.5/
[   +1 ms] Found plugin audioplayers at /Users/saradafumiaki/.pub-cache/hosted/pub.dev/audioplayers-6.6.0/
[   +1 ms] Found plugin audioplayers_windows at /Users/saradafumiaki/.pub-cache/hosted/pub.dev/audioplayers_windows-4.3.0/
[   +1 ms] Found plugin audioplayers_web at /Users/saradafumiaki/.pub-cache/hosted/pub.dev/audioplayers_web-5.2.0/
[        ] Found plugin audioplayers_linux at /Users/saradafumiaki/.pub-cache/hosted/pub.dev/audioplayers_linux-4.2.1/
[        ] Found plugin audioplayers_darwin at /Users/saradafumiaki/.pub-cache/hosted/pub.dev/audioplayers_darwin-6.4.0/
[        ] Found plugin audioplayers_android at /Users/saradafumiaki/.pub-cache/hosted/pub.dev/audioplayers_android-5.2.1/
[   +2 ms] Skipping generating dart_plugin_registrant.dart because it is up-to-date.
[        ] <- recompile file:///var/folders/hh/1g2yms7d3890gm5lz8l0jmj80000gn/T/flutter_tools.X3xqwV/flutter_test_listener.5dPMj6/listener.dart 76845f38-2430-4917-abd9-081f5cf32d16
[        ] file:///var/folders/hh/1g2yms7d3890gm5lz8l0jmj80000gn/T/flutter_tools.X3xqwV/flutter_test_listener.5dPMj6/listener.dart
[        ] file:///Users/saradafumiaki/Documents/Apps/kendo_os/.dart_tool/flutter_build/dart_plugin_registrant.dart
[        ] <- 76845f38-2430-4917-abd9-081f5cf32d16
[  +18 ms] test 48: connected to test device, now awaiting test result
[        ] test 48: Waiting for test harness or tests to finish
[ +148 ms] <- accept
[        ] <- reset
[        ] Compiling file:///var/folders/hh/1g2yms7d3890gm5lz8l0jmj80000gn/T/flutter_tools.X3xqwV/flutter_test_listener.5dPMj6/listener.dart took 333ms
[        ] test 50: starting test device
[        ] test 50: awaiting connection to test device
[        ] test 50: VM Service uri is not available
[        ] test 50: test harness socket server is running at port:54080
[        ] test 50: Starting flutter_tester process with command=[/Users/saradafumiaki/development/flutter/bin/cache/artifacts/engine/darwin-x64/flutter_tester, --disable-vm-service, --enable-checked-mode, --verify-entry-points, --enable-software-rendering, --skia-deterministic-rendering, --enable-dart-profiling, --non-interactive, --use-test-fonts, --disable-asset-fonts, --packages=/Users/saradafumiaki/Documents/Apps/kendo_os/.dart_tool/package_config.json, --flutter-assets-dir=/Users/saradafumiaki/Documents/Apps/kendo_os/build/unit_test_assets, /var/folders/hh/1g2yms7d3890gm5lz8l0jmj80000gn/T/flutter_tools.X3xqwV/flutter_test_listener.5dPMj6/listener.dart.dill], environment={FLUTTER_TEST: true, FONTCONFIG_FILE: /var/folders/hh/1g2yms7d3890gm5lz8l0jmj80000gn/T/flutter_tools.X3xqwV/flutter_test_fonts.hib7TY/fonts.conf, SERVER_PORT: 54080, APP_NAME: kendo_os, UNIT_TEST_ASSETS: /Users/saradafumiaki/Documents/Apps/kendo_os/build/unit_test_assets}
[   +6 ms] test 50: Started flutter_tester process at pid 33566
00:26 +177 -1: /Users/saradafumiaki/Documents/Apps/kendo_os/test/integration/stage2_rule_lock_test.dart: 🛡️ [Phase 5] Rule DSL 完全隔離・防衛機能検証テスト 【手順 5-1】showRuleDslEditorがfalseの際、ルール設定パネルがUI上に露出せず完全隠蔽（消滅）すること
00:26 +178 -1: /Users/saradafumiaki/Documents/Apps/kendo_os/test/integration/stage2_rule_lock_test.dart: 🛡️ [Phase 5] Rule DSL 完全隔離・防衛機能検証テスト 【手順 5-1】showRuleDslEditorがfalseの際、ルール設定パネルがUI上に露出せず完全隠蔽（消滅）すること
[  +34 ms] test 48: Test harness is no longer needed by test process
[        ] test 48: finished
[        ] test 48: cleaning up...
[        ] test 48: ensuring test device is terminated.
[        ] test 48: Terminating flutter_tester process
[        ] test 48: Shutting down DevTools server
[        ] test 48: Test process is no longer needed by test harness
[        ] test 48: Shutting down test harness socket server
[   +5 ms] test 48: flutter_tester process at pid 33564 exited with code=-9
[        ] test 48: deleting temporary directory
[   +6 ms] test 48: finished
[        ] test 51: starting test /Users/saradafumiaki/Documents/Apps/kendo_os/test/application/services/pdf/pdf_japanese_render_test.dart
[   +3 ms] Stopping scan for flutter_test_config.dart; found project root at /Users/saradafumiaki/Documents/Apps/kendo_os
[        ] Compiling file:///var/folders/hh/1g2yms7d3890gm5lz8l0jmj80000gn/T/flutter_tools.X3xqwV/flutter_test_listener.3dD6UU/listener.dart
00:26 +179 -1: /Users/saradafumiaki/Documents/Apps/kendo_os/test/integration/stage2_rule_lock_test.dart: 🛡️ [Phase 5] Rule DSL 完全隔離・防衛機能検証テスト 【手順 5-2】公式外の変則ルールプリセット（例: 5本先取ルール等）の適用を試みた際、ドメイン層が検知して即座に阻止すること
00:26 +180 -1: /Users/saradafumiaki/Documents/Apps/kendo_os/test/integration/stage2_rule_lock_test.dart: 🛡️ [Phase 5] Rule DSL 完全隔離・防衛機能検証テスト 【手順 5-3】外部テキスト（External DSL）からルールを動的インポートしようとした際、インポートプロトコルが作動して物理拒否すること
[  +18 ms] test 45: Test harness is no longer needed by test process
[        ] test 45: finished
[        ] test 45: cleaning up...
[        ] test 45: ensuring test device is terminated.
[        ] test 45: Terminating flutter_tester process
[        ] test 45: Shutting down DevTools server
[        ] test 45: Test process is no longer needed by test harness
[        ] test 45: Shutting down test harness socket server
[   +6 ms] test 45: flutter_tester process at pid 33558 exited with code=-9
[        ] test 45: deleting temporary directory
[   +6 ms] test 45: finished
[        ] test 52: starting test /Users/saradafumiaki/Documents/Apps/kendo_os/test/application/services/pdf/official_record_screen_test.dart
[   +2 ms] Stopping scan for flutter_test_config.dart; found project root at /Users/saradafumiaki/Documents/Apps/kendo_os
[  +26 ms] Found plugin integration_test at /Users/saradafumiaki/development/flutter/packages/integration_test/
[  +11 ms] Found plugin firebase_core at /Users/saradafumiaki/.pub-cache/hosted/pub.dev/firebase_core-4.7.0/
[        ] Found plugin firebase_core_web at /Users/saradafumiaki/.pub-cache/hosted/pub.dev/firebase_core_web-3.6.0/
[   +1 ms] Found plugin cloud_firestore at /Users/saradafumiaki/.pub-cache/hosted/pub.dev/cloud_firestore-6.3.0/
[        ] Found plugin cloud_firestore_web at /Users/saradafumiaki/.pub-cache/hosted/pub.dev/cloud_firestore_web-5.3.0/
[   +2 ms] Found plugin wakelock_plus at /Users/saradafumiaki/.pub-cache/hosted/pub.dev/wakelock_plus-1.5.2/
[   +1 ms] Found plugin package_info_plus at /Users/saradafumiaki/.pub-cache/hosted/pub.dev/package_info_plus-9.0.1/
[   +3 ms] Found plugin url_launcher at /Users/saradafumiaki/.pub-cache/hosted/pub.dev/url_launcher-6.3.2/
[        ] Found plugin url_launcher_windows at /Users/saradafumiaki/.pub-cache/hosted/pub.dev/url_launcher_windows-3.1.5/
[        ] Found plugin url_launcher_web at /Users/saradafumiaki/.pub-cache/hosted/pub.dev/url_launcher_web-2.4.2/
[        ] Found plugin url_launcher_macos at /Users/saradafumiaki/.pub-cache/hosted/pub.dev/url_launcher_macos-3.2.5/
[        ] Found plugin url_launcher_linux at /Users/saradafumiaki/.pub-cache/hosted/pub.dev/url_launcher_linux-3.2.2/
[        ] Found plugin url_launcher_ios at /Users/saradafumiaki/.pub-cache/hosted/pub.dev/url_launcher_ios-6.4.1/
[        ] Found plugin url_launcher_android at /Users/saradafumiaki/.pub-cache/hosted/pub.dev/url_launcher_android-6.3.29/
[        ] Found plugin syncfusion_flutter_pdfviewer at /Users/saradafumiaki/.pub-cache/hosted/pub.dev/syncfusion_flutter_pdfviewer-28.2.12/
[        ] Found plugin syncfusion_pdfviewer_windows at /Users/saradafumiaki/.pub-cache/hosted/pub.dev/syncfusion_pdfviewer_windows-28.2.12/
[        ] Found plugin syncfusion_pdfviewer_web at /Users/saradafumiaki/.pub-cache/hosted/pub.dev/syncfusion_pdfviewer_web-28.2.12/
[        ] Found plugin syncfusion_pdfviewer_macos at /Users/saradafumiaki/.pub-cache/hosted/pub.dev/syncfusion_pdfviewer_macos-28.2.12/
[   +1 ms] Found plugin device_info_plus at /Users/saradafumiaki/.pub-cache/hosted/pub.dev/device_info_plus-11.5.0/
[   +1 ms] Found plugin shared_preferences at /Users/saradafumiaki/.pub-cache/hosted/pub.dev/shared_preferences-2.5.5/
[        ] Found plugin shared_preferences_windows at /Users/saradafumiaki/.pub-cache/hosted/pub.dev/shared_preferences_windows-2.4.1/
[        ] Found plugin path_provider_windows at /Users/saradafumiaki/.pub-cache/hosted/pub.dev/path_provider_windows-2.3.0/
[        ] Found plugin shared_preferences_web at /Users/saradafumiaki/.pub-cache/hosted/pub.dev/shared_preferences_web-2.4.3/
[        ] Found plugin shared_preferences_linux at /Users/saradafumiaki/.pub-cache/hosted/pub.dev/shared_preferences_linux-2.4.1/
[        ] Found plugin path_provider_linux at /Users/saradafumiaki/.pub-cache/hosted/pub.dev/path_provider_linux-2.2.1/
[        ] Found plugin shared_preferences_foundation at /Users/saradafumiaki/.pub-cache/hosted/pub.dev/shared_preferences_foundation-2.5.6/
[        ] Found plugin shared_preferences_android at /Users/saradafumiaki/.pub-cache/hosted/pub.dev/shared_preferences_android-2.4.23/
[        ] Found plugin share_plus at /Users/saradafumiaki/.pub-cache/hosted/pub.dev/share_plus-12.0.2/
[   +1 ms] Found plugin path_provider at /Users/saradafumiaki/.pub-cache/hosted/pub.dev/path_provider-2.1.5/
[        ] Found plugin path_provider_foundation at /Users/saradafumiaki/.pub-cache/hosted/pub.dev/path_provider_foundation-2.6.0/
[   +2 ms] Found plugin path_provider_android at /Users/saradafumiaki/.pub-cache/hosted/pub.dev/path_provider_android-2.3.1/
[        ] Found plugin jni_flutter at /Users/saradafumiaki/.pub-cache/hosted/pub.dev/jni_flutter-1.0.1/
[        ] Found plugin jni at /Users/saradafumiaki/.pub-cache/hosted/pub.dev/jni-1.0.0/
[   +2 ms] Found plugin printing at /Users/saradafumiaki/.pub-cache/hosted/pub.dev/printing-5.14.3/
[   +3 ms] Found plugin isar_community_flutter_libs at /Users/saradafumiaki/.pub-cache/hosted/pub.dev/isar_community_flutter_libs-3.3.2/
[        ] Found plugin google_sign_in at /Users/saradafumiaki/.pub-cache/hosted/pub.dev/google_sign_in-6.3.0/
[        ] Found plugin google_sign_in_web at /Users/saradafumiaki/.pub-cache/hosted/pub.dev/google_sign_in_web-0.12.4+4/
[   +1 ms] Found plugin google_sign_in_ios at /Users/saradafumiaki/.pub-cache/hosted/pub.dev/google_sign_in_ios-5.9.0/
[        ] Found plugin google_sign_in_android at /Users/saradafumiaki/.pub-cache/hosted/pub.dev/google_sign_in_android-6.2.1/
[   +1 ms] Found plugin flutter_tts at /Users/saradafumiaki/.pub-cache/hosted/pub.dev/flutter_tts-4.2.5/
[   +2 ms] Found plugin flutter_image_compress at /Users/saradafumiaki/.pub-cache/hosted/pub.dev/flutter_image_compress-2.4.0/
[        ] Found plugin flutter_image_compress_web at /Users/saradafumiaki/.pub-cache/hosted/pub.dev/flutter_image_compress_web-0.1.5/
[        ] Found plugin flutter_image_compress_ohos at /Users/saradafumiaki/.pub-cache/hosted/pub.dev/flutter_image_compress_ohos-0.0.3/
[        ] Found plugin flutter_image_compress_macos at /Users/saradafumiaki/.pub-cache/hosted/pub.dev/flutter_image_compress_macos-1.0.3/
[        ] Found plugin flutter_image_compress_common at /Users/saradafumiaki/.pub-cache/hosted/pub.dev/flutter_image_compress_common-1.0.6/
[        ] Found plugin firebase_storage at /Users/saradafumiaki/.pub-cache/hosted/pub.dev/firebase_storage-13.3.0/
[        ] Found plugin firebase_storage_web at /Users/saradafumiaki/.pub-cache/hosted/pub.dev/firebase_storage_web-3.11.5/
[        ] Found plugin firebase_crashlytics at /Users/saradafumiaki/.pub-cache/hosted/pub.dev/firebase_crashlytics-5.2.0/
[   +1 ms] Found plugin firebase_auth at /Users/saradafumiaki/.pub-cache/hosted/pub.dev/firebase_auth-6.4.0/
[        ] Found plugin firebase_auth_web at /Users/saradafumiaki/.pub-cache/hosted/pub.dev/firebase_auth_web-6.1.5/
[   +1 ms] Found plugin file_picker at /Users/saradafumiaki/.pub-cache/hosted/pub.dev/file_picker-8.3.7/
[        ] Found plugin flutter_plugin_android_lifecycle at /Users/saradafumiaki/.pub-cache/hosted/pub.dev/flutter_plugin_android_lifecycle-2.0.34/
[   +1 ms] Found plugin connectivity_plus at /Users/saradafumiaki/.pub-cache/hosted/pub.dev/connectivity_plus-6.1.5/
[   +1 ms] Found plugin audioplayers at /Users/saradafumiaki/.pub-cache/hosted/pub.dev/audioplayers-6.6.0/
[        ] Found plugin audioplayers_windows at /Users/saradafumiaki/.pub-cache/hosted/pub.dev/audioplayers_windows-4.3.0/
[        ] Found plugin audioplayers_web at /Users/saradafumiaki/.pub-cache/hosted/pub.dev/audioplayers_web-5.2.0/
[        ] Found plugin audioplayers_linux at /Users/saradafumiaki/.pub-cache/hosted/pub.dev/audioplayers_linux-4.2.1/
[        ] Found plugin audioplayers_darwin at /Users/saradafumiaki/.pub-cache/hosted/pub.dev/audioplayers_darwin-6.4.0/
[        ] Found plugin audioplayers_android at /Users/saradafumiaki/.pub-cache/hosted/pub.dev/audioplayers_android-5.2.1/
[   +1 ms] Skipping generating dart_plugin_registrant.dart because it is up-to-date.
[        ] <- recompile file:///var/folders/hh/1g2yms7d3890gm5lz8l0jmj80000gn/T/flutter_tools.X3xqwV/flutter_test_listener.3dD6UU/listener.dart 0e8d0dfa-1ec1-4358-99c8-15b72de2d58b
[        ] file:///var/folders/hh/1g2yms7d3890gm5lz8l0jmj80000gn/T/flutter_tools.X3xqwV/flutter_test_listener.3dD6UU/listener.dart
[        ] file:///Users/saradafumiaki/Documents/Apps/kendo_os/.dart_tool/flutter_build/dart_plugin_registrant.dart
[        ] <- 0e8d0dfa-1ec1-4358-99c8-15b72de2d58b
[ +212 ms] <- accept
[        ] <- reset
[        ] Compiling file:///var/folders/hh/1g2yms7d3890gm5lz8l0jmj80000gn/T/flutter_tools.X3xqwV/flutter_test_listener.3dD6UU/listener.dart took 342ms
[        ] Compiling file:///var/folders/hh/1g2yms7d3890gm5lz8l0jmj80000gn/T/flutter_tools.X3xqwV/flutter_test_listener.XYqPvr/listener.dart
[        ] test 51: starting test device
[        ] test 51: awaiting connection to test device
[   +4 ms] test 51: VM Service uri is not available
[        ] test 51: test harness socket server is running at port:54081
[        ] test 51: Starting flutter_tester process with command=[/Users/saradafumiaki/development/flutter/bin/cache/artifacts/engine/darwin-x64/flutter_tester, --disable-vm-service, --enable-checked-mode, --verify-entry-points, --enable-software-rendering, --skia-deterministic-rendering, --enable-dart-profiling, --non-interactive, --use-test-fonts, --disable-asset-fonts, --packages=/Users/saradafumiaki/Documents/Apps/kendo_os/.dart_tool/package_config.json, --flutter-assets-dir=/Users/saradafumiaki/Documents/Apps/kendo_os/build/unit_test_assets, /var/folders/hh/1g2yms7d3890gm5lz8l0jmj80000gn/T/flutter_tools.X3xqwV/flutter_test_listener.3dD6UU/listener.dart.dill], environment={FLUTTER_TEST: true, FONTCONFIG_FILE: /var/folders/hh/1g2yms7d3890gm5lz8l0jmj80000gn/T/flutter_tools.X3xqwV/flutter_test_fonts.hib7TY/fonts.conf, SERVER_PORT: 54081, APP_NAME: kendo_os, UNIT_TEST_ASSETS: /Users/saradafumiaki/Documents/Apps/kendo_os/build/unit_test_assets}
[   +4 ms] test 51: Started flutter_tester process at pid 33572
[  +29 ms] Found plugin integration_test at /Users/saradafumiaki/development/flutter/packages/integration_test/
[  +10 ms] Found plugin firebase_core at /Users/saradafumiaki/.pub-cache/hosted/pub.dev/firebase_core-4.7.0/
[        ] Found plugin firebase_core_web at /Users/saradafumiaki/.pub-cache/hosted/pub.dev/firebase_core_web-3.6.0/
[   +1 ms] Found plugin cloud_firestore at /Users/saradafumiaki/.pub-cache/hosted/pub.dev/cloud_firestore-6.3.0/
[        ] Found plugin cloud_firestore_web at /Users/saradafumiaki/.pub-cache/hosted/pub.dev/cloud_firestore_web-5.3.0/
[   +2 ms] Found plugin wakelock_plus at /Users/saradafumiaki/.pub-cache/hosted/pub.dev/wakelock_plus-1.5.2/
[   +1 ms] Found plugin package_info_plus at /Users/saradafumiaki/.pub-cache/hosted/pub.dev/package_info_plus-9.0.1/
[   +2 ms] Found plugin url_launcher at /Users/saradafumiaki/.pub-cache/hosted/pub.dev/url_launcher-6.3.2/
[        ] Found plugin url_launcher_windows at /Users/saradafumiaki/.pub-cache/hosted/pub.dev/url_launcher_windows-3.1.5/
[        ] Found plugin url_launcher_web at /Users/saradafumiaki/.pub-cache/hosted/pub.dev/url_launcher_web-2.4.2/
[        ] Found plugin url_launcher_macos at /Users/saradafumiaki/.pub-cache/hosted/pub.dev/url_launcher_macos-3.2.5/
[        ] Found plugin url_launcher_linux at /Users/saradafumiaki/.pub-cache/hosted/pub.dev/url_launcher_linux-3.2.2/
[        ] Found plugin url_launcher_ios at /Users/saradafumiaki/.pub-cache/hosted/pub.dev/url_launcher_ios-6.4.1/
[        ] Found plugin url_launcher_android at /Users/saradafumiaki/.pub-cache/hosted/pub.dev/url_launcher_android-6.3.29/
[        ] Found plugin syncfusion_flutter_pdfviewer at /Users/saradafumiaki/.pub-cache/hosted/pub.dev/syncfusion_flutter_pdfviewer-28.2.12/
[        ] Found plugin syncfusion_pdfviewer_windows at /Users/saradafumiaki/.pub-cache/hosted/pub.dev/syncfusion_pdfviewer_windows-28.2.12/
[        ] Found plugin syncfusion_pdfviewer_web at /Users/saradafumiaki/.pub-cache/hosted/pub.dev/syncfusion_pdfviewer_web-28.2.12/
[        ] Found plugin syncfusion_pdfviewer_macos at /Users/saradafumiaki/.pub-cache/hosted/pub.dev/syncfusion_pdfviewer_macos-28.2.12/
[   +2 ms] Found plugin device_info_plus at /Users/saradafumiaki/.pub-cache/hosted/pub.dev/device_info_plus-11.5.0/
[   +1 ms] Found plugin shared_preferences at /Users/saradafumiaki/.pub-cache/hosted/pub.dev/shared_preferences-2.5.5/
[        ] Found plugin shared_preferences_windows at /Users/saradafumiaki/.pub-cache/hosted/pub.dev/shared_preferences_windows-2.4.1/
[        ] Found plugin path_provider_windows at /Users/saradafumiaki/.pub-cache/hosted/pub.dev/path_provider_windows-2.3.0/
[        ] Found plugin shared_preferences_web at /Users/saradafumiaki/.pub-cache/hosted/pub.dev/shared_preferences_web-2.4.3/
[        ] Found plugin shared_preferences_linux at /Users/saradafumiaki/.pub-cache/hosted/pub.dev/shared_preferences_linux-2.4.1/
[        ] Found plugin path_provider_linux at /Users/saradafumiaki/.pub-cache/hosted/pub.dev/path_provider_linux-2.2.1/
[        ] Found plugin shared_preferences_foundation at /Users/saradafumiaki/.pub-cache/hosted/pub.dev/shared_preferences_foundation-2.5.6/
[        ] Found plugin shared_preferences_android at /Users/saradafumiaki/.pub-cache/hosted/pub.dev/shared_preferences_android-2.4.23/
[        ] Found plugin share_plus at /Users/saradafumiaki/.pub-cache/hosted/pub.dev/share_plus-12.0.2/
[   +1 ms] Found plugin path_provider at /Users/saradafumiaki/.pub-cache/hosted/pub.dev/path_provider-2.1.5/
[        ] Found plugin path_provider_foundation at /Users/saradafumiaki/.pub-cache/hosted/pub.dev/path_provider_foundation-2.6.0/
[   +2 ms] Found plugin path_provider_android at /Users/saradafumiaki/.pub-cache/hosted/pub.dev/path_provider_android-2.3.1/
[        ] Found plugin jni_flutter at /Users/saradafumiaki/.pub-cache/hosted/pub.dev/jni_flutter-1.0.1/
[        ] Found plugin jni at /Users/saradafumiaki/.pub-cache/hosted/pub.dev/jni-1.0.0/
[   +1 ms] Found plugin printing at /Users/saradafumiaki/.pub-cache/hosted/pub.dev/printing-5.14.3/
[   +3 ms] Found plugin isar_community_flutter_libs at /Users/saradafumiaki/.pub-cache/hosted/pub.dev/isar_community_flutter_libs-3.3.2/
[        ] Found plugin google_sign_in at /Users/saradafumiaki/.pub-cache/hosted/pub.dev/google_sign_in-6.3.0/
[        ] Found plugin google_sign_in_web at /Users/saradafumiaki/.pub-cache/hosted/pub.dev/google_sign_in_web-0.12.4+4/
[   +1 ms] Found plugin google_sign_in_ios at /Users/saradafumiaki/.pub-cache/hosted/pub.dev/google_sign_in_ios-5.9.0/
[        ] Found plugin google_sign_in_android at /Users/saradafumiaki/.pub-cache/hosted/pub.dev/google_sign_in_android-6.2.1/
[   +1 ms] Found plugin flutter_tts at /Users/saradafumiaki/.pub-cache/hosted/pub.dev/flutter_tts-4.2.5/
[   +1 ms] Found plugin flutter_image_compress at /Users/saradafumiaki/.pub-cache/hosted/pub.dev/flutter_image_compress-2.4.0/
[        ] Found plugin flutter_image_compress_web at /Users/saradafumiaki/.pub-cache/hosted/pub.dev/flutter_image_compress_web-0.1.5/
[        ] Found plugin flutter_image_compress_ohos at /Users/saradafumiaki/.pub-cache/hosted/pub.dev/flutter_image_compress_ohos-0.0.3/
[        ] Found plugin flutter_image_compress_macos at /Users/saradafumiaki/.pub-cache/hosted/pub.dev/flutter_image_compress_macos-1.0.3/
[        ] Found plugin flutter_image_compress_common at /Users/saradafumiaki/.pub-cache/hosted/pub.dev/flutter_image_compress_common-1.0.6/
[        ] Found plugin firebase_storage at /Users/saradafumiaki/.pub-cache/hosted/pub.dev/firebase_storage-13.3.0/
[        ] Found plugin firebase_storage_web at /Users/saradafumiaki/.pub-cache/hosted/pub.dev/firebase_storage_web-3.11.5/
[        ] Found plugin firebase_crashlytics at /Users/saradafumiaki/.pub-cache/hosted/pub.dev/firebase_crashlytics-5.2.0/
[        ] Found plugin firebase_auth at /Users/saradafumiaki/.pub-cache/hosted/pub.dev/firebase_auth-6.4.0/
[        ] Found plugin firebase_auth_web at /Users/saradafumiaki/.pub-cache/hosted/pub.dev/firebase_auth_web-6.1.5/
[        ] Found plugin file_picker at /Users/saradafumiaki/.pub-cache/hosted/pub.dev/file_picker-8.3.7/
[        ] Found plugin flutter_plugin_android_lifecycle at /Users/saradafumiaki/.pub-cache/hosted/pub.dev/flutter_plugin_android_lifecycle-2.0.34/
[        ] Found plugin connectivity_plus at /Users/saradafumiaki/.pub-cache/hosted/pub.dev/connectivity_plus-6.1.5/
[   +1 ms] Found plugin audioplayers at /Users/saradafumiaki/.pub-cache/hosted/pub.dev/audioplayers-6.6.0/
[        ] Found plugin audioplayers_windows at /Users/saradafumiaki/.pub-cache/hosted/pub.dev/audioplayers_windows-4.3.0/
[        ] Found plugin audioplayers_web at /Users/saradafumiaki/.pub-cache/hosted/pub.dev/audioplayers_web-5.2.0/
[        ] Found plugin audioplayers_linux at /Users/saradafumiaki/.pub-cache/hosted/pub.dev/audioplayers_linux-4.2.1/
[        ] Found plugin audioplayers_darwin at /Users/saradafumiaki/.pub-cache/hosted/pub.dev/audioplayers_darwin-6.4.0/
[        ] Found plugin audioplayers_android at /Users/saradafumiaki/.pub-cache/hosted/pub.dev/audioplayers_android-5.2.1/
[   +1 ms] Skipping generating dart_plugin_registrant.dart because it is up-to-date.
[        ] <- recompile file:///var/folders/hh/1g2yms7d3890gm5lz8l0jmj80000gn/T/flutter_tools.X3xqwV/flutter_test_listener.XYqPvr/listener.dart c620ad82-2ff7-46bc-b64d-f308b85eccdd
[        ] file:///var/folders/hh/1g2yms7d3890gm5lz8l0jmj80000gn/T/flutter_tools.X3xqwV/flutter_test_listener.XYqPvr/listener.dart
[        ] file:///Users/saradafumiaki/Documents/Apps/kendo_os/.dart_tool/flutter_build/dart_plugin_registrant.dart
[        ] <- c620ad82-2ff7-46bc-b64d-f308b85eccdd
[ +249 ms] test 49: connected to test device, now awaiting test result
[        ] test 49: Waiting for test harness or tests to finish
[  +92 ms] <- accept
[        ] <- reset
[        ] Compiling file:///var/folders/hh/1g2yms7d3890gm5lz8l0jmj80000gn/T/flutter_tools.X3xqwV/flutter_test_listener.XYqPvr/listener.dart took 445ms
[        ] test 52: starting test device
[        ] test 52: awaiting connection to test device
[        ] test 52: VM Service uri is not available
[        ] test 52: test harness socket server is running at port:54083
[        ] test 52: Starting flutter_tester process with command=[/Users/saradafumiaki/development/flutter/bin/cache/artifacts/engine/darwin-x64/flutter_tester, --disable-vm-service, --enable-checked-mode, --verify-entry-points, --enable-software-rendering, --skia-deterministic-rendering, --enable-dart-profiling, --non-interactive, --use-test-fonts, --disable-asset-fonts, --packages=/Users/saradafumiaki/Documents/Apps/kendo_os/.dart_tool/package_config.json, --flutter-assets-dir=/Users/saradafumiaki/Documents/Apps/kendo_os/build/unit_test_assets, /var/folders/hh/1g2yms7d3890gm5lz8l0jmj80000gn/T/flutter_tools.X3xqwV/flutter_test_listener.XYqPvr/listener.dart.dill], environment={FLUTTER_TEST: true, FONTCONFIG_FILE: /var/folders/hh/1g2yms7d3890gm5lz8l0jmj80000gn/T/flutter_tools.X3xqwV/flutter_test_fonts.hib7TY/fonts.conf, SERVER_PORT: 54083, APP_NAME: kendo_os, UNIT_TEST_ASSETS: /Users/saradafumiaki/Documents/Apps/kendo_os/build/unit_test_assets}
[   +6 ms] test 52: Started flutter_tester process at pid 33576
00:27 +181 -1: /Users/saradafumiaki/Documents/Apps/kendo_os/test/replay/replay_deterministic_test.dart: Phase 2: Replay Deterministic 完全化 Step 2-3: Replay fuzz test - ランダム順序でのリプレイ（イベントソートの決定的確認）
00:27 +182 -1: /Users/saradafumiaki/Documents/Apps/kendo_os/test/replay/replay_deterministic_test.dart: Phase 2: Replay Deterministic 完全化 Step 2-4: Undo deterministic test - Undoが混ざった状態での決定性
[ +233 ms] test 49: Test harness is no longer needed by test process
[        ] test 49: finished
[        ] test 49: cleaning up...
[        ] test 49: ensuring test device is terminated.
[        ] test 49: Terminating flutter_tester process
[        ] test 49: Shutting down DevTools server
[        ] test 49: Test process is no longer needed by test harness
[        ] test 49: Shutting down test harness socket server
[   +4 ms] test 49: flutter_tester process at pid 33565 exited with code=-9
[        ] test 49: deleting temporary directory
[   +4 ms] test 49: finished
[        ] test 53: starting test /Users/saradafumiaki/Documents/Apps/kendo_os/test/chaos/phase7_operational_chaos_test.dart
[   +6 ms] Stopping scan for flutter_test_config.dart; found project root at /Users/saradafumiaki/Documents/Apps/kendo_os
[        ] Compiling file:///var/folders/hh/1g2yms7d3890gm5lz8l0jmj80000gn/T/flutter_tools.X3xqwV/flutter_test_listener.PZuAyI/listener.dart
[  +36 ms] Found plugin integration_test at /Users/saradafumiaki/development/flutter/packages/integration_test/
[  +10 ms] Found plugin firebase_core at /Users/saradafumiaki/.pub-cache/hosted/pub.dev/firebase_core-4.7.0/
[        ] Found plugin firebase_core_web at /Users/saradafumiaki/.pub-cache/hosted/pub.dev/firebase_core_web-3.6.0/
[   +1 ms] Found plugin cloud_firestore at /Users/saradafumiaki/.pub-cache/hosted/pub.dev/cloud_firestore-6.3.0/
[        ] Found plugin cloud_firestore_web at /Users/saradafumiaki/.pub-cache/hosted/pub.dev/cloud_firestore_web-5.3.0/
[   +2 ms] Found plugin wakelock_plus at /Users/saradafumiaki/.pub-cache/hosted/pub.dev/wakelock_plus-1.5.2/
[   +1 ms] Found plugin package_info_plus at /Users/saradafumiaki/.pub-cache/hosted/pub.dev/package_info_plus-9.0.1/
[   +2 ms] Found plugin url_launcher at /Users/saradafumiaki/.pub-cache/hosted/pub.dev/url_launcher-6.3.2/
[        ] Found plugin url_launcher_windows at /Users/saradafumiaki/.pub-cache/hosted/pub.dev/url_launcher_windows-3.1.5/
[        ] Found plugin url_launcher_web at /Users/saradafumiaki/.pub-cache/hosted/pub.dev/url_launcher_web-2.4.2/
[        ] Found plugin url_launcher_macos at /Users/saradafumiaki/.pub-cache/hosted/pub.dev/url_launcher_macos-3.2.5/
[        ] Found plugin url_launcher_linux at /Users/saradafumiaki/.pub-cache/hosted/pub.dev/url_launcher_linux-3.2.2/
[        ] Found plugin url_launcher_ios at /Users/saradafumiaki/.pub-cache/hosted/pub.dev/url_launcher_ios-6.4.1/
[        ] Found plugin url_launcher_android at /Users/saradafumiaki/.pub-cache/hosted/pub.dev/url_launcher_android-6.3.29/
[        ] Found plugin syncfusion_flutter_pdfviewer at /Users/saradafumiaki/.pub-cache/hosted/pub.dev/syncfusion_flutter_pdfviewer-28.2.12/
[        ] Found plugin syncfusion_pdfviewer_windows at /Users/saradafumiaki/.pub-cache/hosted/pub.dev/syncfusion_pdfviewer_windows-28.2.12/
[        ] Found plugin syncfusion_pdfviewer_web at /Users/saradafumiaki/.pub-cache/hosted/pub.dev/syncfusion_pdfviewer_web-28.2.12/
[        ] Found plugin syncfusion_pdfviewer_macos at /Users/saradafumiaki/.pub-cache/hosted/pub.dev/syncfusion_pdfviewer_macos-28.2.12/
[   +2 ms] Found plugin device_info_plus at /Users/saradafumiaki/.pub-cache/hosted/pub.dev/device_info_plus-11.5.0/
[   +1 ms] Found plugin shared_preferences at /Users/saradafumiaki/.pub-cache/hosted/pub.dev/shared_preferences-2.5.5/
[        ] Found plugin shared_preferences_windows at /Users/saradafumiaki/.pub-cache/hosted/pub.dev/shared_preferences_windows-2.4.1/
[        ] Found plugin path_provider_windows at /Users/saradafumiaki/.pub-cache/hosted/pub.dev/path_provider_windows-2.3.0/
[        ] Found plugin shared_preferences_web at /Users/saradafumiaki/.pub-cache/hosted/pub.dev/shared_preferences_web-2.4.3/
[        ] Found plugin shared_preferences_linux at /Users/saradafumiaki/.pub-cache/hosted/pub.dev/shared_preferences_linux-2.4.1/
[        ] Found plugin path_provider_linux at /Users/saradafumiaki/.pub-cache/hosted/pub.dev/path_provider_linux-2.2.1/
[        ] Found plugin shared_preferences_foundation at /Users/saradafumiaki/.pub-cache/hosted/pub.dev/shared_preferences_foundation-2.5.6/
[        ] Found plugin shared_preferences_android at /Users/saradafumiaki/.pub-cache/hosted/pub.dev/shared_preferences_android-2.4.23/
[        ] Found plugin share_plus at /Users/saradafumiaki/.pub-cache/hosted/pub.dev/share_plus-12.0.2/
[   +1 ms] Found plugin path_provider at /Users/saradafumiaki/.pub-cache/hosted/pub.dev/path_provider-2.1.5/
[        ] Found plugin path_provider_foundation at /Users/saradafumiaki/.pub-cache/hosted/pub.dev/path_provider_foundation-2.6.0/
[   +4 ms] Found plugin path_provider_android at /Users/saradafumiaki/.pub-cache/hosted/pub.dev/path_provider_android-2.3.1/
[        ] Found plugin jni_flutter at /Users/saradafumiaki/.pub-cache/hosted/pub.dev/jni_flutter-1.0.1/
[        ] Found plugin jni at /Users/saradafumiaki/.pub-cache/hosted/pub.dev/jni-1.0.0/
[   +1 ms] Found plugin printing at /Users/saradafumiaki/.pub-cache/hosted/pub.dev/printing-5.14.3/
[   +4 ms] Found plugin isar_community_flutter_libs at /Users/saradafumiaki/.pub-cache/hosted/pub.dev/isar_community_flutter_libs-3.3.2/
[        ] Found plugin google_sign_in at /Users/saradafumiaki/.pub-cache/hosted/pub.dev/google_sign_in-6.3.0/
[        ] Found plugin google_sign_in_web at /Users/saradafumiaki/.pub-cache/hosted/pub.dev/google_sign_in_web-0.12.4+4/
[   +1 ms] Found plugin google_sign_in_ios at /Users/saradafumiaki/.pub-cache/hosted/pub.dev/google_sign_in_ios-5.9.0/
[        ] Found plugin google_sign_in_android at /Users/saradafumiaki/.pub-cache/hosted/pub.dev/google_sign_in_android-6.2.1/
[   +1 ms] Found plugin flutter_tts at /Users/saradafumiaki/.pub-cache/hosted/pub.dev/flutter_tts-4.2.5/
[   +2 ms] Found plugin flutter_image_compress at /Users/saradafumiaki/.pub-cache/hosted/pub.dev/flutter_image_compress-2.4.0/
[        ] Found plugin flutter_image_compress_web at /Users/saradafumiaki/.pub-cache/hosted/pub.dev/flutter_image_compress_web-0.1.5/
[   +1 ms] Found plugin flutter_image_compress_ohos at /Users/saradafumiaki/.pub-cache/hosted/pub.dev/flutter_image_compress_ohos-0.0.3/
[        ] Found plugin flutter_image_compress_macos at /Users/saradafumiaki/.pub-cache/hosted/pub.dev/flutter_image_compress_macos-1.0.3/
[        ] Found plugin flutter_image_compress_common at /Users/saradafumiaki/.pub-cache/hosted/pub.dev/flutter_image_compress_common-1.0.6/
[        ] Found plugin firebase_storage at /Users/saradafumiaki/.pub-cache/hosted/pub.dev/firebase_storage-13.3.0/
[        ] Found plugin firebase_storage_web at /Users/saradafumiaki/.pub-cache/hosted/pub.dev/firebase_storage_web-3.11.5/
[        ] Found plugin firebase_crashlytics at /Users/saradafumiaki/.pub-cache/hosted/pub.dev/firebase_crashlytics-5.2.0/
[   +1 ms] Found plugin firebase_auth at /Users/saradafumiaki/.pub-cache/hosted/pub.dev/firebase_auth-6.4.0/
[        ] Found plugin firebase_auth_web at /Users/saradafumiaki/.pub-cache/hosted/pub.dev/firebase_auth_web-6.1.5/
[   +1 ms] Found plugin file_picker at /Users/saradafumiaki/.pub-cache/hosted/pub.dev/file_picker-8.3.7/
[        ] Found plugin flutter_plugin_android_lifecycle at /Users/saradafumiaki/.pub-cache/hosted/pub.dev/flutter_plugin_android_lifecycle-2.0.34/
[   +1 ms] Found plugin connectivity_plus at /Users/saradafumiaki/.pub-cache/hosted/pub.dev/connectivity_plus-6.1.5/
[   +2 ms] Found plugin audioplayers at /Users/saradafumiaki/.pub-cache/hosted/pub.dev/audioplayers-6.6.0/
[   +1 ms] Found plugin audioplayers_windows at /Users/saradafumiaki/.pub-cache/hosted/pub.dev/audioplayers_windows-4.3.0/
[   +1 ms] Found plugin audioplayers_web at /Users/saradafumiaki/.pub-cache/hosted/pub.dev/audioplayers_web-5.2.0/
[        ] Found plugin audioplayers_linux at /Users/saradafumiaki/.pub-cache/hosted/pub.dev/audioplayers_linux-4.2.1/
[        ] Found plugin audioplayers_darwin at /Users/saradafumiaki/.pub-cache/hosted/pub.dev/audioplayers_darwin-6.4.0/
[        ] Found plugin audioplayers_android at /Users/saradafumiaki/.pub-cache/hosted/pub.dev/audioplayers_android-5.2.1/
[   +2 ms] Skipping generating dart_plugin_registrant.dart because it is up-to-date.
[        ] <- recompile file:///var/folders/hh/1g2yms7d3890gm5lz8l0jmj80000gn/T/flutter_tools.X3xqwV/flutter_test_listener.PZuAyI/listener.dart 49749303-814f-44b3-a67f-9ebe565e4a4e
[        ] file:///var/folders/hh/1g2yms7d3890gm5lz8l0jmj80000gn/T/flutter_tools.X3xqwV/flutter_test_listener.PZuAyI/listener.dart
[        ] file:///Users/saradafumiaki/Documents/Apps/kendo_os/.dart_tool/flutter_build/dart_plugin_registrant.dart
[        ] <- 49749303-814f-44b3-a67f-9ebe565e4a4e
[ +207 ms] <- accept
[        ] <- reset
[        ] Compiling file:///var/folders/hh/1g2yms7d3890gm5lz8l0jmj80000gn/T/flutter_tools.X3xqwV/flutter_test_listener.PZuAyI/listener.dart took 322ms
[        ] test 53: starting test device
[        ] test 53: awaiting connection to test device
[        ] test 53: VM Service uri is not available
[        ] test 53: test harness socket server is running at port:54086
[        ] test 53: Starting flutter_tester process with command=[/Users/saradafumiaki/development/flutter/bin/cache/artifacts/engine/darwin-x64/flutter_tester, --disable-vm-service, --enable-checked-mode, --verify-entry-points, --enable-software-rendering, --skia-deterministic-rendering, --enable-dart-profiling, --non-interactive, --use-test-fonts, --disable-asset-fonts, --packages=/Users/saradafumiaki/Documents/Apps/kendo_os/.dart_tool/package_config.json, --flutter-assets-dir=/Users/saradafumiaki/Documents/Apps/kendo_os/build/unit_test_assets, /var/folders/hh/1g2yms7d3890gm5lz8l0jmj80000gn/T/flutter_tools.X3xqwV/flutter_test_listener.PZuAyI/listener.dart.dill], environment={FLUTTER_TEST: true, FONTCONFIG_FILE: /var/folders/hh/1g2yms7d3890gm5lz8l0jmj80000gn/T/flutter_tools.X3xqwV/flutter_test_fonts.hib7TY/fonts.conf, SERVER_PORT: 54086, APP_NAME: kendo_os, UNIT_TEST_ASSETS: /Users/saradafumiaki/Documents/Apps/kendo_os/build/unit_test_assets}
[   +6 ms] test 53: Started flutter_tester process at pid 33577
[ +274 ms] test 50: connected to test device, now awaiting test result
[        ] test 50: Waiting for test harness or tests to finish
00:28 +183 -1: /Users/saradafumiaki/Documents/Apps/kendo_os/test/application/services/pdf/pdf_league_table_test.dart: (setUpAll)
00:28 +183 -1: /Users/saradafumiaki/Documents/Apps/kendo_os/test/application/services/pdf/pdf_league_table_test.dart: PdfLeagueTable Widget Tests 試合リストが空の場合、SizedBoxが返されるべき
00:28 +184 -1: /Users/saradafumiaki/Documents/Apps/kendo_os/test/application/services/pdf/pdf_league_table_test.dart: PdfLeagueTable Widget Tests 個人戦リーグのセルは、取得技を「縦並び(Column)」で表示するべき
[ +241 ms] test 51: connected to test device, now awaiting test result
[        ] test 51: Waiting for test harness or tests to finish
00:28 +185 -1: /Users/saradafumiaki/Documents/Apps/kendo_os/test/application/services/pdf/pdf_league_table_test.dart: PdfLeagueTable Widget Tests 団体戦リーグのセルは、取得本数/勝者数を「縦並び(Column)」で表示するべき
00:28 +186 -1: /Users/saradafumiaki/Documents/Apps/kendo_os/test/application/services/pdf/pdf_league_table_test.dart: PdfLeagueTable Widget Tests 団体戦リーグのセルで引き分け(draw)の場合、例外なく描画が完了するべき
00:28 +187 -1: /Users/saradafumiaki/Documents/Apps/kendo_os/test/application/services/pdf/pdf_league_table_test.dart: PdfLeagueTable Widget Tests 全試合が完了していない(waitingがある)場合、勝敗の図形は描画されないべき
00:28 +188 -1: /Users/saradafumiaki/Documents/Apps/kendo_os/test/application/services/pdf/pdf_league_table_test.dart: PdfLeagueTable Widget Tests リーグ戦の勝ち点はMatchRuleに基づいて計算されるべき
00:28 +189 -1: /Users/saradafumiaki/Documents/Apps/kendo_os/test/application/services/pdf/pdf_league_table_test.dart: (tearDownAll)
[  +60 ms] test 50: Test harness is no longer needed by test process
[        ] test 50: finished
[        ] test 50: cleaning up...
[        ] test 50: ensuring test device is terminated.
[        ] test 50: Terminating flutter_tester process
[        ] test 50: Shutting down DevTools server
[        ] test 50: Test process is no longer needed by test harness
[        ] test 50: Shutting down test harness socket server
[   +5 ms] test 50: flutter_tester process at pid 33566 exited with code=-9
[        ] test 50: deleting temporary directory
[   +7 ms] test 50: finished
[        ] test 54: starting test /Users/saradafumiaki/Documents/Apps/kendo_os/test/chaos/drift_attack_test.dart
[   +5 ms] Stopping scan for flutter_test_config.dart; found project root at /Users/saradafumiaki/Documents/Apps/kendo_os
[        ] Compiling file:///var/folders/hh/1g2yms7d3890gm5lz8l0jmj80000gn/T/flutter_tools.X3xqwV/flutter_test_listener.t2Qpav/listener.dart
00:28 +189 -1: /Users/saradafumiaki/Documents/Apps/kendo_os/test/application/services/pdf/pdf_japanese_render_test.dart: 🛡️ [Phase 6-2] PDF 日本語レンダリング＆豆腐文字完全防止テスト 日本語文字列および「×」マークが、pdfエンジンの例外を投げずに100%決定論的にビルドできること
[  +29 ms] test 52: connected to test device, now awaiting test result
[        ] test 52: Waiting for test harness or tests to finish
[  +12 ms] Found plugin integration_test at /Users/saradafumiaki/development/flutter/packages/integration_test/
[  +10 ms] Found plugin firebase_core at /Users/saradafumiaki/.pub-cache/hosted/pub.dev/firebase_core-4.7.0/
[        ] Found plugin firebase_core_web at /Users/saradafumiaki/.pub-cache/hosted/pub.dev/firebase_core_web-3.6.0/
[   +1 ms] Found plugin cloud_firestore at /Users/saradafumiaki/.pub-cache/hosted/pub.dev/cloud_firestore-6.3.0/
[        ] Found plugin cloud_firestore_web at /Users/saradafumiaki/.pub-cache/hosted/pub.dev/cloud_firestore_web-5.3.0/
[   +2 ms] Found plugin wakelock_plus at /Users/saradafumiaki/.pub-cache/hosted/pub.dev/wakelock_plus-1.5.2/
[   +1 ms] Found plugin package_info_plus at /Users/saradafumiaki/.pub-cache/hosted/pub.dev/package_info_plus-9.0.1/
[   +2 ms] Found plugin url_launcher at /Users/saradafumiaki/.pub-cache/hosted/pub.dev/url_launcher-6.3.2/
[        ] Found plugin url_launcher_windows at /Users/saradafumiaki/.pub-cache/hosted/pub.dev/url_launcher_windows-3.1.5/
[        ] Found plugin url_launcher_web at /Users/saradafumiaki/.pub-cache/hosted/pub.dev/url_launcher_web-2.4.2/
[        ] Found plugin url_launcher_macos at /Users/saradafumiaki/.pub-cache/hosted/pub.dev/url_launcher_macos-3.2.5/
[        ] Found plugin url_launcher_linux at /Users/saradafumiaki/.pub-cache/hosted/pub.dev/url_launcher_linux-3.2.2/
[        ] Found plugin url_launcher_ios at /Users/saradafumiaki/.pub-cache/hosted/pub.dev/url_launcher_ios-6.4.1/
[        ] Found plugin url_launcher_android at /Users/saradafumiaki/.pub-cache/hosted/pub.dev/url_launcher_android-6.3.29/
[   +1 ms] Found plugin syncfusion_flutter_pdfviewer at /Users/saradafumiaki/.pub-cache/hosted/pub.dev/syncfusion_flutter_pdfviewer-28.2.12/
[        ] Found plugin syncfusion_pdfviewer_windows at /Users/saradafumiaki/.pub-cache/hosted/pub.dev/syncfusion_pdfviewer_windows-28.2.12/
[        ] Found plugin syncfusion_pdfviewer_web at /Users/saradafumiaki/.pub-cache/hosted/pub.dev/syncfusion_pdfviewer_web-28.2.12/
[   +1 ms] Found plugin syncfusion_pdfviewer_macos at /Users/saradafumiaki/.pub-cache/hosted/pub.dev/syncfusion_pdfviewer_macos-28.2.12/
[   +2 ms] Found plugin device_info_plus at /Users/saradafumiaki/.pub-cache/hosted/pub.dev/device_info_plus-11.5.0/
[   +1 ms] Found plugin shared_preferences at /Users/saradafumiaki/.pub-cache/hosted/pub.dev/shared_preferences-2.5.5/
[        ] Found plugin shared_preferences_windows at /Users/saradafumiaki/.pub-cache/hosted/pub.dev/shared_preferences_windows-2.4.1/
[   +1 ms] Found plugin path_provider_windows at /Users/saradafumiaki/.pub-cache/hosted/pub.dev/path_provider_windows-2.3.0/
[   +1 ms] Found plugin shared_preferences_web at /Users/saradafumiaki/.pub-cache/hosted/pub.dev/shared_preferences_web-2.4.3/
[        ] Found plugin shared_preferences_linux at /Users/saradafumiaki/.pub-cache/hosted/pub.dev/shared_preferences_linux-2.4.1/
[        ] Found plugin path_provider_linux at /Users/saradafumiaki/.pub-cache/hosted/pub.dev/path_provider_linux-2.2.1/
[        ] Found plugin shared_preferences_foundation at /Users/saradafumiaki/.pub-cache/hosted/pub.dev/shared_preferences_foundation-2.5.6/
[        ] Found plugin shared_preferences_android at /Users/saradafumiaki/.pub-cache/hosted/pub.dev/shared_preferences_android-2.4.23/
[        ] Found plugin share_plus at /Users/saradafumiaki/.pub-cache/hosted/pub.dev/share_plus-12.0.2/
[   +1 ms] Found plugin path_provider at /Users/saradafumiaki/.pub-cache/hosted/pub.dev/path_provider-2.1.5/
[        ] Found plugin path_provider_foundation at /Users/saradafumiaki/.pub-cache/hosted/pub.dev/path_provider_foundation-2.6.0/
[   +2 ms] Found plugin path_provider_android at /Users/saradafumiaki/.pub-cache/hosted/pub.dev/path_provider_android-2.3.1/
[        ] Found plugin jni_flutter at /Users/saradafumiaki/.pub-cache/hosted/pub.dev/jni_flutter-1.0.1/
[        ] Found plugin jni at /Users/saradafumiaki/.pub-cache/hosted/pub.dev/jni-1.0.0/
[   +1 ms] Found plugin printing at /Users/saradafumiaki/.pub-cache/hosted/pub.dev/printing-5.14.3/
[   +4 ms] Found plugin isar_community_flutter_libs at /Users/saradafumiaki/.pub-cache/hosted/pub.dev/isar_community_flutter_libs-3.3.2/
[        ] Found plugin google_sign_in at /Users/saradafumiaki/.pub-cache/hosted/pub.dev/google_sign_in-6.3.0/
[        ] Found plugin google_sign_in_web at /Users/saradafumiaki/.pub-cache/hosted/pub.dev/google_sign_in_web-0.12.4+4/
[   +1 ms] Found plugin google_sign_in_ios at /Users/saradafumiaki/.pub-cache/hosted/pub.dev/google_sign_in_ios-5.9.0/
[        ] Found plugin google_sign_in_android at /Users/saradafumiaki/.pub-cache/hosted/pub.dev/google_sign_in_android-6.2.1/
[   +1 ms] Found plugin flutter_tts at /Users/saradafumiaki/.pub-cache/hosted/pub.dev/flutter_tts-4.2.5/
[   +2 ms] Found plugin flutter_image_compress at /Users/saradafumiaki/.pub-cache/hosted/pub.dev/flutter_image_compress-2.4.0/
[        ] Found plugin flutter_image_compress_web at /Users/saradafumiaki/.pub-cache/hosted/pub.dev/flutter_image_compress_web-0.1.5/
[        ] Found plugin flutter_image_compress_ohos at /Users/saradafumiaki/.pub-cache/hosted/pub.dev/flutter_image_compress_ohos-0.0.3/
[        ] Found plugin flutter_image_compress_macos at /Users/saradafumiaki/.pub-cache/hosted/pub.dev/flutter_image_compress_macos-1.0.3/
[        ] Found plugin flutter_image_compress_common at /Users/saradafumiaki/.pub-cache/hosted/pub.dev/flutter_image_compress_common-1.0.6/
[        ] Found plugin firebase_storage at /Users/saradafumiaki/.pub-cache/hosted/pub.dev/firebase_storage-13.3.0/
[        ] Found plugin firebase_storage_web at /Users/saradafumiaki/.pub-cache/hosted/pub.dev/firebase_storage_web-3.11.5/
[        ] Found plugin firebase_crashlytics at /Users/saradafumiaki/.pub-cache/hosted/pub.dev/firebase_crashlytics-5.2.0/
[        ] Found plugin firebase_auth at /Users/saradafumiaki/.pub-cache/hosted/pub.dev/firebase_auth-6.4.0/
[        ] Found plugin firebase_auth_web at /Users/saradafumiaki/.pub-cache/hosted/pub.dev/firebase_auth_web-6.1.5/
[        ] Found plugin file_picker at /Users/saradafumiaki/.pub-cache/hosted/pub.dev/file_picker-8.3.7/
[        ] Found plugin flutter_plugin_android_lifecycle at /Users/saradafumiaki/.pub-cache/hosted/pub.dev/flutter_plugin_android_lifecycle-2.0.34/
[   +1 ms] Found plugin connectivity_plus at /Users/saradafumiaki/.pub-cache/hosted/pub.dev/connectivity_plus-6.1.5/
[   +1 ms] Found plugin audioplayers at /Users/saradafumiaki/.pub-cache/hosted/pub.dev/audioplayers-6.6.0/
[        ] Found plugin audioplayers_windows at /Users/saradafumiaki/.pub-cache/hosted/pub.dev/audioplayers_windows-4.3.0/
[        ] Found plugin audioplayers_web at /Users/saradafumiaki/.pub-cache/hosted/pub.dev/audioplayers_web-5.2.0/
[        ] Found plugin audioplayers_linux at /Users/saradafumiaki/.pub-cache/hosted/pub.dev/audioplayers_linux-4.2.1/
[        ] Found plugin audioplayers_darwin at /Users/saradafumiaki/.pub-cache/hosted/pub.dev/audioplayers_darwin-6.4.0/
[        ] Found plugin audioplayers_android at /Users/saradafumiaki/.pub-cache/hosted/pub.dev/audioplayers_android-5.2.1/
Helvetica-Bold has no Unicode support see https://github.com/DavBfr/dart_pdf/wiki/Fonts-Management
[   +2 ms] Skipping generating dart_plugin_registrant.dart because it is up-to-date.
[        ] <- recompile file:///var/folders/hh/1g2yms7d3890gm5lz8l0jmj80000gn/T/flutter_tools.X3xqwV/flutter_test_listener.t2Qpav/listener.dart 82068d22-dd0c-4c90-8457-94244b9356d3
[        ] file:///var/folders/hh/1g2yms7d3890gm5lz8l0jmj80000gn/T/flutter_tools.X3xqwV/flutter_test_listener.t2Qpav/listener.dart
[        ] file:///Users/saradafumiaki/Documents/Apps/kendo_os/.dart_tool/flutter_build/dart_plugin_registrant.dart
[        ] <- 82068d22-dd0c-4c90-8457-94244b9356d3
Unable to find a font to draw "【" (U+3010) try to provide a TextStyle.fontFallback
Unable to find a font to draw "リ" (U+30ea) try to provide a TextStyle.fontFallback
Unable to find a font to draw "ー" (U+30fc) try to provide a TextStyle.fontFallback
Unable to find a font to draw "グ" (U+30b0) try to provide a TextStyle.fontFallback
Unable to find a font to draw "団" (U+56e3) try to provide a TextStyle.fontFallback
Unable to find a font to draw "体" (U+4f53) try to provide a TextStyle.fontFallback
Unable to find a font to draw "戦" (U+6226) try to provide a TextStyle.fontFallback
Unable to find a font to draw "】" (U+3011) try to provide a TextStyle.fontFallback
Unable to find a font to draw "対" (U+5bfe) try to provide a TextStyle.fontFallback
Unable to find a font to draw "戦" (U+6226) try to provide a TextStyle.fontFallback
Unable to find a font to draw "ス" (U+30b9) try to provide a TextStyle.fontFallback
Unable to find a font to draw "コ" (U+30b3) try to provide a TextStyle.fontFallback
Unable to find a font to draw "ア" (U+30a2) try to provide a TextStyle.fontFallback
Unable to find a font to draw "詳" (U+8a73) try to provide a TextStyle.fontFallback
Unable to find a font to draw "細" (U+7d30) try to provide a TextStyle.fontFallback
Unable to find a font to draw "先" (U+5148) try to provide a TextStyle.fontFallback
Unable to find a font to draw "鋒" (U+92d2) try to provide a TextStyle.fontFallback
Unable to find a font to draw "本" (U+672c) try to provide a TextStyle.fontFallback
Unable to find a font to draw "勝" (U+52dd) try to provide a TextStyle.fontFallback
Unable to find a font to draw "広" (U+5e83) try to provide a TextStyle.fontFallback
Unable to find a font to draw "島" (U+5cf6) try to provide a TextStyle.fontFallback
Unable to find a font to draw "道" (U+9053) try to provide a TextStyle.fontFallback
Unable to find a font to draw "場" (U+5834) try to provide a TextStyle.fontFallback
Helvetica has no Unicode support see https://github.com/DavBfr/dart_pdf/wiki/Fonts-Management
Unable to find a font to draw "皿" (U+76bf) try to provide a TextStyle.fontFallback
Unable to find a font to draw "田" (U+7530) try to provide a TextStyle.fontFallback
Unable to find a font to draw "ー" (U+30fc) try to provide a TextStyle.fontFallback
Unable to find a font to draw "勝" (U+52dd) try to provide a TextStyle.fontFallback
Unable to find a font to draw "負" (U+8ca0) try to provide a TextStyle.fontFallback
Unable to find a font to draw "岡" (U+5ca1) try to provide a TextStyle.fontFallback
Unable to find a font to draw "山" (U+5c71) try to provide a TextStyle.fontFallback
Unable to find a font to draw "道" (U+9053) try to provide a TextStyle.fontFallback
Unable to find a font to draw "場" (U+5834) try to provide a TextStyle.fontFallback
Unable to find a font to draw "宮" (U+5bae) try to provide a TextStyle.fontFallback
Unable to find a font to draw "本" (U+672c) try to provide a TextStyle.fontFallback
00:28 +190 -1: /Users/saradafumiaki/Documents/Apps/kendo_os/test/application/services/pdf/pdf_japanese_render_test.dart: 🛡️ [Phase 6-2] PDF 日本語レンダリング＆豆腐文字完全防止テスト 日本語文字列および「×」マークが、pdfエンジンの例外を投げずに100%決定論的にビルドできること
Unable to find a font to draw "ー" (U+30fc) try to provide a TextStyle.fontFallback
[  +32 ms] test 52: Test harness is no longer needed by test process
[        ] test 52: finished
[        ] test 52: cleaning up...
[        ] test 52: ensuring test device is terminated.
[        ] test 52: Terminating flutter_tester process
[        ] test 52: Shutting down DevTools server
[        ] test 52: Test process is no longer needed by test harness
[        ] test 52: Shutting down test harness socket server
Unable to find a font to draw "【" (U+3010) try to provide a TextStyle.fontFallback
Unable to find a font to draw "リ" (U+30ea) try to provide a TextStyle.fontFallback
Unable to find a font to draw "ー" (U+30fc) try to provide a TextStyle.fontFallback
Unable to find a font to draw "グ" (U+30b0) try to provide a TextStyle.fontFallback
Unable to find a font to draw "個" (U+500b) try to provide a TextStyle.fontFallback
Unable to find a font to draw "人" (U+4eba) try to provide a TextStyle.fontFallback
Unable to find a font to draw "戦" (U+6226) try to provide a TextStyle.fontFallback
Unable to find a font to draw "】" (U+3011) try to provide a TextStyle.fontFallback
Unable to find a font to draw "一" (U+4e00) try to provide a TextStyle.fontFallback
Unable to find a font to draw "般" (U+822c) try to provide a TextStyle.fontFallback
Unable to find a font to draw "の" (U+306e) try to provide a TextStyle.fontFallback
Unable to find a font to draw "部" (U+90e8) try to provide a TextStyle.fontFallback
Unable to find a font to draw "リ" (U+30ea) try to provide a TextStyle.fontFallback
Unable to find a font to draw "ー" (U+30fc) try to provide a TextStyle.fontFallback
Unable to find a font to draw "グ" (U+30b0) try to provide a TextStyle.fontFallback
Unable to find a font to draw "戦" (U+6226) try to provide a TextStyle.fontFallback
Unable to find a font to draw "広" (U+5e83) try to provide a TextStyle.fontFallback
Unable to find a font to draw "島" (U+5cf6) try to provide a TextStyle.fontFallback
Unable to find a font to draw "道" (U+9053) try to provide a TextStyle.fontFallback
Unable to find a font to draw "場" (U+5834) try to provide a TextStyle.fontFallback
[   +2 ms] test 52: flutter_tester process at pid 33576 exited with code=-9
[        ] test 52: deleting temporary directory
[   +3 ms] test 52: finished
Unable to find a font to draw "皿" (U+76bf) try to provide a TextStyle.fontFallback
Unable to find a font to draw "田" (U+7530) try to provide a TextStyle.fontFallback
Unable to find a font to draw "岡" (U+5ca1) try to provide a TextStyle.fontFallback
Unable to find a font to draw "山" (U+5c71) try to provide a TextStyle.fontFallback
Unable to find a font to draw "道" (U+9053) try to provide a TextStyle.fontFallback
Unable to find a font to draw "場" (U+5834) try to provide a TextStyle.fontFallback
Unable to find a font to draw "宮" (U+5bae) try to provide a TextStyle.fontFallback
Unable to find a font to draw "本" (U+672c) try to provide a TextStyle.fontFallback
[   +1 ms] test 55: starting test /Users/saradafumiaki/Documents/Apps/kendo_os/test/chaos/rogue_ai_simulation_test.dart
[   +2 ms] Stopping scan for flutter_test_config.dart; found project root at /Users/saradafumiaki/Documents/Apps/kendo_os
[  +72 ms] test 51: Test harness is no longer needed by test process
[        ] test 51: finished
[        ] test 51: cleaning up...
[        ] test 51: ensuring test device is terminated.
[        ] test 51: Terminating flutter_tester process
[        ] test 51: Shutting down DevTools server
[        ] test 51: Test process is no longer needed by test harness
[        ] test 51: Shutting down test harness socket server
[   +3 ms] test 51: flutter_tester process at pid 33572 exited with code=-9
[        ] test 51: deleting temporary directory
[   +3 ms] test 51: finished
[        ] test 56: starting test /Users/saradafumiaki/Documents/Apps/kendo_os/test/presentation/operate/settings_provider_test.dart
[   +6 ms] Stopping scan for flutter_test_config.dart; found project root at /Users/saradafumiaki/Documents/Apps/kendo_os
[  +53 ms] <- accept
[        ] <- reset
[        ] Compiling file:///var/folders/hh/1g2yms7d3890gm5lz8l0jmj80000gn/T/flutter_tools.X3xqwV/flutter_test_listener.t2Qpav/listener.dart took 294ms
[        ] Compiling file:///var/folders/hh/1g2yms7d3890gm5lz8l0jmj80000gn/T/flutter_tools.X3xqwV/flutter_test_listener.cuz2kc/listener.dart
[        ] test 54: starting test device
[        ] test 54: awaiting connection to test device
[   +3 ms] test 54: VM Service uri is not available
[        ] test 54: test harness socket server is running at port:54094
[        ] test 54: Starting flutter_tester process with command=[/Users/saradafumiaki/development/flutter/bin/cache/artifacts/engine/darwin-x64/flutter_tester, --disable-vm-service, --enable-checked-mode, --verify-entry-points, --enable-software-rendering, --skia-deterministic-rendering, --enable-dart-profiling, --non-interactive, --use-test-fonts, --disable-asset-fonts, --packages=/Users/saradafumiaki/Documents/Apps/kendo_os/.dart_tool/package_config.json, --flutter-assets-dir=/Users/saradafumiaki/Documents/Apps/kendo_os/build/unit_test_assets, /var/folders/hh/1g2yms7d3890gm5lz8l0jmj80000gn/T/flutter_tools.X3xqwV/flutter_test_listener.t2Qpav/listener.dart.dill], environment={FLUTTER_TEST: true, FONTCONFIG_FILE: /var/folders/hh/1g2yms7d3890gm5lz8l0jmj80000gn/T/flutter_tools.X3xqwV/flutter_test_fonts.hib7TY/fonts.conf, SERVER_PORT: 54094, APP_NAME: kendo_os, UNIT_TEST_ASSETS: /Users/saradafumiaki/Documents/Apps/kendo_os/build/unit_test_assets}
[   +4 ms] test 54: Started flutter_tester process at pid 33578
[  +22 ms] Found plugin integration_test at /Users/saradafumiaki/development/flutter/packages/integration_test/
[   +7 ms] Found plugin firebase_core at /Users/saradafumiaki/.pub-cache/hosted/pub.dev/firebase_core-4.7.0/
[        ] Found plugin firebase_core_web at /Users/saradafumiaki/.pub-cache/hosted/pub.dev/firebase_core_web-3.6.0/
[   +1 ms] Found plugin cloud_firestore at /Users/saradafumiaki/.pub-cache/hosted/pub.dev/cloud_firestore-6.3.0/
[        ] Found plugin cloud_firestore_web at /Users/saradafumiaki/.pub-cache/hosted/pub.dev/cloud_firestore_web-5.3.0/
[   +1 ms] Found plugin wakelock_plus at /Users/saradafumiaki/.pub-cache/hosted/pub.dev/wakelock_plus-1.5.2/
[   +1 ms] Found plugin package_info_plus at /Users/saradafumiaki/.pub-cache/hosted/pub.dev/package_info_plus-9.0.1/
[   +2 ms] Found plugin url_launcher at /Users/saradafumiaki/.pub-cache/hosted/pub.dev/url_launcher-6.3.2/
[        ] Found plugin url_launcher_windows at /Users/saradafumiaki/.pub-cache/hosted/pub.dev/url_launcher_windows-3.1.5/
[        ] Found plugin url_launcher_web at /Users/saradafumiaki/.pub-cache/hosted/pub.dev/url_launcher_web-2.4.2/
[        ] Found plugin url_launcher_macos at /Users/saradafumiaki/.pub-cache/hosted/pub.dev/url_launcher_macos-3.2.5/
[        ] Found plugin url_launcher_linux at /Users/saradafumiaki/.pub-cache/hosted/pub.dev/url_launcher_linux-3.2.2/
[        ] Found plugin url_launcher_ios at /Users/saradafumiaki/.pub-cache/hosted/pub.dev/url_launcher_ios-6.4.1/
[        ] Found plugin url_launcher_android at /Users/saradafumiaki/.pub-cache/hosted/pub.dev/url_launcher_android-6.3.29/
[        ] Found plugin syncfusion_flutter_pdfviewer at /Users/saradafumiaki/.pub-cache/hosted/pub.dev/syncfusion_flutter_pdfviewer-28.2.12/
[        ] Found plugin syncfusion_pdfviewer_windows at /Users/saradafumiaki/.pub-cache/hosted/pub.dev/syncfusion_pdfviewer_windows-28.2.12/
[        ] Found plugin syncfusion_pdfviewer_web at /Users/saradafumiaki/.pub-cache/hosted/pub.dev/syncfusion_pdfviewer_web-28.2.12/
[        ] Found plugin syncfusion_pdfviewer_macos at /Users/saradafumiaki/.pub-cache/hosted/pub.dev/syncfusion_pdfviewer_macos-28.2.12/
[   +1 ms] Found plugin device_info_plus at /Users/saradafumiaki/.pub-cache/hosted/pub.dev/device_info_plus-11.5.0/
[   +1 ms] Found plugin shared_preferences at /Users/saradafumiaki/.pub-cache/hosted/pub.dev/shared_preferences-2.5.5/
[        ] Found plugin shared_preferences_windows at /Users/saradafumiaki/.pub-cache/hosted/pub.dev/shared_preferences_windows-2.4.1/
[        ] Found plugin path_provider_windows at /Users/saradafumiaki/.pub-cache/hosted/pub.dev/path_provider_windows-2.3.0/
[        ] Found plugin shared_preferences_web at /Users/saradafumiaki/.pub-cache/hosted/pub.dev/shared_preferences_web-2.4.3/
[        ] Found plugin shared_preferences_linux at /Users/saradafumiaki/.pub-cache/hosted/pub.dev/shared_preferences_linux-2.4.1/
[        ] Found plugin path_provider_linux at /Users/saradafumiaki/.pub-cache/hosted/pub.dev/path_provider_linux-2.2.1/
[        ] Found plugin shared_preferences_foundation at /Users/saradafumiaki/.pub-cache/hosted/pub.dev/shared_preferences_foundation-2.5.6/
[        ] Found plugin shared_preferences_android at /Users/saradafumiaki/.pub-cache/hosted/pub.dev/shared_preferences_android-2.4.23/
[        ] Found plugin share_plus at /Users/saradafumiaki/.pub-cache/hosted/pub.dev/share_plus-12.0.2/
[        ] Found plugin path_provider at /Users/saradafumiaki/.pub-cache/hosted/pub.dev/path_provider-2.1.5/
[        ] Found plugin path_provider_foundation at /Users/saradafumiaki/.pub-cache/hosted/pub.dev/path_provider_foundation-2.6.0/
[   +1 ms] Found plugin path_provider_android at /Users/saradafumiaki/.pub-cache/hosted/pub.dev/path_provider_android-2.3.1/
[        ] Found plugin jni_flutter at /Users/saradafumiaki/.pub-cache/hosted/pub.dev/jni_flutter-1.0.1/
[        ] Found plugin jni at /Users/saradafumiaki/.pub-cache/hosted/pub.dev/jni-1.0.0/
[   +1 ms] Found plugin printing at /Users/saradafumiaki/.pub-cache/hosted/pub.dev/printing-5.14.3/
[   +2 ms] Found plugin isar_community_flutter_libs at /Users/saradafumiaki/.pub-cache/hosted/pub.dev/isar_community_flutter_libs-3.3.2/
[        ] Found plugin google_sign_in at /Users/saradafumiaki/.pub-cache/hosted/pub.dev/google_sign_in-6.3.0/
[        ] Found plugin google_sign_in_web at /Users/saradafumiaki/.pub-cache/hosted/pub.dev/google_sign_in_web-0.12.4+4/
[        ] Found plugin google_sign_in_ios at /Users/saradafumiaki/.pub-cache/hosted/pub.dev/google_sign_in_ios-5.9.0/
[        ] Found plugin google_sign_in_android at /Users/saradafumiaki/.pub-cache/hosted/pub.dev/google_sign_in_android-6.2.1/
[   +1 ms] Found plugin flutter_tts at /Users/saradafumiaki/.pub-cache/hosted/pub.dev/flutter_tts-4.2.5/
[   +2 ms] Found plugin flutter_image_compress at /Users/saradafumiaki/.pub-cache/hosted/pub.dev/flutter_image_compress-2.4.0/
[        ] Found plugin flutter_image_compress_web at /Users/saradafumiaki/.pub-cache/hosted/pub.dev/flutter_image_compress_web-0.1.5/
[        ] Found plugin flutter_image_compress_ohos at /Users/saradafumiaki/.pub-cache/hosted/pub.dev/flutter_image_compress_ohos-0.0.3/
[        ] Found plugin flutter_image_compress_macos at /Users/saradafumiaki/.pub-cache/hosted/pub.dev/flutter_image_compress_macos-1.0.3/
[        ] Found plugin flutter_image_compress_common at /Users/saradafumiaki/.pub-cache/hosted/pub.dev/flutter_image_compress_common-1.0.6/
[        ] Found plugin firebase_storage at /Users/saradafumiaki/.pub-cache/hosted/pub.dev/firebase_storage-13.3.0/
[        ] Found plugin firebase_storage_web at /Users/saradafumiaki/.pub-cache/hosted/pub.dev/firebase_storage_web-3.11.5/
[        ] Found plugin firebase_crashlytics at /Users/saradafumiaki/.pub-cache/hosted/pub.dev/firebase_crashlytics-5.2.0/
[        ] Found plugin firebase_auth at /Users/saradafumiaki/.pub-cache/hosted/pub.dev/firebase_auth-6.4.0/
[        ] Found plugin firebase_auth_web at /Users/saradafumiaki/.pub-cache/hosted/pub.dev/firebase_auth_web-6.1.5/
[        ] Found plugin file_picker at /Users/saradafumiaki/.pub-cache/hosted/pub.dev/file_picker-8.3.7/
[        ] Found plugin flutter_plugin_android_lifecycle at /Users/saradafumiaki/.pub-cache/hosted/pub.dev/flutter_plugin_android_lifecycle-2.0.34/
[        ] Found plugin connectivity_plus at /Users/saradafumiaki/.pub-cache/hosted/pub.dev/connectivity_plus-6.1.5/
[        ] Found plugin audioplayers at /Users/saradafumiaki/.pub-cache/hosted/pub.dev/audioplayers-6.6.0/
[        ] Found plugin audioplayers_windows at /Users/saradafumiaki/.pub-cache/hosted/pub.dev/audioplayers_windows-4.3.0/
[        ] Found plugin audioplayers_web at /Users/saradafumiaki/.pub-cache/hosted/pub.dev/audioplayers_web-5.2.0/
[        ] Found plugin audioplayers_linux at /Users/saradafumiaki/.pub-cache/hosted/pub.dev/audioplayers_linux-4.2.1/
[        ] Found plugin audioplayers_darwin at /Users/saradafumiaki/.pub-cache/hosted/pub.dev/audioplayers_darwin-6.4.0/
[        ] Found plugin audioplayers_android at /Users/saradafumiaki/.pub-cache/hosted/pub.dev/audioplayers_android-5.2.1/
[   +1 ms] Skipping generating dart_plugin_registrant.dart because it is up-to-date.
[        ] <- recompile file:///var/folders/hh/1g2yms7d3890gm5lz8l0jmj80000gn/T/flutter_tools.X3xqwV/flutter_test_listener.cuz2kc/listener.dart 39eee797-6ccb-4a35-890d-89a69ff93057
[        ] file:///var/folders/hh/1g2yms7d3890gm5lz8l0jmj80000gn/T/flutter_tools.X3xqwV/flutter_test_listener.cuz2kc/listener.dart
[        ] file:///Users/saradafumiaki/Documents/Apps/kendo_os/.dart_tool/flutter_build/dart_plugin_registrant.dart
[        ] <- 39eee797-6ccb-4a35-890d-89a69ff93057
[ +145 ms] <- accept
[        ] <- reset
[        ] Compiling file:///var/folders/hh/1g2yms7d3890gm5lz8l0jmj80000gn/T/flutter_tools.X3xqwV/flutter_test_listener.cuz2kc/listener.dart took 228ms
[        ] Compiling file:///var/folders/hh/1g2yms7d3890gm5lz8l0jmj80000gn/T/flutter_tools.X3xqwV/flutter_test_listener.2yof3N/listener.dart
[        ] test 55: starting test device
[        ] test 55: awaiting connection to test device
[   +3 ms] test 55: VM Service uri is not available
[        ] test 55: test harness socket server is running at port:54097
[        ] test 55: Starting flutter_tester process with command=[/Users/saradafumiaki/development/flutter/bin/cache/artifacts/engine/darwin-x64/flutter_tester, --disable-vm-service, --enable-checked-mode, --verify-entry-points, --enable-software-rendering, --skia-deterministic-rendering, --enable-dart-profiling, --non-interactive, --use-test-fonts, --disable-asset-fonts, --packages=/Users/saradafumiaki/Documents/Apps/kendo_os/.dart_tool/package_config.json, --flutter-assets-dir=/Users/saradafumiaki/Documents/Apps/kendo_os/build/unit_test_assets, /var/folders/hh/1g2yms7d3890gm5lz8l0jmj80000gn/T/flutter_tools.X3xqwV/flutter_test_listener.cuz2kc/listener.dart.dill], environment={FLUTTER_TEST: true, FONTCONFIG_FILE: /var/folders/hh/1g2yms7d3890gm5lz8l0jmj80000gn/T/flutter_tools.X3xqwV/flutter_test_fonts.hib7TY/fonts.conf, SERVER_PORT: 54097, APP_NAME: kendo_os, UNIT_TEST_ASSETS: /Users/saradafumiaki/Documents/Apps/kendo_os/build/unit_test_assets}
[   +4 ms] test 55: Started flutter_tester process at pid 33580
[  +21 ms] Found plugin integration_test at /Users/saradafumiaki/development/flutter/packages/integration_test/
[   +7 ms] Found plugin firebase_core at /Users/saradafumiaki/.pub-cache/hosted/pub.dev/firebase_core-4.7.0/
[        ] Found plugin firebase_core_web at /Users/saradafumiaki/.pub-cache/hosted/pub.dev/firebase_core_web-3.6.0/
[   +1 ms] Found plugin cloud_firestore at /Users/saradafumiaki/.pub-cache/hosted/pub.dev/cloud_firestore-6.3.0/
[        ] Found plugin cloud_firestore_web at /Users/saradafumiaki/.pub-cache/hosted/pub.dev/cloud_firestore_web-5.3.0/
[   +1 ms] Found plugin wakelock_plus at /Users/saradafumiaki/.pub-cache/hosted/pub.dev/wakelock_plus-1.5.2/
[   +1 ms] Found plugin package_info_plus at /Users/saradafumiaki/.pub-cache/hosted/pub.dev/package_info_plus-9.0.1/
[   +1 ms] Found plugin url_launcher at /Users/saradafumiaki/.pub-cache/hosted/pub.dev/url_launcher-6.3.2/
[        ] Found plugin url_launcher_windows at /Users/saradafumiaki/.pub-cache/hosted/pub.dev/url_launcher_windows-3.1.5/
[        ] Found plugin url_launcher_web at /Users/saradafumiaki/.pub-cache/hosted/pub.dev/url_launcher_web-2.4.2/
[        ] Found plugin url_launcher_macos at /Users/saradafumiaki/.pub-cache/hosted/pub.dev/url_launcher_macos-3.2.5/
[        ] Found plugin url_launcher_linux at /Users/saradafumiaki/.pub-cache/hosted/pub.dev/url_launcher_linux-3.2.2/
[        ] Found plugin url_launcher_ios at /Users/saradafumiaki/.pub-cache/hosted/pub.dev/url_launcher_ios-6.4.1/
[        ] Found plugin url_launcher_android at /Users/saradafumiaki/.pub-cache/hosted/pub.dev/url_launcher_android-6.3.29/
[        ] Found plugin syncfusion_flutter_pdfviewer at /Users/saradafumiaki/.pub-cache/hosted/pub.dev/syncfusion_flutter_pdfviewer-28.2.12/
[        ] Found plugin syncfusion_pdfviewer_windows at /Users/saradafumiaki/.pub-cache/hosted/pub.dev/syncfusion_pdfviewer_windows-28.2.12/
[        ] Found plugin syncfusion_pdfviewer_web at /Users/saradafumiaki/.pub-cache/hosted/pub.dev/syncfusion_pdfviewer_web-28.2.12/
[        ] Found plugin syncfusion_pdfviewer_macos at /Users/saradafumiaki/.pub-cache/hosted/pub.dev/syncfusion_pdfviewer_macos-28.2.12/
[   +1 ms] Found plugin device_info_plus at /Users/saradafumiaki/.pub-cache/hosted/pub.dev/device_info_plus-11.5.0/
[        ] Found plugin shared_preferences at /Users/saradafumiaki/.pub-cache/hosted/pub.dev/shared_preferences-2.5.5/
[        ] Found plugin shared_preferences_windows at /Users/saradafumiaki/.pub-cache/hosted/pub.dev/shared_preferences_windows-2.4.1/
[        ] Found plugin path_provider_windows at /Users/saradafumiaki/.pub-cache/hosted/pub.dev/path_provider_windows-2.3.0/
[        ] Found plugin shared_preferences_web at /Users/saradafumiaki/.pub-cache/hosted/pub.dev/shared_preferences_web-2.4.3/
[        ] Found plugin shared_preferences_linux at /Users/saradafumiaki/.pub-cache/hosted/pub.dev/shared_preferences_linux-2.4.1/
[        ] Found plugin path_provider_linux at /Users/saradafumiaki/.pub-cache/hosted/pub.dev/path_provider_linux-2.2.1/
[        ] Found plugin shared_preferences_foundation at /Users/saradafumiaki/.pub-cache/hosted/pub.dev/shared_preferences_foundation-2.5.6/
[        ] Found plugin shared_preferences_android at /Users/saradafumiaki/.pub-cache/hosted/pub.dev/shared_preferences_android-2.4.23/
[        ] Found plugin share_plus at /Users/saradafumiaki/.pub-cache/hosted/pub.dev/share_plus-12.0.2/
[        ] Found plugin path_provider at /Users/saradafumiaki/.pub-cache/hosted/pub.dev/path_provider-2.1.5/
[        ] Found plugin path_provider_foundation at /Users/saradafumiaki/.pub-cache/hosted/pub.dev/path_provider_foundation-2.6.0/
[   +1 ms] Found plugin path_provider_android at /Users/saradafumiaki/.pub-cache/hosted/pub.dev/path_provider_android-2.3.1/
[        ] Found plugin jni_flutter at /Users/saradafumiaki/.pub-cache/hosted/pub.dev/jni_flutter-1.0.1/
[        ] Found plugin jni at /Users/saradafumiaki/.pub-cache/hosted/pub.dev/jni-1.0.0/
[   +1 ms] Found plugin printing at /Users/saradafumiaki/.pub-cache/hosted/pub.dev/printing-5.14.3/
[   +2 ms] Found plugin isar_community_flutter_libs at /Users/saradafumiaki/.pub-cache/hosted/pub.dev/isar_community_flutter_libs-3.3.2/
[        ] Found plugin google_sign_in at /Users/saradafumiaki/.pub-cache/hosted/pub.dev/google_sign_in-6.3.0/
[        ] Found plugin google_sign_in_web at /Users/saradafumiaki/.pub-cache/hosted/pub.dev/google_sign_in_web-0.12.4+4/
[   +1 ms] Found plugin google_sign_in_ios at /Users/saradafumiaki/.pub-cache/hosted/pub.dev/google_sign_in_ios-5.9.0/
[        ] Found plugin google_sign_in_android at /Users/saradafumiaki/.pub-cache/hosted/pub.dev/google_sign_in_android-6.2.1/
[   +1 ms] Found plugin flutter_tts at /Users/saradafumiaki/.pub-cache/hosted/pub.dev/flutter_tts-4.2.5/
[   +1 ms] Found plugin flutter_image_compress at /Users/saradafumiaki/.pub-cache/hosted/pub.dev/flutter_image_compress-2.4.0/
[        ] Found plugin flutter_image_compress_web at /Users/saradafumiaki/.pub-cache/hosted/pub.dev/flutter_image_compress_web-0.1.5/
[        ] Found plugin flutter_image_compress_ohos at /Users/saradafumiaki/.pub-cache/hosted/pub.dev/flutter_image_compress_ohos-0.0.3/
[        ] Found plugin flutter_image_compress_macos at /Users/saradafumiaki/.pub-cache/hosted/pub.dev/flutter_image_compress_macos-1.0.3/
[        ] Found plugin flutter_image_compress_common at /Users/saradafumiaki/.pub-cache/hosted/pub.dev/flutter_image_compress_common-1.0.6/
[        ] Found plugin firebase_storage at /Users/saradafumiaki/.pub-cache/hosted/pub.dev/firebase_storage-13.3.0/
[        ] Found plugin firebase_storage_web at /Users/saradafumiaki/.pub-cache/hosted/pub.dev/firebase_storage_web-3.11.5/
[        ] Found plugin firebase_crashlytics at /Users/saradafumiaki/.pub-cache/hosted/pub.dev/firebase_crashlytics-5.2.0/
[        ] Found plugin firebase_auth at /Users/saradafumiaki/.pub-cache/hosted/pub.dev/firebase_auth-6.4.0/
[        ] Found plugin firebase_auth_web at /Users/saradafumiaki/.pub-cache/hosted/pub.dev/firebase_auth_web-6.1.5/
[        ] Found plugin file_picker at /Users/saradafumiaki/.pub-cache/hosted/pub.dev/file_picker-8.3.7/
[        ] Found plugin flutter_plugin_android_lifecycle at /Users/saradafumiaki/.pub-cache/hosted/pub.dev/flutter_plugin_android_lifecycle-2.0.34/
[   +1 ms] Found plugin connectivity_plus at /Users/saradafumiaki/.pub-cache/hosted/pub.dev/connectivity_plus-6.1.5/
[   +1 ms] Found plugin audioplayers at /Users/saradafumiaki/.pub-cache/hosted/pub.dev/audioplayers-6.6.0/
[        ] Found plugin audioplayers_windows at /Users/saradafumiaki/.pub-cache/hosted/pub.dev/audioplayers_windows-4.3.0/
[        ] Found plugin audioplayers_web at /Users/saradafumiaki/.pub-cache/hosted/pub.dev/audioplayers_web-5.2.0/
[        ] Found plugin audioplayers_linux at /Users/saradafumiaki/.pub-cache/hosted/pub.dev/audioplayers_linux-4.2.1/
[        ] Found plugin audioplayers_darwin at /Users/saradafumiaki/.pub-cache/hosted/pub.dev/audioplayers_darwin-6.4.0/
[        ] Found plugin audioplayers_android at /Users/saradafumiaki/.pub-cache/hosted/pub.dev/audioplayers_android-5.2.1/
[   +1 ms] Skipping generating dart_plugin_registrant.dart because it is up-to-date.
[        ] <- recompile file:///var/folders/hh/1g2yms7d3890gm5lz8l0jmj80000gn/T/flutter_tools.X3xqwV/flutter_test_listener.2yof3N/listener.dart 4fb3fd9b-5450-47b0-afa8-00dbd4b4d483
[        ] file:///var/folders/hh/1g2yms7d3890gm5lz8l0jmj80000gn/T/flutter_tools.X3xqwV/flutter_test_listener.2yof3N/listener.dart
[        ] file:///Users/saradafumiaki/Documents/Apps/kendo_os/.dart_tool/flutter_build/dart_plugin_registrant.dart
[        ] <- 4fb3fd9b-5450-47b0-afa8-00dbd4b4d483
[ +105 ms] <- accept
[        ] <- reset
[        ] Compiling file:///var/folders/hh/1g2yms7d3890gm5lz8l0jmj80000gn/T/flutter_tools.X3xqwV/flutter_test_listener.2yof3N/listener.dart took 185ms
[        ] test 56: starting test device
[        ] test 56: awaiting connection to test device
[        ] test 56: VM Service uri is not available
[        ] test 56: test harness socket server is running at port:54099
[        ] test 56: Starting flutter_tester process with command=[/Users/saradafumiaki/development/flutter/bin/cache/artifacts/engine/darwin-x64/flutter_tester, --disable-vm-service, --enable-checked-mode, --verify-entry-points, --enable-software-rendering, --skia-deterministic-rendering, --enable-dart-profiling, --non-interactive, --use-test-fonts, --disable-asset-fonts, --packages=/Users/saradafumiaki/Documents/Apps/kendo_os/.dart_tool/package_config.json, --flutter-assets-dir=/Users/saradafumiaki/Documents/Apps/kendo_os/build/unit_test_assets, /var/folders/hh/1g2yms7d3890gm5lz8l0jmj80000gn/T/flutter_tools.X3xqwV/flutter_test_listener.2yof3N/listener.dart.dill], environment={FLUTTER_TEST: true, FONTCONFIG_FILE: /var/folders/hh/1g2yms7d3890gm5lz8l0jmj80000gn/T/flutter_tools.X3xqwV/flutter_test_fonts.hib7TY/fonts.conf, SERVER_PORT: 54099, APP_NAME: kendo_os, UNIT_TEST_ASSETS: /Users/saradafumiaki/Documents/Apps/kendo_os/build/unit_test_assets}
[   +4 ms] test 56: Started flutter_tester process at pid 33581
[ +457 ms] test 53: connected to test device, now awaiting test result
[        ] test 53: Waiting for test harness or tests to finish
00:29 +191 -1: /Users/saradafumiaki/Documents/Apps/kendo_os/test/chaos/phase7_operational_chaos_test.dart: 🌪️ Phase 7: Chaos & Operational Safety (体育館障害耐性) Step 7-1 & 7-2: Offline & Sync Delay Chaos (オフライン・遅延同期耐性)
00:29 +192 -1: /Users/saradafumiaki/Documents/Apps/kendo_os/test/chaos/phase7_operational_chaos_test.dart: 🌪️ Phase 7: Chaos & Operational Safety (体育館障害耐性) Step 7-3: Battery Saver Test (省電力モード時の動作低下検証)
00:29 +193 -1: /Users/saradafumiaki/Documents/Apps/kendo_os/test/chaos/phase7_operational_chaos_test.dart: 🌪️ Phase 7: Chaos & Operational Safety (体育館障害耐性) Step 7-4: Tablet Kill Recovery (クラッシュからの完全復旧)
00:29 +194 -1: /Users/saradafumiaki/Documents/Apps/kendo_os/test/chaos/phase7_operational_chaos_test.dart: 🌪️ Phase 7: Chaos & Operational Safety (体育館障害耐性) Step 7-5: Concurrent Operator Conflict (同時操作の競合解決)
00:29 +195 -1: /Users/saradafumiaki/Documents/Apps/kendo_os/test/chaos/phase7_operational_chaos_test.dart: 🌪️ Phase 7: Chaos & Operational Safety (体育館障害耐性) Step 7-6: Emergency Recovery Drill (緊急人道復旧)
00:29 +196 -1: /Users/saradafumiaki/Documents/Apps/kendo_os/test/chaos/phase7_operational_chaos_test.dart: 🌪️ Phase 7: Chaos & Operational Safety (体育館障害耐性) 【ガバナンス監査】端末回転・バックグラウンド復帰・Wi-Fi断が同時に発生しても、試合の打突ステートおよびタイマー状態が100%維持されること
[  +68 ms] test 53: Test harness is no longer needed by test process
[        ] test 53: finished
[        ] test 53: cleaning up...
[        ] test 53: ensuring test device is terminated.
[        ] test 53: Terminating flutter_tester process
[        ] test 53: Shutting down DevTools server
[        ] test 53: Test process is no longer needed by test harness
[        ] test 53: Shutting down test harness socket server
[   +2 ms] test 53: flutter_tester process at pid 33577 exited with code=-9
[        ] test 53: deleting temporary directory
[   +2 ms] test 53: finished
[        ] test 57: starting test /Users/saradafumiaki/Documents/Apps/kendo_os/test/presentation/operate/match_provider_test.dart
[   +5 ms] Stopping scan for flutter_test_config.dart; found project root at /Users/saradafumiaki/Documents/Apps/kendo_os
[        ] Compiling file:///var/folders/hh/1g2yms7d3890gm5lz8l0jmj80000gn/T/flutter_tools.X3xqwV/flutter_test_listener.dkCqrg/listener.dart
[  +16 ms] Found plugin integration_test at /Users/saradafumiaki/development/flutter/packages/integration_test/
[   +4 ms] Found plugin firebase_core at /Users/saradafumiaki/.pub-cache/hosted/pub.dev/firebase_core-4.7.0/
[        ] Found plugin firebase_core_web at /Users/saradafumiaki/.pub-cache/hosted/pub.dev/firebase_core_web-3.6.0/
[        ] Found plugin cloud_firestore at /Users/saradafumiaki/.pub-cache/hosted/pub.dev/cloud_firestore-6.3.0/
[        ] Found plugin cloud_firestore_web at /Users/saradafumiaki/.pub-cache/hosted/pub.dev/cloud_firestore_web-5.3.0/
[   +1 ms] Found plugin wakelock_plus at /Users/saradafumiaki/.pub-cache/hosted/pub.dev/wakelock_plus-1.5.2/
[        ] Found plugin package_info_plus at /Users/saradafumiaki/.pub-cache/hosted/pub.dev/package_info_plus-9.0.1/
[   +1 ms] Found plugin url_launcher at /Users/saradafumiaki/.pub-cache/hosted/pub.dev/url_launcher-6.3.2/
[        ] Found plugin url_launcher_windows at /Users/saradafumiaki/.pub-cache/hosted/pub.dev/url_launcher_windows-3.1.5/
[        ] Found plugin url_launcher_web at /Users/saradafumiaki/.pub-cache/hosted/pub.dev/url_launcher_web-2.4.2/
[        ] Found plugin url_launcher_macos at /Users/saradafumiaki/.pub-cache/hosted/pub.dev/url_launcher_macos-3.2.5/
[        ] Found plugin url_launcher_linux at /Users/saradafumiaki/.pub-cache/hosted/pub.dev/url_launcher_linux-3.2.2/
[        ] Found plugin url_launcher_ios at /Users/saradafumiaki/.pub-cache/hosted/pub.dev/url_launcher_ios-6.4.1/
[        ] Found plugin url_launcher_android at /Users/saradafumiaki/.pub-cache/hosted/pub.dev/url_launcher_android-6.3.29/
[        ] Found plugin syncfusion_flutter_pdfviewer at /Users/saradafumiaki/.pub-cache/hosted/pub.dev/syncfusion_flutter_pdfviewer-28.2.12/
[        ] Found plugin syncfusion_pdfviewer_windows at /Users/saradafumiaki/.pub-cache/hosted/pub.dev/syncfusion_pdfviewer_windows-28.2.12/
[        ] Found plugin syncfusion_pdfviewer_web at /Users/saradafumiaki/.pub-cache/hosted/pub.dev/syncfusion_pdfviewer_web-28.2.12/
[        ] Found plugin syncfusion_pdfviewer_macos at /Users/saradafumiaki/.pub-cache/hosted/pub.dev/syncfusion_pdfviewer_macos-28.2.12/
[        ] Found plugin device_info_plus at /Users/saradafumiaki/.pub-cache/hosted/pub.dev/device_info_plus-11.5.0/
[        ] Found plugin shared_preferences at /Users/saradafumiaki/.pub-cache/hosted/pub.dev/shared_preferences-2.5.5/
[        ] Found plugin shared_preferences_windows at /Users/saradafumiaki/.pub-cache/hosted/pub.dev/shared_preferences_windows-2.4.1/
[        ] Found plugin path_provider_windows at /Users/saradafumiaki/.pub-cache/hosted/pub.dev/path_provider_windows-2.3.0/
[        ] Found plugin shared_preferences_web at /Users/saradafumiaki/.pub-cache/hosted/pub.dev/shared_preferences_web-2.4.3/
[        ] Found plugin shared_preferences_linux at /Users/saradafumiaki/.pub-cache/hosted/pub.dev/shared_preferences_linux-2.4.1/
[        ] Found plugin path_provider_linux at /Users/saradafumiaki/.pub-cache/hosted/pub.dev/path_provider_linux-2.2.1/
[        ] Found plugin shared_preferences_foundation at /Users/saradafumiaki/.pub-cache/hosted/pub.dev/shared_preferences_foundation-2.5.6/
[        ] Found plugin shared_preferences_android at /Users/saradafumiaki/.pub-cache/hosted/pub.dev/shared_preferences_android-2.4.23/
[        ] Found plugin share_plus at /Users/saradafumiaki/.pub-cache/hosted/pub.dev/share_plus-12.0.2/
[        ] Found plugin path_provider at /Users/saradafumiaki/.pub-cache/hosted/pub.dev/path_provider-2.1.5/
[        ] Found plugin path_provider_foundation at /Users/saradafumiaki/.pub-cache/hosted/pub.dev/path_provider_foundation-2.6.0/
[   +1 ms] Found plugin path_provider_android at /Users/saradafumiaki/.pub-cache/hosted/pub.dev/path_provider_android-2.3.1/
[        ] Found plugin jni_flutter at /Users/saradafumiaki/.pub-cache/hosted/pub.dev/jni_flutter-1.0.1/
[        ] Found plugin jni at /Users/saradafumiaki/.pub-cache/hosted/pub.dev/jni-1.0.0/
[        ] Found plugin printing at /Users/saradafumiaki/.pub-cache/hosted/pub.dev/printing-5.14.3/
[   +1 ms] Found plugin isar_community_flutter_libs at /Users/saradafumiaki/.pub-cache/hosted/pub.dev/isar_community_flutter_libs-3.3.2/
[        ] Found plugin google_sign_in at /Users/saradafumiaki/.pub-cache/hosted/pub.dev/google_sign_in-6.3.0/
[        ] Found plugin google_sign_in_web at /Users/saradafumiaki/.pub-cache/hosted/pub.dev/google_sign_in_web-0.12.4+4/
[        ] Found plugin google_sign_in_ios at /Users/saradafumiaki/.pub-cache/hosted/pub.dev/google_sign_in_ios-5.9.0/
[        ] Found plugin google_sign_in_android at /Users/saradafumiaki/.pub-cache/hosted/pub.dev/google_sign_in_android-6.2.1/
[        ] Found plugin flutter_tts at /Users/saradafumiaki/.pub-cache/hosted/pub.dev/flutter_tts-4.2.5/
[   +1 ms] Found plugin flutter_image_compress at /Users/saradafumiaki/.pub-cache/hosted/pub.dev/flutter_image_compress-2.4.0/
[        ] Found plugin flutter_image_compress_web at /Users/saradafumiaki/.pub-cache/hosted/pub.dev/flutter_image_compress_web-0.1.5/
[        ] Found plugin flutter_image_compress_ohos at /Users/saradafumiaki/.pub-cache/hosted/pub.dev/flutter_image_compress_ohos-0.0.3/
[        ] Found plugin flutter_image_compress_macos at /Users/saradafumiaki/.pub-cache/hosted/pub.dev/flutter_image_compress_macos-1.0.3/
[        ] Found plugin flutter_image_compress_common at /Users/saradafumiaki/.pub-cache/hosted/pub.dev/flutter_image_compress_common-1.0.6/
[        ] Found plugin firebase_storage at /Users/saradafumiaki/.pub-cache/hosted/pub.dev/firebase_storage-13.3.0/
[        ] Found plugin firebase_storage_web at /Users/saradafumiaki/.pub-cache/hosted/pub.dev/firebase_storage_web-3.11.5/
[        ] Found plugin firebase_crashlytics at /Users/saradafumiaki/.pub-cache/hosted/pub.dev/firebase_crashlytics-5.2.0/
[        ] Found plugin firebase_auth at /Users/saradafumiaki/.pub-cache/hosted/pub.dev/firebase_auth-6.4.0/
[        ] Found plugin firebase_auth_web at /Users/saradafumiaki/.pub-cache/hosted/pub.dev/firebase_auth_web-6.1.5/
[        ] Found plugin file_picker at /Users/saradafumiaki/.pub-cache/hosted/pub.dev/file_picker-8.3.7/
[        ] Found plugin flutter_plugin_android_lifecycle at /Users/saradafumiaki/.pub-cache/hosted/pub.dev/flutter_plugin_android_lifecycle-2.0.34/
[        ] Found plugin connectivity_plus at /Users/saradafumiaki/.pub-cache/hosted/pub.dev/connectivity_plus-6.1.5/
[   +1 ms] Found plugin audioplayers at /Users/saradafumiaki/.pub-cache/hosted/pub.dev/audioplayers-6.6.0/
[        ] Found plugin audioplayers_windows at /Users/saradafumiaki/.pub-cache/hosted/pub.dev/audioplayers_windows-4.3.0/
[        ] Found plugin audioplayers_web at /Users/saradafumiaki/.pub-cache/hosted/pub.dev/audioplayers_web-5.2.0/
[        ] Found plugin audioplayers_linux at /Users/saradafumiaki/.pub-cache/hosted/pub.dev/audioplayers_linux-4.2.1/
[        ] Found plugin audioplayers_darwin at /Users/saradafumiaki/.pub-cache/hosted/pub.dev/audioplayers_darwin-6.4.0/
[        ] Found plugin audioplayers_android at /Users/saradafumiaki/.pub-cache/hosted/pub.dev/audioplayers_android-5.2.1/
[   +1 ms] Skipping generating dart_plugin_registrant.dart because it is up-to-date.
[        ] <- recompile file:///var/folders/hh/1g2yms7d3890gm5lz8l0jmj80000gn/T/flutter_tools.X3xqwV/flutter_test_listener.dkCqrg/listener.dart 08fd26fd-4054-4f04-b88a-b20f4bf2858e
[        ] file:///var/folders/hh/1g2yms7d3890gm5lz8l0jmj80000gn/T/flutter_tools.X3xqwV/flutter_test_listener.dkCqrg/listener.dart
[        ] file:///Users/saradafumiaki/Documents/Apps/kendo_os/.dart_tool/flutter_build/dart_plugin_registrant.dart
[        ] <- 08fd26fd-4054-4f04-b88a-b20f4bf2858e
[  +96 ms] <- accept
[        ] <- reset
[        ] Compiling file:///var/folders/hh/1g2yms7d3890gm5lz8l0jmj80000gn/T/flutter_tools.X3xqwV/flutter_test_listener.dkCqrg/listener.dart took 144ms
[        ] test 57: starting test device
[        ] test 57: awaiting connection to test device
[        ] test 57: VM Service uri is not available
[        ] test 57: test harness socket server is running at port:54103
[        ] test 57: Starting flutter_tester process with command=[/Users/saradafumiaki/development/flutter/bin/cache/artifacts/engine/darwin-x64/flutter_tester, --disable-vm-service, --enable-checked-mode, --verify-entry-points, --enable-software-rendering, --skia-deterministic-rendering, --enable-dart-profiling, --non-interactive, --use-test-fonts, --disable-asset-fonts, --packages=/Users/saradafumiaki/Documents/Apps/kendo_os/.dart_tool/package_config.json, --flutter-assets-dir=/Users/saradafumiaki/Documents/Apps/kendo_os/build/unit_test_assets, /var/folders/hh/1g2yms7d3890gm5lz8l0jmj80000gn/T/flutter_tools.X3xqwV/flutter_test_listener.dkCqrg/listener.dart.dill], environment={FLUTTER_TEST: true, FONTCONFIG_FILE: /var/folders/hh/1g2yms7d3890gm5lz8l0jmj80000gn/T/flutter_tools.X3xqwV/flutter_test_fonts.hib7TY/fonts.conf, SERVER_PORT: 54103, APP_NAME: kendo_os, UNIT_TEST_ASSETS: /Users/saradafumiaki/Documents/Apps/kendo_os/build/unit_test_assets}
[   +4 ms] test 57: Started flutter_tester process at pid 33582
[  +50 ms] test 56: connected to test device, now awaiting test result
[        ] test 56: Waiting for test harness or tests to finish
[  +33 ms] test 54: connected to test device, now awaiting test result
[        ] test 54: Waiting for test harness or tests to finish
[        ] test 55: connected to test device, now awaiting test result
[        ] test 55: Waiting for test harness or tests to finish
00:29 +197 -1: /Users/saradafumiaki/Documents/Apps/kendo_os/test/chaos/drift_attack_test.dart: ⚔️ Step 8-2 & 8-3: Drift & Projection Attack Semantic Drift Attack Simulation
00:30 +198 -1: /Users/saradafumiaki/Documents/Apps/kendo_os/test/chaos/rogue_ai_simulation_test.dart: 👹 Step 8-1 & 8-4: Rogue AI & Hallucination Test Forbidden Pattern Detection
00:30 +199 -1: /Users/saradafumiaki/Documents/Apps/kendo_os/test/chaos/drift_attack_test.dart: ⚔️ Step 8-2 & 8-3: Drift & Projection Attack Projection Corruption Detection
00:30 +200 -1: /Users/saradafumiaki/Documents/Apps/kendo_os/test/chaos/drift_attack_test.dart: ⚔️ Step 8-2 & 8-3: Drift & Projection Attack Projection Corruption Detection
[  +92 ms] test 55: Test harness is no longer needed by test process
[        ] test 55: finished
[        ] test 55: cleaning up...
[        ] test 55: ensuring test device is terminated.
[        ] test 55: Terminating flutter_tester process
[        ] test 55: Shutting down DevTools server
[        ] test 55: Test process is no longer needed by test harness
[        ] test 55: Shutting down test harness socket server
[        ] test 54: Test harness is no longer needed by test process
[        ] test 54: finished
[        ] test 54: cleaning up...
[        ] test 54: ensuring test device is terminated.
[        ] test 54: Terminating flutter_tester process
[        ] test 54: Shutting down DevTools server
[        ] test 54: Test process is no longer needed by test harness
[        ] test 54: Shutting down test harness socket server
[   +2 ms] test 55: flutter_tester process at pid 33580 exited with code=-9
[        ] test 55: deleting temporary directory
[   +2 ms] test 55: finished
00:30 +201 -1: /Users/saradafumiaki/Documents/Apps/kendo_os/test/presentation/operate/settings_provider_test.dart: SettingsNotifier 監査ログ発行テスト セキュリティレベルを変更した際にステートが正しく更新されること
[        ] test 54: flutter_tester process at pid 33578 exited with code=-9
[        ] test 54: deleting temporary directory
[   +4 ms] test 54: finished
[        ] test 58: starting test /Users/saradafumiaki/Documents/Apps/kendo_os/test/presentation/operate/providers/match_list_provider_test.dart
[   +1 ms] Stopping scan for flutter_test_config.dart; found project root at /Users/saradafumiaki/Documents/Apps/kendo_os
[        ] Compiling file:///var/folders/hh/1g2yms7d3890gm5lz8l0jmj80000gn/T/flutter_tools.X3xqwV/flutter_test_listener.yNjxJ3/listener.dart
[   +3 ms] test 59: starting test /Users/saradafumiaki/Documents/Apps/kendo_os/test/presentation/operate/providers/timeline_provider_test.dart
[        ] Stopping scan for flutter_test_config.dart; found project root at /Users/saradafumiaki/Documents/Apps/kendo_os
[  +22 ms] Found plugin integration_test at /Users/saradafumiaki/development/flutter/packages/integration_test/
[   +7 ms] Found plugin firebase_core at /Users/saradafumiaki/.pub-cache/hosted/pub.dev/firebase_core-4.7.0/
[        ] Found plugin firebase_core_web at /Users/saradafumiaki/.pub-cache/hosted/pub.dev/firebase_core_web-3.6.0/
[   +1 ms] Found plugin cloud_firestore at /Users/saradafumiaki/.pub-cache/hosted/pub.dev/cloud_firestore-6.3.0/
[        ] Found plugin cloud_firestore_web at /Users/saradafumiaki/.pub-cache/hosted/pub.dev/cloud_firestore_web-5.3.0/
[   +2 ms] Found plugin wakelock_plus at /Users/saradafumiaki/.pub-cache/hosted/pub.dev/wakelock_plus-1.5.2/
[   +1 ms] Found plugin package_info_plus at /Users/saradafumiaki/.pub-cache/hosted/pub.dev/package_info_plus-9.0.1/
[   +3 ms] Found plugin url_launcher at /Users/saradafumiaki/.pub-cache/hosted/pub.dev/url_launcher-6.3.2/
[        ] Found plugin url_launcher_windows at /Users/saradafumiaki/.pub-cache/hosted/pub.dev/url_launcher_windows-3.1.5/
[        ] Found plugin url_launcher_web at /Users/saradafumiaki/.pub-cache/hosted/pub.dev/url_launcher_web-2.4.2/
[        ] Found plugin url_launcher_macos at /Users/saradafumiaki/.pub-cache/hosted/pub.dev/url_launcher_macos-3.2.5/
[        ] Found plugin url_launcher_linux at /Users/saradafumiaki/.pub-cache/hosted/pub.dev/url_launcher_linux-3.2.2/
[        ] Found plugin url_launcher_ios at /Users/saradafumiaki/.pub-cache/hosted/pub.dev/url_launcher_ios-6.4.1/
[        ] Found plugin url_launcher_android at /Users/saradafumiaki/.pub-cache/hosted/pub.dev/url_launcher_android-6.3.29/
[        ] Found plugin syncfusion_flutter_pdfviewer at /Users/saradafumiaki/.pub-cache/hosted/pub.dev/syncfusion_flutter_pdfviewer-28.2.12/
[        ] Found plugin syncfusion_pdfviewer_windows at /Users/saradafumiaki/.pub-cache/hosted/pub.dev/syncfusion_pdfviewer_windows-28.2.12/
[        ] Found plugin syncfusion_pdfviewer_web at /Users/saradafumiaki/.pub-cache/hosted/pub.dev/syncfusion_pdfviewer_web-28.2.12/
[        ] Found plugin syncfusion_pdfviewer_macos at /Users/saradafumiaki/.pub-cache/hosted/pub.dev/syncfusion_pdfviewer_macos-28.2.12/
[   +1 ms] Found plugin device_info_plus at /Users/saradafumiaki/.pub-cache/hosted/pub.dev/device_info_plus-11.5.0/
[   +1 ms] Found plugin shared_preferences at /Users/saradafumiaki/.pub-cache/hosted/pub.dev/shared_preferences-2.5.5/
[        ] Found plugin shared_preferences_windows at /Users/saradafumiaki/.pub-cache/hosted/pub.dev/shared_preferences_windows-2.4.1/
📝 [AuditLog] セキュリティレベル変更: Lv.1 -> Lv.3
[        ] Found plugin path_provider_windows at /Users/saradafumiaki/.pub-cache/hosted/pub.dev/path_provider_windows-2.3.0/
[        ] Found plugin shared_preferences_web at /Users/saradafumiaki/.pub-cache/hosted/pub.dev/shared_preferences_web-2.4.3/
[        ] Found plugin shared_preferences_linux at /Users/saradafumiaki/.pub-cache/hosted/pub.dev/shared_preferences_linux-2.4.1/
[        ] Found plugin path_provider_linux at /Users/saradafumiaki/.pub-cache/hosted/pub.dev/path_provider_linux-2.2.1/
[        ] Found plugin shared_preferences_foundation at /Users/saradafumiaki/.pub-cache/hosted/pub.dev/shared_preferences_foundation-2.5.6/
[        ] Found plugin shared_preferences_android at /Users/saradafumiaki/.pub-cache/hosted/pub.dev/shared_preferences_android-2.4.23/
[        ] Found plugin share_plus at /Users/saradafumiaki/.pub-cache/hosted/pub.dev/share_plus-12.0.2/
[        ] Found plugin path_provider at /Users/saradafumiaki/.pub-cache/hosted/pub.dev/path_provider-2.1.5/
[        ] test 56: Test harness is no longer needed by test process
[        ] test 56: finished
[        ] test 56: cleaning up...
[        ] test 56: ensuring test device is terminated.
[        ] test 56: Terminating flutter_tester process
[        ] test 56: Shutting down DevTools server
[        ] test 56: Test process is no longer needed by test harness
[        ] test 56: Shutting down test harness socket server
[        ] Found plugin path_provider_foundation at /Users/saradafumiaki/.pub-cache/hosted/pub.dev/path_provider_foundation-2.6.0/
[   +2 ms] Found plugin path_provider_android at /Users/saradafumiaki/.pub-cache/hosted/pub.dev/path_provider_android-2.3.1/
[        ] Found plugin jni_flutter at /Users/saradafumiaki/.pub-cache/hosted/pub.dev/jni_flutter-1.0.1/
[        ] test 56: flutter_tester process at pid 33581 exited with code=-9
[        ] test 56: deleting temporary directory
[   +2 ms] test 56: finished
[        ] test 60: starting test /Users/saradafumiaki/Documents/Apps/kendo_os/test/presentation/operate/providers/match_timer_provider_test.dart
[        ] Stopping scan for flutter_test_config.dart; found project root at /Users/saradafumiaki/Documents/Apps/kendo_os
[        ] Found plugin jni at /Users/saradafumiaki/.pub-cache/hosted/pub.dev/jni-1.0.0/
[   +1 ms] Found plugin printing at /Users/saradafumiaki/.pub-cache/hosted/pub.dev/printing-5.14.3/
[   +2 ms] Found plugin isar_community_flutter_libs at /Users/saradafumiaki/.pub-cache/hosted/pub.dev/isar_community_flutter_libs-3.3.2/
[        ] Found plugin google_sign_in at /Users/saradafumiaki/.pub-cache/hosted/pub.dev/google_sign_in-6.3.0/
[        ] Found plugin google_sign_in_web at /Users/saradafumiaki/.pub-cache/hosted/pub.dev/google_sign_in_web-0.12.4+4/
[        ] Found plugin google_sign_in_ios at /Users/saradafumiaki/.pub-cache/hosted/pub.dev/google_sign_in_ios-5.9.0/
[        ] Found plugin google_sign_in_android at /Users/saradafumiaki/.pub-cache/hosted/pub.dev/google_sign_in_android-6.2.1/
[        ] Found plugin flutter_tts at /Users/saradafumiaki/.pub-cache/hosted/pub.dev/flutter_tts-4.2.5/
[   +1 ms] Found plugin flutter_image_compress at /Users/saradafumiaki/.pub-cache/hosted/pub.dev/flutter_image_compress-2.4.0/
[        ] Found plugin flutter_image_compress_web at /Users/saradafumiaki/.pub-cache/hosted/pub.dev/flutter_image_compress_web-0.1.5/
[        ] Found plugin flutter_image_compress_ohos at /Users/saradafumiaki/.pub-cache/hosted/pub.dev/flutter_image_compress_ohos-0.0.3/
[        ] Found plugin flutter_image_compress_macos at /Users/saradafumiaki/.pub-cache/hosted/pub.dev/flutter_image_compress_macos-1.0.3/
[        ] Found plugin flutter_image_compress_common at /Users/saradafumiaki/.pub-cache/hosted/pub.dev/flutter_image_compress_common-1.0.6/
[        ] Found plugin firebase_storage at /Users/saradafumiaki/.pub-cache/hosted/pub.dev/firebase_storage-13.3.0/
[        ] Found plugin firebase_storage_web at /Users/saradafumiaki/.pub-cache/hosted/pub.dev/firebase_storage_web-3.11.5/
[        ] Found plugin firebase_crashlytics at /Users/saradafumiaki/.pub-cache/hosted/pub.dev/firebase_crashlytics-5.2.0/
[        ] Found plugin firebase_auth at /Users/saradafumiaki/.pub-cache/hosted/pub.dev/firebase_auth-6.4.0/
[        ] Found plugin firebase_auth_web at /Users/saradafumiaki/.pub-cache/hosted/pub.dev/firebase_auth_web-6.1.5/
[        ] Found plugin file_picker at /Users/saradafumiaki/.pub-cache/hosted/pub.dev/file_picker-8.3.7/
[        ] Found plugin flutter_plugin_android_lifecycle at /Users/saradafumiaki/.pub-cache/hosted/pub.dev/flutter_plugin_android_lifecycle-2.0.34/
[        ] Found plugin connectivity_plus at /Users/saradafumiaki/.pub-cache/hosted/pub.dev/connectivity_plus-6.1.5/
[        ] Found plugin audioplayers at /Users/saradafumiaki/.pub-cache/hosted/pub.dev/audioplayers-6.6.0/
[        ] Found plugin audioplayers_windows at /Users/saradafumiaki/.pub-cache/hosted/pub.dev/audioplayers_windows-4.3.0/
[        ] Found plugin audioplayers_web at /Users/saradafumiaki/.pub-cache/hosted/pub.dev/audioplayers_web-5.2.0/
[        ] Found plugin audioplayers_linux at /Users/saradafumiaki/.pub-cache/hosted/pub.dev/audioplayers_linux-4.2.1/
[        ] Found plugin audioplayers_darwin at /Users/saradafumiaki/.pub-cache/hosted/pub.dev/audioplayers_darwin-6.4.0/
[        ] Found plugin audioplayers_android at /Users/saradafumiaki/.pub-cache/hosted/pub.dev/audioplayers_android-5.2.1/
[   +1 ms] Skipping generating dart_plugin_registrant.dart because it is up-to-date.
[        ] <- recompile file:///var/folders/hh/1g2yms7d3890gm5lz8l0jmj80000gn/T/flutter_tools.X3xqwV/flutter_test_listener.yNjxJ3/listener.dart 32b1a13a-90b7-42b5-b590-b5f2ccf25671
[        ] file:///var/folders/hh/1g2yms7d3890gm5lz8l0jmj80000gn/T/flutter_tools.X3xqwV/flutter_test_listener.yNjxJ3/listener.dart
[        ] file:///Users/saradafumiaki/Documents/Apps/kendo_os/.dart_tool/flutter_build/dart_plugin_registrant.dart
[        ] <- 32b1a13a-90b7-42b5-b590-b5f2ccf25671
[ +137 ms] <- accept
[        ] <- reset
[        ] Compiling file:///var/folders/hh/1g2yms7d3890gm5lz8l0jmj80000gn/T/flutter_tools.X3xqwV/flutter_test_listener.yNjxJ3/listener.dart took 222ms
[        ] Compiling file:///var/folders/hh/1g2yms7d3890gm5lz8l0jmj80000gn/T/flutter_tools.X3xqwV/flutter_test_listener.c3Uv1h/listener.dart
[        ] test 58: starting test device
[        ] test 58: awaiting connection to test device
[   +4 ms] test 58: VM Service uri is not available
[        ] test 58: test harness socket server is running at port:54111
[        ] test 58: Starting flutter_tester process with command=[/Users/saradafumiaki/development/flutter/bin/cache/artifacts/engine/darwin-x64/flutter_tester, --disable-vm-service, --enable-checked-mode, --verify-entry-points, --enable-software-rendering, --skia-deterministic-rendering, --enable-dart-profiling, --non-interactive, --use-test-fonts, --disable-asset-fonts, --packages=/Users/saradafumiaki/Documents/Apps/kendo_os/.dart_tool/package_config.json, --flutter-assets-dir=/Users/saradafumiaki/Documents/Apps/kendo_os/build/unit_test_assets, /var/folders/hh/1g2yms7d3890gm5lz8l0jmj80000gn/T/flutter_tools.X3xqwV/flutter_test_listener.yNjxJ3/listener.dart.dill], environment={FLUTTER_TEST: true, FONTCONFIG_FILE: /var/folders/hh/1g2yms7d3890gm5lz8l0jmj80000gn/T/flutter_tools.X3xqwV/flutter_test_fonts.hib7TY/fonts.conf, SERVER_PORT: 54111, APP_NAME: kendo_os, UNIT_TEST_ASSETS: /Users/saradafumiaki/Documents/Apps/kendo_os/build/unit_test_assets}
[   +4 ms] test 58: Started flutter_tester process at pid 33583
[  +24 ms] Found plugin integration_test at /Users/saradafumiaki/development/flutter/packages/integration_test/
[   +8 ms] Found plugin firebase_core at /Users/saradafumiaki/.pub-cache/hosted/pub.dev/firebase_core-4.7.0/
[        ] Found plugin firebase_core_web at /Users/saradafumiaki/.pub-cache/hosted/pub.dev/firebase_core_web-3.6.0/
[   +1 ms] Found plugin cloud_firestore at /Users/saradafumiaki/.pub-cache/hosted/pub.dev/cloud_firestore-6.3.0/
[        ] Found plugin cloud_firestore_web at /Users/saradafumiaki/.pub-cache/hosted/pub.dev/cloud_firestore_web-5.3.0/
[   +1 ms] Found plugin wakelock_plus at /Users/saradafumiaki/.pub-cache/hosted/pub.dev/wakelock_plus-1.5.2/
[   +1 ms] Found plugin package_info_plus at /Users/saradafumiaki/.pub-cache/hosted/pub.dev/package_info_plus-9.0.1/
[   +2 ms] Found plugin url_launcher at /Users/saradafumiaki/.pub-cache/hosted/pub.dev/url_launcher-6.3.2/
[        ] Found plugin url_launcher_windows at /Users/saradafumiaki/.pub-cache/hosted/pub.dev/url_launcher_windows-3.1.5/
[        ] Found plugin url_launcher_web at /Users/saradafumiaki/.pub-cache/hosted/pub.dev/url_launcher_web-2.4.2/
[        ] Found plugin url_launcher_macos at /Users/saradafumiaki/.pub-cache/hosted/pub.dev/url_launcher_macos-3.2.5/
[        ] Found plugin url_launcher_linux at /Users/saradafumiaki/.pub-cache/hosted/pub.dev/url_launcher_linux-3.2.2/
[        ] Found plugin url_launcher_ios at /Users/saradafumiaki/.pub-cache/hosted/pub.dev/url_launcher_ios-6.4.1/
[        ] Found plugin url_launcher_android at /Users/saradafumiaki/.pub-cache/hosted/pub.dev/url_launcher_android-6.3.29/
[        ] Found plugin syncfusion_flutter_pdfviewer at /Users/saradafumiaki/.pub-cache/hosted/pub.dev/syncfusion_flutter_pdfviewer-28.2.12/
[        ] Found plugin syncfusion_pdfviewer_windows at /Users/saradafumiaki/.pub-cache/hosted/pub.dev/syncfusion_pdfviewer_windows-28.2.12/
[        ] Found plugin syncfusion_pdfviewer_web at /Users/saradafumiaki/.pub-cache/hosted/pub.dev/syncfusion_pdfviewer_web-28.2.12/
[        ] Found plugin syncfusion_pdfviewer_macos at /Users/saradafumiaki/.pub-cache/hosted/pub.dev/syncfusion_pdfviewer_macos-28.2.12/
[   +1 ms] Found plugin device_info_plus at /Users/saradafumiaki/.pub-cache/hosted/pub.dev/device_info_plus-11.5.0/
[   +1 ms] Found plugin shared_preferences at /Users/saradafumiaki/.pub-cache/hosted/pub.dev/shared_preferences-2.5.5/
[        ] Found plugin shared_preferences_windows at /Users/saradafumiaki/.pub-cache/hosted/pub.dev/shared_preferences_windows-2.4.1/
[        ] Found plugin path_provider_windows at /Users/saradafumiaki/.pub-cache/hosted/pub.dev/path_provider_windows-2.3.0/
[        ] Found plugin shared_preferences_web at /Users/saradafumiaki/.pub-cache/hosted/pub.dev/shared_preferences_web-2.4.3/
[        ] Found plugin shared_preferences_linux at /Users/saradafumiaki/.pub-cache/hosted/pub.dev/shared_preferences_linux-2.4.1/
[        ] Found plugin path_provider_linux at /Users/saradafumiaki/.pub-cache/hosted/pub.dev/path_provider_linux-2.2.1/
[        ] Found plugin shared_preferences_foundation at /Users/saradafumiaki/.pub-cache/hosted/pub.dev/shared_preferences_foundation-2.5.6/
[        ] Found plugin shared_preferences_android at /Users/saradafumiaki/.pub-cache/hosted/pub.dev/shared_preferences_android-2.4.23/
[        ] Found plugin share_plus at /Users/saradafumiaki/.pub-cache/hosted/pub.dev/share_plus-12.0.2/
[        ] Found plugin path_provider at /Users/saradafumiaki/.pub-cache/hosted/pub.dev/path_provider-2.1.5/
[        ] Found plugin path_provider_foundation at /Users/saradafumiaki/.pub-cache/hosted/pub.dev/path_provider_foundation-2.6.0/
[   +1 ms] Found plugin path_provider_android at /Users/saradafumiaki/.pub-cache/hosted/pub.dev/path_provider_android-2.3.1/
[        ] Found plugin jni_flutter at /Users/saradafumiaki/.pub-cache/hosted/pub.dev/jni_flutter-1.0.1/
[        ] Found plugin jni at /Users/saradafumiaki/.pub-cache/hosted/pub.dev/jni-1.0.0/
[   +1 ms] Found plugin printing at /Users/saradafumiaki/.pub-cache/hosted/pub.dev/printing-5.14.3/
[   +2 ms] Found plugin isar_community_flutter_libs at /Users/saradafumiaki/.pub-cache/hosted/pub.dev/isar_community_flutter_libs-3.3.2/
[        ] Found plugin google_sign_in at /Users/saradafumiaki/.pub-cache/hosted/pub.dev/google_sign_in-6.3.0/
[        ] Found plugin google_sign_in_web at /Users/saradafumiaki/.pub-cache/hosted/pub.dev/google_sign_in_web-0.12.4+4/
[        ] Found plugin google_sign_in_ios at /Users/saradafumiaki/.pub-cache/hosted/pub.dev/google_sign_in_ios-5.9.0/
[        ] Found plugin google_sign_in_android at /Users/saradafumiaki/.pub-cache/hosted/pub.dev/google_sign_in_android-6.2.1/
[   +1 ms] Found plugin flutter_tts at /Users/saradafumiaki/.pub-cache/hosted/pub.dev/flutter_tts-4.2.5/
[   +1 ms] Found plugin flutter_image_compress at /Users/saradafumiaki/.pub-cache/hosted/pub.dev/flutter_image_compress-2.4.0/
[        ] Found plugin flutter_image_compress_web at /Users/saradafumiaki/.pub-cache/hosted/pub.dev/flutter_image_compress_web-0.1.5/
[        ] Found plugin flutter_image_compress_ohos at /Users/saradafumiaki/.pub-cache/hosted/pub.dev/flutter_image_compress_ohos-0.0.3/
[        ] Found plugin flutter_image_compress_macos at /Users/saradafumiaki/.pub-cache/hosted/pub.dev/flutter_image_compress_macos-1.0.3/
[        ] Found plugin flutter_image_compress_common at /Users/saradafumiaki/.pub-cache/hosted/pub.dev/flutter_image_compress_common-1.0.6/
[        ] Found plugin firebase_storage at /Users/saradafumiaki/.pub-cache/hosted/pub.dev/firebase_storage-13.3.0/
[        ] Found plugin firebase_storage_web at /Users/saradafumiaki/.pub-cache/hosted/pub.dev/firebase_storage_web-3.11.5/
[        ] Found plugin firebase_crashlytics at /Users/saradafumiaki/.pub-cache/hosted/pub.dev/firebase_crashlytics-5.2.0/
[        ] Found plugin firebase_auth at /Users/saradafumiaki/.pub-cache/hosted/pub.dev/firebase_auth-6.4.0/
[        ] Found plugin firebase_auth_web at /Users/saradafumiaki/.pub-cache/hosted/pub.dev/firebase_auth_web-6.1.5/
[        ] Found plugin file_picker at /Users/saradafumiaki/.pub-cache/hosted/pub.dev/file_picker-8.3.7/
[        ] Found plugin flutter_plugin_android_lifecycle at /Users/saradafumiaki/.pub-cache/hosted/pub.dev/flutter_plugin_android_lifecycle-2.0.34/
[        ] Found plugin connectivity_plus at /Users/saradafumiaki/.pub-cache/hosted/pub.dev/connectivity_plus-6.1.5/
[        ] Found plugin audioplayers at /Users/saradafumiaki/.pub-cache/hosted/pub.dev/audioplayers-6.6.0/
[        ] Found plugin audioplayers_windows at /Users/saradafumiaki/.pub-cache/hosted/pub.dev/audioplayers_windows-4.3.0/
[        ] Found plugin audioplayers_web at /Users/saradafumiaki/.pub-cache/hosted/pub.dev/audioplayers_web-5.2.0/
[        ] Found plugin audioplayers_linux at /Users/saradafumiaki/.pub-cache/hosted/pub.dev/audioplayers_linux-4.2.1/
[        ] Found plugin audioplayers_darwin at /Users/saradafumiaki/.pub-cache/hosted/pub.dev/audioplayers_darwin-6.4.0/
[        ] Found plugin audioplayers_android at /Users/saradafumiaki/.pub-cache/hosted/pub.dev/audioplayers_android-5.2.1/
[   +1 ms] Skipping generating dart_plugin_registrant.dart because it is up-to-date.
[        ] <- recompile file:///var/folders/hh/1g2yms7d3890gm5lz8l0jmj80000gn/T/flutter_tools.X3xqwV/flutter_test_listener.c3Uv1h/listener.dart 1575edc8-7417-488a-9402-4961f7414b1a
[        ] file:///var/folders/hh/1g2yms7d3890gm5lz8l0jmj80000gn/T/flutter_tools.X3xqwV/flutter_test_listener.c3Uv1h/listener.dart
[        ] file:///Users/saradafumiaki/Documents/Apps/kendo_os/.dart_tool/flutter_build/dart_plugin_registrant.dart
[        ] <- 1575edc8-7417-488a-9402-4961f7414b1a
[  +71 ms] test 57: connected to test device, now awaiting test result
[        ] test 57: Waiting for test harness or tests to finish
[  +93 ms] <- accept
[        ] <- reset
[        ] Compiling file:///var/folders/hh/1g2yms7d3890gm5lz8l0jmj80000gn/T/flutter_tools.X3xqwV/flutter_test_listener.c3Uv1h/listener.dart took 251ms
[        ] Compiling file:///var/folders/hh/1g2yms7d3890gm5lz8l0jmj80000gn/T/flutter_tools.X3xqwV/flutter_test_listener.ui5FRu/listener.dart
[        ] test 59: starting test device
[        ] test 59: awaiting connection to test device
[   +3 ms] test 59: VM Service uri is not available
[        ] test 59: test harness socket server is running at port:54113
[        ] test 59: Starting flutter_tester process with command=[/Users/saradafumiaki/development/flutter/bin/cache/artifacts/engine/darwin-x64/flutter_tester, --disable-vm-service, --enable-checked-mode, --verify-entry-points, --enable-software-rendering, --skia-deterministic-rendering, --enable-dart-profiling, --non-interactive, --use-test-fonts, --disable-asset-fonts, --packages=/Users/saradafumiaki/Documents/Apps/kendo_os/.dart_tool/package_config.json, --flutter-assets-dir=/Users/saradafumiaki/Documents/Apps/kendo_os/build/unit_test_assets, /var/folders/hh/1g2yms7d3890gm5lz8l0jmj80000gn/T/flutter_tools.X3xqwV/flutter_test_listener.c3Uv1h/listener.dart.dill], environment={FLUTTER_TEST: true, FONTCONFIG_FILE: /var/folders/hh/1g2yms7d3890gm5lz8l0jmj80000gn/T/flutter_tools.X3xqwV/flutter_test_fonts.hib7TY/fonts.conf, SERVER_PORT: 54113, APP_NAME: kendo_os, UNIT_TEST_ASSETS: /Users/saradafumiaki/Documents/Apps/kendo_os/build/unit_test_assets}
[   +4 ms] test 59: Started flutter_tester process at pid 33584
[  +23 ms] Found plugin integration_test at /Users/saradafumiaki/development/flutter/packages/integration_test/
[   +8 ms] Found plugin firebase_core at /Users/saradafumiaki/.pub-cache/hosted/pub.dev/firebase_core-4.7.0/
[        ] Found plugin firebase_core_web at /Users/saradafumiaki/.pub-cache/hosted/pub.dev/firebase_core_web-3.6.0/
[   +1 ms] Found plugin cloud_firestore at /Users/saradafumiaki/.pub-cache/hosted/pub.dev/cloud_firestore-6.3.0/
[        ] Found plugin cloud_firestore_web at /Users/saradafumiaki/.pub-cache/hosted/pub.dev/cloud_firestore_web-5.3.0/
00:30 +202 -1: /Users/saradafumiaki/Documents/Apps/kendo_os/test/presentation/operate/match_provider_test.dart: MatchProvider - Step 3-1: 初期状態の検証 currentMatchIdProvider の初期値は null であること
[   +3 ms] Found plugin wakelock_plus at /Users/saradafumiaki/.pub-cache/hosted/pub.dev/wakelock_plus-1.5.2/
[   +1 ms] Found plugin package_info_plus at /Users/saradafumiaki/.pub-cache/hosted/pub.dev/package_info_plus-9.0.1/
[   +1 ms] Found plugin url_launcher at /Users/saradafumiaki/.pub-cache/hosted/pub.dev/url_launcher-6.3.2/
[        ] Found plugin url_launcher_windows at /Users/saradafumiaki/.pub-cache/hosted/pub.dev/url_launcher_windows-3.1.5/
[        ] Found plugin url_launcher_web at /Users/saradafumiaki/.pub-cache/hosted/pub.dev/url_launcher_web-2.4.2/
[        ] Found plugin url_launcher_macos at /Users/saradafumiaki/.pub-cache/hosted/pub.dev/url_launcher_macos-3.2.5/
[        ] Found plugin url_launcher_linux at /Users/saradafumiaki/.pub-cache/hosted/pub.dev/url_launcher_linux-3.2.2/
[        ] Found plugin url_launcher_ios at /Users/saradafumiaki/.pub-cache/hosted/pub.dev/url_launcher_ios-6.4.1/
[        ] Found plugin url_launcher_android at /Users/saradafumiaki/.pub-cache/hosted/pub.dev/url_launcher_android-6.3.29/
[        ] Found plugin syncfusion_flutter_pdfviewer at /Users/saradafumiaki/.pub-cache/hosted/pub.dev/syncfusion_flutter_pdfviewer-28.2.12/
[        ] Found plugin syncfusion_pdfviewer_windows at /Users/saradafumiaki/.pub-cache/hosted/pub.dev/syncfusion_pdfviewer_windows-28.2.12/
[        ] Found plugin syncfusion_pdfviewer_web at /Users/saradafumiaki/.pub-cache/hosted/pub.dev/syncfusion_pdfviewer_web-28.2.12/
[        ] Found plugin syncfusion_pdfviewer_macos at /Users/saradafumiaki/.pub-cache/hosted/pub.dev/syncfusion_pdfviewer_macos-28.2.12/
[   +1 ms] Found plugin device_info_plus at /Users/saradafumiaki/.pub-cache/hosted/pub.dev/device_info_plus-11.5.0/
[   +1 ms] Found plugin shared_preferences at /Users/saradafumiaki/.pub-cache/hosted/pub.dev/shared_preferences-2.5.5/
[        ] Found plugin shared_preferences_windows at /Users/saradafumiaki/.pub-cache/hosted/pub.dev/shared_preferences_windows-2.4.1/
[        ] Found plugin path_provider_windows at /Users/saradafumiaki/.pub-cache/hosted/pub.dev/path_provider_windows-2.3.0/
[        ] Found plugin shared_preferences_web at /Users/saradafumiaki/.pub-cache/hosted/pub.dev/shared_preferences_web-2.4.3/
[        ] Found plugin shared_preferences_linux at /Users/saradafumiaki/.pub-cache/hosted/pub.dev/shared_preferences_linux-2.4.1/
[        ] Found plugin path_provider_linux at /Users/saradafumiaki/.pub-cache/hosted/pub.dev/path_provider_linux-2.2.1/
[        ] Found plugin shared_preferences_foundation at /Users/saradafumiaki/.pub-cache/hosted/pub.dev/shared_preferences_foundation-2.5.6/
[        ] Found plugin shared_preferences_android at /Users/saradafumiaki/.pub-cache/hosted/pub.dev/shared_preferences_android-2.4.23/
[        ] Found plugin share_plus at /Users/saradafumiaki/.pub-cache/hosted/pub.dev/share_plus-12.0.2/
[        ] Found plugin path_provider at /Users/saradafumiaki/.pub-cache/hosted/pub.dev/path_provider-2.1.5/
[        ] Found plugin path_provider_foundation at /Users/saradafumiaki/.pub-cache/hosted/pub.dev/path_provider_foundation-2.6.0/
[   +2 ms] Found plugin path_provider_android at /Users/saradafumiaki/.pub-cache/hosted/pub.dev/path_provider_android-2.3.1/
[        ] Found plugin jni_flutter at /Users/saradafumiaki/.pub-cache/hosted/pub.dev/jni_flutter-1.0.1/
[        ] Found plugin jni at /Users/saradafumiaki/.pub-cache/hosted/pub.dev/jni-1.0.0/
[   +1 ms] Found plugin printing at /Users/saradafumiaki/.pub-cache/hosted/pub.dev/printing-5.14.3/
[   +3 ms] Found plugin isar_community_flutter_libs at /Users/saradafumiaki/.pub-cache/hosted/pub.dev/isar_community_flutter_libs-3.3.2/
[        ] Found plugin google_sign_in at /Users/saradafumiaki/.pub-cache/hosted/pub.dev/google_sign_in-6.3.0/
[        ] Found plugin google_sign_in_web at /Users/saradafumiaki/.pub-cache/hosted/pub.dev/google_sign_in_web-0.12.4+4/
[   +1 ms] Found plugin google_sign_in_ios at /Users/saradafumiaki/.pub-cache/hosted/pub.dev/google_sign_in_ios-5.9.0/
[        ] Found plugin google_sign_in_android at /Users/saradafumiaki/.pub-cache/hosted/pub.dev/google_sign_in_android-6.2.1/
[   +1 ms] Found plugin flutter_tts at /Users/saradafumiaki/.pub-cache/hosted/pub.dev/flutter_tts-4.2.5/
[   +2 ms] Found plugin flutter_image_compress at /Users/saradafumiaki/.pub-cache/hosted/pub.dev/flutter_image_compress-2.4.0/
[        ] Found plugin flutter_image_compress_web at /Users/saradafumiaki/.pub-cache/hosted/pub.dev/flutter_image_compress_web-0.1.5/
[   +1 ms] Found plugin flutter_image_compress_ohos at /Users/saradafumiaki/.pub-cache/hosted/pub.dev/flutter_image_compress_ohos-0.0.3/
[        ] Found plugin flutter_image_compress_macos at /Users/saradafumiaki/.pub-cache/hosted/pub.dev/flutter_image_compress_macos-1.0.3/
[        ] Found plugin flutter_image_compress_common at /Users/saradafumiaki/.pub-cache/hosted/pub.dev/flutter_image_compress_common-1.0.6/
[        ] Found plugin firebase_storage at /Users/saradafumiaki/.pub-cache/hosted/pub.dev/firebase_storage-13.3.0/
[        ] Found plugin firebase_storage_web at /Users/saradafumiaki/.pub-cache/hosted/pub.dev/firebase_storage_web-3.11.5/
[        ] Found plugin firebase_crashlytics at /Users/saradafumiaki/.pub-cache/hosted/pub.dev/firebase_crashlytics-5.2.0/
[        ] Found plugin firebase_auth at /Users/saradafumiaki/.pub-cache/hosted/pub.dev/firebase_auth-6.4.0/
[        ] Found plugin firebase_auth_web at /Users/saradafumiaki/.pub-cache/hosted/pub.dev/firebase_auth_web-6.1.5/
[   +1 ms] Found plugin file_picker at /Users/saradafumiaki/.pub-cache/hosted/pub.dev/file_picker-8.3.7/
[        ] Found plugin flutter_plugin_android_lifecycle at /Users/saradafumiaki/.pub-cache/hosted/pub.dev/flutter_plugin_android_lifecycle-2.0.34/
[   +1 ms] Found plugin connectivity_plus at /Users/saradafumiaki/.pub-cache/hosted/pub.dev/connectivity_plus-6.1.5/
[   +1 ms] Found plugin audioplayers at /Users/saradafumiaki/.pub-cache/hosted/pub.dev/audioplayers-6.6.0/
[        ] Found plugin audioplayers_windows at /Users/saradafumiaki/.pub-cache/hosted/pub.dev/audioplayers_windows-4.3.0/
[        ] Found plugin audioplayers_web at /Users/saradafumiaki/.pub-cache/hosted/pub.dev/audioplayers_web-5.2.0/
[        ] Found plugin audioplayers_linux at /Users/saradafumiaki/.pub-cache/hosted/pub.dev/audioplayers_linux-4.2.1/
[        ] Found plugin audioplayers_darwin at /Users/saradafumiaki/.pub-cache/hosted/pub.dev/audioplayers_darwin-6.4.0/
[        ] Found plugin audioplayers_android at /Users/saradafumiaki/.pub-cache/hosted/pub.dev/audioplayers_android-5.2.1/
[   +2 ms] Skipping generating dart_plugin_registrant.dart because it is up-to-date.
[        ] <- recompile file:///var/folders/hh/1g2yms7d3890gm5lz8l0jmj80000gn/T/flutter_tools.X3xqwV/flutter_test_listener.ui5FRu/listener.dart 228bdeb4-b56c-430f-a318-ef1496d2e1dd
[        ] file:///var/folders/hh/1g2yms7d3890gm5lz8l0jmj80000gn/T/flutter_tools.X3xqwV/flutter_test_listener.ui5FRu/listener.dart
[        ] file:///Users/saradafumiaki/Documents/Apps/kendo_os/.dart_tool/flutter_build/dart_plugin_registrant.dart
[        ] <- 228bdeb4-b56c-430f-a318-ef1496d2e1dd
00:30 +203 -1: /Users/saradafumiaki/Documents/Apps/kendo_os/test/presentation/operate/match_provider_test.dart: MatchProvider - Step 3-1: 初期状態の検証 kendoRuleEngineProvider が正しくインスタンス化されていること
00:30 +204 -1: /Users/saradafumiaki/Documents/Apps/kendo_os/test/presentation/operate/match_provider_test.dart: MatchProvider - Step 3-1: 初期状態の検証 addScoreUseCaseProvider が依存関係（Engine）を持って初期化されていること
00:30 +205 -1: /Users/saradafumiaki/Documents/Apps/kendo_os/test/presentation/operate/match_provider_test.dart: MatchProvider - Step 3-1: 初期状態の検証 matchActionProvider が正しく取得できること
00:30 +206 -1: /Users/saradafumiaki/Documents/Apps/kendo_os/test/presentation/operate/match_provider_test.dart: MatchProvider - Step 3-2: 状態遷移の検証 processScoreEvent を呼び出した際、正しく保存処理と監査ログが実行されること
00:30 +207 -1: /Users/saradafumiaki/Documents/Apps/kendo_os/test/presentation/operate/match_provider_test.dart: MatchProvider - Step 3-2: 状態遷移の検証 undoEvent を呼び出した際、保存処理が実行されること
00:30 +208 -1: /Users/saradafumiaki/Documents/Apps/kendo_os/test/presentation/operate/match_provider_test.dart: MatchProvider - Step 3-3: rebuild最適化の検証 .select() により、監視対象外のプロパティ変更では通知が飛ばないこと
00:30 +209 -1: /Users/saradafumiaki/Documents/Apps/kendo_os/test/presentation/operate/match_provider_test.dart: MatchProvider - Step 3-4: 同時操作・競合の防止 データ保存時に競合エラーが発生した場合、上位に例外が伝播すること
00:30 +210 -1: /Users/saradafumiaki/Documents/Apps/kendo_os/test/presentation/operate/match_provider_test.dart: MatchProvider - Step 3-4: 同時操作・競合の防止 予期せぬエラーが発生した場合、監査ログの送信を試みず終了すること
00:30 +211 -1: /Users/saradafumiaki/Documents/Apps/kendo_os/test/presentation/operate/match_provider_test.dart: MatchApplicationService - 修正事項の回帰テスト finishMatch を呼び出した際、残り時間が0秒にリセットされないこと
00:30 +212 -1: /Users/saradafumiaki/Documents/Apps/kendo_os/test/presentation/operate/match_provider_test.dart: MatchApplicationService - 修正事項の回帰テスト addIppon を呼び出した際、DB保存(saveMatch)が1回しか呼ばれないこと（二重保存の防止）
[ +148 ms] test 57: Test harness is no longer needed by test process
[        ] test 57: finished
[        ] test 57: cleaning up...
[        ] test 57: ensuring test device is terminated.
[        ] test 57: Terminating flutter_tester process
[        ] test 57: Shutting down DevTools server
[        ] test 57: Test process is no longer needed by test harness
[        ] test 57: Shutting down test harness socket server
[   +4 ms] test 57: flutter_tester process at pid 33582 exited with code=-9
[        ] test 57: deleting temporary directory
[   +4 ms] test 57: finished
[        ] test 61: starting test /Users/saradafumiaki/Documents/Apps/kendo_os/test/presentation/operate/providers/match_view_model_provider_test.dart
[   +2 ms] Stopping scan for flutter_test_config.dart; found project root at /Users/saradafumiaki/Documents/Apps/kendo_os
[  +14 ms] <- accept
[        ] <- reset
[        ] Compiling file:///var/folders/hh/1g2yms7d3890gm5lz8l0jmj80000gn/T/flutter_tools.X3xqwV/flutter_test_listener.ui5FRu/listener.dart took 272ms
[        ] Compiling file:///var/folders/hh/1g2yms7d3890gm5lz8l0jmj80000gn/T/flutter_tools.X3xqwV/flutter_test_listener.HroRxE/listener.dart
[        ] test 60: starting test device
[        ] test 60: awaiting connection to test device
[   +3 ms] test 60: VM Service uri is not available
[        ] test 60: test harness socket server is running at port:54115
[        ] test 60: Starting flutter_tester process with command=[/Users/saradafumiaki/development/flutter/bin/cache/artifacts/engine/darwin-x64/flutter_tester, --disable-vm-service, --enable-checked-mode, --verify-entry-points, --enable-software-rendering, --skia-deterministic-rendering, --enable-dart-profiling, --non-interactive, --use-test-fonts, --disable-asset-fonts, --packages=/Users/saradafumiaki/Documents/Apps/kendo_os/.dart_tool/package_config.json, --flutter-assets-dir=/Users/saradafumiaki/Documents/Apps/kendo_os/build/unit_test_assets, /var/folders/hh/1g2yms7d3890gm5lz8l0jmj80000gn/T/flutter_tools.X3xqwV/flutter_test_listener.ui5FRu/listener.dart.dill], environment={FLUTTER_TEST: true, FONTCONFIG_FILE: /var/folders/hh/1g2yms7d3890gm5lz8l0jmj80000gn/T/flutter_tools.X3xqwV/flutter_test_fonts.hib7TY/fonts.conf, SERVER_PORT: 54115, APP_NAME: kendo_os, UNIT_TEST_ASSETS: /Users/saradafumiaki/Documents/Apps/kendo_os/build/unit_test_assets}
[   +4 ms] test 60: Started flutter_tester process at pid 33587
[  +28 ms] Found plugin integration_test at /Users/saradafumiaki/development/flutter/packages/integration_test/
[   +8 ms] Found plugin firebase_core at /Users/saradafumiaki/.pub-cache/hosted/pub.dev/firebase_core-4.7.0/
[        ] Found plugin firebase_core_web at /Users/saradafumiaki/.pub-cache/hosted/pub.dev/firebase_core_web-3.6.0/
[   +1 ms] Found plugin cloud_firestore at /Users/saradafumiaki/.pub-cache/hosted/pub.dev/cloud_firestore-6.3.0/
[        ] Found plugin cloud_firestore_web at /Users/saradafumiaki/.pub-cache/hosted/pub.dev/cloud_firestore_web-5.3.0/
[   +2 ms] Found plugin wakelock_plus at /Users/saradafumiaki/.pub-cache/hosted/pub.dev/wakelock_plus-1.5.2/
[   +1 ms] Found plugin package_info_plus at /Users/saradafumiaki/.pub-cache/hosted/pub.dev/package_info_plus-9.0.1/
[   +1 ms] Found plugin url_launcher at /Users/saradafumiaki/.pub-cache/hosted/pub.dev/url_launcher-6.3.2/
[        ] Found plugin url_launcher_windows at /Users/saradafumiaki/.pub-cache/hosted/pub.dev/url_launcher_windows-3.1.5/
[        ] Found plugin url_launcher_web at /Users/saradafumiaki/.pub-cache/hosted/pub.dev/url_launcher_web-2.4.2/
[        ] Found plugin url_launcher_macos at /Users/saradafumiaki/.pub-cache/hosted/pub.dev/url_launcher_macos-3.2.5/
[        ] Found plugin url_launcher_linux at /Users/saradafumiaki/.pub-cache/hosted/pub.dev/url_launcher_linux-3.2.2/
[        ] Found plugin url_launcher_ios at /Users/saradafumiaki/.pub-cache/hosted/pub.dev/url_launcher_ios-6.4.1/
[        ] Found plugin url_launcher_android at /Users/saradafumiaki/.pub-cache/hosted/pub.dev/url_launcher_android-6.3.29/
[        ] Found plugin syncfusion_flutter_pdfviewer at /Users/saradafumiaki/.pub-cache/hosted/pub.dev/syncfusion_flutter_pdfviewer-28.2.12/
[        ] Found plugin syncfusion_pdfviewer_windows at /Users/saradafumiaki/.pub-cache/hosted/pub.dev/syncfusion_pdfviewer_windows-28.2.12/
[        ] Found plugin syncfusion_pdfviewer_web at /Users/saradafumiaki/.pub-cache/hosted/pub.dev/syncfusion_pdfviewer_web-28.2.12/
[        ] Found plugin syncfusion_pdfviewer_macos at /Users/saradafumiaki/.pub-cache/hosted/pub.dev/syncfusion_pdfviewer_macos-28.2.12/
[   +1 ms] Found plugin device_info_plus at /Users/saradafumiaki/.pub-cache/hosted/pub.dev/device_info_plus-11.5.0/
[        ] Found plugin shared_preferences at /Users/saradafumiaki/.pub-cache/hosted/pub.dev/shared_preferences-2.5.5/
[        ] Found plugin shared_preferences_windows at /Users/saradafumiaki/.pub-cache/hosted/pub.dev/shared_preferences_windows-2.4.1/
[        ] Found plugin path_provider_windows at /Users/saradafumiaki/.pub-cache/hosted/pub.dev/path_provider_windows-2.3.0/
[        ] Found plugin shared_preferences_web at /Users/saradafumiaki/.pub-cache/hosted/pub.dev/shared_preferences_web-2.4.3/
[        ] Found plugin shared_preferences_linux at /Users/saradafumiaki/.pub-cache/hosted/pub.dev/shared_preferences_linux-2.4.1/
[        ] Found plugin path_provider_linux at /Users/saradafumiaki/.pub-cache/hosted/pub.dev/path_provider_linux-2.2.1/
[        ] Found plugin shared_preferences_foundation at /Users/saradafumiaki/.pub-cache/hosted/pub.dev/shared_preferences_foundation-2.5.6/
[        ] Found plugin shared_preferences_android at /Users/saradafumiaki/.pub-cache/hosted/pub.dev/shared_preferences_android-2.4.23/
[        ] Found plugin share_plus at /Users/saradafumiaki/.pub-cache/hosted/pub.dev/share_plus-12.0.2/
[        ] Found plugin path_provider at /Users/saradafumiaki/.pub-cache/hosted/pub.dev/path_provider-2.1.5/
[        ] Found plugin path_provider_foundation at /Users/saradafumiaki/.pub-cache/hosted/pub.dev/path_provider_foundation-2.6.0/
[   +1 ms] Found plugin path_provider_android at /Users/saradafumiaki/.pub-cache/hosted/pub.dev/path_provider_android-2.3.1/
[        ] Found plugin jni_flutter at /Users/saradafumiaki/.pub-cache/hosted/pub.dev/jni_flutter-1.0.1/
[        ] Found plugin jni at /Users/saradafumiaki/.pub-cache/hosted/pub.dev/jni-1.0.0/
[   +1 ms] Found plugin printing at /Users/saradafumiaki/.pub-cache/hosted/pub.dev/printing-5.14.3/
[   +3 ms] Found plugin isar_community_flutter_libs at /Users/saradafumiaki/.pub-cache/hosted/pub.dev/isar_community_flutter_libs-3.3.2/
[        ] Found plugin google_sign_in at /Users/saradafumiaki/.pub-cache/hosted/pub.dev/google_sign_in-6.3.0/
[        ] Found plugin google_sign_in_web at /Users/saradafumiaki/.pub-cache/hosted/pub.dev/google_sign_in_web-0.12.4+4/
[   +1 ms] Found plugin google_sign_in_ios at /Users/saradafumiaki/.pub-cache/hosted/pub.dev/google_sign_in_ios-5.9.0/
[        ] Found plugin google_sign_in_android at /Users/saradafumiaki/.pub-cache/hosted/pub.dev/google_sign_in_android-6.2.1/
[   +1 ms] Found plugin flutter_tts at /Users/saradafumiaki/.pub-cache/hosted/pub.dev/flutter_tts-4.2.5/
[   +2 ms] Found plugin flutter_image_compress at /Users/saradafumiaki/.pub-cache/hosted/pub.dev/flutter_image_compress-2.4.0/
[        ] Found plugin flutter_image_compress_web at /Users/saradafumiaki/.pub-cache/hosted/pub.dev/flutter_image_compress_web-0.1.5/
[   +1 ms] Found plugin flutter_image_compress_ohos at /Users/saradafumiaki/.pub-cache/hosted/pub.dev/flutter_image_compress_ohos-0.0.3/
[        ] Found plugin flutter_image_compress_macos at /Users/saradafumiaki/.pub-cache/hosted/pub.dev/flutter_image_compress_macos-1.0.3/
[        ] Found plugin flutter_image_compress_common at /Users/saradafumiaki/.pub-cache/hosted/pub.dev/flutter_image_compress_common-1.0.6/
[        ] Found plugin firebase_storage at /Users/saradafumiaki/.pub-cache/hosted/pub.dev/firebase_storage-13.3.0/
[        ] Found plugin firebase_storage_web at /Users/saradafumiaki/.pub-cache/hosted/pub.dev/firebase_storage_web-3.11.5/
[   +1 ms] Found plugin firebase_crashlytics at /Users/saradafumiaki/.pub-cache/hosted/pub.dev/firebase_crashlytics-5.2.0/
[        ] Found plugin firebase_auth at /Users/saradafumiaki/.pub-cache/hosted/pub.dev/firebase_auth-6.4.0/
[        ] Found plugin firebase_auth_web at /Users/saradafumiaki/.pub-cache/hosted/pub.dev/firebase_auth_web-6.1.5/
[        ] Found plugin file_picker at /Users/saradafumiaki/.pub-cache/hosted/pub.dev/file_picker-8.3.7/
[        ] Found plugin flutter_plugin_android_lifecycle at /Users/saradafumiaki/.pub-cache/hosted/pub.dev/flutter_plugin_android_lifecycle-2.0.34/
[   +1 ms] Found plugin connectivity_plus at /Users/saradafumiaki/.pub-cache/hosted/pub.dev/connectivity_plus-6.1.5/
[   +1 ms] Found plugin audioplayers at /Users/saradafumiaki/.pub-cache/hosted/pub.dev/audioplayers-6.6.0/
[        ] Found plugin audioplayers_windows at /Users/saradafumiaki/.pub-cache/hosted/pub.dev/audioplayers_windows-4.3.0/
[        ] Found plugin audioplayers_web at /Users/saradafumiaki/.pub-cache/hosted/pub.dev/audioplayers_web-5.2.0/
[        ] Found plugin audioplayers_linux at /Users/saradafumiaki/.pub-cache/hosted/pub.dev/audioplayers_linux-4.2.1/
[        ] Found plugin audioplayers_darwin at /Users/saradafumiaki/.pub-cache/hosted/pub.dev/audioplayers_darwin-6.4.0/
[        ] Found plugin audioplayers_android at /Users/saradafumiaki/.pub-cache/hosted/pub.dev/audioplayers_android-5.2.1/
[   +1 ms] Skipping generating dart_plugin_registrant.dart because it is up-to-date.
[        ] <- recompile file:///var/folders/hh/1g2yms7d3890gm5lz8l0jmj80000gn/T/flutter_tools.X3xqwV/flutter_test_listener.HroRxE/listener.dart d9140609-ca24-4613-985f-8909f165eccd
[        ] file:///var/folders/hh/1g2yms7d3890gm5lz8l0jmj80000gn/T/flutter_tools.X3xqwV/flutter_test_listener.HroRxE/listener.dart
[        ] file:///Users/saradafumiaki/Documents/Apps/kendo_os/.dart_tool/flutter_build/dart_plugin_registrant.dart
[        ] <- d9140609-ca24-4613-985f-8909f165eccd
[ +138 ms] <- accept
[        ] <- reset
[        ] Compiling file:///var/folders/hh/1g2yms7d3890gm5lz8l0jmj80000gn/T/flutter_tools.X3xqwV/flutter_test_listener.HroRxE/listener.dart took 232ms
[        ] test 61: starting test device
[        ] test 61: awaiting connection to test device
[        ] test 61: VM Service uri is not available
[        ] test 61: test harness socket server is running at port:54116
[        ] test 61: Starting flutter_tester process with command=[/Users/saradafumiaki/development/flutter/bin/cache/artifacts/engine/darwin-x64/flutter_tester, --disable-vm-service, --enable-checked-mode, --verify-entry-points, --enable-software-rendering, --skia-deterministic-rendering, --enable-dart-profiling, --non-interactive, --use-test-fonts, --disable-asset-fonts, --packages=/Users/saradafumiaki/Documents/Apps/kendo_os/.dart_tool/package_config.json, --flutter-assets-dir=/Users/saradafumiaki/Documents/Apps/kendo_os/build/unit_test_assets, /var/folders/hh/1g2yms7d3890gm5lz8l0jmj80000gn/T/flutter_tools.X3xqwV/flutter_test_listener.HroRxE/listener.dart.dill], environment={FLUTTER_TEST: true, FONTCONFIG_FILE: /var/folders/hh/1g2yms7d3890gm5lz8l0jmj80000gn/T/flutter_tools.X3xqwV/flutter_test_fonts.hib7TY/fonts.conf, SERVER_PORT: 54116, APP_NAME: kendo_os, UNIT_TEST_ASSETS: /Users/saradafumiaki/Documents/Apps/kendo_os/build/unit_test_assets}
[   +5 ms] test 61: Started flutter_tester process at pid 33588
[ +294 ms] test 58: connected to test device, now awaiting test result
[        ] test 58: Waiting for test harness or tests to finish
00:31 +213 -1: /Users/saradafumiaki/Documents/Apps/kendo_os/test/presentation/operate/providers/match_list_provider_test.dart: MatchListProvider Tests matchStreamProvider should return matches from local repository
[ +228 ms] test 58: Test harness is no longer needed by test process
[        ] test 58: finished
[        ] test 58: cleaning up...
[        ] test 58: ensuring test device is terminated.
[        ] test 58: Terminating flutter_tester process
[        ] test 58: Shutting down DevTools server
[        ] test 58: Test process is no longer needed by test harness
[        ] test 58: Shutting down test harness socket server
[   +4 ms] test 58: flutter_tester process at pid 33583 exited with code=-9
[        ] test 58: deleting temporary directory
[   +3 ms] test 58: finished
[        ] test 62: starting test /Users/saradafumiaki/Documents/Apps/kendo_os/test/presentation/operate/current_user_role_provider_test.dart
[   +7 ms] Stopping scan for flutter_test_config.dart; found project root at /Users/saradafumiaki/Documents/Apps/kendo_os
[        ] Compiling file:///var/folders/hh/1g2yms7d3890gm5lz8l0jmj80000gn/T/flutter_tools.X3xqwV/flutter_test_listener.Lf4yJc/listener.dart
[  +81 ms] test 60: connected to test device, now awaiting test result
[        ] test 60: Waiting for test harness or tests to finish
[   +1 ms] Found plugin integration_test at /Users/saradafumiaki/development/flutter/packages/integration_test/
[  +18 ms] Found plugin firebase_core at /Users/saradafumiaki/.pub-cache/hosted/pub.dev/firebase_core-4.7.0/
[        ] Found plugin firebase_core_web at /Users/saradafumiaki/.pub-cache/hosted/pub.dev/firebase_core_web-3.6.0/
[   +2 ms] Found plugin cloud_firestore at /Users/saradafumiaki/.pub-cache/hosted/pub.dev/cloud_firestore-6.3.0/
[   +1 ms] Found plugin cloud_firestore_web at /Users/saradafumiaki/.pub-cache/hosted/pub.dev/cloud_firestore_web-5.3.0/
[   +3 ms] Found plugin wakelock_plus at /Users/saradafumiaki/.pub-cache/hosted/pub.dev/wakelock_plus-1.5.2/
[   +1 ms] Found plugin package_info_plus at /Users/saradafumiaki/.pub-cache/hosted/pub.dev/package_info_plus-9.0.1/
[   +4 ms] Found plugin url_launcher at /Users/saradafumiaki/.pub-cache/hosted/pub.dev/url_launcher-6.3.2/
[        ] Found plugin url_launcher_windows at /Users/saradafumiaki/.pub-cache/hosted/pub.dev/url_launcher_windows-3.1.5/
[   +1 ms] Found plugin url_launcher_web at /Users/saradafumiaki/.pub-cache/hosted/pub.dev/url_launcher_web-2.4.2/
[        ] Found plugin url_launcher_macos at /Users/saradafumiaki/.pub-cache/hosted/pub.dev/url_launcher_macos-3.2.5/
[        ] Found plugin url_launcher_linux at /Users/saradafumiaki/.pub-cache/hosted/pub.dev/url_launcher_linux-3.2.2/
[   +1 ms] Found plugin url_launcher_ios at /Users/saradafumiaki/.pub-cache/hosted/pub.dev/url_launcher_ios-6.4.1/
[   +1 ms] Found plugin url_launcher_android at /Users/saradafumiaki/.pub-cache/hosted/pub.dev/url_launcher_android-6.3.29/
[   +1 ms] Found plugin syncfusion_flutter_pdfviewer at /Users/saradafumiaki/.pub-cache/hosted/pub.dev/syncfusion_flutter_pdfviewer-28.2.12/
[        ] Found plugin syncfusion_pdfviewer_windows at /Users/saradafumiaki/.pub-cache/hosted/pub.dev/syncfusion_pdfviewer_windows-28.2.12/
[        ] Found plugin syncfusion_pdfviewer_web at /Users/saradafumiaki/.pub-cache/hosted/pub.dev/syncfusion_pdfviewer_web-28.2.12/
[   +1 ms] Found plugin syncfusion_pdfviewer_macos at /Users/saradafumiaki/.pub-cache/hosted/pub.dev/syncfusion_pdfviewer_macos-28.2.12/
[   +3 ms] Found plugin device_info_plus at /Users/saradafumiaki/.pub-cache/hosted/pub.dev/device_info_plus-11.5.0/
[   +2 ms] Found plugin shared_preferences at /Users/saradafumiaki/.pub-cache/hosted/pub.dev/shared_preferences-2.5.5/
[        ] Found plugin shared_preferences_windows at /Users/saradafumiaki/.pub-cache/hosted/pub.dev/shared_preferences_windows-2.4.1/
[   +1 ms] Found plugin path_provider_windows at /Users/saradafumiaki/.pub-cache/hosted/pub.dev/path_provider_windows-2.3.0/
[   +1 ms] Found plugin shared_preferences_web at /Users/saradafumiaki/.pub-cache/hosted/pub.dev/shared_preferences_web-2.4.3/
[   +1 ms] Found plugin shared_preferences_linux at /Users/saradafumiaki/.pub-cache/hosted/pub.dev/shared_preferences_linux-2.4.1/
[        ] Found plugin path_provider_linux at /Users/saradafumiaki/.pub-cache/hosted/pub.dev/path_provider_linux-2.2.1/
[   +1 ms] Found plugin shared_preferences_foundation at /Users/saradafumiaki/.pub-cache/hosted/pub.dev/shared_preferences_foundation-2.5.6/
[        ] Found plugin shared_preferences_android at /Users/saradafumiaki/.pub-cache/hosted/pub.dev/shared_preferences_android-2.4.23/
[        ] Found plugin share_plus at /Users/saradafumiaki/.pub-cache/hosted/pub.dev/share_plus-12.0.2/
[   +2 ms] Found plugin path_provider at /Users/saradafumiaki/.pub-cache/hosted/pub.dev/path_provider-2.1.5/
[   +1 ms] Found plugin path_provider_foundation at /Users/saradafumiaki/.pub-cache/hosted/pub.dev/path_provider_foundation-2.6.0/
[   +4 ms] Found plugin path_provider_android at /Users/saradafumiaki/.pub-cache/hosted/pub.dev/path_provider_android-2.3.1/
[        ] Found plugin jni_flutter at /Users/saradafumiaki/.pub-cache/hosted/pub.dev/jni_flutter-1.0.1/
[        ] Found plugin jni at /Users/saradafumiaki/.pub-cache/hosted/pub.dev/jni-1.0.0/
[   +2 ms] Found plugin printing at /Users/saradafumiaki/.pub-cache/hosted/pub.dev/printing-5.14.3/
[   +8 ms] Found plugin isar_community_flutter_libs at /Users/saradafumiaki/.pub-cache/hosted/pub.dev/isar_community_flutter_libs-3.3.2/
[   +1 ms] Found plugin google_sign_in at /Users/saradafumiaki/.pub-cache/hosted/pub.dev/google_sign_in-6.3.0/
[        ] Found plugin google_sign_in_web at /Users/saradafumiaki/.pub-cache/hosted/pub.dev/google_sign_in_web-0.12.4+4/
[   +1 ms] Found plugin google_sign_in_ios at /Users/saradafumiaki/.pub-cache/hosted/pub.dev/google_sign_in_ios-5.9.0/
[        ] Found plugin google_sign_in_android at /Users/saradafumiaki/.pub-cache/hosted/pub.dev/google_sign_in_android-6.2.1/
[   +3 ms] Found plugin flutter_tts at /Users/saradafumiaki/.pub-cache/hosted/pub.dev/flutter_tts-4.2.5/
[   +4 ms] Found plugin flutter_image_compress at /Users/saradafumiaki/.pub-cache/hosted/pub.dev/flutter_image_compress-2.4.0/
[        ] Found plugin flutter_image_compress_web at /Users/saradafumiaki/.pub-cache/hosted/pub.dev/flutter_image_compress_web-0.1.5/
[   +1 ms] Found plugin flutter_image_compress_ohos at /Users/saradafumiaki/.pub-cache/hosted/pub.dev/flutter_image_compress_ohos-0.0.3/
[   +1 ms] Found plugin flutter_image_compress_macos at /Users/saradafumiaki/.pub-cache/hosted/pub.dev/flutter_image_compress_macos-1.0.3/
[   +1 ms] Found plugin flutter_image_compress_common at /Users/saradafumiaki/.pub-cache/hosted/pub.dev/flutter_image_compress_common-1.0.6/
[        ] Found plugin firebase_storage at /Users/saradafumiaki/.pub-cache/hosted/pub.dev/firebase_storage-13.3.0/
[        ] Found plugin firebase_storage_web at /Users/saradafumiaki/.pub-cache/hosted/pub.dev/firebase_storage_web-3.11.5/
[   +1 ms] Found plugin firebase_crashlytics at /Users/saradafumiaki/.pub-cache/hosted/pub.dev/firebase_crashlytics-5.2.0/
[   +2 ms] Found plugin firebase_auth at /Users/saradafumiaki/.pub-cache/hosted/pub.dev/firebase_auth-6.4.0/
[   +1 ms] Found plugin firebase_auth_web at /Users/saradafumiaki/.pub-cache/hosted/pub.dev/firebase_auth_web-6.1.5/
[   +1 ms] Found plugin file_picker at /Users/saradafumiaki/.pub-cache/hosted/pub.dev/file_picker-8.3.7/
[        ] Found plugin flutter_plugin_android_lifecycle at /Users/saradafumiaki/.pub-cache/hosted/pub.dev/flutter_plugin_android_lifecycle-2.0.34/
[   +1 ms] Found plugin connectivity_plus at /Users/saradafumiaki/.pub-cache/hosted/pub.dev/connectivity_plus-6.1.5/
[   +2 ms] Found plugin audioplayers at /Users/saradafumiaki/.pub-cache/hosted/pub.dev/audioplayers-6.6.0/
[   +1 ms] Found plugin audioplayers_windows at /Users/saradafumiaki/.pub-cache/hosted/pub.dev/audioplayers_windows-4.3.0/
[   +1 ms] Found plugin audioplayers_web at /Users/saradafumiaki/.pub-cache/hosted/pub.dev/audioplayers_web-5.2.0/
[        ] Found plugin audioplayers_linux at /Users/saradafumiaki/.pub-cache/hosted/pub.dev/audioplayers_linux-4.2.1/
[        ] Found plugin audioplayers_darwin at /Users/saradafumiaki/.pub-cache/hosted/pub.dev/audioplayers_darwin-6.4.0/
[        ] Found plugin audioplayers_android at /Users/saradafumiaki/.pub-cache/hosted/pub.dev/audioplayers_android-5.2.1/
[   +2 ms] Skipping generating dart_plugin_registrant.dart because it is up-to-date.
[        ] <- recompile file:///var/folders/hh/1g2yms7d3890gm5lz8l0jmj80000gn/T/flutter_tools.X3xqwV/flutter_test_listener.Lf4yJc/listener.dart f6bfeb2c-8662-48db-972c-c1e240dbc114
[        ] file:///var/folders/hh/1g2yms7d3890gm5lz8l0jmj80000gn/T/flutter_tools.X3xqwV/flutter_test_listener.Lf4yJc/listener.dart
[        ] file:///Users/saradafumiaki/Documents/Apps/kendo_os/.dart_tool/flutter_build/dart_plugin_registrant.dart
[        ] <- f6bfeb2c-8662-48db-972c-c1e240dbc114
00:31 +214 -1: /Users/saradafumiaki/Documents/Apps/kendo_os/test/presentation/operate/providers/match_timer_provider_test.dart: MatchTimerProvider (UI Layer) Governance Tests 1. 無限リセット防止: キャッシュされた秒数は外部の通信ラグで上書きされない
[  +17 ms] test 59: connected to test device, now awaiting test result
[        ] test 59: Waiting for test harness or tests to finish
[  +70 ms] test 61: connected to test device, now awaiting test result
[        ] test 61: Waiting for test harness or tests to finish
00:31 +215 -1: /Users/saradafumiaki/Documents/Apps/kendo_os/test/presentation/operate/providers/match_timer_provider_test.dart: MatchTimerProvider (UI Layer) Governance Tests 2. 計算の正確性: toggleTimer(Pause) 時に現在の残り秒数(キャッシュ)が正しくDBへ保存される
[  +37 ms] <- accept
[        ] <- reset
[        ] Compiling file:///var/folders/hh/1g2yms7d3890gm5lz8l0jmj80000gn/T/flutter_tools.X3xqwV/flutter_test_listener.Lf4yJc/listener.dart took 325ms
[        ] test 62: starting test device
[        ] test 62: awaiting connection to test device
[        ] test 62: VM Service uri is not available
[        ] test 62: test harness socket server is running at port:54121
[        ] test 62: Starting flutter_tester process with command=[/Users/saradafumiaki/development/flutter/bin/cache/artifacts/engine/darwin-x64/flutter_tester, --disable-vm-service, --enable-checked-mode, --verify-entry-points, --enable-software-rendering, --skia-deterministic-rendering, --enable-dart-profiling, --non-interactive, --use-test-fonts, --disable-asset-fonts, --packages=/Users/saradafumiaki/Documents/Apps/kendo_os/.dart_tool/package_config.json, --flutter-assets-dir=/Users/saradafumiaki/Documents/Apps/kendo_os/build/unit_test_assets, /var/folders/hh/1g2yms7d3890gm5lz8l0jmj80000gn/T/flutter_tools.X3xqwV/flutter_test_listener.Lf4yJc/listener.dart.dill], environment={FLUTTER_TEST: true, FONTCONFIG_FILE: /var/folders/hh/1g2yms7d3890gm5lz8l0jmj80000gn/T/flutter_tools.X3xqwV/flutter_test_fonts.hib7TY/fonts.conf, SERVER_PORT: 54121, APP_NAME: kendo_os, UNIT_TEST_ASSETS: /Users/saradafumiaki/Documents/Apps/kendo_os/build/unit_test_assets}
[   +6 ms] test 62: Started flutter_tester process at pid 33597
🕒 [MatchTimer] startLocalTicker requested. matchId=match2, immediate=true
🕒 [MatchTimer] startLocalTicker: Ticker STARTED.
🕒 [MatchTimer] toggleTimer: Toggling timer to isRunning=false
🕒 [MatchTimer] toggleTimer(STOP): currentSeconds=170, match.timerStartedAt=2026-05-26 02:19:17.764887Z
🕒 [MatchModel] updateRemainingSeconds (isTimerStopping=true) => accMs: 10000, new timerStartedAt: null
🕒 [MatchTimer] toggleTimer(STOP): regenerated match.timerStartedAt=null, isRunning=false
00:31 +216 -1: /Users/saradafumiaki/Documents/Apps/kendo_os/test/presentation/operate/providers/match_timer_provider_test.dart: MatchTimerProvider (UI Layer) Governance Tests 3. 手動更新時の凍結防止: 稼働中に時間を修正してもタイマーがフリーズしない
🕒 [MatchTimer] startLocalTicker requested. matchId=match3, immediate=true
🕒 [MatchTimer] startLocalTicker: Ticker STARTED.
🕒 [MatchTimer] startLocalTicker requested. matchId=match3, immediate=true
🕒 [MatchTimer] startLocalTicker: Ticker already active. Ignoring.
00:31 +217 -1: /Users/saradafumiaki/Documents/Apps/kendo_os/test/presentation/operate/providers/timeline_provider_test.dart: MatchGroupTimelineItem Tests order returns the minimum order of matches and comments
00:31 +218 -1: /Users/saradafumiaki/Documents/Apps/kendo_os/test/presentation/operate/providers/timeline_provider_test.dart: MatchGroupTimelineItem Tests order returns the minimum order of matches and comments
00:31 +219 -1: /Users/saradafumiaki/Documents/Apps/kendo_os/test/presentation/operate/providers/timeline_provider_test.dart: MatchGroupTimelineItem Tests order returns the minimum order of matches and comments
00:31 +220 -1: /Users/saradafumiaki/Documents/Apps/kendo_os/test/presentation/operate/providers/timeline_provider_test.dart: MatchGroupTimelineItem Tests order returns the minimum order of matches and comments
[  +33 ms] test 60: Test harness is no longer needed by test process
[        ] test 60: finished
[        ] test 60: cleaning up...
[        ] test 60: ensuring test device is terminated.
[        ] test 60: Terminating flutter_tester process
[        ] test 60: Shutting down DevTools server
[        ] test 60: Test process is no longer needed by test harness
[        ] test 60: Shutting down test harness socket server
[   +4 ms] test 60: flutter_tester process at pid 33587 exited with code=-9
[        ] test 60: deleting temporary directory
[   +4 ms] test 60: finished
[        ] test 63: starting test /Users/saradafumiaki/Documents/Apps/kendo_os/test/presentation/operate/observability_test.dart
[   +5 ms] Stopping scan for flutter_test_config.dart; found project root at /Users/saradafumiaki/Documents/Apps/kendo_os
[   +1 ms] Compiling file:///var/folders/hh/1g2yms7d3890gm5lz8l0jmj80000gn/T/flutter_tools.X3xqwV/flutter_test_listener.poFj8u/listener.dart
00:31 +221 -1: /Users/saradafumiaki/Documents/Apps/kendo_os/test/presentation/operate/providers/timeline_provider_test.dart: MatchGroupTimelineItem Tests order returns 0.0 when both matches and comments are empty
00:31 +222 -1: /Users/saradafumiaki/Documents/Apps/kendo_os/test/presentation/operate/providers/timeline_provider_test.dart: MatchGroupTimelineItem Tests order works correctly when only comments or only matches exist
00:31 +223 -1: /Users/saradafumiaki/Documents/Apps/kendo_os/test/presentation/operate/providers/timeline_provider_test.dart: MatchGroupTimelineItem Tests sortedInnerItems returns a sorted list of matches and comments combined
00:31 +224 -1: /Users/saradafumiaki/Documents/Apps/kendo_os/test/presentation/operate/providers/timeline_provider_test.dart: MatchCommentModel implements TimelineItem Tests returns correct timeline properties
[  +22 ms] test 59: Test harness is no longer needed by test process
[        ] test 59: finished
[        ] test 59: cleaning up...
[        ] test 59: ensuring test device is terminated.
[        ] test 59: Terminating flutter_tester process
[        ] test 59: Shutting down DevTools server
[        ] test 59: Test process is no longer needed by test harness
[        ] test 59: Shutting down test harness socket server
[   +5 ms] test 59: flutter_tester process at pid 33584 exited with code=-9
[        ] test 59: deleting temporary directory
[   +5 ms] test 59: finished
[        ] test 64: starting test /Users/saradafumiaki/Documents/Apps/kendo_os/test/presentation/components/home/match_timeline_ui_test.dart
[   +5 ms] Stopping scan for flutter_test_config.dart; found project root at /Users/saradafumiaki/Documents/Apps/kendo_os
00:31 +225 -1: /Users/saradafumiaki/Documents/Apps/kendo_os/test/presentation/operate/providers/match_view_model_provider_test.dart: 🛡️ MatchViewModelProvider Tests (UI Projection Logic) 1. tournamentMatchesProvider: 特定のtournamentIdの試合のみ抽出し、order順にソートされること
[  +27 ms] Found plugin integration_test at /Users/saradafumiaki/development/flutter/packages/integration_test/
[  +15 ms] Found plugin firebase_core at /Users/saradafumiaki/.pub-cache/hosted/pub.dev/firebase_core-4.7.0/
[        ] Found plugin firebase_core_web at /Users/saradafumiaki/.pub-cache/hosted/pub.dev/firebase_core_web-3.6.0/
[   +2 ms] Found plugin cloud_firestore at /Users/saradafumiaki/.pub-cache/hosted/pub.dev/cloud_firestore-6.3.0/
[        ] Found plugin cloud_firestore_web at /Users/saradafumiaki/.pub-cache/hosted/pub.dev/cloud_firestore_web-5.3.0/
[   +3 ms] Found plugin wakelock_plus at /Users/saradafumiaki/.pub-cache/hosted/pub.dev/wakelock_plus-1.5.2/
[   +2 ms] Found plugin package_info_plus at /Users/saradafumiaki/.pub-cache/hosted/pub.dev/package_info_plus-9.0.1/
[   +3 ms] Found plugin url_launcher at /Users/saradafumiaki/.pub-cache/hosted/pub.dev/url_launcher-6.3.2/
[        ] Found plugin url_launcher_windows at /Users/saradafumiaki/.pub-cache/hosted/pub.dev/url_launcher_windows-3.1.5/
[   +1 ms] Found plugin url_launcher_web at /Users/saradafumiaki/.pub-cache/hosted/pub.dev/url_launcher_web-2.4.2/
[        ] Found plugin url_launcher_macos at /Users/saradafumiaki/.pub-cache/hosted/pub.dev/url_launcher_macos-3.2.5/
[        ] Found plugin url_launcher_linux at /Users/saradafumiaki/.pub-cache/hosted/pub.dev/url_launcher_linux-3.2.2/
[        ] Found plugin url_launcher_ios at /Users/saradafumiaki/.pub-cache/hosted/pub.dev/url_launcher_ios-6.4.1/
[        ] Found plugin url_launcher_android at /Users/saradafumiaki/.pub-cache/hosted/pub.dev/url_launcher_android-6.3.29/
[   +1 ms] Found plugin syncfusion_flutter_pdfviewer at /Users/saradafumiaki/.pub-cache/hosted/pub.dev/syncfusion_flutter_pdfviewer-28.2.12/
[        ] Found plugin syncfusion_pdfviewer_windows at /Users/saradafumiaki/.pub-cache/hosted/pub.dev/syncfusion_pdfviewer_windows-28.2.12/
[        ] Found plugin syncfusion_pdfviewer_web at /Users/saradafumiaki/.pub-cache/hosted/pub.dev/syncfusion_pdfviewer_web-28.2.12/
[   +1 ms] Found plugin syncfusion_pdfviewer_macos at /Users/saradafumiaki/.pub-cache/hosted/pub.dev/syncfusion_pdfviewer_macos-28.2.12/
[   +2 ms] Found plugin device_info_plus at /Users/saradafumiaki/.pub-cache/hosted/pub.dev/device_info_plus-11.5.0/
[   +1 ms] Found plugin shared_preferences at /Users/saradafumiaki/.pub-cache/hosted/pub.dev/shared_preferences-2.5.5/
[        ] Found plugin shared_preferences_windows at /Users/saradafumiaki/.pub-cache/hosted/pub.dev/shared_preferences_windows-2.4.1/
[   +1 ms] Found plugin path_provider_windows at /Users/saradafumiaki/.pub-cache/hosted/pub.dev/path_provider_windows-2.3.0/
[   +1 ms] Found plugin shared_preferences_web at /Users/saradafumiaki/.pub-cache/hosted/pub.dev/shared_preferences_web-2.4.3/
[        ] Found plugin shared_preferences_linux at /Users/saradafumiaki/.pub-cache/hosted/pub.dev/shared_preferences_linux-2.4.1/
[        ] Found plugin path_provider_linux at /Users/saradafumiaki/.pub-cache/hosted/pub.dev/path_provider_linux-2.2.1/
[   +1 ms] Found plugin shared_preferences_foundation at /Users/saradafumiaki/.pub-cache/hosted/pub.dev/shared_preferences_foundation-2.5.6/
[        ] Found plugin shared_preferences_android at /Users/saradafumiaki/.pub-cache/hosted/pub.dev/shared_preferences_android-2.4.23/
[        ] Found plugin share_plus at /Users/saradafumiaki/.pub-cache/hosted/pub.dev/share_plus-12.0.2/
00:32 +226 -1: /Users/saradafumiaki/Documents/Apps/kendo_os/test/presentation/operate/providers/match_view_model_provider_test.dart: 🛡️ MatchViewModelProvider Tests (UI Projection Logic) 2. activeMatchesProvider: in_progressとwaitingが正しく分類・グループ化されること
[   +1 ms] Found plugin path_provider at /Users/saradafumiaki/.pub-cache/hosted/pub.dev/path_provider-2.1.5/
[        ] Found plugin path_provider_foundation at /Users/saradafumiaki/.pub-cache/hosted/pub.dev/path_provider_foundation-2.6.0/
00:32 +227 -1: /Users/saradafumiaki/Documents/Apps/kendo_os/test/presentation/operate/providers/match_view_model_provider_test.dart: 🛡️ MatchViewModelProvider Tests (UI Projection Logic) 3. timelineMatchesByCategoryProvider: 検索クエリで正しくフィルタリングされること
[   +4 ms] Found plugin path_provider_android at /Users/saradafumiaki/.pub-cache/hosted/pub.dev/path_provider_android-2.3.1/
[        ] Found plugin jni_flutter at /Users/saradafumiaki/.pub-cache/hosted/pub.dev/jni_flutter-1.0.1/
[        ] Found plugin jni at /Users/saradafumiaki/.pub-cache/hosted/pub.dev/jni-1.0.0/
[   +2 ms] Found plugin printing at /Users/saradafumiaki/.pub-cache/hosted/pub.dev/printing-5.14.3/
[   +4 ms] Found plugin isar_community_flutter_libs at /Users/saradafumiaki/.pub-cache/hosted/pub.dev/isar_community_flutter_libs-3.3.2/
[        ] Found plugin google_sign_in at /Users/saradafumiaki/.pub-cache/hosted/pub.dev/google_sign_in-6.3.0/
[        ] Found plugin google_sign_in_web at /Users/saradafumiaki/.pub-cache/hosted/pub.dev/google_sign_in_web-0.12.4+4/
[   +1 ms] Found plugin google_sign_in_ios at /Users/saradafumiaki/.pub-cache/hosted/pub.dev/google_sign_in_ios-5.9.0/
[        ] Found plugin google_sign_in_android at /Users/saradafumiaki/.pub-cache/hosted/pub.dev/google_sign_in_android-6.2.1/
[   +1 ms] Found plugin flutter_tts at /Users/saradafumiaki/.pub-cache/hosted/pub.dev/flutter_tts-4.2.5/
[   +3 ms] Found plugin flutter_image_compress at /Users/saradafumiaki/.pub-cache/hosted/pub.dev/flutter_image_compress-2.4.0/
[        ] Found plugin flutter_image_compress_web at /Users/saradafumiaki/.pub-cache/hosted/pub.dev/flutter_image_compress_web-0.1.5/
[   +1 ms] Found plugin flutter_image_compress_ohos at /Users/saradafumiaki/.pub-cache/hosted/pub.dev/flutter_image_compress_ohos-0.0.3/
[        ] Found plugin flutter_image_compress_macos at /Users/saradafumiaki/.pub-cache/hosted/pub.dev/flutter_image_compress_macos-1.0.3/
[        ] Found plugin flutter_image_compress_common at /Users/saradafumiaki/.pub-cache/hosted/pub.dev/flutter_image_compress_common-1.0.6/
[        ] Found plugin firebase_storage at /Users/saradafumiaki/.pub-cache/hosted/pub.dev/firebase_storage-13.3.0/
[        ] Found plugin firebase_storage_web at /Users/saradafumiaki/.pub-cache/hosted/pub.dev/firebase_storage_web-3.11.5/
[   +1 ms] Found plugin firebase_crashlytics at /Users/saradafumiaki/.pub-cache/hosted/pub.dev/firebase_crashlytics-5.2.0/
[   +1 ms] Found plugin firebase_auth at /Users/saradafumiaki/.pub-cache/hosted/pub.dev/firebase_auth-6.4.0/
[        ] Found plugin firebase_auth_web at /Users/saradafumiaki/.pub-cache/hosted/pub.dev/firebase_auth_web-6.1.5/
[   +1 ms] Found plugin file_picker at /Users/saradafumiaki/.pub-cache/hosted/pub.dev/file_picker-8.3.7/
[        ] Found plugin flutter_plugin_android_lifecycle at /Users/saradafumiaki/.pub-cache/hosted/pub.dev/flutter_plugin_android_lifecycle-2.0.34/
00:32 +228 -1: /Users/saradafumiaki/Documents/Apps/kendo_os/test/presentation/operate/providers/match_view_model_provider_test.dart: 🛡️ MatchViewModelProvider Tests (UI Projection Logic) 4. timelineMatchesByCategoryProvider: 重み付けによるカテゴリソートが機能すること
[   +2 ms] Found plugin connectivity_plus at /Users/saradafumiaki/.pub-cache/hosted/pub.dev/connectivity_plus-6.1.5/
[   +2 ms] Found plugin audioplayers at /Users/saradafumiaki/.pub-cache/hosted/pub.dev/audioplayers-6.6.0/
[   +1 ms] Found plugin audioplayers_windows at /Users/saradafumiaki/.pub-cache/hosted/pub.dev/audioplayers_windows-4.3.0/
[   +1 ms] Found plugin audioplayers_web at /Users/saradafumiaki/.pub-cache/hosted/pub.dev/audioplayers_web-5.2.0/
[        ] Found plugin audioplayers_linux at /Users/saradafumiaki/.pub-cache/hosted/pub.dev/audioplayers_linux-4.2.1/
00:32 +229 -1: /Users/saradafumiaki/Documents/Apps/kendo_os/test/presentation/operate/providers/match_view_model_provider_test.dart: 🛡️ MatchViewModelProvider Tests (UI Projection Logic) 5. bunaiksenMatchesProvider: 進行中 -> 待機中 -> 終了済み の優先度でソートされること
[   +1 ms] Found plugin audioplayers_darwin at /Users/saradafumiaki/.pub-cache/hosted/pub.dev/audioplayers_darwin-6.4.0/
[        ] Found plugin audioplayers_android at /Users/saradafumiaki/.pub-cache/hosted/pub.dev/audioplayers_android-5.2.1/
[   +2 ms] Skipping generating dart_plugin_registrant.dart because it is up-to-date.
[        ] <- recompile file:///var/folders/hh/1g2yms7d3890gm5lz8l0jmj80000gn/T/flutter_tools.X3xqwV/flutter_test_listener.poFj8u/listener.dart 771eef48-6249-4ac7-840e-a9f7b282e996
[        ] file:///var/folders/hh/1g2yms7d3890gm5lz8l0jmj80000gn/T/flutter_tools.X3xqwV/flutter_test_listener.poFj8u/listener.dart
[        ] file:///Users/saradafumiaki/Documents/Apps/kendo_os/.dart_tool/flutter_build/dart_plugin_registrant.dart
[        ] <- 771eef48-6249-4ac7-840e-a9f7b282e996
[        ] test 61: Test harness is no longer needed by test process
[        ] test 61: finished
[        ] test 61: cleaning up...
[        ] test 61: ensuring test device is terminated.
[        ] test 61: Terminating flutter_tester process
[        ] test 61: Shutting down DevTools server
[        ] test 61: Test process is no longer needed by test harness
[        ] test 61: Shutting down test harness socket server
[   +6 ms] test 61: flutter_tester process at pid 33588 exited with code=-9
[        ] test 61: deleting temporary directory
[  +55 ms] test 61: finished
[  +63 ms] <- accept
[        ] <- reset
[        ] Compiling file:///var/folders/hh/1g2yms7d3890gm5lz8l0jmj80000gn/T/flutter_tools.X3xqwV/flutter_test_listener.poFj8u/listener.dart took 292ms
[        ] Compiling file:///var/folders/hh/1g2yms7d3890gm5lz8l0jmj80000gn/T/flutter_tools.X3xqwV/flutter_test_listener.qHthqM/listener.dart
[        ] test 63: starting test device
[        ] test 63: awaiting connection to test device
[   +4 ms] test 63: VM Service uri is not available
[        ] test 63: test harness socket server is running at port:54122
[        ] test 63: Starting flutter_tester process with command=[/Users/saradafumiaki/development/flutter/bin/cache/artifacts/engine/darwin-x64/flutter_tester, --disable-vm-service, --enable-checked-mode, --verify-entry-points, --enable-software-rendering, --skia-deterministic-rendering, --enable-dart-profiling, --non-interactive, --use-test-fonts, --disable-asset-fonts, --packages=/Users/saradafumiaki/Documents/Apps/kendo_os/.dart_tool/package_config.json, --flutter-assets-dir=/Users/saradafumiaki/Documents/Apps/kendo_os/build/unit_test_assets, /var/folders/hh/1g2yms7d3890gm5lz8l0jmj80000gn/T/flutter_tools.X3xqwV/flutter_test_listener.poFj8u/listener.dart.dill], environment={FLUTTER_TEST: true, FONTCONFIG_FILE: /var/folders/hh/1g2yms7d3890gm5lz8l0jmj80000gn/T/flutter_tools.X3xqwV/flutter_test_fonts.hib7TY/fonts.conf, SERVER_PORT: 54122, APP_NAME: kendo_os, UNIT_TEST_ASSETS: /Users/saradafumiaki/Documents/Apps/kendo_os/build/unit_test_assets}
[   +5 ms] test 63: Started flutter_tester process at pid 33598
[  +31 ms] Found plugin integration_test at /Users/saradafumiaki/development/flutter/packages/integration_test/
[  +10 ms] Found plugin firebase_core at /Users/saradafumiaki/.pub-cache/hosted/pub.dev/firebase_core-4.7.0/
[        ] Found plugin firebase_core_web at /Users/saradafumiaki/.pub-cache/hosted/pub.dev/firebase_core_web-3.6.0/
[   +1 ms] Found plugin cloud_firestore at /Users/saradafumiaki/.pub-cache/hosted/pub.dev/cloud_firestore-6.3.0/
[        ] Found plugin cloud_firestore_web at /Users/saradafumiaki/.pub-cache/hosted/pub.dev/cloud_firestore_web-5.3.0/
[   +2 ms] Found plugin wakelock_plus at /Users/saradafumiaki/.pub-cache/hosted/pub.dev/wakelock_plus-1.5.2/
[   +3 ms] Found plugin package_info_plus at /Users/saradafumiaki/.pub-cache/hosted/pub.dev/package_info_plus-9.0.1/
[   +3 ms] Found plugin url_launcher at /Users/saradafumiaki/.pub-cache/hosted/pub.dev/url_launcher-6.3.2/
[        ] Found plugin url_launcher_windows at /Users/saradafumiaki/.pub-cache/hosted/pub.dev/url_launcher_windows-3.1.5/
[        ] Found plugin url_launcher_web at /Users/saradafumiaki/.pub-cache/hosted/pub.dev/url_launcher_web-2.4.2/
[        ] Found plugin url_launcher_macos at /Users/saradafumiaki/.pub-cache/hosted/pub.dev/url_launcher_macos-3.2.5/
[        ] Found plugin url_launcher_linux at /Users/saradafumiaki/.pub-cache/hosted/pub.dev/url_launcher_linux-3.2.2/
[        ] Found plugin url_launcher_ios at /Users/saradafumiaki/.pub-cache/hosted/pub.dev/url_launcher_ios-6.4.1/
[        ] Found plugin url_launcher_android at /Users/saradafumiaki/.pub-cache/hosted/pub.dev/url_launcher_android-6.3.29/
[        ] Found plugin syncfusion_flutter_pdfviewer at /Users/saradafumiaki/.pub-cache/hosted/pub.dev/syncfusion_flutter_pdfviewer-28.2.12/
[        ] Found plugin syncfusion_pdfviewer_windows at /Users/saradafumiaki/.pub-cache/hosted/pub.dev/syncfusion_pdfviewer_windows-28.2.12/
[        ] Found plugin syncfusion_pdfviewer_web at /Users/saradafumiaki/.pub-cache/hosted/pub.dev/syncfusion_pdfviewer_web-28.2.12/
[        ] Found plugin syncfusion_pdfviewer_macos at /Users/saradafumiaki/.pub-cache/hosted/pub.dev/syncfusion_pdfviewer_macos-28.2.12/
[   +1 ms] Found plugin device_info_plus at /Users/saradafumiaki/.pub-cache/hosted/pub.dev/device_info_plus-11.5.0/
[   +1 ms] Found plugin shared_preferences at /Users/saradafumiaki/.pub-cache/hosted/pub.dev/shared_preferences-2.5.5/
[        ] Found plugin shared_preferences_windows at /Users/saradafumiaki/.pub-cache/hosted/pub.dev/shared_preferences_windows-2.4.1/
[        ] Found plugin path_provider_windows at /Users/saradafumiaki/.pub-cache/hosted/pub.dev/path_provider_windows-2.3.0/
[        ] Found plugin shared_preferences_web at /Users/saradafumiaki/.pub-cache/hosted/pub.dev/shared_preferences_web-2.4.3/
[        ] Found plugin shared_preferences_linux at /Users/saradafumiaki/.pub-cache/hosted/pub.dev/shared_preferences_linux-2.4.1/
[        ] Found plugin path_provider_linux at /Users/saradafumiaki/.pub-cache/hosted/pub.dev/path_provider_linux-2.2.1/
[        ] Found plugin shared_preferences_foundation at /Users/saradafumiaki/.pub-cache/hosted/pub.dev/shared_preferences_foundation-2.5.6/
[        ] Found plugin shared_preferences_android at /Users/saradafumiaki/.pub-cache/hosted/pub.dev/shared_preferences_android-2.4.23/
[        ] Found plugin share_plus at /Users/saradafumiaki/.pub-cache/hosted/pub.dev/share_plus-12.0.2/
[        ] Found plugin path_provider at /Users/saradafumiaki/.pub-cache/hosted/pub.dev/path_provider-2.1.5/
[        ] Found plugin path_provider_foundation at /Users/saradafumiaki/.pub-cache/hosted/pub.dev/path_provider_foundation-2.6.0/
[   +2 ms] Found plugin path_provider_android at /Users/saradafumiaki/.pub-cache/hosted/pub.dev/path_provider_android-2.3.1/
[        ] Found plugin jni_flutter at /Users/saradafumiaki/.pub-cache/hosted/pub.dev/jni_flutter-1.0.1/
[        ] Found plugin jni at /Users/saradafumiaki/.pub-cache/hosted/pub.dev/jni-1.0.0/
[   +2 ms] Found plugin printing at /Users/saradafumiaki/.pub-cache/hosted/pub.dev/printing-5.14.3/
[   +4 ms] Found plugin isar_community_flutter_libs at /Users/saradafumiaki/.pub-cache/hosted/pub.dev/isar_community_flutter_libs-3.3.2/
[        ] Found plugin google_sign_in at /Users/saradafumiaki/.pub-cache/hosted/pub.dev/google_sign_in-6.3.0/
[        ] Found plugin google_sign_in_web at /Users/saradafumiaki/.pub-cache/hosted/pub.dev/google_sign_in_web-0.12.4+4/
[   +2 ms] Found plugin google_sign_in_ios at /Users/saradafumiaki/.pub-cache/hosted/pub.dev/google_sign_in_ios-5.9.0/
[        ] Found plugin google_sign_in_android at /Users/saradafumiaki/.pub-cache/hosted/pub.dev/google_sign_in_android-6.2.1/
[   +1 ms] Found plugin flutter_tts at /Users/saradafumiaki/.pub-cache/hosted/pub.dev/flutter_tts-4.2.5/
[   +2 ms] Found plugin flutter_image_compress at /Users/saradafumiaki/.pub-cache/hosted/pub.dev/flutter_image_compress-2.4.0/
[        ] Found plugin flutter_image_compress_web at /Users/saradafumiaki/.pub-cache/hosted/pub.dev/flutter_image_compress_web-0.1.5/
[        ] Found plugin flutter_image_compress_ohos at /Users/saradafumiaki/.pub-cache/hosted/pub.dev/flutter_image_compress_ohos-0.0.3/
[   +1 ms] Found plugin flutter_image_compress_macos at /Users/saradafumiaki/.pub-cache/hosted/pub.dev/flutter_image_compress_macos-1.0.3/
[        ] Found plugin flutter_image_compress_common at /Users/saradafumiaki/.pub-cache/hosted/pub.dev/flutter_image_compress_common-1.0.6/
[        ] Found plugin firebase_storage at /Users/saradafumiaki/.pub-cache/hosted/pub.dev/firebase_storage-13.3.0/
[        ] Found plugin firebase_storage_web at /Users/saradafumiaki/.pub-cache/hosted/pub.dev/firebase_storage_web-3.11.5/
[   +1 ms] Found plugin firebase_crashlytics at /Users/saradafumiaki/.pub-cache/hosted/pub.dev/firebase_crashlytics-5.2.0/
[   +1 ms] Found plugin firebase_auth at /Users/saradafumiaki/.pub-cache/hosted/pub.dev/firebase_auth-6.4.0/
[        ] Found plugin firebase_auth_web at /Users/saradafumiaki/.pub-cache/hosted/pub.dev/firebase_auth_web-6.1.5/
[   +1 ms] Found plugin file_picker at /Users/saradafumiaki/.pub-cache/hosted/pub.dev/file_picker-8.3.7/
[        ] Found plugin flutter_plugin_android_lifecycle at /Users/saradafumiaki/.pub-cache/hosted/pub.dev/flutter_plugin_android_lifecycle-2.0.34/
[   +1 ms] Found plugin connectivity_plus at /Users/saradafumiaki/.pub-cache/hosted/pub.dev/connectivity_plus-6.1.5/
[   +1 ms] Found plugin audioplayers at /Users/saradafumiaki/.pub-cache/hosted/pub.dev/audioplayers-6.6.0/
[        ] Found plugin audioplayers_windows at /Users/saradafumiaki/.pub-cache/hosted/pub.dev/audioplayers_windows-4.3.0/
[        ] Found plugin audioplayers_web at /Users/saradafumiaki/.pub-cache/hosted/pub.dev/audioplayers_web-5.2.0/
[        ] Found plugin audioplayers_linux at /Users/saradafumiaki/.pub-cache/hosted/pub.dev/audioplayers_linux-4.2.1/
[        ] Found plugin audioplayers_darwin at /Users/saradafumiaki/.pub-cache/hosted/pub.dev/audioplayers_darwin-6.4.0/
[        ] Found plugin audioplayers_android at /Users/saradafumiaki/.pub-cache/hosted/pub.dev/audioplayers_android-5.2.1/
[   +2 ms] Skipping generating dart_plugin_registrant.dart because it is up-to-date.
[        ] <- recompile file:///var/folders/hh/1g2yms7d3890gm5lz8l0jmj80000gn/T/flutter_tools.X3xqwV/flutter_test_listener.qHthqM/listener.dart 407bde86-a445-4766-b08b-2f331e832a94
[        ] file:///var/folders/hh/1g2yms7d3890gm5lz8l0jmj80000gn/T/flutter_tools.X3xqwV/flutter_test_listener.qHthqM/listener.dart
[        ] file:///Users/saradafumiaki/Documents/Apps/kendo_os/.dart_tool/flutter_build/dart_plugin_registrant.dart
[        ] <- 407bde86-a445-4766-b08b-2f331e832a94
[ +181 ms] <- accept
[        ] <- reset
[        ] Compiling file:///var/folders/hh/1g2yms7d3890gm5lz8l0jmj80000gn/T/flutter_tools.X3xqwV/flutter_test_listener.qHthqM/listener.dart took 298ms
[        ] test 64: starting test device
[        ] test 64: awaiting connection to test device
[        ] test 64: VM Service uri is not available
[        ] test 64: test harness socket server is running at port:54125
[        ] test 64: Starting flutter_tester process with command=[/Users/saradafumiaki/development/flutter/bin/cache/artifacts/engine/darwin-x64/flutter_tester, --disable-vm-service, --enable-checked-mode, --verify-entry-points, --enable-software-rendering, --skia-deterministic-rendering, --enable-dart-profiling, --non-interactive, --use-test-fonts, --disable-asset-fonts, --packages=/Users/saradafumiaki/Documents/Apps/kendo_os/.dart_tool/package_config.json, --flutter-assets-dir=/Users/saradafumiaki/Documents/Apps/kendo_os/build/unit_test_assets, /var/folders/hh/1g2yms7d3890gm5lz8l0jmj80000gn/T/flutter_tools.X3xqwV/flutter_test_listener.qHthqM/listener.dart.dill], environment={FLUTTER_TEST: true, FONTCONFIG_FILE: /var/folders/hh/1g2yms7d3890gm5lz8l0jmj80000gn/T/flutter_tools.X3xqwV/flutter_test_fonts.hib7TY/fonts.conf, SERVER_PORT: 54125, APP_NAME: kendo_os, UNIT_TEST_ASSETS: /Users/saradafumiaki/Documents/Apps/kendo_os/build/unit_test_assets}
[   +6 ms] test 64: Started flutter_tester process at pid 33601
[ +683 ms] test 62: connected to test device, now awaiting test result
[        ] test 62: Waiting for test harness or tests to finish
00:33 +230 -1: /Users/saradafumiaki/Documents/Apps/kendo_os/test/presentation/operate/current_user_role_provider_test.dart: 🛡️ currentUserRoleProvider 完全ハイブリッド同期検証テスト 【バグ修正検証】PIN入力等でローカルセッションがAdminに昇格した場合、クラウド側がViewerの初期パケットを流してきてもAdminを死守すること
[ +187 ms] test 63: connected to test device, now awaiting test result
[        ] test 63: Waiting for test harness or tests to finish
00:33 +231 -1: /Users/saradafumiaki/Documents/Apps/kendo_os/test/presentation/operate/current_user_role_provider_test.dart: 🛡️ currentUserRoleProvider 完全ハイブリッド同期検証テスト 【同期検証】手動セッションがない、または一般状態の時のみ、クラウド側の権限パケットに自動追従すること
[ +198 ms] test 62: Test harness is no longer needed by test process
[        ] test 62: finished
[        ] test 62: cleaning up...
[        ] test 62: ensuring test device is terminated.
[        ] test 62: Terminating flutter_tester process
[        ] test 62: Shutting down DevTools server
[        ] test 62: Test process is no longer needed by test harness
[        ] test 62: Shutting down test harness socket server
[  +16 ms] test 62: flutter_tester process at pid 33597 exited with code=-9
[        ] test 62: deleting temporary directory
[   +9 ms] test 62: finished
00:33 +232 -1: /Users/saradafumiaki/Documents/Apps/kendo_os/test/presentation/operate/observability_test.dart: 🔍 Observability (可観測性) Tests 1. メトリクス記録時に traceId が付与されること
[ +126 ms] test 64: connected to test device, now awaiting test result
[        ] test 64: Waiting for test harness or tests to finish
00:34 +233 -1: /Users/saradafumiaki/Documents/Apps/kendo_os/test/presentation/operate/observability_test.dart: 🔍 Observability (可観測性) Tests 2. 画面反映(Projection)が2000msを超えた場合、HighProjectionLagアラートが発行されること
00:34 +234 -1: /Users/saradafumiaki/Documents/Apps/kendo_os/test/presentation/operate/observability_test.dart: 🔍 Observability (可観測性) Tests 3. エラー率が1%を超えた場合、HighErrorRateアラートが発行されること
00:34 +235 -1: /Users/saradafumiaki/Documents/Apps/kendo_os/test/presentation/operate/observability_test.dart: 🔍 Observability (可観測性) Tests 4. ダッシュボード用の状態(State)が正しく更新されること
00:34 +236 -1: /Users/saradafumiaki/Documents/Apps/kendo_os/test/presentation/operate/observability_test.dart: 🔍 Observability (可観測性) Tests 【二次災害防止】UI描画サイクル中にエラーを検知(recordError)しても、状態更新によるクラッシュ(StateError)を引き起こさないこと
[ +385 ms] test 63: Test harness is no longer needed by test process
[        ] test 63: finished
[        ] test 63: cleaning up...
[        ] test 63: ensuring test device is terminated.
[        ] test 63: Terminating flutter_tester process
[        ] test 63: Shutting down DevTools server
[        ] test 63: Test process is no longer needed by test harness
[        ] test 63: Shutting down test harness socket server
[   +5 ms] test 63: flutter_tester process at pid 33598 exited with code=-9
[        ] test 63: deleting temporary directory
[   +7 ms] test 63: finished
00:34 +237 -1: /Users/saradafumiaki/Documents/Apps/kendo_os/test/presentation/components/home/match_timeline_ui_test.dart: 🛡️ [Phase 4-V3] 掲示板式3行UI＆4大不具合完全防止・回帰テスト要塞 1. 【文字切れ防止】 チーム名が1行目（2行目）に独立し、選手名と分離した全3行構造が正しくレンダリングされること
00:35 +238 -1: /Users/saradafumiaki/Documents/Apps/kendo_os/test/presentation/components/home/match_timeline_ui_test.dart: 🛡️ [Phase 4-V3] 掲示板式3行UI＆4大不具合完全防止・回帰テスト要塞 2. 【名前順同期】 白側の選手名とチーム名の並び順が「名前 : チーム名(小さく)」の順序で正しくパース・同期されていること
00:35 +239 -1: /Users/saradafumiaki/Documents/Apps/kendo_os/test/presentation/components/home/match_timeline_ui_test.dart: 🛡️ [Phase 4-V3] 掲示板式3行UI＆4大不具合完全防止・回帰テスト要塞 3. 【スコアなし時空欄化】 一本が1つも決まっていない状態では、中央に余計な「ー」が表示されず完全空欄（SizedBox）になること
00:35 +240 -1: /Users/saradafumiaki/Documents/Apps/kendo_os/test/presentation/components/home/match_timeline_ui_test.dart: 🛡️ [Phase 4-V3] 掲示板式3行UI＆4大不具合完全防止・回帰テスト要塞 4. 【Undoリアクティブ即時反映】 試合中に Undo が実行されてイベントが消去された際、独立WidgetがElementキャッシュをぶち破って0秒で即座にマークを消滅させること
00:35 +241 -1: /Users/saradafumiaki/Documents/Apps/kendo_os/test/presentation/components/home/match_timeline_ui_test.dart: 🛡️ [Phase 4-V3] 掲示板式3行UI＆4大不具合完全防止・回帰テスト要塞 5. 【全自動合計スコア集約】 団体戦グループ内の各ポジションのスコアが、親アコーディオンのヘッダーへ自動的に 3(5) - 1(2) の形式で正確に合算・表示されること
[+1343 ms] test 64: Test harness is no longer needed by test process
[        ] test 64: finished
[        ] test 64: cleaning up...
[        ] test 64: ensuring test device is terminated.
[        ] test 64: Terminating flutter_tester process
[        ] test 64: Shutting down DevTools server
[        ] test 64: Test process is no longer needed by test harness
[        ] test 64: Shutting down test harness socket server
[   +5 ms] test 64: flutter_tester process at pid 33601 exited with code=-9
[        ] test 64: deleting temporary directory
[   +4 ms] test 64: finished
00:35 +242 -1: Some tests failed.
[   +5 ms] Deleting /var/folders/hh/1g2yms7d3890gm5lz8l0jmj80000gn/T/flutter_tools.X3xqwV/flutter_test_compiler.XLw477...
[   +2 ms] killing pid 33414
[  +37 ms] Deleting /var/folders/hh/1g2yms7d3890gm5lz8l0jmj80000gn/T/flutter_tools.X3xqwV/flutter_test_fonts.hib7TY...
[   +1 ms] test package returned with exit code 1
[        ] Runtime for phase TestRunner: Wall-clock: 0:00:38.630489; combined: 0:00:38.630513.
[        ] Runtime for phase Compile: Wall-clock: 0:00:22.564959; combined: 0:00:22.565183.
[        ] Runtime for phase Run: Wall-clock: 0:00:36.258953; combined: 0:01:48.296327.
[        ] Runtime for phase CoverageTotal: Wall-clock: 0:00:00.000000; combined: 0:00:00.000000.
[        ] Runtime for phase CoverageCollect: Wall-clock: 0:00:00.000000; combined: 0:00:00.000000.
[        ] Runtime for phase CoverageParseJson: Wall-clock: 0:00:00.000000; combined: 0:00:00.000000.
[        ] Runtime for phase CoverageAddHitmap: Wall-clock: 0:00:00.000000; combined: 0:00:00.000000.
[        ] Runtime for phase CoverageDataCollect: Wall-clock: 0:00:00.000000; combined: 0:00:00.000000.
[        ] Runtime for phase WatcherFinishedTest: Wall-clock: 0:00:00.004795; combined: 0:00:00.005098.
[        ] "flutter test" took 39,612ms.
[   +4 ms] executing: sw_vers -productName
[  +17 ms] Exit code 0 from: sw_vers -productName
[        ] macOS
[        ] executing: sw_vers -productVersion
[  +12 ms] Exit code 0 from: sw_vers -productVersion
[        ] 26.5
[        ] executing: sw_vers -buildVersion
[  +12 ms] Exit code 0 from: sw_vers -buildVersion
[        ] 25F71
[        ] executing: uname -m
[   +5 ms] Exit code 0 from: uname -m
[        ] arm64
[        ] Running 67 shutdown hooks
[   +1 ms] Shutdown hooks complete
[ +157 ms] exiting with code 1
